[Fri Aug 21 03:55:17.399602 2020] [core:crit] [pid 6888:tid 140619166955264] (13)Permission denied: [client 185.25.35.14:51880] AH00529: /var/www/vhosts/saratogahistory.com/httpdocs/phpBB/.htaccess pcfg_openfile: unable to check htaccess file, ensure it is readable and that '/var/www/vhosts/saratogahistory.com/httpdocs/phpBB/' is executable
[Fri Aug 21 04:54:17.929589 2020] [core:crit] [pid 6888:tid 140619366262528] (13)Permission denied: [client 185.25.35.13:39886] AH00529: /var/www/vhosts/saratogahistory.com/httpdocs/phpBB/.htaccess pcfg_openfile: unable to check htaccess file, ensure it is readable and that '/var/www/vhosts/saratogahistory.com/httpdocs/phpBB/' is executable
[Fri Aug 21 04:57:33.433278 2020] [core:crit] [pid 32352:tid 140619229894400] (13)Permission denied: [client 23.160.208.245:46848] AH00529: /var/www/vhosts/saratogahistory.com/httpdocs/phpBB/.htaccess pcfg_openfile: unable to check htaccess file, ensure it is readable and that '/var/www/vhosts/saratogahistory.com/httpdocs/phpBB/' is executable, referer: http://www.saratogahistory.com/phpBB/index.php
[Fri Aug 21 05:36:23.446602 2020] [core:crit] [pid 6888:tid 140619366262528] (13)Permission denied: [client 185.25.35.12:41780] AH00529: /var/www/vhosts/saratogahistory.com/httpdocs/phpBB/.htaccess pcfg_openfile: unable to check htaccess file, ensure it is readable and that '/var/www/vhosts/saratogahistory.com/httpdocs/phpBB/' is executable
[Fri Aug 21 05:48:40.451840 2020] [core:crit] [pid 32352:tid 140619345282816] (13)Permission denied: [client 83.220.236.58:38744] AH00529: /var/www/vhosts/saratogahistory.com/httpdocs/phpBB/.htaccess pcfg_openfile: unable to check htaccess file, ensure it is readable and that '/var/www/vhosts/saratogahistory.com/httpdocs/phpBB/' is executable
[Fri Aug 21 05:52:46.686654 2020] [core:crit] [pid 32352:tid 140619229894400] (13)Permission denied: [client 178.137.211.109:47426] AH00529: /var/www/vhosts/saratogahistory.com/httpdocs/phpBB/.htaccess pcfg_openfile: unable to check htaccess file, ensure it is readable and that '/var/www/vhosts/saratogahistory.com/httpdocs/phpBB/' is executable, referer: http://www.saratogahistory.com/phpBB/index.php
[Fri Aug 21 05:52:49.967940 2020] [proxy_fcgi:error] [pid 6888:tid 140619261363968] [client 178.137.211.109:47554] AH01071: Got error 'Primary script unknown\n', referer: http://www.saratogahistory.com/index.php
[Fri Aug 21 05:52:50.257513 2020] [proxy_fcgi:error] [pid 6888:tid 140619250874112] [client 178.137.211.109:47566] AH01071: Got error 'Primary script unknown\n', referer: http://www.saratogahistory.com/index.php
[Fri Aug 21 05:52:50.541975 2020] [proxy_fcgi:error] [pid 6888:tid 140619240384256] [client 178.137.211.109:47574] AH01071: Got error 'Primary script unknown\n', referer: http://www.saratogahistory.com/index.php
[Fri Aug 21 05:55:54.212001 2020] [core:crit] [pid 32352:tid 140619366262528] (13)Permission denied: [client 185.25.35.11:53704] AH00529: /var/www/vhosts/saratogahistory.com/httpdocs/phpBB/.htaccess pcfg_openfile: unable to check htaccess file, ensure it is readable and that '/var/www/vhosts/saratogahistory.com/httpdocs/phpBB/' is executable
[Fri Aug 21 06:49:27.793298 2020] [core:crit] [pid 6888:tid 140619145975552] (13)Permission denied: [client 109.70.100.33:49054] AH00529: /var/www/vhosts/saratogahistory.com/httpdocs/phpBB/.htaccess pcfg_openfile: unable to check htaccess file, ensure it is readable and that '/var/www/vhosts/saratogahistory.com/httpdocs/phpBB/' is executable, referer: http://www.saratogahistory.com/phpBB/index.php
[Fri Aug 21 06:55:52.650801 2020] [core:crit] [pid 32352:tid 140619366262528] (13)Permission denied: [client 203.133.169.112:34304] AH00529: /var/www/vhosts/saratogahistory.com/httpdocs/phpBB/.htaccess pcfg_openfile: unable to check htaccess file, ensure it is readable and that '/var/www/vhosts/saratogahistory.com/httpdocs/phpBB/' is executable
[Fri Aug 21 06:55:57.564438 2020] [core:crit] [pid 6888:tid 140619376752384] (13)Permission denied: [client 203.133.169.112:34502] AH00529: /var/www/vhosts/saratogahistory.com/httpdocs/phpBB/.htaccess pcfg_openfile: unable to check htaccess file, ensure it is readable and that '/var/www/vhosts/saratogahistory.com/httpdocs/phpBB/' is executable
[Fri Aug 21 06:56:02.554733 2020] [core:crit] [pid 6888:tid 140619292833536] (13)Permission denied: [client 203.133.169.112:34776] AH00529: /var/www/vhosts/saratogahistory.com/httpdocs/phpBB/.htaccess pcfg_openfile: unable to check htaccess file, ensure it is readable and that '/var/www/vhosts/saratogahistory.com/httpdocs/phpBB/' is executable
[Fri Aug 21 06:56:07.445132 2020] [core:crit] [pid 6888:tid 140619345282816] (13)Permission denied: [client 203.133.169.112:35108] AH00529: /var/www/vhosts/saratogahistory.com/httpdocs/phpBB/.htaccess pcfg_openfile: unable to check htaccess file, ensure it is readable and that '/var/www/vhosts/saratogahistory.com/httpdocs/phpBB/' is executable
[Fri Aug 21 06:56:12.434151 2020] [core:crit] [pid 32352:tid 140619345282816] (13)Permission denied: [client 203.133.169.112:35328] AH00529: /var/www/vhosts/saratogahistory.com/httpdocs/phpBB/.htaccess pcfg_openfile: unable to check htaccess file, ensure it is readable and that '/var/www/vhosts/saratogahistory.com/httpdocs/phpBB/' is executable
[Fri Aug 21 06:56:17.422870 2020] [core:crit] [pid 6888:tid 140619303323392] (13)Permission denied: [client 203.133.169.112:35506] AH00529: /var/www/vhosts/saratogahistory.com/httpdocs/phpBB/.htaccess pcfg_openfile: unable to check htaccess file, ensure it is readable and that '/var/www/vhosts/saratogahistory.com/httpdocs/phpBB/' is executable
[Fri Aug 21 06:56:22.550364 2020] [core:crit] [pid 6888:tid 140619313813248] (13)Permission denied: [client 203.133.169.112:35638] AH00529: /var/www/vhosts/saratogahistory.com/httpdocs/phpBB/.htaccess pcfg_openfile: unable to check htaccess file, ensure it is readable and that '/var/www/vhosts/saratogahistory.com/httpdocs/phpBB/' is executable
[Fri Aug 21 06:56:27.542171 2020] [core:crit] [pid 32352:tid 140619219404544] (13)Permission denied: [client 203.133.169.112:35808] AH00529: /var/www/vhosts/saratogahistory.com/httpdocs/phpBB/.htaccess pcfg_openfile: unable to check htaccess file, ensure it is readable and that '/var/www/vhosts/saratogahistory.com/httpdocs/phpBB/' is executable
[Fri Aug 21 06:56:32.537368 2020] [core:crit] [pid 6888:tid 140619366262528] (13)Permission denied: [client 203.133.169.112:35960] AH00529: /var/www/vhosts/saratogahistory.com/httpdocs/phpBB/.htaccess pcfg_openfile: unable to check htaccess file, ensure it is readable and that '/var/www/vhosts/saratogahistory.com/httpdocs/phpBB/' is executable
[Fri Aug 21 06:56:37.569128 2020] [core:crit] [pid 32352:tid 140619177445120] (13)Permission denied: [client 203.133.169.112:36114] AH00529: /var/www/vhosts/saratogahistory.com/httpdocs/phpBB/.htaccess pcfg_openfile: unable to check htaccess file, ensure it is readable and that '/var/www/vhosts/saratogahistory.com/httpdocs/phpBB/' is executable
[Fri Aug 21 06:56:42.556469 2020] [core:crit] [pid 6888:tid 140619198424832] (13)Permission denied: [client 203.133.169.112:36316] AH00529: /var/www/vhosts/saratogahistory.com/httpdocs/phpBB/.htaccess pcfg_openfile: unable to check htaccess file, ensure it is readable and that '/var/www/vhosts/saratogahistory.com/httpdocs/phpBB/' is executable
[Fri Aug 21 06:56:47.455732 2020] [core:crit] [pid 6888:tid 140619324303104] (13)Permission denied: [client 203.133.169.112:36512] AH00529: /var/www/vhosts/saratogahistory.com/httpdocs/phpBB/.htaccess pcfg_openfile: unable to check htaccess file, ensure it is readable and that '/var/www/vhosts/saratogahistory.com/httpdocs/phpBB/' is executable
[Fri Aug 21 06:56:52.453415 2020] [core:crit] [pid 6888:tid 140619271853824] (13)Permission denied: [client 203.133.169.112:36686] AH00529: /var/www/vhosts/saratogahistory.com/httpdocs/phpBB/.htaccess pcfg_openfile: unable to check htaccess file, ensure it is readable and that '/var/www/vhosts/saratogahistory.com/httpdocs/phpBB/' is executable
[Fri Aug 21 06:56:57.716049 2020] [core:crit] [pid 32352:tid 140619166955264] (13)Permission denied: [client 203.133.169.112:36926] AH00529: /var/www/vhosts/saratogahistory.com/httpdocs/phpBB/.htaccess pcfg_openfile: unable to check htaccess file, ensure it is readable and that '/var/www/vhosts/saratogahistory.com/httpdocs/phpBB/' is executable
[Fri Aug 21 06:57:02.661590 2020] [core:crit] [pid 32325:tid 140619261363968] (13)Permission denied: [client 203.133.169.112:37078] AH00529: /var/www/vhosts/saratogahistory.com/httpdocs/phpBB/.htaccess pcfg_openfile: unable to check htaccess file, ensure it is readable and that '/var/www/vhosts/saratogahistory.com/httpdocs/phpBB/' is executable
[Fri Aug 21 06:57:07.651403 2020] [core:crit] [pid 32352:tid 140619135485696] (13)Permission denied: [client 203.133.169.112:37272] AH00529: /var/www/vhosts/saratogahistory.com/httpdocs/phpBB/.htaccess pcfg_openfile: unable to check htaccess file, ensure it is readable and that '/var/www/vhosts/saratogahistory.com/httpdocs/phpBB/' is executable
[Fri Aug 21 06:57:12.652494 2020] [core:crit] [pid 32325:tid 140619376752384] (13)Permission denied: [client 203.133.169.112:37458] AH00529: /var/www/vhosts/saratogahistory.com/httpdocs/phpBB/.htaccess pcfg_openfile: unable to check htaccess file, ensure it is readable and that '/var/www/vhosts/saratogahistory.com/httpdocs/phpBB/' is executable
[Fri Aug 21 06:57:17.546026 2020] [core:crit] [pid 6888:tid 140619282343680] (13)Permission denied: [client 203.133.169.112:37610] AH00529: /var/www/vhosts/saratogahistory.com/httpdocs/phpBB/.htaccess pcfg_openfile: unable to check htaccess file, ensure it is readable and that '/var/www/vhosts/saratogahistory.com/httpdocs/phpBB/' is executable
[Fri Aug 21 06:57:22.555791 2020] [core:crit] [pid 32352:tid 140619198424832] (13)Permission denied: [client 203.133.169.112:37786] AH00529: /var/www/vhosts/saratogahistory.com/httpdocs/phpBB/.htaccess pcfg_openfile: unable to check htaccess file, ensure it is readable and that '/var/www/vhosts/saratogahistory.com/httpdocs/phpBB/' is executable
[Fri Aug 21 06:57:27.546441 2020] [core:crit] [pid 32352:tid 140619303323392] (13)Permission denied: [client 203.133.169.112:37934] AH00529: /var/www/vhosts/saratogahistory.com/httpdocs/phpBB/.htaccess pcfg_openfile: unable to check htaccess file, ensure it is readable and that '/var/www/vhosts/saratogahistory.com/httpdocs/phpBB/' is executable
[Fri Aug 21 06:57:32.793385 2020] [core:crit] [pid 32352:tid 140619156465408] (13)Permission denied: [client 203.133.169.112:38068] AH00529: /var/www/vhosts/saratogahistory.com/httpdocs/phpBB/.htaccess pcfg_openfile: unable to check htaccess file, ensure it is readable and that '/var/www/vhosts/saratogahistory.com/httpdocs/phpBB/' is executable
[Fri Aug 21 06:57:37.705968 2020] [core:crit] [pid 32352:tid 140619124995840] (13)Permission denied: [client 203.133.169.112:38224] AH00529: /var/www/vhosts/saratogahistory.com/httpdocs/phpBB/.htaccess pcfg_openfile: unable to check htaccess file, ensure it is readable and that '/var/www/vhosts/saratogahistory.com/httpdocs/phpBB/' is executable
[Fri Aug 21 06:57:42.711908 2020] [core:crit] [pid 6888:tid 140619261363968] (13)Permission denied: [client 203.133.169.112:38354] AH00529: /var/www/vhosts/saratogahistory.com/httpdocs/phpBB/.htaccess pcfg_openfile: unable to check htaccess file, ensure it is readable and that '/var/www/vhosts/saratogahistory.com/httpdocs/phpBB/' is executable
[Fri Aug 21 06:57:47.616199 2020] [core:crit] [pid 32352:tid 140619271853824] (13)Permission denied: [client 203.133.169.112:38544] AH00529: /var/www/vhosts/saratogahistory.com/httpdocs/phpBB/.htaccess pcfg_openfile: unable to check htaccess file, ensure it is readable and that '/var/www/vhosts/saratogahistory.com/httpdocs/phpBB/' is executable
[Fri Aug 21 06:57:52.533081 2020] [core:crit] [pid 32352:tid 140619282343680] (13)Permission denied: [client 203.133.169.112:38696] AH00529: /var/www/vhosts/saratogahistory.com/httpdocs/phpBB/.htaccess pcfg_openfile: unable to check htaccess file, ensure it is readable and that '/var/www/vhosts/saratogahistory.com/httpdocs/phpBB/' is executable
[Fri Aug 21 06:57:57.439775 2020] [core:crit] [pid 6888:tid 140619187934976] (13)Permission denied: [client 203.133.169.112:38862] AH00529: /var/www/vhosts/saratogahistory.com/httpdocs/phpBB/.htaccess pcfg_openfile: unable to check htaccess file, ensure it is readable and that '/var/www/vhosts/saratogahistory.com/httpdocs/phpBB/' is executable
[Fri Aug 21 06:58:02.331352 2020] [core:crit] [pid 6888:tid 140619229894400] (13)Permission denied: [client 203.133.169.112:39018] AH00529: /var/www/vhosts/saratogahistory.com/httpdocs/phpBB/.htaccess pcfg_openfile: unable to check htaccess file, ensure it is readable and that '/var/www/vhosts/saratogahistory.com/httpdocs/phpBB/' is executable
[Fri Aug 21 06:58:07.562856 2020] [core:crit] [pid 32325:tid 140619208914688] (13)Permission denied: [client 203.133.169.112:39218] AH00529: /var/www/vhosts/saratogahistory.com/httpdocs/phpBB/.htaccess pcfg_openfile: unable to check htaccess file, ensure it is readable and that '/var/www/vhosts/saratogahistory.com/httpdocs/phpBB/' is executable
[Fri Aug 21 06:58:12.441058 2020] [core:crit] [pid 32352:tid 140619292833536] (13)Permission denied: [client 203.133.169.112:39334] AH00529: /var/www/vhosts/saratogahistory.com/httpdocs/phpBB/.htaccess pcfg_openfile: unable to check htaccess file, ensure it is readable and that '/var/www/vhosts/saratogahistory.com/httpdocs/phpBB/' is executable
[Fri Aug 21 06:58:17.351960 2020] [core:crit] [pid 6888:tid 140619219404544] (13)Permission denied: [client 203.133.169.112:39512] AH00529: /var/www/vhosts/saratogahistory.com/httpdocs/phpBB/.htaccess pcfg_openfile: unable to check htaccess file, ensure it is readable and that '/var/www/vhosts/saratogahistory.com/httpdocs/phpBB/' is executable
[Fri Aug 21 06:58:22.246625 2020] [core:crit] [pid 32352:tid 140619313813248] (13)Permission denied: [client 203.133.169.112:39726] AH00529: /var/www/vhosts/saratogahistory.com/httpdocs/phpBB/.htaccess pcfg_openfile: unable to check htaccess file, ensure it is readable and that '/var/www/vhosts/saratogahistory.com/httpdocs/phpBB/' is executable
[Fri Aug 21 06:58:27.132872 2020] [core:crit] [pid 32352:tid 140619261363968] (13)Permission denied: [client 203.133.169.112:39830] AH00529: /var/www/vhosts/saratogahistory.com/httpdocs/phpBB/.htaccess pcfg_openfile: unable to check htaccess file, ensure it is readable and that '/var/www/vhosts/saratogahistory.com/httpdocs/phpBB/' is executable
[Fri Aug 21 06:58:32.038326 2020] [core:crit] [pid 6888:tid 140619208914688] (13)Permission denied: [client 203.133.169.112:39964] AH00529: /var/www/vhosts/saratogahistory.com/httpdocs/phpBB/.htaccess pcfg_openfile: unable to check htaccess file, ensure it is readable and that '/var/www/vhosts/saratogahistory.com/httpdocs/phpBB/' is executable
[Fri Aug 21 06:58:37.025496 2020] [core:crit] [pid 32352:tid 140619324303104] (13)Permission denied: [client 203.133.169.112:40158] AH00529: /var/www/vhosts/saratogahistory.com/httpdocs/phpBB/.htaccess pcfg_openfile: unable to check htaccess file, ensure it is readable and that '/var/www/vhosts/saratogahistory.com/httpdocs/phpBB/' is executable
[Fri Aug 21 06:58:41.920658 2020] [core:crit] [pid 6888:tid 140619177445120] (13)Permission denied: [client 203.133.169.112:40288] AH00529: /var/www/vhosts/saratogahistory.com/httpdocs/phpBB/.htaccess pcfg_openfile: unable to check htaccess file, ensure it is readable and that '/var/www/vhosts/saratogahistory.com/httpdocs/phpBB/' is executable
[Fri Aug 21 06:58:46.821775 2020] [core:crit] [pid 32322:tid 140619240384256] (13)Permission denied: [client 203.133.169.112:40458] AH00529: /var/www/vhosts/saratogahistory.com/httpdocs/phpBB/.htaccess pcfg_openfile: unable to check htaccess file, ensure it is readable and that '/var/www/vhosts/saratogahistory.com/httpdocs/phpBB/' is executable
[Fri Aug 21 06:58:51.715718 2020] [core:crit] [pid 32352:tid 140619240384256] (13)Permission denied: [client 203.133.169.112:40590] AH00529: /var/www/vhosts/saratogahistory.com/httpdocs/phpBB/.htaccess pcfg_openfile: unable to check htaccess file, ensure it is readable and that '/var/www/vhosts/saratogahistory.com/httpdocs/phpBB/' is executable
[Fri Aug 21 06:58:56.723610 2020] [core:crit] [pid 6888:tid 140619145975552] (13)Permission denied: [client 203.133.169.112:40708] AH00529: /var/www/vhosts/saratogahistory.com/httpdocs/phpBB/.htaccess pcfg_openfile: unable to check htaccess file, ensure it is readable and that '/var/www/vhosts/saratogahistory.com/httpdocs/phpBB/' is executable
[Fri Aug 21 06:59:01.631328 2020] [core:crit] [pid 6888:tid 140619156465408] (13)Permission denied: [client 203.133.169.112:40826] AH00529: /var/www/vhosts/saratogahistory.com/httpdocs/phpBB/.htaccess pcfg_openfile: unable to check htaccess file, ensure it is readable and that '/var/www/vhosts/saratogahistory.com/httpdocs/phpBB/' is executable
[Fri Aug 21 06:59:06.563695 2020] [core:crit] [pid 6888:tid 140619124995840] (13)Permission denied: [client 203.133.169.112:40960] AH00529: /var/www/vhosts/saratogahistory.com/httpdocs/phpBB/.htaccess pcfg_openfile: unable to check htaccess file, ensure it is readable and that '/var/www/vhosts/saratogahistory.com/httpdocs/phpBB/' is executable
[Fri Aug 21 06:59:11.578589 2020] [core:crit] [pid 6888:tid 140619135485696] (13)Permission denied: [client 203.133.169.112:41086] AH00529: /var/www/vhosts/saratogahistory.com/httpdocs/phpBB/.htaccess pcfg_openfile: unable to check htaccess file, ensure it is readable and that '/var/www/vhosts/saratogahistory.com/httpdocs/phpBB/' is executable
[Fri Aug 21 06:59:16.470140 2020] [core:crit] [pid 32352:tid 140619355772672] (13)Permission denied: [client 203.133.169.112:41192] AH00529: /var/www/vhosts/saratogahistory.com/httpdocs/phpBB/.htaccess pcfg_openfile: unable to check htaccess file, ensure it is readable and that '/var/www/vhosts/saratogahistory.com/httpdocs/phpBB/' is executable
[Fri Aug 21 06:59:21.465454 2020] [core:crit] [pid 32352:tid 140619334792960] (13)Permission denied: [client 203.133.169.112:41324] AH00529: /var/www/vhosts/saratogahistory.com/httpdocs/phpBB/.htaccess pcfg_openfile: unable to check htaccess file, ensure it is readable and that '/var/www/vhosts/saratogahistory.com/httpdocs/phpBB/' is executable
[Fri Aug 21 06:59:26.459258 2020] [core:crit] [pid 6888:tid 140619355772672] (13)Permission denied: [client 203.133.169.112:41442] AH00529: /var/www/vhosts/saratogahistory.com/httpdocs/phpBB/.htaccess pcfg_openfile: unable to check htaccess file, ensure it is readable and that '/var/www/vhosts/saratogahistory.com/httpdocs/phpBB/' is executable
[Fri Aug 21 06:59:31.449802 2020] [core:crit] [pid 6888:tid 140619166955264] (13)Permission denied: [client 203.133.169.112:41606] AH00529: /var/www/vhosts/saratogahistory.com/httpdocs/phpBB/.htaccess pcfg_openfile: unable to check htaccess file, ensure it is readable and that '/var/www/vhosts/saratogahistory.com/httpdocs/phpBB/' is executable
[Fri Aug 21 06:59:36.369079 2020] [core:crit] [pid 32352:tid 140619250874112] (13)Permission denied: [client 203.133.169.112:41732] AH00529: /var/www/vhosts/saratogahistory.com/httpdocs/phpBB/.htaccess pcfg_openfile: unable to check htaccess file, ensure it is readable and that '/var/www/vhosts/saratogahistory.com/httpdocs/phpBB/' is executable
[Fri Aug 21 06:59:41.372022 2020] [core:crit] [pid 32352:tid 140619376752384] (13)Permission denied: [client 203.133.169.112:41896] AH00529: /var/www/vhosts/saratogahistory.com/httpdocs/phpBB/.htaccess pcfg_openfile: unable to check htaccess file, ensure it is readable and that '/var/www/vhosts/saratogahistory.com/httpdocs/phpBB/' is executable
[Fri Aug 21 06:59:46.283889 2020] [core:crit] [pid 32352:tid 140619208914688] (13)Permission denied: [client 203.133.169.112:42000] AH00529: /var/www/vhosts/saratogahistory.com/httpdocs/phpBB/.htaccess pcfg_openfile: unable to check htaccess file, ensure it is readable and that '/var/www/vhosts/saratogahistory.com/httpdocs/phpBB/' is executable
[Fri Aug 21 06:59:51.291022 2020] [core:crit] [pid 6888:tid 140619334792960] (13)Permission denied: [client 203.133.169.112:42142] AH00529: /var/www/vhosts/saratogahistory.com/httpdocs/phpBB/.htaccess pcfg_openfile: unable to check htaccess file, ensure it is readable and that '/var/www/vhosts/saratogahistory.com/httpdocs/phpBB/' is executable
[Fri Aug 21 06:59:56.306467 2020] [core:crit] [pid 6888:tid 140619376752384] (13)Permission denied: [client 203.133.169.112:42278] AH00529: /var/www/vhosts/saratogahistory.com/httpdocs/phpBB/.htaccess pcfg_openfile: unable to check htaccess file, ensure it is readable and that '/var/www/vhosts/saratogahistory.com/httpdocs/phpBB/' is executable
[Fri Aug 21 07:00:01.332502 2020] [core:crit] [pid 6888:tid 140619292833536] (13)Permission denied: [client 203.133.169.112:42462] AH00529: /var/www/vhosts/saratogahistory.com/httpdocs/phpBB/.htaccess pcfg_openfile: unable to check htaccess file, ensure it is readable and that '/var/www/vhosts/saratogahistory.com/httpdocs/phpBB/' is executable
[Fri Aug 21 07:59:00.636138 2020] [core:crit] [pid 32325:tid 140619145975552] (13)Permission denied: [client 18.27.197.252:46100] AH00529: /var/www/vhosts/saratogahistory.com/httpdocs/phpBB/.htaccess pcfg_openfile: unable to check htaccess file, ensure it is readable and that '/var/www/vhosts/saratogahistory.com/httpdocs/phpBB/' is executable, referer: http://www.saratogahistory.com/phpBB/index.php
[Fri Aug 21 08:06:44.019639 2020] [core:crit] [pid 6888:tid 140619177445120] (13)Permission denied: [client 94.230.208.147:38358] AH00529: /var/www/vhosts/saratogahistory.com/httpdocs/phpBB/.htaccess pcfg_openfile: unable to check htaccess file, ensure it is readable and that '/var/www/vhosts/saratogahistory.com/httpdocs/phpBB/' is executable, referer: http://www.saratogahistory.com/phpBB/index.php
[Fri Aug 21 08:11:30.003125 2020] [core:crit] [pid 6888:tid 140619334792960] (13)Permission denied: [client 185.220.102.6:51638] AH00529: /var/www/vhosts/saratogahistory.com/httpdocs/phpBB/.htaccess pcfg_openfile: unable to check htaccess file, ensure it is readable and that '/var/www/vhosts/saratogahistory.com/httpdocs/phpBB/' is executable, referer: http://www.saratogahistory.com/phpBB/index.php
[Fri Aug 21 09:33:43.184269 2020] [core:crit] [pid 6888:tid 140619187934976] (13)Permission denied: [client 46.246.65.141:60190] AH00529: /var/www/vhosts/saratogahistory.com/httpdocs/phpBB/.htaccess pcfg_openfile: unable to check htaccess file, ensure it is readable and that '/var/www/vhosts/saratogahistory.com/httpdocs/phpBB/' is executable, referer: http://www.saratogahistory.com/phpBB/index.php
[Fri Aug 21 09:48:19.356112 2020] [core:crit] [pid 6888:tid 140619250874112] (13)Permission denied: [client 185.25.35.10:34512] AH00529: /var/www/vhosts/saratogahistory.com/httpdocs/phpBB/.htaccess pcfg_openfile: unable to check htaccess file, ensure it is readable and that '/var/www/vhosts/saratogahistory.com/httpdocs/phpBB/' is executable
[Fri Aug 21 10:52:11.900799 2020] [core:crit] [pid 32352:tid 140619208914688] (13)Permission denied: [client 203.133.169.112:38902] AH00529: /var/www/vhosts/saratogahistory.com/httpdocs/phpBB/.htaccess pcfg_openfile: unable to check htaccess file, ensure it is readable and that '/var/www/vhosts/saratogahistory.com/httpdocs/phpBB/' is executable
[Fri Aug 21 10:52:16.924729 2020] [core:crit] [pid 32352:tid 140619229894400] (13)Permission denied: [client 203.133.169.112:39094] AH00529: /var/www/vhosts/saratogahistory.com/httpdocs/phpBB/.htaccess pcfg_openfile: unable to check htaccess file, ensure it is readable and that '/var/www/vhosts/saratogahistory.com/httpdocs/phpBB/' is executable
[Fri Aug 21 10:52:21.822528 2020] [core:crit] [pid 32325:tid 140619355772672] (13)Permission denied: [client 203.133.169.112:39226] AH00529: /var/www/vhosts/saratogahistory.com/httpdocs/phpBB/.htaccess pcfg_openfile: unable to check htaccess file, ensure it is readable and that '/var/www/vhosts/saratogahistory.com/httpdocs/phpBB/' is executable
[Fri Aug 21 10:52:26.767542 2020] [core:crit] [pid 6888:tid 140619355772672] (13)Permission denied: [client 203.133.169.112:39336] AH00529: /var/www/vhosts/saratogahistory.com/httpdocs/phpBB/.htaccess pcfg_openfile: unable to check htaccess file, ensure it is readable and that '/var/www/vhosts/saratogahistory.com/httpdocs/phpBB/' is executable
[Fri Aug 21 10:52:31.664463 2020] [core:crit] [pid 32322:tid 140619376752384] (13)Permission denied: [client 203.133.169.112:39460] AH00529: /var/www/vhosts/saratogahistory.com/httpdocs/phpBB/.htaccess pcfg_openfile: unable to check htaccess file, ensure it is readable and that '/var/www/vhosts/saratogahistory.com/httpdocs/phpBB/' is executable
[Fri Aug 21 10:52:36.669311 2020] [core:crit] [pid 6888:tid 140619376752384] (13)Permission denied: [client 203.133.169.112:39612] AH00529: /var/www/vhosts/saratogahistory.com/httpdocs/phpBB/.htaccess pcfg_openfile: unable to check htaccess file, ensure it is readable and that '/var/www/vhosts/saratogahistory.com/httpdocs/phpBB/' is executable
[Fri Aug 21 10:52:41.873193 2020] [core:crit] [pid 6888:tid 140619334792960] (13)Permission denied: [client 203.133.169.112:39720] AH00529: /var/www/vhosts/saratogahistory.com/httpdocs/phpBB/.htaccess pcfg_openfile: unable to check htaccess file, ensure it is readable and that '/var/www/vhosts/saratogahistory.com/httpdocs/phpBB/' is executable
[Fri Aug 21 10:52:46.869839 2020] [core:crit] [pid 32352:tid 140619345282816] (13)Permission denied: [client 203.133.169.112:39902] AH00529: /var/www/vhosts/saratogahistory.com/httpdocs/phpBB/.htaccess pcfg_openfile: unable to check htaccess file, ensure it is readable and that '/var/www/vhosts/saratogahistory.com/httpdocs/phpBB/' is executable
[Fri Aug 21 10:52:51.800438 2020] [core:crit] [pid 32325:tid 140619219404544] (13)Permission denied: [client 203.133.169.112:40058] AH00529: /var/www/vhosts/saratogahistory.com/httpdocs/phpBB/.htaccess pcfg_openfile: unable to check htaccess file, ensure it is readable and that '/var/www/vhosts/saratogahistory.com/httpdocs/phpBB/' is executable
[Fri Aug 21 10:52:56.796076 2020] [core:crit] [pid 32352:tid 140619145975552] (13)Permission denied: [client 203.133.169.112:40186] AH00529: /var/www/vhosts/saratogahistory.com/httpdocs/phpBB/.htaccess pcfg_openfile: unable to check htaccess file, ensure it is readable and that '/var/www/vhosts/saratogahistory.com/httpdocs/phpBB/' is executable
[Fri Aug 21 10:53:01.794607 2020] [core:crit] [pid 32352:tid 140619219404544] (13)Permission denied: [client 203.133.169.112:40352] AH00529: /var/www/vhosts/saratogahistory.com/httpdocs/phpBB/.htaccess pcfg_openfile: unable to check htaccess file, ensure it is readable and that '/var/www/vhosts/saratogahistory.com/httpdocs/phpBB/' is executable
[Fri Aug 21 10:53:06.791732 2020] [core:crit] [pid 32352:tid 140619177445120] (13)Permission denied: [client 203.133.169.112:40554] AH00529: /var/www/vhosts/saratogahistory.com/httpdocs/phpBB/.htaccess pcfg_openfile: unable to check htaccess file, ensure it is readable and that '/var/www/vhosts/saratogahistory.com/httpdocs/phpBB/' is executable
[Fri Aug 21 10:53:11.687049 2020] [core:crit] [pid 32352:tid 140619166955264] (13)Permission denied: [client 203.133.169.112:40760] AH00529: /var/www/vhosts/saratogahistory.com/httpdocs/phpBB/.htaccess pcfg_openfile: unable to check htaccess file, ensure it is readable and that '/var/www/vhosts/saratogahistory.com/httpdocs/phpBB/' is executable
[Fri Aug 21 10:53:16.832416 2020] [core:crit] [pid 6888:tid 140619271853824] (13)Permission denied: [client 203.133.169.112:40890] AH00529: /var/www/vhosts/saratogahistory.com/httpdocs/phpBB/.htaccess pcfg_openfile: unable to check htaccess file, ensure it is readable and that '/var/www/vhosts/saratogahistory.com/httpdocs/phpBB/' is executable
[Fri Aug 21 10:53:21.821875 2020] [core:crit] [pid 6888:tid 140619261363968] (13)Permission denied: [client 203.133.169.112:41030] AH00529: /var/www/vhosts/saratogahistory.com/httpdocs/phpBB/.htaccess pcfg_openfile: unable to check htaccess file, ensure it is readable and that '/var/www/vhosts/saratogahistory.com/httpdocs/phpBB/' is executable
[Fri Aug 21 10:53:26.830641 2020] [core:crit] [pid 6888:tid 140619240384256] (13)Permission denied: [client 203.133.169.112:41170] AH00529: /var/www/vhosts/saratogahistory.com/httpdocs/phpBB/.htaccess pcfg_openfile: unable to check htaccess file, ensure it is readable and that '/var/www/vhosts/saratogahistory.com/httpdocs/phpBB/' is executable
[Fri Aug 21 10:53:31.839127 2020] [core:crit] [pid 6888:tid 140619250874112] (13)Permission denied: [client 203.133.169.112:41310] AH00529: /var/www/vhosts/saratogahistory.com/httpdocs/phpBB/.htaccess pcfg_openfile: unable to check htaccess file, ensure it is readable and that '/var/www/vhosts/saratogahistory.com/httpdocs/phpBB/' is executable
[Fri Aug 21 10:53:36.833098 2020] [core:crit] [pid 6888:tid 140619187934976] (13)Permission denied: [client 203.133.169.112:41492] AH00529: /var/www/vhosts/saratogahistory.com/httpdocs/phpBB/.htaccess pcfg_openfile: unable to check htaccess file, ensure it is readable and that '/var/www/vhosts/saratogahistory.com/httpdocs/phpBB/' is executable
[Fri Aug 21 10:53:41.830840 2020] [core:crit] [pid 6888:tid 140619229894400] (13)Permission denied: [client 203.133.169.112:41632] AH00529: /var/www/vhosts/saratogahistory.com/httpdocs/phpBB/.htaccess pcfg_openfile: unable to check htaccess file, ensure it is readable and that '/var/www/vhosts/saratogahistory.com/httpdocs/phpBB/' is executable
[Fri Aug 21 10:53:44.174602 2020] [core:crit] [pid 32352:tid 140619198424832] (13)Permission denied: [client 185.25.35.13:41686] AH00529: /var/www/vhosts/saratogahistory.com/httpdocs/phpBB/.htaccess pcfg_openfile: unable to check htaccess file, ensure it is readable and that '/var/www/vhosts/saratogahistory.com/httpdocs/phpBB/' is executable
[Fri Aug 21 10:53:46.715258 2020] [core:crit] [pid 32352:tid 140619303323392] (13)Permission denied: [client 203.133.169.112:41760] AH00529: /var/www/vhosts/saratogahistory.com/httpdocs/phpBB/.htaccess pcfg_openfile: unable to check htaccess file, ensure it is readable and that '/var/www/vhosts/saratogahistory.com/httpdocs/phpBB/' is executable
[Fri Aug 21 10:53:51.615340 2020] [core:crit] [pid 32352:tid 140619156465408] (13)Permission denied: [client 203.133.169.112:41882] AH00529: /var/www/vhosts/saratogahistory.com/httpdocs/phpBB/.htaccess pcfg_openfile: unable to check htaccess file, ensure it is readable and that '/var/www/vhosts/saratogahistory.com/httpdocs/phpBB/' is executable
[Fri Aug 21 10:53:56.662036 2020] [core:crit] [pid 6888:tid 140619219404544] (13)Permission denied: [client 203.133.169.112:42090] AH00529: /var/www/vhosts/saratogahistory.com/httpdocs/phpBB/.htaccess pcfg_openfile: unable to check htaccess file, ensure it is readable and that '/var/www/vhosts/saratogahistory.com/httpdocs/phpBB/' is executable
[Fri Aug 21 10:54:01.555555 2020] [core:crit] [pid 6888:tid 140619208914688] (13)Permission denied: [client 203.133.169.112:42252] AH00529: /var/www/vhosts/saratogahistory.com/httpdocs/phpBB/.htaccess pcfg_openfile: unable to check htaccess file, ensure it is readable and that '/var/www/vhosts/saratogahistory.com/httpdocs/phpBB/' is executable
[Fri Aug 21 10:54:06.569816 2020] [core:crit] [pid 32352:tid 140619271853824] (13)Permission denied: [client 203.133.169.112:42424] AH00529: /var/www/vhosts/saratogahistory.com/httpdocs/phpBB/.htaccess pcfg_openfile: unable to check htaccess file, ensure it is readable and that '/var/www/vhosts/saratogahistory.com/httpdocs/phpBB/' is executable
[Fri Aug 21 10:54:11.600983 2020] [core:crit] [pid 32352:tid 140619282343680] (13)Permission denied: [client 203.133.169.112:42634] AH00529: /var/www/vhosts/saratogahistory.com/httpdocs/phpBB/.htaccess pcfg_openfile: unable to check htaccess file, ensure it is readable and that '/var/www/vhosts/saratogahistory.com/httpdocs/phpBB/' is executable
[Fri Aug 21 10:54:16.496801 2020] [core:crit] [pid 32352:tid 140619292833536] (13)Permission denied: [client 203.133.169.112:42824] AH00529: /var/www/vhosts/saratogahistory.com/httpdocs/phpBB/.htaccess pcfg_openfile: unable to check htaccess file, ensure it is readable and that '/var/www/vhosts/saratogahistory.com/httpdocs/phpBB/' is executable
[Fri Aug 21 10:54:21.486643 2020] [core:crit] [pid 6888:tid 140619177445120] (13)Permission denied: [client 203.133.169.112:43040] AH00529: /var/www/vhosts/saratogahistory.com/httpdocs/phpBB/.htaccess pcfg_openfile: unable to check htaccess file, ensure it is readable and that '/var/www/vhosts/saratogahistory.com/httpdocs/phpBB/' is executable
[Fri Aug 21 10:54:26.695649 2020] [core:crit] [pid 32352:tid 140619313813248] (13)Permission denied: [client 203.133.169.112:43224] AH00529: /var/www/vhosts/saratogahistory.com/httpdocs/phpBB/.htaccess pcfg_openfile: unable to check htaccess file, ensure it is readable and that '/var/www/vhosts/saratogahistory.com/httpdocs/phpBB/' is executable
[Fri Aug 21 10:54:31.598970 2020] [core:crit] [pid 6888:tid 140619145975552] (13)Permission denied: [client 203.133.169.112:43418] AH00529: /var/www/vhosts/saratogahistory.com/httpdocs/phpBB/.htaccess pcfg_openfile: unable to check htaccess file, ensure it is readable and that '/var/www/vhosts/saratogahistory.com/httpdocs/phpBB/' is executable
[Fri Aug 21 10:54:36.763951 2020] [core:crit] [pid 6888:tid 140619156465408] (13)Permission denied: [client 203.133.169.112:43566] AH00529: /var/www/vhosts/saratogahistory.com/httpdocs/phpBB/.htaccess pcfg_openfile: unable to check htaccess file, ensure it is readable and that '/var/www/vhosts/saratogahistory.com/httpdocs/phpBB/' is executable
[Fri Aug 21 10:54:41.775088 2020] [core:crit] [pid 6888:tid 140619124995840] (13)Permission denied: [client 203.133.169.112:43728] AH00529: /var/www/vhosts/saratogahistory.com/httpdocs/phpBB/.htaccess pcfg_openfile: unable to check htaccess file, ensure it is readable and that '/var/www/vhosts/saratogahistory.com/httpdocs/phpBB/' is executable
[Fri Aug 21 10:54:46.782229 2020] [core:crit] [pid 6888:tid 140619355772672] (13)Permission denied: [client 203.133.169.112:43918] AH00529: /var/www/vhosts/saratogahistory.com/httpdocs/phpBB/.htaccess pcfg_openfile: unable to check htaccess file, ensure it is readable and that '/var/www/vhosts/saratogahistory.com/httpdocs/phpBB/' is executable
[Fri Aug 21 10:54:51.716039 2020] [core:crit] [pid 6888:tid 140619166955264] (13)Permission denied: [client 203.133.169.112:44018] AH00529: /var/www/vhosts/saratogahistory.com/httpdocs/phpBB/.htaccess pcfg_openfile: unable to check htaccess file, ensure it is readable and that '/var/www/vhosts/saratogahistory.com/httpdocs/phpBB/' is executable
[Fri Aug 21 10:54:56.891174 2020] [core:crit] [pid 6888:tid 140619376752384] (13)Permission denied: [client 203.133.169.112:44174] AH00529: /var/www/vhosts/saratogahistory.com/httpdocs/phpBB/.htaccess pcfg_openfile: unable to check htaccess file, ensure it is readable and that '/var/www/vhosts/saratogahistory.com/httpdocs/phpBB/' is executable
[Fri Aug 21 10:55:01.888546 2020] [core:crit] [pid 6888:tid 140619334792960] (13)Permission denied: [client 203.133.169.112:44482] AH00529: /var/www/vhosts/saratogahistory.com/httpdocs/phpBB/.htaccess pcfg_openfile: unable to check htaccess file, ensure it is readable and that '/var/www/vhosts/saratogahistory.com/httpdocs/phpBB/' is executable
[Fri Aug 21 10:55:06.885141 2020] [core:crit] [pid 6888:tid 140619292833536] (13)Permission denied: [client 203.133.169.112:44742] AH00529: /var/www/vhosts/saratogahistory.com/httpdocs/phpBB/.htaccess pcfg_openfile: unable to check htaccess file, ensure it is readable and that '/var/www/vhosts/saratogahistory.com/httpdocs/phpBB/' is executable
[Fri Aug 21 10:55:11.812103 2020] [core:crit] [pid 6888:tid 140619345282816] (13)Permission denied: [client 203.133.169.112:44932] AH00529: /var/www/vhosts/saratogahistory.com/httpdocs/phpBB/.htaccess pcfg_openfile: unable to check htaccess file, ensure it is readable and that '/var/www/vhosts/saratogahistory.com/httpdocs/phpBB/' is executable
[Fri Aug 21 10:55:16.812200 2020] [core:crit] [pid 6888:tid 140619303323392] (13)Permission denied: [client 203.133.169.112:45128] AH00529: /var/www/vhosts/saratogahistory.com/httpdocs/phpBB/.htaccess pcfg_openfile: unable to check htaccess file, ensure it is readable and that '/var/www/vhosts/saratogahistory.com/httpdocs/phpBB/' is executable
[Fri Aug 21 10:55:21.822317 2020] [core:crit] [pid 6888:tid 140619313813248] (13)Permission denied: [client 203.133.169.112:45280] AH00529: /var/www/vhosts/saratogahistory.com/httpdocs/phpBB/.htaccess pcfg_openfile: unable to check htaccess file, ensure it is readable and that '/var/www/vhosts/saratogahistory.com/httpdocs/phpBB/' is executable
[Fri Aug 21 10:55:26.842504 2020] [core:crit] [pid 6888:tid 140619366262528] (13)Permission denied: [client 203.133.169.112:45476] AH00529: /var/www/vhosts/saratogahistory.com/httpdocs/phpBB/.htaccess pcfg_openfile: unable to check htaccess file, ensure it is readable and that '/var/www/vhosts/saratogahistory.com/httpdocs/phpBB/' is executable
[Fri Aug 21 10:55:31.756025 2020] [core:crit] [pid 32322:tid 140619324303104] (13)Permission denied: [client 203.133.169.112:45642] AH00529: /var/www/vhosts/saratogahistory.com/httpdocs/phpBB/.htaccess pcfg_openfile: unable to check htaccess file, ensure it is readable and that '/var/www/vhosts/saratogahistory.com/httpdocs/phpBB/' is executable
[Fri Aug 21 10:55:37.251885 2020] [core:crit] [pid 32352:tid 140619261363968] (13)Permission denied: [client 203.133.169.112:45786] AH00529: /var/www/vhosts/saratogahistory.com/httpdocs/phpBB/.htaccess pcfg_openfile: unable to check htaccess file, ensure it is readable and that '/var/www/vhosts/saratogahistory.com/httpdocs/phpBB/' is executable
[Fri Aug 21 10:55:42.256378 2020] [core:crit] [pid 6888:tid 140619198424832] (13)Permission denied: [client 203.133.169.112:45914] AH00529: /var/www/vhosts/saratogahistory.com/httpdocs/phpBB/.htaccess pcfg_openfile: unable to check htaccess file, ensure it is readable and that '/var/www/vhosts/saratogahistory.com/httpdocs/phpBB/' is executable
[Fri Aug 21 10:55:47.149837 2020] [core:crit] [pid 32352:tid 140619324303104] (13)Permission denied: [client 203.133.169.112:46100] AH00529: /var/www/vhosts/saratogahistory.com/httpdocs/phpBB/.htaccess pcfg_openfile: unable to check htaccess file, ensure it is readable and that '/var/www/vhosts/saratogahistory.com/httpdocs/phpBB/' is executable
[Fri Aug 21 10:55:52.208927 2020] [core:crit] [pid 32352:tid 140619240384256] (13)Permission denied: [client 203.133.169.112:46210] AH00529: /var/www/vhosts/saratogahistory.com/httpdocs/phpBB/.htaccess pcfg_openfile: unable to check htaccess file, ensure it is readable and that '/var/www/vhosts/saratogahistory.com/httpdocs/phpBB/' is executable
[Fri Aug 21 10:55:57.116468 2020] [core:crit] [pid 6888:tid 140619271853824] (13)Permission denied: [client 203.133.169.112:46332] AH00529: /var/www/vhosts/saratogahistory.com/httpdocs/phpBB/.htaccess pcfg_openfile: unable to check htaccess file, ensure it is readable and that '/var/www/vhosts/saratogahistory.com/httpdocs/phpBB/' is executable
[Fri Aug 21 10:56:02.005613 2020] [core:crit] [pid 32352:tid 140619355772672] (13)Permission denied: [client 203.133.169.112:46452] AH00529: /var/www/vhosts/saratogahistory.com/httpdocs/phpBB/.htaccess pcfg_openfile: unable to check htaccess file, ensure it is readable and that '/var/www/vhosts/saratogahistory.com/httpdocs/phpBB/' is executable
[Fri Aug 21 10:56:06.998847 2020] [core:crit] [pid 6888:tid 140619282343680] (13)Permission denied: [client 203.133.169.112:46650] AH00529: /var/www/vhosts/saratogahistory.com/httpdocs/phpBB/.htaccess pcfg_openfile: unable to check htaccess file, ensure it is readable and that '/var/www/vhosts/saratogahistory.com/httpdocs/phpBB/' is executable
[Fri Aug 21 10:56:11.901337 2020] [core:crit] [pid 6888:tid 140619261363968] (13)Permission denied: [client 203.133.169.112:46850] AH00529: /var/www/vhosts/saratogahistory.com/httpdocs/phpBB/.htaccess pcfg_openfile: unable to check htaccess file, ensure it is readable and that '/var/www/vhosts/saratogahistory.com/httpdocs/phpBB/' is executable
[Fri Aug 21 10:56:16.791291 2020] [core:crit] [pid 32352:tid 140619334792960] (13)Permission denied: [client 203.133.169.112:46994] AH00529: /var/www/vhosts/saratogahistory.com/httpdocs/phpBB/.htaccess pcfg_openfile: unable to check htaccess file, ensure it is readable and that '/var/www/vhosts/saratogahistory.com/httpdocs/phpBB/' is executable
[Fri Aug 21 10:56:21.694425 2020] [core:crit] [pid 6888:tid 140619240384256] (13)Permission denied: [client 203.133.169.112:47208] AH00529: /var/www/vhosts/saratogahistory.com/httpdocs/phpBB/.htaccess pcfg_openfile: unable to check htaccess file, ensure it is readable and that '/var/www/vhosts/saratogahistory.com/httpdocs/phpBB/' is executable
[Fri Aug 21 10:56:26.711229 2020] [core:crit] [pid 32352:tid 140619250874112] (13)Permission denied: [client 203.133.169.112:47464] AH00529: /var/www/vhosts/saratogahistory.com/httpdocs/phpBB/.htaccess pcfg_openfile: unable to check htaccess file, ensure it is readable and that '/var/www/vhosts/saratogahistory.com/httpdocs/phpBB/' is executable
[Fri Aug 21 10:56:31.715414 2020] [core:crit] [pid 6888:tid 140619250874112] (13)Permission denied: [client 203.133.169.112:47688] AH00529: /var/www/vhosts/saratogahistory.com/httpdocs/phpBB/.htaccess pcfg_openfile: unable to check htaccess file, ensure it is readable and that '/var/www/vhosts/saratogahistory.com/httpdocs/phpBB/' is executable
[Fri Aug 21 10:56:36.618990 2020] [core:crit] [pid 6888:tid 140619187934976] (13)Permission denied: [client 203.133.169.112:47878] AH00529: /var/www/vhosts/saratogahistory.com/httpdocs/phpBB/.htaccess pcfg_openfile: unable to check htaccess file, ensure it is readable and that '/var/www/vhosts/saratogahistory.com/httpdocs/phpBB/' is executable
[Fri Aug 21 10:56:41.615062 2020] [core:crit] [pid 6888:tid 140619229894400] (13)Permission denied: [client 203.133.169.112:48154] AH00529: /var/www/vhosts/saratogahistory.com/httpdocs/phpBB/.htaccess pcfg_openfile: unable to check htaccess file, ensure it is readable and that '/var/www/vhosts/saratogahistory.com/httpdocs/phpBB/' is executable
[Fri Aug 21 10:56:46.619114 2020] [core:crit] [pid 6888:tid 140619219404544] (13)Permission denied: [client 203.133.169.112:48424] AH00529: /var/www/vhosts/saratogahistory.com/httpdocs/phpBB/.htaccess pcfg_openfile: unable to check htaccess file, ensure it is readable and that '/var/www/vhosts/saratogahistory.com/httpdocs/phpBB/' is executable
[Fri Aug 21 10:56:51.561809 2020] [core:crit] [pid 32325:tid 140619177445120] (13)Permission denied: [client 203.133.169.112:48738] AH00529: /var/www/vhosts/saratogahistory.com/httpdocs/phpBB/.htaccess pcfg_openfile: unable to check htaccess file, ensure it is readable and that '/var/www/vhosts/saratogahistory.com/httpdocs/phpBB/' is executable
[Fri Aug 21 10:56:56.568252 2020] [core:crit] [pid 6888:tid 140619208914688] (13)Permission denied: [client 203.133.169.112:48990] AH00529: /var/www/vhosts/saratogahistory.com/httpdocs/phpBB/.htaccess pcfg_openfile: unable to check htaccess file, ensure it is readable and that '/var/www/vhosts/saratogahistory.com/httpdocs/phpBB/' is executable
[Fri Aug 21 10:57:01.467635 2020] [core:crit] [pid 32352:tid 140619376752384] (13)Permission denied: [client 203.133.169.112:49162] AH00529: /var/www/vhosts/saratogahistory.com/httpdocs/phpBB/.htaccess pcfg_openfile: unable to check htaccess file, ensure it is readable and that '/var/www/vhosts/saratogahistory.com/httpdocs/phpBB/' is executable
[Fri Aug 21 10:57:06.399991 2020] [core:crit] [pid 32325:tid 140619156465408] (13)Permission denied: [client 203.133.169.112:49382] AH00529: /var/www/vhosts/saratogahistory.com/httpdocs/phpBB/.htaccess pcfg_openfile: unable to check htaccess file, ensure it is readable and that '/var/www/vhosts/saratogahistory.com/httpdocs/phpBB/' is executable
[Fri Aug 21 10:57:11.410270 2020] [core:crit] [pid 32352:tid 140619208914688] (13)Permission denied: [client 203.133.169.112:49560] AH00529: /var/www/vhosts/saratogahistory.com/httpdocs/phpBB/.htaccess pcfg_openfile: unable to check htaccess file, ensure it is readable and that '/var/www/vhosts/saratogahistory.com/httpdocs/phpBB/' is executable
[Fri Aug 21 10:57:16.311753 2020] [core:crit] [pid 6888:tid 140619177445120] (13)Permission denied: [client 203.133.169.112:49720] AH00529: /var/www/vhosts/saratogahistory.com/httpdocs/phpBB/.htaccess pcfg_openfile: unable to check htaccess file, ensure it is readable and that '/var/www/vhosts/saratogahistory.com/httpdocs/phpBB/' is executable
[Fri Aug 21 10:57:21.313608 2020] [core:crit] [pid 6888:tid 140619145975552] (13)Permission denied: [client 203.133.169.112:49910] AH00529: /var/www/vhosts/saratogahistory.com/httpdocs/phpBB/.htaccess pcfg_openfile: unable to check htaccess file, ensure it is readable and that '/var/www/vhosts/saratogahistory.com/httpdocs/phpBB/' is executable
[Fri Aug 21 10:57:26.323267 2020] [core:crit] [pid 6888:tid 140619156465408] (13)Permission denied: [client 203.133.169.112:50044] AH00529: /var/www/vhosts/saratogahistory.com/httpdocs/phpBB/.htaccess pcfg_openfile: unable to check htaccess file, ensure it is readable and that '/var/www/vhosts/saratogahistory.com/httpdocs/phpBB/' is executable
[Fri Aug 21 10:57:31.334434 2020] [core:crit] [pid 6888:tid 140619124995840] (13)Permission denied: [client 203.133.169.112:50190] AH00529: /var/www/vhosts/saratogahistory.com/httpdocs/phpBB/.htaccess pcfg_openfile: unable to check htaccess file, ensure it is readable and that '/var/www/vhosts/saratogahistory.com/httpdocs/phpBB/' is executable
[Fri Aug 21 10:57:36.228756 2020] [core:crit] [pid 32352:tid 140619229894400] (13)Permission denied: [client 203.133.169.112:50378] AH00529: /var/www/vhosts/saratogahistory.com/httpdocs/phpBB/.htaccess pcfg_openfile: unable to check htaccess file, ensure it is readable and that '/var/www/vhosts/saratogahistory.com/httpdocs/phpBB/' is executable
[Fri Aug 21 10:57:41.253214 2020] [core:crit] [pid 6888:tid 140619135485696] (13)Permission denied: [client 203.133.169.112:50572] AH00529: /var/www/vhosts/saratogahistory.com/httpdocs/phpBB/.htaccess pcfg_openfile: unable to check htaccess file, ensure it is readable and that '/var/www/vhosts/saratogahistory.com/httpdocs/phpBB/' is executable
[Fri Aug 21 10:57:46.332523 2020] [core:crit] [pid 6888:tid 140619355772672] (13)Permission denied: [client 203.133.169.112:50770] AH00529: /var/www/vhosts/saratogahistory.com/httpdocs/phpBB/.htaccess pcfg_openfile: unable to check htaccess file, ensure it is readable and that '/var/www/vhosts/saratogahistory.com/httpdocs/phpBB/' is executable
[Fri Aug 21 10:57:51.223040 2020] [core:crit] [pid 6888:tid 140619166955264] (13)Permission denied: [client 203.133.169.112:50974] AH00529: /var/www/vhosts/saratogahistory.com/httpdocs/phpBB/.htaccess pcfg_openfile: unable to check htaccess file, ensure it is readable and that '/var/www/vhosts/saratogahistory.com/httpdocs/phpBB/' is executable
[Fri Aug 21 10:57:56.218490 2020] [core:crit] [pid 32325:tid 140619166955264] (13)Permission denied: [client 203.133.169.112:51168] AH00529: /var/www/vhosts/saratogahistory.com/httpdocs/phpBB/.htaccess pcfg_openfile: unable to check htaccess file, ensure it is readable and that '/var/www/vhosts/saratogahistory.com/httpdocs/phpBB/' is executable
[Fri Aug 21 10:58:01.848642 2020] [core:crit] [pid 6888:tid 140619376752384] (13)Permission denied: [client 203.133.169.112:51428] AH00529: /var/www/vhosts/saratogahistory.com/httpdocs/phpBB/.htaccess pcfg_openfile: unable to check htaccess file, ensure it is readable and that '/var/www/vhosts/saratogahistory.com/httpdocs/phpBB/' is executable
[Fri Aug 21 10:58:06.728700 2020] [core:crit] [pid 6888:tid 140619334792960] (13)Permission denied: [client 203.133.169.112:51672] AH00529: /var/www/vhosts/saratogahistory.com/httpdocs/phpBB/.htaccess pcfg_openfile: unable to check htaccess file, ensure it is readable and that '/var/www/vhosts/saratogahistory.com/httpdocs/phpBB/' is executable
[Fri Aug 21 10:58:11.737042 2020] [core:crit] [pid 6888:tid 140619292833536] (13)Permission denied: [client 203.133.169.112:51940] AH00529: /var/www/vhosts/saratogahistory.com/httpdocs/phpBB/.htaccess pcfg_openfile: unable to check htaccess file, ensure it is readable and that '/var/www/vhosts/saratogahistory.com/httpdocs/phpBB/' is executable
[Fri Aug 21 10:58:16.729416 2020] [core:crit] [pid 32352:tid 140619187934976] (13)Permission denied: [client 203.133.169.112:52148] AH00529: /var/www/vhosts/saratogahistory.com/httpdocs/phpBB/.htaccess pcfg_openfile: unable to check htaccess file, ensure it is readable and that '/var/www/vhosts/saratogahistory.com/httpdocs/phpBB/' is executable
[Fri Aug 21 10:58:21.728681 2020] [core:crit] [pid 32322:tid 140619334792960] (13)Permission denied: [client 203.133.169.112:52340] AH00529: /var/www/vhosts/saratogahistory.com/httpdocs/phpBB/.htaccess pcfg_openfile: unable to check htaccess file, ensure it is readable and that '/var/www/vhosts/saratogahistory.com/httpdocs/phpBB/' is executable
[Fri Aug 21 10:58:26.730659 2020] [core:crit] [pid 6888:tid 140619345282816] (13)Permission denied: [client 203.133.169.112:52492] AH00529: /var/www/vhosts/saratogahistory.com/httpdocs/phpBB/.htaccess pcfg_openfile: unable to check htaccess file, ensure it is readable and that '/var/www/vhosts/saratogahistory.com/httpdocs/phpBB/' is executable
[Fri Aug 21 10:58:31.670317 2020] [core:crit] [pid 6888:tid 140619303323392] (13)Permission denied: [client 203.133.169.112:52666] AH00529: /var/www/vhosts/saratogahistory.com/httpdocs/phpBB/.htaccess pcfg_openfile: unable to check htaccess file, ensure it is readable and that '/var/www/vhosts/saratogahistory.com/httpdocs/phpBB/' is executable
[Fri Aug 21 10:58:36.670037 2020] [core:crit] [pid 6888:tid 140619313813248] (13)Permission denied: [client 203.133.169.112:52820] AH00529: /var/www/vhosts/saratogahistory.com/httpdocs/phpBB/.htaccess pcfg_openfile: unable to check htaccess file, ensure it is readable and that '/var/www/vhosts/saratogahistory.com/httpdocs/phpBB/' is executable
[Fri Aug 21 10:58:41.670817 2020] [core:crit] [pid 32352:tid 140619366262528] (13)Permission denied: [client 203.133.169.112:52962] AH00529: /var/www/vhosts/saratogahistory.com/httpdocs/phpBB/.htaccess pcfg_openfile: unable to check htaccess file, ensure it is readable and that '/var/www/vhosts/saratogahistory.com/httpdocs/phpBB/' is executable
[Fri Aug 21 10:58:46.672805 2020] [core:crit] [pid 6888:tid 140619366262528] (13)Permission denied: [client 203.133.169.112:53144] AH00529: /var/www/vhosts/saratogahistory.com/httpdocs/phpBB/.htaccess pcfg_openfile: unable to check htaccess file, ensure it is readable and that '/var/www/vhosts/saratogahistory.com/httpdocs/phpBB/' is executable
[Fri Aug 21 10:58:51.860053 2020] [core:crit] [pid 32325:tid 140619145975552] (13)Permission denied: [client 203.133.169.112:53360] AH00529: /var/www/vhosts/saratogahistory.com/httpdocs/phpBB/.htaccess pcfg_openfile: unable to check htaccess file, ensure it is readable and that '/var/www/vhosts/saratogahistory.com/httpdocs/phpBB/' is executable
[Fri Aug 21 10:58:56.867727 2020] [core:crit] [pid 6888:tid 140619198424832] (13)Permission denied: [client 203.133.169.112:53492] AH00529: /var/www/vhosts/saratogahistory.com/httpdocs/phpBB/.htaccess pcfg_openfile: unable to check htaccess file, ensure it is readable and that '/var/www/vhosts/saratogahistory.com/httpdocs/phpBB/' is executable
[Fri Aug 21 10:59:01.757663 2020] [core:crit] [pid 6888:tid 140619324303104] (13)Permission denied: [client 203.133.169.112:53666] AH00529: /var/www/vhosts/saratogahistory.com/httpdocs/phpBB/.htaccess pcfg_openfile: unable to check htaccess file, ensure it is readable and that '/var/www/vhosts/saratogahistory.com/httpdocs/phpBB/' is executable
[Fri Aug 21 10:59:06.764462 2020] [core:crit] [pid 32352:tid 140619345282816] (13)Permission denied: [client 203.133.169.112:53832] AH00529: /var/www/vhosts/saratogahistory.com/httpdocs/phpBB/.htaccess pcfg_openfile: unable to check htaccess file, ensure it is readable and that '/var/www/vhosts/saratogahistory.com/httpdocs/phpBB/' is executable
[Fri Aug 21 11:40:14.298089 2020] [core:crit] [pid 6888:tid 140619324303104] (13)Permission denied: [client 185.25.35.11:37502] AH00529: /var/www/vhosts/saratogahistory.com/httpdocs/phpBB/.htaccess pcfg_openfile: unable to check htaccess file, ensure it is readable and that '/var/www/vhosts/saratogahistory.com/httpdocs/phpBB/' is executable
[Fri Aug 21 11:42:01.538871 2020] [core:crit] [pid 6888:tid 140619271853824] (13)Permission denied: [client 185.220.100.246:41658] AH00529: /var/www/vhosts/saratogahistory.com/httpdocs/phpBB/.htaccess pcfg_openfile: unable to check htaccess file, ensure it is readable and that '/var/www/vhosts/saratogahistory.com/httpdocs/phpBB/' is executable, referer: http://www.saratogahistory.com/phpBB/index.php
[Fri Aug 21 11:46:22.839573 2020] [core:crit] [pid 6888:tid 140619156465408] (13)Permission denied: [client 185.220.101.195:52644] AH00529: /var/www/vhosts/saratogahistory.com/httpdocs/phpBB/.htaccess pcfg_openfile: unable to check htaccess file, ensure it is readable and that '/var/www/vhosts/saratogahistory.com/httpdocs/phpBB/' is executable, referer: http://www.saratogahistory.com/phpBB/index.php
[Fri Aug 21 11:59:14.495625 2020] [core:crit] [pid 6888:tid 140619208914688] (13)Permission denied: [client 185.25.35.12:54400] AH00529: /var/www/vhosts/saratogahistory.com/httpdocs/phpBB/.htaccess pcfg_openfile: unable to check htaccess file, ensure it is readable and that '/var/www/vhosts/saratogahistory.com/httpdocs/phpBB/' is executable
[Fri Aug 21 12:18:08.653094 2020] [core:crit] [pid 32352:tid 140619355772672] (13)Permission denied: [client 188.122.82.146:44922] AH00529: /var/www/vhosts/saratogahistory.com/httpdocs/phpBB/.htaccess pcfg_openfile: unable to check htaccess file, ensure it is readable and that '/var/www/vhosts/saratogahistory.com/httpdocs/phpBB/' is executable, referer: http://www.saratogahistory.com/phpBB/index.php
[Fri Aug 21 12:34:53.357057 2020] [core:crit] [pid 6888:tid 140619292833536] (13)Permission denied: [client 46.246.65.141:57632] AH00529: /var/www/vhosts/saratogahistory.com/httpdocs/phpBB/.htaccess pcfg_openfile: unable to check htaccess file, ensure it is readable and that '/var/www/vhosts/saratogahistory.com/httpdocs/phpBB/' is executable, referer: http://www.saratogahistory.com/phpBB/index.php
[Fri Aug 21 12:48:05.412685 2020] [core:crit] [pid 32352:tid 140619366262528] (13)Permission denied: [client 35.187.12.47:58908] AH00529: /var/www/vhosts/saratogahistory.com/httpdocs/phpBB/.htaccess pcfg_openfile: unable to check htaccess file, ensure it is readable and that '/var/www/vhosts/saratogahistory.com/httpdocs/phpBB/' is executable
[Fri Aug 21 12:48:11.722877 2020] [proxy_fcgi:error] [pid 6888:tid 140619177445120] [client 35.187.12.47:59144] AH01071: Got error 'Primary script unknown\n'
[Fri Aug 21 13:31:01.911388 2020] [core:crit] [pid 32352:tid 140619177445120] (13)Permission denied: [client 88.99.162.162:55110] AH00529: /var/www/vhosts/saratogahistory.com/httpdocs/phpBB/.htaccess pcfg_openfile: unable to check htaccess file, ensure it is readable and that '/var/www/vhosts/saratogahistory.com/httpdocs/phpBB/' is executable
[Fri Aug 21 13:52:02.863943 2020] [core:crit] [pid 6888:tid 140619355772672] (13)Permission denied: [client 37.115.220.118:51996] AH00529: /var/www/vhosts/saratogahistory.com/httpdocs/phpBB/.htaccess pcfg_openfile: unable to check htaccess file, ensure it is readable and that '/var/www/vhosts/saratogahistory.com/httpdocs/phpBB/' is executable, referer: http://www.saratogahistory.com/phpBB/index.php
[Fri Aug 21 13:53:59.525326 2020] [core:crit] [pid 6888:tid 140619271853824] (13)Permission denied: [client 188.163.109.153:56594] AH00529: /var/www/vhosts/saratogahistory.com/httpdocs/phpBB/.htaccess pcfg_openfile: unable to check htaccess file, ensure it is readable and that '/var/www/vhosts/saratogahistory.com/httpdocs/phpBB/' is executable, referer: http://www.saratogahistory.com/phpBB/index.php
[Fri Aug 21 14:29:02.636015 2020] [core:crit] [pid 6888:tid 140619166955264] (13)Permission denied: [client 199.167.138.22:57906] AH00529: /var/www/vhosts/saratogahistory.com/httpdocs/phpBB/.htaccess pcfg_openfile: unable to check htaccess file, ensure it is readable and that '/var/www/vhosts/saratogahistory.com/httpdocs/phpBB/' is executable, referer: http://www.saratogahistory.com/phpBB/index.php
[Fri Aug 21 14:45:48.923127 2020] [core:crit] [pid 6888:tid 140619124995840] (13)Permission denied: [client 203.133.169.112:42820] AH00529: /var/www/vhosts/saratogahistory.com/httpdocs/phpBB/.htaccess pcfg_openfile: unable to check htaccess file, ensure it is readable and that '/var/www/vhosts/saratogahistory.com/httpdocs/phpBB/' is executable
[Fri Aug 21 14:45:53.914132 2020] [core:crit] [pid 6888:tid 140619355772672] (13)Permission denied: [client 203.133.169.112:42982] AH00529: /var/www/vhosts/saratogahistory.com/httpdocs/phpBB/.htaccess pcfg_openfile: unable to check htaccess file, ensure it is readable and that '/var/www/vhosts/saratogahistory.com/httpdocs/phpBB/' is executable
[Fri Aug 21 14:45:58.799014 2020] [core:crit] [pid 6888:tid 140619166955264] (13)Permission denied: [client 203.133.169.112:43176] AH00529: /var/www/vhosts/saratogahistory.com/httpdocs/phpBB/.htaccess pcfg_openfile: unable to check htaccess file, ensure it is readable and that '/var/www/vhosts/saratogahistory.com/httpdocs/phpBB/' is executable
[Fri Aug 21 14:46:03.788228 2020] [core:crit] [pid 6888:tid 140619376752384] (13)Permission denied: [client 203.133.169.112:43392] AH00529: /var/www/vhosts/saratogahistory.com/httpdocs/phpBB/.htaccess pcfg_openfile: unable to check htaccess file, ensure it is readable and that '/var/www/vhosts/saratogahistory.com/httpdocs/phpBB/' is executable
[Fri Aug 21 14:46:08.669263 2020] [core:crit] [pid 32352:tid 140619229894400] (13)Permission denied: [client 203.133.169.112:43590] AH00529: /var/www/vhosts/saratogahistory.com/httpdocs/phpBB/.htaccess pcfg_openfile: unable to check htaccess file, ensure it is readable and that '/var/www/vhosts/saratogahistory.com/httpdocs/phpBB/' is executable
[Fri Aug 21 14:46:13.556849 2020] [core:crit] [pid 32352:tid 140619187934976] (13)Permission denied: [client 203.133.169.112:43814] AH00529: /var/www/vhosts/saratogahistory.com/httpdocs/phpBB/.htaccess pcfg_openfile: unable to check htaccess file, ensure it is readable and that '/var/www/vhosts/saratogahistory.com/httpdocs/phpBB/' is executable
[Fri Aug 21 14:46:18.740971 2020] [core:crit] [pid 6888:tid 140619345282816] (13)Permission denied: [client 203.133.169.112:44064] AH00529: /var/www/vhosts/saratogahistory.com/httpdocs/phpBB/.htaccess pcfg_openfile: unable to check htaccess file, ensure it is readable and that '/var/www/vhosts/saratogahistory.com/httpdocs/phpBB/' is executable
[Fri Aug 21 14:46:23.615548 2020] [core:crit] [pid 32322:tid 140619303323392] (13)Permission denied: [client 203.133.169.112:44254] AH00529: /var/www/vhosts/saratogahistory.com/httpdocs/phpBB/.htaccess pcfg_openfile: unable to check htaccess file, ensure it is readable and that '/var/www/vhosts/saratogahistory.com/httpdocs/phpBB/' is executable
[Fri Aug 21 14:46:28.609588 2020] [core:crit] [pid 6888:tid 140619198424832] (13)Permission denied: [client 203.133.169.112:44430] AH00529: /var/www/vhosts/saratogahistory.com/httpdocs/phpBB/.htaccess pcfg_openfile: unable to check htaccess file, ensure it is readable and that '/var/www/vhosts/saratogahistory.com/httpdocs/phpBB/' is executable
[Fri Aug 21 14:46:33.487905 2020] [core:crit] [pid 6888:tid 140619324303104] (13)Permission denied: [client 203.133.169.112:44646] AH00529: /var/www/vhosts/saratogahistory.com/httpdocs/phpBB/.htaccess pcfg_openfile: unable to check htaccess file, ensure it is readable and that '/var/www/vhosts/saratogahistory.com/httpdocs/phpBB/' is executable
[Fri Aug 21 15:10:29.725600 2020] [core:crit] [pid 6888:tid 140619324303104] (13)Permission denied: [client 46.19.141.86:48978] AH00529: /var/www/vhosts/saratogahistory.com/httpdocs/phpBB/.htaccess pcfg_openfile: unable to check htaccess file, ensure it is readable and that '/var/www/vhosts/saratogahistory.com/httpdocs/phpBB/' is executable, referer: http://www.saratogahistory.com/phpBB/index.php
[Fri Aug 21 15:41:24.820486 2020] [core:crit] [pid 6888:tid 140619135485696] (13)Permission denied: [client 109.70.100.31:38600] AH00529: /var/www/vhosts/saratogahistory.com/httpdocs/phpBB/.htaccess pcfg_openfile: unable to check htaccess file, ensure it is readable and that '/var/www/vhosts/saratogahistory.com/httpdocs/phpBB/' is executable, referer: http://www.saratogahistory.com/phpBB/index.php
[Fri Aug 21 15:43:16.927174 2020] [core:crit] [pid 32325:tid 140619166955264] (13)Permission denied: [client 199.249.230.141:43312] AH00529: /var/www/vhosts/saratogahistory.com/httpdocs/phpBB/.htaccess pcfg_openfile: unable to check htaccess file, ensure it is readable and that '/var/www/vhosts/saratogahistory.com/httpdocs/phpBB/' is executable, referer: http://www.saratogahistory.com/phpBB/index.php
[Fri Aug 21 15:54:55.885553 2020] [core:crit] [pid 32352:tid 140619376752384] (13)Permission denied: [client 209.95.51.170:44376] AH00529: /var/www/vhosts/saratogahistory.com/httpdocs/phpBB/.htaccess pcfg_openfile: unable to check htaccess file, ensure it is readable and that '/var/www/vhosts/saratogahistory.com/httpdocs/phpBB/' is executable
[Fri Aug 21 15:57:26.207255 2020] [core:crit] [pid 6888:tid 140619156465408] (13)Permission denied: [client 185.25.35.12:50282] AH00529: /var/www/vhosts/saratogahistory.com/httpdocs/phpBB/.htaccess pcfg_openfile: unable to check htaccess file, ensure it is readable and that '/var/www/vhosts/saratogahistory.com/httpdocs/phpBB/' is executable
[Fri Aug 21 16:01:54.096959 2020] [core:crit] [pid 6888:tid 140619219404544] (13)Permission denied: [client 185.220.102.250:33006] AH00529: /var/www/vhosts/saratogahistory.com/httpdocs/phpBB/.htaccess pcfg_openfile: unable to check htaccess file, ensure it is readable and that '/var/www/vhosts/saratogahistory.com/httpdocs/phpBB/' is executable, referer: http://www.saratogahistory.com/phpBB/index.php
[Fri Aug 21 16:14:00.611919 2020] [core:crit] [pid 32352:tid 140619376752384] (13)Permission denied: [client 37.115.218.222:34846] AH00529: /var/www/vhosts/saratogahistory.com/httpdocs/phpBB/.htaccess pcfg_openfile: unable to check htaccess file, ensure it is readable and that '/var/www/vhosts/saratogahistory.com/httpdocs/phpBB/' is executable, referer: http://www.saratogahistory.com/phpBB/index.php
[Fri Aug 21 17:03:31.988104 2020] [core:crit] [pid 32352:tid 140619229894400] (13)Permission denied: [client 185.25.35.11:49422] AH00529: /var/www/vhosts/saratogahistory.com/httpdocs/phpBB/.htaccess pcfg_openfile: unable to check htaccess file, ensure it is readable and that '/var/www/vhosts/saratogahistory.com/httpdocs/phpBB/' is executable
[Fri Aug 21 17:05:10.604224 2020] [core:crit] [pid 6888:tid 140619240384256] (13)Permission denied: [client 173.239.198.13:53656] AH00529: /var/www/vhosts/saratogahistory.com/httpdocs/phpBB/.htaccess pcfg_openfile: unable to check htaccess file, ensure it is readable and that '/var/www/vhosts/saratogahistory.com/httpdocs/phpBB/' is executable, referer: http://www.saratogahistory.com/phpBB/index.php
[Fri Aug 21 17:07:28.031172 2020] [core:crit] [pid 6888:tid 140619156465408] (13)Permission denied: [client 2.92.250.167:59390] AH00529: /var/www/vhosts/saratogahistory.com/httpdocs/phpBB/.htaccess pcfg_openfile: unable to check htaccess file, ensure it is readable and that '/var/www/vhosts/saratogahistory.com/httpdocs/phpBB/' is executable, referer: http://www.saratogahistory.com/phpBB/index.php
[Fri Aug 21 17:07:30.590732 2020] [proxy_fcgi:error] [pid 32352:tid 140619166955264] [client 2.92.250.167:59528] AH01071: Got error 'Primary script unknown\n', referer: http://www.saratogahistory.com/index.php
[Fri Aug 21 17:07:30.908350 2020] [proxy_fcgi:error] [pid 32352:tid 140619135485696] [client 2.92.250.167:59554] AH01071: Got error 'Primary script unknown\n', referer: http://www.saratogahistory.com/index.php
[Fri Aug 21 17:07:31.226682 2020] [proxy_fcgi:error] [pid 6888:tid 140619355772672] [client 2.92.250.167:59568] AH01071: Got error 'Primary script unknown\n', referer: http://www.saratogahistory.com/index.php
[Fri Aug 21 17:51:47.491178 2020] [core:crit] [pid 32352:tid 140619166955264] (13)Permission denied: [client 185.25.35.12:37098] AH00529: /var/www/vhosts/saratogahistory.com/httpdocs/phpBB/.htaccess pcfg_openfile: unable to check htaccess file, ensure it is readable and that '/var/www/vhosts/saratogahistory.com/httpdocs/phpBB/' is executable
[Fri Aug 21 17:55:06.284471 2020] [core:crit] [pid 6888:tid 140619376752384] (13)Permission denied: [client 188.126.66.12:45720] AH00529: /var/www/vhosts/saratogahistory.com/httpdocs/phpBB/.htaccess pcfg_openfile: unable to check htaccess file, ensure it is readable and that '/var/www/vhosts/saratogahistory.com/httpdocs/phpBB/' is executable, referer: http://www.saratogahistory.com/phpBB/index.php
[Fri Aug 21 18:11:07.267120 2020] [core:crit] [pid 6888:tid 140619303323392] (13)Permission denied: [client 185.25.35.9:57640] AH00529: /var/www/vhosts/saratogahistory.com/httpdocs/phpBB/.htaccess pcfg_openfile: unable to check htaccess file, ensure it is readable and that '/var/www/vhosts/saratogahistory.com/httpdocs/phpBB/' is executable
[Fri Aug 21 18:23:48.963055 2020] [core:crit] [pid 32352:tid 140619261363968] (13)Permission denied: [client 178.214.248.6:33130] AH00529: /var/www/vhosts/saratogahistory.com/httpdocs/phpBB/.htaccess pcfg_openfile: unable to check htaccess file, ensure it is readable and that '/var/www/vhosts/saratogahistory.com/httpdocs/phpBB/' is executable, referer: http://www.saratogahistory.com/phpBB/index.php
[Fri Aug 21 18:49:48.629250 2020] [core:crit] [pid 6888:tid 140619208914688] (13)Permission denied: [client 109.70.100.33:41706] AH00529: /var/www/vhosts/saratogahistory.com/httpdocs/phpBB/.htaccess pcfg_openfile: unable to check htaccess file, ensure it is readable and that '/var/www/vhosts/saratogahistory.com/httpdocs/phpBB/' is executable, referer: http://www.saratogahistory.com/phpBB/index.php
[Fri Aug 21 19:02:27.642659 2020] [core:crit] [pid 6888:tid 140619187934976] (13)Permission denied: [client 203.133.169.112:46686] AH00529: /var/www/vhosts/saratogahistory.com/httpdocs/phpBB/.htaccess pcfg_openfile: unable to check htaccess file, ensure it is readable and that '/var/www/vhosts/saratogahistory.com/httpdocs/phpBB/' is executable
[Fri Aug 21 19:02:32.634206 2020] [core:crit] [pid 6888:tid 140619229894400] (13)Permission denied: [client 203.133.169.112:46890] AH00529: /var/www/vhosts/saratogahistory.com/httpdocs/phpBB/.htaccess pcfg_openfile: unable to check htaccess file, ensure it is readable and that '/var/www/vhosts/saratogahistory.com/httpdocs/phpBB/' is executable
[Fri Aug 21 19:02:37.625954 2020] [core:crit] [pid 6888:tid 140619208914688] (13)Permission denied: [client 203.133.169.112:47056] AH00529: /var/www/vhosts/saratogahistory.com/httpdocs/phpBB/.htaccess pcfg_openfile: unable to check htaccess file, ensure it is readable and that '/var/www/vhosts/saratogahistory.com/httpdocs/phpBB/' is executable
[Fri Aug 21 19:02:42.521312 2020] [core:crit] [pid 6888:tid 140619177445120] (13)Permission denied: [client 203.133.169.112:47252] AH00529: /var/www/vhosts/saratogahistory.com/httpdocs/phpBB/.htaccess pcfg_openfile: unable to check htaccess file, ensure it is readable and that '/var/www/vhosts/saratogahistory.com/httpdocs/phpBB/' is executable
[Fri Aug 21 19:02:47.409687 2020] [core:crit] [pid 6888:tid 140619145975552] (13)Permission denied: [client 203.133.169.112:47386] AH00529: /var/www/vhosts/saratogahistory.com/httpdocs/phpBB/.htaccess pcfg_openfile: unable to check htaccess file, ensure it is readable and that '/var/www/vhosts/saratogahistory.com/httpdocs/phpBB/' is executable
[Fri Aug 21 19:02:52.398019 2020] [core:crit] [pid 6888:tid 140619156465408] (13)Permission denied: [client 203.133.169.112:47600] AH00529: /var/www/vhosts/saratogahistory.com/httpdocs/phpBB/.htaccess pcfg_openfile: unable to check htaccess file, ensure it is readable and that '/var/www/vhosts/saratogahistory.com/httpdocs/phpBB/' is executable
[Fri Aug 21 19:02:57.380601 2020] [core:crit] [pid 6888:tid 140619135485696] (13)Permission denied: [client 203.133.169.112:47824] AH00529: /var/www/vhosts/saratogahistory.com/httpdocs/phpBB/.htaccess pcfg_openfile: unable to check htaccess file, ensure it is readable and that '/var/www/vhosts/saratogahistory.com/httpdocs/phpBB/' is executable
[Fri Aug 21 19:03:02.372309 2020] [core:crit] [pid 32352:tid 140619166955264] (13)Permission denied: [client 203.133.169.112:48040] AH00529: /var/www/vhosts/saratogahistory.com/httpdocs/phpBB/.htaccess pcfg_openfile: unable to check htaccess file, ensure it is readable and that '/var/www/vhosts/saratogahistory.com/httpdocs/phpBB/' is executable
[Fri Aug 21 19:03:12.316830 2020] [core:crit] [pid 6888:tid 140619355772672] (13)Permission denied: [client 203.133.169.112:48496] AH00529: /var/www/vhosts/saratogahistory.com/httpdocs/phpBB/.htaccess pcfg_openfile: unable to check htaccess file, ensure it is readable and that '/var/www/vhosts/saratogahistory.com/httpdocs/phpBB/' is executable
[Fri Aug 21 19:03:17.211633 2020] [core:crit] [pid 6888:tid 140619334792960] (13)Permission denied: [client 203.133.169.112:48720] AH00529: /var/www/vhosts/saratogahistory.com/httpdocs/phpBB/.htaccess pcfg_openfile: unable to check htaccess file, ensure it is readable and that '/var/www/vhosts/saratogahistory.com/httpdocs/phpBB/' is executable
[Fri Aug 21 19:03:22.208610 2020] [core:crit] [pid 32352:tid 140619135485696] (13)Permission denied: [client 203.133.169.112:49046] AH00529: /var/www/vhosts/saratogahistory.com/httpdocs/phpBB/.htaccess pcfg_openfile: unable to check htaccess file, ensure it is readable and that '/var/www/vhosts/saratogahistory.com/httpdocs/phpBB/' is executable
[Fri Aug 21 19:03:27.092890 2020] [core:crit] [pid 6888:tid 140619261363968] (13)Permission denied: [client 203.133.169.112:49340] AH00529: /var/www/vhosts/saratogahistory.com/httpdocs/phpBB/.htaccess pcfg_openfile: unable to check htaccess file, ensure it is readable and that '/var/www/vhosts/saratogahistory.com/httpdocs/phpBB/' is executable
[Fri Aug 21 19:03:32.330554 2020] [core:crit] [pid 6888:tid 140619240384256] (13)Permission denied: [client 203.133.169.112:49654] AH00529: /var/www/vhosts/saratogahistory.com/httpdocs/phpBB/.htaccess pcfg_openfile: unable to check htaccess file, ensure it is readable and that '/var/www/vhosts/saratogahistory.com/httpdocs/phpBB/' is executable
[Fri Aug 21 19:03:37.331705 2020] [core:crit] [pid 6888:tid 140619250874112] (13)Permission denied: [client 203.133.169.112:49898] AH00529: /var/www/vhosts/saratogahistory.com/httpdocs/phpBB/.htaccess pcfg_openfile: unable to check htaccess file, ensure it is readable and that '/var/www/vhosts/saratogahistory.com/httpdocs/phpBB/' is executable
[Fri Aug 21 19:03:42.313792 2020] [core:crit] [pid 6888:tid 140619187934976] (13)Permission denied: [client 203.133.169.112:50106] AH00529: /var/www/vhosts/saratogahistory.com/httpdocs/phpBB/.htaccess pcfg_openfile: unable to check htaccess file, ensure it is readable and that '/var/www/vhosts/saratogahistory.com/httpdocs/phpBB/' is executable
[Fri Aug 21 19:03:47.259642 2020] [core:crit] [pid 32352:tid 140619324303104] (13)Permission denied: [client 203.133.169.112:50306] AH00529: /var/www/vhosts/saratogahistory.com/httpdocs/phpBB/.htaccess pcfg_openfile: unable to check htaccess file, ensure it is readable and that '/var/www/vhosts/saratogahistory.com/httpdocs/phpBB/' is executable
[Fri Aug 21 19:03:52.243803 2020] [core:crit] [pid 6888:tid 140619229894400] (13)Permission denied: [client 203.133.169.112:50476] AH00529: /var/www/vhosts/saratogahistory.com/httpdocs/phpBB/.htaccess pcfg_openfile: unable to check htaccess file, ensure it is readable and that '/var/www/vhosts/saratogahistory.com/httpdocs/phpBB/' is executable
[Fri Aug 21 19:03:57.222313 2020] [core:crit] [pid 6888:tid 140619219404544] (13)Permission denied: [client 203.133.169.112:50756] AH00529: /var/www/vhosts/saratogahistory.com/httpdocs/phpBB/.htaccess pcfg_openfile: unable to check htaccess file, ensure it is readable and that '/var/www/vhosts/saratogahistory.com/httpdocs/phpBB/' is executable
[Fri Aug 21 19:04:07.414562 2020] [core:crit] [pid 32352:tid 140619240384256] (13)Permission denied: [client 203.133.169.112:51206] AH00529: /var/www/vhosts/saratogahistory.com/httpdocs/phpBB/.htaccess pcfg_openfile: unable to check htaccess file, ensure it is readable and that '/var/www/vhosts/saratogahistory.com/httpdocs/phpBB/' is executable
[Fri Aug 21 19:04:12.432764 2020] [core:crit] [pid 6888:tid 140619177445120] (13)Permission denied: [client 203.133.169.112:51392] AH00529: /var/www/vhosts/saratogahistory.com/httpdocs/phpBB/.htaccess pcfg_openfile: unable to check htaccess file, ensure it is readable and that '/var/www/vhosts/saratogahistory.com/httpdocs/phpBB/' is executable
[Fri Aug 21 19:04:17.427027 2020] [core:crit] [pid 6888:tid 140619145975552] (13)Permission denied: [client 203.133.169.112:51656] AH00529: /var/www/vhosts/saratogahistory.com/httpdocs/phpBB/.htaccess pcfg_openfile: unable to check htaccess file, ensure it is readable and that '/var/www/vhosts/saratogahistory.com/httpdocs/phpBB/' is executable
[Fri Aug 21 19:04:22.307681 2020] [core:crit] [pid 32352:tid 140619355772672] (13)Permission denied: [client 203.133.169.112:51838] AH00529: /var/www/vhosts/saratogahistory.com/httpdocs/phpBB/.htaccess pcfg_openfile: unable to check htaccess file, ensure it is readable and that '/var/www/vhosts/saratogahistory.com/httpdocs/phpBB/' is executable
[Fri Aug 21 19:04:27.187423 2020] [core:crit] [pid 6888:tid 140619156465408] (13)Permission denied: [client 203.133.169.112:52070] AH00529: /var/www/vhosts/saratogahistory.com/httpdocs/phpBB/.htaccess pcfg_openfile: unable to check htaccess file, ensure it is readable and that '/var/www/vhosts/saratogahistory.com/httpdocs/phpBB/' is executable
[Fri Aug 21 19:04:32.186882 2020] [core:crit] [pid 6888:tid 140619135485696] (13)Permission denied: [client 203.133.169.112:52320] AH00529: /var/www/vhosts/saratogahistory.com/httpdocs/phpBB/.htaccess pcfg_openfile: unable to check htaccess file, ensure it is readable and that '/var/www/vhosts/saratogahistory.com/httpdocs/phpBB/' is executable
[Fri Aug 21 19:04:37.065271 2020] [core:crit] [pid 6888:tid 140619124995840] (13)Permission denied: [client 203.133.169.112:52558] AH00529: /var/www/vhosts/saratogahistory.com/httpdocs/phpBB/.htaccess pcfg_openfile: unable to check htaccess file, ensure it is readable and that '/var/www/vhosts/saratogahistory.com/httpdocs/phpBB/' is executable
[Fri Aug 21 19:04:42.241689 2020] [core:crit] [pid 6888:tid 140619355772672] (13)Permission denied: [client 203.133.169.112:52772] AH00529: /var/www/vhosts/saratogahistory.com/httpdocs/phpBB/.htaccess pcfg_openfile: unable to check htaccess file, ensure it is readable and that '/var/www/vhosts/saratogahistory.com/httpdocs/phpBB/' is executable
[Fri Aug 21 19:04:47.225869 2020] [core:crit] [pid 6888:tid 140619166955264] (13)Permission denied: [client 203.133.169.112:53002] AH00529: /var/www/vhosts/saratogahistory.com/httpdocs/phpBB/.htaccess pcfg_openfile: unable to check htaccess file, ensure it is readable and that '/var/www/vhosts/saratogahistory.com/httpdocs/phpBB/' is executable
[Fri Aug 21 19:04:52.262071 2020] [core:crit] [pid 6888:tid 140619376752384] (13)Permission denied: [client 203.133.169.112:53200] AH00529: /var/www/vhosts/saratogahistory.com/httpdocs/phpBB/.htaccess pcfg_openfile: unable to check htaccess file, ensure it is readable and that '/var/www/vhosts/saratogahistory.com/httpdocs/phpBB/' is executable
[Fri Aug 21 19:05:02.192741 2020] [core:crit] [pid 6888:tid 140619334792960] (13)Permission denied: [client 203.133.169.112:53662] AH00529: /var/www/vhosts/saratogahistory.com/httpdocs/phpBB/.htaccess pcfg_openfile: unable to check htaccess file, ensure it is readable and that '/var/www/vhosts/saratogahistory.com/httpdocs/phpBB/' is executable
[Fri Aug 21 19:05:07.175826 2020] [core:crit] [pid 6888:tid 140619292833536] (13)Permission denied: [client 203.133.169.112:54064] AH00529: /var/www/vhosts/saratogahistory.com/httpdocs/phpBB/.htaccess pcfg_openfile: unable to check htaccess file, ensure it is readable and that '/var/www/vhosts/saratogahistory.com/httpdocs/phpBB/' is executable
[Fri Aug 21 19:05:12.104992 2020] [core:crit] [pid 6888:tid 140619313813248] (13)Permission denied: [client 203.133.169.112:54318] AH00529: /var/www/vhosts/saratogahistory.com/httpdocs/phpBB/.htaccess pcfg_openfile: unable to check htaccess file, ensure it is readable and that '/var/www/vhosts/saratogahistory.com/httpdocs/phpBB/' is executable
[Fri Aug 21 19:05:16.983197 2020] [core:crit] [pid 6888:tid 140619303323392] (13)Permission denied: [client 203.133.169.112:54546] AH00529: /var/www/vhosts/saratogahistory.com/httpdocs/phpBB/.htaccess pcfg_openfile: unable to check htaccess file, ensure it is readable and that '/var/www/vhosts/saratogahistory.com/httpdocs/phpBB/' is executable
[Fri Aug 21 19:05:21.920806 2020] [core:crit] [pid 6888:tid 140619345282816] (13)Permission denied: [client 203.133.169.112:54762] AH00529: /var/www/vhosts/saratogahistory.com/httpdocs/phpBB/.htaccess pcfg_openfile: unable to check htaccess file, ensure it is readable and that '/var/www/vhosts/saratogahistory.com/httpdocs/phpBB/' is executable
[Fri Aug 21 19:05:26.824862 2020] [core:crit] [pid 6888:tid 140619366262528] (13)Permission denied: [client 203.133.169.112:54986] AH00529: /var/www/vhosts/saratogahistory.com/httpdocs/phpBB/.htaccess pcfg_openfile: unable to check htaccess file, ensure it is readable and that '/var/www/vhosts/saratogahistory.com/httpdocs/phpBB/' is executable
[Fri Aug 21 19:05:31.850420 2020] [core:crit] [pid 32325:tid 140619166955264] (13)Permission denied: [client 203.133.169.112:55188] AH00529: /var/www/vhosts/saratogahistory.com/httpdocs/phpBB/.htaccess pcfg_openfile: unable to check htaccess file, ensure it is readable and that '/var/www/vhosts/saratogahistory.com/httpdocs/phpBB/' is executable
[Fri Aug 21 19:05:36.733495 2020] [core:crit] [pid 6888:tid 140619198424832] (13)Permission denied: [client 203.133.169.112:55346] AH00529: /var/www/vhosts/saratogahistory.com/httpdocs/phpBB/.htaccess pcfg_openfile: unable to check htaccess file, ensure it is readable and that '/var/www/vhosts/saratogahistory.com/httpdocs/phpBB/' is executable
[Fri Aug 21 19:05:41.717501 2020] [core:crit] [pid 32352:tid 140619250874112] (13)Permission denied: [client 203.133.169.112:55522] AH00529: /var/www/vhosts/saratogahistory.com/httpdocs/phpBB/.htaccess pcfg_openfile: unable to check htaccess file, ensure it is readable and that '/var/www/vhosts/saratogahistory.com/httpdocs/phpBB/' is executable
[Fri Aug 21 19:05:46.607894 2020] [core:crit] [pid 6888:tid 140619324303104] (13)Permission denied: [client 203.133.169.112:55702] AH00529: /var/www/vhosts/saratogahistory.com/httpdocs/phpBB/.htaccess pcfg_openfile: unable to check htaccess file, ensure it is readable and that '/var/www/vhosts/saratogahistory.com/httpdocs/phpBB/' is executable
[Fri Aug 21 19:05:56.814187 2020] [core:crit] [pid 6888:tid 140619282343680] (13)Permission denied: [client 203.133.169.112:56168] AH00529: /var/www/vhosts/saratogahistory.com/httpdocs/phpBB/.htaccess pcfg_openfile: unable to check htaccess file, ensure it is readable and that '/var/www/vhosts/saratogahistory.com/httpdocs/phpBB/' is executable
[Fri Aug 21 19:06:01.807044 2020] [core:crit] [pid 32325:tid 140619145975552] (13)Permission denied: [client 203.133.169.112:56398] AH00529: /var/www/vhosts/saratogahistory.com/httpdocs/phpBB/.htaccess pcfg_openfile: unable to check htaccess file, ensure it is readable and that '/var/www/vhosts/saratogahistory.com/httpdocs/phpBB/' is executable
[Fri Aug 21 19:12:21.603185 2020] [core:crit] [pid 6888:tid 140619156465408] (13)Permission denied: [client 5.188.84.251:43820] AH00529: /var/www/vhosts/saratogahistory.com/httpdocs/phpBB/.htaccess pcfg_openfile: unable to check htaccess file, ensure it is readable and that '/var/www/vhosts/saratogahistory.com/httpdocs/phpBB/' is executable, referer: http://www.saratogahistory.com/phpBB/index.php
[Fri Aug 21 19:33:55.063602 2020] [core:crit] [pid 6888:tid 140619282343680] (13)Permission denied: [client 95.37.161.104:39340] AH00529: /var/www/vhosts/saratogahistory.com/httpdocs/phpBB/.htaccess pcfg_openfile: unable to check htaccess file, ensure it is readable and that '/var/www/vhosts/saratogahistory.com/httpdocs/phpBB/' is executable, referer: http://www.saratogahistory.com/phpBB/index.php
[Fri Aug 21 20:20:11.069328 2020] [core:crit] [pid 32325:tid 140619145975552] (13)Permission denied: [client 188.126.66.12:35772] AH00529: /var/www/vhosts/saratogahistory.com/httpdocs/phpBB/.htaccess pcfg_openfile: unable to check htaccess file, ensure it is readable and that '/var/www/vhosts/saratogahistory.com/httpdocs/phpBB/' is executable, referer: http://www.saratogahistory.com/phpBB/index.php
[Fri Aug 21 22:02:15.477155 2020] [core:crit] [pid 6888:tid 140619187934976] (13)Permission denied: [client 91.219.237.53:59082] AH00529: /var/www/vhosts/saratogahistory.com/httpdocs/phpBB/.htaccess pcfg_openfile: unable to check htaccess file, ensure it is readable and that '/var/www/vhosts/saratogahistory.com/httpdocs/phpBB/' is executable, referer: http://www.saratogahistory.com/phpBB/index.php
[Fri Aug 21 22:14:25.457523 2020] [core:crit] [pid 32325:tid 140619135485696] (13)Permission denied: [client 40.77.167.104:41704] AH00529: /var/www/vhosts/saratogahistory.com/httpdocs/phpBB/.htaccess pcfg_openfile: unable to check htaccess file, ensure it is readable and that '/var/www/vhosts/saratogahistory.com/httpdocs/phpBB/' is executable
[Fri Aug 21 22:16:48.129264 2020] [core:crit] [pid 6888:tid 140619156465408] (13)Permission denied: [client 185.25.35.12:52658] AH00529: /var/www/vhosts/saratogahistory.com/httpdocs/phpBB/.htaccess pcfg_openfile: unable to check htaccess file, ensure it is readable and that '/var/www/vhosts/saratogahistory.com/httpdocs/phpBB/' is executable
[Fri Aug 21 22:17:55.997507 2020] [core:crit] [pid 6888:tid 140619124995840] (13)Permission denied: [client 178.17.170.116:55184] AH00529: /var/www/vhosts/saratogahistory.com/httpdocs/phpBB/.htaccess pcfg_openfile: unable to check htaccess file, ensure it is readable and that '/var/www/vhosts/saratogahistory.com/httpdocs/phpBB/' is executable, referer: http://www.saratogahistory.com/phpBB/index.php
[Fri Aug 21 22:49:17.457056 2020] [core:crit] [pid 6888:tid 140619271853824] (13)Permission denied: [client 203.133.169.112:43400] AH00529: /var/www/vhosts/saratogahistory.com/httpdocs/phpBB/.htaccess pcfg_openfile: unable to check htaccess file, ensure it is readable and that '/var/www/vhosts/saratogahistory.com/httpdocs/phpBB/' is executable
[Fri Aug 21 22:49:22.466523 2020] [core:crit] [pid 6888:tid 140619282343680] (13)Permission denied: [client 203.133.169.112:43648] AH00529: /var/www/vhosts/saratogahistory.com/httpdocs/phpBB/.htaccess pcfg_openfile: unable to check htaccess file, ensure it is readable and that '/var/www/vhosts/saratogahistory.com/httpdocs/phpBB/' is executable
[Fri Aug 21 22:49:27.352964 2020] [core:crit] [pid 6888:tid 140619261363968] (13)Permission denied: [client 203.133.169.112:43862] AH00529: /var/www/vhosts/saratogahistory.com/httpdocs/phpBB/.htaccess pcfg_openfile: unable to check htaccess file, ensure it is readable and that '/var/www/vhosts/saratogahistory.com/httpdocs/phpBB/' is executable
[Fri Aug 21 22:49:32.355734 2020] [core:crit] [pid 6888:tid 140619240384256] (13)Permission denied: [client 203.133.169.112:44124] AH00529: /var/www/vhosts/saratogahistory.com/httpdocs/phpBB/.htaccess pcfg_openfile: unable to check htaccess file, ensure it is readable and that '/var/www/vhosts/saratogahistory.com/httpdocs/phpBB/' is executable
[Fri Aug 21 22:49:37.348340 2020] [core:crit] [pid 32352:tid 140619187934976] (13)Permission denied: [client 203.133.169.112:44398] AH00529: /var/www/vhosts/saratogahistory.com/httpdocs/phpBB/.htaccess pcfg_openfile: unable to check htaccess file, ensure it is readable and that '/var/www/vhosts/saratogahistory.com/httpdocs/phpBB/' is executable
[Fri Aug 21 22:49:42.342817 2020] [core:crit] [pid 32352:tid 140619366262528] (13)Permission denied: [client 203.133.169.112:44640] AH00529: /var/www/vhosts/saratogahistory.com/httpdocs/phpBB/.htaccess pcfg_openfile: unable to check htaccess file, ensure it is readable and that '/var/www/vhosts/saratogahistory.com/httpdocs/phpBB/' is executable
[Fri Aug 21 22:49:47.430158 2020] [core:crit] [pid 6888:tid 140619250874112] (13)Permission denied: [client 203.133.169.112:44868] AH00529: /var/www/vhosts/saratogahistory.com/httpdocs/phpBB/.htaccess pcfg_openfile: unable to check htaccess file, ensure it is readable and that '/var/www/vhosts/saratogahistory.com/httpdocs/phpBB/' is executable
[Fri Aug 21 22:49:52.327659 2020] [core:crit] [pid 6888:tid 140619187934976] (13)Permission denied: [client 203.133.169.112:45028] AH00529: /var/www/vhosts/saratogahistory.com/httpdocs/phpBB/.htaccess pcfg_openfile: unable to check htaccess file, ensure it is readable and that '/var/www/vhosts/saratogahistory.com/httpdocs/phpBB/' is executable
[Fri Aug 21 22:49:57.334041 2020] [core:crit] [pid 6888:tid 140619229894400] (13)Permission denied: [client 203.133.169.112:45212] AH00529: /var/www/vhosts/saratogahistory.com/httpdocs/phpBB/.htaccess pcfg_openfile: unable to check htaccess file, ensure it is readable and that '/var/www/vhosts/saratogahistory.com/httpdocs/phpBB/' is executable
[Fri Aug 21 22:50:02.228979 2020] [core:crit] [pid 6888:tid 140619219404544] (13)Permission denied: [client 203.133.169.112:45492] AH00529: /var/www/vhosts/saratogahistory.com/httpdocs/phpBB/.htaccess pcfg_openfile: unable to check htaccess file, ensure it is readable and that '/var/www/vhosts/saratogahistory.com/httpdocs/phpBB/' is executable
[Fri Aug 21 22:50:07.116800 2020] [core:crit] [pid 6888:tid 140619208914688] (13)Permission denied: [client 203.133.169.112:45742] AH00529: /var/www/vhosts/saratogahistory.com/httpdocs/phpBB/.htaccess pcfg_openfile: unable to check htaccess file, ensure it is readable and that '/var/www/vhosts/saratogahistory.com/httpdocs/phpBB/' is executable
[Fri Aug 21 22:50:12.003986 2020] [core:crit] [pid 6888:tid 140619177445120] (13)Permission denied: [client 203.133.169.112:45932] AH00529: /var/www/vhosts/saratogahistory.com/httpdocs/phpBB/.htaccess pcfg_openfile: unable to check htaccess file, ensure it is readable and that '/var/www/vhosts/saratogahistory.com/httpdocs/phpBB/' is executable
[Fri Aug 21 22:50:16.883793 2020] [core:crit] [pid 6888:tid 140619145975552] (13)Permission denied: [client 203.133.169.112:46158] AH00529: /var/www/vhosts/saratogahistory.com/httpdocs/phpBB/.htaccess pcfg_openfile: unable to check htaccess file, ensure it is readable and that '/var/www/vhosts/saratogahistory.com/httpdocs/phpBB/' is executable
[Fri Aug 21 22:50:22.075061 2020] [core:crit] [pid 32352:tid 140619345282816] (13)Permission denied: [client 203.133.169.112:46464] AH00529: /var/www/vhosts/saratogahistory.com/httpdocs/phpBB/.htaccess pcfg_openfile: unable to check htaccess file, ensure it is readable and that '/var/www/vhosts/saratogahistory.com/httpdocs/phpBB/' is executable
[Fri Aug 21 22:50:26.948909 2020] [core:crit] [pid 6888:tid 140619156465408] (13)Permission denied: [client 203.133.169.112:46640] AH00529: /var/www/vhosts/saratogahistory.com/httpdocs/phpBB/.htaccess pcfg_openfile: unable to check htaccess file, ensure it is readable and that '/var/www/vhosts/saratogahistory.com/httpdocs/phpBB/' is executable
[Fri Aug 21 22:50:31.820491 2020] [core:crit] [pid 6888:tid 140619135485696] (13)Permission denied: [client 203.133.169.112:46780] AH00529: /var/www/vhosts/saratogahistory.com/httpdocs/phpBB/.htaccess pcfg_openfile: unable to check htaccess file, ensure it is readable and that '/var/www/vhosts/saratogahistory.com/httpdocs/phpBB/' is executable
[Fri Aug 21 22:50:36.719158 2020] [core:crit] [pid 6888:tid 140619124995840] (13)Permission denied: [client 203.133.169.112:46932] AH00529: /var/www/vhosts/saratogahistory.com/httpdocs/phpBB/.htaccess pcfg_openfile: unable to check htaccess file, ensure it is readable and that '/var/www/vhosts/saratogahistory.com/httpdocs/phpBB/' is executable
[Fri Aug 21 22:50:41.730325 2020] [core:crit] [pid 6888:tid 140619376752384] (13)Permission denied: [client 203.133.169.112:47054] AH00529: /var/www/vhosts/saratogahistory.com/httpdocs/phpBB/.htaccess pcfg_openfile: unable to check htaccess file, ensure it is readable and that '/var/www/vhosts/saratogahistory.com/httpdocs/phpBB/' is executable
[Fri Aug 21 22:50:46.710640 2020] [core:crit] [pid 32352:tid 140619145975552] (13)Permission denied: [client 203.133.169.112:47190] AH00529: /var/www/vhosts/saratogahistory.com/httpdocs/phpBB/.htaccess pcfg_openfile: unable to check htaccess file, ensure it is readable and that '/var/www/vhosts/saratogahistory.com/httpdocs/phpBB/' is executable
[Fri Aug 21 22:50:51.703482 2020] [core:crit] [pid 32325:tid 140619250874112] (13)Permission denied: [client 203.133.169.112:47374] AH00529: /var/www/vhosts/saratogahistory.com/httpdocs/phpBB/.htaccess pcfg_openfile: unable to check htaccess file, ensure it is readable and that '/var/www/vhosts/saratogahistory.com/httpdocs/phpBB/' is executable
[Fri Aug 21 22:50:56.778508 2020] [core:crit] [pid 32352:tid 140619177445120] (13)Permission denied: [client 203.133.169.112:47508] AH00529: /var/www/vhosts/saratogahistory.com/httpdocs/phpBB/.htaccess pcfg_openfile: unable to check htaccess file, ensure it is readable and that '/var/www/vhosts/saratogahistory.com/httpdocs/phpBB/' is executable
[Fri Aug 21 22:51:01.822233 2020] [core:crit] [pid 32352:tid 140619166955264] (13)Permission denied: [client 203.133.169.112:47662] AH00529: /var/www/vhosts/saratogahistory.com/httpdocs/phpBB/.htaccess pcfg_openfile: unable to check htaccess file, ensure it is readable and that '/var/www/vhosts/saratogahistory.com/httpdocs/phpBB/' is executable
[Fri Aug 21 22:51:06.713664 2020] [core:crit] [pid 32352:tid 140619135485696] (13)Permission denied: [client 203.133.169.112:47812] AH00529: /var/www/vhosts/saratogahistory.com/httpdocs/phpBB/.htaccess pcfg_openfile: unable to check htaccess file, ensure it is readable and that '/var/www/vhosts/saratogahistory.com/httpdocs/phpBB/' is executable
[Fri Aug 21 22:51:11.712556 2020] [core:crit] [pid 6888:tid 140619313813248] (13)Permission denied: [client 203.133.169.112:47936] AH00529: /var/www/vhosts/saratogahistory.com/httpdocs/phpBB/.htaccess pcfg_openfile: unable to check htaccess file, ensure it is readable and that '/var/www/vhosts/saratogahistory.com/httpdocs/phpBB/' is executable
[Fri Aug 21 22:51:16.705303 2020] [core:crit] [pid 6888:tid 140619292833536] (13)Permission denied: [client 203.133.169.112:48144] AH00529: /var/www/vhosts/saratogahistory.com/httpdocs/phpBB/.htaccess pcfg_openfile: unable to check htaccess file, ensure it is readable and that '/var/www/vhosts/saratogahistory.com/httpdocs/phpBB/' is executable
[Fri Aug 21 22:51:21.611936 2020] [core:crit] [pid 6888:tid 140619303323392] (13)Permission denied: [client 203.133.169.112:48350] AH00529: /var/www/vhosts/saratogahistory.com/httpdocs/phpBB/.htaccess pcfg_openfile: unable to check htaccess file, ensure it is readable and that '/var/www/vhosts/saratogahistory.com/httpdocs/phpBB/' is executable
[Fri Aug 21 22:51:26.535470 2020] [core:crit] [pid 32352:tid 140619198424832] (13)Permission denied: [client 203.133.169.112:48512] AH00529: /var/www/vhosts/saratogahistory.com/httpdocs/phpBB/.htaccess pcfg_openfile: unable to check htaccess file, ensure it is readable and that '/var/www/vhosts/saratogahistory.com/httpdocs/phpBB/' is executable
[Fri Aug 21 22:51:31.781959 2020] [core:crit] [pid 32352:tid 140619303323392] (13)Permission denied: [client 203.133.169.112:48704] AH00529: /var/www/vhosts/saratogahistory.com/httpdocs/phpBB/.htaccess pcfg_openfile: unable to check htaccess file, ensure it is readable and that '/var/www/vhosts/saratogahistory.com/httpdocs/phpBB/' is executable
[Fri Aug 21 22:51:36.705933 2020] [core:crit] [pid 32352:tid 140619156465408] (13)Permission denied: [client 203.133.169.112:48934] AH00529: /var/www/vhosts/saratogahistory.com/httpdocs/phpBB/.htaccess pcfg_openfile: unable to check htaccess file, ensure it is readable and that '/var/www/vhosts/saratogahistory.com/httpdocs/phpBB/' is executable
[Fri Aug 21 22:51:41.702446 2020] [core:crit] [pid 6888:tid 140619366262528] (13)Permission denied: [client 203.133.169.112:49110] AH00529: /var/www/vhosts/saratogahistory.com/httpdocs/phpBB/.htaccess pcfg_openfile: unable to check htaccess file, ensure it is readable and that '/var/www/vhosts/saratogahistory.com/httpdocs/phpBB/' is executable
[Fri Aug 21 22:51:46.587287 2020] [core:crit] [pid 32352:tid 140619124995840] (13)Permission denied: [client 203.133.169.112:49274] AH00529: /var/www/vhosts/saratogahistory.com/httpdocs/phpBB/.htaccess pcfg_openfile: unable to check htaccess file, ensure it is readable and that '/var/www/vhosts/saratogahistory.com/httpdocs/phpBB/' is executable
[Fri Aug 21 22:51:51.495628 2020] [core:crit] [pid 32352:tid 140619271853824] (13)Permission denied: [client 203.133.169.112:49436] AH00529: /var/www/vhosts/saratogahistory.com/httpdocs/phpBB/.htaccess pcfg_openfile: unable to check htaccess file, ensure it is readable and that '/var/www/vhosts/saratogahistory.com/httpdocs/phpBB/' is executable
[Fri Aug 21 22:51:56.506893 2020] [core:crit] [pid 6888:tid 140619324303104] (13)Permission denied: [client 203.133.169.112:49632] AH00529: /var/www/vhosts/saratogahistory.com/httpdocs/phpBB/.htaccess pcfg_openfile: unable to check htaccess file, ensure it is readable and that '/var/www/vhosts/saratogahistory.com/httpdocs/phpBB/' is executable
[Fri Aug 21 22:52:01.494861 2020] [core:crit] [pid 6888:tid 140619271853824] (13)Permission denied: [client 203.133.169.112:49864] AH00529: /var/www/vhosts/saratogahistory.com/httpdocs/phpBB/.htaccess pcfg_openfile: unable to check htaccess file, ensure it is readable and that '/var/www/vhosts/saratogahistory.com/httpdocs/phpBB/' is executable
[Fri Aug 21 22:52:06.390458 2020] [core:crit] [pid 32352:tid 140619292833536] (13)Permission denied: [client 203.133.169.112:50094] AH00529: /var/www/vhosts/saratogahistory.com/httpdocs/phpBB/.htaccess pcfg_openfile: unable to check htaccess file, ensure it is readable and that '/var/www/vhosts/saratogahistory.com/httpdocs/phpBB/' is executable
[Fri Aug 21 22:52:11.397597 2020] [core:crit] [pid 6888:tid 140619261363968] (13)Permission denied: [client 203.133.169.112:50328] AH00529: /var/www/vhosts/saratogahistory.com/httpdocs/phpBB/.htaccess pcfg_openfile: unable to check htaccess file, ensure it is readable and that '/var/www/vhosts/saratogahistory.com/httpdocs/phpBB/' is executable
[Fri Aug 21 22:52:16.296498 2020] [core:crit] [pid 32352:tid 140619313813248] (13)Permission denied: [client 203.133.169.112:50526] AH00529: /var/www/vhosts/saratogahistory.com/httpdocs/phpBB/.htaccess pcfg_openfile: unable to check htaccess file, ensure it is readable and that '/var/www/vhosts/saratogahistory.com/httpdocs/phpBB/' is executable
[Fri Aug 21 22:52:21.273695 2020] [core:crit] [pid 32352:tid 140619261363968] (13)Permission denied: [client 203.133.169.112:50672] AH00529: /var/www/vhosts/saratogahistory.com/httpdocs/phpBB/.htaccess pcfg_openfile: unable to check htaccess file, ensure it is readable and that '/var/www/vhosts/saratogahistory.com/httpdocs/phpBB/' is executable
[Fri Aug 21 23:20:16.222478 2020] [core:crit] [pid 32352:tid 140619334792960] (13)Permission denied: [client 185.25.35.11:32948] AH00529: /var/www/vhosts/saratogahistory.com/httpdocs/phpBB/.htaccess pcfg_openfile: unable to check htaccess file, ensure it is readable and that '/var/www/vhosts/saratogahistory.com/httpdocs/phpBB/' is executable
[Fri Aug 21 23:50:37.768998 2020] [core:crit] [pid 32352:tid 140619345282816] (13)Permission denied: [client 95.216.172.189:51762] AH00529: /var/www/vhosts/saratogahistory.com/httpdocs/phpBB/.htaccess pcfg_openfile: unable to check htaccess file, ensure it is readable and that '/var/www/vhosts/saratogahistory.com/httpdocs/phpBB/' is executable
[Fri Aug 21 23:50:41.286645 2020] [core:crit] [pid 6888:tid 140619166955264] (13)Permission denied: [client 46.19.141.82:51932] AH00529: /var/www/vhosts/saratogahistory.com/httpdocs/phpBB/.htaccess pcfg_openfile: unable to check htaccess file, ensure it is readable and that '/var/www/vhosts/saratogahistory.com/httpdocs/phpBB/' is executable, referer: http://www.saratogahistory.com/phpBB/index.php
[Fri Aug 21 23:52:26.637176 2020] [core:crit] [pid 32352:tid 140619282343680] (13)Permission denied: [client 188.122.82.146:55870] AH00529: /var/www/vhosts/saratogahistory.com/httpdocs/phpBB/.htaccess pcfg_openfile: unable to check htaccess file, ensure it is readable and that '/var/www/vhosts/saratogahistory.com/httpdocs/phpBB/' is executable, referer: http://www.saratogahistory.com/phpBB/index.php
[Sat Aug 22 00:04:05.734290 2020] [core:crit] [pid 32325:tid 140619240384256] (13)Permission denied: [client 185.25.35.15:56864] AH00529: /var/www/vhosts/saratogahistory.com/httpdocs/phpBB/.htaccess pcfg_openfile: unable to check htaccess file, ensure it is readable and that '/var/www/vhosts/saratogahistory.com/httpdocs/phpBB/' is executable
[Sat Aug 22 00:22:27.670655 2020] [core:crit] [pid 6888:tid 140619261363968] (13)Permission denied: [client 185.25.35.12:47570] AH00529: /var/www/vhosts/saratogahistory.com/httpdocs/phpBB/.htaccess pcfg_openfile: unable to check htaccess file, ensure it is readable and that '/var/www/vhosts/saratogahistory.com/httpdocs/phpBB/' is executable
[Sat Aug 22 00:41:02.860611 2020] [core:crit] [pid 6888:tid 140619324303104] (13)Permission denied: [client 66.249.66.21:41632] AH00529: /var/www/vhosts/saratogahistory.com/httpdocs/phpBB/.htaccess pcfg_openfile: unable to check htaccess file, ensure it is readable and that '/var/www/vhosts/saratogahistory.com/httpdocs/phpBB/' is executable
[Sat Aug 22 00:42:22.572588 2020] [core:crit] [pid 6888:tid 140619261363968] (13)Permission denied: [client 66.249.66.25:45280] AH00529: /var/www/vhosts/saratogahistory.com/httpdocs/phpBB/.htaccess pcfg_openfile: unable to check htaccess file, ensure it is readable and that '/var/www/vhosts/saratogahistory.com/httpdocs/phpBB/' is executable
[Sat Aug 22 01:23:32.615634 2020] [core:crit] [pid 6888:tid 140619166955264] (13)Permission denied: [client 185.220.101.200:38324] AH00529: /var/www/vhosts/saratogahistory.com/httpdocs/phpBB/.htaccess pcfg_openfile: unable to check htaccess file, ensure it is readable and that '/var/www/vhosts/saratogahistory.com/httpdocs/phpBB/' is executable, referer: http://www.saratogahistory.com/phpBB/index.php
[Sat Aug 22 01:26:39.783343 2020] [core:crit] [pid 32325:tid 140619124995840] (13)Permission denied: [client 188.122.82.146:46236] AH00529: /var/www/vhosts/saratogahistory.com/httpdocs/phpBB/.htaccess pcfg_openfile: unable to check htaccess file, ensure it is readable and that '/var/www/vhosts/saratogahistory.com/httpdocs/phpBB/' is executable, referer: http://www.saratogahistory.com/phpBB/index.php
[Sat Aug 22 01:26:44.073067 2020] [core:crit] [pid 6888:tid 140619282343680] (13)Permission denied: [client 66.249.66.21:46392] AH00529: /var/www/vhosts/saratogahistory.com/httpdocs/phpBB/.htaccess pcfg_openfile: unable to check htaccess file, ensure it is readable and that '/var/www/vhosts/saratogahistory.com/httpdocs/phpBB/' is executable
[Sat Aug 22 01:27:14.440644 2020] [core:crit] [pid 6888:tid 140619250874112] (13)Permission denied: [client 66.249.66.23:47570] AH00529: /var/www/vhosts/saratogahistory.com/httpdocs/phpBB/.htaccess pcfg_openfile: unable to check htaccess file, ensure it is readable and that '/var/www/vhosts/saratogahistory.com/httpdocs/phpBB/' is executable
[Sat Aug 22 01:27:46.966407 2020] [core:crit] [pid 6888:tid 140619219404544] (13)Permission denied: [client 66.249.66.23:48900] AH00529: /var/www/vhosts/saratogahistory.com/httpdocs/phpBB/.htaccess pcfg_openfile: unable to check htaccess file, ensure it is readable and that '/var/www/vhosts/saratogahistory.com/httpdocs/phpBB/' is executable
[Sat Aug 22 01:28:44.753060 2020] [core:crit] [pid 6888:tid 140619208914688] (13)Permission denied: [client 66.249.66.21:51330] AH00529: /var/www/vhosts/saratogahistory.com/httpdocs/phpBB/.htaccess pcfg_openfile: unable to check htaccess file, ensure it is readable and that '/var/www/vhosts/saratogahistory.com/httpdocs/phpBB/' is executable
[Sat Aug 22 01:29:48.183095 2020] [core:crit] [pid 6888:tid 140619156465408] (13)Permission denied: [client 66.249.66.25:53824] AH00529: /var/www/vhosts/saratogahistory.com/httpdocs/phpBB/.htaccess pcfg_openfile: unable to check htaccess file, ensure it is readable and that '/var/www/vhosts/saratogahistory.com/httpdocs/phpBB/' is executable
[Sat Aug 22 01:30:50.949551 2020] [core:crit] [pid 6888:tid 140619166955264] (13)Permission denied: [client 66.249.66.25:56474] AH00529: /var/www/vhosts/saratogahistory.com/httpdocs/phpBB/.htaccess pcfg_openfile: unable to check htaccess file, ensure it is readable and that '/var/www/vhosts/saratogahistory.com/httpdocs/phpBB/' is executable
[Sat Aug 22 01:31:54.955768 2020] [core:crit] [pid 6888:tid 140619376752384] (13)Permission denied: [client 66.249.66.25:58500] AH00529: /var/www/vhosts/saratogahistory.com/httpdocs/phpBB/.htaccess pcfg_openfile: unable to check htaccess file, ensure it is readable and that '/var/www/vhosts/saratogahistory.com/httpdocs/phpBB/' is executable
[Sat Aug 22 01:33:01.171215 2020] [core:crit] [pid 32352:tid 140619324303104] (13)Permission denied: [client 66.249.66.21:60582] AH00529: /var/www/vhosts/saratogahistory.com/httpdocs/phpBB/.htaccess pcfg_openfile: unable to check htaccess file, ensure it is readable and that '/var/www/vhosts/saratogahistory.com/httpdocs/phpBB/' is executable
[Sat Aug 22 02:02:40.770831 2020] [core:crit] [pid 6888:tid 140619313813248] (13)Permission denied: [client 66.249.66.23:53724] AH00529: /var/www/vhosts/saratogahistory.com/httpdocs/phpBB/.htaccess pcfg_openfile: unable to check htaccess file, ensure it is readable and that '/var/www/vhosts/saratogahistory.com/httpdocs/phpBB/' is executable
[Sat Aug 22 02:02:48.965822 2020] [core:crit] [pid 32352:tid 140619135485696] (13)Permission denied: [client 66.249.66.25:54034] AH00529: /var/www/vhosts/saratogahistory.com/httpdocs/phpBB/.htaccess pcfg_openfile: unable to check htaccess file, ensure it is readable and that '/var/www/vhosts/saratogahistory.com/httpdocs/phpBB/' is executable
[Sat Aug 22 02:03:04.629914 2020] [core:crit] [pid 6888:tid 140619366262528] (13)Permission denied: [client 66.249.66.23:54598] AH00529: /var/www/vhosts/saratogahistory.com/httpdocs/phpBB/.htaccess pcfg_openfile: unable to check htaccess file, ensure it is readable and that '/var/www/vhosts/saratogahistory.com/httpdocs/phpBB/' is executable
[Sat Aug 22 02:03:20.320371 2020] [core:crit] [pid 32325:tid 140619208914688] (13)Permission denied: [client 66.249.66.21:55256] AH00529: /var/www/vhosts/saratogahistory.com/httpdocs/phpBB/.htaccess pcfg_openfile: unable to check htaccess file, ensure it is readable and that '/var/www/vhosts/saratogahistory.com/httpdocs/phpBB/' is executable
[Sat Aug 22 02:03:36.239710 2020] [core:crit] [pid 6888:tid 140619198424832] (13)Permission denied: [client 66.249.66.21:55860] AH00529: /var/www/vhosts/saratogahistory.com/httpdocs/phpBB/.htaccess pcfg_openfile: unable to check htaccess file, ensure it is readable and that '/var/www/vhosts/saratogahistory.com/httpdocs/phpBB/' is executable
[Sat Aug 22 02:14:27.556507 2020] [core:crit] [pid 6888:tid 140619124995840] (13)Permission denied: [client 66.249.66.23:52596] AH00529: /var/www/vhosts/saratogahistory.com/httpdocs/phpBB/.htaccess pcfg_openfile: unable to check htaccess file, ensure it is readable and that '/var/www/vhosts/saratogahistory.com/httpdocs/phpBB/' is executable
[Sat Aug 22 02:26:12.966308 2020] [core:crit] [pid 6888:tid 140619303323392] (13)Permission denied: [client 203.133.169.112:53022] AH00529: /var/www/vhosts/saratogahistory.com/httpdocs/phpBB/.htaccess pcfg_openfile: unable to check htaccess file, ensure it is readable and that '/var/www/vhosts/saratogahistory.com/httpdocs/phpBB/' is executable
[Sat Aug 22 02:26:17.963519 2020] [core:crit] [pid 6888:tid 140619345282816] (13)Permission denied: [client 203.133.169.112:53192] AH00529: /var/www/vhosts/saratogahistory.com/httpdocs/phpBB/.htaccess pcfg_openfile: unable to check htaccess file, ensure it is readable and that '/var/www/vhosts/saratogahistory.com/httpdocs/phpBB/' is executable
[Sat Aug 22 02:26:22.945731 2020] [core:crit] [pid 6888:tid 140619366262528] (13)Permission denied: [client 203.133.169.112:53286] AH00529: /var/www/vhosts/saratogahistory.com/httpdocs/phpBB/.htaccess pcfg_openfile: unable to check htaccess file, ensure it is readable and that '/var/www/vhosts/saratogahistory.com/httpdocs/phpBB/' is executable
[Sat Aug 22 02:26:27.826212 2020] [core:crit] [pid 32325:tid 140619198424832] (13)Permission denied: [client 203.133.169.112:53434] AH00529: /var/www/vhosts/saratogahistory.com/httpdocs/phpBB/.htaccess pcfg_openfile: unable to check htaccess file, ensure it is readable and that '/var/www/vhosts/saratogahistory.com/httpdocs/phpBB/' is executable
[Sat Aug 22 02:26:32.822714 2020] [core:crit] [pid 6888:tid 140619198424832] (13)Permission denied: [client 203.133.169.112:53614] AH00529: /var/www/vhosts/saratogahistory.com/httpdocs/phpBB/.htaccess pcfg_openfile: unable to check htaccess file, ensure it is readable and that '/var/www/vhosts/saratogahistory.com/httpdocs/phpBB/' is executable
[Sat Aug 22 02:26:37.814514 2020] [core:crit] [pid 6888:tid 140619324303104] (13)Permission denied: [client 203.133.169.112:53810] AH00529: /var/www/vhosts/saratogahistory.com/httpdocs/phpBB/.htaccess pcfg_openfile: unable to check htaccess file, ensure it is readable and that '/var/www/vhosts/saratogahistory.com/httpdocs/phpBB/' is executable
[Sat Aug 22 02:26:43.295902 2020] [core:crit] [pid 6888:tid 140619271853824] (13)Permission denied: [client 203.133.169.112:53950] AH00529: /var/www/vhosts/saratogahistory.com/httpdocs/phpBB/.htaccess pcfg_openfile: unable to check htaccess file, ensure it is readable and that '/var/www/vhosts/saratogahistory.com/httpdocs/phpBB/' is executable
[Sat Aug 22 02:26:48.290633 2020] [core:crit] [pid 32352:tid 140619240384256] (13)Permission denied: [client 203.133.169.112:54158] AH00529: /var/www/vhosts/saratogahistory.com/httpdocs/phpBB/.htaccess pcfg_openfile: unable to check htaccess file, ensure it is readable and that '/var/www/vhosts/saratogahistory.com/httpdocs/phpBB/' is executable
[Sat Aug 22 02:26:53.272968 2020] [core:crit] [pid 32352:tid 140619355772672] (13)Permission denied: [client 203.133.169.112:54310] AH00529: /var/www/vhosts/saratogahistory.com/httpdocs/phpBB/.htaccess pcfg_openfile: unable to check htaccess file, ensure it is readable and that '/var/www/vhosts/saratogahistory.com/httpdocs/phpBB/' is executable
[Sat Aug 22 02:26:58.289269 2020] [core:crit] [pid 6888:tid 140619282343680] (13)Permission denied: [client 203.133.169.112:54500] AH00529: /var/www/vhosts/saratogahistory.com/httpdocs/phpBB/.htaccess pcfg_openfile: unable to check htaccess file, ensure it is readable and that '/var/www/vhosts/saratogahistory.com/httpdocs/phpBB/' is executable
[Sat Aug 22 02:27:03.205565 2020] [core:crit] [pid 32352:tid 140619250874112] (13)Permission denied: [client 203.133.169.112:54706] AH00529: /var/www/vhosts/saratogahistory.com/httpdocs/phpBB/.htaccess pcfg_openfile: unable to check htaccess file, ensure it is readable and that '/var/www/vhosts/saratogahistory.com/httpdocs/phpBB/' is executable
[Sat Aug 22 02:27:08.187559 2020] [core:crit] [pid 32352:tid 140619334792960] (13)Permission denied: [client 203.133.169.112:54902] AH00529: /var/www/vhosts/saratogahistory.com/httpdocs/phpBB/.htaccess pcfg_openfile: unable to check htaccess file, ensure it is readable and that '/var/www/vhosts/saratogahistory.com/httpdocs/phpBB/' is executable
[Sat Aug 22 02:27:13.175128 2020] [core:crit] [pid 6888:tid 140619261363968] (13)Permission denied: [client 203.133.169.112:55054] AH00529: /var/www/vhosts/saratogahistory.com/httpdocs/phpBB/.htaccess pcfg_openfile: unable to check htaccess file, ensure it is readable and that '/var/www/vhosts/saratogahistory.com/httpdocs/phpBB/' is executable
[Sat Aug 22 02:27:18.301044 2020] [core:crit] [pid 32325:tid 140619229894400] (13)Permission denied: [client 203.133.169.112:55306] AH00529: /var/www/vhosts/saratogahistory.com/httpdocs/phpBB/.htaccess pcfg_openfile: unable to check htaccess file, ensure it is readable and that '/var/www/vhosts/saratogahistory.com/httpdocs/phpBB/' is executable
[Sat Aug 22 02:27:23.278745 2020] [core:crit] [pid 6888:tid 140619240384256] (13)Permission denied: [client 203.133.169.112:55478] AH00529: /var/www/vhosts/saratogahistory.com/httpdocs/phpBB/.htaccess pcfg_openfile: unable to check htaccess file, ensure it is readable and that '/var/www/vhosts/saratogahistory.com/httpdocs/phpBB/' is executable
[Sat Aug 22 02:27:28.240017 2020] [core:crit] [pid 32352:tid 140619376752384] (13)Permission denied: [client 203.133.169.112:55682] AH00529: /var/www/vhosts/saratogahistory.com/httpdocs/phpBB/.htaccess pcfg_openfile: unable to check htaccess file, ensure it is readable and that '/var/www/vhosts/saratogahistory.com/httpdocs/phpBB/' is executable
[Sat Aug 22 02:27:33.221661 2020] [core:crit] [pid 6888:tid 140619250874112] (13)Permission denied: [client 203.133.169.112:55868] AH00529: /var/www/vhosts/saratogahistory.com/httpdocs/phpBB/.htaccess pcfg_openfile: unable to check htaccess file, ensure it is readable and that '/var/www/vhosts/saratogahistory.com/httpdocs/phpBB/' is executable
[Sat Aug 22 02:27:38.108715 2020] [core:crit] [pid 6888:tid 140619187934976] (13)Permission denied: [client 203.133.169.112:56038] AH00529: /var/www/vhosts/saratogahistory.com/httpdocs/phpBB/.htaccess pcfg_openfile: unable to check htaccess file, ensure it is readable and that '/var/www/vhosts/saratogahistory.com/httpdocs/phpBB/' is executable
[Sat Aug 22 02:27:43.009732 2020] [core:crit] [pid 6888:tid 140619229894400] (13)Permission denied: [client 203.133.169.112:56224] AH00529: /var/www/vhosts/saratogahistory.com/httpdocs/phpBB/.htaccess pcfg_openfile: unable to check htaccess file, ensure it is readable and that '/var/www/vhosts/saratogahistory.com/httpdocs/phpBB/' is executable
[Sat Aug 22 02:27:47.918004 2020] [core:crit] [pid 32352:tid 140619187934976] (13)Permission denied: [client 203.133.169.112:56380] AH00529: /var/www/vhosts/saratogahistory.com/httpdocs/phpBB/.htaccess pcfg_openfile: unable to check htaccess file, ensure it is readable and that '/var/www/vhosts/saratogahistory.com/httpdocs/phpBB/' is executable
[Sat Aug 22 02:27:53.044861 2020] [core:crit] [pid 32352:tid 140619366262528] (13)Permission denied: [client 203.133.169.112:56536] AH00529: /var/www/vhosts/saratogahistory.com/httpdocs/phpBB/.htaccess pcfg_openfile: unable to check htaccess file, ensure it is readable and that '/var/www/vhosts/saratogahistory.com/httpdocs/phpBB/' is executable
[Sat Aug 22 02:27:57.918895 2020] [core:crit] [pid 32352:tid 140619345282816] (13)Permission denied: [client 203.133.169.112:56642] AH00529: /var/www/vhosts/saratogahistory.com/httpdocs/phpBB/.htaccess pcfg_openfile: unable to check htaccess file, ensure it is readable and that '/var/www/vhosts/saratogahistory.com/httpdocs/phpBB/' is executable
[Sat Aug 22 02:28:02.944467 2020] [core:crit] [pid 6888:tid 140619219404544] (13)Permission denied: [client 203.133.169.112:56856] AH00529: /var/www/vhosts/saratogahistory.com/httpdocs/phpBB/.htaccess pcfg_openfile: unable to check htaccess file, ensure it is readable and that '/var/www/vhosts/saratogahistory.com/httpdocs/phpBB/' is executable
[Sat Aug 22 02:28:07.844885 2020] [core:crit] [pid 6888:tid 140619208914688] (13)Permission denied: [client 203.133.169.112:57020] AH00529: /var/www/vhosts/saratogahistory.com/httpdocs/phpBB/.htaccess pcfg_openfile: unable to check htaccess file, ensure it is readable and that '/var/www/vhosts/saratogahistory.com/httpdocs/phpBB/' is executable
[Sat Aug 22 02:28:12.725230 2020] [core:crit] [pid 32352:tid 140619145975552] (13)Permission denied: [client 203.133.169.112:57258] AH00529: /var/www/vhosts/saratogahistory.com/httpdocs/phpBB/.htaccess pcfg_openfile: unable to check htaccess file, ensure it is readable and that '/var/www/vhosts/saratogahistory.com/httpdocs/phpBB/' is executable
[Sat Aug 22 02:28:17.619175 2020] [core:crit] [pid 6888:tid 140619177445120] (13)Permission denied: [client 203.133.169.112:57410] AH00529: /var/www/vhosts/saratogahistory.com/httpdocs/phpBB/.htaccess pcfg_openfile: unable to check htaccess file, ensure it is readable and that '/var/www/vhosts/saratogahistory.com/httpdocs/phpBB/' is executable
[Sat Aug 22 02:28:22.635548 2020] [core:crit] [pid 32352:tid 140619219404544] (13)Permission denied: [client 203.133.169.112:57586] AH00529: /var/www/vhosts/saratogahistory.com/httpdocs/phpBB/.htaccess pcfg_openfile: unable to check htaccess file, ensure it is readable and that '/var/www/vhosts/saratogahistory.com/httpdocs/phpBB/' is executable
[Sat Aug 22 02:28:27.838647 2020] [core:crit] [pid 6888:tid 140619145975552] (13)Permission denied: [client 203.133.169.112:57788] AH00529: /var/www/vhosts/saratogahistory.com/httpdocs/phpBB/.htaccess pcfg_openfile: unable to check htaccess file, ensure it is readable and that '/var/www/vhosts/saratogahistory.com/httpdocs/phpBB/' is executable
[Sat Aug 22 02:28:32.727473 2020] [core:crit] [pid 6888:tid 140619156465408] (13)Permission denied: [client 203.133.169.112:57970] AH00529: /var/www/vhosts/saratogahistory.com/httpdocs/phpBB/.htaccess pcfg_openfile: unable to check htaccess file, ensure it is readable and that '/var/www/vhosts/saratogahistory.com/httpdocs/phpBB/' is executable
[Sat Aug 22 02:28:37.628706 2020] [core:crit] [pid 6888:tid 140619124995840] (13)Permission denied: [client 203.133.169.112:58172] AH00529: /var/www/vhosts/saratogahistory.com/httpdocs/phpBB/.htaccess pcfg_openfile: unable to check htaccess file, ensure it is readable and that '/var/www/vhosts/saratogahistory.com/httpdocs/phpBB/' is executable
[Sat Aug 22 02:33:21.249369 2020] [core:crit] [pid 6888:tid 140619292833536] (13)Permission denied: [client 212.164.64.118:40162] AH00529: /var/www/vhosts/saratogahistory.com/httpdocs/phpBB/.htaccess pcfg_openfile: unable to check htaccess file, ensure it is readable and that '/var/www/vhosts/saratogahistory.com/httpdocs/phpBB/' is executable, referer: http://www.saratogahistory.com/phpBB/index.php
[Sat Aug 22 02:33:22.666677 2020] [proxy_fcgi:error] [pid 32352:tid 140619135485696] [client 212.164.64.118:40202] AH01071: Got error 'Primary script unknown\n', referer: http://www.saratogahistory.com/index.php
[Sat Aug 22 02:33:23.196025 2020] [proxy_fcgi:error] [pid 32352:tid 140619198424832] [client 212.164.64.118:40246] AH01071: Got error 'Primary script unknown\n', referer: http://www.saratogahistory.com/index.php
[Sat Aug 22 02:33:23.583409 2020] [proxy_fcgi:error] [pid 6888:tid 140619303323392] [client 212.164.64.118:40256] AH01071: Got error 'Primary script unknown\n', referer: http://www.saratogahistory.com/index.php
[Sat Aug 22 02:37:47.975106 2020] [core:crit] [pid 32352:tid 140619124995840] (13)Permission denied: [client 66.249.66.23:51106] AH00529: /var/www/vhosts/saratogahistory.com/httpdocs/phpBB/.htaccess pcfg_openfile: unable to check htaccess file, ensure it is readable and that '/var/www/vhosts/saratogahistory.com/httpdocs/phpBB/' is executable
[Sat Aug 22 02:42:48.038368 2020] [core:crit] [pid 6888:tid 140619240384256] (13)Permission denied: [client 66.249.66.25:35114] AH00529: /var/www/vhosts/saratogahistory.com/httpdocs/phpBB/.htaccess pcfg_openfile: unable to check htaccess file, ensure it is readable and that '/var/www/vhosts/saratogahistory.com/httpdocs/phpBB/' is executable
[Sat Aug 22 03:22:00.460281 2020] [core:crit] [pid 6888:tid 140619145975552] (13)Permission denied: [client 203.133.169.112:51230] AH00529: /var/www/vhosts/saratogahistory.com/httpdocs/phpBB/.htaccess pcfg_openfile: unable to check htaccess file, ensure it is readable and that '/var/www/vhosts/saratogahistory.com/httpdocs/phpBB/' is executable
[Sat Aug 22 03:22:05.422549 2020] [core:crit] [pid 6888:tid 140619156465408] (13)Permission denied: [client 203.133.169.112:51414] AH00529: /var/www/vhosts/saratogahistory.com/httpdocs/phpBB/.htaccess pcfg_openfile: unable to check htaccess file, ensure it is readable and that '/var/www/vhosts/saratogahistory.com/httpdocs/phpBB/' is executable
[Sat Aug 22 03:22:16.002575 2020] [core:crit] [pid 6888:tid 140619124995840] (13)Permission denied: [client 95.111.240.199:51864] AH00529: /var/www/vhosts/saratogahistory.com/httpdocs/phpBB/.htaccess pcfg_openfile: unable to check htaccess file, ensure it is readable and that '/var/www/vhosts/saratogahistory.com/httpdocs/phpBB/' is executable, referer: http://www.saratogahistory.com/phpBB/index.php
[Sat Aug 22 03:22:16.864798 2020] [proxy_fcgi:error] [pid 6888:tid 140619166955264] [client 95.111.240.199:51922] AH01071: Got error 'Primary script unknown\n', referer: http://www.saratogahistory.com/index.php
[Sat Aug 22 03:22:17.081963 2020] [proxy_fcgi:error] [pid 6888:tid 140619355772672] [client 95.111.240.199:51928] AH01071: Got error 'Primary script unknown\n', referer: http://www.saratogahistory.com/index.php
[Sat Aug 22 03:22:17.303452 2020] [proxy_fcgi:error] [pid 6888:tid 140619376752384] [client 95.111.240.199:51936] AH01071: Got error 'Primary script unknown\n', referer: http://www.saratogahistory.com/index.php
[Sat Aug 22 03:22:23.949059 2020] [core:crit] [pid 32352:tid 140619145975552] (13)Permission denied: [client 178.158.64.59:52166] AH00529: /var/www/vhosts/saratogahistory.com/httpdocs/phpBB/.htaccess pcfg_openfile: unable to check htaccess file, ensure it is readable and that '/var/www/vhosts/saratogahistory.com/httpdocs/phpBB/' is executable, referer: http://www.saratogahistory.com/
[Sat Aug 22 03:23:06.812829 2020] [proxy_fcgi:error] [pid 6888:tid 140619292833536] [client 150.107.215.62:54146] AH01071: Got error 'Primary script unknown\n'
[Sat Aug 22 04:18:42.669296 2020] [core:crit] [pid 6888:tid 140619282343680] (13)Permission denied: [client 185.25.35.13:59416] AH00529: /var/www/vhosts/saratogahistory.com/httpdocs/phpBB/.htaccess pcfg_openfile: unable to check htaccess file, ensure it is readable and that '/var/www/vhosts/saratogahistory.com/httpdocs/phpBB/' is executable
[Sat Aug 22 04:20:38.549966 2020] [core:crit] [pid 6888:tid 140619261363968] (13)Permission denied: [client 89.234.157.254:36506] AH00529: /var/www/vhosts/saratogahistory.com/httpdocs/phpBB/.htaccess pcfg_openfile: unable to check htaccess file, ensure it is readable and that '/var/www/vhosts/saratogahistory.com/httpdocs/phpBB/' is executable, referer: http://www.saratogahistory.com/phpBB/index.php
[Sat Aug 22 04:29:33.277909 2020] [core:crit] [pid 6888:tid 140619271853824] (13)Permission denied: [client 178.214.248.6:60294] AH00529: /var/www/vhosts/saratogahistory.com/httpdocs/phpBB/.htaccess pcfg_openfile: unable to check htaccess file, ensure it is readable and that '/var/www/vhosts/saratogahistory.com/httpdocs/phpBB/' is executable, referer: http://www.saratogahistory.com/phpBB/index.php
[Sat Aug 22 04:48:51.225698 2020] [core:crit] [pid 32325:tid 140619187934976] (13)Permission denied: [client 178.214.248.6:51442] AH00529: /var/www/vhosts/saratogahistory.com/httpdocs/phpBB/.htaccess pcfg_openfile: unable to check htaccess file, ensure it is readable and that '/var/www/vhosts/saratogahistory.com/httpdocs/phpBB/' is executable, referer: http://www.saratogahistory.com/phpBB/index.php
[Sat Aug 22 05:20:31.497602 2020] [core:crit] [pid 6888:tid 140619271853824] (13)Permission denied: [client 185.25.35.13:47606] AH00529: /var/www/vhosts/saratogahistory.com/httpdocs/phpBB/.htaccess pcfg_openfile: unable to check htaccess file, ensure it is readable and that '/var/www/vhosts/saratogahistory.com/httpdocs/phpBB/' is executable
[Sat Aug 22 05:46:34.557980 2020] [core:crit] [pid 6888:tid 140619366262528] (13)Permission denied: [client 203.133.169.112:53386] AH00529: /var/www/vhosts/saratogahistory.com/httpdocs/phpBB/.htaccess pcfg_openfile: unable to check htaccess file, ensure it is readable and that '/var/www/vhosts/saratogahistory.com/httpdocs/phpBB/' is executable
[Sat Aug 22 05:46:39.446787 2020] [core:crit] [pid 6888:tid 140619198424832] (13)Permission denied: [client 203.133.169.112:53548] AH00529: /var/www/vhosts/saratogahistory.com/httpdocs/phpBB/.htaccess pcfg_openfile: unable to check htaccess file, ensure it is readable and that '/var/www/vhosts/saratogahistory.com/httpdocs/phpBB/' is executable
[Sat Aug 22 05:46:44.466390 2020] [core:crit] [pid 6888:tid 140619324303104] (13)Permission denied: [client 203.133.169.112:53750] AH00529: /var/www/vhosts/saratogahistory.com/httpdocs/phpBB/.htaccess pcfg_openfile: unable to check htaccess file, ensure it is readable and that '/var/www/vhosts/saratogahistory.com/httpdocs/phpBB/' is executable
[Sat Aug 22 05:46:49.449356 2020] [core:crit] [pid 32352:tid 140619345282816] (13)Permission denied: [client 203.133.169.112:53950] AH00529: /var/www/vhosts/saratogahistory.com/httpdocs/phpBB/.htaccess pcfg_openfile: unable to check htaccess file, ensure it is readable and that '/var/www/vhosts/saratogahistory.com/httpdocs/phpBB/' is executable
[Sat Aug 22 05:46:54.390894 2020] [core:crit] [pid 6888:tid 140619271853824] (13)Permission denied: [client 203.133.169.112:54160] AH00529: /var/www/vhosts/saratogahistory.com/httpdocs/phpBB/.htaccess pcfg_openfile: unable to check htaccess file, ensure it is readable and that '/var/www/vhosts/saratogahistory.com/httpdocs/phpBB/' is executable
[Sat Aug 22 05:46:59.297428 2020] [core:crit] [pid 32352:tid 140619145975552] (13)Permission denied: [client 203.133.169.112:54342] AH00529: /var/www/vhosts/saratogahistory.com/httpdocs/phpBB/.htaccess pcfg_openfile: unable to check htaccess file, ensure it is readable and that '/var/www/vhosts/saratogahistory.com/httpdocs/phpBB/' is executable
[Sat Aug 22 05:47:04.438427 2020] [core:crit] [pid 32352:tid 140619219404544] (13)Permission denied: [client 203.133.169.112:54504] AH00529: /var/www/vhosts/saratogahistory.com/httpdocs/phpBB/.htaccess pcfg_openfile: unable to check htaccess file, ensure it is readable and that '/var/www/vhosts/saratogahistory.com/httpdocs/phpBB/' is executable
[Sat Aug 22 05:47:09.326633 2020] [core:crit] [pid 32352:tid 140619135485696] (13)Permission denied: [client 203.133.169.112:54662] AH00529: /var/www/vhosts/saratogahistory.com/httpdocs/phpBB/.htaccess pcfg_openfile: unable to check htaccess file, ensure it is readable and that '/var/www/vhosts/saratogahistory.com/httpdocs/phpBB/' is executable
[Sat Aug 22 05:47:14.209313 2020] [core:crit] [pid 6888:tid 140619282343680] (13)Permission denied: [client 203.133.169.112:54918] AH00529: /var/www/vhosts/saratogahistory.com/httpdocs/phpBB/.htaccess pcfg_openfile: unable to check htaccess file, ensure it is readable and that '/var/www/vhosts/saratogahistory.com/httpdocs/phpBB/' is executable
[Sat Aug 22 05:47:19.238205 2020] [core:crit] [pid 32352:tid 140619198424832] (13)Permission denied: [client 203.133.169.112:55080] AH00529: /var/www/vhosts/saratogahistory.com/httpdocs/phpBB/.htaccess pcfg_openfile: unable to check htaccess file, ensure it is readable and that '/var/www/vhosts/saratogahistory.com/httpdocs/phpBB/' is executable
[Sat Aug 22 05:47:24.118945 2020] [core:crit] [pid 32325:tid 140619271853824] (13)Permission denied: [client 203.133.169.112:55226] AH00529: /var/www/vhosts/saratogahistory.com/httpdocs/phpBB/.htaccess pcfg_openfile: unable to check htaccess file, ensure it is readable and that '/var/www/vhosts/saratogahistory.com/httpdocs/phpBB/' is executable
[Sat Aug 22 05:47:29.167834 2020] [core:crit] [pid 6888:tid 140619261363968] (13)Permission denied: [client 203.133.169.112:55362] AH00529: /var/www/vhosts/saratogahistory.com/httpdocs/phpBB/.htaccess pcfg_openfile: unable to check htaccess file, ensure it is readable and that '/var/www/vhosts/saratogahistory.com/httpdocs/phpBB/' is executable
[Sat Aug 22 05:47:34.165185 2020] [core:crit] [pid 6888:tid 140619240384256] (13)Permission denied: [client 203.133.169.112:55516] AH00529: /var/www/vhosts/saratogahistory.com/httpdocs/phpBB/.htaccess pcfg_openfile: unable to check htaccess file, ensure it is readable and that '/var/www/vhosts/saratogahistory.com/httpdocs/phpBB/' is executable
[Sat Aug 22 05:47:39.413286 2020] [core:crit] [pid 6888:tid 140619229894400] (13)Permission denied: [client 203.133.169.112:55752] AH00529: /var/www/vhosts/saratogahistory.com/httpdocs/phpBB/.htaccess pcfg_openfile: unable to check htaccess file, ensure it is readable and that '/var/www/vhosts/saratogahistory.com/httpdocs/phpBB/' is executable
[Sat Aug 22 05:47:44.403980 2020] [core:crit] [pid 6888:tid 140619219404544] (13)Permission denied: [client 203.133.169.112:55910] AH00529: /var/www/vhosts/saratogahistory.com/httpdocs/phpBB/.htaccess pcfg_openfile: unable to check htaccess file, ensure it is readable and that '/var/www/vhosts/saratogahistory.com/httpdocs/phpBB/' is executable
[Sat Aug 22 05:47:49.319519 2020] [core:crit] [pid 6888:tid 140619208914688] (13)Permission denied: [client 203.133.169.112:56096] AH00529: /var/www/vhosts/saratogahistory.com/httpdocs/phpBB/.htaccess pcfg_openfile: unable to check htaccess file, ensure it is readable and that '/var/www/vhosts/saratogahistory.com/httpdocs/phpBB/' is executable
[Sat Aug 22 05:47:54.197777 2020] [core:crit] [pid 6888:tid 140619177445120] (13)Permission denied: [client 203.133.169.112:56264] AH00529: /var/www/vhosts/saratogahistory.com/httpdocs/phpBB/.htaccess pcfg_openfile: unable to check htaccess file, ensure it is readable and that '/var/www/vhosts/saratogahistory.com/httpdocs/phpBB/' is executable
[Sat Aug 22 05:47:59.080479 2020] [core:crit] [pid 6888:tid 140619145975552] (13)Permission denied: [client 203.133.169.112:56506] AH00529: /var/www/vhosts/saratogahistory.com/httpdocs/phpBB/.htaccess pcfg_openfile: unable to check htaccess file, ensure it is readable and that '/var/www/vhosts/saratogahistory.com/httpdocs/phpBB/' is executable
[Sat Aug 22 05:48:04.084124 2020] [core:crit] [pid 32352:tid 140619303323392] (13)Permission denied: [client 203.133.169.112:56710] AH00529: /var/www/vhosts/saratogahistory.com/httpdocs/phpBB/.htaccess pcfg_openfile: unable to check htaccess file, ensure it is readable and that '/var/www/vhosts/saratogahistory.com/httpdocs/phpBB/' is executable
[Sat Aug 22 05:48:08.993341 2020] [core:crit] [pid 6888:tid 140619156465408] (13)Permission denied: [client 203.133.169.112:56874] AH00529: /var/www/vhosts/saratogahistory.com/httpdocs/phpBB/.htaccess pcfg_openfile: unable to check htaccess file, ensure it is readable and that '/var/www/vhosts/saratogahistory.com/httpdocs/phpBB/' is executable
[Sat Aug 22 05:48:14.132628 2020] [core:crit] [pid 32352:tid 140619156465408] (13)Permission denied: [client 203.133.169.112:57090] AH00529: /var/www/vhosts/saratogahistory.com/httpdocs/phpBB/.htaccess pcfg_openfile: unable to check htaccess file, ensure it is readable and that '/var/www/vhosts/saratogahistory.com/httpdocs/phpBB/' is executable
[Sat Aug 22 05:48:19.020999 2020] [core:crit] [pid 6888:tid 140619124995840] (13)Permission denied: [client 203.133.169.112:57334] AH00529: /var/www/vhosts/saratogahistory.com/httpdocs/phpBB/.htaccess pcfg_openfile: unable to check htaccess file, ensure it is readable and that '/var/www/vhosts/saratogahistory.com/httpdocs/phpBB/' is executable
[Sat Aug 22 05:48:24.013752 2020] [core:crit] [pid 6888:tid 140619135485696] (13)Permission denied: [client 203.133.169.112:57536] AH00529: /var/www/vhosts/saratogahistory.com/httpdocs/phpBB/.htaccess pcfg_openfile: unable to check htaccess file, ensure it is readable and that '/var/www/vhosts/saratogahistory.com/httpdocs/phpBB/' is executable
[Sat Aug 22 05:48:28.940186 2020] [core:crit] [pid 32352:tid 140619124995840] (13)Permission denied: [client 203.133.169.112:57722] AH00529: /var/www/vhosts/saratogahistory.com/httpdocs/phpBB/.htaccess pcfg_openfile: unable to check htaccess file, ensure it is readable and that '/var/www/vhosts/saratogahistory.com/httpdocs/phpBB/' is executable
[Sat Aug 22 06:01:15.671587 2020] [core:crit] [pid 32325:tid 140619376752384] (13)Permission denied: [client 185.25.35.8:36396] AH00529: /var/www/vhosts/saratogahistory.com/httpdocs/phpBB/.htaccess pcfg_openfile: unable to check htaccess file, ensure it is readable and that '/var/www/vhosts/saratogahistory.com/httpdocs/phpBB/' is executable
[Sat Aug 22 06:20:14.160122 2020] [core:crit] [pid 6888:tid 140619156465408] (13)Permission denied: [client 185.25.35.15:57436] AH00529: /var/www/vhosts/saratogahistory.com/httpdocs/phpBB/.htaccess pcfg_openfile: unable to check htaccess file, ensure it is readable and that '/var/www/vhosts/saratogahistory.com/httpdocs/phpBB/' is executable
[Sat Aug 22 06:31:44.346083 2020] [core:crit] [pid 6888:tid 140619366262528] (13)Permission denied: [client 178.17.174.232:59822] AH00529: /var/www/vhosts/saratogahistory.com/httpdocs/phpBB/.htaccess pcfg_openfile: unable to check htaccess file, ensure it is readable and that '/var/www/vhosts/saratogahistory.com/httpdocs/phpBB/' is executable, referer: http://www.saratogahistory.com/phpBB/index.php
[Sat Aug 22 07:29:31.356373 2020] [core:crit] [pid 6888:tid 140619261363968] (13)Permission denied: [client 109.70.100.41:36754] AH00529: /var/www/vhosts/saratogahistory.com/httpdocs/phpBB/.htaccess pcfg_openfile: unable to check htaccess file, ensure it is readable and that '/var/www/vhosts/saratogahistory.com/httpdocs/phpBB/' is executable, referer: http://www.saratogahistory.com/phpBB/index.php
[Sat Aug 22 07:32:07.475924 2020] [core:crit] [pid 6888:tid 140619303323392] (13)Permission denied: [client 178.158.64.59:43490] AH00529: /var/www/vhosts/saratogahistory.com/httpdocs/phpBB/.htaccess pcfg_openfile: unable to check htaccess file, ensure it is readable and that '/var/www/vhosts/saratogahistory.com/httpdocs/phpBB/' is executable, referer: http://www.saratogahistory.com/phpBB/viewtopic.php?t=337&sid=76929d8309d2d3ec28ede062f7aa3010
[Sat Aug 22 07:32:08.623235 2020] [proxy_fcgi:error] [pid 6888:tid 140619366262528] [client 178.158.64.59:43532] AH01071: Got error 'Primary script unknown\n', referer: http://www.saratogahistory.com/index.php
[Sat Aug 22 07:32:08.936625 2020] [proxy_fcgi:error] [pid 32352:tid 140619135485696] [client 178.158.64.59:43560] AH01071: Got error 'Primary script unknown\n', referer: http://www.saratogahistory.com/index.php
[Sat Aug 22 07:32:09.244465 2020] [proxy_fcgi:error] [pid 6888:tid 140619198424832] [client 178.158.64.59:43574] AH01071: Got error 'Primary script unknown\n', referer: http://www.saratogahistory.com/index.php
[Sat Aug 22 07:33:32.689036 2020] [core:crit] [pid 6888:tid 140619324303104] (13)Permission denied: [client 185.220.102.4:46346] AH00529: /var/www/vhosts/saratogahistory.com/httpdocs/phpBB/.htaccess pcfg_openfile: unable to check htaccess file, ensure it is readable and that '/var/www/vhosts/saratogahistory.com/httpdocs/phpBB/' is executable, referer: http://www.saratogahistory.com/phpBB/index.php
[Sat Aug 22 08:03:19.387848 2020] [proxy_fcgi:error] [pid 32352:tid 140619313813248] [client 103.137.93.10:38266] AH01071: Got error 'Primary script unknown\n'
[Sat Aug 22 09:28:27.077464 2020] [core:crit] [pid 32325:tid 140619177445120] (13)Permission denied: [client 185.100.87.41:43322] AH00529: /var/www/vhosts/saratogahistory.com/httpdocs/phpBB/.htaccess pcfg_openfile: unable to check htaccess file, ensure it is readable and that '/var/www/vhosts/saratogahistory.com/httpdocs/phpBB/' is executable, referer: http://www.saratogahistory.com/phpBB/index.php
[Sat Aug 22 09:43:38.341068 2020] [proxy_fcgi:error] [pid 6888:tid 140619250874112] [client 132.148.154.8:51282] AH01071: Got error 'Primary script unknown\n', referer: http://saratogahistory.com/wp-login.php
[Sat Aug 22 09:51:47.258536 2020] [core:crit] [pid 6888:tid 140619156465408] (13)Permission denied: [client 178.214.248.6:42722] AH00529: /var/www/vhosts/saratogahistory.com/httpdocs/phpBB/.htaccess pcfg_openfile: unable to check htaccess file, ensure it is readable and that '/var/www/vhosts/saratogahistory.com/httpdocs/phpBB/' is executable, referer: http://www.saratogahistory.com/phpBB/index.php
[Sat Aug 22 09:59:31.468134 2020] [core:crit] [pid 32325:tid 140619166955264] (13)Permission denied: [client 203.133.169.112:59860] AH00529: /var/www/vhosts/saratogahistory.com/httpdocs/phpBB/.htaccess pcfg_openfile: unable to check htaccess file, ensure it is readable and that '/var/www/vhosts/saratogahistory.com/httpdocs/phpBB/' is executable
[Sat Aug 22 09:59:36.542088 2020] [core:crit] [pid 6888:tid 140619271853824] (13)Permission denied: [client 203.133.169.112:60044] AH00529: /var/www/vhosts/saratogahistory.com/httpdocs/phpBB/.htaccess pcfg_openfile: unable to check htaccess file, ensure it is readable and that '/var/www/vhosts/saratogahistory.com/httpdocs/phpBB/' is executable
[Sat Aug 22 09:59:41.421036 2020] [core:crit] [pid 6888:tid 140619282343680] (13)Permission denied: [client 203.133.169.112:60248] AH00529: /var/www/vhosts/saratogahistory.com/httpdocs/phpBB/.htaccess pcfg_openfile: unable to check htaccess file, ensure it is readable and that '/var/www/vhosts/saratogahistory.com/httpdocs/phpBB/' is executable
[Sat Aug 22 09:59:46.421566 2020] [core:crit] [pid 32352:tid 140619124995840] (13)Permission denied: [client 203.133.169.112:60478] AH00529: /var/www/vhosts/saratogahistory.com/httpdocs/phpBB/.htaccess pcfg_openfile: unable to check htaccess file, ensure it is readable and that '/var/www/vhosts/saratogahistory.com/httpdocs/phpBB/' is executable
[Sat Aug 22 09:59:51.457713 2020] [core:crit] [pid 32352:tid 140619271853824] (13)Permission denied: [client 203.133.169.112:60676] AH00529: /var/www/vhosts/saratogahistory.com/httpdocs/phpBB/.htaccess pcfg_openfile: unable to check htaccess file, ensure it is readable and that '/var/www/vhosts/saratogahistory.com/httpdocs/phpBB/' is executable
[Sat Aug 22 09:59:56.448182 2020] [core:crit] [pid 32352:tid 140619282343680] (13)Permission denied: [client 203.133.169.112:60840] AH00529: /var/www/vhosts/saratogahistory.com/httpdocs/phpBB/.htaccess pcfg_openfile: unable to check htaccess file, ensure it is readable and that '/var/www/vhosts/saratogahistory.com/httpdocs/phpBB/' is executable
[Sat Aug 22 10:00:01.523384 2020] [core:crit] [pid 6888:tid 140619261363968] (13)Permission denied: [client 203.133.169.112:32902] AH00529: /var/www/vhosts/saratogahistory.com/httpdocs/phpBB/.htaccess pcfg_openfile: unable to check htaccess file, ensure it is readable and that '/var/www/vhosts/saratogahistory.com/httpdocs/phpBB/' is executable
[Sat Aug 22 10:00:06.551423 2020] [core:crit] [pid 32352:tid 140619292833536] (13)Permission denied: [client 203.133.169.112:33236] AH00529: /var/www/vhosts/saratogahistory.com/httpdocs/phpBB/.htaccess pcfg_openfile: unable to check htaccess file, ensure it is readable and that '/var/www/vhosts/saratogahistory.com/httpdocs/phpBB/' is executable
[Sat Aug 22 10:00:11.539143 2020] [core:crit] [pid 32322:tid 140619292833536] (13)Permission denied: [client 203.133.169.112:33334] AH00529: /var/www/vhosts/saratogahistory.com/httpdocs/phpBB/.htaccess pcfg_openfile: unable to check htaccess file, ensure it is readable and that '/var/www/vhosts/saratogahistory.com/httpdocs/phpBB/' is executable
[Sat Aug 22 10:00:16.546324 2020] [core:crit] [pid 32325:tid 140619145975552] (13)Permission denied: [client 203.133.169.112:33416] AH00529: /var/www/vhosts/saratogahistory.com/httpdocs/phpBB/.htaccess pcfg_openfile: unable to check htaccess file, ensure it is readable and that '/var/www/vhosts/saratogahistory.com/httpdocs/phpBB/' is executable
[Sat Aug 22 10:00:21.447234 2020] [core:crit] [pid 6888:tid 140619240384256] (13)Permission denied: [client 203.133.169.112:33538] AH00529: /var/www/vhosts/saratogahistory.com/httpdocs/phpBB/.htaccess pcfg_openfile: unable to check htaccess file, ensure it is readable and that '/var/www/vhosts/saratogahistory.com/httpdocs/phpBB/' is executable
[Sat Aug 22 10:00:26.428943 2020] [core:crit] [pid 6888:tid 140619250874112] (13)Permission denied: [client 203.133.169.112:33636] AH00529: /var/www/vhosts/saratogahistory.com/httpdocs/phpBB/.htaccess pcfg_openfile: unable to check htaccess file, ensure it is readable and that '/var/www/vhosts/saratogahistory.com/httpdocs/phpBB/' is executable
[Sat Aug 22 10:00:31.350551 2020] [core:crit] [pid 6888:tid 140619187934976] (13)Permission denied: [client 203.133.169.112:33734] AH00529: /var/www/vhosts/saratogahistory.com/httpdocs/phpBB/.htaccess pcfg_openfile: unable to check htaccess file, ensure it is readable and that '/var/www/vhosts/saratogahistory.com/httpdocs/phpBB/' is executable
[Sat Aug 22 10:12:47.801074 2020] [core:crit] [pid 32352:tid 140619250874112] (13)Permission denied: [client 89.34.27.59:37466] AH00529: /var/www/vhosts/saratogahistory.com/httpdocs/phpBB/.htaccess pcfg_openfile: unable to check htaccess file, ensure it is readable and that '/var/www/vhosts/saratogahistory.com/httpdocs/phpBB/' is executable, referer: http://www.saratogahistory.com/phpBB/index.php
[Sat Aug 22 10:16:57.198096 2020] [core:crit] [pid 6888:tid 140619229894400] (13)Permission denied: [client 185.25.35.15:51478] AH00529: /var/www/vhosts/saratogahistory.com/httpdocs/phpBB/.htaccess pcfg_openfile: unable to check htaccess file, ensure it is readable and that '/var/www/vhosts/saratogahistory.com/httpdocs/phpBB/' is executable
[Sat Aug 22 10:34:25.367508 2020] [core:crit] [pid 6888:tid 140619240384256] (13)Permission denied: [client 40.77.167.37:36668] AH00529: /var/www/vhosts/saratogahistory.com/httpdocs/phpBB/.htaccess pcfg_openfile: unable to check htaccess file, ensure it is readable and that '/var/www/vhosts/saratogahistory.com/httpdocs/phpBB/' is executable
[Sat Aug 22 10:39:45.770077 2020] [core:crit] [pid 6888:tid 140619135485696] (13)Permission denied: [client 23.129.64.185:50496] AH00529: /var/www/vhosts/saratogahistory.com/httpdocs/phpBB/.htaccess pcfg_openfile: unable to check htaccess file, ensure it is readable and that '/var/www/vhosts/saratogahistory.com/httpdocs/phpBB/' is executable, referer: http://www.saratogahistory.com/phpBB/index.php
[Sat Aug 22 11:17:25.445135 2020] [core:crit] [pid 6888:tid 140619198424832] (13)Permission denied: [client 185.25.35.10:50406] AH00529: /var/www/vhosts/saratogahistory.com/httpdocs/phpBB/.htaccess pcfg_openfile: unable to check htaccess file, ensure it is readable and that '/var/www/vhosts/saratogahistory.com/httpdocs/phpBB/' is executable
[Sat Aug 22 11:24:02.120766 2020] [core:crit] [pid 32352:tid 140619124995840] (13)Permission denied: [client 185.220.101.137:35934] AH00529: /var/www/vhosts/saratogahistory.com/httpdocs/phpBB/.htaccess pcfg_openfile: unable to check htaccess file, ensure it is readable and that '/var/www/vhosts/saratogahistory.com/httpdocs/phpBB/' is executable, referer: http://www.saratogahistory.com/phpBB/index.php
[Sat Aug 22 12:05:15.833285 2020] [core:crit] [pid 6888:tid 140619345282816] (13)Permission denied: [client 185.25.35.10:46336] AH00529: /var/www/vhosts/saratogahistory.com/httpdocs/phpBB/.htaccess pcfg_openfile: unable to check htaccess file, ensure it is readable and that '/var/www/vhosts/saratogahistory.com/httpdocs/phpBB/' is executable
[Sat Aug 22 12:22:08.681257 2020] [core:crit] [pid 6888:tid 140619124995840] (13)Permission denied: [client 185.25.35.10:57430] AH00529: /var/www/vhosts/saratogahistory.com/httpdocs/phpBB/.htaccess pcfg_openfile: unable to check htaccess file, ensure it is readable and that '/var/www/vhosts/saratogahistory.com/httpdocs/phpBB/' is executable
[Sat Aug 22 12:54:22.659952 2020] [core:crit] [pid 32352:tid 140619166955264] (13)Permission denied: [client 178.214.248.6:46230] AH00529: /var/www/vhosts/saratogahistory.com/httpdocs/phpBB/.htaccess pcfg_openfile: unable to check htaccess file, ensure it is readable and that '/var/www/vhosts/saratogahistory.com/httpdocs/phpBB/' is executable, referer: http://www.saratogahistory.com/phpBB/index.php
[Sat Aug 22 13:20:29.815173 2020] [core:crit] [pid 32352:tid 140619229894400] (13)Permission denied: [client 203.133.169.112:49636] AH00529: /var/www/vhosts/saratogahistory.com/httpdocs/phpBB/.htaccess pcfg_openfile: unable to check htaccess file, ensure it is readable and that '/var/www/vhosts/saratogahistory.com/httpdocs/phpBB/' is executable
[Sat Aug 22 13:20:34.814272 2020] [core:crit] [pid 6888:tid 140619271853824] (13)Permission denied: [client 203.133.169.112:49818] AH00529: /var/www/vhosts/saratogahistory.com/httpdocs/phpBB/.htaccess pcfg_openfile: unable to check htaccess file, ensure it is readable and that '/var/www/vhosts/saratogahistory.com/httpdocs/phpBB/' is executable
[Sat Aug 22 13:20:39.731689 2020] [core:crit] [pid 6888:tid 140619282343680] (13)Permission denied: [client 203.133.169.112:49990] AH00529: /var/www/vhosts/saratogahistory.com/httpdocs/phpBB/.htaccess pcfg_openfile: unable to check htaccess file, ensure it is readable and that '/var/www/vhosts/saratogahistory.com/httpdocs/phpBB/' is executable
[Sat Aug 22 13:20:44.674858 2020] [core:crit] [pid 6888:tid 140619261363968] (13)Permission denied: [client 203.133.169.112:50170] AH00529: /var/www/vhosts/saratogahistory.com/httpdocs/phpBB/.htaccess pcfg_openfile: unable to check htaccess file, ensure it is readable and that '/var/www/vhosts/saratogahistory.com/httpdocs/phpBB/' is executable
[Sat Aug 22 13:20:49.727364 2020] [core:crit] [pid 6888:tid 140619240384256] (13)Permission denied: [client 203.133.169.112:50368] AH00529: /var/www/vhosts/saratogahistory.com/httpdocs/phpBB/.htaccess pcfg_openfile: unable to check htaccess file, ensure it is readable and that '/var/www/vhosts/saratogahistory.com/httpdocs/phpBB/' is executable
[Sat Aug 22 13:20:54.642723 2020] [core:crit] [pid 6888:tid 140619250874112] (13)Permission denied: [client 203.133.169.112:50538] AH00529: /var/www/vhosts/saratogahistory.com/httpdocs/phpBB/.htaccess pcfg_openfile: unable to check htaccess file, ensure it is readable and that '/var/www/vhosts/saratogahistory.com/httpdocs/phpBB/' is executable
[Sat Aug 22 13:20:59.783842 2020] [core:crit] [pid 32325:tid 140619282343680] (13)Permission denied: [client 203.133.169.112:50684] AH00529: /var/www/vhosts/saratogahistory.com/httpdocs/phpBB/.htaccess pcfg_openfile: unable to check htaccess file, ensure it is readable and that '/var/www/vhosts/saratogahistory.com/httpdocs/phpBB/' is executable
[Sat Aug 22 13:21:04.716403 2020] [core:crit] [pid 6888:tid 140619187934976] (13)Permission denied: [client 203.133.169.112:50850] AH00529: /var/www/vhosts/saratogahistory.com/httpdocs/phpBB/.htaccess pcfg_openfile: unable to check htaccess file, ensure it is readable and that '/var/www/vhosts/saratogahistory.com/httpdocs/phpBB/' is executable
[Sat Aug 22 13:21:09.900754 2020] [core:crit] [pid 6888:tid 140619219404544] (13)Permission denied: [client 203.133.169.112:51074] AH00529: /var/www/vhosts/saratogahistory.com/httpdocs/phpBB/.htaccess pcfg_openfile: unable to check htaccess file, ensure it is readable and that '/var/www/vhosts/saratogahistory.com/httpdocs/phpBB/' is executable
[Sat Aug 22 13:21:14.803556 2020] [core:crit] [pid 6888:tid 140619177445120] (13)Permission denied: [client 203.133.169.112:51292] AH00529: /var/www/vhosts/saratogahistory.com/httpdocs/phpBB/.htaccess pcfg_openfile: unable to check htaccess file, ensure it is readable and that '/var/www/vhosts/saratogahistory.com/httpdocs/phpBB/' is executable
[Sat Aug 22 13:21:19.796537 2020] [core:crit] [pid 6888:tid 140619145975552] (13)Permission denied: [client 203.133.169.112:51508] AH00529: /var/www/vhosts/saratogahistory.com/httpdocs/phpBB/.htaccess pcfg_openfile: unable to check htaccess file, ensure it is readable and that '/var/www/vhosts/saratogahistory.com/httpdocs/phpBB/' is executable
[Sat Aug 22 13:21:24.794719 2020] [core:crit] [pid 6888:tid 140619156465408] (13)Permission denied: [client 203.133.169.112:51734] AH00529: /var/www/vhosts/saratogahistory.com/httpdocs/phpBB/.htaccess pcfg_openfile: unable to check htaccess file, ensure it is readable and that '/var/www/vhosts/saratogahistory.com/httpdocs/phpBB/' is executable
[Sat Aug 22 13:21:29.672692 2020] [core:crit] [pid 32352:tid 140619166955264] (13)Permission denied: [client 203.133.169.112:51934] AH00529: /var/www/vhosts/saratogahistory.com/httpdocs/phpBB/.htaccess pcfg_openfile: unable to check htaccess file, ensure it is readable and that '/var/www/vhosts/saratogahistory.com/httpdocs/phpBB/' is executable
[Sat Aug 22 13:21:34.811478 2020] [core:crit] [pid 32352:tid 140619135485696] (13)Permission denied: [client 203.133.169.112:52138] AH00529: /var/www/vhosts/saratogahistory.com/httpdocs/phpBB/.htaccess pcfg_openfile: unable to check htaccess file, ensure it is readable and that '/var/www/vhosts/saratogahistory.com/httpdocs/phpBB/' is executable
[Sat Aug 22 13:21:39.809469 2020] [core:crit] [pid 32325:tid 140619271853824] (13)Permission denied: [client 203.133.169.112:52464] AH00529: /var/www/vhosts/saratogahistory.com/httpdocs/phpBB/.htaccess pcfg_openfile: unable to check htaccess file, ensure it is readable and that '/var/www/vhosts/saratogahistory.com/httpdocs/phpBB/' is executable
[Sat Aug 22 13:32:22.916303 2020] [core:crit] [pid 32322:tid 140619229894400] (13)Permission denied: [client 185.220.102.254:49236] AH00529: /var/www/vhosts/saratogahistory.com/httpdocs/phpBB/.htaccess pcfg_openfile: unable to check htaccess file, ensure it is readable and that '/var/www/vhosts/saratogahistory.com/httpdocs/phpBB/' is executable, referer: http://www.saratogahistory.com/phpBB/index.php
[Sat Aug 22 13:44:09.369444 2020] [core:crit] [pid 6888:tid 140619334792960] (13)Permission denied: [client 188.122.82.146:47910] AH00529: /var/www/vhosts/saratogahistory.com/httpdocs/phpBB/.htaccess pcfg_openfile: unable to check htaccess file, ensure it is readable and that '/var/www/vhosts/saratogahistory.com/httpdocs/phpBB/' is executable, referer: http://www.saratogahistory.com/phpBB/index.php
[Sat Aug 22 13:59:35.192453 2020] [core:crit] [pid 32352:tid 140619324303104] (13)Permission denied: [client 46.232.251.191:56550] AH00529: /var/www/vhosts/saratogahistory.com/httpdocs/phpBB/.htaccess pcfg_openfile: unable to check htaccess file, ensure it is readable and that '/var/www/vhosts/saratogahistory.com/httpdocs/phpBB/' is executable, referer: http://www.saratogahistory.com/phpBB/index.php
[Sat Aug 22 14:05:31.902436 2020] [core:crit] [pid 32322:tid 140619208914688] (13)Permission denied: [client 95.111.240.199:42346] AH00529: /var/www/vhosts/saratogahistory.com/httpdocs/phpBB/.htaccess pcfg_openfile: unable to check htaccess file, ensure it is readable and that '/var/www/vhosts/saratogahistory.com/httpdocs/phpBB/' is executable, referer: http://www.saratogahistory.com/phpBB/index.php
[Sat Aug 22 14:05:32.734795 2020] [proxy_fcgi:error] [pid 6888:tid 140619271853824] [client 95.111.240.199:42376] AH01071: Got error 'Primary script unknown\n', referer: http://www.saratogahistory.com/index.php
[Sat Aug 22 14:05:32.968218 2020] [proxy_fcgi:error] [pid 6888:tid 140619282343680] [client 95.111.240.199:42386] AH01071: Got error 'Primary script unknown\n', referer: http://www.saratogahistory.com/index.php
[Sat Aug 22 14:05:33.197368 2020] [proxy_fcgi:error] [pid 32322:tid 140619187934976] [client 95.111.240.199:42396] AH01071: Got error 'Primary script unknown\n', referer: http://www.saratogahistory.com/index.php
[Sat Aug 22 14:25:27.394332 2020] [core:crit] [pid 6888:tid 140619324303104] (13)Permission denied: [client 95.37.161.104:33686] AH00529: /var/www/vhosts/saratogahistory.com/httpdocs/phpBB/.htaccess pcfg_openfile: unable to check htaccess file, ensure it is readable and that '/var/www/vhosts/saratogahistory.com/httpdocs/phpBB/' is executable, referer: http://www.saratogahistory.com/phpBB/index.php
[Sat Aug 22 14:55:54.790479 2020] [core:crit] [pid 6888:tid 140619135485696] (13)Permission denied: [client 46.246.65.212:52576] AH00529: /var/www/vhosts/saratogahistory.com/httpdocs/phpBB/.htaccess pcfg_openfile: unable to check htaccess file, ensure it is readable and that '/var/www/vhosts/saratogahistory.com/httpdocs/phpBB/' is executable, referer: http://www.saratogahistory.com/phpBB/index.php
[Sat Aug 22 14:59:46.914756 2020] [core:crit] [pid 32352:tid 140619208914688] (13)Permission denied: [client 185.220.101.146:33382] AH00529: /var/www/vhosts/saratogahistory.com/httpdocs/phpBB/.htaccess pcfg_openfile: unable to check htaccess file, ensure it is readable and that '/var/www/vhosts/saratogahistory.com/httpdocs/phpBB/' is executable, referer: http://www.saratogahistory.com/phpBB/index.php
[Sat Aug 22 15:28:44.454524 2020] [core:crit] [pid 6888:tid 140619135485696] (13)Permission denied: [client 185.220.101.19:48684] AH00529: /var/www/vhosts/saratogahistory.com/httpdocs/phpBB/.htaccess pcfg_openfile: unable to check htaccess file, ensure it is readable and that '/var/www/vhosts/saratogahistory.com/httpdocs/phpBB/' is executable, referer: http://www.saratogahistory.com/phpBB/index.php
[Sat Aug 22 15:31:34.785922 2020] [core:crit] [pid 32352:tid 140619345282816] (13)Permission denied: [client 98.143.145.29:55146] AH00529: /var/www/vhosts/saratogahistory.com/httpdocs/phpBB/.htaccess pcfg_openfile: unable to check htaccess file, ensure it is readable and that '/var/www/vhosts/saratogahistory.com/httpdocs/phpBB/' is executable, referer: http://www.saratogahistory.com/phpBB/index.php
[Sat Aug 22 16:20:10.421873 2020] [core:crit] [pid 32352:tid 140619282343680] (13)Permission denied: [client 185.25.35.8:36366] AH00529: /var/www/vhosts/saratogahistory.com/httpdocs/phpBB/.htaccess pcfg_openfile: unable to check htaccess file, ensure it is readable and that '/var/www/vhosts/saratogahistory.com/httpdocs/phpBB/' is executable
[Sat Aug 22 17:04:06.089178 2020] [core:crit] [pid 32352:tid 140619261363968] (13)Permission denied: [client 40.77.167.98:60822] AH00529: /var/www/vhosts/saratogahistory.com/httpdocs/phpBB/.htaccess pcfg_openfile: unable to check htaccess file, ensure it is readable and that '/var/www/vhosts/saratogahistory.com/httpdocs/phpBB/' is executable
[Sat Aug 22 17:15:26.056509 2020] [core:crit] [pid 32352:tid 140619366262528] (13)Permission denied: [client 185.25.35.15:34736] AH00529: /var/www/vhosts/saratogahistory.com/httpdocs/phpBB/.htaccess pcfg_openfile: unable to check htaccess file, ensure it is readable and that '/var/www/vhosts/saratogahistory.com/httpdocs/phpBB/' is executable
[Sat Aug 22 17:17:26.595781 2020] [core:crit] [pid 6888:tid 140619166955264] (13)Permission denied: [client 150.129.8.152:39786] AH00529: /var/www/vhosts/saratogahistory.com/httpdocs/phpBB/.htaccess pcfg_openfile: unable to check htaccess file, ensure it is readable and that '/var/www/vhosts/saratogahistory.com/httpdocs/phpBB/' is executable, referer: http://www.saratogahistory.com/phpBB/index.php
[Sat Aug 22 17:18:46.716593 2020] [core:crit] [pid 6888:tid 140619198424832] (13)Permission denied: [client 46.246.65.212:43570] AH00529: /var/www/vhosts/saratogahistory.com/httpdocs/phpBB/.htaccess pcfg_openfile: unable to check htaccess file, ensure it is readable and that '/var/www/vhosts/saratogahistory.com/httpdocs/phpBB/' is executable, referer: http://www.saratogahistory.com/phpBB/index.php
[Sat Aug 22 17:24:18.972375 2020] [core:crit] [pid 32352:tid 140619282343680] (13)Permission denied: [client 109.70.100.32:56614] AH00529: /var/www/vhosts/saratogahistory.com/httpdocs/phpBB/.htaccess pcfg_openfile: unable to check htaccess file, ensure it is readable and that '/var/www/vhosts/saratogahistory.com/httpdocs/phpBB/' is executable, referer: http://www.saratogahistory.com/phpBB/index.php
[Sat Aug 22 17:33:52.995395 2020] [core:crit] [pid 32352:tid 140619355772672] (13)Permission denied: [client 159.224.255.154:49434] AH00529: /var/www/vhosts/saratogahistory.com/httpdocs/phpBB/.htaccess pcfg_openfile: unable to check htaccess file, ensure it is readable and that '/var/www/vhosts/saratogahistory.com/httpdocs/phpBB/' is executable, referer: http://www.saratogahistory.com/
[Sat Aug 22 17:43:32.930391 2020] [core:crit] [pid 6888:tid 140619156465408] (13)Permission denied: [client 203.133.169.112:44028] AH00529: /var/www/vhosts/saratogahistory.com/httpdocs/phpBB/.htaccess pcfg_openfile: unable to check htaccess file, ensure it is readable and that '/var/www/vhosts/saratogahistory.com/httpdocs/phpBB/' is executable
[Sat Aug 22 17:43:37.807483 2020] [core:crit] [pid 32352:tid 140619177445120] (13)Permission denied: [client 203.133.169.112:44162] AH00529: /var/www/vhosts/saratogahistory.com/httpdocs/phpBB/.htaccess pcfg_openfile: unable to check htaccess file, ensure it is readable and that '/var/www/vhosts/saratogahistory.com/httpdocs/phpBB/' is executable
[Sat Aug 22 17:43:42.791369 2020] [core:crit] [pid 6888:tid 140619124995840] (13)Permission denied: [client 203.133.169.112:44274] AH00529: /var/www/vhosts/saratogahistory.com/httpdocs/phpBB/.htaccess pcfg_openfile: unable to check htaccess file, ensure it is readable and that '/var/www/vhosts/saratogahistory.com/httpdocs/phpBB/' is executable
[Sat Aug 22 17:43:47.701590 2020] [core:crit] [pid 32322:tid 140619334792960] (13)Permission denied: [client 203.133.169.112:44416] AH00529: /var/www/vhosts/saratogahistory.com/httpdocs/phpBB/.htaccess pcfg_openfile: unable to check htaccess file, ensure it is readable and that '/var/www/vhosts/saratogahistory.com/httpdocs/phpBB/' is executable
[Sat Aug 22 17:43:52.709511 2020] [core:crit] [pid 6888:tid 140619135485696] (13)Permission denied: [client 203.133.169.112:44540] AH00529: /var/www/vhosts/saratogahistory.com/httpdocs/phpBB/.htaccess pcfg_openfile: unable to check htaccess file, ensure it is readable and that '/var/www/vhosts/saratogahistory.com/httpdocs/phpBB/' is executable
[Sat Aug 22 17:43:57.600756 2020] [core:crit] [pid 6888:tid 140619166955264] (13)Permission denied: [client 203.133.169.112:44698] AH00529: /var/www/vhosts/saratogahistory.com/httpdocs/phpBB/.htaccess pcfg_openfile: unable to check htaccess file, ensure it is readable and that '/var/www/vhosts/saratogahistory.com/httpdocs/phpBB/' is executable
[Sat Aug 22 17:44:02.869076 2020] [core:crit] [pid 32322:tid 140619313813248] (13)Permission denied: [client 203.133.169.112:44884] AH00529: /var/www/vhosts/saratogahistory.com/httpdocs/phpBB/.htaccess pcfg_openfile: unable to check htaccess file, ensure it is readable and that '/var/www/vhosts/saratogahistory.com/httpdocs/phpBB/' is executable
[Sat Aug 22 17:44:07.764205 2020] [core:crit] [pid 32352:tid 140619166955264] (13)Permission denied: [client 203.133.169.112:45026] AH00529: /var/www/vhosts/saratogahistory.com/httpdocs/phpBB/.htaccess pcfg_openfile: unable to check htaccess file, ensure it is readable and that '/var/www/vhosts/saratogahistory.com/httpdocs/phpBB/' is executable
[Sat Aug 22 17:44:12.897465 2020] [core:crit] [pid 6888:tid 140619355772672] (13)Permission denied: [client 203.133.169.112:45146] AH00529: /var/www/vhosts/saratogahistory.com/httpdocs/phpBB/.htaccess pcfg_openfile: unable to check htaccess file, ensure it is readable and that '/var/www/vhosts/saratogahistory.com/httpdocs/phpBB/' is executable
[Sat Aug 22 17:44:17.805134 2020] [core:crit] [pid 6888:tid 140619376752384] (13)Permission denied: [client 203.133.169.112:45338] AH00529: /var/www/vhosts/saratogahistory.com/httpdocs/phpBB/.htaccess pcfg_openfile: unable to check htaccess file, ensure it is readable and that '/var/www/vhosts/saratogahistory.com/httpdocs/phpBB/' is executable
[Sat Aug 22 17:54:45.929137 2020] [core:crit] [pid 32352:tid 140619271853824] (13)Permission denied: [client 46.246.65.212:41048] AH00529: /var/www/vhosts/saratogahistory.com/httpdocs/phpBB/.htaccess pcfg_openfile: unable to check htaccess file, ensure it is readable and that '/var/www/vhosts/saratogahistory.com/httpdocs/phpBB/' is executable, referer: http://www.saratogahistory.com/phpBB/index.php
[Sat Aug 22 18:07:36.228218 2020] [core:crit] [pid 6888:tid 140619271853824] (13)Permission denied: [client 185.25.35.15:43384] AH00529: /var/www/vhosts/saratogahistory.com/httpdocs/phpBB/.htaccess pcfg_openfile: unable to check htaccess file, ensure it is readable and that '/var/www/vhosts/saratogahistory.com/httpdocs/phpBB/' is executable
[Sat Aug 22 18:14:19.566523 2020] [core:crit] [pid 32352:tid 140619313813248] (13)Permission denied: [client 94.242.54.22:58784] AH00529: /var/www/vhosts/saratogahistory.com/httpdocs/phpBB/.htaccess pcfg_openfile: unable to check htaccess file, ensure it is readable and that '/var/www/vhosts/saratogahistory.com/httpdocs/phpBB/' is executable, referer: http://www.saratogahistory.com/phpBB/index.php
[Sat Aug 22 18:25:41.222906 2020] [core:crit] [pid 6888:tid 140619229894400] (13)Permission denied: [client 185.25.35.12:56542] AH00529: /var/www/vhosts/saratogahistory.com/httpdocs/phpBB/.htaccess pcfg_openfile: unable to check htaccess file, ensure it is readable and that '/var/www/vhosts/saratogahistory.com/httpdocs/phpBB/' is executable
[Sat Aug 22 19:26:38.551310 2020] [core:crit] [pid 6888:tid 140619156465408] (13)Permission denied: [client 185.220.100.245:49582] AH00529: /var/www/vhosts/saratogahistory.com/httpdocs/phpBB/.htaccess pcfg_openfile: unable to check htaccess file, ensure it is readable and that '/var/www/vhosts/saratogahistory.com/httpdocs/phpBB/' is executable, referer: http://www.saratogahistory.com/phpBB/index.php
[Sat Aug 22 20:12:16.779601 2020] [core:crit] [pid 6888:tid 140619124995840] (13)Permission denied: [client 37.115.220.118:58370] AH00529: /var/www/vhosts/saratogahistory.com/httpdocs/phpBB/.htaccess pcfg_openfile: unable to check htaccess file, ensure it is readable and that '/var/www/vhosts/saratogahistory.com/httpdocs/phpBB/' is executable, referer: http://www.saratogahistory.com/phpBB/index.php
[Sat Aug 22 20:27:16.003818 2020] [core:crit] [pid 6888:tid 140619229894400] (13)Permission denied: [client 185.220.101.140:36082] AH00529: /var/www/vhosts/saratogahistory.com/httpdocs/phpBB/.htaccess pcfg_openfile: unable to check htaccess file, ensure it is readable and that '/var/www/vhosts/saratogahistory.com/httpdocs/phpBB/' is executable, referer: http://www.saratogahistory.com/phpBB/index.php
[Sat Aug 22 21:15:27.906171 2020] [core:crit] [pid 6888:tid 140619324303104] (13)Permission denied: [client 203.133.169.112:40400] AH00529: /var/www/vhosts/saratogahistory.com/httpdocs/phpBB/.htaccess pcfg_openfile: unable to check htaccess file, ensure it is readable and that '/var/www/vhosts/saratogahistory.com/httpdocs/phpBB/' is executable
[Sat Aug 22 21:15:32.796181 2020] [core:crit] [pid 6888:tid 140619271853824] (13)Permission denied: [client 203.133.169.112:40546] AH00529: /var/www/vhosts/saratogahistory.com/httpdocs/phpBB/.htaccess pcfg_openfile: unable to check htaccess file, ensure it is readable and that '/var/www/vhosts/saratogahistory.com/httpdocs/phpBB/' is executable
[Sat Aug 22 21:15:37.778715 2020] [core:crit] [pid 32325:tid 140619282343680] (13)Permission denied: [client 203.133.169.112:40666] AH00529: /var/www/vhosts/saratogahistory.com/httpdocs/phpBB/.htaccess pcfg_openfile: unable to check htaccess file, ensure it is readable and that '/var/www/vhosts/saratogahistory.com/httpdocs/phpBB/' is executable
[Sat Aug 22 21:15:42.696455 2020] [core:crit] [pid 6888:tid 140619282343680] (13)Permission denied: [client 203.133.169.112:40814] AH00529: /var/www/vhosts/saratogahistory.com/httpdocs/phpBB/.htaccess pcfg_openfile: unable to check htaccess file, ensure it is readable and that '/var/www/vhosts/saratogahistory.com/httpdocs/phpBB/' is executable
[Sat Aug 22 21:15:47.588287 2020] [core:crit] [pid 6888:tid 140619261363968] (13)Permission denied: [client 203.133.169.112:41004] AH00529: /var/www/vhosts/saratogahistory.com/httpdocs/phpBB/.htaccess pcfg_openfile: unable to check htaccess file, ensure it is readable and that '/var/www/vhosts/saratogahistory.com/httpdocs/phpBB/' is executable
[Sat Aug 22 21:15:52.478624 2020] [core:crit] [pid 6888:tid 140619240384256] (13)Permission denied: [client 203.133.169.112:41130] AH00529: /var/www/vhosts/saratogahistory.com/httpdocs/phpBB/.htaccess pcfg_openfile: unable to check htaccess file, ensure it is readable and that '/var/www/vhosts/saratogahistory.com/httpdocs/phpBB/' is executable
[Sat Aug 22 21:15:57.369088 2020] [core:crit] [pid 6888:tid 140619250874112] (13)Permission denied: [client 203.133.169.112:41274] AH00529: /var/www/vhosts/saratogahistory.com/httpdocs/phpBB/.htaccess pcfg_openfile: unable to check htaccess file, ensure it is readable and that '/var/www/vhosts/saratogahistory.com/httpdocs/phpBB/' is executable
[Sat Aug 22 21:16:02.351740 2020] [core:crit] [pid 6888:tid 140619187934976] (13)Permission denied: [client 203.133.169.112:41478] AH00529: /var/www/vhosts/saratogahistory.com/httpdocs/phpBB/.htaccess pcfg_openfile: unable to check htaccess file, ensure it is readable and that '/var/www/vhosts/saratogahistory.com/httpdocs/phpBB/' is executable
[Sat Aug 22 21:16:07.351683 2020] [core:crit] [pid 32352:tid 140619303323392] (13)Permission denied: [client 203.133.169.112:41632] AH00529: /var/www/vhosts/saratogahistory.com/httpdocs/phpBB/.htaccess pcfg_openfile: unable to check htaccess file, ensure it is readable and that '/var/www/vhosts/saratogahistory.com/httpdocs/phpBB/' is executable
[Sat Aug 22 21:16:12.342196 2020] [core:crit] [pid 32352:tid 140619156465408] (13)Permission denied: [client 203.133.169.112:41872] AH00529: /var/www/vhosts/saratogahistory.com/httpdocs/phpBB/.htaccess pcfg_openfile: unable to check htaccess file, ensure it is readable and that '/var/www/vhosts/saratogahistory.com/httpdocs/phpBB/' is executable
[Sat Aug 22 21:16:17.358739 2020] [core:crit] [pid 32325:tid 140619271853824] (13)Permission denied: [client 203.133.169.112:42036] AH00529: /var/www/vhosts/saratogahistory.com/httpdocs/phpBB/.htaccess pcfg_openfile: unable to check htaccess file, ensure it is readable and that '/var/www/vhosts/saratogahistory.com/httpdocs/phpBB/' is executable
[Sat Aug 22 21:16:22.352765 2020] [core:crit] [pid 6888:tid 140619229894400] (13)Permission denied: [client 203.133.169.112:42200] AH00529: /var/www/vhosts/saratogahistory.com/httpdocs/phpBB/.htaccess pcfg_openfile: unable to check htaccess file, ensure it is readable and that '/var/www/vhosts/saratogahistory.com/httpdocs/phpBB/' is executable
[Sat Aug 22 21:16:27.351904 2020] [core:crit] [pid 32325:tid 140619250874112] (13)Permission denied: [client 203.133.169.112:42368] AH00529: /var/www/vhosts/saratogahistory.com/httpdocs/phpBB/.htaccess pcfg_openfile: unable to check htaccess file, ensure it is readable and that '/var/www/vhosts/saratogahistory.com/httpdocs/phpBB/' is executable
[Sat Aug 22 21:16:32.335806 2020] [core:crit] [pid 6888:tid 140619219404544] (13)Permission denied: [client 203.133.169.112:42544] AH00529: /var/www/vhosts/saratogahistory.com/httpdocs/phpBB/.htaccess pcfg_openfile: unable to check htaccess file, ensure it is readable and that '/var/www/vhosts/saratogahistory.com/httpdocs/phpBB/' is executable
[Sat Aug 22 21:16:37.414555 2020] [core:crit] [pid 6888:tid 140619208914688] (13)Permission denied: [client 203.133.169.112:42694] AH00529: /var/www/vhosts/saratogahistory.com/httpdocs/phpBB/.htaccess pcfg_openfile: unable to check htaccess file, ensure it is readable and that '/var/www/vhosts/saratogahistory.com/httpdocs/phpBB/' is executable
[Sat Aug 22 21:16:42.326288 2020] [core:crit] [pid 6888:tid 140619145975552] (13)Permission denied: [client 203.133.169.112:42866] AH00529: /var/www/vhosts/saratogahistory.com/httpdocs/phpBB/.htaccess pcfg_openfile: unable to check htaccess file, ensure it is readable and that '/var/www/vhosts/saratogahistory.com/httpdocs/phpBB/' is executable
[Sat Aug 22 21:16:47.200763 2020] [core:crit] [pid 6888:tid 140619177445120] (13)Permission denied: [client 203.133.169.112:43002] AH00529: /var/www/vhosts/saratogahistory.com/httpdocs/phpBB/.htaccess pcfg_openfile: unable to check htaccess file, ensure it is readable and that '/var/www/vhosts/saratogahistory.com/httpdocs/phpBB/' is executable
[Sat Aug 22 21:16:52.210585 2020] [core:crit] [pid 6888:tid 140619156465408] (13)Permission denied: [client 203.133.169.112:43144] AH00529: /var/www/vhosts/saratogahistory.com/httpdocs/phpBB/.htaccess pcfg_openfile: unable to check htaccess file, ensure it is readable and that '/var/www/vhosts/saratogahistory.com/httpdocs/phpBB/' is executable
[Sat Aug 22 21:16:57.091774 2020] [core:crit] [pid 6888:tid 140619124995840] (13)Permission denied: [client 203.133.169.112:43302] AH00529: /var/www/vhosts/saratogahistory.com/httpdocs/phpBB/.htaccess pcfg_openfile: unable to check htaccess file, ensure it is readable and that '/var/www/vhosts/saratogahistory.com/httpdocs/phpBB/' is executable
[Sat Aug 22 21:17:02.082397 2020] [core:crit] [pid 6888:tid 140619135485696] (13)Permission denied: [client 203.133.169.112:43448] AH00529: /var/www/vhosts/saratogahistory.com/httpdocs/phpBB/.htaccess pcfg_openfile: unable to check htaccess file, ensure it is readable and that '/var/www/vhosts/saratogahistory.com/httpdocs/phpBB/' is executable
[Sat Aug 22 21:17:07.102344 2020] [core:crit] [pid 32352:tid 140619271853824] (13)Permission denied: [client 203.133.169.112:43574] AH00529: /var/www/vhosts/saratogahistory.com/httpdocs/phpBB/.htaccess pcfg_openfile: unable to check htaccess file, ensure it is readable and that '/var/www/vhosts/saratogahistory.com/httpdocs/phpBB/' is executable
[Sat Aug 22 21:17:12.335093 2020] [core:crit] [pid 32325:tid 140619334792960] (13)Permission denied: [client 203.133.169.112:43742] AH00529: /var/www/vhosts/saratogahistory.com/httpdocs/phpBB/.htaccess pcfg_openfile: unable to check htaccess file, ensure it is readable and that '/var/www/vhosts/saratogahistory.com/httpdocs/phpBB/' is executable
[Sat Aug 22 21:17:17.244637 2020] [core:crit] [pid 6888:tid 140619166955264] (13)Permission denied: [client 203.133.169.112:43958] AH00529: /var/www/vhosts/saratogahistory.com/httpdocs/phpBB/.htaccess pcfg_openfile: unable to check htaccess file, ensure it is readable and that '/var/www/vhosts/saratogahistory.com/httpdocs/phpBB/' is executable
[Sat Aug 22 21:17:22.148335 2020] [core:crit] [pid 32322:tid 140619156465408] (13)Permission denied: [client 203.133.169.112:44094] AH00529: /var/www/vhosts/saratogahistory.com/httpdocs/phpBB/.htaccess pcfg_openfile: unable to check htaccess file, ensure it is readable and that '/var/www/vhosts/saratogahistory.com/httpdocs/phpBB/' is executable
[Sat Aug 22 21:17:27.045782 2020] [core:crit] [pid 6888:tid 140619355772672] (13)Permission denied: [client 203.133.169.112:44240] AH00529: /var/www/vhosts/saratogahistory.com/httpdocs/phpBB/.htaccess pcfg_openfile: unable to check htaccess file, ensure it is readable and that '/var/www/vhosts/saratogahistory.com/httpdocs/phpBB/' is executable
[Sat Aug 22 21:17:32.040603 2020] [core:crit] [pid 6888:tid 140619334792960] (13)Permission denied: [client 203.133.169.112:44436] AH00529: /var/www/vhosts/saratogahistory.com/httpdocs/phpBB/.htaccess pcfg_openfile: unable to check htaccess file, ensure it is readable and that '/var/www/vhosts/saratogahistory.com/httpdocs/phpBB/' is executable
[Sat Aug 22 21:17:37.054703 2020] [core:crit] [pid 6888:tid 140619313813248] (13)Permission denied: [client 203.133.169.112:44648] AH00529: /var/www/vhosts/saratogahistory.com/httpdocs/phpBB/.htaccess pcfg_openfile: unable to check htaccess file, ensure it is readable and that '/var/www/vhosts/saratogahistory.com/httpdocs/phpBB/' is executable
[Sat Aug 22 21:17:41.926732 2020] [core:crit] [pid 6888:tid 140619303323392] (13)Permission denied: [client 203.133.169.112:44862] AH00529: /var/www/vhosts/saratogahistory.com/httpdocs/phpBB/.htaccess pcfg_openfile: unable to check htaccess file, ensure it is readable and that '/var/www/vhosts/saratogahistory.com/httpdocs/phpBB/' is executable
[Sat Aug 22 21:17:47.008215 2020] [core:crit] [pid 32352:tid 140619124995840] (13)Permission denied: [client 203.133.169.112:45056] AH00529: /var/www/vhosts/saratogahistory.com/httpdocs/phpBB/.htaccess pcfg_openfile: unable to check htaccess file, ensure it is readable and that '/var/www/vhosts/saratogahistory.com/httpdocs/phpBB/' is executable
[Sat Aug 22 21:17:51.986387 2020] [core:crit] [pid 6888:tid 140619292833536] (13)Permission denied: [client 203.133.169.112:45208] AH00529: /var/www/vhosts/saratogahistory.com/httpdocs/phpBB/.htaccess pcfg_openfile: unable to check htaccess file, ensure it is readable and that '/var/www/vhosts/saratogahistory.com/httpdocs/phpBB/' is executable
[Sat Aug 22 21:17:56.889058 2020] [core:crit] [pid 6888:tid 140619345282816] (13)Permission denied: [client 203.133.169.112:45350] AH00529: /var/www/vhosts/saratogahistory.com/httpdocs/phpBB/.htaccess pcfg_openfile: unable to check htaccess file, ensure it is readable and that '/var/www/vhosts/saratogahistory.com/httpdocs/phpBB/' is executable
[Sat Aug 22 21:18:01.888113 2020] [core:crit] [pid 6888:tid 140619366262528] (13)Permission denied: [client 203.133.169.112:45554] AH00529: /var/www/vhosts/saratogahistory.com/httpdocs/phpBB/.htaccess pcfg_openfile: unable to check htaccess file, ensure it is readable and that '/var/www/vhosts/saratogahistory.com/httpdocs/phpBB/' is executable
[Sat Aug 22 21:18:06.785861 2020] [core:crit] [pid 6888:tid 140619198424832] (13)Permission denied: [client 203.133.169.112:45736] AH00529: /var/www/vhosts/saratogahistory.com/httpdocs/phpBB/.htaccess pcfg_openfile: unable to check htaccess file, ensure it is readable and that '/var/www/vhosts/saratogahistory.com/httpdocs/phpBB/' is executable
[Sat Aug 22 21:18:11.688959 2020] [core:crit] [pid 32325:tid 140619345282816] (13)Permission denied: [client 203.133.169.112:45938] AH00529: /var/www/vhosts/saratogahistory.com/httpdocs/phpBB/.htaccess pcfg_openfile: unable to check htaccess file, ensure it is readable and that '/var/www/vhosts/saratogahistory.com/httpdocs/phpBB/' is executable
[Sat Aug 22 21:18:16.573696 2020] [core:crit] [pid 32352:tid 140619282343680] (13)Permission denied: [client 203.133.169.112:46140] AH00529: /var/www/vhosts/saratogahistory.com/httpdocs/phpBB/.htaccess pcfg_openfile: unable to check htaccess file, ensure it is readable and that '/var/www/vhosts/saratogahistory.com/httpdocs/phpBB/' is executable
[Sat Aug 22 21:18:21.708089 2020] [core:crit] [pid 6888:tid 140619324303104] (13)Permission denied: [client 203.133.169.112:46384] AH00529: /var/www/vhosts/saratogahistory.com/httpdocs/phpBB/.htaccess pcfg_openfile: unable to check htaccess file, ensure it is readable and that '/var/www/vhosts/saratogahistory.com/httpdocs/phpBB/' is executable
[Sat Aug 22 21:18:26.605281 2020] [core:crit] [pid 32352:tid 140619261363968] (13)Permission denied: [client 203.133.169.112:46566] AH00529: /var/www/vhosts/saratogahistory.com/httpdocs/phpBB/.htaccess pcfg_openfile: unable to check htaccess file, ensure it is readable and that '/var/www/vhosts/saratogahistory.com/httpdocs/phpBB/' is executable
[Sat Aug 22 21:18:31.512869 2020] [core:crit] [pid 6888:tid 140619271853824] (13)Permission denied: [client 203.133.169.112:46776] AH00529: /var/www/vhosts/saratogahistory.com/httpdocs/phpBB/.htaccess pcfg_openfile: unable to check htaccess file, ensure it is readable and that '/var/www/vhosts/saratogahistory.com/httpdocs/phpBB/' is executable
[Sat Aug 22 21:18:36.456062 2020] [core:crit] [pid 6888:tid 140619282343680] (13)Permission denied: [client 203.133.169.112:46940] AH00529: /var/www/vhosts/saratogahistory.com/httpdocs/phpBB/.htaccess pcfg_openfile: unable to check htaccess file, ensure it is readable and that '/var/www/vhosts/saratogahistory.com/httpdocs/phpBB/' is executable
[Sat Aug 22 21:18:41.374713 2020] [core:crit] [pid 6888:tid 140619261363968] (13)Permission denied: [client 203.133.169.112:47172] AH00529: /var/www/vhosts/saratogahistory.com/httpdocs/phpBB/.htaccess pcfg_openfile: unable to check htaccess file, ensure it is readable and that '/var/www/vhosts/saratogahistory.com/httpdocs/phpBB/' is executable
[Sat Aug 22 21:18:46.267766 2020] [core:crit] [pid 6888:tid 140619240384256] (13)Permission denied: [client 203.133.169.112:47458] AH00529: /var/www/vhosts/saratogahistory.com/httpdocs/phpBB/.htaccess pcfg_openfile: unable to check htaccess file, ensure it is readable and that '/var/www/vhosts/saratogahistory.com/httpdocs/phpBB/' is executable
[Sat Aug 22 21:18:51.267672 2020] [core:crit] [pid 6888:tid 140619250874112] (13)Permission denied: [client 203.133.169.112:47654] AH00529: /var/www/vhosts/saratogahistory.com/httpdocs/phpBB/.htaccess pcfg_openfile: unable to check htaccess file, ensure it is readable and that '/var/www/vhosts/saratogahistory.com/httpdocs/phpBB/' is executable
[Sat Aug 22 21:18:56.516637 2020] [core:crit] [pid 32352:tid 140619324303104] (13)Permission denied: [client 203.133.169.112:47872] AH00529: /var/www/vhosts/saratogahistory.com/httpdocs/phpBB/.htaccess pcfg_openfile: unable to check htaccess file, ensure it is readable and that '/var/www/vhosts/saratogahistory.com/httpdocs/phpBB/' is executable
[Sat Aug 22 21:19:01.500701 2020] [core:crit] [pid 6888:tid 140619229894400] (13)Permission denied: [client 203.133.169.112:48114] AH00529: /var/www/vhosts/saratogahistory.com/httpdocs/phpBB/.htaccess pcfg_openfile: unable to check htaccess file, ensure it is readable and that '/var/www/vhosts/saratogahistory.com/httpdocs/phpBB/' is executable
[Sat Aug 22 21:19:06.376058 2020] [core:crit] [pid 6888:tid 140619219404544] (13)Permission denied: [client 203.133.169.112:48276] AH00529: /var/www/vhosts/saratogahistory.com/httpdocs/phpBB/.htaccess pcfg_openfile: unable to check htaccess file, ensure it is readable and that '/var/www/vhosts/saratogahistory.com/httpdocs/phpBB/' is executable
[Sat Aug 22 21:19:11.374451 2020] [core:crit] [pid 6888:tid 140619208914688] (13)Permission denied: [client 203.133.169.112:48420] AH00529: /var/www/vhosts/saratogahistory.com/httpdocs/phpBB/.htaccess pcfg_openfile: unable to check htaccess file, ensure it is readable and that '/var/www/vhosts/saratogahistory.com/httpdocs/phpBB/' is executable
[Sat Aug 22 21:19:16.355053 2020] [core:crit] [pid 32352:tid 140619355772672] (13)Permission denied: [client 203.133.169.112:48630] AH00529: /var/www/vhosts/saratogahistory.com/httpdocs/phpBB/.htaccess pcfg_openfile: unable to check htaccess file, ensure it is readable and that '/var/www/vhosts/saratogahistory.com/httpdocs/phpBB/' is executable
[Sat Aug 22 21:19:21.367298 2020] [core:crit] [pid 6888:tid 140619177445120] (13)Permission denied: [client 203.133.169.112:48982] AH00529: /var/www/vhosts/saratogahistory.com/httpdocs/phpBB/.htaccess pcfg_openfile: unable to check htaccess file, ensure it is readable and that '/var/www/vhosts/saratogahistory.com/httpdocs/phpBB/' is executable
[Sat Aug 22 21:19:26.280084 2020] [core:crit] [pid 32352:tid 140619334792960] (13)Permission denied: [client 203.133.169.112:49216] AH00529: /var/www/vhosts/saratogahistory.com/httpdocs/phpBB/.htaccess pcfg_openfile: unable to check htaccess file, ensure it is readable and that '/var/www/vhosts/saratogahistory.com/httpdocs/phpBB/' is executable
[Sat Aug 22 21:19:31.190108 2020] [core:crit] [pid 6888:tid 140619156465408] (13)Permission denied: [client 203.133.169.112:50102] AH00529: /var/www/vhosts/saratogahistory.com/httpdocs/phpBB/.htaccess pcfg_openfile: unable to check htaccess file, ensure it is readable and that '/var/www/vhosts/saratogahistory.com/httpdocs/phpBB/' is executable
[Sat Aug 22 21:19:36.169257 2020] [core:crit] [pid 6888:tid 140619124995840] (13)Permission denied: [client 203.133.169.112:50264] AH00529: /var/www/vhosts/saratogahistory.com/httpdocs/phpBB/.htaccess pcfg_openfile: unable to check htaccess file, ensure it is readable and that '/var/www/vhosts/saratogahistory.com/httpdocs/phpBB/' is executable
[Sat Aug 22 21:19:41.055311 2020] [core:crit] [pid 6888:tid 140619135485696] (13)Permission denied: [client 203.133.169.112:51194] AH00529: /var/www/vhosts/saratogahistory.com/httpdocs/phpBB/.htaccess pcfg_openfile: unable to check htaccess file, ensure it is readable and that '/var/www/vhosts/saratogahistory.com/httpdocs/phpBB/' is executable
[Sat Aug 22 21:19:45.935286 2020] [core:crit] [pid 32352:tid 140619376752384] (13)Permission denied: [client 203.133.169.112:51376] AH00529: /var/www/vhosts/saratogahistory.com/httpdocs/phpBB/.htaccess pcfg_openfile: unable to check htaccess file, ensure it is readable and that '/var/www/vhosts/saratogahistory.com/httpdocs/phpBB/' is executable
[Sat Aug 22 21:19:50.814813 2020] [core:crit] [pid 32325:tid 140619366262528] (13)Permission denied: [client 203.133.169.112:51572] AH00529: /var/www/vhosts/saratogahistory.com/httpdocs/phpBB/.htaccess pcfg_openfile: unable to check htaccess file, ensure it is readable and that '/var/www/vhosts/saratogahistory.com/httpdocs/phpBB/' is executable
[Sat Aug 22 21:19:55.811125 2020] [core:crit] [pid 6888:tid 140619166955264] (13)Permission denied: [client 203.133.169.112:51766] AH00529: /var/www/vhosts/saratogahistory.com/httpdocs/phpBB/.htaccess pcfg_openfile: unable to check htaccess file, ensure it is readable and that '/var/www/vhosts/saratogahistory.com/httpdocs/phpBB/' is executable
[Sat Aug 22 21:20:00.803800 2020] [core:crit] [pid 6888:tid 140619355772672] (13)Permission denied: [client 203.133.169.112:51944] AH00529: /var/www/vhosts/saratogahistory.com/httpdocs/phpBB/.htaccess pcfg_openfile: unable to check htaccess file, ensure it is readable and that '/var/www/vhosts/saratogahistory.com/httpdocs/phpBB/' is executable
[Sat Aug 22 21:20:05.792177 2020] [core:crit] [pid 6888:tid 140619376752384] (13)Permission denied: [client 203.133.169.112:52258] AH00529: /var/www/vhosts/saratogahistory.com/httpdocs/phpBB/.htaccess pcfg_openfile: unable to check htaccess file, ensure it is readable and that '/var/www/vhosts/saratogahistory.com/httpdocs/phpBB/' is executable
[Sat Aug 22 21:20:10.723992 2020] [core:crit] [pid 6888:tid 140619334792960] (13)Permission denied: [client 203.133.169.112:52482] AH00529: /var/www/vhosts/saratogahistory.com/httpdocs/phpBB/.htaccess pcfg_openfile: unable to check htaccess file, ensure it is readable and that '/var/www/vhosts/saratogahistory.com/httpdocs/phpBB/' is executable
[Sat Aug 22 21:20:15.724829 2020] [core:crit] [pid 6888:tid 140619313813248] (13)Permission denied: [client 203.133.169.112:52656] AH00529: /var/www/vhosts/saratogahistory.com/httpdocs/phpBB/.htaccess pcfg_openfile: unable to check htaccess file, ensure it is readable and that '/var/www/vhosts/saratogahistory.com/httpdocs/phpBB/' is executable
[Sat Aug 22 21:20:20.618927 2020] [core:crit] [pid 6888:tid 140619303323392] (13)Permission denied: [client 203.133.169.112:52858] AH00529: /var/www/vhosts/saratogahistory.com/httpdocs/phpBB/.htaccess pcfg_openfile: unable to check htaccess file, ensure it is readable and that '/var/www/vhosts/saratogahistory.com/httpdocs/phpBB/' is executable
[Sat Aug 22 21:23:54.998968 2020] [autoindex:error] [pid 6888:tid 140619261363968] [client 94.130.66.99:32852] AH01276: Cannot serve directory /var/www/vhosts/saratogahistory.com/httpdocs/grandview/: No matching DirectoryIndex (index.html,index.cgi,index.pl,index.php,index.xhtml,index.htm,index.shtml) found, and server-generated directory index forbidden by Options directive
[Sat Aug 22 21:24:22.823633 2020] [core:crit] [pid 32352:tid 140619366262528] (13)Permission denied: [client 185.220.101.132:33910] AH00529: /var/www/vhosts/saratogahistory.com/httpdocs/phpBB/.htaccess pcfg_openfile: unable to check htaccess file, ensure it is readable and that '/var/www/vhosts/saratogahistory.com/httpdocs/phpBB/' is executable, referer: http://www.saratogahistory.com/phpBB/index.php
[Sat Aug 22 21:53:42.307968 2020] [core:crit] [pid 6888:tid 140619345282816] (13)Permission denied: [client 45.154.255.66:38960] AH00529: /var/www/vhosts/saratogahistory.com/httpdocs/phpBB/.htaccess pcfg_openfile: unable to check htaccess file, ensure it is readable and that '/var/www/vhosts/saratogahistory.com/httpdocs/phpBB/' is executable, referer: http://www.saratogahistory.com/phpBB/index.php
[Sat Aug 22 22:25:22.448448 2020] [core:crit] [pid 32352:tid 140619366262528] (13)Permission denied: [client 185.25.35.13:55342] AH00529: /var/www/vhosts/saratogahistory.com/httpdocs/phpBB/.htaccess pcfg_openfile: unable to check htaccess file, ensure it is readable and that '/var/www/vhosts/saratogahistory.com/httpdocs/phpBB/' is executable
[Sat Aug 22 22:53:00.360350 2020] [core:crit] [pid 32322:tid 140619334792960] (13)Permission denied: [client 185.220.101.18:48308] AH00529: /var/www/vhosts/saratogahistory.com/httpdocs/phpBB/.htaccess pcfg_openfile: unable to check htaccess file, ensure it is readable and that '/var/www/vhosts/saratogahistory.com/httpdocs/phpBB/' is executable, referer: http://www.saratogahistory.com/phpBB/index.php
[Sat Aug 22 23:22:31.948458 2020] [core:crit] [pid 32352:tid 140619366262528] (13)Permission denied: [client 66.249.66.23:59152] AH00529: /var/www/vhosts/saratogahistory.com/httpdocs/phpBB/.htaccess pcfg_openfile: unable to check htaccess file, ensure it is readable and that '/var/www/vhosts/saratogahistory.com/httpdocs/phpBB/' is executable
[Sat Aug 22 23:22:36.511302 2020] [core:crit] [pid 6888:tid 140619229894400] (13)Permission denied: [client 66.249.66.23:59304] AH00529: /var/www/vhosts/saratogahistory.com/httpdocs/phpBB/.htaccess pcfg_openfile: unable to check htaccess file, ensure it is readable and that '/var/www/vhosts/saratogahistory.com/httpdocs/phpBB/' is executable
[Sat Aug 22 23:22:41.588783 2020] [core:crit] [pid 6888:tid 140619219404544] (13)Permission denied: [client 66.249.66.21:59500] AH00529: /var/www/vhosts/saratogahistory.com/httpdocs/phpBB/.htaccess pcfg_openfile: unable to check htaccess file, ensure it is readable and that '/var/www/vhosts/saratogahistory.com/httpdocs/phpBB/' is executable
[Sat Aug 22 23:22:50.508544 2020] [core:crit] [pid 6888:tid 140619208914688] (13)Permission denied: [client 66.249.66.23:59906] AH00529: /var/www/vhosts/saratogahistory.com/httpdocs/phpBB/.htaccess pcfg_openfile: unable to check htaccess file, ensure it is readable and that '/var/www/vhosts/saratogahistory.com/httpdocs/phpBB/' is executable
[Sat Aug 22 23:23:00.450060 2020] [core:crit] [pid 32325:tid 140619282343680] (13)Permission denied: [client 66.249.66.23:60330] AH00529: /var/www/vhosts/saratogahistory.com/httpdocs/phpBB/.htaccess pcfg_openfile: unable to check htaccess file, ensure it is readable and that '/var/www/vhosts/saratogahistory.com/httpdocs/phpBB/' is executable
[Sat Aug 22 23:23:10.427467 2020] [core:crit] [pid 6888:tid 140619145975552] (13)Permission denied: [client 66.249.66.21:60736] AH00529: /var/www/vhosts/saratogahistory.com/httpdocs/phpBB/.htaccess pcfg_openfile: unable to check htaccess file, ensure it is readable and that '/var/www/vhosts/saratogahistory.com/httpdocs/phpBB/' is executable
[Sat Aug 22 23:23:22.114394 2020] [core:crit] [pid 6888:tid 140619177445120] (13)Permission denied: [client 66.249.66.21:33004] AH00529: /var/www/vhosts/saratogahistory.com/httpdocs/phpBB/.htaccess pcfg_openfile: unable to check htaccess file, ensure it is readable and that '/var/www/vhosts/saratogahistory.com/httpdocs/phpBB/' is executable
[Sat Aug 22 23:24:52.954334 2020] [core:crit] [pid 6888:tid 140619156465408] (13)Permission denied: [client 185.25.35.11:36652] AH00529: /var/www/vhosts/saratogahistory.com/httpdocs/phpBB/.htaccess pcfg_openfile: unable to check htaccess file, ensure it is readable and that '/var/www/vhosts/saratogahistory.com/httpdocs/phpBB/' is executable
[Sat Aug 22 23:27:31.219876 2020] [core:crit] [pid 32352:tid 140619345282816] (13)Permission denied: [client 45.15.16.100:42540] AH00529: /var/www/vhosts/saratogahistory.com/httpdocs/phpBB/.htaccess pcfg_openfile: unable to check htaccess file, ensure it is readable and that '/var/www/vhosts/saratogahistory.com/httpdocs/phpBB/' is executable, referer: http://www.saratogahistory.com/phpBB/index.php
[Sat Aug 22 23:30:58.148234 2020] [proxy_fcgi:error] [pid 32352:tid 140619166955264] [client 45.12.177.236:50668] AH01071: Got error 'Primary script unknown\n'
[Sat Aug 22 23:30:59.552951 2020] [proxy_fcgi:error] [pid 6888:tid 140619334792960] [client 45.12.177.236:50752] AH01071: Got error 'Primary script unknown\n'
[Sat Aug 22 23:31:00.878147 2020] [proxy_fcgi:error] [pid 32352:tid 140619135485696] [client 45.12.177.236:50800] AH01071: Got error 'Primary script unknown\n'
[Sat Aug 22 23:31:03.577231 2020] [proxy_fcgi:error] [pid 6888:tid 140619303323392] [client 45.12.177.236:50872] AH01071: Got error 'Primary script unknown\n'
[Sat Aug 22 23:31:06.646644 2020] [proxy_fcgi:error] [pid 6888:tid 140619292833536] [client 45.12.177.236:50982] AH01071: Got error 'Primary script unknown\n'
[Sat Aug 22 23:37:16.463556 2020] [core:crit] [pid 6888:tid 140619303323392] (13)Permission denied: [client 176.10.99.200:37950] AH00529: /var/www/vhosts/saratogahistory.com/httpdocs/phpBB/.htaccess pcfg_openfile: unable to check htaccess file, ensure it is readable and that '/var/www/vhosts/saratogahistory.com/httpdocs/phpBB/' is executable, referer: http://www.saratogahistory.com/phpBB/index.php
[Sat Aug 22 23:57:54.300669 2020] [core:crit] [pid 6888:tid 140619135485696] (13)Permission denied: [client 145.255.9.77:56586] AH00529: /var/www/vhosts/saratogahistory.com/httpdocs/phpBB/.htaccess pcfg_openfile: unable to check htaccess file, ensure it is readable and that '/var/www/vhosts/saratogahistory.com/httpdocs/phpBB/' is executable, referer: http://www.saratogahistory.com/phpBB/index.php
[Sun Aug 23 00:08:37.915739 2020] [core:crit] [pid 6888:tid 140619145975552] (13)Permission denied: [client 185.25.35.14:52854] AH00529: /var/www/vhosts/saratogahistory.com/httpdocs/phpBB/.htaccess pcfg_openfile: unable to check htaccess file, ensure it is readable and that '/var/www/vhosts/saratogahistory.com/httpdocs/phpBB/' is executable
[Sun Aug 23 00:13:17.416319 2020] [core:crit] [pid 6888:tid 140619240384256] (13)Permission denied: [client 46.246.65.141:36016] AH00529: /var/www/vhosts/saratogahistory.com/httpdocs/phpBB/.htaccess pcfg_openfile: unable to check htaccess file, ensure it is readable and that '/var/www/vhosts/saratogahistory.com/httpdocs/phpBB/' is executable, referer: http://www.saratogahistory.com/phpBB/index.php
[Sun Aug 23 00:13:20.014892 2020] [core:crit] [pid 32325:tid 140619177445120] (13)Permission denied: [client 46.246.65.141:36110] AH00529: /var/www/vhosts/saratogahistory.com/httpdocs/phpBB/.htaccess pcfg_openfile: unable to check htaccess file, ensure it is readable and that '/var/www/vhosts/saratogahistory.com/httpdocs/phpBB/' is executable, referer: http://www.saratogahistory.com/phpBB/index.php
[Sun Aug 23 00:25:54.007085 2020] [core:crit] [pid 32352:tid 140619145975552] (13)Permission denied: [client 185.25.35.9:37000] AH00529: /var/www/vhosts/saratogahistory.com/httpdocs/phpBB/.htaccess pcfg_openfile: unable to check htaccess file, ensure it is readable and that '/var/www/vhosts/saratogahistory.com/httpdocs/phpBB/' is executable
[Sun Aug 23 00:55:29.288302 2020] [core:crit] [pid 6888:tid 140619334792960] (13)Permission denied: [client 203.133.169.112:48236] AH00529: /var/www/vhosts/saratogahistory.com/httpdocs/phpBB/.htaccess pcfg_openfile: unable to check htaccess file, ensure it is readable and that '/var/www/vhosts/saratogahistory.com/httpdocs/phpBB/' is executable
[Sun Aug 23 00:55:34.211267 2020] [core:crit] [pid 32325:tid 140619261363968] (13)Permission denied: [client 203.133.169.112:48402] AH00529: /var/www/vhosts/saratogahistory.com/httpdocs/phpBB/.htaccess pcfg_openfile: unable to check htaccess file, ensure it is readable and that '/var/www/vhosts/saratogahistory.com/httpdocs/phpBB/' is executable
[Sun Aug 23 00:55:39.203604 2020] [core:crit] [pid 6888:tid 140619313813248] (13)Permission denied: [client 203.133.169.112:48576] AH00529: /var/www/vhosts/saratogahistory.com/httpdocs/phpBB/.htaccess pcfg_openfile: unable to check htaccess file, ensure it is readable and that '/var/www/vhosts/saratogahistory.com/httpdocs/phpBB/' is executable
[Sun Aug 23 00:55:44.197360 2020] [core:crit] [pid 6888:tid 140619345282816] (13)Permission denied: [client 203.133.169.112:48760] AH00529: /var/www/vhosts/saratogahistory.com/httpdocs/phpBB/.htaccess pcfg_openfile: unable to check htaccess file, ensure it is readable and that '/var/www/vhosts/saratogahistory.com/httpdocs/phpBB/' is executable
[Sun Aug 23 00:55:49.111723 2020] [core:crit] [pid 32352:tid 140619366262528] (13)Permission denied: [client 203.133.169.112:48896] AH00529: /var/www/vhosts/saratogahistory.com/httpdocs/phpBB/.htaccess pcfg_openfile: unable to check htaccess file, ensure it is readable and that '/var/www/vhosts/saratogahistory.com/httpdocs/phpBB/' is executable
[Sun Aug 23 00:55:54.125284 2020] [core:crit] [pid 6888:tid 140619366262528] (13)Permission denied: [client 203.133.169.112:49038] AH00529: /var/www/vhosts/saratogahistory.com/httpdocs/phpBB/.htaccess pcfg_openfile: unable to check htaccess file, ensure it is readable and that '/var/www/vhosts/saratogahistory.com/httpdocs/phpBB/' is executable
[Sun Aug 23 00:55:59.473269 2020] [core:crit] [pid 6888:tid 140619198424832] (13)Permission denied: [client 203.133.169.112:49192] AH00529: /var/www/vhosts/saratogahistory.com/httpdocs/phpBB/.htaccess pcfg_openfile: unable to check htaccess file, ensure it is readable and that '/var/www/vhosts/saratogahistory.com/httpdocs/phpBB/' is executable
[Sun Aug 23 00:56:04.482469 2020] [core:crit] [pid 6888:tid 140619324303104] (13)Permission denied: [client 203.133.169.112:49350] AH00529: /var/www/vhosts/saratogahistory.com/httpdocs/phpBB/.htaccess pcfg_openfile: unable to check htaccess file, ensure it is readable and that '/var/www/vhosts/saratogahistory.com/httpdocs/phpBB/' is executable
[Sun Aug 23 00:56:09.505484 2020] [core:crit] [pid 6888:tid 140619271853824] (13)Permission denied: [client 203.133.169.112:49466] AH00529: /var/www/vhosts/saratogahistory.com/httpdocs/phpBB/.htaccess pcfg_openfile: unable to check htaccess file, ensure it is readable and that '/var/www/vhosts/saratogahistory.com/httpdocs/phpBB/' is executable
[Sun Aug 23 00:56:14.402455 2020] [core:crit] [pid 6888:tid 140619282343680] (13)Permission denied: [client 203.133.169.112:49648] AH00529: /var/www/vhosts/saratogahistory.com/httpdocs/phpBB/.htaccess pcfg_openfile: unable to check htaccess file, ensure it is readable and that '/var/www/vhosts/saratogahistory.com/httpdocs/phpBB/' is executable
[Sun Aug 23 00:56:19.401577 2020] [core:crit] [pid 6888:tid 140619261363968] (13)Permission denied: [client 203.133.169.112:49730] AH00529: /var/www/vhosts/saratogahistory.com/httpdocs/phpBB/.htaccess pcfg_openfile: unable to check htaccess file, ensure it is readable and that '/var/www/vhosts/saratogahistory.com/httpdocs/phpBB/' is executable
[Sun Aug 23 00:56:24.398990 2020] [core:crit] [pid 32352:tid 140619345282816] (13)Permission denied: [client 203.133.169.112:49838] AH00529: /var/www/vhosts/saratogahistory.com/httpdocs/phpBB/.htaccess pcfg_openfile: unable to check htaccess file, ensure it is readable and that '/var/www/vhosts/saratogahistory.com/httpdocs/phpBB/' is executable
[Sun Aug 23 00:56:29.398160 2020] [core:crit] [pid 32325:tid 140619376752384] (13)Permission denied: [client 203.133.169.112:50024] AH00529: /var/www/vhosts/saratogahistory.com/httpdocs/phpBB/.htaccess pcfg_openfile: unable to check htaccess file, ensure it is readable and that '/var/www/vhosts/saratogahistory.com/httpdocs/phpBB/' is executable
[Sun Aug 23 00:56:34.497642 2020] [core:crit] [pid 32352:tid 140619145975552] (13)Permission denied: [client 203.133.169.112:50274] AH00529: /var/www/vhosts/saratogahistory.com/httpdocs/phpBB/.htaccess pcfg_openfile: unable to check htaccess file, ensure it is readable and that '/var/www/vhosts/saratogahistory.com/httpdocs/phpBB/' is executable
[Sun Aug 23 00:56:39.393051 2020] [core:crit] [pid 6888:tid 140619240384256] (13)Permission denied: [client 203.133.169.112:50426] AH00529: /var/www/vhosts/saratogahistory.com/httpdocs/phpBB/.htaccess pcfg_openfile: unable to check htaccess file, ensure it is readable and that '/var/www/vhosts/saratogahistory.com/httpdocs/phpBB/' is executable
[Sun Aug 23 00:56:44.283832 2020] [core:crit] [pid 6888:tid 140619250874112] (13)Permission denied: [client 203.133.169.112:50628] AH00529: /var/www/vhosts/saratogahistory.com/httpdocs/phpBB/.htaccess pcfg_openfile: unable to check htaccess file, ensure it is readable and that '/var/www/vhosts/saratogahistory.com/httpdocs/phpBB/' is executable
[Sun Aug 23 00:56:49.261935 2020] [core:crit] [pid 6888:tid 140619187934976] (13)Permission denied: [client 203.133.169.112:50796] AH00529: /var/www/vhosts/saratogahistory.com/httpdocs/phpBB/.htaccess pcfg_openfile: unable to check htaccess file, ensure it is readable and that '/var/www/vhosts/saratogahistory.com/httpdocs/phpBB/' is executable
[Sun Aug 23 00:56:54.250444 2020] [core:crit] [pid 6888:tid 140619229894400] (13)Permission denied: [client 203.133.169.112:50934] AH00529: /var/www/vhosts/saratogahistory.com/httpdocs/phpBB/.htaccess pcfg_openfile: unable to check htaccess file, ensure it is readable and that '/var/www/vhosts/saratogahistory.com/httpdocs/phpBB/' is executable
[Sun Aug 23 00:56:59.147547 2020] [core:crit] [pid 6888:tid 140619208914688] (13)Permission denied: [client 203.133.169.112:51152] AH00529: /var/www/vhosts/saratogahistory.com/httpdocs/phpBB/.htaccess pcfg_openfile: unable to check htaccess file, ensure it is readable and that '/var/www/vhosts/saratogahistory.com/httpdocs/phpBB/' is executable
[Sun Aug 23 00:57:04.029216 2020] [core:crit] [pid 32352:tid 140619177445120] (13)Permission denied: [client 203.133.169.112:51324] AH00529: /var/www/vhosts/saratogahistory.com/httpdocs/phpBB/.htaccess pcfg_openfile: unable to check htaccess file, ensure it is readable and that '/var/www/vhosts/saratogahistory.com/httpdocs/phpBB/' is executable
[Sun Aug 23 00:57:09.235587 2020] [core:crit] [pid 32352:tid 140619166955264] (13)Permission denied: [client 203.133.169.112:51520] AH00529: /var/www/vhosts/saratogahistory.com/httpdocs/phpBB/.htaccess pcfg_openfile: unable to check htaccess file, ensure it is readable and that '/var/www/vhosts/saratogahistory.com/httpdocs/phpBB/' is executable
[Sun Aug 23 00:57:14.129149 2020] [core:crit] [pid 6888:tid 140619145975552] (13)Permission denied: [client 203.133.169.112:51688] AH00529: /var/www/vhosts/saratogahistory.com/httpdocs/phpBB/.htaccess pcfg_openfile: unable to check htaccess file, ensure it is readable and that '/var/www/vhosts/saratogahistory.com/httpdocs/phpBB/' is executable
[Sun Aug 23 00:57:19.075507 2020] [core:crit] [pid 32352:tid 140619135485696] (13)Permission denied: [client 203.133.169.112:51876] AH00529: /var/www/vhosts/saratogahistory.com/httpdocs/phpBB/.htaccess pcfg_openfile: unable to check htaccess file, ensure it is readable and that '/var/www/vhosts/saratogahistory.com/httpdocs/phpBB/' is executable
[Sun Aug 23 00:57:24.076618 2020] [core:crit] [pid 6888:tid 140619177445120] (13)Permission denied: [client 203.133.169.112:52052] AH00529: /var/www/vhosts/saratogahistory.com/httpdocs/phpBB/.htaccess pcfg_openfile: unable to check htaccess file, ensure it is readable and that '/var/www/vhosts/saratogahistory.com/httpdocs/phpBB/' is executable
[Sun Aug 23 00:57:28.987757 2020] [core:crit] [pid 6888:tid 140619156465408] (13)Permission denied: [client 203.133.169.112:52222] AH00529: /var/www/vhosts/saratogahistory.com/httpdocs/phpBB/.htaccess pcfg_openfile: unable to check htaccess file, ensure it is readable and that '/var/www/vhosts/saratogahistory.com/httpdocs/phpBB/' is executable
[Sun Aug 23 00:57:33.878683 2020] [core:crit] [pid 32352:tid 140619198424832] (13)Permission denied: [client 203.133.169.112:52382] AH00529: /var/www/vhosts/saratogahistory.com/httpdocs/phpBB/.htaccess pcfg_openfile: unable to check htaccess file, ensure it is readable and that '/var/www/vhosts/saratogahistory.com/httpdocs/phpBB/' is executable
[Sun Aug 23 00:57:38.861297 2020] [core:crit] [pid 6888:tid 140619124995840] (13)Permission denied: [client 203.133.169.112:52596] AH00529: /var/www/vhosts/saratogahistory.com/httpdocs/phpBB/.htaccess pcfg_openfile: unable to check htaccess file, ensure it is readable and that '/var/www/vhosts/saratogahistory.com/httpdocs/phpBB/' is executable
[Sun Aug 23 00:57:44.099416 2020] [core:crit] [pid 6888:tid 140619135485696] (13)Permission denied: [client 203.133.169.112:52788] AH00529: /var/www/vhosts/saratogahistory.com/httpdocs/phpBB/.htaccess pcfg_openfile: unable to check htaccess file, ensure it is readable and that '/var/www/vhosts/saratogahistory.com/httpdocs/phpBB/' is executable
[Sun Aug 23 00:57:49.095851 2020] [core:crit] [pid 6888:tid 140619166955264] (13)Permission denied: [client 203.133.169.112:52952] AH00529: /var/www/vhosts/saratogahistory.com/httpdocs/phpBB/.htaccess pcfg_openfile: unable to check htaccess file, ensure it is readable and that '/var/www/vhosts/saratogahistory.com/httpdocs/phpBB/' is executable
[Sun Aug 23 00:57:54.015584 2020] [core:crit] [pid 6888:tid 140619355772672] (13)Permission denied: [client 203.133.169.112:53158] AH00529: /var/www/vhosts/saratogahistory.com/httpdocs/phpBB/.htaccess pcfg_openfile: unable to check htaccess file, ensure it is readable and that '/var/www/vhosts/saratogahistory.com/httpdocs/phpBB/' is executable
[Sun Aug 23 00:57:58.901802 2020] [core:crit] [pid 6888:tid 140619376752384] (13)Permission denied: [client 203.133.169.112:53352] AH00529: /var/www/vhosts/saratogahistory.com/httpdocs/phpBB/.htaccess pcfg_openfile: unable to check htaccess file, ensure it is readable and that '/var/www/vhosts/saratogahistory.com/httpdocs/phpBB/' is executable
[Sun Aug 23 00:58:03.787654 2020] [core:crit] [pid 32352:tid 140619303323392] (13)Permission denied: [client 203.133.169.112:53544] AH00529: /var/www/vhosts/saratogahistory.com/httpdocs/phpBB/.htaccess pcfg_openfile: unable to check htaccess file, ensure it is readable and that '/var/www/vhosts/saratogahistory.com/httpdocs/phpBB/' is executable
[Sun Aug 23 00:58:08.778654 2020] [core:crit] [pid 6888:tid 140619334792960] (13)Permission denied: [client 203.133.169.112:53664] AH00529: /var/www/vhosts/saratogahistory.com/httpdocs/phpBB/.htaccess pcfg_openfile: unable to check htaccess file, ensure it is readable and that '/var/www/vhosts/saratogahistory.com/httpdocs/phpBB/' is executable
[Sun Aug 23 00:58:13.659249 2020] [core:crit] [pid 32352:tid 140619156465408] (13)Permission denied: [client 203.133.169.112:53796] AH00529: /var/www/vhosts/saratogahistory.com/httpdocs/phpBB/.htaccess pcfg_openfile: unable to check htaccess file, ensure it is readable and that '/var/www/vhosts/saratogahistory.com/httpdocs/phpBB/' is executable
[Sun Aug 23 00:58:18.748142 2020] [core:crit] [pid 6888:tid 140619313813248] (13)Permission denied: [client 203.133.169.112:53926] AH00529: /var/www/vhosts/saratogahistory.com/httpdocs/phpBB/.htaccess pcfg_openfile: unable to check htaccess file, ensure it is readable and that '/var/www/vhosts/saratogahistory.com/httpdocs/phpBB/' is executable
[Sun Aug 23 00:58:23.774375 2020] [core:crit] [pid 32352:tid 140619271853824] (13)Permission denied: [client 203.133.169.112:54060] AH00529: /var/www/vhosts/saratogahistory.com/httpdocs/phpBB/.htaccess pcfg_openfile: unable to check htaccess file, ensure it is readable and that '/var/www/vhosts/saratogahistory.com/httpdocs/phpBB/' is executable
[Sun Aug 23 00:58:28.680283 2020] [core:crit] [pid 32352:tid 140619124995840] (13)Permission denied: [client 203.133.169.112:54232] AH00529: /var/www/vhosts/saratogahistory.com/httpdocs/phpBB/.htaccess pcfg_openfile: unable to check htaccess file, ensure it is readable and that '/var/www/vhosts/saratogahistory.com/httpdocs/phpBB/' is executable
[Sun Aug 23 00:58:33.676932 2020] [core:crit] [pid 6888:tid 140619303323392] (13)Permission denied: [client 203.133.169.112:54432] AH00529: /var/www/vhosts/saratogahistory.com/httpdocs/phpBB/.htaccess pcfg_openfile: unable to check htaccess file, ensure it is readable and that '/var/www/vhosts/saratogahistory.com/httpdocs/phpBB/' is executable
[Sun Aug 23 00:58:38.655829 2020] [core:crit] [pid 6888:tid 140619292833536] (13)Permission denied: [client 203.133.169.112:54596] AH00529: /var/www/vhosts/saratogahistory.com/httpdocs/phpBB/.htaccess pcfg_openfile: unable to check htaccess file, ensure it is readable and that '/var/www/vhosts/saratogahistory.com/httpdocs/phpBB/' is executable
[Sun Aug 23 00:58:43.542320 2020] [core:crit] [pid 6888:tid 140619345282816] (13)Permission denied: [client 203.133.169.112:54752] AH00529: /var/www/vhosts/saratogahistory.com/httpdocs/phpBB/.htaccess pcfg_openfile: unable to check htaccess file, ensure it is readable and that '/var/www/vhosts/saratogahistory.com/httpdocs/phpBB/' is executable
[Sun Aug 23 00:58:48.425025 2020] [core:crit] [pid 32325:tid 140619208914688] (13)Permission denied: [client 203.133.169.112:54892] AH00529: /var/www/vhosts/saratogahistory.com/httpdocs/phpBB/.htaccess pcfg_openfile: unable to check htaccess file, ensure it is readable and that '/var/www/vhosts/saratogahistory.com/httpdocs/phpBB/' is executable
[Sun Aug 23 00:58:53.323653 2020] [core:crit] [pid 6888:tid 140619366262528] (13)Permission denied: [client 203.133.169.112:55044] AH00529: /var/www/vhosts/saratogahistory.com/httpdocs/phpBB/.htaccess pcfg_openfile: unable to check htaccess file, ensure it is readable and that '/var/www/vhosts/saratogahistory.com/httpdocs/phpBB/' is executable
[Sun Aug 23 00:58:58.314909 2020] [core:crit] [pid 6888:tid 140619198424832] (13)Permission denied: [client 203.133.169.112:55244] AH00529: /var/www/vhosts/saratogahistory.com/httpdocs/phpBB/.htaccess pcfg_openfile: unable to check htaccess file, ensure it is readable and that '/var/www/vhosts/saratogahistory.com/httpdocs/phpBB/' is executable
[Sun Aug 23 00:59:03.317149 2020] [core:crit] [pid 32352:tid 140619282343680] (13)Permission denied: [client 203.133.169.112:55494] AH00529: /var/www/vhosts/saratogahistory.com/httpdocs/phpBB/.htaccess pcfg_openfile: unable to check htaccess file, ensure it is readable and that '/var/www/vhosts/saratogahistory.com/httpdocs/phpBB/' is executable
[Sun Aug 23 00:59:08.307830 2020] [core:crit] [pid 32352:tid 140619292833536] (13)Permission denied: [client 203.133.169.112:55646] AH00529: /var/www/vhosts/saratogahistory.com/httpdocs/phpBB/.htaccess pcfg_openfile: unable to check htaccess file, ensure it is readable and that '/var/www/vhosts/saratogahistory.com/httpdocs/phpBB/' is executable
[Sun Aug 23 00:59:13.209006 2020] [core:crit] [pid 6888:tid 140619324303104] (13)Permission denied: [client 203.133.169.112:55806] AH00529: /var/www/vhosts/saratogahistory.com/httpdocs/phpBB/.htaccess pcfg_openfile: unable to check htaccess file, ensure it is readable and that '/var/www/vhosts/saratogahistory.com/httpdocs/phpBB/' is executable
[Sun Aug 23 00:59:18.244372 2020] [core:crit] [pid 6888:tid 140619271853824] (13)Permission denied: [client 203.133.169.112:56032] AH00529: /var/www/vhosts/saratogahistory.com/httpdocs/phpBB/.htaccess pcfg_openfile: unable to check htaccess file, ensure it is readable and that '/var/www/vhosts/saratogahistory.com/httpdocs/phpBB/' is executable
[Sun Aug 23 00:59:23.153010 2020] [core:crit] [pid 6888:tid 140619282343680] (13)Permission denied: [client 203.133.169.112:56328] AH00529: /var/www/vhosts/saratogahistory.com/httpdocs/phpBB/.htaccess pcfg_openfile: unable to check htaccess file, ensure it is readable and that '/var/www/vhosts/saratogahistory.com/httpdocs/phpBB/' is executable
[Sun Aug 23 00:59:28.037764 2020] [core:crit] [pid 32352:tid 140619313813248] (13)Permission denied: [client 203.133.169.112:56656] AH00529: /var/www/vhosts/saratogahistory.com/httpdocs/phpBB/.htaccess pcfg_openfile: unable to check htaccess file, ensure it is readable and that '/var/www/vhosts/saratogahistory.com/httpdocs/phpBB/' is executable
[Sun Aug 23 00:59:33.030527 2020] [core:crit] [pid 6888:tid 140619261363968] (13)Permission denied: [client 203.133.169.112:56908] AH00529: /var/www/vhosts/saratogahistory.com/httpdocs/phpBB/.htaccess pcfg_openfile: unable to check htaccess file, ensure it is readable and that '/var/www/vhosts/saratogahistory.com/httpdocs/phpBB/' is executable
[Sun Aug 23 00:59:38.068445 2020] [core:crit] [pid 6888:tid 140619240384256] (13)Permission denied: [client 203.133.169.112:57126] AH00529: /var/www/vhosts/saratogahistory.com/httpdocs/phpBB/.htaccess pcfg_openfile: unable to check htaccess file, ensure it is readable and that '/var/www/vhosts/saratogahistory.com/httpdocs/phpBB/' is executable
[Sun Aug 23 00:59:42.994883 2020] [core:crit] [pid 32325:tid 140619355772672] (13)Permission denied: [client 203.133.169.112:57312] AH00529: /var/www/vhosts/saratogahistory.com/httpdocs/phpBB/.htaccess pcfg_openfile: unable to check htaccess file, ensure it is readable and that '/var/www/vhosts/saratogahistory.com/httpdocs/phpBB/' is executable
[Sun Aug 23 00:59:47.874081 2020] [core:crit] [pid 6888:tid 140619250874112] (13)Permission denied: [client 203.133.169.112:57500] AH00529: /var/www/vhosts/saratogahistory.com/httpdocs/phpBB/.htaccess pcfg_openfile: unable to check htaccess file, ensure it is readable and that '/var/www/vhosts/saratogahistory.com/httpdocs/phpBB/' is executable
[Sun Aug 23 00:59:52.855162 2020] [core:crit] [pid 32325:tid 140619219404544] (13)Permission denied: [client 203.133.169.112:57688] AH00529: /var/www/vhosts/saratogahistory.com/httpdocs/phpBB/.htaccess pcfg_openfile: unable to check htaccess file, ensure it is readable and that '/var/www/vhosts/saratogahistory.com/httpdocs/phpBB/' is executable
[Sun Aug 23 00:59:57.847797 2020] [core:crit] [pid 32325:tid 140619198424832] (13)Permission denied: [client 203.133.169.112:57874] AH00529: /var/www/vhosts/saratogahistory.com/httpdocs/phpBB/.htaccess pcfg_openfile: unable to check htaccess file, ensure it is readable and that '/var/www/vhosts/saratogahistory.com/httpdocs/phpBB/' is executable
[Sun Aug 23 01:00:02.725348 2020] [core:crit] [pid 6888:tid 140619187934976] (13)Permission denied: [client 203.133.169.112:58232] AH00529: /var/www/vhosts/saratogahistory.com/httpdocs/phpBB/.htaccess pcfg_openfile: unable to check htaccess file, ensure it is readable and that '/var/www/vhosts/saratogahistory.com/httpdocs/phpBB/' is executable
[Sun Aug 23 01:00:07.616120 2020] [core:crit] [pid 6888:tid 140619229894400] (13)Permission denied: [client 203.133.169.112:58436] AH00529: /var/www/vhosts/saratogahistory.com/httpdocs/phpBB/.htaccess pcfg_openfile: unable to check htaccess file, ensure it is readable and that '/var/www/vhosts/saratogahistory.com/httpdocs/phpBB/' is executable
[Sun Aug 23 01:00:12.619441 2020] [core:crit] [pid 6888:tid 140619219404544] (13)Permission denied: [client 203.133.169.112:58624] AH00529: /var/www/vhosts/saratogahistory.com/httpdocs/phpBB/.htaccess pcfg_openfile: unable to check htaccess file, ensure it is readable and that '/var/www/vhosts/saratogahistory.com/httpdocs/phpBB/' is executable
[Sun Aug 23 01:00:17.499174 2020] [core:crit] [pid 32322:tid 140619261363968] (13)Permission denied: [client 203.133.169.112:58776] AH00529: /var/www/vhosts/saratogahistory.com/httpdocs/phpBB/.htaccess pcfg_openfile: unable to check htaccess file, ensure it is readable and that '/var/www/vhosts/saratogahistory.com/httpdocs/phpBB/' is executable
[Sun Aug 23 01:00:22.392492 2020] [core:crit] [pid 32325:tid 140619187934976] (13)Permission denied: [client 203.133.169.112:58954] AH00529: /var/www/vhosts/saratogahistory.com/httpdocs/phpBB/.htaccess pcfg_openfile: unable to check htaccess file, ensure it is readable and that '/var/www/vhosts/saratogahistory.com/httpdocs/phpBB/' is executable
[Sun Aug 23 01:23:19.391670 2020] [core:crit] [pid 32352:tid 140619198424832] (13)Permission denied: [client 198.144.120.224:56780] AH00529: /var/www/vhosts/saratogahistory.com/httpdocs/phpBB/.htaccess pcfg_openfile: unable to check htaccess file, ensure it is readable and that '/var/www/vhosts/saratogahistory.com/httpdocs/phpBB/' is executable, referer: http://www.saratogahistory.com/phpBB/index.php
[Sun Aug 23 01:36:08.688848 2020] [core:crit] [pid 6888:tid 140619366262528] (13)Permission denied: [client 24.249.199.4:33350] AH00529: /var/www/vhosts/saratogahistory.com/httpdocs/phpBB/.htaccess pcfg_openfile: unable to check htaccess file, ensure it is readable and that '/var/www/vhosts/saratogahistory.com/httpdocs/phpBB/' is executable, referer: http://www.saratogahistory.com/phpBB/index.php
[Sun Aug 23 01:45:01.982391 2020] [core:crit] [pid 32322:tid 140619229894400] (13)Permission denied: [client 5.188.84.92:59430] AH00529: /var/www/vhosts/saratogahistory.com/httpdocs/phpBB/.htaccess pcfg_openfile: unable to check htaccess file, ensure it is readable and that '/var/www/vhosts/saratogahistory.com/httpdocs/phpBB/' is executable, referer: http://www.saratogahistory.com/phpBB/index.php
[Sun Aug 23 02:39:45.893211 2020] [core:crit] [pid 6888:tid 140619313813248] (13)Permission denied: [client 109.191.129.245:53580] AH00529: /var/www/vhosts/saratogahistory.com/httpdocs/phpBB/.htaccess pcfg_openfile: unable to check htaccess file, ensure it is readable and that '/var/www/vhosts/saratogahistory.com/httpdocs/phpBB/' is executable, referer: http://www.saratogahistory.com/phpBB/index.php
[Sun Aug 23 02:39:47.103054 2020] [proxy_fcgi:error] [pid 6888:tid 140619366262528] [client 109.191.129.245:53642] AH01071: Got error 'Primary script unknown\n', referer: http://www.saratogahistory.com/index.php
[Sun Aug 23 02:39:47.453688 2020] [proxy_fcgi:error] [pid 32352:tid 140619187934976] [client 109.191.129.245:53664] AH01071: Got error 'Primary script unknown\n', referer: http://www.saratogahistory.com/index.php
[Sun Aug 23 02:39:47.783252 2020] [proxy_fcgi:error] [pid 6888:tid 140619345282816] [client 109.191.129.245:53686] AH01071: Got error 'Primary script unknown\n', referer: http://www.saratogahistory.com/index.php
[Sun Aug 23 02:54:26.373365 2020] [core:crit] [pid 6888:tid 140619271853824] (13)Permission denied: [client 109.70.100.36:59798] AH00529: /var/www/vhosts/saratogahistory.com/httpdocs/phpBB/.htaccess pcfg_openfile: unable to check htaccess file, ensure it is readable and that '/var/www/vhosts/saratogahistory.com/httpdocs/phpBB/' is executable, referer: http://www.saratogahistory.com/phpBB/index.php
[Sun Aug 23 03:25:29.650292 2020] [core:crit] [pid 32352:tid 140619324303104] (13)Permission denied: [client 23.129.64.208:49844] AH00529: /var/www/vhosts/saratogahistory.com/httpdocs/phpBB/.htaccess pcfg_openfile: unable to check htaccess file, ensure it is readable and that '/var/www/vhosts/saratogahistory.com/httpdocs/phpBB/' is executable, referer: http://www.saratogahistory.com/phpBB/index.php
[Sun Aug 23 04:20:08.378312 2020] [core:crit] [pid 6888:tid 140619334792960] (13)Permission denied: [client 185.25.35.13:38848] AH00529: /var/www/vhosts/saratogahistory.com/httpdocs/phpBB/.htaccess pcfg_openfile: unable to check htaccess file, ensure it is readable and that '/var/www/vhosts/saratogahistory.com/httpdocs/phpBB/' is executable
[Sun Aug 23 04:36:46.584112 2020] [core:crit] [pid 32352:tid 140619292833536] (13)Permission denied: [client 203.133.169.112:47944] AH00529: /var/www/vhosts/saratogahistory.com/httpdocs/phpBB/.htaccess pcfg_openfile: unable to check htaccess file, ensure it is readable and that '/var/www/vhosts/saratogahistory.com/httpdocs/phpBB/' is executable
[Sun Aug 23 04:36:51.589619 2020] [core:crit] [pid 32352:tid 140619313813248] (13)Permission denied: [client 203.133.169.112:48096] AH00529: /var/www/vhosts/saratogahistory.com/httpdocs/phpBB/.htaccess pcfg_openfile: unable to check htaccess file, ensure it is readable and that '/var/www/vhosts/saratogahistory.com/httpdocs/phpBB/' is executable
[Sun Aug 23 04:36:56.582304 2020] [core:crit] [pid 6888:tid 140619334792960] (13)Permission denied: [client 203.133.169.112:48282] AH00529: /var/www/vhosts/saratogahistory.com/httpdocs/phpBB/.htaccess pcfg_openfile: unable to check htaccess file, ensure it is readable and that '/var/www/vhosts/saratogahistory.com/httpdocs/phpBB/' is executable
[Sun Aug 23 04:37:01.497594 2020] [core:crit] [pid 6888:tid 140619313813248] (13)Permission denied: [client 203.133.169.112:48464] AH00529: /var/www/vhosts/saratogahistory.com/httpdocs/phpBB/.htaccess pcfg_openfile: unable to check htaccess file, ensure it is readable and that '/var/www/vhosts/saratogahistory.com/httpdocs/phpBB/' is executable
[Sun Aug 23 04:37:06.426020 2020] [core:crit] [pid 6888:tid 140619292833536] (13)Permission denied: [client 203.133.169.112:48638] AH00529: /var/www/vhosts/saratogahistory.com/httpdocs/phpBB/.htaccess pcfg_openfile: unable to check htaccess file, ensure it is readable and that '/var/www/vhosts/saratogahistory.com/httpdocs/phpBB/' is executable
[Sun Aug 23 04:37:11.403293 2020] [core:crit] [pid 6888:tid 140619303323392] (13)Permission denied: [client 203.133.169.112:48816] AH00529: /var/www/vhosts/saratogahistory.com/httpdocs/phpBB/.htaccess pcfg_openfile: unable to check htaccess file, ensure it is readable and that '/var/www/vhosts/saratogahistory.com/httpdocs/phpBB/' is executable
[Sun Aug 23 04:37:16.650785 2020] [core:crit] [pid 6888:tid 140619366262528] (13)Permission denied: [client 203.133.169.112:49062] AH00529: /var/www/vhosts/saratogahistory.com/httpdocs/phpBB/.htaccess pcfg_openfile: unable to check htaccess file, ensure it is readable and that '/var/www/vhosts/saratogahistory.com/httpdocs/phpBB/' is executable
[Sun Aug 23 04:37:21.558039 2020] [core:crit] [pid 6888:tid 140619345282816] (13)Permission denied: [client 203.133.169.112:49182] AH00529: /var/www/vhosts/saratogahistory.com/httpdocs/phpBB/.htaccess pcfg_openfile: unable to check htaccess file, ensure it is readable and that '/var/www/vhosts/saratogahistory.com/httpdocs/phpBB/' is executable
[Sun Aug 23 04:37:26.563382 2020] [core:crit] [pid 6888:tid 140619198424832] (13)Permission denied: [client 203.133.169.112:49342] AH00529: /var/www/vhosts/saratogahistory.com/httpdocs/phpBB/.htaccess pcfg_openfile: unable to check htaccess file, ensure it is readable and that '/var/www/vhosts/saratogahistory.com/httpdocs/phpBB/' is executable
[Sun Aug 23 04:37:31.454256 2020] [core:crit] [pid 6888:tid 140619324303104] (13)Permission denied: [client 203.133.169.112:49486] AH00529: /var/www/vhosts/saratogahistory.com/httpdocs/phpBB/.htaccess pcfg_openfile: unable to check htaccess file, ensure it is readable and that '/var/www/vhosts/saratogahistory.com/httpdocs/phpBB/' is executable
[Sun Aug 23 04:37:36.438698 2020] [core:crit] [pid 6888:tid 140619271853824] (13)Permission denied: [client 203.133.169.112:49698] AH00529: /var/www/vhosts/saratogahistory.com/httpdocs/phpBB/.htaccess pcfg_openfile: unable to check htaccess file, ensure it is readable and that '/var/www/vhosts/saratogahistory.com/httpdocs/phpBB/' is executable
[Sun Aug 23 04:37:41.424746 2020] [core:crit] [pid 32352:tid 140619261363968] (13)Permission denied: [client 203.133.169.112:49956] AH00529: /var/www/vhosts/saratogahistory.com/httpdocs/phpBB/.htaccess pcfg_openfile: unable to check htaccess file, ensure it is readable and that '/var/www/vhosts/saratogahistory.com/httpdocs/phpBB/' is executable
[Sun Aug 23 04:37:46.423119 2020] [core:crit] [pid 6888:tid 140619282343680] (13)Permission denied: [client 203.133.169.112:50150] AH00529: /var/www/vhosts/saratogahistory.com/httpdocs/phpBB/.htaccess pcfg_openfile: unable to check htaccess file, ensure it is readable and that '/var/www/vhosts/saratogahistory.com/httpdocs/phpBB/' is executable
[Sun Aug 23 04:37:51.339637 2020] [core:crit] [pid 6888:tid 140619261363968] (13)Permission denied: [client 203.133.169.112:50342] AH00529: /var/www/vhosts/saratogahistory.com/httpdocs/phpBB/.htaccess pcfg_openfile: unable to check htaccess file, ensure it is readable and that '/var/www/vhosts/saratogahistory.com/httpdocs/phpBB/' is executable
[Sun Aug 23 04:37:56.222282 2020] [core:crit] [pid 6888:tid 140619250874112] (13)Permission denied: [client 203.133.169.112:50528] AH00529: /var/www/vhosts/saratogahistory.com/httpdocs/phpBB/.htaccess pcfg_openfile: unable to check htaccess file, ensure it is readable and that '/var/www/vhosts/saratogahistory.com/httpdocs/phpBB/' is executable
[Sun Aug 23 04:38:01.112501 2020] [core:crit] [pid 32352:tid 140619240384256] (13)Permission denied: [client 203.133.169.112:50680] AH00529: /var/www/vhosts/saratogahistory.com/httpdocs/phpBB/.htaccess pcfg_openfile: unable to check htaccess file, ensure it is readable and that '/var/www/vhosts/saratogahistory.com/httpdocs/phpBB/' is executable
[Sun Aug 23 04:38:06.105648 2020] [core:crit] [pid 6888:tid 140619187934976] (13)Permission denied: [client 203.133.169.112:50860] AH00529: /var/www/vhosts/saratogahistory.com/httpdocs/phpBB/.htaccess pcfg_openfile: unable to check htaccess file, ensure it is readable and that '/var/www/vhosts/saratogahistory.com/httpdocs/phpBB/' is executable
[Sun Aug 23 04:38:11.016867 2020] [core:crit] [pid 32352:tid 140619355772672] (13)Permission denied: [client 203.133.169.112:50986] AH00529: /var/www/vhosts/saratogahistory.com/httpdocs/phpBB/.htaccess pcfg_openfile: unable to check htaccess file, ensure it is readable and that '/var/www/vhosts/saratogahistory.com/httpdocs/phpBB/' is executable
[Sun Aug 23 04:38:15.897028 2020] [core:crit] [pid 6888:tid 140619229894400] (13)Permission denied: [client 203.133.169.112:51114] AH00529: /var/www/vhosts/saratogahistory.com/httpdocs/phpBB/.htaccess pcfg_openfile: unable to check htaccess file, ensure it is readable and that '/var/www/vhosts/saratogahistory.com/httpdocs/phpBB/' is executable
[Sun Aug 23 04:38:20.778811 2020] [core:crit] [pid 6888:tid 140619145975552] (13)Permission denied: [client 203.133.169.112:51260] AH00529: /var/www/vhosts/saratogahistory.com/httpdocs/phpBB/.htaccess pcfg_openfile: unable to check htaccess file, ensure it is readable and that '/var/www/vhosts/saratogahistory.com/httpdocs/phpBB/' is executable
[Sun Aug 23 04:38:26.025768 2020] [core:crit] [pid 6888:tid 140619177445120] (13)Permission denied: [client 203.133.169.112:51404] AH00529: /var/www/vhosts/saratogahistory.com/httpdocs/phpBB/.htaccess pcfg_openfile: unable to check htaccess file, ensure it is readable and that '/var/www/vhosts/saratogahistory.com/httpdocs/phpBB/' is executable
[Sun Aug 23 04:38:31.040627 2020] [core:crit] [pid 6888:tid 140619124995840] (13)Permission denied: [client 203.133.169.112:51568] AH00529: /var/www/vhosts/saratogahistory.com/httpdocs/phpBB/.htaccess pcfg_openfile: unable to check htaccess file, ensure it is readable and that '/var/www/vhosts/saratogahistory.com/httpdocs/phpBB/' is executable
[Sun Aug 23 04:38:36.021168 2020] [core:crit] [pid 32352:tid 140619250874112] (13)Permission denied: [client 203.133.169.112:51688] AH00529: /var/www/vhosts/saratogahistory.com/httpdocs/phpBB/.htaccess pcfg_openfile: unable to check htaccess file, ensure it is readable and that '/var/www/vhosts/saratogahistory.com/httpdocs/phpBB/' is executable
[Sun Aug 23 04:38:40.911641 2020] [core:crit] [pid 6888:tid 140619156465408] (13)Permission denied: [client 203.133.169.112:51846] AH00529: /var/www/vhosts/saratogahistory.com/httpdocs/phpBB/.htaccess pcfg_openfile: unable to check htaccess file, ensure it is readable and that '/var/www/vhosts/saratogahistory.com/httpdocs/phpBB/' is executable
[Sun Aug 23 04:38:46.002436 2020] [core:crit] [pid 6888:tid 140619135485696] (13)Permission denied: [client 203.133.169.112:52078] AH00529: /var/www/vhosts/saratogahistory.com/httpdocs/phpBB/.htaccess pcfg_openfile: unable to check htaccess file, ensure it is readable and that '/var/www/vhosts/saratogahistory.com/httpdocs/phpBB/' is executable
[Sun Aug 23 04:38:50.887915 2020] [core:crit] [pid 6888:tid 140619166955264] (13)Permission denied: [client 203.133.169.112:52264] AH00529: /var/www/vhosts/saratogahistory.com/httpdocs/phpBB/.htaccess pcfg_openfile: unable to check htaccess file, ensure it is readable and that '/var/www/vhosts/saratogahistory.com/httpdocs/phpBB/' is executable
[Sun Aug 23 04:38:55.771505 2020] [core:crit] [pid 6888:tid 140619355772672] (13)Permission denied: [client 203.133.169.112:52366] AH00529: /var/www/vhosts/saratogahistory.com/httpdocs/phpBB/.htaccess pcfg_openfile: unable to check htaccess file, ensure it is readable and that '/var/www/vhosts/saratogahistory.com/httpdocs/phpBB/' is executable
[Sun Aug 23 04:39:01.009857 2020] [core:crit] [pid 6888:tid 140619313813248] (13)Permission denied: [client 203.133.169.112:52496] AH00529: /var/www/vhosts/saratogahistory.com/httpdocs/phpBB/.htaccess pcfg_openfile: unable to check htaccess file, ensure it is readable and that '/var/www/vhosts/saratogahistory.com/httpdocs/phpBB/' is executable
[Sun Aug 23 04:42:38.782232 2020] [core:crit] [pid 32325:tid 140619250874112] (13)Permission denied: [client 66.249.64.85:60582] AH00529: /var/www/vhosts/saratogahistory.com/httpdocs/phpBB/.htaccess pcfg_openfile: unable to check htaccess file, ensure it is readable and that '/var/www/vhosts/saratogahistory.com/httpdocs/phpBB/' is executable
[Sun Aug 23 04:49:15.907978 2020] [core:crit] [pid 6888:tid 140619187934976] (13)Permission denied: [client 95.65.81.152:46566] AH00529: /var/www/vhosts/saratogahistory.com/httpdocs/phpBB/.htaccess pcfg_openfile: unable to check htaccess file, ensure it is readable and that '/var/www/vhosts/saratogahistory.com/httpdocs/phpBB/' is executable, referer: http://www.saratogahistory.com/phpBB/index.php
[Sun Aug 23 05:18:14.142997 2020] [core:crit] [pid 32352:tid 140619313813248] (13)Permission denied: [client 93.93.46.180:58630] AH00529: /var/www/vhosts/saratogahistory.com/httpdocs/phpBB/.htaccess pcfg_openfile: unable to check htaccess file, ensure it is readable and that '/var/www/vhosts/saratogahistory.com/httpdocs/phpBB/' is executable, referer: http://www.saratogahistory.com/phpBB/index.php
[Sun Aug 23 05:19:18.905747 2020] [core:crit] [pid 6888:tid 140619261363968] (13)Permission denied: [client 145.255.9.77:32776] AH00529: /var/www/vhosts/saratogahistory.com/httpdocs/phpBB/.htaccess pcfg_openfile: unable to check htaccess file, ensure it is readable and that '/var/www/vhosts/saratogahistory.com/httpdocs/phpBB/' is executable, referer: http://www.saratogahistory.com/phpBB/index.php
[Sun Aug 23 05:24:01.090203 2020] [core:crit] [pid 32322:tid 140619198424832] (13)Permission denied: [client 85.248.227.164:42658] AH00529: /var/www/vhosts/saratogahistory.com/httpdocs/phpBB/.htaccess pcfg_openfile: unable to check htaccess file, ensure it is readable and that '/var/www/vhosts/saratogahistory.com/httpdocs/phpBB/' is executable, referer: http://www.saratogahistory.com/phpBB/index.php
[Sun Aug 23 05:24:04.937388 2020] [core:crit] [pid 32325:tid 140619177445120] (13)Permission denied: [client 185.25.35.15:42842] AH00529: /var/www/vhosts/saratogahistory.com/httpdocs/phpBB/.htaccess pcfg_openfile: unable to check htaccess file, ensure it is readable and that '/var/www/vhosts/saratogahistory.com/httpdocs/phpBB/' is executable
[Sun Aug 23 06:11:05.262173 2020] [core:crit] [pid 32325:tid 140619282343680] (13)Permission denied: [client 195.254.134.194:37210] AH00529: /var/www/vhosts/saratogahistory.com/httpdocs/phpBB/.htaccess pcfg_openfile: unable to check htaccess file, ensure it is readable and that '/var/www/vhosts/saratogahistory.com/httpdocs/phpBB/' is executable, referer: http://www.saratogahistory.com/phpBB/index.php
[Sun Aug 23 06:11:59.795894 2020] [core:crit] [pid 32352:tid 140619355772672] (13)Permission denied: [client 185.25.35.13:39118] AH00529: /var/www/vhosts/saratogahistory.com/httpdocs/phpBB/.htaccess pcfg_openfile: unable to check htaccess file, ensure it is readable and that '/var/www/vhosts/saratogahistory.com/httpdocs/phpBB/' is executable
[Sun Aug 23 06:13:12.465858 2020] [core:crit] [pid 32325:tid 140619250874112] (13)Permission denied: [client 145.255.9.77:41834] AH00529: /var/www/vhosts/saratogahistory.com/httpdocs/phpBB/.htaccess pcfg_openfile: unable to check htaccess file, ensure it is readable and that '/var/www/vhosts/saratogahistory.com/httpdocs/phpBB/' is executable, referer: http://www.saratogahistory.com/phpBB/index.php
[Sun Aug 23 06:30:34.992499 2020] [core:crit] [pid 6888:tid 140619345282816] (13)Permission denied: [client 185.25.35.12:55642] AH00529: /var/www/vhosts/saratogahistory.com/httpdocs/phpBB/.htaccess pcfg_openfile: unable to check htaccess file, ensure it is readable and that '/var/www/vhosts/saratogahistory.com/httpdocs/phpBB/' is executable
[Sun Aug 23 06:47:00.226492 2020] [core:crit] [pid 6888:tid 140619198424832] (13)Permission denied: [client 109.202.17.4:38944] AH00529: /var/www/vhosts/saratogahistory.com/httpdocs/phpBB/.htaccess pcfg_openfile: unable to check htaccess file, ensure it is readable and that '/var/www/vhosts/saratogahistory.com/httpdocs/phpBB/' is executable, referer: http://www.saratogahistory.com/phpBB/index.php
[Sun Aug 23 07:25:28.810936 2020] [core:crit] [pid 6888:tid 140619166955264] (13)Permission denied: [client 185.220.100.240:38104] AH00529: /var/www/vhosts/saratogahistory.com/httpdocs/phpBB/.htaccess pcfg_openfile: unable to check htaccess file, ensure it is readable and that '/var/www/vhosts/saratogahistory.com/httpdocs/phpBB/' is executable, referer: http://www.saratogahistory.com/phpBB/index.php
[Sun Aug 23 07:42:57.118446 2020] [core:crit] [pid 6888:tid 140619219404544] (13)Permission denied: [client 185.220.102.249:51840] AH00529: /var/www/vhosts/saratogahistory.com/httpdocs/phpBB/.htaccess pcfg_openfile: unable to check htaccess file, ensure it is readable and that '/var/www/vhosts/saratogahistory.com/httpdocs/phpBB/' is executable, referer: http://www.saratogahistory.com/phpBB/index.php
[Sun Aug 23 08:04:43.338049 2020] [core:crit] [pid 6888:tid 140619219404544] (13)Permission denied: [client 185.220.101.136:46024] AH00529: /var/www/vhosts/saratogahistory.com/httpdocs/phpBB/.htaccess pcfg_openfile: unable to check htaccess file, ensure it is readable and that '/var/www/vhosts/saratogahistory.com/httpdocs/phpBB/' is executable, referer: http://www.saratogahistory.com/phpBB/index.php
[Sun Aug 23 08:54:59.573686 2020] [core:crit] [pid 6888:tid 140619271853824] (13)Permission denied: [client 203.133.169.112:59330] AH00529: /var/www/vhosts/saratogahistory.com/httpdocs/phpBB/.htaccess pcfg_openfile: unable to check htaccess file, ensure it is readable and that '/var/www/vhosts/saratogahistory.com/httpdocs/phpBB/' is executable
[Sun Aug 23 08:55:04.453246 2020] [core:crit] [pid 32352:tid 140619334792960] (13)Permission denied: [client 203.133.169.112:59756] AH00529: /var/www/vhosts/saratogahistory.com/httpdocs/phpBB/.htaccess pcfg_openfile: unable to check htaccess file, ensure it is readable and that '/var/www/vhosts/saratogahistory.com/httpdocs/phpBB/' is executable
[Sun Aug 23 08:55:09.452248 2020] [core:crit] [pid 32352:tid 140619208914688] (13)Permission denied: [client 203.133.169.112:59998] AH00529: /var/www/vhosts/saratogahistory.com/httpdocs/phpBB/.htaccess pcfg_openfile: unable to check htaccess file, ensure it is readable and that '/var/www/vhosts/saratogahistory.com/httpdocs/phpBB/' is executable
[Sun Aug 23 08:55:14.451060 2020] [core:crit] [pid 6888:tid 140619261363968] (13)Permission denied: [client 203.133.169.112:60270] AH00529: /var/www/vhosts/saratogahistory.com/httpdocs/phpBB/.htaccess pcfg_openfile: unable to check htaccess file, ensure it is readable and that '/var/www/vhosts/saratogahistory.com/httpdocs/phpBB/' is executable
[Sun Aug 23 08:55:19.331069 2020] [core:crit] [pid 6888:tid 140619240384256] (13)Permission denied: [client 203.133.169.112:60488] AH00529: /var/www/vhosts/saratogahistory.com/httpdocs/phpBB/.htaccess pcfg_openfile: unable to check htaccess file, ensure it is readable and that '/var/www/vhosts/saratogahistory.com/httpdocs/phpBB/' is executable
[Sun Aug 23 08:55:24.226423 2020] [core:crit] [pid 6888:tid 140619250874112] (13)Permission denied: [client 203.133.169.112:60692] AH00529: /var/www/vhosts/saratogahistory.com/httpdocs/phpBB/.htaccess pcfg_openfile: unable to check htaccess file, ensure it is readable and that '/var/www/vhosts/saratogahistory.com/httpdocs/phpBB/' is executable
[Sun Aug 23 08:55:29.315955 2020] [core:crit] [pid 6888:tid 140619187934976] (13)Permission denied: [client 203.133.169.112:60902] AH00529: /var/www/vhosts/saratogahistory.com/httpdocs/phpBB/.htaccess pcfg_openfile: unable to check htaccess file, ensure it is readable and that '/var/www/vhosts/saratogahistory.com/httpdocs/phpBB/' is executable
[Sun Aug 23 08:55:34.313436 2020] [core:crit] [pid 6888:tid 140619229894400] (13)Permission denied: [client 203.133.169.112:32930] AH00529: /var/www/vhosts/saratogahistory.com/httpdocs/phpBB/.htaccess pcfg_openfile: unable to check htaccess file, ensure it is readable and that '/var/www/vhosts/saratogahistory.com/httpdocs/phpBB/' is executable
[Sun Aug 23 08:55:39.348371 2020] [core:crit] [pid 6888:tid 140619219404544] (13)Permission denied: [client 203.133.169.112:33216] AH00529: /var/www/vhosts/saratogahistory.com/httpdocs/phpBB/.htaccess pcfg_openfile: unable to check htaccess file, ensure it is readable and that '/var/www/vhosts/saratogahistory.com/httpdocs/phpBB/' is executable
[Sun Aug 23 08:55:44.247325 2020] [core:crit] [pid 6888:tid 140619208914688] (13)Permission denied: [client 203.133.169.112:33432] AH00529: /var/www/vhosts/saratogahistory.com/httpdocs/phpBB/.htaccess pcfg_openfile: unable to check htaccess file, ensure it is readable and that '/var/www/vhosts/saratogahistory.com/httpdocs/phpBB/' is executable
[Sun Aug 23 08:55:49.133346 2020] [core:crit] [pid 6888:tid 140619177445120] (13)Permission denied: [client 203.133.169.112:33702] AH00529: /var/www/vhosts/saratogahistory.com/httpdocs/phpBB/.htaccess pcfg_openfile: unable to check htaccess file, ensure it is readable and that '/var/www/vhosts/saratogahistory.com/httpdocs/phpBB/' is executable
[Sun Aug 23 08:55:54.182264 2020] [core:crit] [pid 32352:tid 140619229894400] (13)Permission denied: [client 203.133.169.112:33962] AH00529: /var/www/vhosts/saratogahistory.com/httpdocs/phpBB/.htaccess pcfg_openfile: unable to check htaccess file, ensure it is readable and that '/var/www/vhosts/saratogahistory.com/httpdocs/phpBB/' is executable
[Sun Aug 23 08:55:59.179695 2020] [core:crit] [pid 32352:tid 140619376752384] (13)Permission denied: [client 203.133.169.112:34232] AH00529: /var/www/vhosts/saratogahistory.com/httpdocs/phpBB/.htaccess pcfg_openfile: unable to check htaccess file, ensure it is readable and that '/var/www/vhosts/saratogahistory.com/httpdocs/phpBB/' is executable
[Sun Aug 23 08:56:04.083531 2020] [core:crit] [pid 32352:tid 140619366262528] (13)Permission denied: [client 203.133.169.112:34500] AH00529: /var/www/vhosts/saratogahistory.com/httpdocs/phpBB/.htaccess pcfg_openfile: unable to check htaccess file, ensure it is readable and that '/var/www/vhosts/saratogahistory.com/httpdocs/phpBB/' is executable
[Sun Aug 23 08:56:08.966830 2020] [core:crit] [pid 32352:tid 140619187934976] (13)Permission denied: [client 203.133.169.112:34726] AH00529: /var/www/vhosts/saratogahistory.com/httpdocs/phpBB/.htaccess pcfg_openfile: unable to check htaccess file, ensure it is readable and that '/var/www/vhosts/saratogahistory.com/httpdocs/phpBB/' is executable
[Sun Aug 23 08:56:13.955980 2020] [core:crit] [pid 6888:tid 140619156465408] (13)Permission denied: [client 203.133.169.112:34978] AH00529: /var/www/vhosts/saratogahistory.com/httpdocs/phpBB/.htaccess pcfg_openfile: unable to check htaccess file, ensure it is readable and that '/var/www/vhosts/saratogahistory.com/httpdocs/phpBB/' is executable
[Sun Aug 23 08:56:18.824814 2020] [core:crit] [pid 6888:tid 140619135485696] (13)Permission denied: [client 203.133.169.112:35216] AH00529: /var/www/vhosts/saratogahistory.com/httpdocs/phpBB/.htaccess pcfg_openfile: unable to check htaccess file, ensure it is readable and that '/var/www/vhosts/saratogahistory.com/httpdocs/phpBB/' is executable
[Sun Aug 23 08:56:23.705869 2020] [core:crit] [pid 6888:tid 140619355772672] (13)Permission denied: [client 203.133.169.112:35446] AH00529: /var/www/vhosts/saratogahistory.com/httpdocs/phpBB/.htaccess pcfg_openfile: unable to check htaccess file, ensure it is readable and that '/var/www/vhosts/saratogahistory.com/httpdocs/phpBB/' is executable
[Sun Aug 23 08:56:28.607778 2020] [core:crit] [pid 6888:tid 140619376752384] (13)Permission denied: [client 203.133.169.112:35676] AH00529: /var/www/vhosts/saratogahistory.com/httpdocs/phpBB/.htaccess pcfg_openfile: unable to check htaccess file, ensure it is readable and that '/var/www/vhosts/saratogahistory.com/httpdocs/phpBB/' is executable
[Sun Aug 23 08:56:33.484447 2020] [core:crit] [pid 6888:tid 140619334792960] (13)Permission denied: [client 203.133.169.112:35930] AH00529: /var/www/vhosts/saratogahistory.com/httpdocs/phpBB/.htaccess pcfg_openfile: unable to check htaccess file, ensure it is readable and that '/var/www/vhosts/saratogahistory.com/httpdocs/phpBB/' is executable
[Sun Aug 23 08:56:38.600159 2020] [core:crit] [pid 6888:tid 140619313813248] (13)Permission denied: [client 203.133.169.112:36190] AH00529: /var/www/vhosts/saratogahistory.com/httpdocs/phpBB/.htaccess pcfg_openfile: unable to check htaccess file, ensure it is readable and that '/var/www/vhosts/saratogahistory.com/httpdocs/phpBB/' is executable
[Sun Aug 23 08:56:43.597202 2020] [core:crit] [pid 6888:tid 140619292833536] (13)Permission denied: [client 203.133.169.112:36486] AH00529: /var/www/vhosts/saratogahistory.com/httpdocs/phpBB/.htaccess pcfg_openfile: unable to check htaccess file, ensure it is readable and that '/var/www/vhosts/saratogahistory.com/httpdocs/phpBB/' is executable
[Sun Aug 23 08:56:48.585048 2020] [core:crit] [pid 6888:tid 140619303323392] (13)Permission denied: [client 203.133.169.112:36724] AH00529: /var/www/vhosts/saratogahistory.com/httpdocs/phpBB/.htaccess pcfg_openfile: unable to check htaccess file, ensure it is readable and that '/var/www/vhosts/saratogahistory.com/httpdocs/phpBB/' is executable
[Sun Aug 23 08:56:53.577692 2020] [core:crit] [pid 32352:tid 140619345282816] (13)Permission denied: [client 203.133.169.112:37028] AH00529: /var/www/vhosts/saratogahistory.com/httpdocs/phpBB/.htaccess pcfg_openfile: unable to check htaccess file, ensure it is readable and that '/var/www/vhosts/saratogahistory.com/httpdocs/phpBB/' is executable
[Sun Aug 23 08:56:58.804789 2020] [core:crit] [pid 6888:tid 140619366262528] (13)Permission denied: [client 203.133.169.112:37286] AH00529: /var/www/vhosts/saratogahistory.com/httpdocs/phpBB/.htaccess pcfg_openfile: unable to check htaccess file, ensure it is readable and that '/var/www/vhosts/saratogahistory.com/httpdocs/phpBB/' is executable
[Sun Aug 23 08:57:03.808612 2020] [core:crit] [pid 6888:tid 140619345282816] (13)Permission denied: [client 203.133.169.112:37626] AH00529: /var/www/vhosts/saratogahistory.com/httpdocs/phpBB/.htaccess pcfg_openfile: unable to check htaccess file, ensure it is readable and that '/var/www/vhosts/saratogahistory.com/httpdocs/phpBB/' is executable
[Sun Aug 23 08:57:08.704466 2020] [core:crit] [pid 32352:tid 140619145975552] (13)Permission denied: [client 203.133.169.112:37878] AH00529: /var/www/vhosts/saratogahistory.com/httpdocs/phpBB/.htaccess pcfg_openfile: unable to check htaccess file, ensure it is readable and that '/var/www/vhosts/saratogahistory.com/httpdocs/phpBB/' is executable
[Sun Aug 23 08:57:13.609933 2020] [core:crit] [pid 32325:tid 140619250874112] (13)Permission denied: [client 203.133.169.112:38106] AH00529: /var/www/vhosts/saratogahistory.com/httpdocs/phpBB/.htaccess pcfg_openfile: unable to check htaccess file, ensure it is readable and that '/var/www/vhosts/saratogahistory.com/httpdocs/phpBB/' is executable
[Sun Aug 23 08:57:18.598449 2020] [core:crit] [pid 6888:tid 140619198424832] (13)Permission denied: [client 203.133.169.112:38362] AH00529: /var/www/vhosts/saratogahistory.com/httpdocs/phpBB/.htaccess pcfg_openfile: unable to check htaccess file, ensure it is readable and that '/var/www/vhosts/saratogahistory.com/httpdocs/phpBB/' is executable
[Sun Aug 23 08:57:23.481567 2020] [core:crit] [pid 6888:tid 140619324303104] (13)Permission denied: [client 203.133.169.112:38558] AH00529: /var/www/vhosts/saratogahistory.com/httpdocs/phpBB/.htaccess pcfg_openfile: unable to check htaccess file, ensure it is readable and that '/var/www/vhosts/saratogahistory.com/httpdocs/phpBB/' is executable
[Sun Aug 23 08:57:28.542652 2020] [core:crit] [pid 32352:tid 140619219404544] (13)Permission denied: [client 203.133.169.112:38796] AH00529: /var/www/vhosts/saratogahistory.com/httpdocs/phpBB/.htaccess pcfg_openfile: unable to check htaccess file, ensure it is readable and that '/var/www/vhosts/saratogahistory.com/httpdocs/phpBB/' is executable
[Sun Aug 23 08:57:33.559769 2020] [core:crit] [pid 32352:tid 140619177445120] (13)Permission denied: [client 203.133.169.112:39028] AH00529: /var/www/vhosts/saratogahistory.com/httpdocs/phpBB/.htaccess pcfg_openfile: unable to check htaccess file, ensure it is readable and that '/var/www/vhosts/saratogahistory.com/httpdocs/phpBB/' is executable
[Sun Aug 23 08:57:38.542274 2020] [core:crit] [pid 6888:tid 140619271853824] (13)Permission denied: [client 203.133.169.112:39236] AH00529: /var/www/vhosts/saratogahistory.com/httpdocs/phpBB/.htaccess pcfg_openfile: unable to check htaccess file, ensure it is readable and that '/var/www/vhosts/saratogahistory.com/httpdocs/phpBB/' is executable
[Sun Aug 23 08:57:43.545753 2020] [core:crit] [pid 32352:tid 140619166955264] (13)Permission denied: [client 203.133.169.112:39438] AH00529: /var/www/vhosts/saratogahistory.com/httpdocs/phpBB/.htaccess pcfg_openfile: unable to check htaccess file, ensure it is readable and that '/var/www/vhosts/saratogahistory.com/httpdocs/phpBB/' is executable
[Sun Aug 23 08:57:48.592112 2020] [core:crit] [pid 32325:tid 140619334792960] (13)Permission denied: [client 203.133.169.112:39610] AH00529: /var/www/vhosts/saratogahistory.com/httpdocs/phpBB/.htaccess pcfg_openfile: unable to check htaccess file, ensure it is readable and that '/var/www/vhosts/saratogahistory.com/httpdocs/phpBB/' is executable
[Sun Aug 23 08:57:53.585244 2020] [core:crit] [pid 6888:tid 140619261363968] (13)Permission denied: [client 203.133.169.112:39820] AH00529: /var/www/vhosts/saratogahistory.com/httpdocs/phpBB/.htaccess pcfg_openfile: unable to check htaccess file, ensure it is readable and that '/var/www/vhosts/saratogahistory.com/httpdocs/phpBB/' is executable
[Sun Aug 23 08:57:58.503896 2020] [core:crit] [pid 32352:tid 140619303323392] (13)Permission denied: [client 203.133.169.112:40028] AH00529: /var/www/vhosts/saratogahistory.com/httpdocs/phpBB/.htaccess pcfg_openfile: unable to check htaccess file, ensure it is readable and that '/var/www/vhosts/saratogahistory.com/httpdocs/phpBB/' is executable
[Sun Aug 23 08:58:03.423002 2020] [core:crit] [pid 32352:tid 140619198424832] (13)Permission denied: [client 203.133.169.112:40274] AH00529: /var/www/vhosts/saratogahistory.com/httpdocs/phpBB/.htaccess pcfg_openfile: unable to check htaccess file, ensure it is readable and that '/var/www/vhosts/saratogahistory.com/httpdocs/phpBB/' is executable
[Sun Aug 23 08:58:08.297941 2020] [core:crit] [pid 6888:tid 140619240384256] (13)Permission denied: [client 203.133.169.112:40554] AH00529: /var/www/vhosts/saratogahistory.com/httpdocs/phpBB/.htaccess pcfg_openfile: unable to check htaccess file, ensure it is readable and that '/var/www/vhosts/saratogahistory.com/httpdocs/phpBB/' is executable
[Sun Aug 23 08:58:13.179296 2020] [core:crit] [pid 6888:tid 140619250874112] (13)Permission denied: [client 203.133.169.112:40818] AH00529: /var/www/vhosts/saratogahistory.com/httpdocs/phpBB/.htaccess pcfg_openfile: unable to check htaccess file, ensure it is readable and that '/var/www/vhosts/saratogahistory.com/httpdocs/phpBB/' is executable
[Sun Aug 23 08:58:18.421360 2020] [core:crit] [pid 6888:tid 140619187934976] (13)Permission denied: [client 203.133.169.112:41114] AH00529: /var/www/vhosts/saratogahistory.com/httpdocs/phpBB/.htaccess pcfg_openfile: unable to check htaccess file, ensure it is readable and that '/var/www/vhosts/saratogahistory.com/httpdocs/phpBB/' is executable
[Sun Aug 23 08:58:23.306947 2020] [core:crit] [pid 6888:tid 140619229894400] (13)Permission denied: [client 203.133.169.112:41358] AH00529: /var/www/vhosts/saratogahistory.com/httpdocs/phpBB/.htaccess pcfg_openfile: unable to check htaccess file, ensure it is readable and that '/var/www/vhosts/saratogahistory.com/httpdocs/phpBB/' is executable
[Sun Aug 23 09:00:32.638654 2020] [core:crit] [pid 6888:tid 140619124995840] (13)Permission denied: [client 145.255.9.77:46556] AH00529: /var/www/vhosts/saratogahistory.com/httpdocs/phpBB/.htaccess pcfg_openfile: unable to check htaccess file, ensure it is readable and that '/var/www/vhosts/saratogahistory.com/httpdocs/phpBB/' is executable, referer: http://www.saratogahistory.com/phpBB/index.php
[Sun Aug 23 09:29:53.110825 2020] [core:crit] [pid 32352:tid 140619187934976] (13)Permission denied: [client 185.245.85.19:37660] AH00529: /var/www/vhosts/saratogahistory.com/httpdocs/phpBB/.htaccess pcfg_openfile: unable to check htaccess file, ensure it is readable and that '/var/www/vhosts/saratogahistory.com/httpdocs/phpBB/' is executable, referer: http://www.saratogahistory.com/phpBB/
[Sun Aug 23 10:18:37.579346 2020] [core:crit] [pid 6888:tid 140619355772672] (13)Permission denied: [client 185.25.35.11:53104] AH00529: /var/www/vhosts/saratogahistory.com/httpdocs/phpBB/.htaccess pcfg_openfile: unable to check htaccess file, ensure it is readable and that '/var/www/vhosts/saratogahistory.com/httpdocs/phpBB/' is executable
[Sun Aug 23 10:31:28.016248 2020] [core:crit] [pid 6888:tid 140619250874112] (13)Permission denied: [client 5.188.84.243:33570] AH00529: /var/www/vhosts/saratogahistory.com/httpdocs/phpBB/.htaccess pcfg_openfile: unable to check htaccess file, ensure it is readable and that '/var/www/vhosts/saratogahistory.com/httpdocs/phpBB/' is executable, referer: http://www.saratogahistory.com/phpBB/index.php
[Sun Aug 23 10:31:28.716076 2020] [core:crit] [pid 32352:tid 140619313813248] (13)Permission denied: [client 5.188.84.243:33612] AH00529: /var/www/vhosts/saratogahistory.com/httpdocs/phpBB/.htaccess pcfg_openfile: unable to check htaccess file, ensure it is readable and that '/var/www/vhosts/saratogahistory.com/httpdocs/phpBB/' is executable, referer: http://www.saratogahistory.com/phpBB/index.php
[Sun Aug 23 11:04:18.407039 2020] [core:crit] [pid 6888:tid 140619345282816] (13)Permission denied: [client 87.118.116.90:36918] AH00529: /var/www/vhosts/saratogahistory.com/httpdocs/phpBB/.htaccess pcfg_openfile: unable to check htaccess file, ensure it is readable and that '/var/www/vhosts/saratogahistory.com/httpdocs/phpBB/' is executable, referer: http://www.saratogahistory.com/phpBB/index.php
[Sun Aug 23 11:12:44.210994 2020] [core:crit] [pid 32325:tid 140619261363968] (13)Permission denied: [client 188.122.82.146:57276] AH00529: /var/www/vhosts/saratogahistory.com/httpdocs/phpBB/.htaccess pcfg_openfile: unable to check htaccess file, ensure it is readable and that '/var/www/vhosts/saratogahistory.com/httpdocs/phpBB/' is executable, referer: http://www.saratogahistory.com/phpBB/index.php
[Sun Aug 23 11:23:31.455152 2020] [core:crit] [pid 6888:tid 140619313813248] (13)Permission denied: [client 185.25.35.10:55986] AH00529: /var/www/vhosts/saratogahistory.com/httpdocs/phpBB/.htaccess pcfg_openfile: unable to check htaccess file, ensure it is readable and that '/var/www/vhosts/saratogahistory.com/httpdocs/phpBB/' is executable
[Sun Aug 23 12:07:49.415200 2020] [core:crit] [pid 6888:tid 140619166955264] (13)Permission denied: [client 185.25.35.14:33108] AH00529: /var/www/vhosts/saratogahistory.com/httpdocs/phpBB/.htaccess pcfg_openfile: unable to check htaccess file, ensure it is readable and that '/var/www/vhosts/saratogahistory.com/httpdocs/phpBB/' is executable
[Sun Aug 23 12:26:22.124105 2020] [core:crit] [pid 32352:tid 140619303323392] (13)Permission denied: [client 185.25.35.14:54424] AH00529: /var/www/vhosts/saratogahistory.com/httpdocs/phpBB/.htaccess pcfg_openfile: unable to check htaccess file, ensure it is readable and that '/var/www/vhosts/saratogahistory.com/httpdocs/phpBB/' is executable
[Sun Aug 23 12:31:23.718621 2020] [core:crit] [pid 32352:tid 140619282343680] (13)Permission denied: [client 185.220.101.137:40182] AH00529: /var/www/vhosts/saratogahistory.com/httpdocs/phpBB/.htaccess pcfg_openfile: unable to check htaccess file, ensure it is readable and that '/var/www/vhosts/saratogahistory.com/httpdocs/phpBB/' is executable, referer: http://www.saratogahistory.com/phpBB/index.php
[Sun Aug 23 13:03:31.167289 2020] [core:crit] [pid 6888:tid 140619156465408] (13)Permission denied: [client 37.142.3.241:45488] AH00529: /var/www/vhosts/saratogahistory.com/httpdocs/phpBB/.htaccess pcfg_openfile: unable to check htaccess file, ensure it is readable and that '/var/www/vhosts/saratogahistory.com/httpdocs/phpBB/' is executable, referer: http://www.saratogahistory.com/phpBB/index.php
[Sun Aug 23 13:03:32.537294 2020] [proxy_fcgi:error] [pid 6888:tid 140619355772672] [client 37.142.3.241:45554] AH01071: Got error 'Primary script unknown\n', referer: http://www.saratogahistory.com/index.php
[Sun Aug 23 13:03:32.925296 2020] [proxy_fcgi:error] [pid 6888:tid 140619376752384] [client 37.142.3.241:45584] AH01071: Got error 'Primary script unknown\n', referer: http://www.saratogahistory.com/index.php
[Sun Aug 23 13:03:33.273976 2020] [proxy_fcgi:error] [pid 6888:tid 140619334792960] [client 37.142.3.241:45608] AH01071: Got error 'Primary script unknown\n', referer: http://www.saratogahistory.com/index.php
[Sun Aug 23 13:11:42.827292 2020] [core:crit] [pid 6888:tid 140619261363968] (13)Permission denied: [client 203.133.169.112:40730] AH00529: /var/www/vhosts/saratogahistory.com/httpdocs/phpBB/.htaccess pcfg_openfile: unable to check htaccess file, ensure it is readable and that '/var/www/vhosts/saratogahistory.com/httpdocs/phpBB/' is executable
[Sun Aug 23 13:11:47.704190 2020] [core:crit] [pid 6888:tid 140619240384256] (13)Permission denied: [client 203.133.169.112:41046] AH00529: /var/www/vhosts/saratogahistory.com/httpdocs/phpBB/.htaccess pcfg_openfile: unable to check htaccess file, ensure it is readable and that '/var/www/vhosts/saratogahistory.com/httpdocs/phpBB/' is executable
[Sun Aug 23 13:11:52.692843 2020] [core:crit] [pid 32325:tid 140619250874112] (13)Permission denied: [client 203.133.169.112:41402] AH00529: /var/www/vhosts/saratogahistory.com/httpdocs/phpBB/.htaccess pcfg_openfile: unable to check htaccess file, ensure it is readable and that '/var/www/vhosts/saratogahistory.com/httpdocs/phpBB/' is executable
[Sun Aug 23 13:11:57.729204 2020] [core:crit] [pid 32325:tid 140619334792960] (13)Permission denied: [client 203.133.169.112:41728] AH00529: /var/www/vhosts/saratogahistory.com/httpdocs/phpBB/.htaccess pcfg_openfile: unable to check htaccess file, ensure it is readable and that '/var/www/vhosts/saratogahistory.com/httpdocs/phpBB/' is executable
[Sun Aug 23 13:12:02.726752 2020] [core:crit] [pid 32325:tid 140619345282816] (13)Permission denied: [client 203.133.169.112:41994] AH00529: /var/www/vhosts/saratogahistory.com/httpdocs/phpBB/.htaccess pcfg_openfile: unable to check htaccess file, ensure it is readable and that '/var/www/vhosts/saratogahistory.com/httpdocs/phpBB/' is executable
[Sun Aug 23 13:12:07.627912 2020] [core:crit] [pid 6888:tid 140619250874112] (13)Permission denied: [client 203.133.169.112:42268] AH00529: /var/www/vhosts/saratogahistory.com/httpdocs/phpBB/.htaccess pcfg_openfile: unable to check htaccess file, ensure it is readable and that '/var/www/vhosts/saratogahistory.com/httpdocs/phpBB/' is executable
[Sun Aug 23 13:12:12.705848 2020] [core:crit] [pid 6888:tid 140619187934976] (13)Permission denied: [client 203.133.169.112:42564] AH00529: /var/www/vhosts/saratogahistory.com/httpdocs/phpBB/.htaccess pcfg_openfile: unable to check htaccess file, ensure it is readable and that '/var/www/vhosts/saratogahistory.com/httpdocs/phpBB/' is executable
[Sun Aug 23 13:12:17.695700 2020] [core:crit] [pid 32352:tid 140619135485696] (13)Permission denied: [client 203.133.169.112:42824] AH00529: /var/www/vhosts/saratogahistory.com/httpdocs/phpBB/.htaccess pcfg_openfile: unable to check htaccess file, ensure it is readable and that '/var/www/vhosts/saratogahistory.com/httpdocs/phpBB/' is executable
[Sun Aug 23 13:12:22.590793 2020] [core:crit] [pid 6888:tid 140619229894400] (13)Permission denied: [client 203.133.169.112:43030] AH00529: /var/www/vhosts/saratogahistory.com/httpdocs/phpBB/.htaccess pcfg_openfile: unable to check htaccess file, ensure it is readable and that '/var/www/vhosts/saratogahistory.com/httpdocs/phpBB/' is executable
[Sun Aug 23 13:12:27.492367 2020] [core:crit] [pid 32325:tid 140619366262528] (13)Permission denied: [client 203.133.169.112:43236] AH00529: /var/www/vhosts/saratogahistory.com/httpdocs/phpBB/.htaccess pcfg_openfile: unable to check htaccess file, ensure it is readable and that '/var/www/vhosts/saratogahistory.com/httpdocs/phpBB/' is executable
[Sun Aug 23 13:12:32.513008 2020] [core:crit] [pid 32352:tid 140619303323392] (13)Permission denied: [client 203.133.169.112:43442] AH00529: /var/www/vhosts/saratogahistory.com/httpdocs/phpBB/.htaccess pcfg_openfile: unable to check htaccess file, ensure it is readable and that '/var/www/vhosts/saratogahistory.com/httpdocs/phpBB/' is executable
[Sun Aug 23 13:12:37.538987 2020] [core:crit] [pid 32352:tid 140619198424832] (13)Permission denied: [client 203.133.169.112:43634] AH00529: /var/www/vhosts/saratogahistory.com/httpdocs/phpBB/.htaccess pcfg_openfile: unable to check htaccess file, ensure it is readable and that '/var/www/vhosts/saratogahistory.com/httpdocs/phpBB/' is executable
[Sun Aug 23 13:12:42.436725 2020] [core:crit] [pid 6888:tid 140619219404544] (13)Permission denied: [client 203.133.169.112:43826] AH00529: /var/www/vhosts/saratogahistory.com/httpdocs/phpBB/.htaccess pcfg_openfile: unable to check htaccess file, ensure it is readable and that '/var/www/vhosts/saratogahistory.com/httpdocs/phpBB/' is executable
[Sun Aug 23 13:12:47.427263 2020] [core:crit] [pid 6888:tid 140619208914688] (13)Permission denied: [client 203.133.169.112:44060] AH00529: /var/www/vhosts/saratogahistory.com/httpdocs/phpBB/.htaccess pcfg_openfile: unable to check htaccess file, ensure it is readable and that '/var/www/vhosts/saratogahistory.com/httpdocs/phpBB/' is executable
[Sun Aug 23 13:12:52.423358 2020] [core:crit] [pid 32352:tid 140619156465408] (13)Permission denied: [client 203.133.169.112:44266] AH00529: /var/www/vhosts/saratogahistory.com/httpdocs/phpBB/.htaccess pcfg_openfile: unable to check htaccess file, ensure it is readable and that '/var/www/vhosts/saratogahistory.com/httpdocs/phpBB/' is executable
[Sun Aug 23 13:12:57.420542 2020] [core:crit] [pid 6888:tid 140619145975552] (13)Permission denied: [client 203.133.169.112:44482] AH00529: /var/www/vhosts/saratogahistory.com/httpdocs/phpBB/.htaccess pcfg_openfile: unable to check htaccess file, ensure it is readable and that '/var/www/vhosts/saratogahistory.com/httpdocs/phpBB/' is executable
[Sun Aug 23 13:13:02.417440 2020] [core:crit] [pid 32352:tid 140619271853824] (13)Permission denied: [client 203.133.169.112:44734] AH00529: /var/www/vhosts/saratogahistory.com/httpdocs/phpBB/.htaccess pcfg_openfile: unable to check htaccess file, ensure it is readable and that '/var/www/vhosts/saratogahistory.com/httpdocs/phpBB/' is executable
[Sun Aug 23 13:13:07.310458 2020] [core:crit] [pid 32325:tid 140619261363968] (13)Permission denied: [client 203.133.169.112:44974] AH00529: /var/www/vhosts/saratogahistory.com/httpdocs/phpBB/.htaccess pcfg_openfile: unable to check htaccess file, ensure it is readable and that '/var/www/vhosts/saratogahistory.com/httpdocs/phpBB/' is executable
[Sun Aug 23 13:13:12.309006 2020] [core:crit] [pid 32352:tid 140619124995840] (13)Permission denied: [client 203.133.169.112:45300] AH00529: /var/www/vhosts/saratogahistory.com/httpdocs/phpBB/.htaccess pcfg_openfile: unable to check htaccess file, ensure it is readable and that '/var/www/vhosts/saratogahistory.com/httpdocs/phpBB/' is executable
[Sun Aug 23 13:13:17.293712 2020] [core:crit] [pid 6888:tid 140619124995840] (13)Permission denied: [client 203.133.169.112:45558] AH00529: /var/www/vhosts/saratogahistory.com/httpdocs/phpBB/.htaccess pcfg_openfile: unable to check htaccess file, ensure it is readable and that '/var/www/vhosts/saratogahistory.com/httpdocs/phpBB/' is executable
[Sun Aug 23 13:13:22.387957 2020] [core:crit] [pid 6888:tid 140619156465408] (13)Permission denied: [client 203.133.169.112:45826] AH00529: /var/www/vhosts/saratogahistory.com/httpdocs/phpBB/.htaccess pcfg_openfile: unable to check htaccess file, ensure it is readable and that '/var/www/vhosts/saratogahistory.com/httpdocs/phpBB/' is executable
[Sun Aug 23 13:13:27.379559 2020] [core:crit] [pid 6888:tid 140619135485696] (13)Permission denied: [client 203.133.169.112:46038] AH00529: /var/www/vhosts/saratogahistory.com/httpdocs/phpBB/.htaccess pcfg_openfile: unable to check htaccess file, ensure it is readable and that '/var/www/vhosts/saratogahistory.com/httpdocs/phpBB/' is executable
[Sun Aug 23 13:13:32.375678 2020] [core:crit] [pid 32352:tid 140619282343680] (13)Permission denied: [client 203.133.169.112:46294] AH00529: /var/www/vhosts/saratogahistory.com/httpdocs/phpBB/.htaccess pcfg_openfile: unable to check htaccess file, ensure it is readable and that '/var/www/vhosts/saratogahistory.com/httpdocs/phpBB/' is executable
[Sun Aug 23 13:13:37.258375 2020] [core:crit] [pid 6888:tid 140619166955264] (13)Permission denied: [client 203.133.169.112:46560] AH00529: /var/www/vhosts/saratogahistory.com/httpdocs/phpBB/.htaccess pcfg_openfile: unable to check htaccess file, ensure it is readable and that '/var/www/vhosts/saratogahistory.com/httpdocs/phpBB/' is executable
[Sun Aug 23 13:13:42.206129 2020] [core:crit] [pid 6888:tid 140619355772672] (13)Permission denied: [client 203.133.169.112:46762] AH00529: /var/www/vhosts/saratogahistory.com/httpdocs/phpBB/.htaccess pcfg_openfile: unable to check htaccess file, ensure it is readable and that '/var/www/vhosts/saratogahistory.com/httpdocs/phpBB/' is executable
[Sun Aug 23 13:13:47.101347 2020] [core:crit] [pid 6888:tid 140619376752384] (13)Permission denied: [client 203.133.169.112:46944] AH00529: /var/www/vhosts/saratogahistory.com/httpdocs/phpBB/.htaccess pcfg_openfile: unable to check htaccess file, ensure it is readable and that '/var/www/vhosts/saratogahistory.com/httpdocs/phpBB/' is executable
[Sun Aug 23 13:19:08.508813 2020] [core:crit] [pid 6888:tid 140619240384256] (13)Permission denied: [client 93.120.167.107:33842] AH00529: /var/www/vhosts/saratogahistory.com/httpdocs/phpBB/.htaccess pcfg_openfile: unable to check htaccess file, ensure it is readable and that '/var/www/vhosts/saratogahistory.com/httpdocs/phpBB/' is executable, referer: http://www.saratogahistory.com/phpBB/index.php
[Sun Aug 23 13:44:23.726189 2020] [core:crit] [pid 32352:tid 140619156465408] (13)Permission denied: [client 178.141.61.218:48106] AH00529: /var/www/vhosts/saratogahistory.com/httpdocs/phpBB/.htaccess pcfg_openfile: unable to check htaccess file, ensure it is readable and that '/var/www/vhosts/saratogahistory.com/httpdocs/phpBB/' is executable, referer: http://www.saratogahistory.com/phpBB/index.php
[Sun Aug 23 14:34:09.538483 2020] [core:crit] [pid 6888:tid 140619355772672] (13)Permission denied: [client 185.220.101.214:52622] AH00529: /var/www/vhosts/saratogahistory.com/httpdocs/phpBB/.htaccess pcfg_openfile: unable to check htaccess file, ensure it is readable and that '/var/www/vhosts/saratogahistory.com/httpdocs/phpBB/' is executable, referer: http://www.saratogahistory.com/phpBB/index.php
[Sun Aug 23 15:05:27.863456 2020] [core:crit] [pid 32352:tid 140619156465408] (13)Permission denied: [client 185.245.85.19:53280] AH00529: /var/www/vhosts/saratogahistory.com/httpdocs/phpBB/.htaccess pcfg_openfile: unable to check htaccess file, ensure it is readable and that '/var/www/vhosts/saratogahistory.com/httpdocs/phpBB/' is executable, referer: http://www.saratogahistory.com/phpBB/index.php
[Sun Aug 23 15:52:01.725576 2020] [proxy_fcgi:error] [pid 32352:tid 140619324303104] [client 54.37.21.211:47906] AH01071: Got error 'Primary script unknown\n', referer: http://saratogahistory.com/wp-login.php
[Sun Aug 23 16:15:50.696457 2020] [core:crit] [pid 6888:tid 140619313813248] (13)Permission denied: [client 109.191.129.245:36150] AH00529: /var/www/vhosts/saratogahistory.com/httpdocs/phpBB/.htaccess pcfg_openfile: unable to check htaccess file, ensure it is readable and that '/var/www/vhosts/saratogahistory.com/httpdocs/phpBB/' is executable, referer: http://www.saratogahistory.com/phpBB/index.php
[Sun Aug 23 16:15:52.002012 2020] [proxy_fcgi:error] [pid 32352:tid 140619156465408] [client 109.191.129.245:36226] AH01071: Got error 'Primary script unknown\n', referer: http://www.saratogahistory.com/index.php
[Sun Aug 23 16:15:52.351707 2020] [proxy_fcgi:error] [pid 32352:tid 140619198424832] [client 109.191.129.245:36242] AH01071: Got error 'Primary script unknown\n', referer: http://www.saratogahistory.com/index.php
[Sun Aug 23 16:15:52.721335 2020] [proxy_fcgi:error] [pid 6888:tid 140619303323392] [client 109.191.129.245:36256] AH01071: Got error 'Primary script unknown\n', referer: http://www.saratogahistory.com/index.php
[Sun Aug 23 16:39:23.584948 2020] [core:crit] [pid 6888:tid 140619208914688] (13)Permission denied: [client 185.25.35.14:50426] AH00529: /var/www/vhosts/saratogahistory.com/httpdocs/phpBB/.htaccess pcfg_openfile: unable to check htaccess file, ensure it is readable and that '/var/www/vhosts/saratogahistory.com/httpdocs/phpBB/' is executable
[Sun Aug 23 16:42:05.284043 2020] [core:crit] [pid 6888:tid 140619177445120] (13)Permission denied: [client 185.192.69.10:58380] AH00529: /var/www/vhosts/saratogahistory.com/httpdocs/phpBB/.htaccess pcfg_openfile: unable to check htaccess file, ensure it is readable and that '/var/www/vhosts/saratogahistory.com/httpdocs/phpBB/' is executable, referer: http://www.saratogahistory.com/phpBB/index.php
[Sun Aug 23 16:50:08.639238 2020] [core:crit] [pid 32322:tid 140619261363968] (13)Permission denied: [client 145.255.9.77:55384] AH00529: /var/www/vhosts/saratogahistory.com/httpdocs/phpBB/.htaccess pcfg_openfile: unable to check htaccess file, ensure it is readable and that '/var/www/vhosts/saratogahistory.com/httpdocs/phpBB/' is executable, referer: http://www.saratogahistory.com/phpBB/index.php
[Sun Aug 23 17:16:45.569559 2020] [core:crit] [pid 6888:tid 140619250874112] (13)Permission denied: [client 66.249.64.89:54194] AH00529: /var/www/vhosts/saratogahistory.com/httpdocs/phpBB/.htaccess pcfg_openfile: unable to check htaccess file, ensure it is readable and that '/var/www/vhosts/saratogahistory.com/httpdocs/phpBB/' is executable
[Sun Aug 23 17:17:18.494306 2020] [core:crit] [pid 6888:tid 140619187934976] (13)Permission denied: [client 66.249.64.87:55842] AH00529: /var/www/vhosts/saratogahistory.com/httpdocs/phpBB/.htaccess pcfg_openfile: unable to check htaccess file, ensure it is readable and that '/var/www/vhosts/saratogahistory.com/httpdocs/phpBB/' is executable
[Sun Aug 23 17:18:23.097829 2020] [core:crit] [pid 6888:tid 140619219404544] (13)Permission denied: [client 66.249.64.89:59194] AH00529: /var/www/vhosts/saratogahistory.com/httpdocs/phpBB/.htaccess pcfg_openfile: unable to check htaccess file, ensure it is readable and that '/var/www/vhosts/saratogahistory.com/httpdocs/phpBB/' is executable
[Sun Aug 23 17:19:26.970401 2020] [core:crit] [pid 6888:tid 140619156465408] (13)Permission denied: [client 66.249.64.89:34090] AH00529: /var/www/vhosts/saratogahistory.com/httpdocs/phpBB/.htaccess pcfg_openfile: unable to check htaccess file, ensure it is readable and that '/var/www/vhosts/saratogahistory.com/httpdocs/phpBB/' is executable
[Sun Aug 23 17:20:32.170103 2020] [core:crit] [pid 32352:tid 140619187934976] (13)Permission denied: [client 66.249.64.87:36886] AH00529: /var/www/vhosts/saratogahistory.com/httpdocs/phpBB/.htaccess pcfg_openfile: unable to check htaccess file, ensure it is readable and that '/var/www/vhosts/saratogahistory.com/httpdocs/phpBB/' is executable
[Sun Aug 23 17:21:39.537766 2020] [core:crit] [pid 6888:tid 140619355772672] (13)Permission denied: [client 66.249.64.87:39666] AH00529: /var/www/vhosts/saratogahistory.com/httpdocs/phpBB/.htaccess pcfg_openfile: unable to check htaccess file, ensure it is readable and that '/var/www/vhosts/saratogahistory.com/httpdocs/phpBB/' is executable
[Sun Aug 23 17:22:56.565926 2020] [core:crit] [pid 32322:tid 140619250874112] (13)Permission denied: [client 66.249.64.85:43796] AH00529: /var/www/vhosts/saratogahistory.com/httpdocs/phpBB/.htaccess pcfg_openfile: unable to check htaccess file, ensure it is readable and that '/var/www/vhosts/saratogahistory.com/httpdocs/phpBB/' is executable
[Sun Aug 23 17:37:20.114007 2020] [core:crit] [pid 32352:tid 140619376752384] (13)Permission denied: [client 203.133.169.112:52620] AH00529: /var/www/vhosts/saratogahistory.com/httpdocs/phpBB/.htaccess pcfg_openfile: unable to check htaccess file, ensure it is readable and that '/var/www/vhosts/saratogahistory.com/httpdocs/phpBB/' is executable
[Sun Aug 23 17:37:25.119249 2020] [core:crit] [pid 6888:tid 140619135485696] (13)Permission denied: [client 203.133.169.112:52808] AH00529: /var/www/vhosts/saratogahistory.com/httpdocs/phpBB/.htaccess pcfg_openfile: unable to check htaccess file, ensure it is readable and that '/var/www/vhosts/saratogahistory.com/httpdocs/phpBB/' is executable
[Sun Aug 23 17:37:30.100957 2020] [core:crit] [pid 6888:tid 140619355772672] (13)Permission denied: [client 203.133.169.112:53060] AH00529: /var/www/vhosts/saratogahistory.com/httpdocs/phpBB/.htaccess pcfg_openfile: unable to check htaccess file, ensure it is readable and that '/var/www/vhosts/saratogahistory.com/httpdocs/phpBB/' is executable
[Sun Aug 23 17:37:35.086383 2020] [core:crit] [pid 6888:tid 140619166955264] (13)Permission denied: [client 203.133.169.112:53370] AH00529: /var/www/vhosts/saratogahistory.com/httpdocs/phpBB/.htaccess pcfg_openfile: unable to check htaccess file, ensure it is readable and that '/var/www/vhosts/saratogahistory.com/httpdocs/phpBB/' is executable
[Sun Aug 23 17:37:39.961895 2020] [core:crit] [pid 6888:tid 140619376752384] (13)Permission denied: [client 203.133.169.112:53588] AH00529: /var/www/vhosts/saratogahistory.com/httpdocs/phpBB/.htaccess pcfg_openfile: unable to check htaccess file, ensure it is readable and that '/var/www/vhosts/saratogahistory.com/httpdocs/phpBB/' is executable
[Sun Aug 23 17:37:44.988034 2020] [core:crit] [pid 6888:tid 140619292833536] (13)Permission denied: [client 203.133.169.112:53934] AH00529: /var/www/vhosts/saratogahistory.com/httpdocs/phpBB/.htaccess pcfg_openfile: unable to check htaccess file, ensure it is readable and that '/var/www/vhosts/saratogahistory.com/httpdocs/phpBB/' is executable
[Sun Aug 23 17:37:50.124585 2020] [core:crit] [pid 6888:tid 140619303323392] (13)Permission denied: [client 203.133.169.112:54210] AH00529: /var/www/vhosts/saratogahistory.com/httpdocs/phpBB/.htaccess pcfg_openfile: unable to check htaccess file, ensure it is readable and that '/var/www/vhosts/saratogahistory.com/httpdocs/phpBB/' is executable
[Sun Aug 23 17:37:55.026954 2020] [core:crit] [pid 32325:tid 140619219404544] (13)Permission denied: [client 203.133.169.112:54448] AH00529: /var/www/vhosts/saratogahistory.com/httpdocs/phpBB/.htaccess pcfg_openfile: unable to check htaccess file, ensure it is readable and that '/var/www/vhosts/saratogahistory.com/httpdocs/phpBB/' is executable
[Sun Aug 23 17:38:00.014944 2020] [core:crit] [pid 6888:tid 140619366262528] (13)Permission denied: [client 203.133.169.112:54678] AH00529: /var/www/vhosts/saratogahistory.com/httpdocs/phpBB/.htaccess pcfg_openfile: unable to check htaccess file, ensure it is readable and that '/var/www/vhosts/saratogahistory.com/httpdocs/phpBB/' is executable
[Sun Aug 23 17:38:04.904250 2020] [core:crit] [pid 6888:tid 140619198424832] (13)Permission denied: [client 203.133.169.112:54864] AH00529: /var/www/vhosts/saratogahistory.com/httpdocs/phpBB/.htaccess pcfg_openfile: unable to check htaccess file, ensure it is readable and that '/var/www/vhosts/saratogahistory.com/httpdocs/phpBB/' is executable
[Sun Aug 23 17:38:09.890829 2020] [core:crit] [pid 32325:tid 140619198424832] (13)Permission denied: [client 203.133.169.112:55046] AH00529: /var/www/vhosts/saratogahistory.com/httpdocs/phpBB/.htaccess pcfg_openfile: unable to check htaccess file, ensure it is readable and that '/var/www/vhosts/saratogahistory.com/httpdocs/phpBB/' is executable
[Sun Aug 23 17:38:13.431679 2020] [core:crit] [pid 6888:tid 140619271853824] (13)Permission denied: [client 185.25.35.14:55184] AH00529: /var/www/vhosts/saratogahistory.com/httpdocs/phpBB/.htaccess pcfg_openfile: unable to check htaccess file, ensure it is readable and that '/var/www/vhosts/saratogahistory.com/httpdocs/phpBB/' is executable
[Sun Aug 23 17:38:14.876680 2020] [core:crit] [pid 6888:tid 140619282343680] (13)Permission denied: [client 203.133.169.112:55240] AH00529: /var/www/vhosts/saratogahistory.com/httpdocs/phpBB/.htaccess pcfg_openfile: unable to check htaccess file, ensure it is readable and that '/var/www/vhosts/saratogahistory.com/httpdocs/phpBB/' is executable
[Sun Aug 23 17:38:19.772839 2020] [core:crit] [pid 32352:tid 140619366262528] (13)Permission denied: [client 203.133.169.112:55368] AH00529: /var/www/vhosts/saratogahistory.com/httpdocs/phpBB/.htaccess pcfg_openfile: unable to check htaccess file, ensure it is readable and that '/var/www/vhosts/saratogahistory.com/httpdocs/phpBB/' is executable
[Sun Aug 23 17:38:24.902347 2020] [core:crit] [pid 6888:tid 140619261363968] (13)Permission denied: [client 203.133.169.112:55530] AH00529: /var/www/vhosts/saratogahistory.com/httpdocs/phpBB/.htaccess pcfg_openfile: unable to check htaccess file, ensure it is readable and that '/var/www/vhosts/saratogahistory.com/httpdocs/phpBB/' is executable
[Sun Aug 23 17:38:29.910199 2020] [core:crit] [pid 32325:tid 140619229894400] (13)Permission denied: [client 203.133.169.112:55734] AH00529: /var/www/vhosts/saratogahistory.com/httpdocs/phpBB/.htaccess pcfg_openfile: unable to check htaccess file, ensure it is readable and that '/var/www/vhosts/saratogahistory.com/httpdocs/phpBB/' is executable
[Sun Aug 23 17:38:34.805702 2020] [core:crit] [pid 6888:tid 140619240384256] (13)Permission denied: [client 203.133.169.112:55908] AH00529: /var/www/vhosts/saratogahistory.com/httpdocs/phpBB/.htaccess pcfg_openfile: unable to check htaccess file, ensure it is readable and that '/var/www/vhosts/saratogahistory.com/httpdocs/phpBB/' is executable
[Sun Aug 23 17:38:39.791304 2020] [core:crit] [pid 6888:tid 140619250874112] (13)Permission denied: [client 203.133.169.112:56084] AH00529: /var/www/vhosts/saratogahistory.com/httpdocs/phpBB/.htaccess pcfg_openfile: unable to check htaccess file, ensure it is readable and that '/var/www/vhosts/saratogahistory.com/httpdocs/phpBB/' is executable
[Sun Aug 23 17:38:44.712521 2020] [core:crit] [pid 6888:tid 140619229894400] (13)Permission denied: [client 203.133.169.112:56294] AH00529: /var/www/vhosts/saratogahistory.com/httpdocs/phpBB/.htaccess pcfg_openfile: unable to check htaccess file, ensure it is readable and that '/var/www/vhosts/saratogahistory.com/httpdocs/phpBB/' is executable
[Sun Aug 23 17:38:49.695336 2020] [core:crit] [pid 32352:tid 140619345282816] (13)Permission denied: [client 203.133.169.112:56508] AH00529: /var/www/vhosts/saratogahistory.com/httpdocs/phpBB/.htaccess pcfg_openfile: unable to check htaccess file, ensure it is readable and that '/var/www/vhosts/saratogahistory.com/httpdocs/phpBB/' is executable
[Sun Aug 23 17:38:54.571128 2020] [core:crit] [pid 6888:tid 140619219404544] (13)Permission denied: [client 203.133.169.112:56684] AH00529: /var/www/vhosts/saratogahistory.com/httpdocs/phpBB/.htaccess pcfg_openfile: unable to check htaccess file, ensure it is readable and that '/var/www/vhosts/saratogahistory.com/httpdocs/phpBB/' is executable
[Sun Aug 23 17:38:59.774903 2020] [core:crit] [pid 6888:tid 140619208914688] (13)Permission denied: [client 203.133.169.112:56912] AH00529: /var/www/vhosts/saratogahistory.com/httpdocs/phpBB/.htaccess pcfg_openfile: unable to check htaccess file, ensure it is readable and that '/var/www/vhosts/saratogahistory.com/httpdocs/phpBB/' is executable
[Sun Aug 23 17:52:10.377009 2020] [core:crit] [pid 32352:tid 140619271853824] (13)Permission denied: [client 145.255.9.77:36116] AH00529: /var/www/vhosts/saratogahistory.com/httpdocs/phpBB/.htaccess pcfg_openfile: unable to check htaccess file, ensure it is readable and that '/var/www/vhosts/saratogahistory.com/httpdocs/phpBB/' is executable, referer: http://www.saratogahistory.com/phpBB/index.php
[Sun Aug 23 17:58:42.358495 2020] [core:crit] [pid 32352:tid 140619198424832] (13)Permission denied: [client 77.247.181.162:52400] AH00529: /var/www/vhosts/saratogahistory.com/httpdocs/phpBB/.htaccess pcfg_openfile: unable to check htaccess file, ensure it is readable and that '/var/www/vhosts/saratogahistory.com/httpdocs/phpBB/' is executable, referer: http://www.saratogahistory.com/phpBB/index.php
[Sun Aug 23 18:22:47.280081 2020] [core:crit] [pid 6888:tid 140619219404544] (13)Permission denied: [client 185.25.35.10:34410] AH00529: /var/www/vhosts/saratogahistory.com/httpdocs/phpBB/.htaccess pcfg_openfile: unable to check htaccess file, ensure it is readable and that '/var/www/vhosts/saratogahistory.com/httpdocs/phpBB/' is executable
[Sun Aug 23 18:39:56.626971 2020] [core:crit] [pid 6888:tid 140619177445120] (13)Permission denied: [client 185.25.35.10:57036] AH00529: /var/www/vhosts/saratogahistory.com/httpdocs/phpBB/.htaccess pcfg_openfile: unable to check htaccess file, ensure it is readable and that '/var/www/vhosts/saratogahistory.com/httpdocs/phpBB/' is executable
[Sun Aug 23 18:49:57.090549 2020] [core:crit] [pid 6888:tid 140619229894400] (13)Permission denied: [client 125.26.7.124:57550] AH00529: /var/www/vhosts/saratogahistory.com/httpdocs/phpBB/.htaccess pcfg_openfile: unable to check htaccess file, ensure it is readable and that '/var/www/vhosts/saratogahistory.com/httpdocs/phpBB/' is executable, referer: http://www.saratogahistory.com/phpBB/index.php
[Sun Aug 23 19:12:03.903699 2020] [core:crit] [pid 6888:tid 140619355772672] (13)Permission denied: [client 5.188.84.92:33668] AH00529: /var/www/vhosts/saratogahistory.com/httpdocs/phpBB/.htaccess pcfg_openfile: unable to check htaccess file, ensure it is readable and that '/var/www/vhosts/saratogahistory.com/httpdocs/phpBB/' is executable, referer: http://www.saratogahistory.com/phpBB/index.php
[Sun Aug 23 19:21:28.630846 2020] [core:crit] [pid 32325:tid 140619240384256] (13)Permission denied: [client 46.187.22.208:59596] AH00529: /var/www/vhosts/saratogahistory.com/httpdocs/phpBB/.htaccess pcfg_openfile: unable to check htaccess file, ensure it is readable and that '/var/www/vhosts/saratogahistory.com/httpdocs/phpBB/' is executable, referer: http://www.saratogahistory.com/phpBB/index.php
[Sun Aug 23 19:21:29.868023 2020] [proxy_fcgi:error] [pid 6888:tid 140619198424832] [client 46.187.22.208:59638] AH01071: Got error 'Primary script unknown\n', referer: http://www.saratogahistory.com/index.php
[Sun Aug 23 19:21:30.204126 2020] [proxy_fcgi:error] [pid 32352:tid 140619355772672] [client 46.187.22.208:59656] AH01071: Got error 'Primary script unknown\n', referer: http://www.saratogahistory.com/index.php
[Sun Aug 23 19:21:30.538414 2020] [proxy_fcgi:error] [pid 32352:tid 140619250874112] [client 46.187.22.208:59666] AH01071: Got error 'Primary script unknown\n', referer: http://www.saratogahistory.com/index.php
[Sun Aug 23 19:44:43.322777 2020] [core:crit] [pid 6888:tid 140619198424832] (13)Permission denied: [client 185.220.101.137:56906] AH00529: /var/www/vhosts/saratogahistory.com/httpdocs/phpBB/.htaccess pcfg_openfile: unable to check htaccess file, ensure it is readable and that '/var/www/vhosts/saratogahistory.com/httpdocs/phpBB/' is executable, referer: http://www.saratogahistory.com/phpBB/index.php
[Sun Aug 23 20:09:18.019491 2020] [core:crit] [pid 32352:tid 140619124995840] (13)Permission denied: [client 40.77.167.49:50324] AH00529: /var/www/vhosts/saratogahistory.com/httpdocs/phpBB/.htaccess pcfg_openfile: unable to check htaccess file, ensure it is readable and that '/var/www/vhosts/saratogahistory.com/httpdocs/phpBB/' is executable
[Sun Aug 23 20:16:11.959346 2020] [core:crit] [pid 6888:tid 140619345282816] (13)Permission denied: [client 40.77.167.117:37822] AH00529: /var/www/vhosts/saratogahistory.com/httpdocs/phpBB/.htaccess pcfg_openfile: unable to check htaccess file, ensure it is readable and that '/var/www/vhosts/saratogahistory.com/httpdocs/phpBB/' is executable
[Sun Aug 23 20:30:55.675603 2020] [core:crit] [pid 6888:tid 140619177445120] (13)Permission denied: [client 188.122.82.146:42196] AH00529: /var/www/vhosts/saratogahistory.com/httpdocs/phpBB/.htaccess pcfg_openfile: unable to check htaccess file, ensure it is readable and that '/var/www/vhosts/saratogahistory.com/httpdocs/phpBB/' is executable, referer: http://www.saratogahistory.com/phpBB/index.php
[Sun Aug 23 21:23:00.528330 2020] [core:crit] [pid 6888:tid 140619303323392] (13)Permission denied: [client 185.220.100.253:33712] AH00529: /var/www/vhosts/saratogahistory.com/httpdocs/phpBB/.htaccess pcfg_openfile: unable to check htaccess file, ensure it is readable and that '/var/www/vhosts/saratogahistory.com/httpdocs/phpBB/' is executable, referer: http://www.saratogahistory.com/phpBB/index.php
[Sun Aug 23 21:55:50.474416 2020] [core:crit] [pid 6888:tid 140619282343680] (13)Permission denied: [client 185.255.96.99:41832] AH00529: /var/www/vhosts/saratogahistory.com/httpdocs/phpBB/.htaccess pcfg_openfile: unable to check htaccess file, ensure it is readable and that '/var/www/vhosts/saratogahistory.com/httpdocs/phpBB/' is executable
[Sun Aug 23 22:38:11.776627 2020] [core:crit] [pid 6888:tid 140619282343680] (13)Permission denied: [client 185.25.35.11:49830] AH00529: /var/www/vhosts/saratogahistory.com/httpdocs/phpBB/.htaccess pcfg_openfile: unable to check htaccess file, ensure it is readable and that '/var/www/vhosts/saratogahistory.com/httpdocs/phpBB/' is executable
[Sun Aug 23 22:49:45.015196 2020] [core:crit] [pid 32325:tid 140619261363968] (13)Permission denied: [client 203.133.169.112:51874] AH00529: /var/www/vhosts/saratogahistory.com/httpdocs/phpBB/.htaccess pcfg_openfile: unable to check htaccess file, ensure it is readable and that '/var/www/vhosts/saratogahistory.com/httpdocs/phpBB/' is executable
[Sun Aug 23 22:49:49.898602 2020] [core:crit] [pid 32352:tid 140619261363968] (13)Permission denied: [client 203.133.169.112:52156] AH00529: /var/www/vhosts/saratogahistory.com/httpdocs/phpBB/.htaccess pcfg_openfile: unable to check htaccess file, ensure it is readable and that '/var/www/vhosts/saratogahistory.com/httpdocs/phpBB/' is executable
[Sun Aug 23 22:49:54.824343 2020] [core:crit] [pid 6888:tid 140619187934976] (13)Permission denied: [client 203.133.169.112:52350] AH00529: /var/www/vhosts/saratogahistory.com/httpdocs/phpBB/.htaccess pcfg_openfile: unable to check htaccess file, ensure it is readable and that '/var/www/vhosts/saratogahistory.com/httpdocs/phpBB/' is executable
[Sun Aug 23 22:49:59.826017 2020] [core:crit] [pid 6888:tid 140619313813248] (13)Permission denied: [client 203.133.169.112:52642] AH00529: /var/www/vhosts/saratogahistory.com/httpdocs/phpBB/.htaccess pcfg_openfile: unable to check htaccess file, ensure it is readable and that '/var/www/vhosts/saratogahistory.com/httpdocs/phpBB/' is executable
[Sun Aug 23 22:50:04.707238 2020] [core:crit] [pid 6888:tid 140619292833536] (13)Permission denied: [client 203.133.169.112:53022] AH00529: /var/www/vhosts/saratogahistory.com/httpdocs/phpBB/.htaccess pcfg_openfile: unable to check htaccess file, ensure it is readable and that '/var/www/vhosts/saratogahistory.com/httpdocs/phpBB/' is executable
[Sun Aug 23 22:50:09.700813 2020] [core:crit] [pid 6888:tid 140619334792960] (13)Permission denied: [client 203.133.169.112:53256] AH00529: /var/www/vhosts/saratogahistory.com/httpdocs/phpBB/.htaccess pcfg_openfile: unable to check htaccess file, ensure it is readable and that '/var/www/vhosts/saratogahistory.com/httpdocs/phpBB/' is executable
[Sun Aug 23 22:50:14.839218 2020] [core:crit] [pid 6888:tid 140619303323392] (13)Permission denied: [client 203.133.169.112:53458] AH00529: /var/www/vhosts/saratogahistory.com/httpdocs/phpBB/.htaccess pcfg_openfile: unable to check htaccess file, ensure it is readable and that '/var/www/vhosts/saratogahistory.com/httpdocs/phpBB/' is executable
[Sun Aug 23 22:50:19.828713 2020] [core:crit] [pid 6888:tid 140619366262528] (13)Permission denied: [client 203.133.169.112:53596] AH00529: /var/www/vhosts/saratogahistory.com/httpdocs/phpBB/.htaccess pcfg_openfile: unable to check htaccess file, ensure it is readable and that '/var/www/vhosts/saratogahistory.com/httpdocs/phpBB/' is executable
[Sun Aug 23 22:50:24.717463 2020] [core:crit] [pid 32352:tid 140619240384256] (13)Permission denied: [client 203.133.169.112:53740] AH00529: /var/www/vhosts/saratogahistory.com/httpdocs/phpBB/.htaccess pcfg_openfile: unable to check htaccess file, ensure it is readable and that '/var/www/vhosts/saratogahistory.com/httpdocs/phpBB/' is executable
[Sun Aug 23 22:50:29.699402 2020] [core:crit] [pid 6888:tid 140619324303104] (13)Permission denied: [client 203.133.169.112:53904] AH00529: /var/www/vhosts/saratogahistory.com/httpdocs/phpBB/.htaccess pcfg_openfile: unable to check htaccess file, ensure it is readable and that '/var/www/vhosts/saratogahistory.com/httpdocs/phpBB/' is executable
[Sun Aug 23 22:50:34.685621 2020] [core:crit] [pid 32352:tid 140619355772672] (13)Permission denied: [client 203.133.169.112:54060] AH00529: /var/www/vhosts/saratogahistory.com/httpdocs/phpBB/.htaccess pcfg_openfile: unable to check htaccess file, ensure it is readable and that '/var/www/vhosts/saratogahistory.com/httpdocs/phpBB/' is executable
[Sun Aug 23 22:50:39.561633 2020] [core:crit] [pid 32352:tid 140619250874112] (13)Permission denied: [client 203.133.169.112:54256] AH00529: /var/www/vhosts/saratogahistory.com/httpdocs/phpBB/.htaccess pcfg_openfile: unable to check htaccess file, ensure it is readable and that '/var/www/vhosts/saratogahistory.com/httpdocs/phpBB/' is executable
[Sun Aug 23 22:50:44.453800 2020] [core:crit] [pid 32352:tid 140619334792960] (13)Permission denied: [client 203.133.169.112:54432] AH00529: /var/www/vhosts/saratogahistory.com/httpdocs/phpBB/.htaccess pcfg_openfile: unable to check htaccess file, ensure it is readable and that '/var/www/vhosts/saratogahistory.com/httpdocs/phpBB/' is executable
[Sun Aug 23 22:50:49.631788 2020] [core:crit] [pid 32325:tid 140619355772672] (13)Permission denied: [client 203.133.169.112:54680] AH00529: /var/www/vhosts/saratogahistory.com/httpdocs/phpBB/.htaccess pcfg_openfile: unable to check htaccess file, ensure it is readable and that '/var/www/vhosts/saratogahistory.com/httpdocs/phpBB/' is executable
[Sun Aug 23 22:50:54.618217 2020] [core:crit] [pid 6888:tid 140619271853824] (13)Permission denied: [client 203.133.169.112:54874] AH00529: /var/www/vhosts/saratogahistory.com/httpdocs/phpBB/.htaccess pcfg_openfile: unable to check htaccess file, ensure it is readable and that '/var/www/vhosts/saratogahistory.com/httpdocs/phpBB/' is executable
[Sun Aug 23 22:50:59.515298 2020] [core:crit] [pid 32352:tid 140619208914688] (13)Permission denied: [client 203.133.169.112:55064] AH00529: /var/www/vhosts/saratogahistory.com/httpdocs/phpBB/.htaccess pcfg_openfile: unable to check htaccess file, ensure it is readable and that '/var/www/vhosts/saratogahistory.com/httpdocs/phpBB/' is executable
[Sun Aug 23 23:10:03.805207 2020] [core:crit] [pid 32325:tid 140619313813248] (13)Permission denied: [client 40.77.167.77:52016] AH00529: /var/www/vhosts/saratogahistory.com/httpdocs/phpBB/.htaccess pcfg_openfile: unable to check htaccess file, ensure it is readable and that '/var/www/vhosts/saratogahistory.com/httpdocs/phpBB/' is executable
[Sun Aug 23 23:37:05.287682 2020] [core:crit] [pid 6888:tid 140619229894400] (13)Permission denied: [client 185.25.35.8:42302] AH00529: /var/www/vhosts/saratogahistory.com/httpdocs/phpBB/.htaccess pcfg_openfile: unable to check htaccess file, ensure it is readable and that '/var/www/vhosts/saratogahistory.com/httpdocs/phpBB/' is executable
[Sun Aug 23 23:45:19.415006 2020] [core:crit] [pid 6888:tid 140619135485696] (13)Permission denied: [client 46.246.65.138:36908] AH00529: /var/www/vhosts/saratogahistory.com/httpdocs/phpBB/.htaccess pcfg_openfile: unable to check htaccess file, ensure it is readable and that '/var/www/vhosts/saratogahistory.com/httpdocs/phpBB/' is executable, referer: http://www.saratogahistory.com/phpBB/index.php
[Sun Aug 23 23:45:24.343693 2020] [core:crit] [pid 6888:tid 140619313813248] (13)Permission denied: [client 46.246.65.138:37128] AH00529: /var/www/vhosts/saratogahistory.com/httpdocs/phpBB/.htaccess pcfg_openfile: unable to check htaccess file, ensure it is readable and that '/var/www/vhosts/saratogahistory.com/httpdocs/phpBB/' is executable, referer: http://www.saratogahistory.com/phpBB/index.php
[Sun Aug 23 23:47:07.895671 2020] [core:crit] [pid 32352:tid 140619208914688] (13)Permission denied: [client 145.255.9.77:41700] AH00529: /var/www/vhosts/saratogahistory.com/httpdocs/phpBB/.htaccess pcfg_openfile: unable to check htaccess file, ensure it is readable and that '/var/www/vhosts/saratogahistory.com/httpdocs/phpBB/' is executable, referer: http://www.saratogahistory.com/phpBB/index.php
[Mon Aug 24 00:24:05.575425 2020] [core:crit] [pid 6888:tid 140619145975552] (13)Permission denied: [client 185.25.35.12:60466] AH00529: /var/www/vhosts/saratogahistory.com/httpdocs/phpBB/.htaccess pcfg_openfile: unable to check htaccess file, ensure it is readable and that '/var/www/vhosts/saratogahistory.com/httpdocs/phpBB/' is executable
[Mon Aug 24 00:41:56.741195 2020] [core:crit] [pid 32352:tid 140619292833536] (13)Permission denied: [client 171.25.193.77:53648] AH00529: /var/www/vhosts/saratogahistory.com/httpdocs/phpBB/.htaccess pcfg_openfile: unable to check htaccess file, ensure it is readable and that '/var/www/vhosts/saratogahistory.com/httpdocs/phpBB/' is executable, referer: http://www.saratogahistory.com/phpBB/index.php
[Mon Aug 24 00:42:46.898986 2020] [core:crit] [pid 6888:tid 140619198424832] (13)Permission denied: [client 185.25.35.13:55680] AH00529: /var/www/vhosts/saratogahistory.com/httpdocs/phpBB/.htaccess pcfg_openfile: unable to check htaccess file, ensure it is readable and that '/var/www/vhosts/saratogahistory.com/httpdocs/phpBB/' is executable
[Mon Aug 24 01:03:19.480787 2020] [core:crit] [pid 6888:tid 140619124995840] (13)Permission denied: [client 188.122.82.146:57070] AH00529: /var/www/vhosts/saratogahistory.com/httpdocs/phpBB/.htaccess pcfg_openfile: unable to check htaccess file, ensure it is readable and that '/var/www/vhosts/saratogahistory.com/httpdocs/phpBB/' is executable, referer: http://www.saratogahistory.com/phpBB/index.php
[Mon Aug 24 02:33:34.760007 2020] [core:crit] [pid 32352:tid 140619250874112] (13)Permission denied: [client 5.188.210.18:50858] AH00529: /var/www/vhosts/saratogahistory.com/httpdocs/phpBB/.htaccess pcfg_openfile: unable to check htaccess file, ensure it is readable and that '/var/www/vhosts/saratogahistory.com/httpdocs/phpBB/' is executable, referer: http://www.saratogahistory.com/phpBB/index.php
[Mon Aug 24 02:51:09.069387 2020] [core:crit] [pid 6888:tid 140619240384256] (13)Permission denied: [client 203.133.169.112:42212] AH00529: /var/www/vhosts/saratogahistory.com/httpdocs/phpBB/.htaccess pcfg_openfile: unable to check htaccess file, ensure it is readable and that '/var/www/vhosts/saratogahistory.com/httpdocs/phpBB/' is executable
[Mon Aug 24 02:51:14.061580 2020] [core:crit] [pid 32352:tid 140619292833536] (13)Permission denied: [client 203.133.169.112:42422] AH00529: /var/www/vhosts/saratogahistory.com/httpdocs/phpBB/.htaccess pcfg_openfile: unable to check htaccess file, ensure it is readable and that '/var/www/vhosts/saratogahistory.com/httpdocs/phpBB/' is executable
[Mon Aug 24 02:51:19.055199 2020] [core:crit] [pid 6888:tid 140619250874112] (13)Permission denied: [client 203.133.169.112:42682] AH00529: /var/www/vhosts/saratogahistory.com/httpdocs/phpBB/.htaccess pcfg_openfile: unable to check htaccess file, ensure it is readable and that '/var/www/vhosts/saratogahistory.com/httpdocs/phpBB/' is executable
[Mon Aug 24 02:51:24.049168 2020] [core:crit] [pid 6888:tid 140619187934976] (13)Permission denied: [client 203.133.169.112:42782] AH00529: /var/www/vhosts/saratogahistory.com/httpdocs/phpBB/.htaccess pcfg_openfile: unable to check htaccess file, ensure it is readable and that '/var/www/vhosts/saratogahistory.com/httpdocs/phpBB/' is executable
[Mon Aug 24 02:51:29.041651 2020] [core:crit] [pid 6888:tid 140619261363968] (13)Permission denied: [client 203.133.169.112:42900] AH00529: /var/www/vhosts/saratogahistory.com/httpdocs/phpBB/.htaccess pcfg_openfile: unable to check htaccess file, ensure it is readable and that '/var/www/vhosts/saratogahistory.com/httpdocs/phpBB/' is executable
[Mon Aug 24 02:51:33.932082 2020] [core:crit] [pid 6888:tid 140619229894400] (13)Permission denied: [client 203.133.169.112:43082] AH00529: /var/www/vhosts/saratogahistory.com/httpdocs/phpBB/.htaccess pcfg_openfile: unable to check htaccess file, ensure it is readable and that '/var/www/vhosts/saratogahistory.com/httpdocs/phpBB/' is executable
[Mon Aug 24 02:51:39.116010 2020] [core:crit] [pid 6888:tid 140619208914688] (13)Permission denied: [client 203.133.169.112:43344] AH00529: /var/www/vhosts/saratogahistory.com/httpdocs/phpBB/.htaccess pcfg_openfile: unable to check htaccess file, ensure it is readable and that '/var/www/vhosts/saratogahistory.com/httpdocs/phpBB/' is executable
[Mon Aug 24 02:51:44.012081 2020] [core:crit] [pid 32352:tid 140619124995840] (13)Permission denied: [client 203.133.169.112:43582] AH00529: /var/www/vhosts/saratogahistory.com/httpdocs/phpBB/.htaccess pcfg_openfile: unable to check htaccess file, ensure it is readable and that '/var/www/vhosts/saratogahistory.com/httpdocs/phpBB/' is executable
[Mon Aug 24 02:51:48.936725 2020] [core:crit] [pid 6888:tid 140619219404544] (13)Permission denied: [client 203.133.169.112:43716] AH00529: /var/www/vhosts/saratogahistory.com/httpdocs/phpBB/.htaccess pcfg_openfile: unable to check htaccess file, ensure it is readable and that '/var/www/vhosts/saratogahistory.com/httpdocs/phpBB/' is executable
[Mon Aug 24 02:51:53.823273 2020] [core:crit] [pid 32352:tid 140619313813248] (13)Permission denied: [client 203.133.169.112:43924] AH00529: /var/www/vhosts/saratogahistory.com/httpdocs/phpBB/.htaccess pcfg_openfile: unable to check htaccess file, ensure it is readable and that '/var/www/vhosts/saratogahistory.com/httpdocs/phpBB/' is executable
[Mon Aug 24 02:51:58.819255 2020] [core:crit] [pid 32352:tid 140619261363968] (13)Permission denied: [client 203.133.169.112:44094] AH00529: /var/www/vhosts/saratogahistory.com/httpdocs/phpBB/.htaccess pcfg_openfile: unable to check htaccess file, ensure it is readable and that '/var/www/vhosts/saratogahistory.com/httpdocs/phpBB/' is executable
[Mon Aug 24 02:52:03.703056 2020] [core:crit] [pid 32352:tid 140619324303104] (13)Permission denied: [client 203.133.169.112:44320] AH00529: /var/www/vhosts/saratogahistory.com/httpdocs/phpBB/.htaccess pcfg_openfile: unable to check htaccess file, ensure it is readable and that '/var/www/vhosts/saratogahistory.com/httpdocs/phpBB/' is executable
[Mon Aug 24 02:52:08.684617 2020] [core:crit] [pid 6888:tid 140619124995840] (13)Permission denied: [client 203.133.169.112:44484] AH00529: /var/www/vhosts/saratogahistory.com/httpdocs/phpBB/.htaccess pcfg_openfile: unable to check htaccess file, ensure it is readable and that '/var/www/vhosts/saratogahistory.com/httpdocs/phpBB/' is executable
[Mon Aug 24 02:52:13.704719 2020] [core:crit] [pid 6888:tid 140619145975552] (13)Permission denied: [client 203.133.169.112:44682] AH00529: /var/www/vhosts/saratogahistory.com/httpdocs/phpBB/.htaccess pcfg_openfile: unable to check htaccess file, ensure it is readable and that '/var/www/vhosts/saratogahistory.com/httpdocs/phpBB/' is executable
[Mon Aug 24 02:52:18.695389 2020] [core:crit] [pid 32325:tid 140619261363968] (13)Permission denied: [client 203.133.169.112:44948] AH00529: /var/www/vhosts/saratogahistory.com/httpdocs/phpBB/.htaccess pcfg_openfile: unable to check htaccess file, ensure it is readable and that '/var/www/vhosts/saratogahistory.com/httpdocs/phpBB/' is executable
[Mon Aug 24 02:52:23.702751 2020] [core:crit] [pid 6888:tid 140619177445120] (13)Permission denied: [client 203.133.169.112:45164] AH00529: /var/www/vhosts/saratogahistory.com/httpdocs/phpBB/.htaccess pcfg_openfile: unable to check htaccess file, ensure it is readable and that '/var/www/vhosts/saratogahistory.com/httpdocs/phpBB/' is executable
[Mon Aug 24 02:52:28.617531 2020] [core:crit] [pid 6888:tid 140619156465408] (13)Permission denied: [client 203.133.169.112:45360] AH00529: /var/www/vhosts/saratogahistory.com/httpdocs/phpBB/.htaccess pcfg_openfile: unable to check htaccess file, ensure it is readable and that '/var/www/vhosts/saratogahistory.com/httpdocs/phpBB/' is executable
[Mon Aug 24 02:52:33.595358 2020] [core:crit] [pid 32325:tid 140619376752384] (13)Permission denied: [client 203.133.169.112:45512] AH00529: /var/www/vhosts/saratogahistory.com/httpdocs/phpBB/.htaccess pcfg_openfile: unable to check htaccess file, ensure it is readable and that '/var/www/vhosts/saratogahistory.com/httpdocs/phpBB/' is executable
[Mon Aug 24 02:52:38.690503 2020] [core:crit] [pid 6888:tid 140619135485696] (13)Permission denied: [client 203.133.169.112:45670] AH00529: /var/www/vhosts/saratogahistory.com/httpdocs/phpBB/.htaccess pcfg_openfile: unable to check htaccess file, ensure it is readable and that '/var/www/vhosts/saratogahistory.com/httpdocs/phpBB/' is executable
[Mon Aug 24 02:52:43.575594 2020] [core:crit] [pid 6888:tid 140619376752384] (13)Permission denied: [client 203.133.169.112:45794] AH00529: /var/www/vhosts/saratogahistory.com/httpdocs/phpBB/.htaccess pcfg_openfile: unable to check htaccess file, ensure it is readable and that '/var/www/vhosts/saratogahistory.com/httpdocs/phpBB/' is executable
[Mon Aug 24 03:12:38.593820 2020] [core:crit] [pid 6888:tid 140619187934976] (13)Permission denied: [client 85.248.227.163:47184] AH00529: /var/www/vhosts/saratogahistory.com/httpdocs/phpBB/.htaccess pcfg_openfile: unable to check htaccess file, ensure it is readable and that '/var/www/vhosts/saratogahistory.com/httpdocs/phpBB/' is executable, referer: http://www.saratogahistory.com/phpBB/index.php
[Mon Aug 24 03:38:26.919149 2020] [core:crit] [pid 32352:tid 140619198424832] (13)Permission denied: [client 46.246.65.138:35534] AH00529: /var/www/vhosts/saratogahistory.com/httpdocs/phpBB/.htaccess pcfg_openfile: unable to check htaccess file, ensure it is readable and that '/var/www/vhosts/saratogahistory.com/httpdocs/phpBB/' is executable, referer: http://www.saratogahistory.com/phpBB/index.php
[Mon Aug 24 03:38:28.392961 2020] [core:crit] [pid 6888:tid 140619166955264] (13)Permission denied: [client 46.246.65.138:35588] AH00529: /var/www/vhosts/saratogahistory.com/httpdocs/phpBB/.htaccess pcfg_openfile: unable to check htaccess file, ensure it is readable and that '/var/www/vhosts/saratogahistory.com/httpdocs/phpBB/' is executable, referer: http://www.saratogahistory.com/phpBB/index.php
[Mon Aug 24 04:04:21.595873 2020] [core:crit] [pid 6888:tid 140619240384256] (13)Permission denied: [client 162.247.74.200:50648] AH00529: /var/www/vhosts/saratogahistory.com/httpdocs/phpBB/.htaccess pcfg_openfile: unable to check htaccess file, ensure it is readable and that '/var/www/vhosts/saratogahistory.com/httpdocs/phpBB/' is executable, referer: http://www.saratogahistory.com/phpBB/index.php
[Mon Aug 24 04:42:39.547195 2020] [core:crit] [pid 6888:tid 140619355772672] (13)Permission denied: [client 185.25.35.14:47700] AH00529: /var/www/vhosts/saratogahistory.com/httpdocs/phpBB/.htaccess pcfg_openfile: unable to check htaccess file, ensure it is readable and that '/var/www/vhosts/saratogahistory.com/httpdocs/phpBB/' is executable
[Mon Aug 24 05:36:07.270413 2020] [core:crit] [pid 6888:tid 140619292833536] (13)Permission denied: [client 45.238.121.173:55050] AH00529: /var/www/vhosts/saratogahistory.com/httpdocs/phpBB/.htaccess pcfg_openfile: unable to check htaccess file, ensure it is readable and that '/var/www/vhosts/saratogahistory.com/httpdocs/phpBB/' is executable, referer: http://www.saratogahistory.com/phpBB/index.php
[Mon Aug 24 05:36:11.687648 2020] [proxy_fcgi:error] [pid 6888:tid 140619334792960] [client 45.238.121.173:55326] AH01071: Got error 'Primary script unknown\n', referer: http://www.saratogahistory.com/index.php
[Mon Aug 24 05:36:12.959741 2020] [proxy_fcgi:error] [pid 32352:tid 140619177445120] [client 45.238.121.173:55400] AH01071: Got error 'Primary script unknown\n', referer: http://www.saratogahistory.com/index.php
[Mon Aug 24 05:36:14.093093 2020] [proxy_fcgi:error] [pid 6888:tid 140619303323392] [client 45.238.121.173:55456] AH01071: Got error 'Primary script unknown\n', referer: http://www.saratogahistory.com/index.php
[Mon Aug 24 05:43:09.041643 2020] [core:crit] [pid 6888:tid 140619229894400] (13)Permission denied: [client 185.25.35.11:44936] AH00529: /var/www/vhosts/saratogahistory.com/httpdocs/phpBB/.htaccess pcfg_openfile: unable to check htaccess file, ensure it is readable and that '/var/www/vhosts/saratogahistory.com/httpdocs/phpBB/' is executable
[Mon Aug 24 06:29:44.558554 2020] [core:crit] [pid 32325:tid 140619324303104] (13)Permission denied: [client 185.25.35.9:59732] AH00529: /var/www/vhosts/saratogahistory.com/httpdocs/phpBB/.htaccess pcfg_openfile: unable to check htaccess file, ensure it is readable and that '/var/www/vhosts/saratogahistory.com/httpdocs/phpBB/' is executable
[Mon Aug 24 06:48:46.949041 2020] [core:crit] [pid 32325:tid 140619282343680] (13)Permission denied: [client 185.25.35.9:35000] AH00529: /var/www/vhosts/saratogahistory.com/httpdocs/phpBB/.htaccess pcfg_openfile: unable to check htaccess file, ensure it is readable and that '/var/www/vhosts/saratogahistory.com/httpdocs/phpBB/' is executable
[Mon Aug 24 06:50:31.007044 2020] [proxy_fcgi:error] [pid 6888:tid 140619355772672] [client 193.218.222.160:39810] AH01071: Got error 'Primary script unknown\n'
[Mon Aug 24 06:50:31.799350 2020] [proxy_fcgi:error] [pid 32352:tid 140619135485696] [client 193.218.222.160:39850] AH01071: Got error 'Primary script unknown\n'
[Mon Aug 24 06:50:32.585264 2020] [proxy_fcgi:error] [pid 6888:tid 140619135485696] [client 193.218.222.160:39902] AH01071: Got error 'Primary script unknown\n'
[Mon Aug 24 06:50:34.174422 2020] [proxy_fcgi:error] [pid 6888:tid 140619166955264] [client 193.218.222.160:39980] AH01071: Got error 'Primary script unknown\n'
[Mon Aug 24 06:50:35.085835 2020] [proxy_fcgi:error] [pid 6888:tid 140619376752384] [client 193.218.222.160:40026] AH01071: Got error 'Primary script unknown\n'
[Mon Aug 24 07:12:25.052610 2020] [core:crit] [pid 6888:tid 140619219404544] (13)Permission denied: [client 203.133.169.112:49572] AH00529: /var/www/vhosts/saratogahistory.com/httpdocs/phpBB/.htaccess pcfg_openfile: unable to check htaccess file, ensure it is readable and that '/var/www/vhosts/saratogahistory.com/httpdocs/phpBB/' is executable
[Mon Aug 24 07:12:30.085584 2020] [core:crit] [pid 32352:tid 140619376752384] (13)Permission denied: [client 203.133.169.112:49852] AH00529: /var/www/vhosts/saratogahistory.com/httpdocs/phpBB/.htaccess pcfg_openfile: unable to check htaccess file, ensure it is readable and that '/var/www/vhosts/saratogahistory.com/httpdocs/phpBB/' is executable
[Mon Aug 24 07:12:34.975569 2020] [core:crit] [pid 6888:tid 140619124995840] (13)Permission denied: [client 203.133.169.112:50090] AH00529: /var/www/vhosts/saratogahistory.com/httpdocs/phpBB/.htaccess pcfg_openfile: unable to check htaccess file, ensure it is readable and that '/var/www/vhosts/saratogahistory.com/httpdocs/phpBB/' is executable
[Mon Aug 24 07:12:39.967080 2020] [core:crit] [pid 6888:tid 140619355772672] (13)Permission denied: [client 203.133.169.112:50378] AH00529: /var/www/vhosts/saratogahistory.com/httpdocs/phpBB/.htaccess pcfg_openfile: unable to check htaccess file, ensure it is readable and that '/var/www/vhosts/saratogahistory.com/httpdocs/phpBB/' is executable
[Mon Aug 24 07:12:44.960459 2020] [core:crit] [pid 6888:tid 140619135485696] (13)Permission denied: [client 203.133.169.112:50606] AH00529: /var/www/vhosts/saratogahistory.com/httpdocs/phpBB/.htaccess pcfg_openfile: unable to check htaccess file, ensure it is readable and that '/var/www/vhosts/saratogahistory.com/httpdocs/phpBB/' is executable
[Mon Aug 24 07:12:49.961559 2020] [core:crit] [pid 32352:tid 140619187934976] (13)Permission denied: [client 203.133.169.112:50824] AH00529: /var/www/vhosts/saratogahistory.com/httpdocs/phpBB/.htaccess pcfg_openfile: unable to check htaccess file, ensure it is readable and that '/var/www/vhosts/saratogahistory.com/httpdocs/phpBB/' is executable
[Mon Aug 24 07:12:55.215097 2020] [core:crit] [pid 32352:tid 140619345282816] (13)Permission denied: [client 203.133.169.112:51044] AH00529: /var/www/vhosts/saratogahistory.com/httpdocs/phpBB/.htaccess pcfg_openfile: unable to check htaccess file, ensure it is readable and that '/var/www/vhosts/saratogahistory.com/httpdocs/phpBB/' is executable
[Mon Aug 24 07:13:00.205962 2020] [core:crit] [pid 6888:tid 140619166955264] (13)Permission denied: [client 203.133.169.112:51302] AH00529: /var/www/vhosts/saratogahistory.com/httpdocs/phpBB/.htaccess pcfg_openfile: unable to check htaccess file, ensure it is readable and that '/var/www/vhosts/saratogahistory.com/httpdocs/phpBB/' is executable
[Mon Aug 24 07:13:05.101140 2020] [core:crit] [pid 6888:tid 140619292833536] (13)Permission denied: [client 203.133.169.112:51522] AH00529: /var/www/vhosts/saratogahistory.com/httpdocs/phpBB/.htaccess pcfg_openfile: unable to check htaccess file, ensure it is readable and that '/var/www/vhosts/saratogahistory.com/httpdocs/phpBB/' is executable
[Mon Aug 24 07:13:10.101116 2020] [core:crit] [pid 6888:tid 140619334792960] (13)Permission denied: [client 203.133.169.112:51808] AH00529: /var/www/vhosts/saratogahistory.com/httpdocs/phpBB/.htaccess pcfg_openfile: unable to check htaccess file, ensure it is readable and that '/var/www/vhosts/saratogahistory.com/httpdocs/phpBB/' is executable
[Mon Aug 24 07:13:15.072929 2020] [core:crit] [pid 6888:tid 140619303323392] (13)Permission denied: [client 203.133.169.112:52018] AH00529: /var/www/vhosts/saratogahistory.com/httpdocs/phpBB/.htaccess pcfg_openfile: unable to check htaccess file, ensure it is readable and that '/var/www/vhosts/saratogahistory.com/httpdocs/phpBB/' is executable
[Mon Aug 24 07:13:19.961885 2020] [core:crit] [pid 6888:tid 140619345282816] (13)Permission denied: [client 203.133.169.112:52246] AH00529: /var/www/vhosts/saratogahistory.com/httpdocs/phpBB/.htaccess pcfg_openfile: unable to check htaccess file, ensure it is readable and that '/var/www/vhosts/saratogahistory.com/httpdocs/phpBB/' is executable
[Mon Aug 24 07:13:24.942149 2020] [core:crit] [pid 6888:tid 140619366262528] (13)Permission denied: [client 203.133.169.112:52480] AH00529: /var/www/vhosts/saratogahistory.com/httpdocs/phpBB/.htaccess pcfg_openfile: unable to check htaccess file, ensure it is readable and that '/var/www/vhosts/saratogahistory.com/httpdocs/phpBB/' is executable
[Mon Aug 24 07:13:30.216311 2020] [core:crit] [pid 32325:tid 140619355772672] (13)Permission denied: [client 203.133.169.112:52666] AH00529: /var/www/vhosts/saratogahistory.com/httpdocs/phpBB/.htaccess pcfg_openfile: unable to check htaccess file, ensure it is readable and that '/var/www/vhosts/saratogahistory.com/httpdocs/phpBB/' is executable
[Mon Aug 24 07:13:35.106806 2020] [core:crit] [pid 6888:tid 140619324303104] (13)Permission denied: [client 203.133.169.112:52838] AH00529: /var/www/vhosts/saratogahistory.com/httpdocs/phpBB/.htaccess pcfg_openfile: unable to check htaccess file, ensure it is readable and that '/var/www/vhosts/saratogahistory.com/httpdocs/phpBB/' is executable
[Mon Aug 24 07:13:40.009666 2020] [core:crit] [pid 6888:tid 140619198424832] (13)Permission denied: [client 203.133.169.112:53086] AH00529: /var/www/vhosts/saratogahistory.com/httpdocs/phpBB/.htaccess pcfg_openfile: unable to check htaccess file, ensure it is readable and that '/var/www/vhosts/saratogahistory.com/httpdocs/phpBB/' is executable
[Mon Aug 24 07:13:45.002277 2020] [core:crit] [pid 6888:tid 140619271853824] (13)Permission denied: [client 203.133.169.112:53334] AH00529: /var/www/vhosts/saratogahistory.com/httpdocs/phpBB/.htaccess pcfg_openfile: unable to check htaccess file, ensure it is readable and that '/var/www/vhosts/saratogahistory.com/httpdocs/phpBB/' is executable
[Mon Aug 24 07:13:50.002206 2020] [core:crit] [pid 6888:tid 140619282343680] (13)Permission denied: [client 203.133.169.112:53528] AH00529: /var/www/vhosts/saratogahistory.com/httpdocs/phpBB/.htaccess pcfg_openfile: unable to check htaccess file, ensure it is readable and that '/var/www/vhosts/saratogahistory.com/httpdocs/phpBB/' is executable
[Mon Aug 24 07:13:54.886195 2020] [core:crit] [pid 6888:tid 140619240384256] (13)Permission denied: [client 203.133.169.112:53778] AH00529: /var/www/vhosts/saratogahistory.com/httpdocs/phpBB/.htaccess pcfg_openfile: unable to check htaccess file, ensure it is readable and that '/var/www/vhosts/saratogahistory.com/httpdocs/phpBB/' is executable
[Mon Aug 24 07:13:59.869224 2020] [core:crit] [pid 6888:tid 140619250874112] (13)Permission denied: [client 203.133.169.112:54010] AH00529: /var/www/vhosts/saratogahistory.com/httpdocs/phpBB/.htaccess pcfg_openfile: unable to check htaccess file, ensure it is readable and that '/var/www/vhosts/saratogahistory.com/httpdocs/phpBB/' is executable
[Mon Aug 24 07:14:04.748682 2020] [core:crit] [pid 32352:tid 140619145975552] (13)Permission denied: [client 203.133.169.112:54240] AH00529: /var/www/vhosts/saratogahistory.com/httpdocs/phpBB/.htaccess pcfg_openfile: unable to check htaccess file, ensure it is readable and that '/var/www/vhosts/saratogahistory.com/httpdocs/phpBB/' is executable
[Mon Aug 24 07:14:09.753212 2020] [core:crit] [pid 32325:tid 140619219404544] (13)Permission denied: [client 203.133.169.112:54406] AH00529: /var/www/vhosts/saratogahistory.com/httpdocs/phpBB/.htaccess pcfg_openfile: unable to check htaccess file, ensure it is readable and that '/var/www/vhosts/saratogahistory.com/httpdocs/phpBB/' is executable
[Mon Aug 24 07:14:14.637870 2020] [core:crit] [pid 32352:tid 140619219404544] (13)Permission denied: [client 203.133.169.112:54562] AH00529: /var/www/vhosts/saratogahistory.com/httpdocs/phpBB/.htaccess pcfg_openfile: unable to check htaccess file, ensure it is readable and that '/var/www/vhosts/saratogahistory.com/httpdocs/phpBB/' is executable
[Mon Aug 24 07:14:19.538257 2020] [core:crit] [pid 6888:tid 140619187934976] (13)Permission denied: [client 203.133.169.112:54728] AH00529: /var/www/vhosts/saratogahistory.com/httpdocs/phpBB/.htaccess pcfg_openfile: unable to check htaccess file, ensure it is readable and that '/var/www/vhosts/saratogahistory.com/httpdocs/phpBB/' is executable
[Mon Aug 24 07:14:24.525523 2020] [core:crit] [pid 32325:tid 140619198424832] (13)Permission denied: [client 203.133.169.112:54976] AH00529: /var/www/vhosts/saratogahistory.com/httpdocs/phpBB/.htaccess pcfg_openfile: unable to check htaccess file, ensure it is readable and that '/var/www/vhosts/saratogahistory.com/httpdocs/phpBB/' is executable
[Mon Aug 24 07:14:29.420671 2020] [core:crit] [pid 6888:tid 140619261363968] (13)Permission denied: [client 203.133.169.112:55162] AH00529: /var/www/vhosts/saratogahistory.com/httpdocs/phpBB/.htaccess pcfg_openfile: unable to check htaccess file, ensure it is readable and that '/var/www/vhosts/saratogahistory.com/httpdocs/phpBB/' is executable
[Mon Aug 24 07:14:34.427176 2020] [core:crit] [pid 32352:tid 140619177445120] (13)Permission denied: [client 203.133.169.112:55362] AH00529: /var/www/vhosts/saratogahistory.com/httpdocs/phpBB/.htaccess pcfg_openfile: unable to check htaccess file, ensure it is readable and that '/var/www/vhosts/saratogahistory.com/httpdocs/phpBB/' is executable
[Mon Aug 24 07:14:39.611968 2020] [core:crit] [pid 6888:tid 140619229894400] (13)Permission denied: [client 203.133.169.112:55604] AH00529: /var/www/vhosts/saratogahistory.com/httpdocs/phpBB/.htaccess pcfg_openfile: unable to check htaccess file, ensure it is readable and that '/var/www/vhosts/saratogahistory.com/httpdocs/phpBB/' is executable
[Mon Aug 24 07:14:44.611969 2020] [core:crit] [pid 6888:tid 140619208914688] (13)Permission denied: [client 203.133.169.112:55828] AH00529: /var/www/vhosts/saratogahistory.com/httpdocs/phpBB/.htaccess pcfg_openfile: unable to check htaccess file, ensure it is readable and that '/var/www/vhosts/saratogahistory.com/httpdocs/phpBB/' is executable
[Mon Aug 24 07:14:49.630022 2020] [core:crit] [pid 6888:tid 140619219404544] (13)Permission denied: [client 203.133.169.112:56038] AH00529: /var/www/vhosts/saratogahistory.com/httpdocs/phpBB/.htaccess pcfg_openfile: unable to check htaccess file, ensure it is readable and that '/var/www/vhosts/saratogahistory.com/httpdocs/phpBB/' is executable
[Mon Aug 24 07:14:54.528612 2020] [core:crit] [pid 6888:tid 140619124995840] (13)Permission denied: [client 203.133.169.112:56258] AH00529: /var/www/vhosts/saratogahistory.com/httpdocs/phpBB/.htaccess pcfg_openfile: unable to check htaccess file, ensure it is readable and that '/var/www/vhosts/saratogahistory.com/httpdocs/phpBB/' is executable
[Mon Aug 24 07:14:59.509462 2020] [core:crit] [pid 32352:tid 140619166955264] (13)Permission denied: [client 203.133.169.112:56570] AH00529: /var/www/vhosts/saratogahistory.com/httpdocs/phpBB/.htaccess pcfg_openfile: unable to check htaccess file, ensure it is readable and that '/var/www/vhosts/saratogahistory.com/httpdocs/phpBB/' is executable
[Mon Aug 24 07:15:04.505477 2020] [core:crit] [pid 6888:tid 140619177445120] (13)Permission denied: [client 203.133.169.112:57008] AH00529: /var/www/vhosts/saratogahistory.com/httpdocs/phpBB/.htaccess pcfg_openfile: unable to check htaccess file, ensure it is readable and that '/var/www/vhosts/saratogahistory.com/httpdocs/phpBB/' is executable
[Mon Aug 24 07:15:09.490504 2020] [core:crit] [pid 32352:tid 140619135485696] (13)Permission denied: [client 203.133.169.112:57512] AH00529: /var/www/vhosts/saratogahistory.com/httpdocs/phpBB/.htaccess pcfg_openfile: unable to check htaccess file, ensure it is readable and that '/var/www/vhosts/saratogahistory.com/httpdocs/phpBB/' is executable
[Mon Aug 24 07:15:14.579139 2020] [core:crit] [pid 6888:tid 140619145975552] (13)Permission denied: [client 203.133.169.112:57870] AH00529: /var/www/vhosts/saratogahistory.com/httpdocs/phpBB/.htaccess pcfg_openfile: unable to check htaccess file, ensure it is readable and that '/var/www/vhosts/saratogahistory.com/httpdocs/phpBB/' is executable
[Mon Aug 24 07:15:19.467476 2020] [core:crit] [pid 32352:tid 140619303323392] (13)Permission denied: [client 203.133.169.112:58198] AH00529: /var/www/vhosts/saratogahistory.com/httpdocs/phpBB/.htaccess pcfg_openfile: unable to check htaccess file, ensure it is readable and that '/var/www/vhosts/saratogahistory.com/httpdocs/phpBB/' is executable
[Mon Aug 24 07:15:24.355768 2020] [core:crit] [pid 6888:tid 140619156465408] (13)Permission denied: [client 203.133.169.112:58436] AH00529: /var/www/vhosts/saratogahistory.com/httpdocs/phpBB/.htaccess pcfg_openfile: unable to check htaccess file, ensure it is readable and that '/var/www/vhosts/saratogahistory.com/httpdocs/phpBB/' is executable
[Mon Aug 24 07:15:29.378751 2020] [core:crit] [pid 32352:tid 140619156465408] (13)Permission denied: [client 203.133.169.112:58734] AH00529: /var/www/vhosts/saratogahistory.com/httpdocs/phpBB/.htaccess pcfg_openfile: unable to check htaccess file, ensure it is readable and that '/var/www/vhosts/saratogahistory.com/httpdocs/phpBB/' is executable
[Mon Aug 24 07:15:34.281206 2020] [core:crit] [pid 6888:tid 140619355772672] (13)Permission denied: [client 203.133.169.112:59064] AH00529: /var/www/vhosts/saratogahistory.com/httpdocs/phpBB/.htaccess pcfg_openfile: unable to check htaccess file, ensure it is readable and that '/var/www/vhosts/saratogahistory.com/httpdocs/phpBB/' is executable
[Mon Aug 24 07:15:39.267511 2020] [core:crit] [pid 6888:tid 140619135485696] (13)Permission denied: [client 203.133.169.112:59316] AH00529: /var/www/vhosts/saratogahistory.com/httpdocs/phpBB/.htaccess pcfg_openfile: unable to check htaccess file, ensure it is readable and that '/var/www/vhosts/saratogahistory.com/httpdocs/phpBB/' is executable
[Mon Aug 24 07:15:44.143059 2020] [core:crit] [pid 6888:tid 140619166955264] (13)Permission denied: [client 203.133.169.112:59532] AH00529: /var/www/vhosts/saratogahistory.com/httpdocs/phpBB/.htaccess pcfg_openfile: unable to check htaccess file, ensure it is readable and that '/var/www/vhosts/saratogahistory.com/httpdocs/phpBB/' is executable
[Mon Aug 24 07:15:49.795143 2020] [core:crit] [pid 6888:tid 140619376752384] (13)Permission denied: [client 203.133.169.112:59820] AH00529: /var/www/vhosts/saratogahistory.com/httpdocs/phpBB/.htaccess pcfg_openfile: unable to check htaccess file, ensure it is readable and that '/var/www/vhosts/saratogahistory.com/httpdocs/phpBB/' is executable
[Mon Aug 24 07:15:54.785004 2020] [core:crit] [pid 6888:tid 140619313813248] (13)Permission denied: [client 203.133.169.112:60068] AH00529: /var/www/vhosts/saratogahistory.com/httpdocs/phpBB/.htaccess pcfg_openfile: unable to check htaccess file, ensure it is readable and that '/var/www/vhosts/saratogahistory.com/httpdocs/phpBB/' is executable
[Mon Aug 24 07:15:59.779584 2020] [core:crit] [pid 6888:tid 140619292833536] (13)Permission denied: [client 203.133.169.112:60332] AH00529: /var/www/vhosts/saratogahistory.com/httpdocs/phpBB/.htaccess pcfg_openfile: unable to check htaccess file, ensure it is readable and that '/var/www/vhosts/saratogahistory.com/httpdocs/phpBB/' is executable
[Mon Aug 24 07:16:04.834770 2020] [core:crit] [pid 6888:tid 140619334792960] (13)Permission denied: [client 203.133.169.112:60600] AH00529: /var/www/vhosts/saratogahistory.com/httpdocs/phpBB/.htaccess pcfg_openfile: unable to check htaccess file, ensure it is readable and that '/var/www/vhosts/saratogahistory.com/httpdocs/phpBB/' is executable
[Mon Aug 24 07:16:09.720604 2020] [core:crit] [pid 6888:tid 140619303323392] (13)Permission denied: [client 203.133.169.112:60830] AH00529: /var/www/vhosts/saratogahistory.com/httpdocs/phpBB/.htaccess pcfg_openfile: unable to check htaccess file, ensure it is readable and that '/var/www/vhosts/saratogahistory.com/httpdocs/phpBB/' is executable
[Mon Aug 24 07:16:14.593196 2020] [core:crit] [pid 32352:tid 140619271853824] (13)Permission denied: [client 203.133.169.112:32798] AH00529: /var/www/vhosts/saratogahistory.com/httpdocs/phpBB/.htaccess pcfg_openfile: unable to check htaccess file, ensure it is readable and that '/var/www/vhosts/saratogahistory.com/httpdocs/phpBB/' is executable
[Mon Aug 24 07:16:19.469551 2020] [core:crit] [pid 6888:tid 140619345282816] (13)Permission denied: [client 203.133.169.112:32930] AH00529: /var/www/vhosts/saratogahistory.com/httpdocs/phpBB/.htaccess pcfg_openfile: unable to check htaccess file, ensure it is readable and that '/var/www/vhosts/saratogahistory.com/httpdocs/phpBB/' is executable
[Mon Aug 24 07:16:24.622348 2020] [core:crit] [pid 32352:tid 140619198424832] (13)Permission denied: [client 203.133.169.112:33150] AH00529: /var/www/vhosts/saratogahistory.com/httpdocs/phpBB/.htaccess pcfg_openfile: unable to check htaccess file, ensure it is readable and that '/var/www/vhosts/saratogahistory.com/httpdocs/phpBB/' is executable
[Mon Aug 24 07:16:29.502728 2020] [core:crit] [pid 32352:tid 140619282343680] (13)Permission denied: [client 203.133.169.112:33398] AH00529: /var/www/vhosts/saratogahistory.com/httpdocs/phpBB/.htaccess pcfg_openfile: unable to check htaccess file, ensure it is readable and that '/var/www/vhosts/saratogahistory.com/httpdocs/phpBB/' is executable
[Mon Aug 24 07:16:34.384560 2020] [core:crit] [pid 6888:tid 140619366262528] (13)Permission denied: [client 203.133.169.112:33670] AH00529: /var/www/vhosts/saratogahistory.com/httpdocs/phpBB/.htaccess pcfg_openfile: unable to check htaccess file, ensure it is readable and that '/var/www/vhosts/saratogahistory.com/httpdocs/phpBB/' is executable
[Mon Aug 24 07:16:39.365953 2020] [core:crit] [pid 32352:tid 140619292833536] (13)Permission denied: [client 203.133.169.112:33876] AH00529: /var/www/vhosts/saratogahistory.com/httpdocs/phpBB/.htaccess pcfg_openfile: unable to check htaccess file, ensure it is readable and that '/var/www/vhosts/saratogahistory.com/httpdocs/phpBB/' is executable
[Mon Aug 24 07:16:44.346642 2020] [core:crit] [pid 32352:tid 140619124995840] (13)Permission denied: [client 203.133.169.112:34142] AH00529: /var/www/vhosts/saratogahistory.com/httpdocs/phpBB/.htaccess pcfg_openfile: unable to check htaccess file, ensure it is readable and that '/var/www/vhosts/saratogahistory.com/httpdocs/phpBB/' is executable
[Mon Aug 24 07:16:49.364484 2020] [core:crit] [pid 6888:tid 140619324303104] (13)Permission denied: [client 203.133.169.112:34360] AH00529: /var/www/vhosts/saratogahistory.com/httpdocs/phpBB/.htaccess pcfg_openfile: unable to check htaccess file, ensure it is readable and that '/var/www/vhosts/saratogahistory.com/httpdocs/phpBB/' is executable
[Mon Aug 24 07:16:54.291200 2020] [core:crit] [pid 32352:tid 140619313813248] (13)Permission denied: [client 203.133.169.112:34532] AH00529: /var/www/vhosts/saratogahistory.com/httpdocs/phpBB/.htaccess pcfg_openfile: unable to check htaccess file, ensure it is readable and that '/var/www/vhosts/saratogahistory.com/httpdocs/phpBB/' is executable
[Mon Aug 24 07:16:59.377941 2020] [core:crit] [pid 6888:tid 140619198424832] (13)Permission denied: [client 203.133.169.112:34754] AH00529: /var/www/vhosts/saratogahistory.com/httpdocs/phpBB/.htaccess pcfg_openfile: unable to check htaccess file, ensure it is readable and that '/var/www/vhosts/saratogahistory.com/httpdocs/phpBB/' is executable
[Mon Aug 24 07:23:28.039330 2020] [core:crit] [pid 32352:tid 140619229894400] (13)Permission denied: [client 46.246.65.138:55858] AH00529: /var/www/vhosts/saratogahistory.com/httpdocs/phpBB/.htaccess pcfg_openfile: unable to check htaccess file, ensure it is readable and that '/var/www/vhosts/saratogahistory.com/httpdocs/phpBB/' is executable, referer: http://www.saratogahistory.com/phpBB/index.php
[Mon Aug 24 07:23:30.627617 2020] [core:crit] [pid 6888:tid 140619145975552] (13)Permission denied: [client 46.246.65.138:56012] AH00529: /var/www/vhosts/saratogahistory.com/httpdocs/phpBB/.htaccess pcfg_openfile: unable to check htaccess file, ensure it is readable and that '/var/www/vhosts/saratogahistory.com/httpdocs/phpBB/' is executable, referer: http://www.saratogahistory.com/phpBB/index.php
[Mon Aug 24 07:30:57.014388 2020] [core:crit] [pid 6888:tid 140619187934976] (13)Permission denied: [client 94.242.54.22:50104] AH00529: /var/www/vhosts/saratogahistory.com/httpdocs/phpBB/.htaccess pcfg_openfile: unable to check htaccess file, ensure it is readable and that '/var/www/vhosts/saratogahistory.com/httpdocs/phpBB/' is executable, referer: http://www.saratogahistory.com/phpBB/index.php
[Mon Aug 24 07:30:57.404337 2020] [core:crit] [pid 6888:tid 140619229894400] (13)Permission denied: [client 94.242.54.22:50124] AH00529: /var/www/vhosts/saratogahistory.com/httpdocs/phpBB/.htaccess pcfg_openfile: unable to check htaccess file, ensure it is readable and that '/var/www/vhosts/saratogahistory.com/httpdocs/phpBB/' is executable, referer: http://www.saratogahistory.com/phpBB/index.php
[Mon Aug 24 07:48:14.565608 2020] [core:crit] [pid 6888:tid 140619187934976] (13)Permission denied: [client 5.189.153.73:45468] AH00529: /var/www/vhosts/saratogahistory.com/httpdocs/phpBB/.htaccess pcfg_openfile: unable to check htaccess file, ensure it is readable and that '/var/www/vhosts/saratogahistory.com/httpdocs/phpBB/' is executable, referer: http://www.saratogahistory.com/phpBB/index.php
[Mon Aug 24 08:33:14.617901 2020] [core:crit] [pid 32352:tid 140619324303104] (13)Permission denied: [client 109.195.38.201:43884] AH00529: /var/www/vhosts/saratogahistory.com/httpdocs/phpBB/.htaccess pcfg_openfile: unable to check htaccess file, ensure it is readable and that '/var/www/vhosts/saratogahistory.com/httpdocs/phpBB/' is executable, referer: http://www.saratogahistory.com/phpBB/index.php
[Mon Aug 24 08:33:15.952730 2020] [proxy_fcgi:error] [pid 6888:tid 140619376752384] [client 109.195.38.201:43930] AH01071: Got error 'Primary script unknown\n', referer: http://www.saratogahistory.com/index.php
[Mon Aug 24 08:33:16.310564 2020] [proxy_fcgi:error] [pid 6888:tid 140619313813248] [client 109.195.38.201:43946] AH01071: Got error 'Primary script unknown\n', referer: http://www.saratogahistory.com/index.php
[Mon Aug 24 08:33:16.671948 2020] [proxy_fcgi:error] [pid 6888:tid 140619292833536] [client 109.195.38.201:43960] AH01071: Got error 'Primary script unknown\n', referer: http://www.saratogahistory.com/index.php
[Mon Aug 24 08:54:26.091654 2020] [core:crit] [pid 6888:tid 140619303323392] (13)Permission denied: [client 145.255.9.77:51304] AH00529: /var/www/vhosts/saratogahistory.com/httpdocs/phpBB/.htaccess pcfg_openfile: unable to check htaccess file, ensure it is readable and that '/var/www/vhosts/saratogahistory.com/httpdocs/phpBB/' is executable, referer: http://www.saratogahistory.com/phpBB/index.php
[Mon Aug 24 09:55:00.980410 2020] [core:crit] [pid 6888:tid 140619177445120] (13)Permission denied: [client 185.220.101.212:56236] AH00529: /var/www/vhosts/saratogahistory.com/httpdocs/phpBB/.htaccess pcfg_openfile: unable to check htaccess file, ensure it is readable and that '/var/www/vhosts/saratogahistory.com/httpdocs/phpBB/' is executable, referer: http://www.saratogahistory.com/phpBB/index.php
[Mon Aug 24 10:44:03.909475 2020] [core:crit] [pid 32325:tid 140619334792960] (13)Permission denied: [client 178.165.72.177:44178] AH00529: /var/www/vhosts/saratogahistory.com/httpdocs/phpBB/.htaccess pcfg_openfile: unable to check htaccess file, ensure it is readable and that '/var/www/vhosts/saratogahistory.com/httpdocs/phpBB/' is executable, referer: http://www.saratogahistory.com/phpBB/index.php
[Mon Aug 24 11:01:46.243287 2020] [core:crit] [pid 6888:tid 140619366262528] (13)Permission denied: [client 185.25.35.12:32886] AH00529: /var/www/vhosts/saratogahistory.com/httpdocs/phpBB/.htaccess pcfg_openfile: unable to check htaccess file, ensure it is readable and that '/var/www/vhosts/saratogahistory.com/httpdocs/phpBB/' is executable
[Mon Aug 24 11:06:41.273600 2020] [core:crit] [pid 6888:tid 140619219404544] (13)Permission denied: [client 203.133.169.112:45098] AH00529: /var/www/vhosts/saratogahistory.com/httpdocs/phpBB/.htaccess pcfg_openfile: unable to check htaccess file, ensure it is readable and that '/var/www/vhosts/saratogahistory.com/httpdocs/phpBB/' is executable
[Mon Aug 24 11:06:46.169407 2020] [core:crit] [pid 32352:tid 140619198424832] (13)Permission denied: [client 203.133.169.112:45332] AH00529: /var/www/vhosts/saratogahistory.com/httpdocs/phpBB/.htaccess pcfg_openfile: unable to check htaccess file, ensure it is readable and that '/var/www/vhosts/saratogahistory.com/httpdocs/phpBB/' is executable
[Mon Aug 24 11:06:51.151580 2020] [core:crit] [pid 6888:tid 140619124995840] (13)Permission denied: [client 203.133.169.112:45566] AH00529: /var/www/vhosts/saratogahistory.com/httpdocs/phpBB/.htaccess pcfg_openfile: unable to check htaccess file, ensure it is readable and that '/var/www/vhosts/saratogahistory.com/httpdocs/phpBB/' is executable
[Mon Aug 24 11:06:56.151691 2020] [core:crit] [pid 32352:tid 140619282343680] (13)Permission denied: [client 203.133.169.112:45786] AH00529: /var/www/vhosts/saratogahistory.com/httpdocs/phpBB/.htaccess pcfg_openfile: unable to check htaccess file, ensure it is readable and that '/var/www/vhosts/saratogahistory.com/httpdocs/phpBB/' is executable
[Mon Aug 24 11:07:01.155178 2020] [core:crit] [pid 6888:tid 140619177445120] (13)Permission denied: [client 203.133.169.112:46010] AH00529: /var/www/vhosts/saratogahistory.com/httpdocs/phpBB/.htaccess pcfg_openfile: unable to check htaccess file, ensure it is readable and that '/var/www/vhosts/saratogahistory.com/httpdocs/phpBB/' is executable
[Mon Aug 24 11:07:06.153445 2020] [core:crit] [pid 6888:tid 140619156465408] (13)Permission denied: [client 203.133.169.112:46192] AH00529: /var/www/vhosts/saratogahistory.com/httpdocs/phpBB/.htaccess pcfg_openfile: unable to check htaccess file, ensure it is readable and that '/var/www/vhosts/saratogahistory.com/httpdocs/phpBB/' is executable
[Mon Aug 24 11:07:11.395803 2020] [core:crit] [pid 6888:tid 140619355772672] (13)Permission denied: [client 203.133.169.112:46442] AH00529: /var/www/vhosts/saratogahistory.com/httpdocs/phpBB/.htaccess pcfg_openfile: unable to check htaccess file, ensure it is readable and that '/var/www/vhosts/saratogahistory.com/httpdocs/phpBB/' is executable
[Mon Aug 24 11:07:16.391907 2020] [core:crit] [pid 6888:tid 140619135485696] (13)Permission denied: [client 203.133.169.112:46628] AH00529: /var/www/vhosts/saratogahistory.com/httpdocs/phpBB/.htaccess pcfg_openfile: unable to check htaccess file, ensure it is readable and that '/var/www/vhosts/saratogahistory.com/httpdocs/phpBB/' is executable
[Mon Aug 24 11:07:21.378940 2020] [core:crit] [pid 6888:tid 140619313813248] (13)Permission denied: [client 203.133.169.112:46886] AH00529: /var/www/vhosts/saratogahistory.com/httpdocs/phpBB/.htaccess pcfg_openfile: unable to check htaccess file, ensure it is readable and that '/var/www/vhosts/saratogahistory.com/httpdocs/phpBB/' is executable
[Mon Aug 24 11:07:26.337704 2020] [core:crit] [pid 6888:tid 140619334792960] (13)Permission denied: [client 203.133.169.112:47100] AH00529: /var/www/vhosts/saratogahistory.com/httpdocs/phpBB/.htaccess pcfg_openfile: unable to check htaccess file, ensure it is readable and that '/var/www/vhosts/saratogahistory.com/httpdocs/phpBB/' is executable
[Mon Aug 24 11:07:31.331922 2020] [core:crit] [pid 6888:tid 140619303323392] (13)Permission denied: [client 203.133.169.112:47288] AH00529: /var/www/vhosts/saratogahistory.com/httpdocs/phpBB/.htaccess pcfg_openfile: unable to check htaccess file, ensure it is readable and that '/var/www/vhosts/saratogahistory.com/httpdocs/phpBB/' is executable
[Mon Aug 24 11:07:36.230007 2020] [core:crit] [pid 6888:tid 140619345282816] (13)Permission denied: [client 203.133.169.112:47472] AH00529: /var/www/vhosts/saratogahistory.com/httpdocs/phpBB/.htaccess pcfg_openfile: unable to check htaccess file, ensure it is readable and that '/var/www/vhosts/saratogahistory.com/httpdocs/phpBB/' is executable
[Mon Aug 24 11:07:41.217301 2020] [core:crit] [pid 6888:tid 140619366262528] (13)Permission denied: [client 203.133.169.112:47668] AH00529: /var/www/vhosts/saratogahistory.com/httpdocs/phpBB/.htaccess pcfg_openfile: unable to check htaccess file, ensure it is readable and that '/var/www/vhosts/saratogahistory.com/httpdocs/phpBB/' is executable
[Mon Aug 24 11:07:46.369799 2020] [core:crit] [pid 6888:tid 140619324303104] (13)Permission denied: [client 203.133.169.112:47852] AH00529: /var/www/vhosts/saratogahistory.com/httpdocs/phpBB/.htaccess pcfg_openfile: unable to check htaccess file, ensure it is readable and that '/var/www/vhosts/saratogahistory.com/httpdocs/phpBB/' is executable
[Mon Aug 24 11:07:51.321027 2020] [core:crit] [pid 6888:tid 140619198424832] (13)Permission denied: [client 203.133.169.112:48036] AH00529: /var/www/vhosts/saratogahistory.com/httpdocs/phpBB/.htaccess pcfg_openfile: unable to check htaccess file, ensure it is readable and that '/var/www/vhosts/saratogahistory.com/httpdocs/phpBB/' is executable
[Mon Aug 24 11:07:56.210121 2020] [core:crit] [pid 6888:tid 140619271853824] (13)Permission denied: [client 203.133.169.112:48234] AH00529: /var/www/vhosts/saratogahistory.com/httpdocs/phpBB/.htaccess pcfg_openfile: unable to check htaccess file, ensure it is readable and that '/var/www/vhosts/saratogahistory.com/httpdocs/phpBB/' is executable
[Mon Aug 24 11:08:01.209804 2020] [core:crit] [pid 6888:tid 140619282343680] (13)Permission denied: [client 203.133.169.112:48442] AH00529: /var/www/vhosts/saratogahistory.com/httpdocs/phpBB/.htaccess pcfg_openfile: unable to check htaccess file, ensure it is readable and that '/var/www/vhosts/saratogahistory.com/httpdocs/phpBB/' is executable
[Mon Aug 24 11:08:06.100856 2020] [core:crit] [pid 32352:tid 140619313813248] (13)Permission denied: [client 203.133.169.112:48660] AH00529: /var/www/vhosts/saratogahistory.com/httpdocs/phpBB/.htaccess pcfg_openfile: unable to check htaccess file, ensure it is readable and that '/var/www/vhosts/saratogahistory.com/httpdocs/phpBB/' is executable
[Mon Aug 24 11:08:11.048630 2020] [core:crit] [pid 32352:tid 140619261363968] (13)Permission denied: [client 203.133.169.112:48896] AH00529: /var/www/vhosts/saratogahistory.com/httpdocs/phpBB/.htaccess pcfg_openfile: unable to check htaccess file, ensure it is readable and that '/var/www/vhosts/saratogahistory.com/httpdocs/phpBB/' is executable
[Mon Aug 24 11:08:15.969733 2020] [core:crit] [pid 32325:tid 140619198424832] (13)Permission denied: [client 203.133.169.112:49134] AH00529: /var/www/vhosts/saratogahistory.com/httpdocs/phpBB/.htaccess pcfg_openfile: unable to check htaccess file, ensure it is readable and that '/var/www/vhosts/saratogahistory.com/httpdocs/phpBB/' is executable
[Mon Aug 24 11:08:20.865228 2020] [core:crit] [pid 6888:tid 140619240384256] (13)Permission denied: [client 203.133.169.112:49324] AH00529: /var/www/vhosts/saratogahistory.com/httpdocs/phpBB/.htaccess pcfg_openfile: unable to check htaccess file, ensure it is readable and that '/var/www/vhosts/saratogahistory.com/httpdocs/phpBB/' is executable
[Mon Aug 24 11:08:25.735775 2020] [core:crit] [pid 6888:tid 140619250874112] (13)Permission denied: [client 203.133.169.112:49534] AH00529: /var/www/vhosts/saratogahistory.com/httpdocs/phpBB/.htaccess pcfg_openfile: unable to check htaccess file, ensure it is readable and that '/var/www/vhosts/saratogahistory.com/httpdocs/phpBB/' is executable
[Mon Aug 24 11:08:30.623559 2020] [core:crit] [pid 6888:tid 140619187934976] (13)Permission denied: [client 203.133.169.112:49808] AH00529: /var/www/vhosts/saratogahistory.com/httpdocs/phpBB/.htaccess pcfg_openfile: unable to check htaccess file, ensure it is readable and that '/var/www/vhosts/saratogahistory.com/httpdocs/phpBB/' is executable
[Mon Aug 24 11:08:35.661446 2020] [core:crit] [pid 6888:tid 140619261363968] (13)Permission denied: [client 203.133.169.112:50012] AH00529: /var/www/vhosts/saratogahistory.com/httpdocs/phpBB/.htaccess pcfg_openfile: unable to check htaccess file, ensure it is readable and that '/var/www/vhosts/saratogahistory.com/httpdocs/phpBB/' is executable
[Mon Aug 24 11:08:40.554757 2020] [core:crit] [pid 6888:tid 140619229894400] (13)Permission denied: [client 203.133.169.112:50216] AH00529: /var/www/vhosts/saratogahistory.com/httpdocs/phpBB/.htaccess pcfg_openfile: unable to check htaccess file, ensure it is readable and that '/var/www/vhosts/saratogahistory.com/httpdocs/phpBB/' is executable
[Mon Aug 24 11:08:45.451322 2020] [core:crit] [pid 32352:tid 140619324303104] (13)Permission denied: [client 203.133.169.112:50464] AH00529: /var/www/vhosts/saratogahistory.com/httpdocs/phpBB/.htaccess pcfg_openfile: unable to check htaccess file, ensure it is readable and that '/var/www/vhosts/saratogahistory.com/httpdocs/phpBB/' is executable
[Mon Aug 24 11:08:50.485280 2020] [core:crit] [pid 6888:tid 140619208914688] (13)Permission denied: [client 203.133.169.112:50716] AH00529: /var/www/vhosts/saratogahistory.com/httpdocs/phpBB/.htaccess pcfg_openfile: unable to check htaccess file, ensure it is readable and that '/var/www/vhosts/saratogahistory.com/httpdocs/phpBB/' is executable
[Mon Aug 24 11:08:55.432921 2020] [core:crit] [pid 32352:tid 140619240384256] (13)Permission denied: [client 203.133.169.112:50958] AH00529: /var/www/vhosts/saratogahistory.com/httpdocs/phpBB/.htaccess pcfg_openfile: unable to check htaccess file, ensure it is readable and that '/var/www/vhosts/saratogahistory.com/httpdocs/phpBB/' is executable
[Mon Aug 24 11:09:00.442159 2020] [core:crit] [pid 6888:tid 140619219404544] (13)Permission denied: [client 203.133.169.112:51186] AH00529: /var/www/vhosts/saratogahistory.com/httpdocs/phpBB/.htaccess pcfg_openfile: unable to check htaccess file, ensure it is readable and that '/var/www/vhosts/saratogahistory.com/httpdocs/phpBB/' is executable
[Mon Aug 24 11:09:05.351359 2020] [core:crit] [pid 6888:tid 140619124995840] (13)Permission denied: [client 203.133.169.112:51392] AH00529: /var/www/vhosts/saratogahistory.com/httpdocs/phpBB/.htaccess pcfg_openfile: unable to check htaccess file, ensure it is readable and that '/var/www/vhosts/saratogahistory.com/httpdocs/phpBB/' is executable
[Mon Aug 24 11:09:10.350842 2020] [core:crit] [pid 6888:tid 140619177445120] (13)Permission denied: [client 203.133.169.112:51716] AH00529: /var/www/vhosts/saratogahistory.com/httpdocs/phpBB/.htaccess pcfg_openfile: unable to check htaccess file, ensure it is readable and that '/var/www/vhosts/saratogahistory.com/httpdocs/phpBB/' is executable
[Mon Aug 24 11:09:15.343913 2020] [core:crit] [pid 6888:tid 140619156465408] (13)Permission denied: [client 203.133.169.112:51990] AH00529: /var/www/vhosts/saratogahistory.com/httpdocs/phpBB/.htaccess pcfg_openfile: unable to check htaccess file, ensure it is readable and that '/var/www/vhosts/saratogahistory.com/httpdocs/phpBB/' is executable
[Mon Aug 24 11:09:20.268202 2020] [core:crit] [pid 32325:tid 140619229894400] (13)Permission denied: [client 203.133.169.112:52256] AH00529: /var/www/vhosts/saratogahistory.com/httpdocs/phpBB/.htaccess pcfg_openfile: unable to check htaccess file, ensure it is readable and that '/var/www/vhosts/saratogahistory.com/httpdocs/phpBB/' is executable
[Mon Aug 24 11:09:51.135688 2020] [core:crit] [pid 6888:tid 140619135485696] (13)Permission denied: [client 77.247.181.162:53744] AH00529: /var/www/vhosts/saratogahistory.com/httpdocs/phpBB/.htaccess pcfg_openfile: unable to check htaccess file, ensure it is readable and that '/var/www/vhosts/saratogahistory.com/httpdocs/phpBB/' is executable, referer: http://www.saratogahistory.com/phpBB/index.php
[Mon Aug 24 11:59:31.560299 2020] [core:crit] [pid 6888:tid 140619124995840] (13)Permission denied: [client 185.25.35.11:57960] AH00529: /var/www/vhosts/saratogahistory.com/httpdocs/phpBB/.htaccess pcfg_openfile: unable to check htaccess file, ensure it is readable and that '/var/www/vhosts/saratogahistory.com/httpdocs/phpBB/' is executable
[Mon Aug 24 12:20:05.507632 2020] [core:crit] [pid 6888:tid 140619355772672] (13)Permission denied: [client 176.107.182.236:36302] AH00529: /var/www/vhosts/saratogahistory.com/httpdocs/phpBB/.htaccess pcfg_openfile: unable to check htaccess file, ensure it is readable and that '/var/www/vhosts/saratogahistory.com/httpdocs/phpBB/' is executable, referer: http://www.saratogahistory.com/phpBB/index.php
[Mon Aug 24 12:26:47.758504 2020] [proxy_fcgi:error] [pid 6888:tid 140619156465408] [client 140.82.52.7:55526] AH01071: Got error 'Primary script unknown\n'
[Mon Aug 24 12:27:55.666596 2020] [core:crit] [pid 6888:tid 140619229894400] (13)Permission denied: [client 145.255.9.77:58814] AH00529: /var/www/vhosts/saratogahistory.com/httpdocs/phpBB/.htaccess pcfg_openfile: unable to check htaccess file, ensure it is readable and that '/var/www/vhosts/saratogahistory.com/httpdocs/phpBB/' is executable, referer: http://www.saratogahistory.com/phpBB/index.php
[Mon Aug 24 12:45:00.228460 2020] [core:crit] [pid 6888:tid 140619229894400] (13)Permission denied: [client 185.25.35.8:51218] AH00529: /var/www/vhosts/saratogahistory.com/httpdocs/phpBB/.htaccess pcfg_openfile: unable to check htaccess file, ensure it is readable and that '/var/www/vhosts/saratogahistory.com/httpdocs/phpBB/' is executable
[Mon Aug 24 12:45:00.530743 2020] [core:crit] [pid 6888:tid 140619208914688] (13)Permission denied: [client 178.159.37.167:51234] AH00529: /var/www/vhosts/saratogahistory.com/httpdocs/phpBB/.htaccess pcfg_openfile: unable to check htaccess file, ensure it is readable and that '/var/www/vhosts/saratogahistory.com/httpdocs/phpBB/' is executable, referer: http://www.saratogahistory.com/phpBB/index.php
[Mon Aug 24 13:03:54.882778 2020] [core:crit] [pid 32352:tid 140619240384256] (13)Permission denied: [client 185.25.35.12:48158] AH00529: /var/www/vhosts/saratogahistory.com/httpdocs/phpBB/.htaccess pcfg_openfile: unable to check htaccess file, ensure it is readable and that '/var/www/vhosts/saratogahistory.com/httpdocs/phpBB/' is executable
[Mon Aug 24 13:11:16.008169 2020] [core:crit] [pid 6888:tid 140619261363968] (13)Permission denied: [client 31.41.107.243:42448] AH00529: /var/www/vhosts/saratogahistory.com/httpdocs/phpBB/.htaccess pcfg_openfile: unable to check htaccess file, ensure it is readable and that '/var/www/vhosts/saratogahistory.com/httpdocs/phpBB/' is executable, referer: http://www.saratogahistory.com/phpBB/index.php
[Mon Aug 24 13:38:21.926161 2020] [proxy_fcgi:error] [pid 32352:tid 140619156465408] [client 140.82.52.7:59938] AH01071: Got error 'Primary script unknown\n'
[Mon Aug 24 13:52:26.125963 2020] [core:crit] [pid 32325:tid 140619145975552] (13)Permission denied: [client 178.137.211.109:55168] AH00529: /var/www/vhosts/saratogahistory.com/httpdocs/phpBB/.htaccess pcfg_openfile: unable to check htaccess file, ensure it is readable and that '/var/www/vhosts/saratogahistory.com/httpdocs/phpBB/' is executable, referer: http://www.saratogahistory.com/phpBB/index.php
[Mon Aug 24 13:52:26.853714 2020] [core:crit] [pid 6888:tid 140619334792960] (13)Permission denied: [client 178.137.211.109:55196] AH00529: /var/www/vhosts/saratogahistory.com/httpdocs/phpBB/.htaccess pcfg_openfile: unable to check htaccess file, ensure it is readable and that '/var/www/vhosts/saratogahistory.com/httpdocs/phpBB/' is executable, referer: http://www.saratogahistory.com/phpBB/index.php
[Mon Aug 24 14:37:15.436130 2020] [core:crit] [pid 32352:tid 140619355772672] (13)Permission denied: [client 77.247.181.162:41226] AH00529: /var/www/vhosts/saratogahistory.com/httpdocs/phpBB/.htaccess pcfg_openfile: unable to check htaccess file, ensure it is readable and that '/var/www/vhosts/saratogahistory.com/httpdocs/phpBB/' is executable, referer: http://www.saratogahistory.com/phpBB/index.php
[Mon Aug 24 14:42:17.703796 2020] [core:crit] [pid 6888:tid 140619261363968] (13)Permission denied: [client 188.122.82.146:56268] AH00529: /var/www/vhosts/saratogahistory.com/httpdocs/phpBB/.htaccess pcfg_openfile: unable to check htaccess file, ensure it is readable and that '/var/www/vhosts/saratogahistory.com/httpdocs/phpBB/' is executable, referer: http://www.saratogahistory.com/phpBB/index.php
[Mon Aug 24 14:42:17.820150 2020] [core:crit] [pid 32352:tid 140619345282816] (13)Permission denied: [client 188.122.82.146:56270] AH00529: /var/www/vhosts/saratogahistory.com/httpdocs/phpBB/.htaccess pcfg_openfile: unable to check htaccess file, ensure it is readable and that '/var/www/vhosts/saratogahistory.com/httpdocs/phpBB/' is executable, referer: http://www.saratogahistory.com/phpBB/index.php
[Mon Aug 24 15:21:39.201413 2020] [core:crit] [pid 32352:tid 140619345282816] (13)Permission denied: [client 203.133.169.112:59638] AH00529: /var/www/vhosts/saratogahistory.com/httpdocs/phpBB/.htaccess pcfg_openfile: unable to check htaccess file, ensure it is readable and that '/var/www/vhosts/saratogahistory.com/httpdocs/phpBB/' is executable
[Mon Aug 24 15:21:44.081287 2020] [core:crit] [pid 6888:tid 140619324303104] (13)Permission denied: [client 203.133.169.112:59878] AH00529: /var/www/vhosts/saratogahistory.com/httpdocs/phpBB/.htaccess pcfg_openfile: unable to check htaccess file, ensure it is readable and that '/var/www/vhosts/saratogahistory.com/httpdocs/phpBB/' is executable
[Mon Aug 24 15:21:48.967186 2020] [core:crit] [pid 6888:tid 140619366262528] (13)Permission denied: [client 203.133.169.112:60188] AH00529: /var/www/vhosts/saratogahistory.com/httpdocs/phpBB/.htaccess pcfg_openfile: unable to check htaccess file, ensure it is readable and that '/var/www/vhosts/saratogahistory.com/httpdocs/phpBB/' is executable
[Mon Aug 24 15:21:53.860655 2020] [core:crit] [pid 6888:tid 140619198424832] (13)Permission denied: [client 203.133.169.112:60378] AH00529: /var/www/vhosts/saratogahistory.com/httpdocs/phpBB/.htaccess pcfg_openfile: unable to check htaccess file, ensure it is readable and that '/var/www/vhosts/saratogahistory.com/httpdocs/phpBB/' is executable
[Mon Aug 24 15:21:58.846892 2020] [core:crit] [pid 32325:tid 140619261363968] (13)Permission denied: [client 203.133.169.112:60656] AH00529: /var/www/vhosts/saratogahistory.com/httpdocs/phpBB/.htaccess pcfg_openfile: unable to check htaccess file, ensure it is readable and that '/var/www/vhosts/saratogahistory.com/httpdocs/phpBB/' is executable
[Mon Aug 24 15:22:03.890053 2020] [core:crit] [pid 6888:tid 140619271853824] (13)Permission denied: [client 203.133.169.112:60970] AH00529: /var/www/vhosts/saratogahistory.com/httpdocs/phpBB/.htaccess pcfg_openfile: unable to check htaccess file, ensure it is readable and that '/var/www/vhosts/saratogahistory.com/httpdocs/phpBB/' is executable
[Mon Aug 24 15:22:09.036554 2020] [core:crit] [pid 6888:tid 140619282343680] (13)Permission denied: [client 203.133.169.112:33014] AH00529: /var/www/vhosts/saratogahistory.com/httpdocs/phpBB/.htaccess pcfg_openfile: unable to check htaccess file, ensure it is readable and that '/var/www/vhosts/saratogahistory.com/httpdocs/phpBB/' is executable
[Mon Aug 24 15:22:14.029105 2020] [core:crit] [pid 6888:tid 140619240384256] (13)Permission denied: [client 203.133.169.112:33224] AH00529: /var/www/vhosts/saratogahistory.com/httpdocs/phpBB/.htaccess pcfg_openfile: unable to check htaccess file, ensure it is readable and that '/var/www/vhosts/saratogahistory.com/httpdocs/phpBB/' is executable
[Mon Aug 24 15:22:19.033065 2020] [core:crit] [pid 6888:tid 140619250874112] (13)Permission denied: [client 203.133.169.112:33428] AH00529: /var/www/vhosts/saratogahistory.com/httpdocs/phpBB/.htaccess pcfg_openfile: unable to check htaccess file, ensure it is readable and that '/var/www/vhosts/saratogahistory.com/httpdocs/phpBB/' is executable
[Mon Aug 24 15:22:24.033287 2020] [core:crit] [pid 32352:tid 140619145975552] (13)Permission denied: [client 203.133.169.112:33634] AH00529: /var/www/vhosts/saratogahistory.com/httpdocs/phpBB/.htaccess pcfg_openfile: unable to check htaccess file, ensure it is readable and that '/var/www/vhosts/saratogahistory.com/httpdocs/phpBB/' is executable
[Mon Aug 24 15:22:28.935557 2020] [core:crit] [pid 6888:tid 140619187934976] (13)Permission denied: [client 203.133.169.112:33880] AH00529: /var/www/vhosts/saratogahistory.com/httpdocs/phpBB/.htaccess pcfg_openfile: unable to check htaccess file, ensure it is readable and that '/var/www/vhosts/saratogahistory.com/httpdocs/phpBB/' is executable
[Mon Aug 24 15:22:33.840464 2020] [core:crit] [pid 32352:tid 140619219404544] (13)Permission denied: [client 203.133.169.112:34186] AH00529: /var/www/vhosts/saratogahistory.com/httpdocs/phpBB/.htaccess pcfg_openfile: unable to check htaccess file, ensure it is readable and that '/var/www/vhosts/saratogahistory.com/httpdocs/phpBB/' is executable
[Mon Aug 24 15:22:38.785972 2020] [core:crit] [pid 32352:tid 140619135485696] (13)Permission denied: [client 203.133.169.112:34408] AH00529: /var/www/vhosts/saratogahistory.com/httpdocs/phpBB/.htaccess pcfg_openfile: unable to check htaccess file, ensure it is readable and that '/var/www/vhosts/saratogahistory.com/httpdocs/phpBB/' is executable
[Mon Aug 24 15:22:43.987955 2020] [core:crit] [pid 6888:tid 140619261363968] (13)Permission denied: [client 203.133.169.112:34630] AH00529: /var/www/vhosts/saratogahistory.com/httpdocs/phpBB/.htaccess pcfg_openfile: unable to check htaccess file, ensure it is readable and that '/var/www/vhosts/saratogahistory.com/httpdocs/phpBB/' is executable
[Mon Aug 24 15:22:48.893090 2020] [core:crit] [pid 6888:tid 140619229894400] (13)Permission denied: [client 203.133.169.112:34910] AH00529: /var/www/vhosts/saratogahistory.com/httpdocs/phpBB/.htaccess pcfg_openfile: unable to check htaccess file, ensure it is readable and that '/var/www/vhosts/saratogahistory.com/httpdocs/phpBB/' is executable
[Mon Aug 24 15:22:53.773467 2020] [core:crit] [pid 6888:tid 140619208914688] (13)Permission denied: [client 203.133.169.112:35138] AH00529: /var/www/vhosts/saratogahistory.com/httpdocs/phpBB/.htaccess pcfg_openfile: unable to check htaccess file, ensure it is readable and that '/var/www/vhosts/saratogahistory.com/httpdocs/phpBB/' is executable
[Mon Aug 24 15:22:58.859786 2020] [core:crit] [pid 6888:tid 140619124995840] (13)Permission denied: [client 203.133.169.112:35376] AH00529: /var/www/vhosts/saratogahistory.com/httpdocs/phpBB/.htaccess pcfg_openfile: unable to check htaccess file, ensure it is readable and that '/var/www/vhosts/saratogahistory.com/httpdocs/phpBB/' is executable
[Mon Aug 24 15:23:03.892860 2020] [core:crit] [pid 6888:tid 140619177445120] (13)Permission denied: [client 203.133.169.112:35580] AH00529: /var/www/vhosts/saratogahistory.com/httpdocs/phpBB/.htaccess pcfg_openfile: unable to check htaccess file, ensure it is readable and that '/var/www/vhosts/saratogahistory.com/httpdocs/phpBB/' is executable
[Mon Aug 24 15:36:31.945042 2020] [core:crit] [pid 6888:tid 140619261363968] (13)Permission denied: [client 40.77.167.165:45578] AH00529: /var/www/vhosts/saratogahistory.com/httpdocs/phpBB/.htaccess pcfg_openfile: unable to check htaccess file, ensure it is readable and that '/var/www/vhosts/saratogahistory.com/httpdocs/phpBB/' is executable
[Mon Aug 24 15:36:49.717992 2020] [proxy_fcgi:error] [pid 32325:tid 140619208914688] [client 177.208.10.100:46458] AH01071: Got error 'Primary script unknown\n'
[Mon Aug 24 16:39:10.413911 2020] [core:crit] [pid 32352:tid 140619219404544] (13)Permission denied: [client 185.220.101.7:37038] AH00529: /var/www/vhosts/saratogahistory.com/httpdocs/phpBB/.htaccess pcfg_openfile: unable to check htaccess file, ensure it is readable and that '/var/www/vhosts/saratogahistory.com/httpdocs/phpBB/' is executable, referer: http://www.saratogahistory.com/phpBB/index.php
[Mon Aug 24 16:54:44.215121 2020] [core:crit] [pid 32352:tid 140619282343680] (13)Permission denied: [client 94.242.54.22:52734] AH00529: /var/www/vhosts/saratogahistory.com/httpdocs/phpBB/.htaccess pcfg_openfile: unable to check htaccess file, ensure it is readable and that '/var/www/vhosts/saratogahistory.com/httpdocs/phpBB/' is executable, referer: http://www.saratogahistory.com/phpBB/index.php
[Mon Aug 24 17:21:30.512222 2020] [core:crit] [pid 6888:tid 140619324303104] (13)Permission denied: [client 185.25.35.10:46082] AH00529: /var/www/vhosts/saratogahistory.com/httpdocs/phpBB/.htaccess pcfg_openfile: unable to check htaccess file, ensure it is readable and that '/var/www/vhosts/saratogahistory.com/httpdocs/phpBB/' is executable
[Mon Aug 24 17:27:42.990956 2020] [core:crit] [pid 32325:tid 140619250874112] (13)Permission denied: [client 178.168.200.174:35298] AH00529: /var/www/vhosts/saratogahistory.com/httpdocs/phpBB/.htaccess pcfg_openfile: unable to check htaccess file, ensure it is readable and that '/var/www/vhosts/saratogahistory.com/httpdocs/phpBB/' is executable, referer: http://www.saratogahistory.com/phpBB/index.php
[Mon Aug 24 17:27:44.075974 2020] [proxy_fcgi:error] [pid 32352:tid 140619282343680] [client 178.168.200.174:35336] AH01071: Got error 'Primary script unknown\n', referer: http://www.saratogahistory.com/index.php
[Mon Aug 24 17:27:44.371464 2020] [proxy_fcgi:error] [pid 6888:tid 140619208914688] [client 178.168.200.174:35356] AH01071: Got error 'Primary script unknown\n', referer: http://www.saratogahistory.com/index.php
[Mon Aug 24 17:27:44.659877 2020] [proxy_fcgi:error] [pid 32352:tid 140619292833536] [client 178.168.200.174:35370] AH01071: Got error 'Primary script unknown\n', referer: http://www.saratogahistory.com/index.php
[Mon Aug 24 18:02:16.511165 2020] [core:crit] [pid 6888:tid 140619303323392] (13)Permission denied: [client 185.220.101.131:48160] AH00529: /var/www/vhosts/saratogahistory.com/httpdocs/phpBB/.htaccess pcfg_openfile: unable to check htaccess file, ensure it is readable and that '/var/www/vhosts/saratogahistory.com/httpdocs/phpBB/' is executable, referer: http://www.saratogahistory.com/phpBB/index.php
[Mon Aug 24 18:17:45.707049 2020] [core:crit] [pid 6888:tid 140619156465408] (13)Permission denied: [client 185.220.102.253:33676] AH00529: /var/www/vhosts/saratogahistory.com/httpdocs/phpBB/.htaccess pcfg_openfile: unable to check htaccess file, ensure it is readable and that '/var/www/vhosts/saratogahistory.com/httpdocs/phpBB/' is executable, referer: http://www.saratogahistory.com/phpBB/index.php
[Mon Aug 24 18:32:45.443279 2020] [core:crit] [pid 6888:tid 140619187934976] (13)Permission denied: [client 185.25.35.11:49598] AH00529: /var/www/vhosts/saratogahistory.com/httpdocs/phpBB/.htaccess pcfg_openfile: unable to check htaccess file, ensure it is readable and that '/var/www/vhosts/saratogahistory.com/httpdocs/phpBB/' is executable
[Mon Aug 24 19:12:15.063784 2020] [core:crit] [pid 6888:tid 140619355772672] (13)Permission denied: [client 185.25.35.9:49552] AH00529: /var/www/vhosts/saratogahistory.com/httpdocs/phpBB/.htaccess pcfg_openfile: unable to check htaccess file, ensure it is readable and that '/var/www/vhosts/saratogahistory.com/httpdocs/phpBB/' is executable
[Mon Aug 24 19:17:32.897526 2020] [core:crit] [pid 6888:tid 140619240384256] (13)Permission denied: [client 46.246.65.138:37494] AH00529: /var/www/vhosts/saratogahistory.com/httpdocs/phpBB/.htaccess pcfg_openfile: unable to check htaccess file, ensure it is readable and that '/var/www/vhosts/saratogahistory.com/httpdocs/phpBB/' is executable, referer: http://www.saratogahistory.com/phpBB/index.php
[Mon Aug 24 19:17:35.524053 2020] [core:crit] [pid 32325:tid 140619219404544] (13)Permission denied: [client 46.246.65.138:37630] AH00529: /var/www/vhosts/saratogahistory.com/httpdocs/phpBB/.htaccess pcfg_openfile: unable to check htaccess file, ensure it is readable and that '/var/www/vhosts/saratogahistory.com/httpdocs/phpBB/' is executable, referer: http://www.saratogahistory.com/phpBB/index.php
[Mon Aug 24 19:19:13.613309 2020] [core:crit] [pid 32352:tid 140619135485696] (13)Permission denied: [client 203.133.169.112:42940] AH00529: /var/www/vhosts/saratogahistory.com/httpdocs/phpBB/.htaccess pcfg_openfile: unable to check htaccess file, ensure it is readable and that '/var/www/vhosts/saratogahistory.com/httpdocs/phpBB/' is executable
[Mon Aug 24 19:19:18.639748 2020] [core:crit] [pid 32325:tid 140619187934976] (13)Permission denied: [client 203.133.169.112:43148] AH00529: /var/www/vhosts/saratogahistory.com/httpdocs/phpBB/.htaccess pcfg_openfile: unable to check htaccess file, ensure it is readable and that '/var/www/vhosts/saratogahistory.com/httpdocs/phpBB/' is executable
[Mon Aug 24 19:19:23.659505 2020] [core:crit] [pid 32325:tid 140619177445120] (13)Permission denied: [client 203.133.169.112:43390] AH00529: /var/www/vhosts/saratogahistory.com/httpdocs/phpBB/.htaccess pcfg_openfile: unable to check htaccess file, ensure it is readable and that '/var/www/vhosts/saratogahistory.com/httpdocs/phpBB/' is executable
[Mon Aug 24 19:19:29.028593 2020] [core:crit] [pid 32352:tid 140619303323392] (13)Permission denied: [client 203.133.169.112:43724] AH00529: /var/www/vhosts/saratogahistory.com/httpdocs/phpBB/.htaccess pcfg_openfile: unable to check htaccess file, ensure it is readable and that '/var/www/vhosts/saratogahistory.com/httpdocs/phpBB/' is executable
[Mon Aug 24 19:19:34.046161 2020] [core:crit] [pid 6888:tid 140619355772672] (13)Permission denied: [client 203.133.169.112:43988] AH00529: /var/www/vhosts/saratogahistory.com/httpdocs/phpBB/.htaccess pcfg_openfile: unable to check htaccess file, ensure it is readable and that '/var/www/vhosts/saratogahistory.com/httpdocs/phpBB/' is executable
[Mon Aug 24 19:19:39.145315 2020] [core:crit] [pid 6888:tid 140619166955264] (13)Permission denied: [client 203.133.169.112:44212] AH00529: /var/www/vhosts/saratogahistory.com/httpdocs/phpBB/.htaccess pcfg_openfile: unable to check htaccess file, ensure it is readable and that '/var/www/vhosts/saratogahistory.com/httpdocs/phpBB/' is executable
[Mon Aug 24 19:19:44.209958 2020] [core:crit] [pid 32352:tid 140619271853824] (13)Permission denied: [client 203.133.169.112:44424] AH00529: /var/www/vhosts/saratogahistory.com/httpdocs/phpBB/.htaccess pcfg_openfile: unable to check htaccess file, ensure it is readable and that '/var/www/vhosts/saratogahistory.com/httpdocs/phpBB/' is executable
[Mon Aug 24 19:19:49.213559 2020] [core:crit] [pid 6888:tid 140619376752384] (13)Permission denied: [client 203.133.169.112:44640] AH00529: /var/www/vhosts/saratogahistory.com/httpdocs/phpBB/.htaccess pcfg_openfile: unable to check htaccess file, ensure it is readable and that '/var/www/vhosts/saratogahistory.com/httpdocs/phpBB/' is executable
[Mon Aug 24 19:19:54.222347 2020] [core:crit] [pid 6888:tid 140619313813248] (13)Permission denied: [client 203.133.169.112:44904] AH00529: /var/www/vhosts/saratogahistory.com/httpdocs/phpBB/.htaccess pcfg_openfile: unable to check htaccess file, ensure it is readable and that '/var/www/vhosts/saratogahistory.com/httpdocs/phpBB/' is executable
[Mon Aug 24 19:19:59.149323 2020] [core:crit] [pid 6888:tid 140619292833536] (13)Permission denied: [client 203.133.169.112:45134] AH00529: /var/www/vhosts/saratogahistory.com/httpdocs/phpBB/.htaccess pcfg_openfile: unable to check htaccess file, ensure it is readable and that '/var/www/vhosts/saratogahistory.com/httpdocs/phpBB/' is executable
[Mon Aug 24 19:20:04.146695 2020] [core:crit] [pid 32352:tid 140619198424832] (13)Permission denied: [client 203.133.169.112:45568] AH00529: /var/www/vhosts/saratogahistory.com/httpdocs/phpBB/.htaccess pcfg_openfile: unable to check htaccess file, ensure it is readable and that '/var/www/vhosts/saratogahistory.com/httpdocs/phpBB/' is executable
[Mon Aug 24 19:20:09.135556 2020] [core:crit] [pid 6888:tid 140619334792960] (13)Permission denied: [client 203.133.169.112:45778] AH00529: /var/www/vhosts/saratogahistory.com/httpdocs/phpBB/.htaccess pcfg_openfile: unable to check htaccess file, ensure it is readable and that '/var/www/vhosts/saratogahistory.com/httpdocs/phpBB/' is executable
[Mon Aug 24 19:33:21.439262 2020] [core:crit] [pid 6888:tid 140619145975552] (13)Permission denied: [client 185.25.35.8:55532] AH00529: /var/www/vhosts/saratogahistory.com/httpdocs/phpBB/.htaccess pcfg_openfile: unable to check htaccess file, ensure it is readable and that '/var/www/vhosts/saratogahistory.com/httpdocs/phpBB/' is executable
[Mon Aug 24 20:03:07.653590 2020] [proxy_fcgi:error] [pid 6888:tid 140619313813248] [client 79.175.120.84:53510] AH01071: Got error 'Primary script unknown\n'
[Mon Aug 24 20:26:11.085295 2020] [core:crit] [pid 6888:tid 140619177445120] (13)Permission denied: [client 151.80.47.41:33556] AH00529: /var/www/vhosts/saratogahistory.com/httpdocs/phpBB/.htaccess pcfg_openfile: unable to check htaccess file, ensure it is readable and that '/var/www/vhosts/saratogahistory.com/httpdocs/phpBB/' is executable, referer: http://www.saratogahistory.com/phpBB/index.php
[Mon Aug 24 20:26:11.939197 2020] [proxy_fcgi:error] [pid 6888:tid 140619355772672] [client 151.80.47.41:33598] AH01071: Got error 'Primary script unknown\n', referer: http://www.saratogahistory.com/index.php
[Mon Aug 24 20:26:12.170376 2020] [proxy_fcgi:error] [pid 32352:tid 140619219404544] [client 151.80.47.41:33610] AH01071: Got error 'Primary script unknown\n', referer: http://www.saratogahistory.com/index.php
[Mon Aug 24 20:26:12.367903 2020] [proxy_fcgi:error] [pid 32325:tid 140619198424832] [client 151.80.47.41:33622] AH01071: Got error 'Primary script unknown\n', referer: http://www.saratogahistory.com/index.php
[Mon Aug 24 20:36:03.934787 2020] [core:crit] [pid 32352:tid 140619156465408] (13)Permission denied: [client 106.105.203.11:33964] AH00529: /var/www/vhosts/saratogahistory.com/httpdocs/phpBB/.htaccess pcfg_openfile: unable to check htaccess file, ensure it is readable and that '/var/www/vhosts/saratogahistory.com/httpdocs/phpBB/' is executable, referer: http://www.saratogahistory.com/phpBB/index.php
[Mon Aug 24 20:36:08.593612 2020] [proxy_fcgi:error] [pid 32352:tid 140619282343680] [client 106.105.203.11:34230] AH01071: Got error 'Primary script unknown\n', referer: http://www.saratogahistory.com/index.php
[Mon Aug 24 20:36:09.901680 2020] [proxy_fcgi:error] [pid 32352:tid 140619292833536] [client 106.105.203.11:34300] AH01071: Got error 'Primary script unknown\n', referer: http://www.saratogahistory.com/index.php
[Mon Aug 24 20:36:11.241270 2020] [proxy_fcgi:error] [pid 32352:tid 140619124995840] [client 106.105.203.11:34386] AH01071: Got error 'Primary script unknown\n', referer: http://www.saratogahistory.com/index.php
[Mon Aug 24 20:53:16.948280 2020] [core:crit] [pid 6888:tid 140619240384256] (13)Permission denied: [client 95.111.240.199:54160] AH00529: /var/www/vhosts/saratogahistory.com/httpdocs/phpBB/.htaccess pcfg_openfile: unable to check htaccess file, ensure it is readable and that '/var/www/vhosts/saratogahistory.com/httpdocs/phpBB/' is executable, referer: http://www.saratogahistory.com/phpBB/index.php
[Mon Aug 24 20:53:17.812293 2020] [proxy_fcgi:error] [pid 32352:tid 140619271853824] [client 95.111.240.199:54224] AH01071: Got error 'Primary script unknown\n', referer: http://www.saratogahistory.com/index.php
[Mon Aug 24 20:53:18.029574 2020] [proxy_fcgi:error] [pid 6888:tid 140619187934976] [client 95.111.240.199:54232] AH01071: Got error 'Primary script unknown\n', referer: http://www.saratogahistory.com/index.php
[Mon Aug 24 20:53:18.262270 2020] [proxy_fcgi:error] [pid 6888:tid 140619261363968] [client 95.111.240.199:54250] AH01071: Got error 'Primary script unknown\n', referer: http://www.saratogahistory.com/index.php
[Mon Aug 24 21:06:49.978227 2020] [core:crit] [pid 6888:tid 140619324303104] (13)Permission denied: [client 66.249.66.23:34140] AH00529: /var/www/vhosts/saratogahistory.com/httpdocs/phpBB/.htaccess pcfg_openfile: unable to check htaccess file, ensure it is readable and that '/var/www/vhosts/saratogahistory.com/httpdocs/phpBB/' is executable
[Mon Aug 24 21:10:51.636007 2020] [core:crit] [pid 32352:tid 140619355772672] (13)Permission denied: [client 66.249.66.25:43358] AH00529: /var/www/vhosts/saratogahistory.com/httpdocs/phpBB/.htaccess pcfg_openfile: unable to check htaccess file, ensure it is readable and that '/var/www/vhosts/saratogahistory.com/httpdocs/phpBB/' is executable
[Mon Aug 24 21:30:31.485299 2020] [core:crit] [pid 32352:tid 140619187934976] (13)Permission denied: [client 109.70.100.25:40452] AH00529: /var/www/vhosts/saratogahistory.com/httpdocs/phpBB/.htaccess pcfg_openfile: unable to check htaccess file, ensure it is readable and that '/var/www/vhosts/saratogahistory.com/httpdocs/phpBB/' is executable, referer: http://www.saratogahistory.com/phpBB/index.php
[Mon Aug 24 21:37:20.623224 2020] [core:crit] [pid 6888:tid 140619156465408] (13)Permission denied: [client 66.249.66.25:57710] AH00529: /var/www/vhosts/saratogahistory.com/httpdocs/phpBB/.htaccess pcfg_openfile: unable to check htaccess file, ensure it is readable and that '/var/www/vhosts/saratogahistory.com/httpdocs/phpBB/' is executable
[Mon Aug 24 22:20:19.150214 2020] [core:crit] [pid 6888:tid 140619156465408] (13)Permission denied: [client 176.103.90.50:38834] AH00529: /var/www/vhosts/saratogahistory.com/httpdocs/phpBB/.htaccess pcfg_openfile: unable to check htaccess file, ensure it is readable and that '/var/www/vhosts/saratogahistory.com/httpdocs/phpBB/' is executable, referer: http://www.saratogahistory.com/phpBB/index.php
[Mon Aug 24 22:20:21.150769 2020] [proxy_fcgi:error] [pid 6888:tid 140619177445120] [client 176.103.90.50:38940] AH01071: Got error 'Primary script unknown\n', referer: http://www.saratogahistory.com/index.php
[Mon Aug 24 22:20:21.449803 2020] [proxy_fcgi:error] [pid 6888:tid 140619145975552] [client 176.103.90.50:38960] AH01071: Got error 'Primary script unknown\n', referer: http://www.saratogahistory.com/index.php
[Mon Aug 24 22:20:21.752053 2020] [proxy_fcgi:error] [pid 6888:tid 140619166955264] [client 176.103.90.50:38968] AH01071: Got error 'Primary script unknown\n', referer: http://www.saratogahistory.com/index.php
[Mon Aug 24 22:22:34.261864 2020] [proxy_fcgi:error] [pid 6888:tid 140619355772672] [client 158.69.243.169:45242] AH01071: Got error 'Primary script unknown\n'
[Mon Aug 24 22:48:15.451031 2020] [core:crit] [pid 32325:tid 140619219404544] (13)Permission denied: [client 71.80.151.173:58492] AH00529: /var/www/vhosts/saratogahistory.com/httpdocs/phpBB/.htaccess pcfg_openfile: unable to check htaccess file, ensure it is readable and that '/var/www/vhosts/saratogahistory.com/httpdocs/phpBB/' is executable
[Mon Aug 24 22:54:40.309411 2020] [core:crit] [pid 32352:tid 140619334792960] (13)Permission denied: [client 46.246.65.138:46550] AH00529: /var/www/vhosts/saratogahistory.com/httpdocs/phpBB/.htaccess pcfg_openfile: unable to check htaccess file, ensure it is readable and that '/var/www/vhosts/saratogahistory.com/httpdocs/phpBB/' is executable, referer: http://www.saratogahistory.com/phpBB/index.php
[Mon Aug 24 22:54:40.367972 2020] [core:crit] [pid 32352:tid 140619229894400] (13)Permission denied: [client 46.246.65.138:46554] AH00529: /var/www/vhosts/saratogahistory.com/httpdocs/phpBB/.htaccess pcfg_openfile: unable to check htaccess file, ensure it is readable and that '/var/www/vhosts/saratogahistory.com/httpdocs/phpBB/' is executable, referer: http://www.saratogahistory.com/phpBB/index.php
[Mon Aug 24 23:07:03.088509 2020] [core:crit] [pid 32325:tid 140619187934976] (13)Permission denied: [client 203.133.169.112:52130] AH00529: /var/www/vhosts/saratogahistory.com/httpdocs/phpBB/.htaccess pcfg_openfile: unable to check htaccess file, ensure it is readable and that '/var/www/vhosts/saratogahistory.com/httpdocs/phpBB/' is executable
[Mon Aug 24 23:07:08.088594 2020] [core:crit] [pid 32352:tid 140619198424832] (13)Permission denied: [client 203.133.169.112:52342] AH00529: /var/www/vhosts/saratogahistory.com/httpdocs/phpBB/.htaccess pcfg_openfile: unable to check htaccess file, ensure it is readable and that '/var/www/vhosts/saratogahistory.com/httpdocs/phpBB/' is executable
[Mon Aug 24 23:07:13.126970 2020] [core:crit] [pid 32325:tid 140619177445120] (13)Permission denied: [client 203.133.169.112:52684] AH00529: /var/www/vhosts/saratogahistory.com/httpdocs/phpBB/.htaccess pcfg_openfile: unable to check htaccess file, ensure it is readable and that '/var/www/vhosts/saratogahistory.com/httpdocs/phpBB/' is executable
[Mon Aug 24 23:07:18.124416 2020] [core:crit] [pid 32325:tid 140619156465408] (13)Permission denied: [client 203.133.169.112:52932] AH00529: /var/www/vhosts/saratogahistory.com/httpdocs/phpBB/.htaccess pcfg_openfile: unable to check htaccess file, ensure it is readable and that '/var/www/vhosts/saratogahistory.com/httpdocs/phpBB/' is executable
[Mon Aug 24 23:07:23.104331 2020] [core:crit] [pid 32325:tid 140619145975552] (13)Permission denied: [client 203.133.169.112:53164] AH00529: /var/www/vhosts/saratogahistory.com/httpdocs/phpBB/.htaccess pcfg_openfile: unable to check htaccess file, ensure it is readable and that '/var/www/vhosts/saratogahistory.com/httpdocs/phpBB/' is executable
[Mon Aug 24 23:07:28.164329 2020] [core:crit] [pid 6888:tid 140619345282816] (13)Permission denied: [client 203.133.169.112:53368] AH00529: /var/www/vhosts/saratogahistory.com/httpdocs/phpBB/.htaccess pcfg_openfile: unable to check htaccess file, ensure it is readable and that '/var/www/vhosts/saratogahistory.com/httpdocs/phpBB/' is executable
[Mon Aug 24 23:07:33.434551 2020] [core:crit] [pid 32325:tid 140619166955264] (13)Permission denied: [client 203.133.169.112:53622] AH00529: /var/www/vhosts/saratogahistory.com/httpdocs/phpBB/.htaccess pcfg_openfile: unable to check htaccess file, ensure it is readable and that '/var/www/vhosts/saratogahistory.com/httpdocs/phpBB/' is executable
[Mon Aug 24 23:07:38.333051 2020] [core:crit] [pid 6888:tid 140619324303104] (13)Permission denied: [client 203.133.169.112:53858] AH00529: /var/www/vhosts/saratogahistory.com/httpdocs/phpBB/.htaccess pcfg_openfile: unable to check htaccess file, ensure it is readable and that '/var/www/vhosts/saratogahistory.com/httpdocs/phpBB/' is executable
[Mon Aug 24 23:07:43.326868 2020] [core:crit] [pid 32325:tid 140619124995840] (13)Permission denied: [client 203.133.169.112:54032] AH00529: /var/www/vhosts/saratogahistory.com/httpdocs/phpBB/.htaccess pcfg_openfile: unable to check htaccess file, ensure it is readable and that '/var/www/vhosts/saratogahistory.com/httpdocs/phpBB/' is executable
[Mon Aug 24 23:07:48.282893 2020] [core:crit] [pid 32352:tid 140619282343680] (13)Permission denied: [client 203.133.169.112:54194] AH00529: /var/www/vhosts/saratogahistory.com/httpdocs/phpBB/.htaccess pcfg_openfile: unable to check htaccess file, ensure it is readable and that '/var/www/vhosts/saratogahistory.com/httpdocs/phpBB/' is executable
[Mon Aug 24 23:07:53.264732 2020] [core:crit] [pid 32352:tid 140619292833536] (13)Permission denied: [client 203.133.169.112:54424] AH00529: /var/www/vhosts/saratogahistory.com/httpdocs/phpBB/.htaccess pcfg_openfile: unable to check htaccess file, ensure it is readable and that '/var/www/vhosts/saratogahistory.com/httpdocs/phpBB/' is executable
[Mon Aug 24 23:07:58.181299 2020] [core:crit] [pid 32352:tid 140619124995840] (13)Permission denied: [client 203.133.169.112:54686] AH00529: /var/www/vhosts/saratogahistory.com/httpdocs/phpBB/.htaccess pcfg_openfile: unable to check htaccess file, ensure it is readable and that '/var/www/vhosts/saratogahistory.com/httpdocs/phpBB/' is executable
[Mon Aug 24 23:08:03.062158 2020] [core:crit] [pid 32352:tid 140619313813248] (13)Permission denied: [client 203.133.169.112:54902] AH00529: /var/www/vhosts/saratogahistory.com/httpdocs/phpBB/.htaccess pcfg_openfile: unable to check htaccess file, ensure it is readable and that '/var/www/vhosts/saratogahistory.com/httpdocs/phpBB/' is executable
[Mon Aug 24 23:08:08.231816 2020] [core:crit] [pid 6888:tid 140619198424832] (13)Permission denied: [client 203.133.169.112:55136] AH00529: /var/www/vhosts/saratogahistory.com/httpdocs/phpBB/.htaccess pcfg_openfile: unable to check htaccess file, ensure it is readable and that '/var/www/vhosts/saratogahistory.com/httpdocs/phpBB/' is executable
[Mon Aug 24 23:08:13.114234 2020] [core:crit] [pid 6888:tid 140619271853824] (13)Permission denied: [client 203.133.169.112:55338] AH00529: /var/www/vhosts/saratogahistory.com/httpdocs/phpBB/.htaccess pcfg_openfile: unable to check htaccess file, ensure it is readable and that '/var/www/vhosts/saratogahistory.com/httpdocs/phpBB/' is executable
[Mon Aug 24 23:08:18.036583 2020] [core:crit] [pid 6888:tid 140619250874112] (13)Permission denied: [client 203.133.169.112:55568] AH00529: /var/www/vhosts/saratogahistory.com/httpdocs/phpBB/.htaccess pcfg_openfile: unable to check htaccess file, ensure it is readable and that '/var/www/vhosts/saratogahistory.com/httpdocs/phpBB/' is executable
[Mon Aug 24 23:08:22.949876 2020] [core:crit] [pid 6888:tid 140619282343680] (13)Permission denied: [client 203.133.169.112:55788] AH00529: /var/www/vhosts/saratogahistory.com/httpdocs/phpBB/.htaccess pcfg_openfile: unable to check htaccess file, ensure it is readable and that '/var/www/vhosts/saratogahistory.com/httpdocs/phpBB/' is executable
[Mon Aug 24 23:08:27.944323 2020] [core:crit] [pid 6888:tid 140619187934976] (13)Permission denied: [client 203.133.169.112:56090] AH00529: /var/www/vhosts/saratogahistory.com/httpdocs/phpBB/.htaccess pcfg_openfile: unable to check htaccess file, ensure it is readable and that '/var/www/vhosts/saratogahistory.com/httpdocs/phpBB/' is executable
[Mon Aug 24 23:08:32.817880 2020] [core:crit] [pid 6888:tid 140619261363968] (13)Permission denied: [client 203.133.169.112:56398] AH00529: /var/www/vhosts/saratogahistory.com/httpdocs/phpBB/.htaccess pcfg_openfile: unable to check htaccess file, ensure it is readable and that '/var/www/vhosts/saratogahistory.com/httpdocs/phpBB/' is executable
[Mon Aug 24 23:08:37.843603 2020] [core:crit] [pid 6888:tid 140619229894400] (13)Permission denied: [client 203.133.169.112:56768] AH00529: /var/www/vhosts/saratogahistory.com/httpdocs/phpBB/.htaccess pcfg_openfile: unable to check htaccess file, ensure it is readable and that '/var/www/vhosts/saratogahistory.com/httpdocs/phpBB/' is executable
[Mon Aug 24 23:08:43.445251 2020] [core:crit] [pid 6888:tid 140619208914688] (13)Permission denied: [client 203.133.169.112:57142] AH00529: /var/www/vhosts/saratogahistory.com/httpdocs/phpBB/.htaccess pcfg_openfile: unable to check htaccess file, ensure it is readable and that '/var/www/vhosts/saratogahistory.com/httpdocs/phpBB/' is executable
[Mon Aug 24 23:08:48.341915 2020] [core:crit] [pid 6888:tid 140619156465408] (13)Permission denied: [client 203.133.169.112:57426] AH00529: /var/www/vhosts/saratogahistory.com/httpdocs/phpBB/.htaccess pcfg_openfile: unable to check htaccess file, ensure it is readable and that '/var/www/vhosts/saratogahistory.com/httpdocs/phpBB/' is executable
[Mon Aug 24 23:08:53.226893 2020] [core:crit] [pid 32352:tid 140619261363968] (13)Permission denied: [client 203.133.169.112:57692] AH00529: /var/www/vhosts/saratogahistory.com/httpdocs/phpBB/.htaccess pcfg_openfile: unable to check htaccess file, ensure it is readable and that '/var/www/vhosts/saratogahistory.com/httpdocs/phpBB/' is executable
[Mon Aug 24 23:08:58.118692 2020] [core:crit] [pid 6888:tid 140619219404544] (13)Permission denied: [client 203.133.169.112:57920] AH00529: /var/www/vhosts/saratogahistory.com/httpdocs/phpBB/.htaccess pcfg_openfile: unable to check htaccess file, ensure it is readable and that '/var/www/vhosts/saratogahistory.com/httpdocs/phpBB/' is executable
[Mon Aug 24 23:09:03.006863 2020] [core:crit] [pid 32352:tid 140619324303104] (13)Permission denied: [client 203.133.169.112:58216] AH00529: /var/www/vhosts/saratogahistory.com/httpdocs/phpBB/.htaccess pcfg_openfile: unable to check htaccess file, ensure it is readable and that '/var/www/vhosts/saratogahistory.com/httpdocs/phpBB/' is executable
[Mon Aug 24 23:09:07.910572 2020] [core:crit] [pid 6888:tid 140619124995840] (13)Permission denied: [client 203.133.169.112:58500] AH00529: /var/www/vhosts/saratogahistory.com/httpdocs/phpBB/.htaccess pcfg_openfile: unable to check htaccess file, ensure it is readable and that '/var/www/vhosts/saratogahistory.com/httpdocs/phpBB/' is executable
[Mon Aug 24 23:09:12.819364 2020] [core:crit] [pid 6888:tid 140619177445120] (13)Permission denied: [client 203.133.169.112:58720] AH00529: /var/www/vhosts/saratogahistory.com/httpdocs/phpBB/.htaccess pcfg_openfile: unable to check htaccess file, ensure it is readable and that '/var/www/vhosts/saratogahistory.com/httpdocs/phpBB/' is executable
[Mon Aug 24 23:09:17.962835 2020] [core:crit] [pid 6888:tid 140619145975552] (13)Permission denied: [client 203.133.169.112:58994] AH00529: /var/www/vhosts/saratogahistory.com/httpdocs/phpBB/.htaccess pcfg_openfile: unable to check htaccess file, ensure it is readable and that '/var/www/vhosts/saratogahistory.com/httpdocs/phpBB/' is executable
[Mon Aug 24 23:09:22.958494 2020] [core:crit] [pid 32352:tid 140619240384256] (13)Permission denied: [client 203.133.169.112:59254] AH00529: /var/www/vhosts/saratogahistory.com/httpdocs/phpBB/.htaccess pcfg_openfile: unable to check htaccess file, ensure it is readable and that '/var/www/vhosts/saratogahistory.com/httpdocs/phpBB/' is executable
[Mon Aug 24 23:09:27.954347 2020] [core:crit] [pid 32322:tid 140619355772672] (13)Permission denied: [client 203.133.169.112:59506] AH00529: /var/www/vhosts/saratogahistory.com/httpdocs/phpBB/.htaccess pcfg_openfile: unable to check htaccess file, ensure it is readable and that '/var/www/vhosts/saratogahistory.com/httpdocs/phpBB/' is executable
[Mon Aug 24 23:09:32.862074 2020] [core:crit] [pid 6888:tid 140619166955264] (13)Permission denied: [client 203.133.169.112:59746] AH00529: /var/www/vhosts/saratogahistory.com/httpdocs/phpBB/.htaccess pcfg_openfile: unable to check htaccess file, ensure it is readable and that '/var/www/vhosts/saratogahistory.com/httpdocs/phpBB/' is executable
[Mon Aug 24 23:09:33.746713 2020] [core:crit] [pid 32325:tid 140619313813248] (13)Permission denied: [client 185.253.217.89:59790] AH00529: /var/www/vhosts/saratogahistory.com/httpdocs/phpBB/.htaccess pcfg_openfile: unable to check htaccess file, ensure it is readable and that '/var/www/vhosts/saratogahistory.com/httpdocs/phpBB/' is executable, referer: http://www.saratogahistory.com/phpBB/index.php
[Mon Aug 24 23:09:37.758350 2020] [core:crit] [pid 32352:tid 140619334792960] (13)Permission denied: [client 203.133.169.112:59980] AH00529: /var/www/vhosts/saratogahistory.com/httpdocs/phpBB/.htaccess pcfg_openfile: unable to check htaccess file, ensure it is readable and that '/var/www/vhosts/saratogahistory.com/httpdocs/phpBB/' is executable
[Mon Aug 24 23:09:42.739344 2020] [core:crit] [pid 32325:tid 140619135485696] (13)Permission denied: [client 203.133.169.112:60166] AH00529: /var/www/vhosts/saratogahistory.com/httpdocs/phpBB/.htaccess pcfg_openfile: unable to check htaccess file, ensure it is readable and that '/var/www/vhosts/saratogahistory.com/httpdocs/phpBB/' is executable
[Mon Aug 24 23:09:47.766820 2020] [core:crit] [pid 6888:tid 140619355772672] (13)Permission denied: [client 203.133.169.112:60378] AH00529: /var/www/vhosts/saratogahistory.com/httpdocs/phpBB/.htaccess pcfg_openfile: unable to check htaccess file, ensure it is readable and that '/var/www/vhosts/saratogahistory.com/httpdocs/phpBB/' is executable
[Mon Aug 24 23:09:52.960391 2020] [core:crit] [pid 32352:tid 140619229894400] (13)Permission denied: [client 203.133.169.112:60652] AH00529: /var/www/vhosts/saratogahistory.com/httpdocs/phpBB/.htaccess pcfg_openfile: unable to check htaccess file, ensure it is readable and that '/var/www/vhosts/saratogahistory.com/httpdocs/phpBB/' is executable
[Mon Aug 24 23:09:57.968079 2020] [core:crit] [pid 32352:tid 140619366262528] (13)Permission denied: [client 203.133.169.112:60874] AH00529: /var/www/vhosts/saratogahistory.com/httpdocs/phpBB/.htaccess pcfg_openfile: unable to check htaccess file, ensure it is readable and that '/var/www/vhosts/saratogahistory.com/httpdocs/phpBB/' is executable
[Mon Aug 24 23:10:02.892023 2020] [core:crit] [pid 32352:tid 140619376752384] (13)Permission denied: [client 203.133.169.112:32974] AH00529: /var/www/vhosts/saratogahistory.com/httpdocs/phpBB/.htaccess pcfg_openfile: unable to check htaccess file, ensure it is readable and that '/var/www/vhosts/saratogahistory.com/httpdocs/phpBB/' is executable
[Mon Aug 24 23:10:07.915096 2020] [core:crit] [pid 6888:tid 140619135485696] (13)Permission denied: [client 203.133.169.112:33176] AH00529: /var/www/vhosts/saratogahistory.com/httpdocs/phpBB/.htaccess pcfg_openfile: unable to check htaccess file, ensure it is readable and that '/var/www/vhosts/saratogahistory.com/httpdocs/phpBB/' is executable
[Mon Aug 24 23:10:12.814774 2020] [core:crit] [pid 6888:tid 140619376752384] (13)Permission denied: [client 203.133.169.112:33436] AH00529: /var/www/vhosts/saratogahistory.com/httpdocs/phpBB/.htaccess pcfg_openfile: unable to check htaccess file, ensure it is readable and that '/var/www/vhosts/saratogahistory.com/httpdocs/phpBB/' is executable
[Mon Aug 24 23:10:17.817835 2020] [core:crit] [pid 32352:tid 140619345282816] (13)Permission denied: [client 203.133.169.112:33616] AH00529: /var/www/vhosts/saratogahistory.com/httpdocs/phpBB/.htaccess pcfg_openfile: unable to check htaccess file, ensure it is readable and that '/var/www/vhosts/saratogahistory.com/httpdocs/phpBB/' is executable
[Mon Aug 24 23:10:22.730160 2020] [core:crit] [pid 6888:tid 140619313813248] (13)Permission denied: [client 203.133.169.112:33792] AH00529: /var/www/vhosts/saratogahistory.com/httpdocs/phpBB/.htaccess pcfg_openfile: unable to check htaccess file, ensure it is readable and that '/var/www/vhosts/saratogahistory.com/httpdocs/phpBB/' is executable
[Mon Aug 24 23:10:27.979794 2020] [core:crit] [pid 6888:tid 140619292833536] (13)Permission denied: [client 203.133.169.112:34016] AH00529: /var/www/vhosts/saratogahistory.com/httpdocs/phpBB/.htaccess pcfg_openfile: unable to check htaccess file, ensure it is readable and that '/var/www/vhosts/saratogahistory.com/httpdocs/phpBB/' is executable
[Mon Aug 24 23:10:33.016830 2020] [core:crit] [pid 32325:tid 140619324303104] (13)Permission denied: [client 203.133.169.112:34250] AH00529: /var/www/vhosts/saratogahistory.com/httpdocs/phpBB/.htaccess pcfg_openfile: unable to check htaccess file, ensure it is readable and that '/var/www/vhosts/saratogahistory.com/httpdocs/phpBB/' is executable
[Mon Aug 24 23:10:37.908435 2020] [core:crit] [pid 32352:tid 140619187934976] (13)Permission denied: [client 203.133.169.112:34430] AH00529: /var/www/vhosts/saratogahistory.com/httpdocs/phpBB/.htaccess pcfg_openfile: unable to check htaccess file, ensure it is readable and that '/var/www/vhosts/saratogahistory.com/httpdocs/phpBB/' is executable
[Mon Aug 24 23:10:42.833234 2020] [core:crit] [pid 6888:tid 140619334792960] (13)Permission denied: [client 203.133.169.112:34638] AH00529: /var/www/vhosts/saratogahistory.com/httpdocs/phpBB/.htaccess pcfg_openfile: unable to check htaccess file, ensure it is readable and that '/var/www/vhosts/saratogahistory.com/httpdocs/phpBB/' is executable
[Mon Aug 24 23:10:47.825820 2020] [core:crit] [pid 6888:tid 140619345282816] (13)Permission denied: [client 203.133.169.112:34796] AH00529: /var/www/vhosts/saratogahistory.com/httpdocs/phpBB/.htaccess pcfg_openfile: unable to check htaccess file, ensure it is readable and that '/var/www/vhosts/saratogahistory.com/httpdocs/phpBB/' is executable
[Mon Aug 24 23:10:52.804839 2020] [core:crit] [pid 6888:tid 140619324303104] (13)Permission denied: [client 203.133.169.112:35032] AH00529: /var/www/vhosts/saratogahistory.com/httpdocs/phpBB/.htaccess pcfg_openfile: unable to check htaccess file, ensure it is readable and that '/var/www/vhosts/saratogahistory.com/httpdocs/phpBB/' is executable
[Mon Aug 24 23:10:57.697166 2020] [core:crit] [pid 32352:tid 140619145975552] (13)Permission denied: [client 203.133.169.112:35260] AH00529: /var/www/vhosts/saratogahistory.com/httpdocs/phpBB/.htaccess pcfg_openfile: unable to check htaccess file, ensure it is readable and that '/var/www/vhosts/saratogahistory.com/httpdocs/phpBB/' is executable
[Mon Aug 24 23:11:02.682178 2020] [core:crit] [pid 6888:tid 140619366262528] (13)Permission denied: [client 203.133.169.112:35514] AH00529: /var/www/vhosts/saratogahistory.com/httpdocs/phpBB/.htaccess pcfg_openfile: unable to check htaccess file, ensure it is readable and that '/var/www/vhosts/saratogahistory.com/httpdocs/phpBB/' is executable
[Mon Aug 24 23:11:07.597907 2020] [core:crit] [pid 6888:tid 140619198424832] (13)Permission denied: [client 203.133.169.112:35746] AH00529: /var/www/vhosts/saratogahistory.com/httpdocs/phpBB/.htaccess pcfg_openfile: unable to check htaccess file, ensure it is readable and that '/var/www/vhosts/saratogahistory.com/httpdocs/phpBB/' is executable
[Mon Aug 24 23:11:12.595275 2020] [core:crit] [pid 6888:tid 140619271853824] (13)Permission denied: [client 203.133.169.112:35918] AH00529: /var/www/vhosts/saratogahistory.com/httpdocs/phpBB/.htaccess pcfg_openfile: unable to check htaccess file, ensure it is readable and that '/var/www/vhosts/saratogahistory.com/httpdocs/phpBB/' is executable
[Mon Aug 24 23:11:17.603597 2020] [core:crit] [pid 6888:tid 140619250874112] (13)Permission denied: [client 203.133.169.112:36126] AH00529: /var/www/vhosts/saratogahistory.com/httpdocs/phpBB/.htaccess pcfg_openfile: unable to check htaccess file, ensure it is readable and that '/var/www/vhosts/saratogahistory.com/httpdocs/phpBB/' is executable
[Mon Aug 24 23:11:22.583039 2020] [core:crit] [pid 6888:tid 140619240384256] (13)Permission denied: [client 203.133.169.112:36338] AH00529: /var/www/vhosts/saratogahistory.com/httpdocs/phpBB/.htaccess pcfg_openfile: unable to check htaccess file, ensure it is readable and that '/var/www/vhosts/saratogahistory.com/httpdocs/phpBB/' is executable
[Mon Aug 24 23:11:27.519203 2020] [core:crit] [pid 6888:tid 140619282343680] (13)Permission denied: [client 203.133.169.112:36532] AH00529: /var/www/vhosts/saratogahistory.com/httpdocs/phpBB/.htaccess pcfg_openfile: unable to check htaccess file, ensure it is readable and that '/var/www/vhosts/saratogahistory.com/httpdocs/phpBB/' is executable
[Mon Aug 24 23:11:32.462470 2020] [core:crit] [pid 32352:tid 140619177445120] (13)Permission denied: [client 203.133.169.112:36748] AH00529: /var/www/vhosts/saratogahistory.com/httpdocs/phpBB/.htaccess pcfg_openfile: unable to check htaccess file, ensure it is readable and that '/var/www/vhosts/saratogahistory.com/httpdocs/phpBB/' is executable
[Mon Aug 24 23:11:37.443706 2020] [core:crit] [pid 6888:tid 140619187934976] (13)Permission denied: [client 203.133.169.112:36942] AH00529: /var/www/vhosts/saratogahistory.com/httpdocs/phpBB/.htaccess pcfg_openfile: unable to check htaccess file, ensure it is readable and that '/var/www/vhosts/saratogahistory.com/httpdocs/phpBB/' is executable
[Mon Aug 24 23:36:21.955689 2020] [core:crit] [pid 32352:tid 140619282343680] (13)Permission denied: [client 185.25.35.13:47128] AH00529: /var/www/vhosts/saratogahistory.com/httpdocs/phpBB/.htaccess pcfg_openfile: unable to check htaccess file, ensure it is readable and that '/var/www/vhosts/saratogahistory.com/httpdocs/phpBB/' is executable
[Mon Aug 24 23:54:53.302294 2020] [core:crit] [pid 6888:tid 140619135485696] (13)Permission denied: [client 138.128.77.19:42024] AH00529: /var/www/vhosts/saratogahistory.com/httpdocs/phpBB/.htaccess pcfg_openfile: unable to check htaccess file, ensure it is readable and that '/var/www/vhosts/saratogahistory.com/httpdocs/phpBB/' is executable, referer: http://www.saratogahistory.com/
[Mon Aug 24 23:54:54.043916 2020] [core:crit] [pid 6888:tid 140619376752384] (13)Permission denied: [client 107.175.247.25:42060] AH00529: /var/www/vhosts/saratogahistory.com/httpdocs/phpBB/.htaccess pcfg_openfile: unable to check htaccess file, ensure it is readable and that '/var/www/vhosts/saratogahistory.com/httpdocs/phpBB/' is executable, referer: http://www.saratogahistory.com/
[Mon Aug 24 23:54:54.664534 2020] [core:crit] [pid 6888:tid 140619313813248] (13)Permission denied: [client 107.175.90.233:42088] AH00529: /var/www/vhosts/saratogahistory.com/httpdocs/phpBB/.htaccess pcfg_openfile: unable to check htaccess file, ensure it is readable and that '/var/www/vhosts/saratogahistory.com/httpdocs/phpBB/' is executable, referer: http://www.saratogahistory.com/
[Mon Aug 24 23:54:55.328000 2020] [core:crit] [pid 32352:tid 140619324303104] (13)Permission denied: [client 138.128.77.19:42124] AH00529: /var/www/vhosts/saratogahistory.com/httpdocs/phpBB/.htaccess pcfg_openfile: unable to check htaccess file, ensure it is readable and that '/var/www/vhosts/saratogahistory.com/httpdocs/phpBB/' is executable, referer: http://www.saratogahistory.com/
[Tue Aug 25 00:39:26.998149 2020] [core:crit] [pid 32352:tid 140619282343680] (13)Permission denied: [client 185.25.35.15:53058] AH00529: /var/www/vhosts/saratogahistory.com/httpdocs/phpBB/.htaccess pcfg_openfile: unable to check htaccess file, ensure it is readable and that '/var/www/vhosts/saratogahistory.com/httpdocs/phpBB/' is executable
[Tue Aug 25 00:51:19.746690 2020] [core:crit] [pid 6888:tid 140619208914688] (13)Permission denied: [client 199.249.230.123:33602] AH00529: /var/www/vhosts/saratogahistory.com/httpdocs/phpBB/.htaccess pcfg_openfile: unable to check htaccess file, ensure it is readable and that '/var/www/vhosts/saratogahistory.com/httpdocs/phpBB/' is executable, referer: http://www.saratogahistory.com/phpBB/index.php
[Tue Aug 25 01:04:09.664909 2020] [core:crit] [pid 32352:tid 140619355772672] (13)Permission denied: [client 85.206.162.209:41632] AH00529: /var/www/vhosts/saratogahistory.com/httpdocs/phpBB/.htaccess pcfg_openfile: unable to check htaccess file, ensure it is readable and that '/var/www/vhosts/saratogahistory.com/httpdocs/phpBB/' is executable, referer: http://www.saratogahistory.com/phpBB/index.php
[Tue Aug 25 01:24:32.586264 2020] [core:crit] [pid 6888:tid 140619376752384] (13)Permission denied: [client 185.25.35.13:45972] AH00529: /var/www/vhosts/saratogahistory.com/httpdocs/phpBB/.htaccess pcfg_openfile: unable to check htaccess file, ensure it is readable and that '/var/www/vhosts/saratogahistory.com/httpdocs/phpBB/' is executable
[Tue Aug 25 01:43:23.156414 2020] [core:crit] [pid 6888:tid 140619135485696] (13)Permission denied: [client 185.25.35.12:47482] AH00529: /var/www/vhosts/saratogahistory.com/httpdocs/phpBB/.htaccess pcfg_openfile: unable to check htaccess file, ensure it is readable and that '/var/www/vhosts/saratogahistory.com/httpdocs/phpBB/' is executable
[Tue Aug 25 01:57:32.418865 2020] [core:crit] [pid 6888:tid 140619124995840] (13)Permission denied: [client 5.188.84.230:32870] AH00529: /var/www/vhosts/saratogahistory.com/httpdocs/phpBB/.htaccess pcfg_openfile: unable to check htaccess file, ensure it is readable and that '/var/www/vhosts/saratogahistory.com/httpdocs/phpBB/' is executable, referer: http://www.saratogahistory.com/phpBB/index.php
[Tue Aug 25 02:19:27.846557 2020] [core:crit] [pid 6888:tid 140619271853824] (13)Permission denied: [client 185.220.101.140:42234] AH00529: /var/www/vhosts/saratogahistory.com/httpdocs/phpBB/.htaccess pcfg_openfile: unable to check htaccess file, ensure it is readable and that '/var/www/vhosts/saratogahistory.com/httpdocs/phpBB/' is executable, referer: http://www.saratogahistory.com/phpBB/index.php
[Tue Aug 25 02:35:54.611396 2020] [core:crit] [pid 32325:tid 140619135485696] (13)Permission denied: [client 5.183.93.14:35832] AH00529: /var/www/vhosts/saratogahistory.com/httpdocs/phpBB/.htaccess pcfg_openfile: unable to check htaccess file, ensure it is readable and that '/var/www/vhosts/saratogahistory.com/httpdocs/phpBB/' is executable, referer: http://www.saratogahistory.com/phpBB/index.php
[Tue Aug 25 02:54:45.497724 2020] [core:crit] [pid 32325:tid 140619324303104] (13)Permission denied: [client 145.255.9.77:37500] AH00529: /var/www/vhosts/saratogahistory.com/httpdocs/phpBB/.htaccess pcfg_openfile: unable to check htaccess file, ensure it is readable and that '/var/www/vhosts/saratogahistory.com/httpdocs/phpBB/' is executable, referer: http://www.saratogahistory.com/phpBB/index.php
[Tue Aug 25 03:07:40.553482 2020] [core:crit] [pid 6888:tid 140619124995840] (13)Permission denied: [client 203.133.169.112:49754] AH00529: /var/www/vhosts/saratogahistory.com/httpdocs/phpBB/.htaccess pcfg_openfile: unable to check htaccess file, ensure it is readable and that '/var/www/vhosts/saratogahistory.com/httpdocs/phpBB/' is executable
[Tue Aug 25 03:07:45.552475 2020] [core:crit] [pid 32352:tid 140619198424832] (13)Permission denied: [client 203.133.169.112:50024] AH00529: /var/www/vhosts/saratogahistory.com/httpdocs/phpBB/.htaccess pcfg_openfile: unable to check htaccess file, ensure it is readable and that '/var/www/vhosts/saratogahistory.com/httpdocs/phpBB/' is executable
[Tue Aug 25 03:07:50.541721 2020] [core:crit] [pid 6888:tid 140619177445120] (13)Permission denied: [client 203.133.169.112:50288] AH00529: /var/www/vhosts/saratogahistory.com/httpdocs/phpBB/.htaccess pcfg_openfile: unable to check htaccess file, ensure it is readable and that '/var/www/vhosts/saratogahistory.com/httpdocs/phpBB/' is executable
[Tue Aug 25 03:07:55.551910 2020] [core:crit] [pid 6888:tid 140619145975552] (13)Permission denied: [client 203.133.169.112:50546] AH00529: /var/www/vhosts/saratogahistory.com/httpdocs/phpBB/.htaccess pcfg_openfile: unable to check htaccess file, ensure it is readable and that '/var/www/vhosts/saratogahistory.com/httpdocs/phpBB/' is executable
[Tue Aug 25 03:08:00.449869 2020] [core:crit] [pid 6888:tid 140619166955264] (13)Permission denied: [client 203.133.169.112:50744] AH00529: /var/www/vhosts/saratogahistory.com/httpdocs/phpBB/.htaccess pcfg_openfile: unable to check htaccess file, ensure it is readable and that '/var/www/vhosts/saratogahistory.com/httpdocs/phpBB/' is executable
[Tue Aug 25 03:08:05.460826 2020] [core:crit] [pid 6888:tid 140619135485696] (13)Permission denied: [client 203.133.169.112:51042] AH00529: /var/www/vhosts/saratogahistory.com/httpdocs/phpBB/.htaccess pcfg_openfile: unable to check htaccess file, ensure it is readable and that '/var/www/vhosts/saratogahistory.com/httpdocs/phpBB/' is executable
[Tue Aug 25 03:08:10.544614 2020] [core:crit] [pid 6888:tid 140619355772672] (13)Permission denied: [client 203.133.169.112:51344] AH00529: /var/www/vhosts/saratogahistory.com/httpdocs/phpBB/.htaccess pcfg_openfile: unable to check htaccess file, ensure it is readable and that '/var/www/vhosts/saratogahistory.com/httpdocs/phpBB/' is executable
[Tue Aug 25 03:10:21.526022 2020] [core:crit] [pid 6888:tid 140619376752384] (13)Permission denied: [client 62.149.20.40:59046] AH00529: /var/www/vhosts/saratogahistory.com/httpdocs/phpBB/.htaccess pcfg_openfile: unable to check htaccess file, ensure it is readable and that '/var/www/vhosts/saratogahistory.com/httpdocs/phpBB/' is executable, referer: http://www.saratogahistory.com/phpBB/index.php
[Tue Aug 25 03:10:58.209598 2020] [core:crit] [pid 6888:tid 140619292833536] (13)Permission denied: [client 14.226.224.175:33006] AH00529: /var/www/vhosts/saratogahistory.com/httpdocs/phpBB/.htaccess pcfg_openfile: unable to check htaccess file, ensure it is readable and that '/var/www/vhosts/saratogahistory.com/httpdocs/phpBB/' is executable, referer: http://www.saratogahistory.com/phpBB/index.php
[Tue Aug 25 03:11:23.243495 2020] [proxy_fcgi:error] [pid 6888:tid 140619303323392] [client 14.226.224.175:34202] AH01071: Got error 'Primary script unknown\n', referer: http://www.saratogahistory.com/index.php
[Tue Aug 25 03:11:32.641763 2020] [proxy_fcgi:error] [pid 6888:tid 140619345282816] [client 14.226.224.175:34654] AH01071: Got error 'Primary script unknown\n', referer: http://www.saratogahistory.com/index.php
[Tue Aug 25 03:11:35.897585 2020] [proxy_fcgi:error] [pid 32352:tid 140619292833536] [client 14.226.224.175:34792] AH01071: Got error 'Primary script unknown\n', referer: http://www.saratogahistory.com/index.php
[Tue Aug 25 03:52:28.632459 2020] [core:crit] [pid 6888:tid 140619271853824] (13)Permission denied: [client 46.147.70.124:43104] AH00529: /var/www/vhosts/saratogahistory.com/httpdocs/phpBB/.htaccess pcfg_openfile: unable to check htaccess file, ensure it is readable and that '/var/www/vhosts/saratogahistory.com/httpdocs/phpBB/' is executable, referer: http://www.saratogahistory.com/phpBB/index.php
[Tue Aug 25 04:09:05.027511 2020] [core:crit] [pid 6888:tid 140619355772672] (13)Permission denied: [client 54.36.108.162:60460] AH00529: /var/www/vhosts/saratogahistory.com/httpdocs/phpBB/.htaccess pcfg_openfile: unable to check htaccess file, ensure it is readable and that '/var/www/vhosts/saratogahistory.com/httpdocs/phpBB/' is executable, referer: http://www.saratogahistory.com/phpBB/index.php
[Tue Aug 25 04:41:24.799051 2020] [core:crit] [pid 6888:tid 140619145975552] (13)Permission denied: [client 185.127.167.91:43438] AH00529: /var/www/vhosts/saratogahistory.com/httpdocs/phpBB/.htaccess pcfg_openfile: unable to check htaccess file, ensure it is readable and that '/var/www/vhosts/saratogahistory.com/httpdocs/phpBB/' is executable, referer: http://www.saratogahistory.com/phpBB/index.php
[Tue Aug 25 05:08:19.694736 2020] [core:crit] [pid 6888:tid 140619219404544] (13)Permission denied: [client 5.154.174.53:35384] AH00529: /var/www/vhosts/saratogahistory.com/httpdocs/phpBB/.htaccess pcfg_openfile: unable to check htaccess file, ensure it is readable and that '/var/www/vhosts/saratogahistory.com/httpdocs/phpBB/' is executable, referer: https://bitniex.com
[Tue Aug 25 05:17:10.204170 2020] [core:crit] [pid 32352:tid 140619177445120] (13)Permission denied: [client 176.107.183.146:32978] AH00529: /var/www/vhosts/saratogahistory.com/httpdocs/phpBB/.htaccess pcfg_openfile: unable to check htaccess file, ensure it is readable and that '/var/www/vhosts/saratogahistory.com/httpdocs/phpBB/' is executable, referer: http://www.saratogahistory.com/phpBB/index.php
[Tue Aug 25 05:32:35.681633 2020] [core:crit] [pid 32352:tid 140619156465408] (13)Permission denied: [client 185.25.35.8:45670] AH00529: /var/www/vhosts/saratogahistory.com/httpdocs/phpBB/.htaccess pcfg_openfile: unable to check htaccess file, ensure it is readable and that '/var/www/vhosts/saratogahistory.com/httpdocs/phpBB/' is executable
[Tue Aug 25 06:01:03.810606 2020] [core:crit] [pid 6888:tid 140619240384256] (13)Permission denied: [client 5.188.210.18:43492] AH00529: /var/www/vhosts/saratogahistory.com/httpdocs/phpBB/.htaccess pcfg_openfile: unable to check htaccess file, ensure it is readable and that '/var/www/vhosts/saratogahistory.com/httpdocs/phpBB/' is executable, referer: http://www.saratogahistory.com/phpBB/index.php
[Tue Aug 25 06:05:25.552196 2020] [core:crit] [pid 6888:tid 140619229894400] (13)Permission denied: [client 145.255.9.77:56208] AH00529: /var/www/vhosts/saratogahistory.com/httpdocs/phpBB/.htaccess pcfg_openfile: unable to check htaccess file, ensure it is readable and that '/var/www/vhosts/saratogahistory.com/httpdocs/phpBB/' is executable, referer: http://www.saratogahistory.com/phpBB/index.php
[Tue Aug 25 06:16:04.134879 2020] [core:crit] [pid 32352:tid 140619355772672] (13)Permission denied: [client 5.154.174.53:57886] AH00529: /var/www/vhosts/saratogahistory.com/httpdocs/phpBB/.htaccess pcfg_openfile: unable to check htaccess file, ensure it is readable and that '/var/www/vhosts/saratogahistory.com/httpdocs/phpBB/' is executable, referer: https://bitniex.com/
[Tue Aug 25 06:28:12.127634 2020] [core:crit] [pid 32352:tid 140619219404544] (13)Permission denied: [client 185.25.35.15:33830] AH00529: /var/www/vhosts/saratogahistory.com/httpdocs/phpBB/.htaccess pcfg_openfile: unable to check htaccess file, ensure it is readable and that '/var/www/vhosts/saratogahistory.com/httpdocs/phpBB/' is executable
[Tue Aug 25 06:47:54.733174 2020] [core:crit] [pid 6888:tid 140619292833536] (13)Permission denied: [client 203.133.169.112:34002] AH00529: /var/www/vhosts/saratogahistory.com/httpdocs/phpBB/.htaccess pcfg_openfile: unable to check htaccess file, ensure it is readable and that '/var/www/vhosts/saratogahistory.com/httpdocs/phpBB/' is executable
[Tue Aug 25 06:47:59.722930 2020] [core:crit] [pid 6888:tid 140619303323392] (13)Permission denied: [client 203.133.169.112:34224] AH00529: /var/www/vhosts/saratogahistory.com/httpdocs/phpBB/.htaccess pcfg_openfile: unable to check htaccess file, ensure it is readable and that '/var/www/vhosts/saratogahistory.com/httpdocs/phpBB/' is executable
[Tue Aug 25 06:48:04.899143 2020] [core:crit] [pid 6888:tid 140619345282816] (13)Permission denied: [client 203.133.169.112:34396] AH00529: /var/www/vhosts/saratogahistory.com/httpdocs/phpBB/.htaccess pcfg_openfile: unable to check htaccess file, ensure it is readable and that '/var/www/vhosts/saratogahistory.com/httpdocs/phpBB/' is executable
[Tue Aug 25 06:48:09.887031 2020] [core:crit] [pid 6888:tid 140619324303104] (13)Permission denied: [client 203.133.169.112:34532] AH00529: /var/www/vhosts/saratogahistory.com/httpdocs/phpBB/.htaccess pcfg_openfile: unable to check htaccess file, ensure it is readable and that '/var/www/vhosts/saratogahistory.com/httpdocs/phpBB/' is executable
[Tue Aug 25 06:48:14.891727 2020] [core:crit] [pid 6888:tid 140619250874112] (13)Permission denied: [client 203.133.169.112:34720] AH00529: /var/www/vhosts/saratogahistory.com/httpdocs/phpBB/.htaccess pcfg_openfile: unable to check htaccess file, ensure it is readable and that '/var/www/vhosts/saratogahistory.com/httpdocs/phpBB/' is executable
[Tue Aug 25 06:48:19.886982 2020] [core:crit] [pid 32352:tid 140619303323392] (13)Permission denied: [client 203.133.169.112:34938] AH00529: /var/www/vhosts/saratogahistory.com/httpdocs/phpBB/.htaccess pcfg_openfile: unable to check htaccess file, ensure it is readable and that '/var/www/vhosts/saratogahistory.com/httpdocs/phpBB/' is executable
[Tue Aug 25 06:48:25.097146 2020] [core:crit] [pid 6888:tid 140619282343680] (13)Permission denied: [client 203.133.169.112:35160] AH00529: /var/www/vhosts/saratogahistory.com/httpdocs/phpBB/.htaccess pcfg_openfile: unable to check htaccess file, ensure it is readable and that '/var/www/vhosts/saratogahistory.com/httpdocs/phpBB/' is executable
[Tue Aug 25 06:48:30.091809 2020] [core:crit] [pid 32352:tid 140619156465408] (13)Permission denied: [client 203.133.169.112:35354] AH00529: /var/www/vhosts/saratogahistory.com/httpdocs/phpBB/.htaccess pcfg_openfile: unable to check htaccess file, ensure it is readable and that '/var/www/vhosts/saratogahistory.com/httpdocs/phpBB/' is executable
[Tue Aug 25 06:48:35.169165 2020] [core:crit] [pid 6888:tid 140619187934976] (13)Permission denied: [client 203.133.169.112:35638] AH00529: /var/www/vhosts/saratogahistory.com/httpdocs/phpBB/.htaccess pcfg_openfile: unable to check htaccess file, ensure it is readable and that '/var/www/vhosts/saratogahistory.com/httpdocs/phpBB/' is executable
[Tue Aug 25 06:48:40.153636 2020] [core:crit] [pid 32352:tid 140619271853824] (13)Permission denied: [client 203.133.169.112:35808] AH00529: /var/www/vhosts/saratogahistory.com/httpdocs/phpBB/.htaccess pcfg_openfile: unable to check htaccess file, ensure it is readable and that '/var/www/vhosts/saratogahistory.com/httpdocs/phpBB/' is executable
[Tue Aug 25 06:48:45.227254 2020] [core:crit] [pid 32352:tid 140619198424832] (13)Permission denied: [client 203.133.169.112:36032] AH00529: /var/www/vhosts/saratogahistory.com/httpdocs/phpBB/.htaccess pcfg_openfile: unable to check htaccess file, ensure it is readable and that '/var/www/vhosts/saratogahistory.com/httpdocs/phpBB/' is executable
[Tue Aug 25 06:48:50.226567 2020] [core:crit] [pid 32352:tid 140619282343680] (13)Permission denied: [client 203.133.169.112:36212] AH00529: /var/www/vhosts/saratogahistory.com/httpdocs/phpBB/.htaccess pcfg_openfile: unable to check htaccess file, ensure it is readable and that '/var/www/vhosts/saratogahistory.com/httpdocs/phpBB/' is executable
[Tue Aug 25 06:48:55.298270 2020] [core:crit] [pid 6888:tid 140619261363968] (13)Permission denied: [client 203.133.169.112:36378] AH00529: /var/www/vhosts/saratogahistory.com/httpdocs/phpBB/.htaccess pcfg_openfile: unable to check htaccess file, ensure it is readable and that '/var/www/vhosts/saratogahistory.com/httpdocs/phpBB/' is executable
[Tue Aug 25 06:49:00.197238 2020] [core:crit] [pid 32325:tid 140619240384256] (13)Permission denied: [client 203.133.169.112:36610] AH00529: /var/www/vhosts/saratogahistory.com/httpdocs/phpBB/.htaccess pcfg_openfile: unable to check htaccess file, ensure it is readable and that '/var/www/vhosts/saratogahistory.com/httpdocs/phpBB/' is executable
[Tue Aug 25 06:49:05.246145 2020] [core:crit] [pid 6888:tid 140619156465408] (13)Permission denied: [client 203.133.169.112:36826] AH00529: /var/www/vhosts/saratogahistory.com/httpdocs/phpBB/.htaccess pcfg_openfile: unable to check htaccess file, ensure it is readable and that '/var/www/vhosts/saratogahistory.com/httpdocs/phpBB/' is executable
[Tue Aug 25 06:49:10.258352 2020] [core:crit] [pid 6888:tid 140619219404544] (13)Permission denied: [client 203.133.169.112:37006] AH00529: /var/www/vhosts/saratogahistory.com/httpdocs/phpBB/.htaccess pcfg_openfile: unable to check htaccess file, ensure it is readable and that '/var/www/vhosts/saratogahistory.com/httpdocs/phpBB/' is executable
[Tue Aug 25 06:49:15.248820 2020] [core:crit] [pid 32352:tid 140619292833536] (13)Permission denied: [client 203.133.169.112:37198] AH00529: /var/www/vhosts/saratogahistory.com/httpdocs/phpBB/.htaccess pcfg_openfile: unable to check htaccess file, ensure it is readable and that '/var/www/vhosts/saratogahistory.com/httpdocs/phpBB/' is executable
[Tue Aug 25 06:49:20.145240 2020] [core:crit] [pid 6888:tid 140619124995840] (13)Permission denied: [client 203.133.169.112:37400] AH00529: /var/www/vhosts/saratogahistory.com/httpdocs/phpBB/.htaccess pcfg_openfile: unable to check htaccess file, ensure it is readable and that '/var/www/vhosts/saratogahistory.com/httpdocs/phpBB/' is executable
[Tue Aug 25 06:49:25.136915 2020] [core:crit] [pid 6888:tid 140619177445120] (13)Permission denied: [client 203.133.169.112:37708] AH00529: /var/www/vhosts/saratogahistory.com/httpdocs/phpBB/.htaccess pcfg_openfile: unable to check htaccess file, ensure it is readable and that '/var/www/vhosts/saratogahistory.com/httpdocs/phpBB/' is executable
[Tue Aug 25 06:49:30.020508 2020] [core:crit] [pid 6888:tid 140619145975552] (13)Permission denied: [client 203.133.169.112:37916] AH00529: /var/www/vhosts/saratogahistory.com/httpdocs/phpBB/.htaccess pcfg_openfile: unable to check htaccess file, ensure it is readable and that '/var/www/vhosts/saratogahistory.com/httpdocs/phpBB/' is executable
[Tue Aug 25 06:49:34.903459 2020] [core:crit] [pid 6888:tid 140619166955264] (13)Permission denied: [client 203.133.169.112:38134] AH00529: /var/www/vhosts/saratogahistory.com/httpdocs/phpBB/.htaccess pcfg_openfile: unable to check htaccess file, ensure it is readable and that '/var/www/vhosts/saratogahistory.com/httpdocs/phpBB/' is executable
[Tue Aug 25 06:49:39.791049 2020] [core:crit] [pid 6888:tid 140619135485696] (13)Permission denied: [client 203.133.169.112:38434] AH00529: /var/www/vhosts/saratogahistory.com/httpdocs/phpBB/.htaccess pcfg_openfile: unable to check htaccess file, ensure it is readable and that '/var/www/vhosts/saratogahistory.com/httpdocs/phpBB/' is executable
[Tue Aug 25 06:49:44.774244 2020] [core:crit] [pid 32352:tid 140619124995840] (13)Permission denied: [client 203.133.169.112:38680] AH00529: /var/www/vhosts/saratogahistory.com/httpdocs/phpBB/.htaccess pcfg_openfile: unable to check htaccess file, ensure it is readable and that '/var/www/vhosts/saratogahistory.com/httpdocs/phpBB/' is executable
[Tue Aug 25 06:49:49.763078 2020] [core:crit] [pid 6888:tid 140619355772672] (13)Permission denied: [client 203.133.169.112:38942] AH00529: /var/www/vhosts/saratogahistory.com/httpdocs/phpBB/.htaccess pcfg_openfile: unable to check htaccess file, ensure it is readable and that '/var/www/vhosts/saratogahistory.com/httpdocs/phpBB/' is executable
[Tue Aug 25 06:49:54.654019 2020] [core:crit] [pid 32352:tid 140619313813248] (13)Permission denied: [client 203.133.169.112:39216] AH00529: /var/www/vhosts/saratogahistory.com/httpdocs/phpBB/.htaccess pcfg_openfile: unable to check htaccess file, ensure it is readable and that '/var/www/vhosts/saratogahistory.com/httpdocs/phpBB/' is executable
[Tue Aug 25 06:49:59.675529 2020] [core:crit] [pid 32352:tid 140619261363968] (13)Permission denied: [client 203.133.169.112:39502] AH00529: /var/www/vhosts/saratogahistory.com/httpdocs/phpBB/.htaccess pcfg_openfile: unable to check htaccess file, ensure it is readable and that '/var/www/vhosts/saratogahistory.com/httpdocs/phpBB/' is executable
[Tue Aug 25 06:50:04.589312 2020] [core:crit] [pid 6888:tid 140619376752384] (13)Permission denied: [client 203.133.169.112:39920] AH00529: /var/www/vhosts/saratogahistory.com/httpdocs/phpBB/.htaccess pcfg_openfile: unable to check htaccess file, ensure it is readable and that '/var/www/vhosts/saratogahistory.com/httpdocs/phpBB/' is executable
[Tue Aug 25 06:50:09.470387 2020] [core:crit] [pid 6888:tid 140619313813248] (13)Permission denied: [client 203.133.169.112:40174] AH00529: /var/www/vhosts/saratogahistory.com/httpdocs/phpBB/.htaccess pcfg_openfile: unable to check htaccess file, ensure it is readable and that '/var/www/vhosts/saratogahistory.com/httpdocs/phpBB/' is executable
[Tue Aug 25 06:50:14.460565 2020] [core:crit] [pid 6888:tid 140619334792960] (13)Permission denied: [client 203.133.169.112:40482] AH00529: /var/www/vhosts/saratogahistory.com/httpdocs/phpBB/.htaccess pcfg_openfile: unable to check htaccess file, ensure it is readable and that '/var/www/vhosts/saratogahistory.com/httpdocs/phpBB/' is executable
[Tue Aug 25 06:50:19.493562 2020] [core:crit] [pid 6888:tid 140619292833536] (13)Permission denied: [client 203.133.169.112:40794] AH00529: /var/www/vhosts/saratogahistory.com/httpdocs/phpBB/.htaccess pcfg_openfile: unable to check htaccess file, ensure it is readable and that '/var/www/vhosts/saratogahistory.com/httpdocs/phpBB/' is executable
[Tue Aug 25 07:12:55.428202 2020] [core:crit] [pid 32352:tid 140619376752384] (13)Permission denied: [client 185.25.35.10:47796] AH00529: /var/www/vhosts/saratogahistory.com/httpdocs/phpBB/.htaccess pcfg_openfile: unable to check htaccess file, ensure it is readable and that '/var/www/vhosts/saratogahistory.com/httpdocs/phpBB/' is executable
[Tue Aug 25 07:28:54.755757 2020] [core:crit] [pid 6888:tid 140619177445120] (13)Permission denied: [client 185.25.35.11:58960] AH00529: /var/www/vhosts/saratogahistory.com/httpdocs/phpBB/.htaccess pcfg_openfile: unable to check htaccess file, ensure it is readable and that '/var/www/vhosts/saratogahistory.com/httpdocs/phpBB/' is executable
[Tue Aug 25 07:29:23.892322 2020] [core:crit] [pid 6888:tid 140619145975552] (13)Permission denied: [client 199.249.230.174:60128] AH00529: /var/www/vhosts/saratogahistory.com/httpdocs/phpBB/.htaccess pcfg_openfile: unable to check htaccess file, ensure it is readable and that '/var/www/vhosts/saratogahistory.com/httpdocs/phpBB/' is executable, referer: http://www.saratogahistory.com/phpBB/index.php
[Tue Aug 25 07:52:02.339933 2020] [core:crit] [pid 6888:tid 140619166955264] (13)Permission denied: [client 45.139.48.10:42688] AH00529: /var/www/vhosts/saratogahistory.com/httpdocs/phpBB/.htaccess pcfg_openfile: unable to check htaccess file, ensure it is readable and that '/var/www/vhosts/saratogahistory.com/httpdocs/phpBB/' is executable, referer: http://www.saratogahistory.com/phpBB/index.php
[Tue Aug 25 08:36:43.291539 2020] [core:crit] [pid 32352:tid 140619282343680] (13)Permission denied: [client 217.107.194.56:44488] AH00529: /var/www/vhosts/saratogahistory.com/httpdocs/phpBB/.htaccess pcfg_openfile: unable to check htaccess file, ensure it is readable and that '/var/www/vhosts/saratogahistory.com/httpdocs/phpBB/' is executable, referer: http://www.saratogahistory.com/phpBB/index.php
[Tue Aug 25 08:37:08.938071 2020] [core:crit] [pid 6888:tid 140619345282816] (13)Permission denied: [client 5.189.239.157:45918] AH00529: /var/www/vhosts/saratogahistory.com/httpdocs/phpBB/.htaccess pcfg_openfile: unable to check htaccess file, ensure it is readable and that '/var/www/vhosts/saratogahistory.com/httpdocs/phpBB/' is executable, referer: http://www.saratogahistory.com/phpBB/viewtopic.php?p=880&sid=544b674311f2203c019ee535033386a0
[Tue Aug 25 08:38:15.725132 2020] [core:crit] [pid 32325:tid 140619187934976] (13)Permission denied: [client 5.189.239.157:49094] AH00529: /var/www/vhosts/saratogahistory.com/httpdocs/phpBB/.htaccess pcfg_openfile: unable to check htaccess file, ensure it is readable and that '/var/www/vhosts/saratogahistory.com/httpdocs/phpBB/' is executable, referer: http://www.saratogahistory.com/phpBB/viewtopic.php?p=880&sid=544b674311f2203c019ee535033386a0
[Tue Aug 25 09:27:32.632950 2020] [core:crit] [pid 6888:tid 140619366262528] (13)Permission denied: [client 128.14.11.110:49852] AH00529: /var/www/vhosts/saratogahistory.com/httpdocs/phpBB/.htaccess pcfg_openfile: unable to check htaccess file, ensure it is readable and that '/var/www/vhosts/saratogahistory.com/httpdocs/phpBB/' is executable
[Tue Aug 25 09:27:33.161726 2020] [core:crit] [pid 32352:tid 140619208914688] (13)Permission denied: [client 128.14.11.110:49882] AH00529: /var/www/vhosts/saratogahistory.com/httpdocs/phpBB/.htaccess pcfg_openfile: unable to check htaccess file, ensure it is readable and that '/var/www/vhosts/saratogahistory.com/httpdocs/phpBB/' is executable, referer: http://www.saratogahistory.com/phpBB/
[Tue Aug 25 10:03:08.325863 2020] [core:crit] [pid 6888:tid 140619282343680] (13)Permission denied: [client 5.188.210.18:48712] AH00529: /var/www/vhosts/saratogahistory.com/httpdocs/phpBB/.htaccess pcfg_openfile: unable to check htaccess file, ensure it is readable and that '/var/www/vhosts/saratogahistory.com/httpdocs/phpBB/' is executable, referer: http://www.saratogahistory.com/phpBB/index.php
[Tue Aug 25 10:05:11.098169 2020] [core:crit] [pid 32352:tid 140619376752384] (13)Permission denied: [client 46.246.65.138:54480] AH00529: /var/www/vhosts/saratogahistory.com/httpdocs/phpBB/.htaccess pcfg_openfile: unable to check htaccess file, ensure it is readable and that '/var/www/vhosts/saratogahistory.com/httpdocs/phpBB/' is executable, referer: http://www.saratogahistory.com/phpBB/index.php
[Tue Aug 25 10:05:11.663616 2020] [core:crit] [pid 6888:tid 140619177445120] (13)Permission denied: [client 46.246.65.138:54490] AH00529: /var/www/vhosts/saratogahistory.com/httpdocs/phpBB/.htaccess pcfg_openfile: unable to check htaccess file, ensure it is readable and that '/var/www/vhosts/saratogahistory.com/httpdocs/phpBB/' is executable, referer: http://www.saratogahistory.com/phpBB/index.php
[Tue Aug 25 10:06:00.470296 2020] [core:crit] [pid 6888:tid 140619303323392] (13)Permission denied: [client 128.14.11.110:56286] AH00529: /var/www/vhosts/saratogahistory.com/httpdocs/phpBB/.htaccess pcfg_openfile: unable to check htaccess file, ensure it is readable and that '/var/www/vhosts/saratogahistory.com/httpdocs/phpBB/' is executable
[Tue Aug 25 10:06:01.150748 2020] [core:crit] [pid 6888:tid 140619324303104] (13)Permission denied: [client 128.14.11.110:56300] AH00529: /var/www/vhosts/saratogahistory.com/httpdocs/phpBB/.htaccess pcfg_openfile: unable to check htaccess file, ensure it is readable and that '/var/www/vhosts/saratogahistory.com/httpdocs/phpBB/' is executable, referer: http://www.saratogahistory.com/phpBB/
[Tue Aug 25 10:06:27.950792 2020] [core:crit] [pid 6888:tid 140619271853824] (13)Permission denied: [client 145.255.9.77:57142] AH00529: /var/www/vhosts/saratogahistory.com/httpdocs/phpBB/.htaccess pcfg_openfile: unable to check htaccess file, ensure it is readable and that '/var/www/vhosts/saratogahistory.com/httpdocs/phpBB/' is executable, referer: http://www.saratogahistory.com/phpBB/index.php
[Tue Aug 25 10:19:26.957493 2020] [core:crit] [pid 6888:tid 140619156465408] (13)Permission denied: [client 185.220.101.143:58592] AH00529: /var/www/vhosts/saratogahistory.com/httpdocs/phpBB/.htaccess pcfg_openfile: unable to check htaccess file, ensure it is readable and that '/var/www/vhosts/saratogahistory.com/httpdocs/phpBB/' is executable, referer: http://www.saratogahistory.com/phpBB/index.php
[Tue Aug 25 10:22:46.012816 2020] [core:crit] [pid 32352:tid 140619198424832] (13)Permission denied: [client 203.133.169.112:37890] AH00529: /var/www/vhosts/saratogahistory.com/httpdocs/phpBB/.htaccess pcfg_openfile: unable to check htaccess file, ensure it is readable and that '/var/www/vhosts/saratogahistory.com/httpdocs/phpBB/' is executable
[Tue Aug 25 10:22:50.944288 2020] [core:crit] [pid 32325:tid 140619208914688] (13)Permission denied: [client 203.133.169.112:38104] AH00529: /var/www/vhosts/saratogahistory.com/httpdocs/phpBB/.htaccess pcfg_openfile: unable to check htaccess file, ensure it is readable and that '/var/www/vhosts/saratogahistory.com/httpdocs/phpBB/' is executable
[Tue Aug 25 10:22:55.850814 2020] [core:crit] [pid 32325:tid 140619355772672] (13)Permission denied: [client 203.133.169.112:38274] AH00529: /var/www/vhosts/saratogahistory.com/httpdocs/phpBB/.htaccess pcfg_openfile: unable to check htaccess file, ensure it is readable and that '/var/www/vhosts/saratogahistory.com/httpdocs/phpBB/' is executable
[Tue Aug 25 10:23:00.727982 2020] [core:crit] [pid 6888:tid 140619166955264] (13)Permission denied: [client 203.133.169.112:38404] AH00529: /var/www/vhosts/saratogahistory.com/httpdocs/phpBB/.htaccess pcfg_openfile: unable to check htaccess file, ensure it is readable and that '/var/www/vhosts/saratogahistory.com/httpdocs/phpBB/' is executable
[Tue Aug 25 10:23:05.621449 2020] [core:crit] [pid 6888:tid 140619135485696] (13)Permission denied: [client 203.133.169.112:38534] AH00529: /var/www/vhosts/saratogahistory.com/httpdocs/phpBB/.htaccess pcfg_openfile: unable to check htaccess file, ensure it is readable and that '/var/www/vhosts/saratogahistory.com/httpdocs/phpBB/' is executable
[Tue Aug 25 10:23:10.606571 2020] [core:crit] [pid 6888:tid 140619355772672] (13)Permission denied: [client 203.133.169.112:38738] AH00529: /var/www/vhosts/saratogahistory.com/httpdocs/phpBB/.htaccess pcfg_openfile: unable to check htaccess file, ensure it is readable and that '/var/www/vhosts/saratogahistory.com/httpdocs/phpBB/' is executable
[Tue Aug 25 10:23:15.611693 2020] [core:crit] [pid 6888:tid 140619376752384] (13)Permission denied: [client 203.133.169.112:38938] AH00529: /var/www/vhosts/saratogahistory.com/httpdocs/phpBB/.htaccess pcfg_openfile: unable to check htaccess file, ensure it is readable and that '/var/www/vhosts/saratogahistory.com/httpdocs/phpBB/' is executable
[Tue Aug 25 10:23:20.797701 2020] [core:crit] [pid 6888:tid 140619334792960] (13)Permission denied: [client 203.133.169.112:39148] AH00529: /var/www/vhosts/saratogahistory.com/httpdocs/phpBB/.htaccess pcfg_openfile: unable to check htaccess file, ensure it is readable and that '/var/www/vhosts/saratogahistory.com/httpdocs/phpBB/' is executable
[Tue Aug 25 10:23:25.697253 2020] [core:crit] [pid 6888:tid 140619313813248] (13)Permission denied: [client 203.133.169.112:39454] AH00529: /var/www/vhosts/saratogahistory.com/httpdocs/phpBB/.htaccess pcfg_openfile: unable to check htaccess file, ensure it is readable and that '/var/www/vhosts/saratogahistory.com/httpdocs/phpBB/' is executable
[Tue Aug 25 10:23:30.599145 2020] [core:crit] [pid 6888:tid 140619292833536] (13)Permission denied: [client 203.133.169.112:39682] AH00529: /var/www/vhosts/saratogahistory.com/httpdocs/phpBB/.htaccess pcfg_openfile: unable to check htaccess file, ensure it is readable and that '/var/www/vhosts/saratogahistory.com/httpdocs/phpBB/' is executable
[Tue Aug 25 10:23:40.360986 2020] [core:crit] [pid 32352:tid 140619282343680] (13)Permission denied: [client 203.133.169.112:40056] AH00529: /var/www/vhosts/saratogahistory.com/httpdocs/phpBB/.htaccess pcfg_openfile: unable to check htaccess file, ensure it is readable and that '/var/www/vhosts/saratogahistory.com/httpdocs/phpBB/' is executable
[Tue Aug 25 10:23:45.344430 2020] [core:crit] [pid 32325:tid 140619219404544] (13)Permission denied: [client 203.133.169.112:40248] AH00529: /var/www/vhosts/saratogahistory.com/httpdocs/phpBB/.htaccess pcfg_openfile: unable to check htaccess file, ensure it is readable and that '/var/www/vhosts/saratogahistory.com/httpdocs/phpBB/' is executable
[Tue Aug 25 10:23:50.316813 2020] [core:crit] [pid 6888:tid 140619324303104] (13)Permission denied: [client 203.133.169.112:40466] AH00529: /var/www/vhosts/saratogahistory.com/httpdocs/phpBB/.htaccess pcfg_openfile: unable to check htaccess file, ensure it is readable and that '/var/www/vhosts/saratogahistory.com/httpdocs/phpBB/' is executable
[Tue Aug 25 10:23:55.455413 2020] [core:crit] [pid 6888:tid 140619345282816] (13)Permission denied: [client 203.133.169.112:40602] AH00529: /var/www/vhosts/saratogahistory.com/httpdocs/phpBB/.htaccess pcfg_openfile: unable to check htaccess file, ensure it is readable and that '/var/www/vhosts/saratogahistory.com/httpdocs/phpBB/' is executable
[Tue Aug 25 10:24:00.341828 2020] [core:crit] [pid 6888:tid 140619366262528] (13)Permission denied: [client 203.133.169.112:40768] AH00529: /var/www/vhosts/saratogahistory.com/httpdocs/phpBB/.htaccess pcfg_openfile: unable to check htaccess file, ensure it is readable and that '/var/www/vhosts/saratogahistory.com/httpdocs/phpBB/' is executable
[Tue Aug 25 10:24:05.220928 2020] [core:crit] [pid 6888:tid 140619271853824] (13)Permission denied: [client 203.133.169.112:41032] AH00529: /var/www/vhosts/saratogahistory.com/httpdocs/phpBB/.htaccess pcfg_openfile: unable to check htaccess file, ensure it is readable and that '/var/www/vhosts/saratogahistory.com/httpdocs/phpBB/' is executable
[Tue Aug 25 10:24:10.208715 2020] [core:crit] [pid 6888:tid 140619198424832] (13)Permission denied: [client 203.133.169.112:41188] AH00529: /var/www/vhosts/saratogahistory.com/httpdocs/phpBB/.htaccess pcfg_openfile: unable to check htaccess file, ensure it is readable and that '/var/www/vhosts/saratogahistory.com/httpdocs/phpBB/' is executable
[Tue Aug 25 10:24:15.195198 2020] [core:crit] [pid 6888:tid 140619250874112] (13)Permission denied: [client 203.133.169.112:41370] AH00529: /var/www/vhosts/saratogahistory.com/httpdocs/phpBB/.htaccess pcfg_openfile: unable to check htaccess file, ensure it is readable and that '/var/www/vhosts/saratogahistory.com/httpdocs/phpBB/' is executable
[Tue Aug 25 10:24:20.074164 2020] [core:crit] [pid 32325:tid 140619198424832] (13)Permission denied: [client 203.133.169.112:41598] AH00529: /var/www/vhosts/saratogahistory.com/httpdocs/phpBB/.htaccess pcfg_openfile: unable to check htaccess file, ensure it is readable and that '/var/www/vhosts/saratogahistory.com/httpdocs/phpBB/' is executable
[Tue Aug 25 10:24:24.968408 2020] [core:crit] [pid 6888:tid 140619240384256] (13)Permission denied: [client 203.133.169.112:41768] AH00529: /var/www/vhosts/saratogahistory.com/httpdocs/phpBB/.htaccess pcfg_openfile: unable to check htaccess file, ensure it is readable and that '/var/www/vhosts/saratogahistory.com/httpdocs/phpBB/' is executable
[Tue Aug 25 10:24:30.200691 2020] [core:crit] [pid 32352:tid 140619292833536] (13)Permission denied: [client 203.133.169.112:42024] AH00529: /var/www/vhosts/saratogahistory.com/httpdocs/phpBB/.htaccess pcfg_openfile: unable to check htaccess file, ensure it is readable and that '/var/www/vhosts/saratogahistory.com/httpdocs/phpBB/' is executable
[Tue Aug 25 10:24:35.177120 2020] [core:crit] [pid 6888:tid 140619187934976] (13)Permission denied: [client 203.133.169.112:42192] AH00529: /var/www/vhosts/saratogahistory.com/httpdocs/phpBB/.htaccess pcfg_openfile: unable to check htaccess file, ensure it is readable and that '/var/www/vhosts/saratogahistory.com/httpdocs/phpBB/' is executable
[Tue Aug 25 10:24:40.167294 2020] [core:crit] [pid 6888:tid 140619261363968] (13)Permission denied: [client 203.133.169.112:42342] AH00529: /var/www/vhosts/saratogahistory.com/httpdocs/phpBB/.htaccess pcfg_openfile: unable to check htaccess file, ensure it is readable and that '/var/www/vhosts/saratogahistory.com/httpdocs/phpBB/' is executable
[Tue Aug 25 10:24:45.066130 2020] [core:crit] [pid 6888:tid 140619229894400] (13)Permission denied: [client 203.133.169.112:42506] AH00529: /var/www/vhosts/saratogahistory.com/httpdocs/phpBB/.htaccess pcfg_openfile: unable to check htaccess file, ensure it is readable and that '/var/www/vhosts/saratogahistory.com/httpdocs/phpBB/' is executable
[Tue Aug 25 10:24:49.934303 2020] [core:crit] [pid 6888:tid 140619208914688] (13)Permission denied: [client 203.133.169.112:42656] AH00529: /var/www/vhosts/saratogahistory.com/httpdocs/phpBB/.htaccess pcfg_openfile: unable to check htaccess file, ensure it is readable and that '/var/www/vhosts/saratogahistory.com/httpdocs/phpBB/' is executable
[Tue Aug 25 10:24:54.803787 2020] [core:crit] [pid 32325:tid 140619229894400] (13)Permission denied: [client 203.133.169.112:42804] AH00529: /var/www/vhosts/saratogahistory.com/httpdocs/phpBB/.htaccess pcfg_openfile: unable to check htaccess file, ensure it is readable and that '/var/www/vhosts/saratogahistory.com/httpdocs/phpBB/' is executable
[Tue Aug 25 10:25:04.569274 2020] [core:crit] [pid 6888:tid 140619219404544] (13)Permission denied: [client 203.133.169.112:43298] AH00529: /var/www/vhosts/saratogahistory.com/httpdocs/phpBB/.htaccess pcfg_openfile: unable to check htaccess file, ensure it is readable and that '/var/www/vhosts/saratogahistory.com/httpdocs/phpBB/' is executable
[Tue Aug 25 10:25:09.556919 2020] [core:crit] [pid 32322:tid 140619261363968] (13)Permission denied: [client 203.133.169.112:43540] AH00529: /var/www/vhosts/saratogahistory.com/httpdocs/phpBB/.htaccess pcfg_openfile: unable to check htaccess file, ensure it is readable and that '/var/www/vhosts/saratogahistory.com/httpdocs/phpBB/' is executable
[Tue Aug 25 10:25:14.534460 2020] [core:crit] [pid 6888:tid 140619124995840] (13)Permission denied: [client 203.133.169.112:43758] AH00529: /var/www/vhosts/saratogahistory.com/httpdocs/phpBB/.htaccess pcfg_openfile: unable to check htaccess file, ensure it is readable and that '/var/www/vhosts/saratogahistory.com/httpdocs/phpBB/' is executable
[Tue Aug 25 10:25:19.410633 2020] [core:crit] [pid 6888:tid 140619177445120] (13)Permission denied: [client 203.133.169.112:43892] AH00529: /var/www/vhosts/saratogahistory.com/httpdocs/phpBB/.htaccess pcfg_openfile: unable to check htaccess file, ensure it is readable and that '/var/www/vhosts/saratogahistory.com/httpdocs/phpBB/' is executable
[Tue Aug 25 10:25:24.313986 2020] [core:crit] [pid 6888:tid 140619145975552] (13)Permission denied: [client 203.133.169.112:44092] AH00529: /var/www/vhosts/saratogahistory.com/httpdocs/phpBB/.htaccess pcfg_openfile: unable to check htaccess file, ensure it is readable and that '/var/www/vhosts/saratogahistory.com/httpdocs/phpBB/' is executable
[Tue Aug 25 10:25:29.319831 2020] [core:crit] [pid 32352:tid 140619124995840] (13)Permission denied: [client 203.133.169.112:44242] AH00529: /var/www/vhosts/saratogahistory.com/httpdocs/phpBB/.htaccess pcfg_openfile: unable to check htaccess file, ensure it is readable and that '/var/www/vhosts/saratogahistory.com/httpdocs/phpBB/' is executable
[Tue Aug 25 10:25:34.212966 2020] [core:crit] [pid 6888:tid 140619166955264] (13)Permission denied: [client 203.133.169.112:44406] AH00529: /var/www/vhosts/saratogahistory.com/httpdocs/phpBB/.htaccess pcfg_openfile: unable to check htaccess file, ensure it is readable and that '/var/www/vhosts/saratogahistory.com/httpdocs/phpBB/' is executable
[Tue Aug 25 10:25:39.335606 2020] [core:crit] [pid 32352:tid 140619313813248] (13)Permission denied: [client 203.133.169.112:44620] AH00529: /var/www/vhosts/saratogahistory.com/httpdocs/phpBB/.htaccess pcfg_openfile: unable to check htaccess file, ensure it is readable and that '/var/www/vhosts/saratogahistory.com/httpdocs/phpBB/' is executable
[Tue Aug 25 10:25:44.217437 2020] [core:crit] [pid 32352:tid 140619261363968] (13)Permission denied: [client 203.133.169.112:44846] AH00529: /var/www/vhosts/saratogahistory.com/httpdocs/phpBB/.htaccess pcfg_openfile: unable to check htaccess file, ensure it is readable and that '/var/www/vhosts/saratogahistory.com/httpdocs/phpBB/' is executable
[Tue Aug 25 10:25:49.233159 2020] [core:crit] [pid 32352:tid 140619324303104] (13)Permission denied: [client 203.133.169.112:45052] AH00529: /var/www/vhosts/saratogahistory.com/httpdocs/phpBB/.htaccess pcfg_openfile: unable to check htaccess file, ensure it is readable and that '/var/www/vhosts/saratogahistory.com/httpdocs/phpBB/' is executable
[Tue Aug 25 10:25:54.226337 2020] [core:crit] [pid 32352:tid 140619240384256] (13)Permission denied: [client 203.133.169.112:45320] AH00529: /var/www/vhosts/saratogahistory.com/httpdocs/phpBB/.htaccess pcfg_openfile: unable to check htaccess file, ensure it is readable and that '/var/www/vhosts/saratogahistory.com/httpdocs/phpBB/' is executable
[Tue Aug 25 10:25:59.101243 2020] [core:crit] [pid 6888:tid 140619376752384] (13)Permission denied: [client 203.133.169.112:45540] AH00529: /var/www/vhosts/saratogahistory.com/httpdocs/phpBB/.htaccess pcfg_openfile: unable to check htaccess file, ensure it is readable and that '/var/www/vhosts/saratogahistory.com/httpdocs/phpBB/' is executable
[Tue Aug 25 10:26:04.113332 2020] [core:crit] [pid 32352:tid 140619355772672] (13)Permission denied: [client 203.133.169.112:45738] AH00529: /var/www/vhosts/saratogahistory.com/httpdocs/phpBB/.htaccess pcfg_openfile: unable to check htaccess file, ensure it is readable and that '/var/www/vhosts/saratogahistory.com/httpdocs/phpBB/' is executable
[Tue Aug 25 10:26:08.980246 2020] [core:crit] [pid 6888:tid 140619334792960] (13)Permission denied: [client 203.133.169.112:45960] AH00529: /var/www/vhosts/saratogahistory.com/httpdocs/phpBB/.htaccess pcfg_openfile: unable to check htaccess file, ensure it is readable and that '/var/www/vhosts/saratogahistory.com/httpdocs/phpBB/' is executable
[Tue Aug 25 10:26:13.857717 2020] [core:crit] [pid 6888:tid 140619313813248] (13)Permission denied: [client 203.133.169.112:46162] AH00529: /var/www/vhosts/saratogahistory.com/httpdocs/phpBB/.htaccess pcfg_openfile: unable to check htaccess file, ensure it is readable and that '/var/www/vhosts/saratogahistory.com/httpdocs/phpBB/' is executable
[Tue Aug 25 10:26:18.867301 2020] [core:crit] [pid 6888:tid 140619292833536] (13)Permission denied: [client 203.133.169.112:46306] AH00529: /var/www/vhosts/saratogahistory.com/httpdocs/phpBB/.htaccess pcfg_openfile: unable to check htaccess file, ensure it is readable and that '/var/www/vhosts/saratogahistory.com/httpdocs/phpBB/' is executable
[Tue Aug 25 10:26:28.739167 2020] [core:crit] [pid 6888:tid 140619324303104] (13)Permission denied: [client 203.133.169.112:46678] AH00529: /var/www/vhosts/saratogahistory.com/httpdocs/phpBB/.htaccess pcfg_openfile: unable to check htaccess file, ensure it is readable and that '/var/www/vhosts/saratogahistory.com/httpdocs/phpBB/' is executable
[Tue Aug 25 10:26:33.727717 2020] [core:crit] [pid 6888:tid 140619345282816] (13)Permission denied: [client 203.133.169.112:46828] AH00529: /var/www/vhosts/saratogahistory.com/httpdocs/phpBB/.htaccess pcfg_openfile: unable to check htaccess file, ensure it is readable and that '/var/www/vhosts/saratogahistory.com/httpdocs/phpBB/' is executable
[Tue Aug 25 10:26:38.749643 2020] [core:crit] [pid 6888:tid 140619366262528] (13)Permission denied: [client 203.133.169.112:47024] AH00529: /var/www/vhosts/saratogahistory.com/httpdocs/phpBB/.htaccess pcfg_openfile: unable to check htaccess file, ensure it is readable and that '/var/www/vhosts/saratogahistory.com/httpdocs/phpBB/' is executable
[Tue Aug 25 10:26:43.640736 2020] [core:crit] [pid 6888:tid 140619271853824] (13)Permission denied: [client 203.133.169.112:47168] AH00529: /var/www/vhosts/saratogahistory.com/httpdocs/phpBB/.htaccess pcfg_openfile: unable to check htaccess file, ensure it is readable and that '/var/www/vhosts/saratogahistory.com/httpdocs/phpBB/' is executable
[Tue Aug 25 10:26:48.563449 2020] [core:crit] [pid 32325:tid 140619187934976] (13)Permission denied: [client 203.133.169.112:47296] AH00529: /var/www/vhosts/saratogahistory.com/httpdocs/phpBB/.htaccess pcfg_openfile: unable to check htaccess file, ensure it is readable and that '/var/www/vhosts/saratogahistory.com/httpdocs/phpBB/' is executable
[Tue Aug 25 10:26:53.569984 2020] [core:crit] [pid 32352:tid 140619250874112] (13)Permission denied: [client 203.133.169.112:47436] AH00529: /var/www/vhosts/saratogahistory.com/httpdocs/phpBB/.htaccess pcfg_openfile: unable to check htaccess file, ensure it is readable and that '/var/www/vhosts/saratogahistory.com/httpdocs/phpBB/' is executable
[Tue Aug 25 10:26:58.569150 2020] [core:crit] [pid 6888:tid 140619198424832] (13)Permission denied: [client 203.133.169.112:47594] AH00529: /var/www/vhosts/saratogahistory.com/httpdocs/phpBB/.htaccess pcfg_openfile: unable to check htaccess file, ensure it is readable and that '/var/www/vhosts/saratogahistory.com/httpdocs/phpBB/' is executable
[Tue Aug 25 10:27:03.437786 2020] [core:crit] [pid 32322:tid 140619271853824] (13)Permission denied: [client 203.133.169.112:47740] AH00529: /var/www/vhosts/saratogahistory.com/httpdocs/phpBB/.htaccess pcfg_openfile: unable to check htaccess file, ensure it is readable and that '/var/www/vhosts/saratogahistory.com/httpdocs/phpBB/' is executable
[Tue Aug 25 10:27:08.345894 2020] [core:crit] [pid 6888:tid 140619250874112] (13)Permission denied: [client 203.133.169.112:47906] AH00529: /var/www/vhosts/saratogahistory.com/httpdocs/phpBB/.htaccess pcfg_openfile: unable to check htaccess file, ensure it is readable and that '/var/www/vhosts/saratogahistory.com/httpdocs/phpBB/' is executable
[Tue Aug 25 10:27:13.381687 2020] [core:crit] [pid 32352:tid 140619208914688] (13)Permission denied: [client 203.133.169.112:48100] AH00529: /var/www/vhosts/saratogahistory.com/httpdocs/phpBB/.htaccess pcfg_openfile: unable to check htaccess file, ensure it is readable and that '/var/www/vhosts/saratogahistory.com/httpdocs/phpBB/' is executable
[Tue Aug 25 10:27:18.409578 2020] [core:crit] [pid 6888:tid 140619240384256] (13)Permission denied: [client 203.133.169.112:48236] AH00529: /var/www/vhosts/saratogahistory.com/httpdocs/phpBB/.htaccess pcfg_openfile: unable to check htaccess file, ensure it is readable and that '/var/www/vhosts/saratogahistory.com/httpdocs/phpBB/' is executable
[Tue Aug 25 10:27:23.520632 2020] [core:crit] [pid 6888:tid 140619282343680] (13)Permission denied: [client 203.133.169.112:48368] AH00529: /var/www/vhosts/saratogahistory.com/httpdocs/phpBB/.htaccess pcfg_openfile: unable to check htaccess file, ensure it is readable and that '/var/www/vhosts/saratogahistory.com/httpdocs/phpBB/' is executable
[Tue Aug 25 10:27:28.509723 2020] [core:crit] [pid 32352:tid 140619334792960] (13)Permission denied: [client 203.133.169.112:48466] AH00529: /var/www/vhosts/saratogahistory.com/httpdocs/phpBB/.htaccess pcfg_openfile: unable to check htaccess file, ensure it is readable and that '/var/www/vhosts/saratogahistory.com/httpdocs/phpBB/' is executable
[Tue Aug 25 10:27:33.426839 2020] [core:crit] [pid 6888:tid 140619187934976] (13)Permission denied: [client 203.133.169.112:48678] AH00529: /var/www/vhosts/saratogahistory.com/httpdocs/phpBB/.htaccess pcfg_openfile: unable to check htaccess file, ensure it is readable and that '/var/www/vhosts/saratogahistory.com/httpdocs/phpBB/' is executable
[Tue Aug 25 10:27:38.453588 2020] [core:crit] [pid 32352:tid 140619229894400] (13)Permission denied: [client 203.133.169.112:48842] AH00529: /var/www/vhosts/saratogahistory.com/httpdocs/phpBB/.htaccess pcfg_openfile: unable to check htaccess file, ensure it is readable and that '/var/www/vhosts/saratogahistory.com/httpdocs/phpBB/' is executable
[Tue Aug 25 10:27:43.459105 2020] [core:crit] [pid 32322:tid 140619250874112] (13)Permission denied: [client 203.133.169.112:48942] AH00529: /var/www/vhosts/saratogahistory.com/httpdocs/phpBB/.htaccess pcfg_openfile: unable to check htaccess file, ensure it is readable and that '/var/www/vhosts/saratogahistory.com/httpdocs/phpBB/' is executable
[Tue Aug 25 10:27:53.497824 2020] [core:crit] [pid 6888:tid 140619229894400] (13)Permission denied: [client 203.133.169.112:49238] AH00529: /var/www/vhosts/saratogahistory.com/httpdocs/phpBB/.htaccess pcfg_openfile: unable to check htaccess file, ensure it is readable and that '/var/www/vhosts/saratogahistory.com/httpdocs/phpBB/' is executable
[Tue Aug 25 10:27:58.726777 2020] [core:crit] [pid 6888:tid 140619208914688] (13)Permission denied: [client 203.133.169.112:49442] AH00529: /var/www/vhosts/saratogahistory.com/httpdocs/phpBB/.htaccess pcfg_openfile: unable to check htaccess file, ensure it is readable and that '/var/www/vhosts/saratogahistory.com/httpdocs/phpBB/' is executable
[Tue Aug 25 10:28:03.598839 2020] [core:crit] [pid 6888:tid 140619156465408] (13)Permission denied: [client 203.133.169.112:49610] AH00529: /var/www/vhosts/saratogahistory.com/httpdocs/phpBB/.htaccess pcfg_openfile: unable to check htaccess file, ensure it is readable and that '/var/www/vhosts/saratogahistory.com/httpdocs/phpBB/' is executable
[Tue Aug 25 10:28:08.593572 2020] [core:crit] [pid 6888:tid 140619219404544] (13)Permission denied: [client 203.133.169.112:49756] AH00529: /var/www/vhosts/saratogahistory.com/httpdocs/phpBB/.htaccess pcfg_openfile: unable to check htaccess file, ensure it is readable and that '/var/www/vhosts/saratogahistory.com/httpdocs/phpBB/' is executable
[Tue Aug 25 10:28:13.457785 2020] [core:crit] [pid 6888:tid 140619124995840] (13)Permission denied: [client 203.133.169.112:49904] AH00529: /var/www/vhosts/saratogahistory.com/httpdocs/phpBB/.htaccess pcfg_openfile: unable to check htaccess file, ensure it is readable and that '/var/www/vhosts/saratogahistory.com/httpdocs/phpBB/' is executable
[Tue Aug 25 10:28:19.014921 2020] [core:crit] [pid 6888:tid 140619177445120] (13)Permission denied: [client 203.133.169.112:50124] AH00529: /var/www/vhosts/saratogahistory.com/httpdocs/phpBB/.htaccess pcfg_openfile: unable to check htaccess file, ensure it is readable and that '/var/www/vhosts/saratogahistory.com/httpdocs/phpBB/' is executable
[Tue Aug 25 10:28:23.989724 2020] [core:crit] [pid 32325:tid 140619177445120] (13)Permission denied: [client 203.133.169.112:50274] AH00529: /var/www/vhosts/saratogahistory.com/httpdocs/phpBB/.htaccess pcfg_openfile: unable to check htaccess file, ensure it is readable and that '/var/www/vhosts/saratogahistory.com/httpdocs/phpBB/' is executable
[Tue Aug 25 10:28:28.913277 2020] [core:crit] [pid 6888:tid 140619145975552] (13)Permission denied: [client 203.133.169.112:50418] AH00529: /var/www/vhosts/saratogahistory.com/httpdocs/phpBB/.htaccess pcfg_openfile: unable to check htaccess file, ensure it is readable and that '/var/www/vhosts/saratogahistory.com/httpdocs/phpBB/' is executable
[Tue Aug 25 10:28:33.900654 2020] [core:crit] [pid 6888:tid 140619166955264] (13)Permission denied: [client 203.133.169.112:50614] AH00529: /var/www/vhosts/saratogahistory.com/httpdocs/phpBB/.htaccess pcfg_openfile: unable to check htaccess file, ensure it is readable and that '/var/www/vhosts/saratogahistory.com/httpdocs/phpBB/' is executable
[Tue Aug 25 10:28:38.939882 2020] [core:crit] [pid 6888:tid 140619135485696] (13)Permission denied: [client 203.133.169.112:50744] AH00529: /var/www/vhosts/saratogahistory.com/httpdocs/phpBB/.htaccess pcfg_openfile: unable to check htaccess file, ensure it is readable and that '/var/www/vhosts/saratogahistory.com/httpdocs/phpBB/' is executable
[Tue Aug 25 10:28:43.944518 2020] [core:crit] [pid 32352:tid 140619366262528] (13)Permission denied: [client 203.133.169.112:50912] AH00529: /var/www/vhosts/saratogahistory.com/httpdocs/phpBB/.htaccess pcfg_openfile: unable to check htaccess file, ensure it is readable and that '/var/www/vhosts/saratogahistory.com/httpdocs/phpBB/' is executable
[Tue Aug 25 10:28:48.935985 2020] [core:crit] [pid 6888:tid 140619355772672] (13)Permission denied: [client 203.133.169.112:51076] AH00529: /var/www/vhosts/saratogahistory.com/httpdocs/phpBB/.htaccess pcfg_openfile: unable to check htaccess file, ensure it is readable and that '/var/www/vhosts/saratogahistory.com/httpdocs/phpBB/' is executable
[Tue Aug 25 10:28:53.822574 2020] [core:crit] [pid 6888:tid 140619376752384] (13)Permission denied: [client 203.133.169.112:51234] AH00529: /var/www/vhosts/saratogahistory.com/httpdocs/phpBB/.htaccess pcfg_openfile: unable to check htaccess file, ensure it is readable and that '/var/www/vhosts/saratogahistory.com/httpdocs/phpBB/' is executable
[Tue Aug 25 10:28:58.811909 2020] [core:crit] [pid 6888:tid 140619334792960] (13)Permission denied: [client 203.133.169.112:51428] AH00529: /var/www/vhosts/saratogahistory.com/httpdocs/phpBB/.htaccess pcfg_openfile: unable to check htaccess file, ensure it is readable and that '/var/www/vhosts/saratogahistory.com/httpdocs/phpBB/' is executable
[Tue Aug 25 10:29:03.812360 2020] [core:crit] [pid 32352:tid 140619376752384] (13)Permission denied: [client 203.133.169.112:51606] AH00529: /var/www/vhosts/saratogahistory.com/httpdocs/phpBB/.htaccess pcfg_openfile: unable to check htaccess file, ensure it is readable and that '/var/www/vhosts/saratogahistory.com/httpdocs/phpBB/' is executable
[Tue Aug 25 10:29:08.687683 2020] [core:crit] [pid 32352:tid 140619345282816] (13)Permission denied: [client 203.133.169.112:51872] AH00529: /var/www/vhosts/saratogahistory.com/httpdocs/phpBB/.htaccess pcfg_openfile: unable to check htaccess file, ensure it is readable and that '/var/www/vhosts/saratogahistory.com/httpdocs/phpBB/' is executable
[Tue Aug 25 10:29:18.574604 2020] [core:crit] [pid 32325:tid 140619156465408] (13)Permission denied: [client 203.133.169.112:52218] AH00529: /var/www/vhosts/saratogahistory.com/httpdocs/phpBB/.htaccess pcfg_openfile: unable to check htaccess file, ensure it is readable and that '/var/www/vhosts/saratogahistory.com/httpdocs/phpBB/' is executable
[Tue Aug 25 10:29:23.454016 2020] [core:crit] [pid 6888:tid 140619292833536] (13)Permission denied: [client 203.133.169.112:52348] AH00529: /var/www/vhosts/saratogahistory.com/httpdocs/phpBB/.htaccess pcfg_openfile: unable to check htaccess file, ensure it is readable and that '/var/www/vhosts/saratogahistory.com/httpdocs/phpBB/' is executable
[Tue Aug 25 10:29:28.325050 2020] [core:crit] [pid 32352:tid 140619187934976] (13)Permission denied: [client 203.133.169.112:52516] AH00529: /var/www/vhosts/saratogahistory.com/httpdocs/phpBB/.htaccess pcfg_openfile: unable to check htaccess file, ensure it is readable and that '/var/www/vhosts/saratogahistory.com/httpdocs/phpBB/' is executable
[Tue Aug 25 10:29:33.232566 2020] [core:crit] [pid 32352:tid 140619219404544] (13)Permission denied: [client 203.133.169.112:52720] AH00529: /var/www/vhosts/saratogahistory.com/httpdocs/phpBB/.htaccess pcfg_openfile: unable to check htaccess file, ensure it is readable and that '/var/www/vhosts/saratogahistory.com/httpdocs/phpBB/' is executable
[Tue Aug 25 10:29:38.103225 2020] [core:crit] [pid 32322:tid 140619240384256] (13)Permission denied: [client 203.133.169.112:52824] AH00529: /var/www/vhosts/saratogahistory.com/httpdocs/phpBB/.htaccess pcfg_openfile: unable to check htaccess file, ensure it is readable and that '/var/www/vhosts/saratogahistory.com/httpdocs/phpBB/' is executable
[Tue Aug 25 10:29:42.995250 2020] [core:crit] [pid 32352:tid 140619145975552] (13)Permission denied: [client 203.133.169.112:52954] AH00529: /var/www/vhosts/saratogahistory.com/httpdocs/phpBB/.htaccess pcfg_openfile: unable to check htaccess file, ensure it is readable and that '/var/www/vhosts/saratogahistory.com/httpdocs/phpBB/' is executable
[Tue Aug 25 10:44:23.888345 2020] [core:crit] [pid 32352:tid 140619156465408] (13)Permission denied: [client 128.14.11.110:54616] AH00529: /var/www/vhosts/saratogahistory.com/httpdocs/phpBB/.htaccess pcfg_openfile: unable to check htaccess file, ensure it is readable and that '/var/www/vhosts/saratogahistory.com/httpdocs/phpBB/' is executable
[Tue Aug 25 10:44:24.487625 2020] [core:crit] [pid 6888:tid 140619324303104] (13)Permission denied: [client 128.14.11.110:54626] AH00529: /var/www/vhosts/saratogahistory.com/httpdocs/phpBB/.htaccess pcfg_openfile: unable to check htaccess file, ensure it is readable and that '/var/www/vhosts/saratogahistory.com/httpdocs/phpBB/' is executable, referer: http://www.saratogahistory.com/phpBB/
[Tue Aug 25 10:52:19.208495 2020] [core:crit] [pid 6888:tid 140619187934976] (13)Permission denied: [client 66.249.66.25:43762] AH00529: /var/www/vhosts/saratogahistory.com/httpdocs/phpBB/.htaccess pcfg_openfile: unable to check htaccess file, ensure it is readable and that '/var/www/vhosts/saratogahistory.com/httpdocs/phpBB/' is executable
[Tue Aug 25 10:54:14.989943 2020] [core:crit] [pid 32352:tid 140619198424832] (13)Permission denied: [client 151.80.47.41:47374] AH00529: /var/www/vhosts/saratogahistory.com/httpdocs/phpBB/.htaccess pcfg_openfile: unable to check htaccess file, ensure it is readable and that '/var/www/vhosts/saratogahistory.com/httpdocs/phpBB/' is executable, referer: http://www.saratogahistory.com/phpBB/index.php
[Tue Aug 25 10:54:15.770807 2020] [proxy_fcgi:error] [pid 32352:tid 140619282343680] [client 151.80.47.41:47406] AH01071: Got error 'Primary script unknown\n', referer: http://www.saratogahistory.com/index.php
[Tue Aug 25 10:54:15.977015 2020] [proxy_fcgi:error] [pid 32352:tid 140619292833536] [client 151.80.47.41:47412] AH01071: Got error 'Primary script unknown\n', referer: http://www.saratogahistory.com/index.php
[Tue Aug 25 10:54:16.189469 2020] [proxy_fcgi:error] [pid 6888:tid 140619208914688] [client 151.80.47.41:47428] AH01071: Got error 'Primary script unknown\n', referer: http://www.saratogahistory.com/index.php
[Tue Aug 25 10:54:26.327777 2020] [core:crit] [pid 32352:tid 140619124995840] (13)Permission denied: [client 185.220.101.12:47804] AH00529: /var/www/vhosts/saratogahistory.com/httpdocs/phpBB/.htaccess pcfg_openfile: unable to check htaccess file, ensure it is readable and that '/var/www/vhosts/saratogahistory.com/httpdocs/phpBB/' is executable, referer: http://www.saratogahistory.com/phpBB/index.php
[Tue Aug 25 11:02:46.368046 2020] [core:crit] [pid 32352:tid 140619250874112] (13)Permission denied: [client 66.249.66.23:39638] AH00529: /var/www/vhosts/saratogahistory.com/httpdocs/phpBB/.htaccess pcfg_openfile: unable to check htaccess file, ensure it is readable and that '/var/www/vhosts/saratogahistory.com/httpdocs/phpBB/' is executable
[Tue Aug 25 11:02:58.172131 2020] [core:crit] [pid 32352:tid 140619208914688] (13)Permission denied: [client 66.249.66.21:40000] AH00529: /var/www/vhosts/saratogahistory.com/httpdocs/phpBB/.htaccess pcfg_openfile: unable to check htaccess file, ensure it is readable and that '/var/www/vhosts/saratogahistory.com/httpdocs/phpBB/' is executable
[Tue Aug 25 11:03:07.295098 2020] [core:crit] [pid 6888:tid 140619135485696] (13)Permission denied: [client 66.249.66.21:40326] AH00529: /var/www/vhosts/saratogahistory.com/httpdocs/phpBB/.htaccess pcfg_openfile: unable to check htaccess file, ensure it is readable and that '/var/www/vhosts/saratogahistory.com/httpdocs/phpBB/' is executable
[Tue Aug 25 11:03:19.641162 2020] [core:crit] [pid 32352:tid 140619334792960] (13)Permission denied: [client 66.249.66.21:40676] AH00529: /var/www/vhosts/saratogahistory.com/httpdocs/phpBB/.htaccess pcfg_openfile: unable to check htaccess file, ensure it is readable and that '/var/www/vhosts/saratogahistory.com/httpdocs/phpBB/' is executable
[Tue Aug 25 11:23:38.865670 2020] [core:crit] [pid 32352:tid 140619345282816] (13)Permission denied: [client 128.14.11.110:58796] AH00529: /var/www/vhosts/saratogahistory.com/httpdocs/phpBB/.htaccess pcfg_openfile: unable to check htaccess file, ensure it is readable and that '/var/www/vhosts/saratogahistory.com/httpdocs/phpBB/' is executable
[Tue Aug 25 11:23:39.537689 2020] [core:crit] [pid 6888:tid 140619345282816] (13)Permission denied: [client 128.14.11.110:58824] AH00529: /var/www/vhosts/saratogahistory.com/httpdocs/phpBB/.htaccess pcfg_openfile: unable to check htaccess file, ensure it is readable and that '/var/www/vhosts/saratogahistory.com/httpdocs/phpBB/' is executable, referer: http://www.saratogahistory.com/phpBB/
[Tue Aug 25 11:35:56.843941 2020] [core:crit] [pid 32352:tid 140619177445120] (13)Permission denied: [client 185.25.35.10:59536] AH00529: /var/www/vhosts/saratogahistory.com/httpdocs/phpBB/.htaccess pcfg_openfile: unable to check htaccess file, ensure it is readable and that '/var/www/vhosts/saratogahistory.com/httpdocs/phpBB/' is executable
[Tue Aug 25 11:58:14.870079 2020] [core:crit] [pid 6888:tid 140619135485696] (13)Permission denied: [client 203.133.169.112:55688] AH00529: /var/www/vhosts/saratogahistory.com/httpdocs/phpBB/.htaccess pcfg_openfile: unable to check htaccess file, ensure it is readable and that '/var/www/vhosts/saratogahistory.com/httpdocs/phpBB/' is executable
[Tue Aug 25 11:58:19.772747 2020] [core:crit] [pid 32325:tid 140619324303104] (13)Permission denied: [client 203.133.169.112:55832] AH00529: /var/www/vhosts/saratogahistory.com/httpdocs/phpBB/.htaccess pcfg_openfile: unable to check htaccess file, ensure it is readable and that '/var/www/vhosts/saratogahistory.com/httpdocs/phpBB/' is executable
[Tue Aug 25 11:58:24.661750 2020] [core:crit] [pid 6888:tid 140619355772672] (13)Permission denied: [client 203.133.169.112:56052] AH00529: /var/www/vhosts/saratogahistory.com/httpdocs/phpBB/.htaccess pcfg_openfile: unable to check htaccess file, ensure it is readable and that '/var/www/vhosts/saratogahistory.com/httpdocs/phpBB/' is executable
[Tue Aug 25 11:58:29.638314 2020] [core:crit] [pid 6888:tid 140619376752384] (13)Permission denied: [client 203.133.169.112:56250] AH00529: /var/www/vhosts/saratogahistory.com/httpdocs/phpBB/.htaccess pcfg_openfile: unable to check htaccess file, ensure it is readable and that '/var/www/vhosts/saratogahistory.com/httpdocs/phpBB/' is executable
[Tue Aug 25 11:58:34.516065 2020] [core:crit] [pid 6888:tid 140619334792960] (13)Permission denied: [client 203.133.169.112:56488] AH00529: /var/www/vhosts/saratogahistory.com/httpdocs/phpBB/.htaccess pcfg_openfile: unable to check htaccess file, ensure it is readable and that '/var/www/vhosts/saratogahistory.com/httpdocs/phpBB/' is executable
[Tue Aug 25 11:58:39.382312 2020] [core:crit] [pid 6888:tid 140619313813248] (13)Permission denied: [client 203.133.169.112:56704] AH00529: /var/www/vhosts/saratogahistory.com/httpdocs/phpBB/.htaccess pcfg_openfile: unable to check htaccess file, ensure it is readable and that '/var/www/vhosts/saratogahistory.com/httpdocs/phpBB/' is executable
[Tue Aug 25 11:58:44.356542 2020] [core:crit] [pid 6888:tid 140619303323392] (13)Permission denied: [client 203.133.169.112:56912] AH00529: /var/www/vhosts/saratogahistory.com/httpdocs/phpBB/.htaccess pcfg_openfile: unable to check htaccess file, ensure it is readable and that '/var/www/vhosts/saratogahistory.com/httpdocs/phpBB/' is executable
[Tue Aug 25 11:58:49.472841 2020] [core:crit] [pid 6888:tid 140619324303104] (13)Permission denied: [client 203.133.169.112:57116] AH00529: /var/www/vhosts/saratogahistory.com/httpdocs/phpBB/.htaccess pcfg_openfile: unable to check htaccess file, ensure it is readable and that '/var/www/vhosts/saratogahistory.com/httpdocs/phpBB/' is executable
[Tue Aug 25 11:58:54.477125 2020] [core:crit] [pid 32325:tid 140619240384256] (13)Permission denied: [client 203.133.169.112:57264] AH00529: /var/www/vhosts/saratogahistory.com/httpdocs/phpBB/.htaccess pcfg_openfile: unable to check htaccess file, ensure it is readable and that '/var/www/vhosts/saratogahistory.com/httpdocs/phpBB/' is executable
[Tue Aug 25 11:58:59.388323 2020] [core:crit] [pid 6888:tid 140619345282816] (13)Permission denied: [client 203.133.169.112:57406] AH00529: /var/www/vhosts/saratogahistory.com/httpdocs/phpBB/.htaccess pcfg_openfile: unable to check htaccess file, ensure it is readable and that '/var/www/vhosts/saratogahistory.com/httpdocs/phpBB/' is executable
[Tue Aug 25 11:59:04.283580 2020] [core:crit] [pid 6888:tid 140619366262528] (13)Permission denied: [client 203.133.169.112:57604] AH00529: /var/www/vhosts/saratogahistory.com/httpdocs/phpBB/.htaccess pcfg_openfile: unable to check htaccess file, ensure it is readable and that '/var/www/vhosts/saratogahistory.com/httpdocs/phpBB/' is executable
[Tue Aug 25 11:59:09.265581 2020] [core:crit] [pid 6888:tid 140619271853824] (13)Permission denied: [client 203.133.169.112:57802] AH00529: /var/www/vhosts/saratogahistory.com/httpdocs/phpBB/.htaccess pcfg_openfile: unable to check htaccess file, ensure it is readable and that '/var/www/vhosts/saratogahistory.com/httpdocs/phpBB/' is executable
[Tue Aug 25 11:59:14.168208 2020] [core:crit] [pid 6888:tid 140619198424832] (13)Permission denied: [client 203.133.169.112:57982] AH00529: /var/www/vhosts/saratogahistory.com/httpdocs/phpBB/.htaccess pcfg_openfile: unable to check htaccess file, ensure it is readable and that '/var/www/vhosts/saratogahistory.com/httpdocs/phpBB/' is executable
[Tue Aug 25 11:59:19.145050 2020] [core:crit] [pid 32352:tid 140619324303104] (13)Permission denied: [client 203.133.169.112:58166] AH00529: /var/www/vhosts/saratogahistory.com/httpdocs/phpBB/.htaccess pcfg_openfile: unable to check htaccess file, ensure it is readable and that '/var/www/vhosts/saratogahistory.com/httpdocs/phpBB/' is executable
[Tue Aug 25 11:59:24.244192 2020] [core:crit] [pid 6888:tid 140619250874112] (13)Permission denied: [client 203.133.169.112:58314] AH00529: /var/www/vhosts/saratogahistory.com/httpdocs/phpBB/.htaccess pcfg_openfile: unable to check htaccess file, ensure it is readable and that '/var/www/vhosts/saratogahistory.com/httpdocs/phpBB/' is executable
[Tue Aug 25 11:59:29.123248 2020] [core:crit] [pid 6888:tid 140619240384256] (13)Permission denied: [client 203.133.169.112:58458] AH00529: /var/www/vhosts/saratogahistory.com/httpdocs/phpBB/.htaccess pcfg_openfile: unable to check htaccess file, ensure it is readable and that '/var/www/vhosts/saratogahistory.com/httpdocs/phpBB/' is executable
[Tue Aug 25 11:59:33.999798 2020] [core:crit] [pid 6888:tid 140619282343680] (13)Permission denied: [client 203.133.169.112:58632] AH00529: /var/www/vhosts/saratogahistory.com/httpdocs/phpBB/.htaccess pcfg_openfile: unable to check htaccess file, ensure it is readable and that '/var/www/vhosts/saratogahistory.com/httpdocs/phpBB/' is executable
[Tue Aug 25 11:59:39.016540 2020] [core:crit] [pid 6888:tid 140619187934976] (13)Permission denied: [client 203.133.169.112:58804] AH00529: /var/www/vhosts/saratogahistory.com/httpdocs/phpBB/.htaccess pcfg_openfile: unable to check htaccess file, ensure it is readable and that '/var/www/vhosts/saratogahistory.com/httpdocs/phpBB/' is executable
[Tue Aug 25 12:52:32.835044 2020] [core:crit] [pid 6888:tid 140619324303104] (13)Permission denied: [client 185.25.35.10:36446] AH00529: /var/www/vhosts/saratogahistory.com/httpdocs/phpBB/.htaccess pcfg_openfile: unable to check htaccess file, ensure it is readable and that '/var/www/vhosts/saratogahistory.com/httpdocs/phpBB/' is executable
[Tue Aug 25 12:55:29.972834 2020] [core:crit] [pid 32352:tid 140619145975552] (13)Permission denied: [client 185.220.101.205:43996] AH00529: /var/www/vhosts/saratogahistory.com/httpdocs/phpBB/.htaccess pcfg_openfile: unable to check htaccess file, ensure it is readable and that '/var/www/vhosts/saratogahistory.com/httpdocs/phpBB/' is executable, referer: http://www.saratogahistory.com/phpBB/index.php
[Tue Aug 25 13:30:52.822104 2020] [core:crit] [pid 32322:tid 140619187934976] (13)Permission denied: [client 185.25.35.12:46528] AH00529: /var/www/vhosts/saratogahistory.com/httpdocs/phpBB/.htaccess pcfg_openfile: unable to check htaccess file, ensure it is readable and that '/var/www/vhosts/saratogahistory.com/httpdocs/phpBB/' is executable
[Tue Aug 25 13:41:54.119151 2020] [core:crit] [pid 6888:tid 140619303323392] (13)Permission denied: [client 46.246.65.138:47260] AH00529: /var/www/vhosts/saratogahistory.com/httpdocs/phpBB/.htaccess pcfg_openfile: unable to check htaccess file, ensure it is readable and that '/var/www/vhosts/saratogahistory.com/httpdocs/phpBB/' is executable, referer: http://www.saratogahistory.com/phpBB/index.php
[Tue Aug 25 13:41:55.523075 2020] [core:crit] [pid 6888:tid 140619345282816] (13)Permission denied: [client 46.246.65.138:47370] AH00529: /var/www/vhosts/saratogahistory.com/httpdocs/phpBB/.htaccess pcfg_openfile: unable to check htaccess file, ensure it is readable and that '/var/www/vhosts/saratogahistory.com/httpdocs/phpBB/' is executable, referer: http://www.saratogahistory.com/phpBB/index.php
[Tue Aug 25 13:49:51.120126 2020] [core:crit] [pid 32352:tid 140619334792960] (13)Permission denied: [client 185.25.35.9:41274] AH00529: /var/www/vhosts/saratogahistory.com/httpdocs/phpBB/.htaccess pcfg_openfile: unable to check htaccess file, ensure it is readable and that '/var/www/vhosts/saratogahistory.com/httpdocs/phpBB/' is executable
[Tue Aug 25 13:55:12.788562 2020] [core:crit] [pid 6888:tid 140619156465408] (13)Permission denied: [client 37.115.216.98:55000] AH00529: /var/www/vhosts/saratogahistory.com/httpdocs/phpBB/.htaccess pcfg_openfile: unable to check htaccess file, ensure it is readable and that '/var/www/vhosts/saratogahistory.com/httpdocs/phpBB/' is executable, referer: http://www.saratogahistory.com/phpBB/index.php
[Tue Aug 25 13:59:56.983014 2020] [core:crit] [pid 6888:tid 140619355772672] (13)Permission denied: [client 128.14.11.108:38198] AH00529: /var/www/vhosts/saratogahistory.com/httpdocs/phpBB/.htaccess pcfg_openfile: unable to check htaccess file, ensure it is readable and that '/var/www/vhosts/saratogahistory.com/httpdocs/phpBB/' is executable
[Tue Aug 25 13:59:57.565516 2020] [core:crit] [pid 6888:tid 140619376752384] (13)Permission denied: [client 128.14.11.108:38222] AH00529: /var/www/vhosts/saratogahistory.com/httpdocs/phpBB/.htaccess pcfg_openfile: unable to check htaccess file, ensure it is readable and that '/var/www/vhosts/saratogahistory.com/httpdocs/phpBB/' is executable, referer: http://www.saratogahistory.com/phpBB/
[Tue Aug 25 14:06:09.969145 2020] [core:crit] [pid 32352:tid 140619187934976] (13)Permission denied: [client 5.189.239.157:53260] AH00529: /var/www/vhosts/saratogahistory.com/httpdocs/phpBB/.htaccess pcfg_openfile: unable to check htaccess file, ensure it is readable and that '/var/www/vhosts/saratogahistory.com/httpdocs/phpBB/' is executable, referer: http://www.saratogahistory.com/phpBB/viewtopic.php?p=880&sid=544b674311f2203c019ee535033386a0
[Tue Aug 25 14:28:18.046471 2020] [core:crit] [pid 32352:tid 140619292833536] (13)Permission denied: [client 199.249.230.73:53326] AH00529: /var/www/vhosts/saratogahistory.com/httpdocs/phpBB/.htaccess pcfg_openfile: unable to check htaccess file, ensure it is readable and that '/var/www/vhosts/saratogahistory.com/httpdocs/phpBB/' is executable, referer: http://www.saratogahistory.com/phpBB/index.php
[Tue Aug 25 14:34:58.859650 2020] [core:crit] [pid 6888:tid 140619261363968] (13)Permission denied: [client 185.245.84.26:41034] AH00529: /var/www/vhosts/saratogahistory.com/httpdocs/phpBB/.htaccess pcfg_openfile: unable to check htaccess file, ensure it is readable and that '/var/www/vhosts/saratogahistory.com/httpdocs/phpBB/' is executable, referer: http://www.saratogahistory.com/phpBB/index.php
[Tue Aug 25 14:40:37.951118 2020] [core:crit] [pid 32325:tid 140619177445120] (13)Permission denied: [client 128.14.11.108:55752] AH00529: /var/www/vhosts/saratogahistory.com/httpdocs/phpBB/.htaccess pcfg_openfile: unable to check htaccess file, ensure it is readable and that '/var/www/vhosts/saratogahistory.com/httpdocs/phpBB/' is executable
[Tue Aug 25 14:40:38.547889 2020] [core:crit] [pid 32322:tid 140619376752384] (13)Permission denied: [client 128.14.11.108:55784] AH00529: /var/www/vhosts/saratogahistory.com/httpdocs/phpBB/.htaccess pcfg_openfile: unable to check htaccess file, ensure it is readable and that '/var/www/vhosts/saratogahistory.com/httpdocs/phpBB/' is executable, referer: http://www.saratogahistory.com/phpBB/
[Tue Aug 25 15:13:08.473260 2020] [core:crit] [pid 6888:tid 140619187934976] (13)Permission denied: [client 203.133.169.112:35094] AH00529: /var/www/vhosts/saratogahistory.com/httpdocs/phpBB/.htaccess pcfg_openfile: unable to check htaccess file, ensure it is readable and that '/var/www/vhosts/saratogahistory.com/httpdocs/phpBB/' is executable
[Tue Aug 25 15:13:13.350347 2020] [core:crit] [pid 32352:tid 140619208914688] (13)Permission denied: [client 203.133.169.112:35412] AH00529: /var/www/vhosts/saratogahistory.com/httpdocs/phpBB/.htaccess pcfg_openfile: unable to check htaccess file, ensure it is readable and that '/var/www/vhosts/saratogahistory.com/httpdocs/phpBB/' is executable
[Tue Aug 25 15:13:18.227537 2020] [core:crit] [pid 32325:tid 140619313813248] (13)Permission denied: [client 203.133.169.112:35608] AH00529: /var/www/vhosts/saratogahistory.com/httpdocs/phpBB/.htaccess pcfg_openfile: unable to check htaccess file, ensure it is readable and that '/var/www/vhosts/saratogahistory.com/httpdocs/phpBB/' is executable
[Tue Aug 25 15:13:23.147626 2020] [core:crit] [pid 6888:tid 140619261363968] (13)Permission denied: [client 203.133.169.112:35790] AH00529: /var/www/vhosts/saratogahistory.com/httpdocs/phpBB/.htaccess pcfg_openfile: unable to check htaccess file, ensure it is readable and that '/var/www/vhosts/saratogahistory.com/httpdocs/phpBB/' is executable
[Tue Aug 25 15:13:28.149583 2020] [core:crit] [pid 32352:tid 140619334792960] (13)Permission denied: [client 203.133.169.112:36038] AH00529: /var/www/vhosts/saratogahistory.com/httpdocs/phpBB/.htaccess pcfg_openfile: unable to check htaccess file, ensure it is readable and that '/var/www/vhosts/saratogahistory.com/httpdocs/phpBB/' is executable
[Tue Aug 25 15:13:33.145609 2020] [core:crit] [pid 32352:tid 140619229894400] (13)Permission denied: [client 203.133.169.112:36306] AH00529: /var/www/vhosts/saratogahistory.com/httpdocs/phpBB/.htaccess pcfg_openfile: unable to check htaccess file, ensure it is readable and that '/var/www/vhosts/saratogahistory.com/httpdocs/phpBB/' is executable
[Tue Aug 25 15:13:38.073153 2020] [core:crit] [pid 6888:tid 140619229894400] (13)Permission denied: [client 203.133.169.112:36438] AH00529: /var/www/vhosts/saratogahistory.com/httpdocs/phpBB/.htaccess pcfg_openfile: unable to check htaccess file, ensure it is readable and that '/var/www/vhosts/saratogahistory.com/httpdocs/phpBB/' is executable
[Tue Aug 25 15:13:43.324846 2020] [core:crit] [pid 32352:tid 140619366262528] (13)Permission denied: [client 203.133.169.112:36644] AH00529: /var/www/vhosts/saratogahistory.com/httpdocs/phpBB/.htaccess pcfg_openfile: unable to check htaccess file, ensure it is readable and that '/var/www/vhosts/saratogahistory.com/httpdocs/phpBB/' is executable
[Tue Aug 25 15:13:48.299361 2020] [core:crit] [pid 6888:tid 140619208914688] (13)Permission denied: [client 203.133.169.112:36790] AH00529: /var/www/vhosts/saratogahistory.com/httpdocs/phpBB/.htaccess pcfg_openfile: unable to check htaccess file, ensure it is readable and that '/var/www/vhosts/saratogahistory.com/httpdocs/phpBB/' is executable
[Tue Aug 25 15:13:53.193675 2020] [core:crit] [pid 6888:tid 140619156465408] (13)Permission denied: [client 203.133.169.112:36974] AH00529: /var/www/vhosts/saratogahistory.com/httpdocs/phpBB/.htaccess pcfg_openfile: unable to check htaccess file, ensure it is readable and that '/var/www/vhosts/saratogahistory.com/httpdocs/phpBB/' is executable
[Tue Aug 25 15:13:58.113731 2020] [core:crit] [pid 6888:tid 140619219404544] (13)Permission denied: [client 203.133.169.112:37240] AH00529: /var/www/vhosts/saratogahistory.com/httpdocs/phpBB/.htaccess pcfg_openfile: unable to check htaccess file, ensure it is readable and that '/var/www/vhosts/saratogahistory.com/httpdocs/phpBB/' is executable
[Tue Aug 25 15:14:02.999647 2020] [core:crit] [pid 6888:tid 140619124995840] (13)Permission denied: [client 203.133.169.112:37426] AH00529: /var/www/vhosts/saratogahistory.com/httpdocs/phpBB/.htaccess pcfg_openfile: unable to check htaccess file, ensure it is readable and that '/var/www/vhosts/saratogahistory.com/httpdocs/phpBB/' is executable
[Tue Aug 25 15:14:07.888184 2020] [core:crit] [pid 6888:tid 140619177445120] (13)Permission denied: [client 203.133.169.112:37680] AH00529: /var/www/vhosts/saratogahistory.com/httpdocs/phpBB/.htaccess pcfg_openfile: unable to check htaccess file, ensure it is readable and that '/var/www/vhosts/saratogahistory.com/httpdocs/phpBB/' is executable
[Tue Aug 25 15:14:12.770476 2020] [core:crit] [pid 6888:tid 140619145975552] (13)Permission denied: [client 203.133.169.112:37946] AH00529: /var/www/vhosts/saratogahistory.com/httpdocs/phpBB/.htaccess pcfg_openfile: unable to check htaccess file, ensure it is readable and that '/var/www/vhosts/saratogahistory.com/httpdocs/phpBB/' is executable
[Tue Aug 25 15:14:17.999130 2020] [core:crit] [pid 32352:tid 140619376752384] (13)Permission denied: [client 203.133.169.112:38134] AH00529: /var/www/vhosts/saratogahistory.com/httpdocs/phpBB/.htaccess pcfg_openfile: unable to check htaccess file, ensure it is readable and that '/var/www/vhosts/saratogahistory.com/httpdocs/phpBB/' is executable
[Tue Aug 25 15:14:22.983540 2020] [core:crit] [pid 6888:tid 140619166955264] (13)Permission denied: [client 203.133.169.112:38362] AH00529: /var/www/vhosts/saratogahistory.com/httpdocs/phpBB/.htaccess pcfg_openfile: unable to check htaccess file, ensure it is readable and that '/var/www/vhosts/saratogahistory.com/httpdocs/phpBB/' is executable
[Tue Aug 25 15:14:27.967570 2020] [core:crit] [pid 6888:tid 140619135485696] (13)Permission denied: [client 203.133.169.112:38590] AH00529: /var/www/vhosts/saratogahistory.com/httpdocs/phpBB/.htaccess pcfg_openfile: unable to check htaccess file, ensure it is readable and that '/var/www/vhosts/saratogahistory.com/httpdocs/phpBB/' is executable
[Tue Aug 25 15:14:32.948746 2020] [core:crit] [pid 32352:tid 140619345282816] (13)Permission denied: [client 203.133.169.112:38822] AH00529: /var/www/vhosts/saratogahistory.com/httpdocs/phpBB/.htaccess pcfg_openfile: unable to check htaccess file, ensure it is readable and that '/var/www/vhosts/saratogahistory.com/httpdocs/phpBB/' is executable
[Tue Aug 25 15:14:37.929916 2020] [core:crit] [pid 32322:tid 140619334792960] (13)Permission denied: [client 203.133.169.112:38998] AH00529: /var/www/vhosts/saratogahistory.com/httpdocs/phpBB/.htaccess pcfg_openfile: unable to check htaccess file, ensure it is readable and that '/var/www/vhosts/saratogahistory.com/httpdocs/phpBB/' is executable
[Tue Aug 25 15:14:42.815194 2020] [core:crit] [pid 32352:tid 140619187934976] (13)Permission denied: [client 203.133.169.112:39176] AH00529: /var/www/vhosts/saratogahistory.com/httpdocs/phpBB/.htaccess pcfg_openfile: unable to check htaccess file, ensure it is readable and that '/var/www/vhosts/saratogahistory.com/httpdocs/phpBB/' is executable
[Tue Aug 25 15:14:47.802650 2020] [core:crit] [pid 32352:tid 140619219404544] (13)Permission denied: [client 203.133.169.112:39420] AH00529: /var/www/vhosts/saratogahistory.com/httpdocs/phpBB/.htaccess pcfg_openfile: unable to check htaccess file, ensure it is readable and that '/var/www/vhosts/saratogahistory.com/httpdocs/phpBB/' is executable
[Tue Aug 25 15:14:53.041487 2020] [core:crit] [pid 6888:tid 140619355772672] (13)Permission denied: [client 203.133.169.112:39636] AH00529: /var/www/vhosts/saratogahistory.com/httpdocs/phpBB/.htaccess pcfg_openfile: unable to check htaccess file, ensure it is readable and that '/var/www/vhosts/saratogahistory.com/httpdocs/phpBB/' is executable
[Tue Aug 25 15:14:58.072307 2020] [core:crit] [pid 6888:tid 140619376752384] (13)Permission denied: [client 203.133.169.112:39808] AH00529: /var/www/vhosts/saratogahistory.com/httpdocs/phpBB/.htaccess pcfg_openfile: unable to check htaccess file, ensure it is readable and that '/var/www/vhosts/saratogahistory.com/httpdocs/phpBB/' is executable
[Tue Aug 25 15:15:03.051271 2020] [core:crit] [pid 32325:tid 140619135485696] (13)Permission denied: [client 203.133.169.112:40206] AH00529: /var/www/vhosts/saratogahistory.com/httpdocs/phpBB/.htaccess pcfg_openfile: unable to check htaccess file, ensure it is readable and that '/var/www/vhosts/saratogahistory.com/httpdocs/phpBB/' is executable
[Tue Aug 25 15:15:07.936857 2020] [core:crit] [pid 32325:tid 140619324303104] (13)Permission denied: [client 203.133.169.112:40446] AH00529: /var/www/vhosts/saratogahistory.com/httpdocs/phpBB/.htaccess pcfg_openfile: unable to check htaccess file, ensure it is readable and that '/var/www/vhosts/saratogahistory.com/httpdocs/phpBB/' is executable
[Tue Aug 25 15:15:12.908432 2020] [core:crit] [pid 32352:tid 140619145975552] (13)Permission denied: [client 203.133.169.112:40728] AH00529: /var/www/vhosts/saratogahistory.com/httpdocs/phpBB/.htaccess pcfg_openfile: unable to check htaccess file, ensure it is readable and that '/var/www/vhosts/saratogahistory.com/httpdocs/phpBB/' is executable
[Tue Aug 25 15:15:17.910825 2020] [core:crit] [pid 6888:tid 140619334792960] (13)Permission denied: [client 203.133.169.112:40944] AH00529: /var/www/vhosts/saratogahistory.com/httpdocs/phpBB/.htaccess pcfg_openfile: unable to check htaccess file, ensure it is readable and that '/var/www/vhosts/saratogahistory.com/httpdocs/phpBB/' is executable
[Tue Aug 25 15:15:22.901070 2020] [core:crit] [pid 6888:tid 140619313813248] (13)Permission denied: [client 203.133.169.112:41092] AH00529: /var/www/vhosts/saratogahistory.com/httpdocs/phpBB/.htaccess pcfg_openfile: unable to check htaccess file, ensure it is readable and that '/var/www/vhosts/saratogahistory.com/httpdocs/phpBB/' is executable
[Tue Aug 25 15:15:27.787695 2020] [core:crit] [pid 32352:tid 140619177445120] (13)Permission denied: [client 203.133.169.112:41288] AH00529: /var/www/vhosts/saratogahistory.com/httpdocs/phpBB/.htaccess pcfg_openfile: unable to check htaccess file, ensure it is readable and that '/var/www/vhosts/saratogahistory.com/httpdocs/phpBB/' is executable
[Tue Aug 25 15:15:32.696932 2020] [core:crit] [pid 6888:tid 140619292833536] (13)Permission denied: [client 203.133.169.112:41476] AH00529: /var/www/vhosts/saratogahistory.com/httpdocs/phpBB/.htaccess pcfg_openfile: unable to check htaccess file, ensure it is readable and that '/var/www/vhosts/saratogahistory.com/httpdocs/phpBB/' is executable
[Tue Aug 25 15:15:38.092359 2020] [core:crit] [pid 6888:tid 140619303323392] (13)Permission denied: [client 203.133.169.112:41694] AH00529: /var/www/vhosts/saratogahistory.com/httpdocs/phpBB/.htaccess pcfg_openfile: unable to check htaccess file, ensure it is readable and that '/var/www/vhosts/saratogahistory.com/httpdocs/phpBB/' is executable
[Tue Aug 25 15:15:43.082932 2020] [core:crit] [pid 6888:tid 140619324303104] (13)Permission denied: [client 203.133.169.112:41860] AH00529: /var/www/vhosts/saratogahistory.com/httpdocs/phpBB/.htaccess pcfg_openfile: unable to check htaccess file, ensure it is readable and that '/var/www/vhosts/saratogahistory.com/httpdocs/phpBB/' is executable
[Tue Aug 25 15:15:47.959852 2020] [core:crit] [pid 6888:tid 140619345282816] (13)Permission denied: [client 203.133.169.112:41998] AH00529: /var/www/vhosts/saratogahistory.com/httpdocs/phpBB/.htaccess pcfg_openfile: unable to check htaccess file, ensure it is readable and that '/var/www/vhosts/saratogahistory.com/httpdocs/phpBB/' is executable
[Tue Aug 25 15:15:52.941091 2020] [core:crit] [pid 6888:tid 140619366262528] (13)Permission denied: [client 203.133.169.112:42142] AH00529: /var/www/vhosts/saratogahistory.com/httpdocs/phpBB/.htaccess pcfg_openfile: unable to check htaccess file, ensure it is readable and that '/var/www/vhosts/saratogahistory.com/httpdocs/phpBB/' is executable
[Tue Aug 25 15:18:07.374125 2020] [core:crit] [pid 32352:tid 140619166955264] (13)Permission denied: [client 5.153.178.86:47686] AH00529: /var/www/vhosts/saratogahistory.com/httpdocs/phpBB/.htaccess pcfg_openfile: unable to check htaccess file, ensure it is readable and that '/var/www/vhosts/saratogahistory.com/httpdocs/phpBB/' is executable, referer: http://www.saratogahistory.com/phpBB/viewtopic.php?p=981&sid=c794c1480c26c297bf045a1250a7af8b
[Tue Aug 25 15:33:18.358108 2020] [proxy_fcgi:error] [pid 32352:tid 140619156465408] [client 217.182.140.117:58556] AH01071: Got error 'Primary script unknown\n', referer: http://saratogahistory.com/wp-login.php
[Tue Aug 25 15:53:47.446618 2020] [core:crit] [pid 6888:tid 140619366262528] (13)Permission denied: [client 178.159.37.23:53444] AH00529: /var/www/vhosts/saratogahistory.com/httpdocs/phpBB/.htaccess pcfg_openfile: unable to check htaccess file, ensure it is readable and that '/var/www/vhosts/saratogahistory.com/httpdocs/phpBB/' is executable, referer: http://www.saratogahistory.com/phpBB/index.php
[Tue Aug 25 16:09:28.545088 2020] [core:crit] [pid 6888:tid 140619124995840] (13)Permission denied: [client 162.247.74.7:38196] AH00529: /var/www/vhosts/saratogahistory.com/httpdocs/phpBB/.htaccess pcfg_openfile: unable to check htaccess file, ensure it is readable and that '/var/www/vhosts/saratogahistory.com/httpdocs/phpBB/' is executable, referer: http://www.saratogahistory.com/phpBB/index.php
[Tue Aug 25 16:21:45.875183 2020] [core:crit] [pid 32325:tid 140619282343680] (13)Permission denied: [client 5.189.239.157:49690] AH00529: /var/www/vhosts/saratogahistory.com/httpdocs/phpBB/.htaccess pcfg_openfile: unable to check htaccess file, ensure it is readable and that '/var/www/vhosts/saratogahistory.com/httpdocs/phpBB/' is executable, referer: http://www.saratogahistory.com/phpBB/viewtopic.php?p=880&sid=544b674311f2203c019ee535033386a0
[Tue Aug 25 16:23:37.464087 2020] [core:crit] [pid 6888:tid 140619366262528] (13)Permission denied: [client 5.189.239.157:55470] AH00529: /var/www/vhosts/saratogahistory.com/httpdocs/phpBB/.htaccess pcfg_openfile: unable to check htaccess file, ensure it is readable and that '/var/www/vhosts/saratogahistory.com/httpdocs/phpBB/' is executable, referer: http://www.saratogahistory.com/phpBB/viewtopic.php?p=880&sid=544b674311f2203c019ee535033386a0
[Tue Aug 25 16:44:42.015404 2020] [core:crit] [pid 32325:tid 140619334792960] (13)Permission denied: [client 78.138.157.42:55084] AH00529: /var/www/vhosts/saratogahistory.com/httpdocs/phpBB/.htaccess pcfg_openfile: unable to check htaccess file, ensure it is readable and that '/var/www/vhosts/saratogahistory.com/httpdocs/phpBB/' is executable, referer: http://www.saratogahistory.com/phpBB/index.php
[Tue Aug 25 16:44:43.134047 2020] [proxy_fcgi:error] [pid 32352:tid 140619187934976] [client 78.138.157.42:55138] AH01071: Got error 'Primary script unknown\n', referer: http://www.saratogahistory.com/index.php
[Tue Aug 25 16:44:43.456160 2020] [proxy_fcgi:error] [pid 6888:tid 140619177445120] [client 78.138.157.42:55156] AH01071: Got error 'Primary script unknown\n', referer: http://www.saratogahistory.com/index.php
[Tue Aug 25 16:44:43.762546 2020] [proxy_fcgi:error] [pid 32325:tid 140619345282816] [client 78.138.157.42:55174] AH01071: Got error 'Primary script unknown\n', referer: http://www.saratogahistory.com/index.php
[Tue Aug 25 17:24:59.114158 2020] [core:crit] [pid 6888:tid 140619355772672] (13)Permission denied: [client 66.249.66.23:55794] AH00529: /var/www/vhosts/saratogahistory.com/httpdocs/phpBB/.htaccess pcfg_openfile: unable to check htaccess file, ensure it is readable and that '/var/www/vhosts/saratogahistory.com/httpdocs/phpBB/' is executable
[Tue Aug 25 17:29:38.191097 2020] [core:crit] [pid 32352:tid 140619282343680] (13)Permission denied: [client 66.249.66.23:39178] AH00529: /var/www/vhosts/saratogahistory.com/httpdocs/phpBB/.htaccess pcfg_openfile: unable to check htaccess file, ensure it is readable and that '/var/www/vhosts/saratogahistory.com/httpdocs/phpBB/' is executable
[Tue Aug 25 17:33:06.794738 2020] [core:crit] [pid 6888:tid 140619345282816] (13)Permission denied: [client 66.249.66.23:48180] AH00529: /var/www/vhosts/saratogahistory.com/httpdocs/phpBB/.htaccess pcfg_openfile: unable to check htaccess file, ensure it is readable and that '/var/www/vhosts/saratogahistory.com/httpdocs/phpBB/' is executable
[Tue Aug 25 17:33:49.985155 2020] [core:crit] [pid 6888:tid 140619366262528] (13)Permission denied: [client 66.249.66.21:49830] AH00529: /var/www/vhosts/saratogahistory.com/httpdocs/phpBB/.htaccess pcfg_openfile: unable to check htaccess file, ensure it is readable and that '/var/www/vhosts/saratogahistory.com/httpdocs/phpBB/' is executable
[Tue Aug 25 17:37:47.286343 2020] [core:crit] [pid 6888:tid 140619240384256] (13)Permission denied: [client 66.249.66.21:60296] AH00529: /var/www/vhosts/saratogahistory.com/httpdocs/phpBB/.htaccess pcfg_openfile: unable to check htaccess file, ensure it is readable and that '/var/www/vhosts/saratogahistory.com/httpdocs/phpBB/' is executable
[Tue Aug 25 17:45:06.287913 2020] [core:crit] [pid 32325:tid 140619355772672] (13)Permission denied: [client 46.246.65.138:50418] AH00529: /var/www/vhosts/saratogahistory.com/httpdocs/phpBB/.htaccess pcfg_openfile: unable to check htaccess file, ensure it is readable and that '/var/www/vhosts/saratogahistory.com/httpdocs/phpBB/' is executable, referer: http://www.saratogahistory.com/phpBB/index.php
[Tue Aug 25 17:54:52.881020 2020] [core:crit] [pid 6888:tid 140619198424832] (13)Permission denied: [client 185.25.35.11:47194] AH00529: /var/www/vhosts/saratogahistory.com/httpdocs/phpBB/.htaccess pcfg_openfile: unable to check htaccess file, ensure it is readable and that '/var/www/vhosts/saratogahistory.com/httpdocs/phpBB/' is executable
[Tue Aug 25 17:55:37.178776 2020] [core:crit] [pid 6888:tid 140619250874112] (13)Permission denied: [client 185.205.204.134:49288] AH00529: /var/www/vhosts/saratogahistory.com/httpdocs/phpBB/.htaccess pcfg_openfile: unable to check htaccess file, ensure it is readable and that '/var/www/vhosts/saratogahistory.com/httpdocs/phpBB/' is executable, referer: http://www.saratogahistory.com/phpBB/index.php
[Tue Aug 25 17:55:38.128450 2020] [proxy_fcgi:error] [pid 6888:tid 140619187934976] [client 185.205.204.134:49330] AH01071: Got error 'Primary script unknown\n', referer: http://www.saratogahistory.com/index.php
[Tue Aug 25 17:55:38.457334 2020] [proxy_fcgi:error] [pid 6888:tid 140619261363968] [client 185.205.204.134:49344] AH01071: Got error 'Primary script unknown\n', referer: http://www.saratogahistory.com/index.php
[Tue Aug 25 17:55:38.768522 2020] [proxy_fcgi:error] [pid 32322:tid 140619282343680] [client 185.205.204.134:49356] AH01071: Got error 'Primary script unknown\n', referer: http://www.saratogahistory.com/index.php
[Tue Aug 25 18:01:37.240237 2020] [core:crit] [pid 6888:tid 140619156465408] (13)Permission denied: [client 185.220.100.241:35864] AH00529: /var/www/vhosts/saratogahistory.com/httpdocs/phpBB/.htaccess pcfg_openfile: unable to check htaccess file, ensure it is readable and that '/var/www/vhosts/saratogahistory.com/httpdocs/phpBB/' is executable, referer: http://www.saratogahistory.com/phpBB/index.php
[Tue Aug 25 18:16:13.973316 2020] [core:crit] [pid 32352:tid 140619135485696] (13)Permission denied: [client 185.220.101.15:43712] AH00529: /var/www/vhosts/saratogahistory.com/httpdocs/phpBB/.htaccess pcfg_openfile: unable to check htaccess file, ensure it is readable and that '/var/www/vhosts/saratogahistory.com/httpdocs/phpBB/' is executable, referer: http://www.saratogahistory.com/phpBB/index.php
[Tue Aug 25 18:43:23.179248 2020] [core:crit] [pid 6888:tid 140619177445120] (13)Permission denied: [client 5.188.84.230:52984] AH00529: /var/www/vhosts/saratogahistory.com/httpdocs/phpBB/.htaccess pcfg_openfile: unable to check htaccess file, ensure it is readable and that '/var/www/vhosts/saratogahistory.com/httpdocs/phpBB/' is executable, referer: http://www.saratogahistory.com/phpBB/index.php
[Tue Aug 25 19:08:23.093032 2020] [core:crit] [pid 6888:tid 140619240384256] (13)Permission denied: [client 185.25.35.10:52778] AH00529: /var/www/vhosts/saratogahistory.com/httpdocs/phpBB/.htaccess pcfg_openfile: unable to check htaccess file, ensure it is readable and that '/var/www/vhosts/saratogahistory.com/httpdocs/phpBB/' is executable
[Tue Aug 25 19:34:57.540248 2020] [core:crit] [pid 32322:tid 140619219404544] (13)Permission denied: [client 195.154.39.13:60602] AH00529: /var/www/vhosts/saratogahistory.com/httpdocs/phpBB/.htaccess pcfg_openfile: unable to check htaccess file, ensure it is readable and that '/var/www/vhosts/saratogahistory.com/httpdocs/phpBB/' is executable, referer: http://www.saratogahistory.com/
[Tue Aug 25 19:43:30.502185 2020] [core:crit] [pid 6888:tid 140619229894400] (13)Permission denied: [client 203.133.169.112:49042] AH00529: /var/www/vhosts/saratogahistory.com/httpdocs/phpBB/.htaccess pcfg_openfile: unable to check htaccess file, ensure it is readable and that '/var/www/vhosts/saratogahistory.com/httpdocs/phpBB/' is executable
[Tue Aug 25 19:43:35.556126 2020] [core:crit] [pid 32325:tid 140619240384256] (13)Permission denied: [client 203.133.169.112:49194] AH00529: /var/www/vhosts/saratogahistory.com/httpdocs/phpBB/.htaccess pcfg_openfile: unable to check htaccess file, ensure it is readable and that '/var/www/vhosts/saratogahistory.com/httpdocs/phpBB/' is executable
[Tue Aug 25 19:43:40.557979 2020] [core:crit] [pid 6888:tid 140619208914688] (13)Permission denied: [client 203.133.169.112:49374] AH00529: /var/www/vhosts/saratogahistory.com/httpdocs/phpBB/.htaccess pcfg_openfile: unable to check htaccess file, ensure it is readable and that '/var/www/vhosts/saratogahistory.com/httpdocs/phpBB/' is executable
[Tue Aug 25 19:43:45.519850 2020] [core:crit] [pid 6888:tid 140619156465408] (13)Permission denied: [client 203.133.169.112:49602] AH00529: /var/www/vhosts/saratogahistory.com/httpdocs/phpBB/.htaccess pcfg_openfile: unable to check htaccess file, ensure it is readable and that '/var/www/vhosts/saratogahistory.com/httpdocs/phpBB/' is executable
[Tue Aug 25 19:43:50.630421 2020] [core:crit] [pid 6888:tid 140619219404544] (13)Permission denied: [client 203.133.169.112:49732] AH00529: /var/www/vhosts/saratogahistory.com/httpdocs/phpBB/.htaccess pcfg_openfile: unable to check htaccess file, ensure it is readable and that '/var/www/vhosts/saratogahistory.com/httpdocs/phpBB/' is executable
[Tue Aug 25 19:43:55.688133 2020] [core:crit] [pid 32352:tid 140619208914688] (13)Permission denied: [client 203.133.169.112:49850] AH00529: /var/www/vhosts/saratogahistory.com/httpdocs/phpBB/.htaccess pcfg_openfile: unable to check htaccess file, ensure it is readable and that '/var/www/vhosts/saratogahistory.com/httpdocs/phpBB/' is executable
[Tue Aug 25 19:44:00.965029 2020] [core:crit] [pid 32325:tid 140619303323392] (13)Permission denied: [client 203.133.169.112:50020] AH00529: /var/www/vhosts/saratogahistory.com/httpdocs/phpBB/.htaccess pcfg_openfile: unable to check htaccess file, ensure it is readable and that '/var/www/vhosts/saratogahistory.com/httpdocs/phpBB/' is executable
[Tue Aug 25 19:44:05.950499 2020] [core:crit] [pid 6888:tid 140619124995840] (13)Permission denied: [client 203.133.169.112:50190] AH00529: /var/www/vhosts/saratogahistory.com/httpdocs/phpBB/.htaccess pcfg_openfile: unable to check htaccess file, ensure it is readable and that '/var/www/vhosts/saratogahistory.com/httpdocs/phpBB/' is executable
[Tue Aug 25 19:44:10.903613 2020] [core:crit] [pid 6888:tid 140619177445120] (13)Permission denied: [client 203.133.169.112:50384] AH00529: /var/www/vhosts/saratogahistory.com/httpdocs/phpBB/.htaccess pcfg_openfile: unable to check htaccess file, ensure it is readable and that '/var/www/vhosts/saratogahistory.com/httpdocs/phpBB/' is executable
[Tue Aug 25 19:44:15.867388 2020] [core:crit] [pid 32352:tid 140619334792960] (13)Permission denied: [client 203.133.169.112:50574] AH00529: /var/www/vhosts/saratogahistory.com/httpdocs/phpBB/.htaccess pcfg_openfile: unable to check htaccess file, ensure it is readable and that '/var/www/vhosts/saratogahistory.com/httpdocs/phpBB/' is executable
[Tue Aug 25 19:44:20.929313 2020] [core:crit] [pid 32352:tid 140619366262528] (13)Permission denied: [client 203.133.169.112:50698] AH00529: /var/www/vhosts/saratogahistory.com/httpdocs/phpBB/.htaccess pcfg_openfile: unable to check htaccess file, ensure it is readable and that '/var/www/vhosts/saratogahistory.com/httpdocs/phpBB/' is executable
[Tue Aug 25 19:44:25.992593 2020] [core:crit] [pid 6888:tid 140619145975552] (13)Permission denied: [client 203.133.169.112:50890] AH00529: /var/www/vhosts/saratogahistory.com/httpdocs/phpBB/.htaccess pcfg_openfile: unable to check htaccess file, ensure it is readable and that '/var/www/vhosts/saratogahistory.com/httpdocs/phpBB/' is executable
[Tue Aug 25 19:44:31.043818 2020] [core:crit] [pid 32325:tid 140619292833536] (13)Permission denied: [client 203.133.169.112:51040] AH00529: /var/www/vhosts/saratogahistory.com/httpdocs/phpBB/.htaccess pcfg_openfile: unable to check htaccess file, ensure it is readable and that '/var/www/vhosts/saratogahistory.com/httpdocs/phpBB/' is executable
[Tue Aug 25 19:44:36.116681 2020] [core:crit] [pid 6888:tid 140619166955264] (13)Permission denied: [client 203.133.169.112:51184] AH00529: /var/www/vhosts/saratogahistory.com/httpdocs/phpBB/.htaccess pcfg_openfile: unable to check htaccess file, ensure it is readable and that '/var/www/vhosts/saratogahistory.com/httpdocs/phpBB/' is executable
[Tue Aug 25 19:44:41.182210 2020] [core:crit] [pid 6888:tid 140619135485696] (13)Permission denied: [client 203.133.169.112:51290] AH00529: /var/www/vhosts/saratogahistory.com/httpdocs/phpBB/.htaccess pcfg_openfile: unable to check htaccess file, ensure it is readable and that '/var/www/vhosts/saratogahistory.com/httpdocs/phpBB/' is executable
[Tue Aug 25 19:44:46.259867 2020] [core:crit] [pid 6888:tid 140619355772672] (13)Permission denied: [client 203.133.169.112:51438] AH00529: /var/www/vhosts/saratogahistory.com/httpdocs/phpBB/.htaccess pcfg_openfile: unable to check htaccess file, ensure it is readable and that '/var/www/vhosts/saratogahistory.com/httpdocs/phpBB/' is executable
[Tue Aug 25 19:44:51.207284 2020] [core:crit] [pid 32352:tid 140619376752384] (13)Permission denied: [client 203.133.169.112:51606] AH00529: /var/www/vhosts/saratogahistory.com/httpdocs/phpBB/.htaccess pcfg_openfile: unable to check htaccess file, ensure it is readable and that '/var/www/vhosts/saratogahistory.com/httpdocs/phpBB/' is executable
[Tue Aug 25 19:44:56.168031 2020] [core:crit] [pid 32325:tid 140619282343680] (13)Permission denied: [client 203.133.169.112:51740] AH00529: /var/www/vhosts/saratogahistory.com/httpdocs/phpBB/.htaccess pcfg_openfile: unable to check htaccess file, ensure it is readable and that '/var/www/vhosts/saratogahistory.com/httpdocs/phpBB/' is executable
[Tue Aug 25 19:45:01.134144 2020] [core:crit] [pid 32352:tid 140619345282816] (13)Permission denied: [client 203.133.169.112:51860] AH00529: /var/www/vhosts/saratogahistory.com/httpdocs/phpBB/.htaccess pcfg_openfile: unable to check htaccess file, ensure it is readable and that '/var/www/vhosts/saratogahistory.com/httpdocs/phpBB/' is executable
[Tue Aug 25 19:45:06.211733 2020] [core:crit] [pid 6888:tid 140619376752384] (13)Permission denied: [client 203.133.169.112:52164] AH00529: /var/www/vhosts/saratogahistory.com/httpdocs/phpBB/.htaccess pcfg_openfile: unable to check htaccess file, ensure it is readable and that '/var/www/vhosts/saratogahistory.com/httpdocs/phpBB/' is executable
[Tue Aug 25 19:45:11.277424 2020] [core:crit] [pid 6888:tid 140619334792960] (13)Permission denied: [client 203.133.169.112:52304] AH00529: /var/www/vhosts/saratogahistory.com/httpdocs/phpBB/.htaccess pcfg_openfile: unable to check htaccess file, ensure it is readable and that '/var/www/vhosts/saratogahistory.com/httpdocs/phpBB/' is executable
[Tue Aug 25 19:45:16.366551 2020] [core:crit] [pid 32352:tid 140619187934976] (13)Permission denied: [client 203.133.169.112:52500] AH00529: /var/www/vhosts/saratogahistory.com/httpdocs/phpBB/.htaccess pcfg_openfile: unable to check htaccess file, ensure it is readable and that '/var/www/vhosts/saratogahistory.com/httpdocs/phpBB/' is executable
[Tue Aug 25 19:45:21.329980 2020] [core:crit] [pid 32325:tid 140619271853824] (13)Permission denied: [client 203.133.169.112:52668] AH00529: /var/www/vhosts/saratogahistory.com/httpdocs/phpBB/.htaccess pcfg_openfile: unable to check htaccess file, ensure it is readable and that '/var/www/vhosts/saratogahistory.com/httpdocs/phpBB/' is executable
[Tue Aug 25 19:45:26.280495 2020] [core:crit] [pid 32352:tid 140619219404544] (13)Permission denied: [client 203.133.169.112:52846] AH00529: /var/www/vhosts/saratogahistory.com/httpdocs/phpBB/.htaccess pcfg_openfile: unable to check htaccess file, ensure it is readable and that '/var/www/vhosts/saratogahistory.com/httpdocs/phpBB/' is executable
[Tue Aug 25 19:45:31.353200 2020] [core:crit] [pid 6888:tid 140619313813248] (13)Permission denied: [client 203.133.169.112:53008] AH00529: /var/www/vhosts/saratogahistory.com/httpdocs/phpBB/.htaccess pcfg_openfile: unable to check htaccess file, ensure it is readable and that '/var/www/vhosts/saratogahistory.com/httpdocs/phpBB/' is executable
[Tue Aug 25 19:45:36.318226 2020] [core:crit] [pid 6888:tid 140619303323392] (13)Permission denied: [client 203.133.169.112:53168] AH00529: /var/www/vhosts/saratogahistory.com/httpdocs/phpBB/.htaccess pcfg_openfile: unable to check htaccess file, ensure it is readable and that '/var/www/vhosts/saratogahistory.com/httpdocs/phpBB/' is executable
[Tue Aug 25 19:45:41.283606 2020] [core:crit] [pid 6888:tid 140619324303104] (13)Permission denied: [client 203.133.169.112:53328] AH00529: /var/www/vhosts/saratogahistory.com/httpdocs/phpBB/.htaccess pcfg_openfile: unable to check htaccess file, ensure it is readable and that '/var/www/vhosts/saratogahistory.com/httpdocs/phpBB/' is executable
[Tue Aug 25 19:45:46.270052 2020] [core:crit] [pid 6888:tid 140619345282816] (13)Permission denied: [client 203.133.169.112:53506] AH00529: /var/www/vhosts/saratogahistory.com/httpdocs/phpBB/.htaccess pcfg_openfile: unable to check htaccess file, ensure it is readable and that '/var/www/vhosts/saratogahistory.com/httpdocs/phpBB/' is executable
[Tue Aug 25 19:50:32.535842 2020] [core:crit] [pid 32352:tid 140619177445120] (13)Permission denied: [client 185.25.35.10:35908] AH00529: /var/www/vhosts/saratogahistory.com/httpdocs/phpBB/.htaccess pcfg_openfile: unable to check htaccess file, ensure it is readable and that '/var/www/vhosts/saratogahistory.com/httpdocs/phpBB/' is executable
[Tue Aug 25 20:09:20.348179 2020] [core:crit] [pid 6888:tid 140619324303104] (13)Permission denied: [client 185.25.35.8:48410] AH00529: /var/www/vhosts/saratogahistory.com/httpdocs/phpBB/.htaccess pcfg_openfile: unable to check htaccess file, ensure it is readable and that '/var/www/vhosts/saratogahistory.com/httpdocs/phpBB/' is executable
[Tue Aug 25 20:45:14.336392 2020] [core:crit] [pid 6888:tid 140619303323392] (13)Permission denied: [client 178.214.244.94:48876] AH00529: /var/www/vhosts/saratogahistory.com/httpdocs/phpBB/.htaccess pcfg_openfile: unable to check htaccess file, ensure it is readable and that '/var/www/vhosts/saratogahistory.com/httpdocs/phpBB/' is executable, referer: http://www.saratogahistory.com/phpBB/index.php
[Tue Aug 25 20:53:00.327100 2020] [proxy_fcgi:error] [pid 6888:tid 140619240384256] [client 89.35.39.180:40804] AH01071: Got error 'Primary script unknown\n'
[Tue Aug 25 21:44:55.606097 2020] [core:crit] [pid 32352:tid 140619303323392] (13)Permission denied: [client 62.102.148.68:50642] AH00529: /var/www/vhosts/saratogahistory.com/httpdocs/phpBB/.htaccess pcfg_openfile: unable to check htaccess file, ensure it is readable and that '/var/www/vhosts/saratogahistory.com/httpdocs/phpBB/' is executable, referer: http://www.saratogahistory.com/phpBB/index.php
[Tue Aug 25 21:58:43.737029 2020] [core:crit] [pid 32322:tid 140619376752384] (13)Permission denied: [client 5.189.239.157:57442] AH00529: /var/www/vhosts/saratogahistory.com/httpdocs/phpBB/.htaccess pcfg_openfile: unable to check htaccess file, ensure it is readable and that '/var/www/vhosts/saratogahistory.com/httpdocs/phpBB/' is executable, referer: http://www.saratogahistory.com/phpBB/viewtopic.php?p=880&sid=544b674311f2203c019ee535033386a0
[Tue Aug 25 22:12:25.688563 2020] [core:crit] [pid 6888:tid 140619124995840] (13)Permission denied: [client 95.111.240.199:60018] AH00529: /var/www/vhosts/saratogahistory.com/httpdocs/phpBB/.htaccess pcfg_openfile: unable to check htaccess file, ensure it is readable and that '/var/www/vhosts/saratogahistory.com/httpdocs/phpBB/' is executable, referer: http://www.saratogahistory.com/phpBB/index.php
[Tue Aug 25 22:12:26.596047 2020] [proxy_fcgi:error] [pid 32352:tid 140619250874112] [client 95.111.240.199:60052] AH01071: Got error 'Primary script unknown\n', referer: http://www.saratogahistory.com/index.php
[Tue Aug 25 22:12:26.843022 2020] [proxy_fcgi:error] [pid 6888:tid 140619166955264] [client 95.111.240.199:60060] AH01071: Got error 'Primary script unknown\n', referer: http://www.saratogahistory.com/index.php
[Tue Aug 25 22:12:27.086089 2020] [proxy_fcgi:error] [pid 6888:tid 140619355772672] [client 95.111.240.199:60066] AH01071: Got error 'Primary script unknown\n', referer: http://www.saratogahistory.com/index.php
[Tue Aug 25 22:48:20.936623 2020] [core:crit] [pid 6888:tid 140619187934976] (13)Permission denied: [client 176.107.183.146:35678] AH00529: /var/www/vhosts/saratogahistory.com/httpdocs/phpBB/.htaccess pcfg_openfile: unable to check htaccess file, ensure it is readable and that '/var/www/vhosts/saratogahistory.com/httpdocs/phpBB/' is executable, referer: http://www.saratogahistory.com/phpBB/index.php
[Tue Aug 25 23:04:32.430673 2020] [core:crit] [pid 6888:tid 140619166955264] (13)Permission denied: [client 104.143.92.164:46242] AH00529: /var/www/vhosts/saratogahistory.com/httpdocs/phpBB/.htaccess pcfg_openfile: unable to check htaccess file, ensure it is readable and that '/var/www/vhosts/saratogahistory.com/httpdocs/phpBB/' is executable, referer: http://www.saratogahistory.com/phpBB/index.php
[Tue Aug 25 23:07:25.582224 2020] [core:crit] [pid 6888:tid 140619313813248] (13)Permission denied: [client 203.133.169.112:53956] AH00529: /var/www/vhosts/saratogahistory.com/httpdocs/phpBB/.htaccess pcfg_openfile: unable to check htaccess file, ensure it is readable and that '/var/www/vhosts/saratogahistory.com/httpdocs/phpBB/' is executable
[Tue Aug 25 23:07:30.559736 2020] [core:crit] [pid 32352:tid 140619219404544] (13)Permission denied: [client 203.133.169.112:54152] AH00529: /var/www/vhosts/saratogahistory.com/httpdocs/phpBB/.htaccess pcfg_openfile: unable to check htaccess file, ensure it is readable and that '/var/www/vhosts/saratogahistory.com/httpdocs/phpBB/' is executable
[Tue Aug 25 23:07:35.514580 2020] [core:crit] [pid 6888:tid 140619292833536] (13)Permission denied: [client 203.133.169.112:54376] AH00529: /var/www/vhosts/saratogahistory.com/httpdocs/phpBB/.htaccess pcfg_openfile: unable to check htaccess file, ensure it is readable and that '/var/www/vhosts/saratogahistory.com/httpdocs/phpBB/' is executable
[Tue Aug 25 23:07:40.494302 2020] [core:crit] [pid 32325:tid 140619124995840] (13)Permission denied: [client 203.133.169.112:54550] AH00529: /var/www/vhosts/saratogahistory.com/httpdocs/phpBB/.htaccess pcfg_openfile: unable to check htaccess file, ensure it is readable and that '/var/www/vhosts/saratogahistory.com/httpdocs/phpBB/' is executable
[Tue Aug 25 23:07:45.569504 2020] [core:crit] [pid 32352:tid 140619145975552] (13)Permission denied: [client 203.133.169.112:54768] AH00529: /var/www/vhosts/saratogahistory.com/httpdocs/phpBB/.htaccess pcfg_openfile: unable to check htaccess file, ensure it is readable and that '/var/www/vhosts/saratogahistory.com/httpdocs/phpBB/' is executable
[Tue Aug 25 23:07:50.654606 2020] [core:crit] [pid 6888:tid 140619303323392] (13)Permission denied: [client 203.133.169.112:54982] AH00529: /var/www/vhosts/saratogahistory.com/httpdocs/phpBB/.htaccess pcfg_openfile: unable to check htaccess file, ensure it is readable and that '/var/www/vhosts/saratogahistory.com/httpdocs/phpBB/' is executable
[Tue Aug 25 23:07:55.967687 2020] [core:crit] [pid 6888:tid 140619324303104] (13)Permission denied: [client 203.133.169.112:55256] AH00529: /var/www/vhosts/saratogahistory.com/httpdocs/phpBB/.htaccess pcfg_openfile: unable to check htaccess file, ensure it is readable and that '/var/www/vhosts/saratogahistory.com/httpdocs/phpBB/' is executable
[Tue Aug 25 23:08:00.955823 2020] [core:crit] [pid 6888:tid 140619271853824] (13)Permission denied: [client 203.133.169.112:55464] AH00529: /var/www/vhosts/saratogahistory.com/httpdocs/phpBB/.htaccess pcfg_openfile: unable to check htaccess file, ensure it is readable and that '/var/www/vhosts/saratogahistory.com/httpdocs/phpBB/' is executable
[Tue Aug 25 23:08:06.021482 2020] [core:crit] [pid 6888:tid 140619345282816] (13)Permission denied: [client 203.133.169.112:55634] AH00529: /var/www/vhosts/saratogahistory.com/httpdocs/phpBB/.htaccess pcfg_openfile: unable to check htaccess file, ensure it is readable and that '/var/www/vhosts/saratogahistory.com/httpdocs/phpBB/' is executable
[Tue Aug 25 23:08:11.028670 2020] [core:crit] [pid 6888:tid 140619198424832] (13)Permission denied: [client 203.133.169.112:55790] AH00529: /var/www/vhosts/saratogahistory.com/httpdocs/phpBB/.htaccess pcfg_openfile: unable to check htaccess file, ensure it is readable and that '/var/www/vhosts/saratogahistory.com/httpdocs/phpBB/' is executable
[Tue Aug 25 23:08:16.088861 2020] [core:crit] [pid 32352:tid 140619177445120] (13)Permission denied: [client 203.133.169.112:55962] AH00529: /var/www/vhosts/saratogahistory.com/httpdocs/phpBB/.htaccess pcfg_openfile: unable to check htaccess file, ensure it is readable and that '/var/www/vhosts/saratogahistory.com/httpdocs/phpBB/' is executable
[Tue Aug 25 23:08:21.043404 2020] [core:crit] [pid 6888:tid 140619366262528] (13)Permission denied: [client 203.133.169.112:56158] AH00529: /var/www/vhosts/saratogahistory.com/httpdocs/phpBB/.htaccess pcfg_openfile: unable to check htaccess file, ensure it is readable and that '/var/www/vhosts/saratogahistory.com/httpdocs/phpBB/' is executable
[Tue Aug 25 23:08:26.170772 2020] [core:crit] [pid 6888:tid 140619250874112] (13)Permission denied: [client 203.133.169.112:56508] AH00529: /var/www/vhosts/saratogahistory.com/httpdocs/phpBB/.htaccess pcfg_openfile: unable to check htaccess file, ensure it is readable and that '/var/www/vhosts/saratogahistory.com/httpdocs/phpBB/' is executable
[Tue Aug 25 23:08:31.652946 2020] [core:crit] [pid 32325:tid 140619145975552] (13)Permission denied: [client 203.133.169.112:56732] AH00529: /var/www/vhosts/saratogahistory.com/httpdocs/phpBB/.htaccess pcfg_openfile: unable to check htaccess file, ensure it is readable and that '/var/www/vhosts/saratogahistory.com/httpdocs/phpBB/' is executable
[Tue Aug 25 23:08:36.717710 2020] [core:crit] [pid 6888:tid 140619240384256] (13)Permission denied: [client 203.133.169.112:56962] AH00529: /var/www/vhosts/saratogahistory.com/httpdocs/phpBB/.htaccess pcfg_openfile: unable to check htaccess file, ensure it is readable and that '/var/www/vhosts/saratogahistory.com/httpdocs/phpBB/' is executable
[Tue Aug 25 23:08:41.771233 2020] [core:crit] [pid 6888:tid 140619282343680] (13)Permission denied: [client 203.133.169.112:57202] AH00529: /var/www/vhosts/saratogahistory.com/httpdocs/phpBB/.htaccess pcfg_openfile: unable to check htaccess file, ensure it is readable and that '/var/www/vhosts/saratogahistory.com/httpdocs/phpBB/' is executable
[Tue Aug 25 23:08:46.725609 2020] [core:crit] [pid 6888:tid 140619187934976] (13)Permission denied: [client 203.133.169.112:57354] AH00529: /var/www/vhosts/saratogahistory.com/httpdocs/phpBB/.htaccess pcfg_openfile: unable to check htaccess file, ensure it is readable and that '/var/www/vhosts/saratogahistory.com/httpdocs/phpBB/' is executable
[Tue Aug 25 23:08:51.777585 2020] [core:crit] [pid 6888:tid 140619261363968] (13)Permission denied: [client 203.133.169.112:57664] AH00529: /var/www/vhosts/saratogahistory.com/httpdocs/phpBB/.htaccess pcfg_openfile: unable to check htaccess file, ensure it is readable and that '/var/www/vhosts/saratogahistory.com/httpdocs/phpBB/' is executable
[Tue Aug 25 23:08:56.728922 2020] [core:crit] [pid 6888:tid 140619229894400] (13)Permission denied: [client 203.133.169.112:57926] AH00529: /var/www/vhosts/saratogahistory.com/httpdocs/phpBB/.htaccess pcfg_openfile: unable to check htaccess file, ensure it is readable and that '/var/www/vhosts/saratogahistory.com/httpdocs/phpBB/' is executable
[Tue Aug 25 23:09:01.683539 2020] [core:crit] [pid 6888:tid 140619208914688] (13)Permission denied: [client 203.133.169.112:58156] AH00529: /var/www/vhosts/saratogahistory.com/httpdocs/phpBB/.htaccess pcfg_openfile: unable to check htaccess file, ensure it is readable and that '/var/www/vhosts/saratogahistory.com/httpdocs/phpBB/' is executable
[Tue Aug 25 23:09:06.649006 2020] [core:crit] [pid 32352:tid 140619166955264] (13)Permission denied: [client 203.133.169.112:58348] AH00529: /var/www/vhosts/saratogahistory.com/httpdocs/phpBB/.htaccess pcfg_openfile: unable to check htaccess file, ensure it is readable and that '/var/www/vhosts/saratogahistory.com/httpdocs/phpBB/' is executable
[Tue Aug 25 23:09:11.724024 2020] [core:crit] [pid 32352:tid 140619135485696] (13)Permission denied: [client 203.133.169.112:58564] AH00529: /var/www/vhosts/saratogahistory.com/httpdocs/phpBB/.htaccess pcfg_openfile: unable to check htaccess file, ensure it is readable and that '/var/www/vhosts/saratogahistory.com/httpdocs/phpBB/' is executable
[Tue Aug 25 23:09:16.682026 2020] [core:crit] [pid 32322:tid 140619324303104] (13)Permission denied: [client 203.133.169.112:58786] AH00529: /var/www/vhosts/saratogahistory.com/httpdocs/phpBB/.htaccess pcfg_openfile: unable to check htaccess file, ensure it is readable and that '/var/www/vhosts/saratogahistory.com/httpdocs/phpBB/' is executable
[Tue Aug 25 23:09:21.625241 2020] [core:crit] [pid 6888:tid 140619156465408] (13)Permission denied: [client 203.133.169.112:58922] AH00529: /var/www/vhosts/saratogahistory.com/httpdocs/phpBB/.htaccess pcfg_openfile: unable to check htaccess file, ensure it is readable and that '/var/www/vhosts/saratogahistory.com/httpdocs/phpBB/' is executable
[Tue Aug 25 23:09:26.572129 2020] [core:crit] [pid 32352:tid 140619303323392] (13)Permission denied: [client 203.133.169.112:59074] AH00529: /var/www/vhosts/saratogahistory.com/httpdocs/phpBB/.htaccess pcfg_openfile: unable to check htaccess file, ensure it is readable and that '/var/www/vhosts/saratogahistory.com/httpdocs/phpBB/' is executable
[Tue Aug 25 23:09:31.644707 2020] [core:crit] [pid 6888:tid 140619219404544] (13)Permission denied: [client 203.133.169.112:59218] AH00529: /var/www/vhosts/saratogahistory.com/httpdocs/phpBB/.htaccess pcfg_openfile: unable to check htaccess file, ensure it is readable and that '/var/www/vhosts/saratogahistory.com/httpdocs/phpBB/' is executable
[Tue Aug 25 23:09:36.611079 2020] [core:crit] [pid 6888:tid 140619124995840] (13)Permission denied: [client 203.133.169.112:59380] AH00529: /var/www/vhosts/saratogahistory.com/httpdocs/phpBB/.htaccess pcfg_openfile: unable to check htaccess file, ensure it is readable and that '/var/www/vhosts/saratogahistory.com/httpdocs/phpBB/' is executable
[Tue Aug 25 23:09:41.678590 2020] [core:crit] [pid 6888:tid 140619177445120] (13)Permission denied: [client 203.133.169.112:59544] AH00529: /var/www/vhosts/saratogahistory.com/httpdocs/phpBB/.htaccess pcfg_openfile: unable to check htaccess file, ensure it is readable and that '/var/www/vhosts/saratogahistory.com/httpdocs/phpBB/' is executable
[Tue Aug 25 23:09:46.741443 2020] [core:crit] [pid 6888:tid 140619145975552] (13)Permission denied: [client 203.133.169.112:59710] AH00529: /var/www/vhosts/saratogahistory.com/httpdocs/phpBB/.htaccess pcfg_openfile: unable to check htaccess file, ensure it is readable and that '/var/www/vhosts/saratogahistory.com/httpdocs/phpBB/' is executable
[Tue Aug 25 23:09:51.708009 2020] [core:crit] [pid 6888:tid 140619166955264] (13)Permission denied: [client 203.133.169.112:59874] AH00529: /var/www/vhosts/saratogahistory.com/httpdocs/phpBB/.htaccess pcfg_openfile: unable to check htaccess file, ensure it is readable and that '/var/www/vhosts/saratogahistory.com/httpdocs/phpBB/' is executable
[Tue Aug 25 23:09:56.774670 2020] [core:crit] [pid 32352:tid 140619156465408] (13)Permission denied: [client 203.133.169.112:60022] AH00529: /var/www/vhosts/saratogahistory.com/httpdocs/phpBB/.htaccess pcfg_openfile: unable to check htaccess file, ensure it is readable and that '/var/www/vhosts/saratogahistory.com/httpdocs/phpBB/' is executable
[Tue Aug 25 23:10:02.029785 2020] [core:crit] [pid 32352:tid 140619271853824] (13)Permission denied: [client 203.133.169.112:60288] AH00529: /var/www/vhosts/saratogahistory.com/httpdocs/phpBB/.htaccess pcfg_openfile: unable to check htaccess file, ensure it is readable and that '/var/www/vhosts/saratogahistory.com/httpdocs/phpBB/' is executable
[Tue Aug 25 23:10:07.004889 2020] [core:crit] [pid 32352:tid 140619198424832] (13)Permission denied: [client 203.133.169.112:60652] AH00529: /var/www/vhosts/saratogahistory.com/httpdocs/phpBB/.htaccess pcfg_openfile: unable to check htaccess file, ensure it is readable and that '/var/www/vhosts/saratogahistory.com/httpdocs/phpBB/' is executable
[Tue Aug 25 23:10:11.966246 2020] [core:crit] [pid 6888:tid 140619355772672] (13)Permission denied: [client 203.133.169.112:60940] AH00529: /var/www/vhosts/saratogahistory.com/httpdocs/phpBB/.htaccess pcfg_openfile: unable to check htaccess file, ensure it is readable and that '/var/www/vhosts/saratogahistory.com/httpdocs/phpBB/' is executable
[Tue Aug 25 23:10:17.023944 2020] [core:crit] [pid 6888:tid 140619135485696] (13)Permission denied: [client 203.133.169.112:32896] AH00529: /var/www/vhosts/saratogahistory.com/httpdocs/phpBB/.htaccess pcfg_openfile: unable to check htaccess file, ensure it is readable and that '/var/www/vhosts/saratogahistory.com/httpdocs/phpBB/' is executable
[Tue Aug 25 23:10:21.977823 2020] [core:crit] [pid 6888:tid 140619376752384] (13)Permission denied: [client 203.133.169.112:33032] AH00529: /var/www/vhosts/saratogahistory.com/httpdocs/phpBB/.htaccess pcfg_openfile: unable to check htaccess file, ensure it is readable and that '/var/www/vhosts/saratogahistory.com/httpdocs/phpBB/' is executable
[Tue Aug 25 23:13:58.079665 2020] [core:crit] [pid 32352:tid 140619124995840] (13)Permission denied: [client 37.45.226.213:41340] AH00529: /var/www/vhosts/saratogahistory.com/httpdocs/phpBB/.htaccess pcfg_openfile: unable to check htaccess file, ensure it is readable and that '/var/www/vhosts/saratogahistory.com/httpdocs/phpBB/' is executable, referer: http://www.saratogahistory.com/phpBB/index.php
[Tue Aug 25 23:13:59.167216 2020] [proxy_fcgi:error] [pid 6888:tid 140619240384256] [client 37.45.226.213:41400] AH01071: Got error 'Primary script unknown\n', referer: http://www.saratogahistory.com/index.php
[Tue Aug 25 23:13:59.467963 2020] [proxy_fcgi:error] [pid 6888:tid 140619282343680] [client 37.45.226.213:41434] AH01071: Got error 'Primary script unknown\n', referer: http://www.saratogahistory.com/index.php
[Tue Aug 25 23:13:59.767097 2020] [proxy_fcgi:error] [pid 32352:tid 140619313813248] [client 37.45.226.213:41460] AH01071: Got error 'Primary script unknown\n', referer: http://www.saratogahistory.com/index.php
[Tue Aug 25 23:21:02.592759 2020] [core:crit] [pid 6888:tid 140619156465408] (13)Permission denied: [client 195.54.161.159:59976] AH00529: /var/www/vhosts/saratogahistory.com/httpdocs/phpBB/.htaccess pcfg_openfile: unable to check htaccess file, ensure it is readable and that '/var/www/vhosts/saratogahistory.com/httpdocs/phpBB/' is executable
[Tue Aug 25 23:21:02.900011 2020] [core:crit] [pid 6888:tid 140619219404544] (13)Permission denied: [client 195.54.161.159:59990] AH00529: /var/www/vhosts/saratogahistory.com/httpdocs/phpBB/.htaccess pcfg_openfile: unable to check htaccess file, ensure it is readable and that '/var/www/vhosts/saratogahistory.com/httpdocs/phpBB/' is executable
[Tue Aug 25 23:21:03.201270 2020] [core:crit] [pid 32352:tid 140619261363968] (13)Permission denied: [client 195.54.161.159:60004] AH00529: /var/www/vhosts/saratogahistory.com/httpdocs/phpBB/.htaccess pcfg_openfile: unable to check htaccess file, ensure it is readable and that '/var/www/vhosts/saratogahistory.com/httpdocs/phpBB/' is executable
[Tue Aug 25 23:21:03.506704 2020] [core:crit] [pid 6888:tid 140619124995840] (13)Permission denied: [client 195.54.161.159:60018] AH00529: /var/www/vhosts/saratogahistory.com/httpdocs/phpBB/.htaccess pcfg_openfile: unable to check htaccess file, ensure it is readable and that '/var/www/vhosts/saratogahistory.com/httpdocs/phpBB/' is executable
[Tue Aug 25 23:21:03.803587 2020] [core:crit] [pid 6888:tid 140619177445120] (13)Permission denied: [client 195.54.161.159:60032] AH00529: /var/www/vhosts/saratogahistory.com/httpdocs/phpBB/.htaccess pcfg_openfile: unable to check htaccess file, ensure it is readable and that '/var/www/vhosts/saratogahistory.com/httpdocs/phpBB/' is executable
[Tue Aug 25 23:21:04.207457 2020] [core:crit] [pid 6888:tid 140619145975552] (13)Permission denied: [client 195.54.161.159:60068] AH00529: /var/www/vhosts/saratogahistory.com/httpdocs/phpBB/.htaccess pcfg_openfile: unable to check htaccess file, ensure it is readable and that '/var/www/vhosts/saratogahistory.com/httpdocs/phpBB/' is executable
[Tue Aug 25 23:21:04.512212 2020] [core:crit] [pid 32322:tid 140619303323392] (13)Permission denied: [client 195.54.161.159:60086] AH00529: /var/www/vhosts/saratogahistory.com/httpdocs/phpBB/.htaccess pcfg_openfile: unable to check htaccess file, ensure it is readable and that '/var/www/vhosts/saratogahistory.com/httpdocs/phpBB/' is executable
[Tue Aug 25 23:21:04.819845 2020] [core:crit] [pid 6888:tid 140619166955264] (13)Permission denied: [client 195.54.161.159:60096] AH00529: /var/www/vhosts/saratogahistory.com/httpdocs/phpBB/.htaccess pcfg_openfile: unable to check htaccess file, ensure it is readable and that '/var/www/vhosts/saratogahistory.com/httpdocs/phpBB/' is executable
[Tue Aug 25 23:21:05.124180 2020] [core:crit] [pid 6888:tid 140619355772672] (13)Permission denied: [client 195.54.161.159:60112] AH00529: /var/www/vhosts/saratogahistory.com/httpdocs/phpBB/.htaccess pcfg_openfile: unable to check htaccess file, ensure it is readable and that '/var/www/vhosts/saratogahistory.com/httpdocs/phpBB/' is executable
[Tue Aug 25 23:21:05.430091 2020] [core:crit] [pid 6888:tid 140619135485696] (13)Permission denied: [client 195.54.161.159:60126] AH00529: /var/www/vhosts/saratogahistory.com/httpdocs/phpBB/.htaccess pcfg_openfile: unable to check htaccess file, ensure it is readable and that '/var/www/vhosts/saratogahistory.com/httpdocs/phpBB/' is executable
[Tue Aug 25 23:21:05.741334 2020] [core:crit] [pid 6888:tid 140619376752384] (13)Permission denied: [client 195.54.161.159:60140] AH00529: /var/www/vhosts/saratogahistory.com/httpdocs/phpBB/.htaccess pcfg_openfile: unable to check htaccess file, ensure it is readable and that '/var/www/vhosts/saratogahistory.com/httpdocs/phpBB/' is executable
[Tue Aug 25 23:21:06.058699 2020] [core:crit] [pid 6888:tid 140619334792960] (13)Permission denied: [client 195.54.161.159:60170] AH00529: /var/www/vhosts/saratogahistory.com/httpdocs/phpBB/.htaccess pcfg_openfile: unable to check htaccess file, ensure it is readable and that '/var/www/vhosts/saratogahistory.com/httpdocs/phpBB/' is executable
[Tue Aug 25 23:21:06.361966 2020] [core:crit] [pid 6888:tid 140619313813248] (13)Permission denied: [client 195.54.161.159:60186] AH00529: /var/www/vhosts/saratogahistory.com/httpdocs/phpBB/.htaccess pcfg_openfile: unable to check htaccess file, ensure it is readable and that '/var/www/vhosts/saratogahistory.com/httpdocs/phpBB/' is executable
[Tue Aug 25 23:21:06.669004 2020] [core:crit] [pid 6888:tid 140619292833536] (13)Permission denied: [client 195.54.161.159:60202] AH00529: /var/www/vhosts/saratogahistory.com/httpdocs/phpBB/.htaccess pcfg_openfile: unable to check htaccess file, ensure it is readable and that '/var/www/vhosts/saratogahistory.com/httpdocs/phpBB/' is executable
[Tue Aug 25 23:21:06.973900 2020] [core:crit] [pid 6888:tid 140619303323392] (13)Permission denied: [client 195.54.161.159:60222] AH00529: /var/www/vhosts/saratogahistory.com/httpdocs/phpBB/.htaccess pcfg_openfile: unable to check htaccess file, ensure it is readable and that '/var/www/vhosts/saratogahistory.com/httpdocs/phpBB/' is executable
[Tue Aug 25 23:21:07.284085 2020] [core:crit] [pid 6888:tid 140619324303104] (13)Permission denied: [client 195.54.161.159:60242] AH00529: /var/www/vhosts/saratogahistory.com/httpdocs/phpBB/.htaccess pcfg_openfile: unable to check htaccess file, ensure it is readable and that '/var/www/vhosts/saratogahistory.com/httpdocs/phpBB/' is executable
[Tue Aug 25 23:21:07.589893 2020] [core:crit] [pid 6888:tid 140619271853824] (13)Permission denied: [client 195.54.161.159:60250] AH00529: /var/www/vhosts/saratogahistory.com/httpdocs/phpBB/.htaccess pcfg_openfile: unable to check htaccess file, ensure it is readable and that '/var/www/vhosts/saratogahistory.com/httpdocs/phpBB/' is executable
[Tue Aug 25 23:21:07.894073 2020] [core:crit] [pid 6888:tid 140619345282816] (13)Permission denied: [client 195.54.161.159:60256] AH00529: /var/www/vhosts/saratogahistory.com/httpdocs/phpBB/.htaccess pcfg_openfile: unable to check htaccess file, ensure it is readable and that '/var/www/vhosts/saratogahistory.com/httpdocs/phpBB/' is executable
[Tue Aug 25 23:21:08.199288 2020] [core:crit] [pid 6888:tid 140619198424832] (13)Permission denied: [client 195.54.161.159:60266] AH00529: /var/www/vhosts/saratogahistory.com/httpdocs/phpBB/.htaccess pcfg_openfile: unable to check htaccess file, ensure it is readable and that '/var/www/vhosts/saratogahistory.com/httpdocs/phpBB/' is executable
[Tue Aug 25 23:21:08.502023 2020] [core:crit] [pid 6888:tid 140619366262528] (13)Permission denied: [client 195.54.161.159:60278] AH00529: /var/www/vhosts/saratogahistory.com/httpdocs/phpBB/.htaccess pcfg_openfile: unable to check htaccess file, ensure it is readable and that '/var/www/vhosts/saratogahistory.com/httpdocs/phpBB/' is executable
[Tue Aug 25 23:21:08.804744 2020] [core:crit] [pid 32352:tid 140619324303104] (13)Permission denied: [client 195.54.161.159:60292] AH00529: /var/www/vhosts/saratogahistory.com/httpdocs/phpBB/.htaccess pcfg_openfile: unable to check htaccess file, ensure it is readable and that '/var/www/vhosts/saratogahistory.com/httpdocs/phpBB/' is executable
[Tue Aug 25 23:21:09.111522 2020] [core:crit] [pid 32325:tid 140619324303104] (13)Permission denied: [client 195.54.161.159:60308] AH00529: /var/www/vhosts/saratogahistory.com/httpdocs/phpBB/.htaccess pcfg_openfile: unable to check htaccess file, ensure it is readable and that '/var/www/vhosts/saratogahistory.com/httpdocs/phpBB/' is executable
[Tue Aug 25 23:21:09.416643 2020] [core:crit] [pid 32352:tid 140619240384256] (13)Permission denied: [client 195.54.161.159:60318] AH00529: /var/www/vhosts/saratogahistory.com/httpdocs/phpBB/.htaccess pcfg_openfile: unable to check htaccess file, ensure it is readable and that '/var/www/vhosts/saratogahistory.com/httpdocs/phpBB/' is executable
[Tue Aug 25 23:21:09.719542 2020] [core:crit] [pid 32325:tid 140619240384256] (13)Permission denied: [client 195.54.161.159:60324] AH00529: /var/www/vhosts/saratogahistory.com/httpdocs/phpBB/.htaccess pcfg_openfile: unable to check htaccess file, ensure it is readable and that '/var/www/vhosts/saratogahistory.com/httpdocs/phpBB/' is executable
[Tue Aug 25 23:21:10.027010 2020] [core:crit] [pid 6888:tid 140619250874112] (13)Permission denied: [client 195.54.161.159:60338] AH00529: /var/www/vhosts/saratogahistory.com/httpdocs/phpBB/.htaccess pcfg_openfile: unable to check htaccess file, ensure it is readable and that '/var/www/vhosts/saratogahistory.com/httpdocs/phpBB/' is executable
[Tue Aug 25 23:21:10.331539 2020] [core:crit] [pid 32352:tid 140619355772672] (13)Permission denied: [client 195.54.161.159:60372] AH00529: /var/www/vhosts/saratogahistory.com/httpdocs/phpBB/.htaccess pcfg_openfile: unable to check htaccess file, ensure it is readable and that '/var/www/vhosts/saratogahistory.com/httpdocs/phpBB/' is executable
[Tue Aug 25 23:21:10.634723 2020] [core:crit] [pid 6888:tid 140619240384256] (13)Permission denied: [client 195.54.161.159:60390] AH00529: /var/www/vhosts/saratogahistory.com/httpdocs/phpBB/.htaccess pcfg_openfile: unable to check htaccess file, ensure it is readable and that '/var/www/vhosts/saratogahistory.com/httpdocs/phpBB/' is executable
[Tue Aug 25 23:21:10.941759 2020] [core:crit] [pid 6888:tid 140619282343680] (13)Permission denied: [client 195.54.161.159:60406] AH00529: /var/www/vhosts/saratogahistory.com/httpdocs/phpBB/.htaccess pcfg_openfile: unable to check htaccess file, ensure it is readable and that '/var/www/vhosts/saratogahistory.com/httpdocs/phpBB/' is executable
[Tue Aug 25 23:21:11.246815 2020] [core:crit] [pid 32352:tid 140619250874112] (13)Permission denied: [client 195.54.161.159:60422] AH00529: /var/www/vhosts/saratogahistory.com/httpdocs/phpBB/.htaccess pcfg_openfile: unable to check htaccess file, ensure it is readable and that '/var/www/vhosts/saratogahistory.com/httpdocs/phpBB/' is executable
[Tue Aug 25 23:21:11.551624 2020] [core:crit] [pid 6888:tid 140619187934976] (13)Permission denied: [client 195.54.161.159:60430] AH00529: /var/www/vhosts/saratogahistory.com/httpdocs/phpBB/.htaccess pcfg_openfile: unable to check htaccess file, ensure it is readable and that '/var/www/vhosts/saratogahistory.com/httpdocs/phpBB/' is executable
[Tue Aug 25 23:21:11.855922 2020] [core:crit] [pid 6888:tid 140619261363968] (13)Permission denied: [client 195.54.161.159:60444] AH00529: /var/www/vhosts/saratogahistory.com/httpdocs/phpBB/.htaccess pcfg_openfile: unable to check htaccess file, ensure it is readable and that '/var/www/vhosts/saratogahistory.com/httpdocs/phpBB/' is executable
[Tue Aug 25 23:21:12.160901 2020] [core:crit] [pid 6888:tid 140619229894400] (13)Permission denied: [client 195.54.161.159:60458] AH00529: /var/www/vhosts/saratogahistory.com/httpdocs/phpBB/.htaccess pcfg_openfile: unable to check htaccess file, ensure it is readable and that '/var/www/vhosts/saratogahistory.com/httpdocs/phpBB/' is executable
[Tue Aug 25 23:21:12.465437 2020] [core:crit] [pid 6888:tid 140619208914688] (13)Permission denied: [client 195.54.161.159:60466] AH00529: /var/www/vhosts/saratogahistory.com/httpdocs/phpBB/.htaccess pcfg_openfile: unable to check htaccess file, ensure it is readable and that '/var/www/vhosts/saratogahistory.com/httpdocs/phpBB/' is executable
[Tue Aug 25 23:21:12.767959 2020] [core:crit] [pid 6888:tid 140619156465408] (13)Permission denied: [client 195.54.161.159:60482] AH00529: /var/www/vhosts/saratogahistory.com/httpdocs/phpBB/.htaccess pcfg_openfile: unable to check htaccess file, ensure it is readable and that '/var/www/vhosts/saratogahistory.com/httpdocs/phpBB/' is executable
[Tue Aug 25 23:21:13.069947 2020] [core:crit] [pid 32352:tid 140619208914688] (13)Permission denied: [client 195.54.161.159:60492] AH00529: /var/www/vhosts/saratogahistory.com/httpdocs/phpBB/.htaccess pcfg_openfile: unable to check htaccess file, ensure it is readable and that '/var/www/vhosts/saratogahistory.com/httpdocs/phpBB/' is executable
[Tue Aug 25 23:21:13.372301 2020] [core:crit] [pid 6888:tid 140619219404544] (13)Permission denied: [client 195.54.161.159:60502] AH00529: /var/www/vhosts/saratogahistory.com/httpdocs/phpBB/.htaccess pcfg_openfile: unable to check htaccess file, ensure it is readable and that '/var/www/vhosts/saratogahistory.com/httpdocs/phpBB/' is executable
[Tue Aug 25 23:21:13.674569 2020] [core:crit] [pid 32352:tid 140619334792960] (13)Permission denied: [client 195.54.161.159:60528] AH00529: /var/www/vhosts/saratogahistory.com/httpdocs/phpBB/.htaccess pcfg_openfile: unable to check htaccess file, ensure it is readable and that '/var/www/vhosts/saratogahistory.com/httpdocs/phpBB/' is executable
[Tue Aug 25 23:21:13.978425 2020] [core:crit] [pid 32352:tid 140619229894400] (13)Permission denied: [client 195.54.161.159:60538] AH00529: /var/www/vhosts/saratogahistory.com/httpdocs/phpBB/.htaccess pcfg_openfile: unable to check htaccess file, ensure it is readable and that '/var/www/vhosts/saratogahistory.com/httpdocs/phpBB/' is executable
[Tue Aug 25 23:21:14.284701 2020] [core:crit] [pid 32325:tid 140619303323392] (13)Permission denied: [client 195.54.161.159:60570] AH00529: /var/www/vhosts/saratogahistory.com/httpdocs/phpBB/.htaccess pcfg_openfile: unable to check htaccess file, ensure it is readable and that '/var/www/vhosts/saratogahistory.com/httpdocs/phpBB/' is executable
[Tue Aug 25 23:21:14.591842 2020] [core:crit] [pid 32325:tid 140619292833536] (13)Permission denied: [client 195.54.161.159:60584] AH00529: /var/www/vhosts/saratogahistory.com/httpdocs/phpBB/.htaccess pcfg_openfile: unable to check htaccess file, ensure it is readable and that '/var/www/vhosts/saratogahistory.com/httpdocs/phpBB/' is executable
[Tue Aug 25 23:21:14.898788 2020] [core:crit] [pid 32352:tid 140619366262528] (13)Permission denied: [client 195.54.161.159:60594] AH00529: /var/www/vhosts/saratogahistory.com/httpdocs/phpBB/.htaccess pcfg_openfile: unable to check htaccess file, ensure it is readable and that '/var/www/vhosts/saratogahistory.com/httpdocs/phpBB/' is executable
[Tue Aug 25 23:21:15.200215 2020] [core:crit] [pid 6888:tid 140619124995840] (13)Permission denied: [client 195.54.161.159:60600] AH00529: /var/www/vhosts/saratogahistory.com/httpdocs/phpBB/.htaccess pcfg_openfile: unable to check htaccess file, ensure it is readable and that '/var/www/vhosts/saratogahistory.com/httpdocs/phpBB/' is executable
[Tue Aug 25 23:21:15.510154 2020] [core:crit] [pid 32322:tid 140619292833536] (13)Permission denied: [client 195.54.161.159:60614] AH00529: /var/www/vhosts/saratogahistory.com/httpdocs/phpBB/.htaccess pcfg_openfile: unable to check htaccess file, ensure it is readable and that '/var/www/vhosts/saratogahistory.com/httpdocs/phpBB/' is executable
[Tue Aug 25 23:21:15.817493 2020] [core:crit] [pid 6888:tid 140619177445120] (13)Permission denied: [client 195.54.161.159:60634] AH00529: /var/www/vhosts/saratogahistory.com/httpdocs/phpBB/.htaccess pcfg_openfile: unable to check htaccess file, ensure it is readable and that '/var/www/vhosts/saratogahistory.com/httpdocs/phpBB/' is executable
[Tue Aug 25 23:21:16.118538 2020] [core:crit] [pid 6888:tid 140619145975552] (13)Permission denied: [client 195.54.161.159:60646] AH00529: /var/www/vhosts/saratogahistory.com/httpdocs/phpBB/.htaccess pcfg_openfile: unable to check htaccess file, ensure it is readable and that '/var/www/vhosts/saratogahistory.com/httpdocs/phpBB/' is executable
[Tue Aug 25 23:21:16.422970 2020] [core:crit] [pid 6888:tid 140619166955264] (13)Permission denied: [client 195.54.161.159:60660] AH00529: /var/www/vhosts/saratogahistory.com/httpdocs/phpBB/.htaccess pcfg_openfile: unable to check htaccess file, ensure it is readable and that '/var/www/vhosts/saratogahistory.com/httpdocs/phpBB/' is executable
[Tue Aug 25 23:21:16.727772 2020] [core:crit] [pid 6888:tid 140619355772672] (13)Permission denied: [client 195.54.161.159:60672] AH00529: /var/www/vhosts/saratogahistory.com/httpdocs/phpBB/.htaccess pcfg_openfile: unable to check htaccess file, ensure it is readable and that '/var/www/vhosts/saratogahistory.com/httpdocs/phpBB/' is executable
[Tue Aug 25 23:21:17.032126 2020] [core:crit] [pid 32352:tid 140619376752384] (13)Permission denied: [client 195.54.161.159:60674] AH00529: /var/www/vhosts/saratogahistory.com/httpdocs/phpBB/.htaccess pcfg_openfile: unable to check htaccess file, ensure it is readable and that '/var/www/vhosts/saratogahistory.com/httpdocs/phpBB/' is executable
[Tue Aug 25 23:21:17.340315 2020] [core:crit] [pid 6888:tid 140619135485696] (13)Permission denied: [client 195.54.161.159:60680] AH00529: /var/www/vhosts/saratogahistory.com/httpdocs/phpBB/.htaccess pcfg_openfile: unable to check htaccess file, ensure it is readable and that '/var/www/vhosts/saratogahistory.com/httpdocs/phpBB/' is executable
[Tue Aug 25 23:21:17.642264 2020] [core:crit] [pid 32325:tid 140619282343680] (13)Permission denied: [client 195.54.161.159:60702] AH00529: /var/www/vhosts/saratogahistory.com/httpdocs/phpBB/.htaccess pcfg_openfile: unable to check htaccess file, ensure it is readable and that '/var/www/vhosts/saratogahistory.com/httpdocs/phpBB/' is executable
[Tue Aug 25 23:21:17.954547 2020] [core:crit] [pid 6888:tid 140619376752384] (13)Permission denied: [client 195.54.161.159:60714] AH00529: /var/www/vhosts/saratogahistory.com/httpdocs/phpBB/.htaccess pcfg_openfile: unable to check htaccess file, ensure it is readable and that '/var/www/vhosts/saratogahistory.com/httpdocs/phpBB/' is executable
[Tue Aug 25 23:21:18.256793 2020] [core:crit] [pid 6888:tid 140619334792960] (13)Permission denied: [client 195.54.161.159:60732] AH00529: /var/www/vhosts/saratogahistory.com/httpdocs/phpBB/.htaccess pcfg_openfile: unable to check htaccess file, ensure it is readable and that '/var/www/vhosts/saratogahistory.com/httpdocs/phpBB/' is executable
[Tue Aug 25 23:21:18.567460 2020] [core:crit] [pid 6888:tid 140619313813248] (13)Permission denied: [client 195.54.161.159:60742] AH00529: /var/www/vhosts/saratogahistory.com/httpdocs/phpBB/.htaccess pcfg_openfile: unable to check htaccess file, ensure it is readable and that '/var/www/vhosts/saratogahistory.com/httpdocs/phpBB/' is executable
[Tue Aug 25 23:21:18.870133 2020] [core:crit] [pid 32325:tid 140619271853824] (13)Permission denied: [client 195.54.161.159:60756] AH00529: /var/www/vhosts/saratogahistory.com/httpdocs/phpBB/.htaccess pcfg_openfile: unable to check htaccess file, ensure it is readable and that '/var/www/vhosts/saratogahistory.com/httpdocs/phpBB/' is executable
[Tue Aug 25 23:21:19.174568 2020] [core:crit] [pid 6888:tid 140619292833536] (13)Permission denied: [client 195.54.161.159:60776] AH00529: /var/www/vhosts/saratogahistory.com/httpdocs/phpBB/.htaccess pcfg_openfile: unable to check htaccess file, ensure it is readable and that '/var/www/vhosts/saratogahistory.com/httpdocs/phpBB/' is executable
[Tue Aug 25 23:21:19.476673 2020] [core:crit] [pid 32322:tid 140619282343680] (13)Permission denied: [client 195.54.161.159:60800] AH00529: /var/www/vhosts/saratogahistory.com/httpdocs/phpBB/.htaccess pcfg_openfile: unable to check htaccess file, ensure it is readable and that '/var/www/vhosts/saratogahistory.com/httpdocs/phpBB/' is executable
[Tue Aug 25 23:21:19.777847 2020] [core:crit] [pid 6888:tid 140619303323392] (13)Permission denied: [client 195.54.161.159:60814] AH00529: /var/www/vhosts/saratogahistory.com/httpdocs/phpBB/.htaccess pcfg_openfile: unable to check htaccess file, ensure it is readable and that '/var/www/vhosts/saratogahistory.com/httpdocs/phpBB/' is executable
[Tue Aug 25 23:21:20.084262 2020] [core:crit] [pid 6888:tid 140619324303104] (13)Permission denied: [client 195.54.161.159:60830] AH00529: /var/www/vhosts/saratogahistory.com/httpdocs/phpBB/.htaccess pcfg_openfile: unable to check htaccess file, ensure it is readable and that '/var/www/vhosts/saratogahistory.com/httpdocs/phpBB/' is executable
[Tue Aug 25 23:21:20.385979 2020] [core:crit] [pid 6888:tid 140619271853824] (13)Permission denied: [client 195.54.161.159:60842] AH00529: /var/www/vhosts/saratogahistory.com/httpdocs/phpBB/.htaccess pcfg_openfile: unable to check htaccess file, ensure it is readable and that '/var/www/vhosts/saratogahistory.com/httpdocs/phpBB/' is executable
[Tue Aug 25 23:21:20.690634 2020] [core:crit] [pid 6888:tid 140619345282816] (13)Permission denied: [client 195.54.161.159:60854] AH00529: /var/www/vhosts/saratogahistory.com/httpdocs/phpBB/.htaccess pcfg_openfile: unable to check htaccess file, ensure it is readable and that '/var/www/vhosts/saratogahistory.com/httpdocs/phpBB/' is executable
[Tue Aug 25 23:21:20.991934 2020] [core:crit] [pid 32352:tid 140619345282816] (13)Permission denied: [client 195.54.161.159:60862] AH00529: /var/www/vhosts/saratogahistory.com/httpdocs/phpBB/.htaccess pcfg_openfile: unable to check htaccess file, ensure it is readable and that '/var/www/vhosts/saratogahistory.com/httpdocs/phpBB/' is executable
[Tue Aug 25 23:21:21.293493 2020] [core:crit] [pid 6888:tid 140619198424832] (13)Permission denied: [client 195.54.161.159:60872] AH00529: /var/www/vhosts/saratogahistory.com/httpdocs/phpBB/.htaccess pcfg_openfile: unable to check htaccess file, ensure it is readable and that '/var/www/vhosts/saratogahistory.com/httpdocs/phpBB/' is executable
[Tue Aug 25 23:21:21.594689 2020] [core:crit] [pid 32325:tid 140619250874112] (13)Permission denied: [client 195.54.161.159:60882] AH00529: /var/www/vhosts/saratogahistory.com/httpdocs/phpBB/.htaccess pcfg_openfile: unable to check htaccess file, ensure it is readable and that '/var/www/vhosts/saratogahistory.com/httpdocs/phpBB/' is executable
[Tue Aug 25 23:21:21.897412 2020] [core:crit] [pid 6888:tid 140619366262528] (13)Permission denied: [client 195.54.161.159:60896] AH00529: /var/www/vhosts/saratogahistory.com/httpdocs/phpBB/.htaccess pcfg_openfile: unable to check htaccess file, ensure it is readable and that '/var/www/vhosts/saratogahistory.com/httpdocs/phpBB/' is executable
[Tue Aug 25 23:21:22.212913 2020] [core:crit] [pid 6888:tid 140619250874112] (13)Permission denied: [client 195.54.161.159:60908] AH00529: /var/www/vhosts/saratogahistory.com/httpdocs/phpBB/.htaccess pcfg_openfile: unable to check htaccess file, ensure it is readable and that '/var/www/vhosts/saratogahistory.com/httpdocs/phpBB/' is executable
[Tue Aug 25 23:21:22.514695 2020] [core:crit] [pid 6888:tid 140619240384256] (13)Permission denied: [client 195.54.161.159:60926] AH00529: /var/www/vhosts/saratogahistory.com/httpdocs/phpBB/.htaccess pcfg_openfile: unable to check htaccess file, ensure it is readable and that '/var/www/vhosts/saratogahistory.com/httpdocs/phpBB/' is executable
[Tue Aug 25 23:21:22.819119 2020] [core:crit] [pid 32352:tid 140619187934976] (13)Permission denied: [client 195.54.161.159:60942] AH00529: /var/www/vhosts/saratogahistory.com/httpdocs/phpBB/.htaccess pcfg_openfile: unable to check htaccess file, ensure it is readable and that '/var/www/vhosts/saratogahistory.com/httpdocs/phpBB/' is executable
[Tue Aug 25 23:21:23.126264 2020] [core:crit] [pid 32325:tid 140619334792960] (13)Permission denied: [client 195.54.161.159:60964] AH00529: /var/www/vhosts/saratogahistory.com/httpdocs/phpBB/.htaccess pcfg_openfile: unable to check htaccess file, ensure it is readable and that '/var/www/vhosts/saratogahistory.com/httpdocs/phpBB/' is executable
[Tue Aug 25 23:21:23.434755 2020] [core:crit] [pid 6888:tid 140619282343680] (13)Permission denied: [client 195.54.161.159:60982] AH00529: /var/www/vhosts/saratogahistory.com/httpdocs/phpBB/.htaccess pcfg_openfile: unable to check htaccess file, ensure it is readable and that '/var/www/vhosts/saratogahistory.com/httpdocs/phpBB/' is executable
[Tue Aug 25 23:21:23.735584 2020] [core:crit] [pid 32352:tid 140619219404544] (13)Permission denied: [client 195.54.161.159:60996] AH00529: /var/www/vhosts/saratogahistory.com/httpdocs/phpBB/.htaccess pcfg_openfile: unable to check htaccess file, ensure it is readable and that '/var/www/vhosts/saratogahistory.com/httpdocs/phpBB/' is executable
[Tue Aug 25 23:21:24.040049 2020] [core:crit] [pid 6888:tid 140619187934976] (13)Permission denied: [client 195.54.161.159:32776] AH00529: /var/www/vhosts/saratogahistory.com/httpdocs/phpBB/.htaccess pcfg_openfile: unable to check htaccess file, ensure it is readable and that '/var/www/vhosts/saratogahistory.com/httpdocs/phpBB/' is executable
[Tue Aug 25 23:21:24.348047 2020] [core:crit] [pid 6888:tid 140619261363968] (13)Permission denied: [client 195.54.161.159:32784] AH00529: /var/www/vhosts/saratogahistory.com/httpdocs/phpBB/.htaccess pcfg_openfile: unable to check htaccess file, ensure it is readable and that '/var/www/vhosts/saratogahistory.com/httpdocs/phpBB/' is executable
[Tue Aug 25 23:21:24.651259 2020] [core:crit] [pid 6888:tid 140619229894400] (13)Permission denied: [client 195.54.161.159:32802] AH00529: /var/www/vhosts/saratogahistory.com/httpdocs/phpBB/.htaccess pcfg_openfile: unable to check htaccess file, ensure it is readable and that '/var/www/vhosts/saratogahistory.com/httpdocs/phpBB/' is executable
[Tue Aug 25 23:21:24.961261 2020] [core:crit] [pid 6888:tid 140619208914688] (13)Permission denied: [client 195.54.161.159:32820] AH00529: /var/www/vhosts/saratogahistory.com/httpdocs/phpBB/.htaccess pcfg_openfile: unable to check htaccess file, ensure it is readable and that '/var/www/vhosts/saratogahistory.com/httpdocs/phpBB/' is executable
[Tue Aug 25 23:21:25.265538 2020] [core:crit] [pid 6888:tid 140619156465408] (13)Permission denied: [client 195.54.161.159:32834] AH00529: /var/www/vhosts/saratogahistory.com/httpdocs/phpBB/.htaccess pcfg_openfile: unable to check htaccess file, ensure it is readable and that '/var/www/vhosts/saratogahistory.com/httpdocs/phpBB/' is executable
[Tue Aug 25 23:21:25.570334 2020] [core:crit] [pid 6888:tid 140619219404544] (13)Permission denied: [client 195.54.161.159:32842] AH00529: /var/www/vhosts/saratogahistory.com/httpdocs/phpBB/.htaccess pcfg_openfile: unable to check htaccess file, ensure it is readable and that '/var/www/vhosts/saratogahistory.com/httpdocs/phpBB/' is executable
[Tue Aug 25 23:21:25.871875 2020] [core:crit] [pid 6888:tid 140619124995840] (13)Permission denied: [client 195.54.161.159:32858] AH00529: /var/www/vhosts/saratogahistory.com/httpdocs/phpBB/.htaccess pcfg_openfile: unable to check htaccess file, ensure it is readable and that '/var/www/vhosts/saratogahistory.com/httpdocs/phpBB/' is executable
[Tue Aug 25 23:21:26.175078 2020] [core:crit] [pid 32352:tid 140619145975552] (13)Permission denied: [client 195.54.161.159:32882] AH00529: /var/www/vhosts/saratogahistory.com/httpdocs/phpBB/.htaccess pcfg_openfile: unable to check htaccess file, ensure it is readable and that '/var/www/vhosts/saratogahistory.com/httpdocs/phpBB/' is executable
[Tue Aug 25 23:21:26.476415 2020] [core:crit] [pid 32352:tid 140619177445120] (13)Permission denied: [client 195.54.161.159:32900] AH00529: /var/www/vhosts/saratogahistory.com/httpdocs/phpBB/.htaccess pcfg_openfile: unable to check htaccess file, ensure it is readable and that '/var/www/vhosts/saratogahistory.com/httpdocs/phpBB/' is executable
[Tue Aug 25 23:21:26.787503 2020] [core:crit] [pid 6888:tid 140619177445120] (13)Permission denied: [client 195.54.161.159:32912] AH00529: /var/www/vhosts/saratogahistory.com/httpdocs/phpBB/.htaccess pcfg_openfile: unable to check htaccess file, ensure it is readable and that '/var/www/vhosts/saratogahistory.com/httpdocs/phpBB/' is executable
[Tue Aug 25 23:21:27.091194 2020] [core:crit] [pid 32322:tid 140619261363968] (13)Permission denied: [client 195.54.161.159:32926] AH00529: /var/www/vhosts/saratogahistory.com/httpdocs/phpBB/.htaccess pcfg_openfile: unable to check htaccess file, ensure it is readable and that '/var/www/vhosts/saratogahistory.com/httpdocs/phpBB/' is executable
[Tue Aug 25 23:21:27.392298 2020] [core:crit] [pid 6888:tid 140619145975552] (13)Permission denied: [client 195.54.161.159:32934] AH00529: /var/www/vhosts/saratogahistory.com/httpdocs/phpBB/.htaccess pcfg_openfile: unable to check htaccess file, ensure it is readable and that '/var/www/vhosts/saratogahistory.com/httpdocs/phpBB/' is executable
[Tue Aug 25 23:21:27.693713 2020] [core:crit] [pid 32325:tid 140619345282816] (13)Permission denied: [client 195.54.161.159:32944] AH00529: /var/www/vhosts/saratogahistory.com/httpdocs/phpBB/.htaccess pcfg_openfile: unable to check htaccess file, ensure it is readable and that '/var/www/vhosts/saratogahistory.com/httpdocs/phpBB/' is executable
[Tue Aug 25 23:21:27.998028 2020] [core:crit] [pid 32352:tid 140619166955264] (13)Permission denied: [client 195.54.161.159:32958] AH00529: /var/www/vhosts/saratogahistory.com/httpdocs/phpBB/.htaccess pcfg_openfile: unable to check htaccess file, ensure it is readable and that '/var/www/vhosts/saratogahistory.com/httpdocs/phpBB/' is executable
[Tue Aug 25 23:21:28.307879 2020] [core:crit] [pid 32325:tid 140619366262528] (13)Permission denied: [client 195.54.161.159:32970] AH00529: /var/www/vhosts/saratogahistory.com/httpdocs/phpBB/.htaccess pcfg_openfile: unable to check htaccess file, ensure it is readable and that '/var/www/vhosts/saratogahistory.com/httpdocs/phpBB/' is executable
[Tue Aug 25 23:21:28.616057 2020] [core:crit] [pid 32352:tid 140619135485696] (13)Permission denied: [client 195.54.161.159:32992] AH00529: /var/www/vhosts/saratogahistory.com/httpdocs/phpBB/.htaccess pcfg_openfile: unable to check htaccess file, ensure it is readable and that '/var/www/vhosts/saratogahistory.com/httpdocs/phpBB/' is executable
[Tue Aug 25 23:21:28.924028 2020] [core:crit] [pid 6888:tid 140619166955264] (13)Permission denied: [client 195.54.161.159:33006] AH00529: /var/www/vhosts/saratogahistory.com/httpdocs/phpBB/.htaccess pcfg_openfile: unable to check htaccess file, ensure it is readable and that '/var/www/vhosts/saratogahistory.com/httpdocs/phpBB/' is executable
[Tue Aug 25 23:21:29.230841 2020] [core:crit] [pid 6888:tid 140619355772672] (13)Permission denied: [client 195.54.161.159:33020] AH00529: /var/www/vhosts/saratogahistory.com/httpdocs/phpBB/.htaccess pcfg_openfile: unable to check htaccess file, ensure it is readable and that '/var/www/vhosts/saratogahistory.com/httpdocs/phpBB/' is executable
[Tue Aug 25 23:21:29.532962 2020] [core:crit] [pid 32352:tid 140619303323392] (13)Permission denied: [client 195.54.161.159:33028] AH00529: /var/www/vhosts/saratogahistory.com/httpdocs/phpBB/.htaccess pcfg_openfile: unable to check htaccess file, ensure it is readable and that '/var/www/vhosts/saratogahistory.com/httpdocs/phpBB/' is executable
[Tue Aug 25 23:21:29.834818 2020] [core:crit] [pid 32352:tid 140619156465408] (13)Permission denied: [client 195.54.161.159:33042] AH00529: /var/www/vhosts/saratogahistory.com/httpdocs/phpBB/.htaccess pcfg_openfile: unable to check htaccess file, ensure it is readable and that '/var/www/vhosts/saratogahistory.com/httpdocs/phpBB/' is executable
[Tue Aug 25 23:21:30.141855 2020] [core:crit] [pid 6888:tid 140619135485696] (13)Permission denied: [client 195.54.161.159:33062] AH00529: /var/www/vhosts/saratogahistory.com/httpdocs/phpBB/.htaccess pcfg_openfile: unable to check htaccess file, ensure it is readable and that '/var/www/vhosts/saratogahistory.com/httpdocs/phpBB/' is executable
[Tue Aug 25 23:21:30.443083 2020] [core:crit] [pid 32352:tid 140619271853824] (13)Permission denied: [client 195.54.161.159:33074] AH00529: /var/www/vhosts/saratogahistory.com/httpdocs/phpBB/.htaccess pcfg_openfile: unable to check htaccess file, ensure it is readable and that '/var/www/vhosts/saratogahistory.com/httpdocs/phpBB/' is executable
[Tue Aug 25 23:21:30.746570 2020] [core:crit] [pid 6888:tid 140619376752384] (13)Permission denied: [client 195.54.161.159:33088] AH00529: /var/www/vhosts/saratogahistory.com/httpdocs/phpBB/.htaccess pcfg_openfile: unable to check htaccess file, ensure it is readable and that '/var/www/vhosts/saratogahistory.com/httpdocs/phpBB/' is executable
[Tue Aug 25 23:21:31.049845 2020] [core:crit] [pid 32325:tid 140619261363968] (13)Permission denied: [client 195.54.161.159:33100] AH00529: /var/www/vhosts/saratogahistory.com/httpdocs/phpBB/.htaccess pcfg_openfile: unable to check htaccess file, ensure it is readable and that '/var/www/vhosts/saratogahistory.com/httpdocs/phpBB/' is executable
[Tue Aug 25 23:21:31.361783 2020] [core:crit] [pid 6888:tid 140619334792960] (13)Permission denied: [client 195.54.161.159:33114] AH00529: /var/www/vhosts/saratogahistory.com/httpdocs/phpBB/.htaccess pcfg_openfile: unable to check htaccess file, ensure it is readable and that '/var/www/vhosts/saratogahistory.com/httpdocs/phpBB/' is executable
[Tue Aug 25 23:21:31.665332 2020] [core:crit] [pid 6888:tid 140619313813248] (13)Permission denied: [client 195.54.161.159:33132] AH00529: /var/www/vhosts/saratogahistory.com/httpdocs/phpBB/.htaccess pcfg_openfile: unable to check htaccess file, ensure it is readable and that '/var/www/vhosts/saratogahistory.com/httpdocs/phpBB/' is executable
[Tue Aug 25 23:21:31.971920 2020] [core:crit] [pid 6888:tid 140619292833536] (13)Permission denied: [client 195.54.161.159:33180] AH00529: /var/www/vhosts/saratogahistory.com/httpdocs/phpBB/.htaccess pcfg_openfile: unable to check htaccess file, ensure it is readable and that '/var/www/vhosts/saratogahistory.com/httpdocs/phpBB/' is executable
[Tue Aug 25 23:21:32.278769 2020] [core:crit] [pid 6888:tid 140619303323392] (13)Permission denied: [client 195.54.161.159:33204] AH00529: /var/www/vhosts/saratogahistory.com/httpdocs/phpBB/.htaccess pcfg_openfile: unable to check htaccess file, ensure it is readable and that '/var/www/vhosts/saratogahistory.com/httpdocs/phpBB/' is executable
[Tue Aug 25 23:21:32.581469 2020] [core:crit] [pid 6888:tid 140619324303104] (13)Permission denied: [client 195.54.161.159:33218] AH00529: /var/www/vhosts/saratogahistory.com/httpdocs/phpBB/.htaccess pcfg_openfile: unable to check htaccess file, ensure it is readable and that '/var/www/vhosts/saratogahistory.com/httpdocs/phpBB/' is executable
[Tue Aug 25 23:21:32.883217 2020] [core:crit] [pid 6888:tid 140619271853824] (13)Permission denied: [client 195.54.161.159:33234] AH00529: /var/www/vhosts/saratogahistory.com/httpdocs/phpBB/.htaccess pcfg_openfile: unable to check htaccess file, ensure it is readable and that '/var/www/vhosts/saratogahistory.com/httpdocs/phpBB/' is executable
[Tue Aug 25 23:21:33.183948 2020] [core:crit] [pid 6888:tid 140619345282816] (13)Permission denied: [client 195.54.161.159:33250] AH00529: /var/www/vhosts/saratogahistory.com/httpdocs/phpBB/.htaccess pcfg_openfile: unable to check htaccess file, ensure it is readable and that '/var/www/vhosts/saratogahistory.com/httpdocs/phpBB/' is executable
[Tue Aug 25 23:21:33.492621 2020] [core:crit] [pid 6888:tid 140619198424832] (13)Permission denied: [client 195.54.161.159:33264] AH00529: /var/www/vhosts/saratogahistory.com/httpdocs/phpBB/.htaccess pcfg_openfile: unable to check htaccess file, ensure it is readable and that '/var/www/vhosts/saratogahistory.com/httpdocs/phpBB/' is executable
[Tue Aug 25 23:21:33.795035 2020] [core:crit] [pid 6888:tid 140619366262528] (13)Permission denied: [client 195.54.161.159:33278] AH00529: /var/www/vhosts/saratogahistory.com/httpdocs/phpBB/.htaccess pcfg_openfile: unable to check htaccess file, ensure it is readable and that '/var/www/vhosts/saratogahistory.com/httpdocs/phpBB/' is executable
[Tue Aug 25 23:21:34.101432 2020] [core:crit] [pid 6888:tid 140619250874112] (13)Permission denied: [client 195.54.161.159:33286] AH00529: /var/www/vhosts/saratogahistory.com/httpdocs/phpBB/.htaccess pcfg_openfile: unable to check htaccess file, ensure it is readable and that '/var/www/vhosts/saratogahistory.com/httpdocs/phpBB/' is executable
[Tue Aug 25 23:21:34.404407 2020] [core:crit] [pid 6888:tid 140619240384256] (13)Permission denied: [client 195.54.161.159:33294] AH00529: /var/www/vhosts/saratogahistory.com/httpdocs/phpBB/.htaccess pcfg_openfile: unable to check htaccess file, ensure it is readable and that '/var/www/vhosts/saratogahistory.com/httpdocs/phpBB/' is executable
[Tue Aug 25 23:21:34.848420 2020] [core:crit] [pid 6888:tid 140619282343680] (13)Permission denied: [client 195.54.161.159:33318] AH00529: /var/www/vhosts/saratogahistory.com/httpdocs/phpBB/.htaccess pcfg_openfile: unable to check htaccess file, ensure it is readable and that '/var/www/vhosts/saratogahistory.com/httpdocs/phpBB/' is executable
[Tue Aug 25 23:21:35.168963 2020] [core:crit] [pid 6888:tid 140619187934976] (13)Permission denied: [client 195.54.161.159:33324] AH00529: /var/www/vhosts/saratogahistory.com/httpdocs/phpBB/.htaccess pcfg_openfile: unable to check htaccess file, ensure it is readable and that '/var/www/vhosts/saratogahistory.com/httpdocs/phpBB/' is executable
[Tue Aug 25 23:21:35.470808 2020] [core:crit] [pid 6888:tid 140619261363968] (13)Permission denied: [client 195.54.161.159:33340] AH00529: /var/www/vhosts/saratogahistory.com/httpdocs/phpBB/.htaccess pcfg_openfile: unable to check htaccess file, ensure it is readable and that '/var/www/vhosts/saratogahistory.com/httpdocs/phpBB/' is executable
[Tue Aug 25 23:21:35.770342 2020] [core:crit] [pid 32352:tid 140619198424832] (13)Permission denied: [client 195.54.161.159:33352] AH00529: /var/www/vhosts/saratogahistory.com/httpdocs/phpBB/.htaccess pcfg_openfile: unable to check htaccess file, ensure it is readable and that '/var/www/vhosts/saratogahistory.com/httpdocs/phpBB/' is executable
[Tue Aug 25 23:21:36.068438 2020] [core:crit] [pid 6888:tid 140619229894400] (13)Permission denied: [client 195.54.161.159:33370] AH00529: /var/www/vhosts/saratogahistory.com/httpdocs/phpBB/.htaccess pcfg_openfile: unable to check htaccess file, ensure it is readable and that '/var/www/vhosts/saratogahistory.com/httpdocs/phpBB/' is executable
[Tue Aug 25 23:21:36.366740 2020] [core:crit] [pid 6888:tid 140619208914688] (13)Permission denied: [client 195.54.161.159:33378] AH00529: /var/www/vhosts/saratogahistory.com/httpdocs/phpBB/.htaccess pcfg_openfile: unable to check htaccess file, ensure it is readable and that '/var/www/vhosts/saratogahistory.com/httpdocs/phpBB/' is executable
[Tue Aug 25 23:21:36.664137 2020] [core:crit] [pid 32352:tid 140619282343680] (13)Permission denied: [client 195.54.161.159:33392] AH00529: /var/www/vhosts/saratogahistory.com/httpdocs/phpBB/.htaccess pcfg_openfile: unable to check htaccess file, ensure it is readable and that '/var/www/vhosts/saratogahistory.com/httpdocs/phpBB/' is executable
[Tue Aug 25 23:21:36.966734 2020] [core:crit] [pid 32352:tid 140619292833536] (13)Permission denied: [client 195.54.161.159:33408] AH00529: /var/www/vhosts/saratogahistory.com/httpdocs/phpBB/.htaccess pcfg_openfile: unable to check htaccess file, ensure it is readable and that '/var/www/vhosts/saratogahistory.com/httpdocs/phpBB/' is executable
[Tue Aug 25 23:21:37.263718 2020] [core:crit] [pid 32352:tid 140619124995840] (13)Permission denied: [client 195.54.161.159:33420] AH00529: /var/www/vhosts/saratogahistory.com/httpdocs/phpBB/.htaccess pcfg_openfile: unable to check htaccess file, ensure it is readable and that '/var/www/vhosts/saratogahistory.com/httpdocs/phpBB/' is executable
[Tue Aug 25 23:21:37.561774 2020] [core:crit] [pid 6888:tid 140619156465408] (13)Permission denied: [client 195.54.161.159:33432] AH00529: /var/www/vhosts/saratogahistory.com/httpdocs/phpBB/.htaccess pcfg_openfile: unable to check htaccess file, ensure it is readable and that '/var/www/vhosts/saratogahistory.com/httpdocs/phpBB/' is executable
[Tue Aug 25 23:21:37.864536 2020] [core:crit] [pid 6888:tid 140619219404544] (13)Permission denied: [client 195.54.161.159:33444] AH00529: /var/www/vhosts/saratogahistory.com/httpdocs/phpBB/.htaccess pcfg_openfile: unable to check htaccess file, ensure it is readable and that '/var/www/vhosts/saratogahistory.com/httpdocs/phpBB/' is executable
[Tue Aug 25 23:21:38.162678 2020] [core:crit] [pid 6888:tid 140619124995840] (13)Permission denied: [client 195.54.161.159:33454] AH00529: /var/www/vhosts/saratogahistory.com/httpdocs/phpBB/.htaccess pcfg_openfile: unable to check htaccess file, ensure it is readable and that '/var/www/vhosts/saratogahistory.com/httpdocs/phpBB/' is executable
[Tue Aug 25 23:21:38.463839 2020] [core:crit] [pid 6888:tid 140619177445120] (13)Permission denied: [client 195.54.161.159:33464] AH00529: /var/www/vhosts/saratogahistory.com/httpdocs/phpBB/.htaccess pcfg_openfile: unable to check htaccess file, ensure it is readable and that '/var/www/vhosts/saratogahistory.com/httpdocs/phpBB/' is executable
[Tue Aug 25 23:21:38.764025 2020] [core:crit] [pid 6888:tid 140619145975552] (13)Permission denied: [client 195.54.161.159:33486] AH00529: /var/www/vhosts/saratogahistory.com/httpdocs/phpBB/.htaccess pcfg_openfile: unable to check htaccess file, ensure it is readable and that '/var/www/vhosts/saratogahistory.com/httpdocs/phpBB/' is executable
[Tue Aug 25 23:21:39.062282 2020] [core:crit] [pid 6888:tid 140619166955264] (13)Permission denied: [client 195.54.161.159:33492] AH00529: /var/www/vhosts/saratogahistory.com/httpdocs/phpBB/.htaccess pcfg_openfile: unable to check htaccess file, ensure it is readable and that '/var/www/vhosts/saratogahistory.com/httpdocs/phpBB/' is executable
[Tue Aug 25 23:21:39.360633 2020] [core:crit] [pid 6888:tid 140619355772672] (13)Permission denied: [client 195.54.161.159:33504] AH00529: /var/www/vhosts/saratogahistory.com/httpdocs/phpBB/.htaccess pcfg_openfile: unable to check htaccess file, ensure it is readable and that '/var/www/vhosts/saratogahistory.com/httpdocs/phpBB/' is executable
[Tue Aug 25 23:21:39.664470 2020] [core:crit] [pid 6888:tid 140619135485696] (13)Permission denied: [client 195.54.161.159:33524] AH00529: /var/www/vhosts/saratogahistory.com/httpdocs/phpBB/.htaccess pcfg_openfile: unable to check htaccess file, ensure it is readable and that '/var/www/vhosts/saratogahistory.com/httpdocs/phpBB/' is executable
[Tue Aug 25 23:21:40.047403 2020] [core:crit] [pid 6888:tid 140619376752384] (13)Permission denied: [client 195.54.161.159:33544] AH00529: /var/www/vhosts/saratogahistory.com/httpdocs/phpBB/.htaccess pcfg_openfile: unable to check htaccess file, ensure it is readable and that '/var/www/vhosts/saratogahistory.com/httpdocs/phpBB/' is executable
[Tue Aug 25 23:21:40.357064 2020] [core:crit] [pid 6888:tid 140619334792960] (13)Permission denied: [client 195.54.161.159:33554] AH00529: /var/www/vhosts/saratogahistory.com/httpdocs/phpBB/.htaccess pcfg_openfile: unable to check htaccess file, ensure it is readable and that '/var/www/vhosts/saratogahistory.com/httpdocs/phpBB/' is executable
[Tue Aug 25 23:21:40.655177 2020] [core:crit] [pid 6888:tid 140619313813248] (13)Permission denied: [client 195.54.161.159:33572] AH00529: /var/www/vhosts/saratogahistory.com/httpdocs/phpBB/.htaccess pcfg_openfile: unable to check htaccess file, ensure it is readable and that '/var/www/vhosts/saratogahistory.com/httpdocs/phpBB/' is executable
[Tue Aug 25 23:21:40.953665 2020] [core:crit] [pid 6888:tid 140619292833536] (13)Permission denied: [client 195.54.161.159:33588] AH00529: /var/www/vhosts/saratogahistory.com/httpdocs/phpBB/.htaccess pcfg_openfile: unable to check htaccess file, ensure it is readable and that '/var/www/vhosts/saratogahistory.com/httpdocs/phpBB/' is executable
[Tue Aug 25 23:21:41.252238 2020] [core:crit] [pid 32325:tid 140619208914688] (13)Permission denied: [client 195.54.161.159:33600] AH00529: /var/www/vhosts/saratogahistory.com/httpdocs/phpBB/.htaccess pcfg_openfile: unable to check htaccess file, ensure it is readable and that '/var/www/vhosts/saratogahistory.com/httpdocs/phpBB/' is executable
[Tue Aug 25 23:21:41.554074 2020] [core:crit] [pid 6888:tid 140619303323392] (13)Permission denied: [client 195.54.161.159:33616] AH00529: /var/www/vhosts/saratogahistory.com/httpdocs/phpBB/.htaccess pcfg_openfile: unable to check htaccess file, ensure it is readable and that '/var/www/vhosts/saratogahistory.com/httpdocs/phpBB/' is executable
[Tue Aug 25 23:21:41.854010 2020] [core:crit] [pid 32352:tid 140619313813248] (13)Permission denied: [client 195.54.161.159:33620] AH00529: /var/www/vhosts/saratogahistory.com/httpdocs/phpBB/.htaccess pcfg_openfile: unable to check htaccess file, ensure it is readable and that '/var/www/vhosts/saratogahistory.com/httpdocs/phpBB/' is executable
[Tue Aug 25 23:21:42.152727 2020] [core:crit] [pid 6888:tid 140619324303104] (13)Permission denied: [client 195.54.161.159:33634] AH00529: /var/www/vhosts/saratogahistory.com/httpdocs/phpBB/.htaccess pcfg_openfile: unable to check htaccess file, ensure it is readable and that '/var/www/vhosts/saratogahistory.com/httpdocs/phpBB/' is executable
[Tue Aug 25 23:21:42.458347 2020] [core:crit] [pid 6888:tid 140619271853824] (13)Permission denied: [client 195.54.161.159:33642] AH00529: /var/www/vhosts/saratogahistory.com/httpdocs/phpBB/.htaccess pcfg_openfile: unable to check htaccess file, ensure it is readable and that '/var/www/vhosts/saratogahistory.com/httpdocs/phpBB/' is executable
[Tue Aug 25 23:21:42.757161 2020] [core:crit] [pid 32352:tid 140619261363968] (13)Permission denied: [client 195.54.161.159:33654] AH00529: /var/www/vhosts/saratogahistory.com/httpdocs/phpBB/.htaccess pcfg_openfile: unable to check htaccess file, ensure it is readable and that '/var/www/vhosts/saratogahistory.com/httpdocs/phpBB/' is executable
[Tue Aug 25 23:21:43.058159 2020] [core:crit] [pid 32352:tid 140619324303104] (13)Permission denied: [client 195.54.161.159:33676] AH00529: /var/www/vhosts/saratogahistory.com/httpdocs/phpBB/.htaccess pcfg_openfile: unable to check htaccess file, ensure it is readable and that '/var/www/vhosts/saratogahistory.com/httpdocs/phpBB/' is executable
[Tue Aug 25 23:21:43.356390 2020] [core:crit] [pid 32325:tid 140619376752384] (13)Permission denied: [client 195.54.161.159:33690] AH00529: /var/www/vhosts/saratogahistory.com/httpdocs/phpBB/.htaccess pcfg_openfile: unable to check htaccess file, ensure it is readable and that '/var/www/vhosts/saratogahistory.com/httpdocs/phpBB/' is executable
[Tue Aug 25 23:21:43.657344 2020] [core:crit] [pid 6888:tid 140619345282816] (13)Permission denied: [client 195.54.161.159:33692] AH00529: /var/www/vhosts/saratogahistory.com/httpdocs/phpBB/.htaccess pcfg_openfile: unable to check htaccess file, ensure it is readable and that '/var/www/vhosts/saratogahistory.com/httpdocs/phpBB/' is executable
[Tue Aug 25 23:21:43.964417 2020] [core:crit] [pid 6888:tid 140619198424832] (13)Permission denied: [client 195.54.161.159:33700] AH00529: /var/www/vhosts/saratogahistory.com/httpdocs/phpBB/.htaccess pcfg_openfile: unable to check htaccess file, ensure it is readable and that '/var/www/vhosts/saratogahistory.com/httpdocs/phpBB/' is executable
[Tue Aug 25 23:21:44.264844 2020] [core:crit] [pid 32322:tid 140619271853824] (13)Permission denied: [client 195.54.161.159:33712] AH00529: /var/www/vhosts/saratogahistory.com/httpdocs/phpBB/.htaccess pcfg_openfile: unable to check htaccess file, ensure it is readable and that '/var/www/vhosts/saratogahistory.com/httpdocs/phpBB/' is executable
[Tue Aug 25 23:21:44.564611 2020] [core:crit] [pid 6888:tid 140619366262528] (13)Permission denied: [client 195.54.161.159:33730] AH00529: /var/www/vhosts/saratogahistory.com/httpdocs/phpBB/.htaccess pcfg_openfile: unable to check htaccess file, ensure it is readable and that '/var/www/vhosts/saratogahistory.com/httpdocs/phpBB/' is executable
[Tue Aug 25 23:21:44.876731 2020] [core:crit] [pid 6888:tid 140619250874112] (13)Permission denied: [client 195.54.161.159:33740] AH00529: /var/www/vhosts/saratogahistory.com/httpdocs/phpBB/.htaccess pcfg_openfile: unable to check htaccess file, ensure it is readable and that '/var/www/vhosts/saratogahistory.com/httpdocs/phpBB/' is executable
[Tue Aug 25 23:21:45.178407 2020] [core:crit] [pid 6888:tid 140619240384256] (13)Permission denied: [client 195.54.161.159:33744] AH00529: /var/www/vhosts/saratogahistory.com/httpdocs/phpBB/.htaccess pcfg_openfile: unable to check htaccess file, ensure it is readable and that '/var/www/vhosts/saratogahistory.com/httpdocs/phpBB/' is executable
[Tue Aug 25 23:21:45.479770 2020] [core:crit] [pid 6888:tid 140619282343680] (13)Permission denied: [client 195.54.161.159:33760] AH00529: /var/www/vhosts/saratogahistory.com/httpdocs/phpBB/.htaccess pcfg_openfile: unable to check htaccess file, ensure it is readable and that '/var/www/vhosts/saratogahistory.com/httpdocs/phpBB/' is executable
[Tue Aug 25 23:21:45.784244 2020] [core:crit] [pid 6888:tid 140619187934976] (13)Permission denied: [client 195.54.161.159:33772] AH00529: /var/www/vhosts/saratogahistory.com/httpdocs/phpBB/.htaccess pcfg_openfile: unable to check htaccess file, ensure it is readable and that '/var/www/vhosts/saratogahistory.com/httpdocs/phpBB/' is executable
[Tue Aug 25 23:21:46.085018 2020] [core:crit] [pid 6888:tid 140619261363968] (13)Permission denied: [client 195.54.161.159:33786] AH00529: /var/www/vhosts/saratogahistory.com/httpdocs/phpBB/.htaccess pcfg_openfile: unable to check htaccess file, ensure it is readable and that '/var/www/vhosts/saratogahistory.com/httpdocs/phpBB/' is executable
[Tue Aug 25 23:21:46.384548 2020] [core:crit] [pid 6888:tid 140619229894400] (13)Permission denied: [client 195.54.161.159:33814] AH00529: /var/www/vhosts/saratogahistory.com/httpdocs/phpBB/.htaccess pcfg_openfile: unable to check htaccess file, ensure it is readable and that '/var/www/vhosts/saratogahistory.com/httpdocs/phpBB/' is executable
[Tue Aug 25 23:21:46.687359 2020] [core:crit] [pid 6888:tid 140619208914688] (13)Permission denied: [client 195.54.161.159:33826] AH00529: /var/www/vhosts/saratogahistory.com/httpdocs/phpBB/.htaccess pcfg_openfile: unable to check htaccess file, ensure it is readable and that '/var/www/vhosts/saratogahistory.com/httpdocs/phpBB/' is executable
[Tue Aug 25 23:21:46.991954 2020] [core:crit] [pid 32352:tid 140619240384256] (13)Permission denied: [client 195.54.161.159:33836] AH00529: /var/www/vhosts/saratogahistory.com/httpdocs/phpBB/.htaccess pcfg_openfile: unable to check htaccess file, ensure it is readable and that '/var/www/vhosts/saratogahistory.com/httpdocs/phpBB/' is executable
[Tue Aug 25 23:21:47.291917 2020] [core:crit] [pid 6888:tid 140619156465408] (13)Permission denied: [client 195.54.161.159:33866] AH00529: /var/www/vhosts/saratogahistory.com/httpdocs/phpBB/.htaccess pcfg_openfile: unable to check htaccess file, ensure it is readable and that '/var/www/vhosts/saratogahistory.com/httpdocs/phpBB/' is executable
[Tue Aug 25 23:21:47.592174 2020] [core:crit] [pid 6888:tid 140619219404544] (13)Permission denied: [client 195.54.161.159:33874] AH00529: /var/www/vhosts/saratogahistory.com/httpdocs/phpBB/.htaccess pcfg_openfile: unable to check htaccess file, ensure it is readable and that '/var/www/vhosts/saratogahistory.com/httpdocs/phpBB/' is executable
[Tue Aug 25 23:21:47.910367 2020] [core:crit] [pid 32325:tid 140619355772672] (13)Permission denied: [client 195.54.161.159:33910] AH00529: /var/www/vhosts/saratogahistory.com/httpdocs/phpBB/.htaccess pcfg_openfile: unable to check htaccess file, ensure it is readable and that '/var/www/vhosts/saratogahistory.com/httpdocs/phpBB/' is executable
[Tue Aug 25 23:21:48.211125 2020] [core:crit] [pid 6888:tid 140619124995840] (13)Permission denied: [client 195.54.161.159:33924] AH00529: /var/www/vhosts/saratogahistory.com/httpdocs/phpBB/.htaccess pcfg_openfile: unable to check htaccess file, ensure it is readable and that '/var/www/vhosts/saratogahistory.com/httpdocs/phpBB/' is executable
[Tue Aug 25 23:21:48.513663 2020] [core:crit] [pid 6888:tid 140619177445120] (13)Permission denied: [client 195.54.161.159:33948] AH00529: /var/www/vhosts/saratogahistory.com/httpdocs/phpBB/.htaccess pcfg_openfile: unable to check htaccess file, ensure it is readable and that '/var/www/vhosts/saratogahistory.com/httpdocs/phpBB/' is executable
[Tue Aug 25 23:21:48.813353 2020] [core:crit] [pid 6888:tid 140619145975552] (13)Permission denied: [client 195.54.161.159:33970] AH00529: /var/www/vhosts/saratogahistory.com/httpdocs/phpBB/.htaccess pcfg_openfile: unable to check htaccess file, ensure it is readable and that '/var/www/vhosts/saratogahistory.com/httpdocs/phpBB/' is executable
[Tue Aug 25 23:21:49.110265 2020] [core:crit] [pid 6888:tid 140619166955264] (13)Permission denied: [client 195.54.161.159:33984] AH00529: /var/www/vhosts/saratogahistory.com/httpdocs/phpBB/.htaccess pcfg_openfile: unable to check htaccess file, ensure it is readable and that '/var/www/vhosts/saratogahistory.com/httpdocs/phpBB/' is executable
[Tue Aug 25 23:21:49.408361 2020] [core:crit] [pid 6888:tid 140619355772672] (13)Permission denied: [client 195.54.161.159:34018] AH00529: /var/www/vhosts/saratogahistory.com/httpdocs/phpBB/.htaccess pcfg_openfile: unable to check htaccess file, ensure it is readable and that '/var/www/vhosts/saratogahistory.com/httpdocs/phpBB/' is executable
[Tue Aug 25 23:21:49.706562 2020] [core:crit] [pid 6888:tid 140619135485696] (13)Permission denied: [client 195.54.161.159:34030] AH00529: /var/www/vhosts/saratogahistory.com/httpdocs/phpBB/.htaccess pcfg_openfile: unable to check htaccess file, ensure it is readable and that '/var/www/vhosts/saratogahistory.com/httpdocs/phpBB/' is executable
[Tue Aug 25 23:21:50.005018 2020] [core:crit] [pid 6888:tid 140619376752384] (13)Permission denied: [client 195.54.161.159:34060] AH00529: /var/www/vhosts/saratogahistory.com/httpdocs/phpBB/.htaccess pcfg_openfile: unable to check htaccess file, ensure it is readable and that '/var/www/vhosts/saratogahistory.com/httpdocs/phpBB/' is executable
[Tue Aug 25 23:21:50.304929 2020] [core:crit] [pid 32322:tid 140619250874112] (13)Permission denied: [client 195.54.161.159:34074] AH00529: /var/www/vhosts/saratogahistory.com/httpdocs/phpBB/.htaccess pcfg_openfile: unable to check htaccess file, ensure it is readable and that '/var/www/vhosts/saratogahistory.com/httpdocs/phpBB/' is executable
[Tue Aug 25 23:21:50.604777 2020] [core:crit] [pid 6888:tid 140619334792960] (13)Permission denied: [client 195.54.161.159:34084] AH00529: /var/www/vhosts/saratogahistory.com/httpdocs/phpBB/.htaccess pcfg_openfile: unable to check htaccess file, ensure it is readable and that '/var/www/vhosts/saratogahistory.com/httpdocs/phpBB/' is executable
[Tue Aug 25 23:21:50.906423 2020] [core:crit] [pid 6888:tid 140619313813248] (13)Permission denied: [client 195.54.161.159:34092] AH00529: /var/www/vhosts/saratogahistory.com/httpdocs/phpBB/.htaccess pcfg_openfile: unable to check htaccess file, ensure it is readable and that '/var/www/vhosts/saratogahistory.com/httpdocs/phpBB/' is executable
[Tue Aug 25 23:21:51.210372 2020] [core:crit] [pid 6888:tid 140619292833536] (13)Permission denied: [client 195.54.161.159:34118] AH00529: /var/www/vhosts/saratogahistory.com/httpdocs/phpBB/.htaccess pcfg_openfile: unable to check htaccess file, ensure it is readable and that '/var/www/vhosts/saratogahistory.com/httpdocs/phpBB/' is executable
[Tue Aug 25 23:21:51.508962 2020] [core:crit] [pid 6888:tid 140619303323392] (13)Permission denied: [client 195.54.161.159:34132] AH00529: /var/www/vhosts/saratogahistory.com/httpdocs/phpBB/.htaccess pcfg_openfile: unable to check htaccess file, ensure it is readable and that '/var/www/vhosts/saratogahistory.com/httpdocs/phpBB/' is executable
[Tue Aug 25 23:21:51.816894 2020] [core:crit] [pid 6888:tid 140619324303104] (13)Permission denied: [client 195.54.161.159:34146] AH00529: /var/www/vhosts/saratogahistory.com/httpdocs/phpBB/.htaccess pcfg_openfile: unable to check htaccess file, ensure it is readable and that '/var/www/vhosts/saratogahistory.com/httpdocs/phpBB/' is executable
[Tue Aug 25 23:21:52.115329 2020] [core:crit] [pid 32325:tid 140619219404544] (13)Permission denied: [client 195.54.161.159:34160] AH00529: /var/www/vhosts/saratogahistory.com/httpdocs/phpBB/.htaccess pcfg_openfile: unable to check htaccess file, ensure it is readable and that '/var/www/vhosts/saratogahistory.com/httpdocs/phpBB/' is executable
[Tue Aug 25 23:21:52.415571 2020] [core:crit] [pid 6888:tid 140619271853824] (13)Permission denied: [client 195.54.161.159:34180] AH00529: /var/www/vhosts/saratogahistory.com/httpdocs/phpBB/.htaccess pcfg_openfile: unable to check htaccess file, ensure it is readable and that '/var/www/vhosts/saratogahistory.com/httpdocs/phpBB/' is executable
[Tue Aug 25 23:21:52.714242 2020] [core:crit] [pid 6888:tid 140619345282816] (13)Permission denied: [client 195.54.161.159:34190] AH00529: /var/www/vhosts/saratogahistory.com/httpdocs/phpBB/.htaccess pcfg_openfile: unable to check htaccess file, ensure it is readable and that '/var/www/vhosts/saratogahistory.com/httpdocs/phpBB/' is executable
[Tue Aug 25 23:21:53.022121 2020] [core:crit] [pid 32352:tid 140619355772672] (13)Permission denied: [client 195.54.161.159:34198] AH00529: /var/www/vhosts/saratogahistory.com/httpdocs/phpBB/.htaccess pcfg_openfile: unable to check htaccess file, ensure it is readable and that '/var/www/vhosts/saratogahistory.com/httpdocs/phpBB/' is executable
[Tue Aug 25 23:21:53.321090 2020] [core:crit] [pid 6888:tid 140619198424832] (13)Permission denied: [client 195.54.161.159:34218] AH00529: /var/www/vhosts/saratogahistory.com/httpdocs/phpBB/.htaccess pcfg_openfile: unable to check htaccess file, ensure it is readable and that '/var/www/vhosts/saratogahistory.com/httpdocs/phpBB/' is executable
[Tue Aug 25 23:21:53.619597 2020] [core:crit] [pid 6888:tid 140619366262528] (13)Permission denied: [client 195.54.161.159:34240] AH00529: /var/www/vhosts/saratogahistory.com/httpdocs/phpBB/.htaccess pcfg_openfile: unable to check htaccess file, ensure it is readable and that '/var/www/vhosts/saratogahistory.com/httpdocs/phpBB/' is executable
[Tue Aug 25 23:21:53.919504 2020] [core:crit] [pid 6888:tid 140619250874112] (13)Permission denied: [client 195.54.161.159:34250] AH00529: /var/www/vhosts/saratogahistory.com/httpdocs/phpBB/.htaccess pcfg_openfile: unable to check htaccess file, ensure it is readable and that '/var/www/vhosts/saratogahistory.com/httpdocs/phpBB/' is executable
[Tue Aug 25 23:21:54.219620 2020] [core:crit] [pid 6888:tid 140619240384256] (13)Permission denied: [client 195.54.161.159:34262] AH00529: /var/www/vhosts/saratogahistory.com/httpdocs/phpBB/.htaccess pcfg_openfile: unable to check htaccess file, ensure it is readable and that '/var/www/vhosts/saratogahistory.com/httpdocs/phpBB/' is executable
[Tue Aug 25 23:21:54.518855 2020] [core:crit] [pid 6888:tid 140619282343680] (13)Permission denied: [client 195.54.161.159:34272] AH00529: /var/www/vhosts/saratogahistory.com/httpdocs/phpBB/.htaccess pcfg_openfile: unable to check htaccess file, ensure it is readable and that '/var/www/vhosts/saratogahistory.com/httpdocs/phpBB/' is executable
[Tue Aug 25 23:21:54.818484 2020] [core:crit] [pid 6888:tid 140619187934976] (13)Permission denied: [client 195.54.161.159:34278] AH00529: /var/www/vhosts/saratogahistory.com/httpdocs/phpBB/.htaccess pcfg_openfile: unable to check htaccess file, ensure it is readable and that '/var/www/vhosts/saratogahistory.com/httpdocs/phpBB/' is executable
[Tue Aug 25 23:21:55.117091 2020] [core:crit] [pid 6888:tid 140619261363968] (13)Permission denied: [client 195.54.161.159:34290] AH00529: /var/www/vhosts/saratogahistory.com/httpdocs/phpBB/.htaccess pcfg_openfile: unable to check htaccess file, ensure it is readable and that '/var/www/vhosts/saratogahistory.com/httpdocs/phpBB/' is executable
[Tue Aug 25 23:21:55.415878 2020] [core:crit] [pid 32322:tid 140619240384256] (13)Permission denied: [client 195.54.161.159:34310] AH00529: /var/www/vhosts/saratogahistory.com/httpdocs/phpBB/.htaccess pcfg_openfile: unable to check htaccess file, ensure it is readable and that '/var/www/vhosts/saratogahistory.com/httpdocs/phpBB/' is executable
[Tue Aug 25 23:21:55.717079 2020] [core:crit] [pid 32352:tid 140619250874112] (13)Permission denied: [client 195.54.161.159:34332] AH00529: /var/www/vhosts/saratogahistory.com/httpdocs/phpBB/.htaccess pcfg_openfile: unable to check htaccess file, ensure it is readable and that '/var/www/vhosts/saratogahistory.com/httpdocs/phpBB/' is executable
[Tue Aug 25 23:21:56.018167 2020] [core:crit] [pid 32352:tid 140619208914688] (13)Permission denied: [client 195.54.161.159:34342] AH00529: /var/www/vhosts/saratogahistory.com/httpdocs/phpBB/.htaccess pcfg_openfile: unable to check htaccess file, ensure it is readable and that '/var/www/vhosts/saratogahistory.com/httpdocs/phpBB/' is executable
[Tue Aug 25 23:21:56.315938 2020] [core:crit] [pid 32325:tid 140619198424832] (13)Permission denied: [client 195.54.161.159:34352] AH00529: /var/www/vhosts/saratogahistory.com/httpdocs/phpBB/.htaccess pcfg_openfile: unable to check htaccess file, ensure it is readable and that '/var/www/vhosts/saratogahistory.com/httpdocs/phpBB/' is executable
[Tue Aug 25 23:21:56.617999 2020] [core:crit] [pid 32325:tid 140619229894400] (13)Permission denied: [client 195.54.161.159:34370] AH00529: /var/www/vhosts/saratogahistory.com/httpdocs/phpBB/.htaccess pcfg_openfile: unable to check htaccess file, ensure it is readable and that '/var/www/vhosts/saratogahistory.com/httpdocs/phpBB/' is executable
[Tue Aug 25 23:21:56.916334 2020] [core:crit] [pid 32322:tid 140619219404544] (13)Permission denied: [client 195.54.161.159:34380] AH00529: /var/www/vhosts/saratogahistory.com/httpdocs/phpBB/.htaccess pcfg_openfile: unable to check htaccess file, ensure it is readable and that '/var/www/vhosts/saratogahistory.com/httpdocs/phpBB/' is executable
[Tue Aug 25 23:21:57.216992 2020] [core:crit] [pid 6888:tid 140619229894400] (13)Permission denied: [client 195.54.161.159:34390] AH00529: /var/www/vhosts/saratogahistory.com/httpdocs/phpBB/.htaccess pcfg_openfile: unable to check htaccess file, ensure it is readable and that '/var/www/vhosts/saratogahistory.com/httpdocs/phpBB/' is executable
[Tue Aug 25 23:21:57.515940 2020] [core:crit] [pid 6888:tid 140619208914688] (13)Permission denied: [client 195.54.161.159:34410] AH00529: /var/www/vhosts/saratogahistory.com/httpdocs/phpBB/.htaccess pcfg_openfile: unable to check htaccess file, ensure it is readable and that '/var/www/vhosts/saratogahistory.com/httpdocs/phpBB/' is executable
[Tue Aug 25 23:21:57.816519 2020] [core:crit] [pid 6888:tid 140619156465408] (13)Permission denied: [client 195.54.161.159:34428] AH00529: /var/www/vhosts/saratogahistory.com/httpdocs/phpBB/.htaccess pcfg_openfile: unable to check htaccess file, ensure it is readable and that '/var/www/vhosts/saratogahistory.com/httpdocs/phpBB/' is executable
[Tue Aug 25 23:21:58.113653 2020] [core:crit] [pid 6888:tid 140619219404544] (13)Permission denied: [client 195.54.161.159:34438] AH00529: /var/www/vhosts/saratogahistory.com/httpdocs/phpBB/.htaccess pcfg_openfile: unable to check htaccess file, ensure it is readable and that '/var/www/vhosts/saratogahistory.com/httpdocs/phpBB/' is executable
[Tue Aug 25 23:21:58.410893 2020] [core:crit] [pid 6888:tid 140619124995840] (13)Permission denied: [client 195.54.161.159:34450] AH00529: /var/www/vhosts/saratogahistory.com/httpdocs/phpBB/.htaccess pcfg_openfile: unable to check htaccess file, ensure it is readable and that '/var/www/vhosts/saratogahistory.com/httpdocs/phpBB/' is executable
[Tue Aug 25 23:21:58.707572 2020] [core:crit] [pid 6888:tid 140619177445120] (13)Permission denied: [client 195.54.161.159:34456] AH00529: /var/www/vhosts/saratogahistory.com/httpdocs/phpBB/.htaccess pcfg_openfile: unable to check htaccess file, ensure it is readable and that '/var/www/vhosts/saratogahistory.com/httpdocs/phpBB/' is executable
[Tue Aug 25 23:21:59.005689 2020] [core:crit] [pid 32352:tid 140619334792960] (13)Permission denied: [client 195.54.161.159:34474] AH00529: /var/www/vhosts/saratogahistory.com/httpdocs/phpBB/.htaccess pcfg_openfile: unable to check htaccess file, ensure it is readable and that '/var/www/vhosts/saratogahistory.com/httpdocs/phpBB/' is executable
[Tue Aug 25 23:21:59.308213 2020] [core:crit] [pid 32352:tid 140619229894400] (13)Permission denied: [client 195.54.161.159:34490] AH00529: /var/www/vhosts/saratogahistory.com/httpdocs/phpBB/.htaccess pcfg_openfile: unable to check htaccess file, ensure it is readable and that '/var/www/vhosts/saratogahistory.com/httpdocs/phpBB/' is executable
[Tue Aug 25 23:21:59.609720 2020] [core:crit] [pid 32352:tid 140619366262528] (13)Permission denied: [client 195.54.161.159:34504] AH00529: /var/www/vhosts/saratogahistory.com/httpdocs/phpBB/.htaccess pcfg_openfile: unable to check htaccess file, ensure it is readable and that '/var/www/vhosts/saratogahistory.com/httpdocs/phpBB/' is executable
[Tue Aug 25 23:21:59.907445 2020] [core:crit] [pid 32352:tid 140619376752384] (13)Permission denied: [client 195.54.161.159:34516] AH00529: /var/www/vhosts/saratogahistory.com/httpdocs/phpBB/.htaccess pcfg_openfile: unable to check htaccess file, ensure it is readable and that '/var/www/vhosts/saratogahistory.com/httpdocs/phpBB/' is executable
[Tue Aug 25 23:22:00.205565 2020] [core:crit] [pid 6888:tid 140619145975552] (13)Permission denied: [client 195.54.161.159:34552] AH00529: /var/www/vhosts/saratogahistory.com/httpdocs/phpBB/.htaccess pcfg_openfile: unable to check htaccess file, ensure it is readable and that '/var/www/vhosts/saratogahistory.com/httpdocs/phpBB/' is executable
[Tue Aug 25 23:22:00.504741 2020] [core:crit] [pid 32352:tid 140619345282816] (13)Permission denied: [client 195.54.161.159:34570] AH00529: /var/www/vhosts/saratogahistory.com/httpdocs/phpBB/.htaccess pcfg_openfile: unable to check htaccess file, ensure it is readable and that '/var/www/vhosts/saratogahistory.com/httpdocs/phpBB/' is executable
[Tue Aug 25 23:22:00.804062 2020] [core:crit] [pid 32352:tid 140619187934976] (13)Permission denied: [client 195.54.161.159:34582] AH00529: /var/www/vhosts/saratogahistory.com/httpdocs/phpBB/.htaccess pcfg_openfile: unable to check htaccess file, ensure it is readable and that '/var/www/vhosts/saratogahistory.com/httpdocs/phpBB/' is executable
[Tue Aug 25 23:22:01.102424 2020] [core:crit] [pid 32325:tid 140619187934976] (13)Permission denied: [client 195.54.161.159:34596] AH00529: /var/www/vhosts/saratogahistory.com/httpdocs/phpBB/.htaccess pcfg_openfile: unable to check htaccess file, ensure it is readable and that '/var/www/vhosts/saratogahistory.com/httpdocs/phpBB/' is executable
[Tue Aug 25 23:22:01.426343 2020] [core:crit] [pid 6888:tid 140619166955264] (13)Permission denied: [client 195.54.161.159:34614] AH00529: /var/www/vhosts/saratogahistory.com/httpdocs/phpBB/.htaccess pcfg_openfile: unable to check htaccess file, ensure it is readable and that '/var/www/vhosts/saratogahistory.com/httpdocs/phpBB/' is executable
[Tue Aug 25 23:22:01.726093 2020] [core:crit] [pid 32325:tid 140619177445120] (13)Permission denied: [client 195.54.161.159:34628] AH00529: /var/www/vhosts/saratogahistory.com/httpdocs/phpBB/.htaccess pcfg_openfile: unable to check htaccess file, ensure it is readable and that '/var/www/vhosts/saratogahistory.com/httpdocs/phpBB/' is executable
[Tue Aug 25 23:22:02.025255 2020] [core:crit] [pid 6888:tid 140619355772672] (13)Permission denied: [client 195.54.161.159:34646] AH00529: /var/www/vhosts/saratogahistory.com/httpdocs/phpBB/.htaccess pcfg_openfile: unable to check htaccess file, ensure it is readable and that '/var/www/vhosts/saratogahistory.com/httpdocs/phpBB/' is executable
[Tue Aug 25 23:22:02.327375 2020] [core:crit] [pid 32325:tid 140619156465408] (13)Permission denied: [client 195.54.161.159:34670] AH00529: /var/www/vhosts/saratogahistory.com/httpdocs/phpBB/.htaccess pcfg_openfile: unable to check htaccess file, ensure it is readable and that '/var/www/vhosts/saratogahistory.com/httpdocs/phpBB/' is executable
[Tue Aug 25 23:22:02.625435 2020] [core:crit] [pid 6888:tid 140619135485696] (13)Permission denied: [client 195.54.161.159:34680] AH00529: /var/www/vhosts/saratogahistory.com/httpdocs/phpBB/.htaccess pcfg_openfile: unable to check htaccess file, ensure it is readable and that '/var/www/vhosts/saratogahistory.com/httpdocs/phpBB/' is executable
[Tue Aug 25 23:22:02.937829 2020] [core:crit] [pid 32325:tid 140619124995840] (13)Permission denied: [client 195.54.161.159:34696] AH00529: /var/www/vhosts/saratogahistory.com/httpdocs/phpBB/.htaccess pcfg_openfile: unable to check htaccess file, ensure it is readable and that '/var/www/vhosts/saratogahistory.com/httpdocs/phpBB/' is executable
[Tue Aug 25 23:22:03.235965 2020] [core:crit] [pid 6888:tid 140619376752384] (13)Permission denied: [client 195.54.161.159:34710] AH00529: /var/www/vhosts/saratogahistory.com/httpdocs/phpBB/.htaccess pcfg_openfile: unable to check htaccess file, ensure it is readable and that '/var/www/vhosts/saratogahistory.com/httpdocs/phpBB/' is executable
[Tue Aug 25 23:22:03.537875 2020] [core:crit] [pid 6888:tid 140619334792960] (13)Permission denied: [client 195.54.161.159:34722] AH00529: /var/www/vhosts/saratogahistory.com/httpdocs/phpBB/.htaccess pcfg_openfile: unable to check htaccess file, ensure it is readable and that '/var/www/vhosts/saratogahistory.com/httpdocs/phpBB/' is executable
[Tue Aug 25 23:22:03.844431 2020] [core:crit] [pid 6888:tid 140619313813248] (13)Permission denied: [client 195.54.161.159:34728] AH00529: /var/www/vhosts/saratogahistory.com/httpdocs/phpBB/.htaccess pcfg_openfile: unable to check htaccess file, ensure it is readable and that '/var/www/vhosts/saratogahistory.com/httpdocs/phpBB/' is executable
[Tue Aug 25 23:22:04.142182 2020] [core:crit] [pid 6888:tid 140619292833536] (13)Permission denied: [client 195.54.161.159:34736] AH00529: /var/www/vhosts/saratogahistory.com/httpdocs/phpBB/.htaccess pcfg_openfile: unable to check htaccess file, ensure it is readable and that '/var/www/vhosts/saratogahistory.com/httpdocs/phpBB/' is executable
[Tue Aug 25 23:22:04.439919 2020] [core:crit] [pid 6888:tid 140619303323392] (13)Permission denied: [client 195.54.161.159:34746] AH00529: /var/www/vhosts/saratogahistory.com/httpdocs/phpBB/.htaccess pcfg_openfile: unable to check htaccess file, ensure it is readable and that '/var/www/vhosts/saratogahistory.com/httpdocs/phpBB/' is executable
[Tue Aug 25 23:22:04.737738 2020] [core:crit] [pid 6888:tid 140619324303104] (13)Permission denied: [client 195.54.161.159:34760] AH00529: /var/www/vhosts/saratogahistory.com/httpdocs/phpBB/.htaccess pcfg_openfile: unable to check htaccess file, ensure it is readable and that '/var/www/vhosts/saratogahistory.com/httpdocs/phpBB/' is executable
[Tue Aug 25 23:22:05.178787 2020] [core:crit] [pid 32352:tid 140619219404544] (13)Permission denied: [client 195.54.161.159:34772] AH00529: /var/www/vhosts/saratogahistory.com/httpdocs/phpBB/.htaccess pcfg_openfile: unable to check htaccess file, ensure it is readable and that '/var/www/vhosts/saratogahistory.com/httpdocs/phpBB/' is executable
[Tue Aug 25 23:22:05.478987 2020] [core:crit] [pid 6888:tid 140619271853824] (13)Permission denied: [client 195.54.161.159:34784] AH00529: /var/www/vhosts/saratogahistory.com/httpdocs/phpBB/.htaccess pcfg_openfile: unable to check htaccess file, ensure it is readable and that '/var/www/vhosts/saratogahistory.com/httpdocs/phpBB/' is executable
[Tue Aug 25 23:22:05.781017 2020] [core:crit] [pid 6888:tid 140619345282816] (13)Permission denied: [client 195.54.161.159:34800] AH00529: /var/www/vhosts/saratogahistory.com/httpdocs/phpBB/.htaccess pcfg_openfile: unable to check htaccess file, ensure it is readable and that '/var/www/vhosts/saratogahistory.com/httpdocs/phpBB/' is executable
[Tue Aug 25 23:22:06.080331 2020] [core:crit] [pid 32352:tid 140619145975552] (13)Permission denied: [client 195.54.161.159:34810] AH00529: /var/www/vhosts/saratogahistory.com/httpdocs/phpBB/.htaccess pcfg_openfile: unable to check htaccess file, ensure it is readable and that '/var/www/vhosts/saratogahistory.com/httpdocs/phpBB/' is executable
[Tue Aug 25 23:22:06.377759 2020] [core:crit] [pid 6888:tid 140619198424832] (13)Permission denied: [client 195.54.161.159:34822] AH00529: /var/www/vhosts/saratogahistory.com/httpdocs/phpBB/.htaccess pcfg_openfile: unable to check htaccess file, ensure it is readable and that '/var/www/vhosts/saratogahistory.com/httpdocs/phpBB/' is executable
[Tue Aug 25 23:22:06.676584 2020] [core:crit] [pid 32325:tid 140619145975552] (13)Permission denied: [client 195.54.161.159:34836] AH00529: /var/www/vhosts/saratogahistory.com/httpdocs/phpBB/.htaccess pcfg_openfile: unable to check htaccess file, ensure it is readable and that '/var/www/vhosts/saratogahistory.com/httpdocs/phpBB/' is executable
[Tue Aug 25 23:22:06.974389 2020] [core:crit] [pid 32352:tid 140619177445120] (13)Permission denied: [client 195.54.161.159:34842] AH00529: /var/www/vhosts/saratogahistory.com/httpdocs/phpBB/.htaccess pcfg_openfile: unable to check htaccess file, ensure it is readable and that '/var/www/vhosts/saratogahistory.com/httpdocs/phpBB/' is executable
[Tue Aug 25 23:22:07.273853 2020] [core:crit] [pid 32325:tid 140619166955264] (13)Permission denied: [client 195.54.161.159:34850] AH00529: /var/www/vhosts/saratogahistory.com/httpdocs/phpBB/.htaccess pcfg_openfile: unable to check htaccess file, ensure it is readable and that '/var/www/vhosts/saratogahistory.com/httpdocs/phpBB/' is executable
[Tue Aug 25 23:22:07.578781 2020] [core:crit] [pid 32325:tid 140619313813248] (13)Permission denied: [client 195.54.161.159:34876] AH00529: /var/www/vhosts/saratogahistory.com/httpdocs/phpBB/.htaccess pcfg_openfile: unable to check htaccess file, ensure it is readable and that '/var/www/vhosts/saratogahistory.com/httpdocs/phpBB/' is executable
[Tue Aug 25 23:22:07.881116 2020] [core:crit] [pid 6888:tid 140619366262528] (13)Permission denied: [client 195.54.161.159:34882] AH00529: /var/www/vhosts/saratogahistory.com/httpdocs/phpBB/.htaccess pcfg_openfile: unable to check htaccess file, ensure it is readable and that '/var/www/vhosts/saratogahistory.com/httpdocs/phpBB/' is executable
[Tue Aug 25 23:22:08.180499 2020] [core:crit] [pid 6888:tid 140619250874112] (13)Permission denied: [client 195.54.161.159:34888] AH00529: /var/www/vhosts/saratogahistory.com/httpdocs/phpBB/.htaccess pcfg_openfile: unable to check htaccess file, ensure it is readable and that '/var/www/vhosts/saratogahistory.com/httpdocs/phpBB/' is executable
[Tue Aug 25 23:22:08.483049 2020] [core:crit] [pid 32352:tid 140619166955264] (13)Permission denied: [client 195.54.161.159:34892] AH00529: /var/www/vhosts/saratogahistory.com/httpdocs/phpBB/.htaccess pcfg_openfile: unable to check htaccess file, ensure it is readable and that '/var/www/vhosts/saratogahistory.com/httpdocs/phpBB/' is executable
[Tue Aug 25 23:22:08.780068 2020] [core:crit] [pid 32352:tid 140619135485696] (13)Permission denied: [client 195.54.161.159:34920] AH00529: /var/www/vhosts/saratogahistory.com/httpdocs/phpBB/.htaccess pcfg_openfile: unable to check htaccess file, ensure it is readable and that '/var/www/vhosts/saratogahistory.com/httpdocs/phpBB/' is executable
[Tue Aug 25 23:22:09.079648 2020] [core:crit] [pid 6888:tid 140619240384256] (13)Permission denied: [client 195.54.161.159:34934] AH00529: /var/www/vhosts/saratogahistory.com/httpdocs/phpBB/.htaccess pcfg_openfile: unable to check htaccess file, ensure it is readable and that '/var/www/vhosts/saratogahistory.com/httpdocs/phpBB/' is executable
[Tue Aug 25 23:22:09.381277 2020] [core:crit] [pid 6888:tid 140619282343680] (13)Permission denied: [client 195.54.161.159:34950] AH00529: /var/www/vhosts/saratogahistory.com/httpdocs/phpBB/.htaccess pcfg_openfile: unable to check htaccess file, ensure it is readable and that '/var/www/vhosts/saratogahistory.com/httpdocs/phpBB/' is executable
[Tue Aug 25 23:22:09.679996 2020] [core:crit] [pid 6888:tid 140619187934976] (13)Permission denied: [client 195.54.161.159:34958] AH00529: /var/www/vhosts/saratogahistory.com/httpdocs/phpBB/.htaccess pcfg_openfile: unable to check htaccess file, ensure it is readable and that '/var/www/vhosts/saratogahistory.com/httpdocs/phpBB/' is executable
[Tue Aug 25 23:22:09.978668 2020] [core:crit] [pid 6888:tid 140619261363968] (13)Permission denied: [client 195.54.161.159:34978] AH00529: /var/www/vhosts/saratogahistory.com/httpdocs/phpBB/.htaccess pcfg_openfile: unable to check htaccess file, ensure it is readable and that '/var/www/vhosts/saratogahistory.com/httpdocs/phpBB/' is executable
[Tue Aug 25 23:22:10.280145 2020] [core:crit] [pid 6888:tid 140619229894400] (13)Permission denied: [client 195.54.161.159:34984] AH00529: /var/www/vhosts/saratogahistory.com/httpdocs/phpBB/.htaccess pcfg_openfile: unable to check htaccess file, ensure it is readable and that '/var/www/vhosts/saratogahistory.com/httpdocs/phpBB/' is executable
[Tue Aug 25 23:22:10.588773 2020] [core:crit] [pid 6888:tid 140619208914688] (13)Permission denied: [client 195.54.161.159:34996] AH00529: /var/www/vhosts/saratogahistory.com/httpdocs/phpBB/.htaccess pcfg_openfile: unable to check htaccess file, ensure it is readable and that '/var/www/vhosts/saratogahistory.com/httpdocs/phpBB/' is executable
[Tue Aug 25 23:22:10.894259 2020] [core:crit] [pid 6888:tid 140619156465408] (13)Permission denied: [client 195.54.161.159:35006] AH00529: /var/www/vhosts/saratogahistory.com/httpdocs/phpBB/.htaccess pcfg_openfile: unable to check htaccess file, ensure it is readable and that '/var/www/vhosts/saratogahistory.com/httpdocs/phpBB/' is executable
[Tue Aug 25 23:22:11.192803 2020] [core:crit] [pid 6888:tid 140619219404544] (13)Permission denied: [client 195.54.161.159:35022] AH00529: /var/www/vhosts/saratogahistory.com/httpdocs/phpBB/.htaccess pcfg_openfile: unable to check htaccess file, ensure it is readable and that '/var/www/vhosts/saratogahistory.com/httpdocs/phpBB/' is executable
[Tue Aug 25 23:22:11.499702 2020] [core:crit] [pid 6888:tid 140619124995840] (13)Permission denied: [client 195.54.161.159:35032] AH00529: /var/www/vhosts/saratogahistory.com/httpdocs/phpBB/.htaccess pcfg_openfile: unable to check htaccess file, ensure it is readable and that '/var/www/vhosts/saratogahistory.com/httpdocs/phpBB/' is executable
[Tue Aug 25 23:22:11.798353 2020] [core:crit] [pid 6888:tid 140619177445120] (13)Permission denied: [client 195.54.161.159:35048] AH00529: /var/www/vhosts/saratogahistory.com/httpdocs/phpBB/.htaccess pcfg_openfile: unable to check htaccess file, ensure it is readable and that '/var/www/vhosts/saratogahistory.com/httpdocs/phpBB/' is executable
[Tue Aug 25 23:22:12.099807 2020] [core:crit] [pid 32352:tid 140619303323392] (13)Permission denied: [client 195.54.161.159:35060] AH00529: /var/www/vhosts/saratogahistory.com/httpdocs/phpBB/.htaccess pcfg_openfile: unable to check htaccess file, ensure it is readable and that '/var/www/vhosts/saratogahistory.com/httpdocs/phpBB/' is executable
[Tue Aug 25 23:22:12.397723 2020] [core:crit] [pid 6888:tid 140619145975552] (13)Permission denied: [client 195.54.161.159:35066] AH00529: /var/www/vhosts/saratogahistory.com/httpdocs/phpBB/.htaccess pcfg_openfile: unable to check htaccess file, ensure it is readable and that '/var/www/vhosts/saratogahistory.com/httpdocs/phpBB/' is executable
[Tue Aug 25 23:22:12.698129 2020] [core:crit] [pid 6888:tid 140619166955264] (13)Permission denied: [client 195.54.161.159:35094] AH00529: /var/www/vhosts/saratogahistory.com/httpdocs/phpBB/.htaccess pcfg_openfile: unable to check htaccess file, ensure it is readable and that '/var/www/vhosts/saratogahistory.com/httpdocs/phpBB/' is executable
[Tue Aug 25 23:22:12.996350 2020] [core:crit] [pid 6888:tid 140619355772672] (13)Permission denied: [client 195.54.161.159:35106] AH00529: /var/www/vhosts/saratogahistory.com/httpdocs/phpBB/.htaccess pcfg_openfile: unable to check htaccess file, ensure it is readable and that '/var/www/vhosts/saratogahistory.com/httpdocs/phpBB/' is executable
[Tue Aug 25 23:22:13.301831 2020] [core:crit] [pid 6888:tid 140619135485696] (13)Permission denied: [client 195.54.161.159:35122] AH00529: /var/www/vhosts/saratogahistory.com/httpdocs/phpBB/.htaccess pcfg_openfile: unable to check htaccess file, ensure it is readable and that '/var/www/vhosts/saratogahistory.com/httpdocs/phpBB/' is executable
[Tue Aug 25 23:22:13.600783 2020] [core:crit] [pid 6888:tid 140619376752384] (13)Permission denied: [client 195.54.161.159:35138] AH00529: /var/www/vhosts/saratogahistory.com/httpdocs/phpBB/.htaccess pcfg_openfile: unable to check htaccess file, ensure it is readable and that '/var/www/vhosts/saratogahistory.com/httpdocs/phpBB/' is executable
[Tue Aug 25 23:22:13.901431 2020] [core:crit] [pid 6888:tid 140619334792960] (13)Permission denied: [client 195.54.161.159:35146] AH00529: /var/www/vhosts/saratogahistory.com/httpdocs/phpBB/.htaccess pcfg_openfile: unable to check htaccess file, ensure it is readable and that '/var/www/vhosts/saratogahistory.com/httpdocs/phpBB/' is executable
[Tue Aug 25 23:22:14.198946 2020] [core:crit] [pid 6888:tid 140619313813248] (13)Permission denied: [client 195.54.161.159:35152] AH00529: /var/www/vhosts/saratogahistory.com/httpdocs/phpBB/.htaccess pcfg_openfile: unable to check htaccess file, ensure it is readable and that '/var/www/vhosts/saratogahistory.com/httpdocs/phpBB/' is executable
[Tue Aug 25 23:22:14.498578 2020] [core:crit] [pid 6888:tid 140619292833536] (13)Permission denied: [client 195.54.161.159:35166] AH00529: /var/www/vhosts/saratogahistory.com/httpdocs/phpBB/.htaccess pcfg_openfile: unable to check htaccess file, ensure it is readable and that '/var/www/vhosts/saratogahistory.com/httpdocs/phpBB/' is executable
[Tue Aug 25 23:44:41.554964 2020] [core:crit] [pid 6888:tid 140619261363968] (13)Permission denied: [client 46.246.65.141:57720] AH00529: /var/www/vhosts/saratogahistory.com/httpdocs/phpBB/.htaccess pcfg_openfile: unable to check htaccess file, ensure it is readable and that '/var/www/vhosts/saratogahistory.com/httpdocs/phpBB/' is executable, referer: http://www.saratogahistory.com/phpBB/index.php
[Wed Aug 26 00:14:08.001797 2020] [core:crit] [pid 6888:tid 140619198424832] (13)Permission denied: [client 62.102.148.68:46630] AH00529: /var/www/vhosts/saratogahistory.com/httpdocs/phpBB/.htaccess pcfg_openfile: unable to check htaccess file, ensure it is readable and that '/var/www/vhosts/saratogahistory.com/httpdocs/phpBB/' is executable, referer: http://www.saratogahistory.com/phpBB/index.php
[Wed Aug 26 00:15:16.940804 2020] [core:crit] [pid 32352:tid 140619345282816] (13)Permission denied: [client 185.25.35.10:49626] AH00529: /var/www/vhosts/saratogahistory.com/httpdocs/phpBB/.htaccess pcfg_openfile: unable to check htaccess file, ensure it is readable and that '/var/www/vhosts/saratogahistory.com/httpdocs/phpBB/' is executable
[Wed Aug 26 01:03:02.141006 2020] [core:crit] [pid 6888:tid 140619187934976] (13)Permission denied: [client 104.244.73.43:59676] AH00529: /var/www/vhosts/saratogahistory.com/httpdocs/phpBB/.htaccess pcfg_openfile: unable to check htaccess file, ensure it is readable and that '/var/www/vhosts/saratogahistory.com/httpdocs/phpBB/' is executable, referer: http://www.saratogahistory.com/phpBB/index.php
[Wed Aug 26 01:23:02.566145 2020] [core:crit] [pid 6888:tid 140619334792960] (13)Permission denied: [client 185.25.35.12:51986] AH00529: /var/www/vhosts/saratogahistory.com/httpdocs/phpBB/.htaccess pcfg_openfile: unable to check htaccess file, ensure it is readable and that '/var/www/vhosts/saratogahistory.com/httpdocs/phpBB/' is executable
[Wed Aug 26 01:23:26.703578 2020] [core:crit] [pid 32322:tid 140619166955264] (13)Permission denied: [client 185.220.100.242:52944] AH00529: /var/www/vhosts/saratogahistory.com/httpdocs/phpBB/.htaccess pcfg_openfile: unable to check htaccess file, ensure it is readable and that '/var/www/vhosts/saratogahistory.com/httpdocs/phpBB/' is executable, referer: http://www.saratogahistory.com/phpBB/index.php
[Wed Aug 26 01:33:19.786360 2020] [core:crit] [pid 6888:tid 140619345282816] (13)Permission denied: [client 95.37.161.104:49780] AH00529: /var/www/vhosts/saratogahistory.com/httpdocs/phpBB/.htaccess pcfg_openfile: unable to check htaccess file, ensure it is readable and that '/var/www/vhosts/saratogahistory.com/httpdocs/phpBB/' is executable, referer: http://www.saratogahistory.com/phpBB/index.php
[Wed Aug 26 02:03:00.699154 2020] [core:crit] [pid 32352:tid 140619198424832] (13)Permission denied: [client 185.25.35.12:46394] AH00529: /var/www/vhosts/saratogahistory.com/httpdocs/phpBB/.htaccess pcfg_openfile: unable to check htaccess file, ensure it is readable and that '/var/www/vhosts/saratogahistory.com/httpdocs/phpBB/' is executable
[Wed Aug 26 02:23:50.861127 2020] [core:crit] [pid 6888:tid 140619177445120] (13)Permission denied: [client 185.25.35.15:43966] AH00529: /var/www/vhosts/saratogahistory.com/httpdocs/phpBB/.htaccess pcfg_openfile: unable to check htaccess file, ensure it is readable and that '/var/www/vhosts/saratogahistory.com/httpdocs/phpBB/' is executable
[Wed Aug 26 02:40:32.902187 2020] [core:crit] [pid 32352:tid 140619250874112] (13)Permission denied: [client 203.133.169.112:59022] AH00529: /var/www/vhosts/saratogahistory.com/httpdocs/phpBB/.htaccess pcfg_openfile: unable to check htaccess file, ensure it is readable and that '/var/www/vhosts/saratogahistory.com/httpdocs/phpBB/' is executable
[Wed Aug 26 02:40:37.864143 2020] [core:crit] [pid 32352:tid 140619208914688] (13)Permission denied: [client 203.133.169.112:59276] AH00529: /var/www/vhosts/saratogahistory.com/httpdocs/phpBB/.htaccess pcfg_openfile: unable to check htaccess file, ensure it is readable and that '/var/www/vhosts/saratogahistory.com/httpdocs/phpBB/' is executable
[Wed Aug 26 02:40:42.822545 2020] [core:crit] [pid 32325:tid 140619187934976] (13)Permission denied: [client 203.133.169.112:59468] AH00529: /var/www/vhosts/saratogahistory.com/httpdocs/phpBB/.htaccess pcfg_openfile: unable to check htaccess file, ensure it is readable and that '/var/www/vhosts/saratogahistory.com/httpdocs/phpBB/' is executable
[Wed Aug 26 02:40:47.890879 2020] [core:crit] [pid 32352:tid 140619334792960] (13)Permission denied: [client 203.133.169.112:59742] AH00529: /var/www/vhosts/saratogahistory.com/httpdocs/phpBB/.htaccess pcfg_openfile: unable to check htaccess file, ensure it is readable and that '/var/www/vhosts/saratogahistory.com/httpdocs/phpBB/' is executable
[Wed Aug 26 02:40:52.857965 2020] [core:crit] [pid 6888:tid 140619187934976] (13)Permission denied: [client 203.133.169.112:59984] AH00529: /var/www/vhosts/saratogahistory.com/httpdocs/phpBB/.htaccess pcfg_openfile: unable to check htaccess file, ensure it is readable and that '/var/www/vhosts/saratogahistory.com/httpdocs/phpBB/' is executable
[Wed Aug 26 02:40:57.816853 2020] [core:crit] [pid 6888:tid 140619261363968] (13)Permission denied: [client 203.133.169.112:60180] AH00529: /var/www/vhosts/saratogahistory.com/httpdocs/phpBB/.htaccess pcfg_openfile: unable to check htaccess file, ensure it is readable and that '/var/www/vhosts/saratogahistory.com/httpdocs/phpBB/' is executable
[Wed Aug 26 02:41:02.948855 2020] [core:crit] [pid 6888:tid 140619229894400] (13)Permission denied: [client 203.133.169.112:60394] AH00529: /var/www/vhosts/saratogahistory.com/httpdocs/phpBB/.htaccess pcfg_openfile: unable to check htaccess file, ensure it is readable and that '/var/www/vhosts/saratogahistory.com/httpdocs/phpBB/' is executable
[Wed Aug 26 02:41:08.022727 2020] [core:crit] [pid 32352:tid 140619229894400] (13)Permission denied: [client 203.133.169.112:60518] AH00529: /var/www/vhosts/saratogahistory.com/httpdocs/phpBB/.htaccess pcfg_openfile: unable to check htaccess file, ensure it is readable and that '/var/www/vhosts/saratogahistory.com/httpdocs/phpBB/' is executable
[Wed Aug 26 02:41:13.091613 2020] [core:crit] [pid 32325:tid 140619177445120] (13)Permission denied: [client 203.133.169.112:60740] AH00529: /var/www/vhosts/saratogahistory.com/httpdocs/phpBB/.htaccess pcfg_openfile: unable to check htaccess file, ensure it is readable and that '/var/www/vhosts/saratogahistory.com/httpdocs/phpBB/' is executable
[Wed Aug 26 02:41:18.032026 2020] [core:crit] [pid 32352:tid 140619345282816] (13)Permission denied: [client 203.133.169.112:60992] AH00529: /var/www/vhosts/saratogahistory.com/httpdocs/phpBB/.htaccess pcfg_openfile: unable to check htaccess file, ensure it is readable and that '/var/www/vhosts/saratogahistory.com/httpdocs/phpBB/' is executable
[Wed Aug 26 02:41:22.968923 2020] [core:crit] [pid 6888:tid 140619156465408] (13)Permission denied: [client 203.133.169.112:32968] AH00529: /var/www/vhosts/saratogahistory.com/httpdocs/phpBB/.htaccess pcfg_openfile: unable to check htaccess file, ensure it is readable and that '/var/www/vhosts/saratogahistory.com/httpdocs/phpBB/' is executable
[Wed Aug 26 02:41:27.939837 2020] [core:crit] [pid 6888:tid 140619219404544] (13)Permission denied: [client 203.133.169.112:33124] AH00529: /var/www/vhosts/saratogahistory.com/httpdocs/phpBB/.htaccess pcfg_openfile: unable to check htaccess file, ensure it is readable and that '/var/www/vhosts/saratogahistory.com/httpdocs/phpBB/' is executable
[Wed Aug 26 02:41:32.894138 2020] [core:crit] [pid 6888:tid 140619124995840] (13)Permission denied: [client 203.133.169.112:33250] AH00529: /var/www/vhosts/saratogahistory.com/httpdocs/phpBB/.htaccess pcfg_openfile: unable to check htaccess file, ensure it is readable and that '/var/www/vhosts/saratogahistory.com/httpdocs/phpBB/' is executable
[Wed Aug 26 02:41:38.090058 2020] [core:crit] [pid 6888:tid 140619177445120] (13)Permission denied: [client 203.133.169.112:33484] AH00529: /var/www/vhosts/saratogahistory.com/httpdocs/phpBB/.htaccess pcfg_openfile: unable to check htaccess file, ensure it is readable and that '/var/www/vhosts/saratogahistory.com/httpdocs/phpBB/' is executable
[Wed Aug 26 02:41:43.036016 2020] [core:crit] [pid 6888:tid 140619145975552] (13)Permission denied: [client 203.133.169.112:33700] AH00529: /var/www/vhosts/saratogahistory.com/httpdocs/phpBB/.htaccess pcfg_openfile: unable to check htaccess file, ensure it is readable and that '/var/www/vhosts/saratogahistory.com/httpdocs/phpBB/' is executable
[Wed Aug 26 02:41:48.097700 2020] [core:crit] [pid 6888:tid 140619166955264] (13)Permission denied: [client 203.133.169.112:33900] AH00529: /var/www/vhosts/saratogahistory.com/httpdocs/phpBB/.htaccess pcfg_openfile: unable to check htaccess file, ensure it is readable and that '/var/www/vhosts/saratogahistory.com/httpdocs/phpBB/' is executable
[Wed Aug 26 02:41:53.154087 2020] [core:crit] [pid 6888:tid 140619355772672] (13)Permission denied: [client 203.133.169.112:34078] AH00529: /var/www/vhosts/saratogahistory.com/httpdocs/phpBB/.htaccess pcfg_openfile: unable to check htaccess file, ensure it is readable and that '/var/www/vhosts/saratogahistory.com/httpdocs/phpBB/' is executable
[Wed Aug 26 02:41:58.111311 2020] [core:crit] [pid 32352:tid 140619187934976] (13)Permission denied: [client 203.133.169.112:34252] AH00529: /var/www/vhosts/saratogahistory.com/httpdocs/phpBB/.htaccess pcfg_openfile: unable to check htaccess file, ensure it is readable and that '/var/www/vhosts/saratogahistory.com/httpdocs/phpBB/' is executable
[Wed Aug 26 02:42:03.187288 2020] [core:crit] [pid 32352:tid 140619219404544] (13)Permission denied: [client 203.133.169.112:34424] AH00529: /var/www/vhosts/saratogahistory.com/httpdocs/phpBB/.htaccess pcfg_openfile: unable to check htaccess file, ensure it is readable and that '/var/www/vhosts/saratogahistory.com/httpdocs/phpBB/' is executable
[Wed Aug 26 02:42:08.473295 2020] [core:crit] [pid 32352:tid 140619145975552] (13)Permission denied: [client 203.133.169.112:34572] AH00529: /var/www/vhosts/saratogahistory.com/httpdocs/phpBB/.htaccess pcfg_openfile: unable to check htaccess file, ensure it is readable and that '/var/www/vhosts/saratogahistory.com/httpdocs/phpBB/' is executable
[Wed Aug 26 02:42:13.437374 2020] [core:crit] [pid 6888:tid 140619135485696] (13)Permission denied: [client 203.133.169.112:34744] AH00529: /var/www/vhosts/saratogahistory.com/httpdocs/phpBB/.htaccess pcfg_openfile: unable to check htaccess file, ensure it is readable and that '/var/www/vhosts/saratogahistory.com/httpdocs/phpBB/' is executable
[Wed Aug 26 02:42:18.555999 2020] [core:crit] [pid 6888:tid 140619376752384] (13)Permission denied: [client 203.133.169.112:34918] AH00529: /var/www/vhosts/saratogahistory.com/httpdocs/phpBB/.htaccess pcfg_openfile: unable to check htaccess file, ensure it is readable and that '/var/www/vhosts/saratogahistory.com/httpdocs/phpBB/' is executable
[Wed Aug 26 02:42:23.622602 2020] [core:crit] [pid 32352:tid 140619177445120] (13)Permission denied: [client 203.133.169.112:35084] AH00529: /var/www/vhosts/saratogahistory.com/httpdocs/phpBB/.htaccess pcfg_openfile: unable to check htaccess file, ensure it is readable and that '/var/www/vhosts/saratogahistory.com/httpdocs/phpBB/' is executable
[Wed Aug 26 02:42:28.888221 2020] [core:crit] [pid 6888:tid 140619334792960] (13)Permission denied: [client 203.133.169.112:35264] AH00529: /var/www/vhosts/saratogahistory.com/httpdocs/phpBB/.htaccess pcfg_openfile: unable to check htaccess file, ensure it is readable and that '/var/www/vhosts/saratogahistory.com/httpdocs/phpBB/' is executable
[Wed Aug 26 02:42:33.904199 2020] [core:crit] [pid 32352:tid 140619303323392] (13)Permission denied: [client 203.133.169.112:35434] AH00529: /var/www/vhosts/saratogahistory.com/httpdocs/phpBB/.htaccess pcfg_openfile: unable to check htaccess file, ensure it is readable and that '/var/www/vhosts/saratogahistory.com/httpdocs/phpBB/' is executable
[Wed Aug 26 02:42:39.205211 2020] [core:crit] [pid 32352:tid 140619156465408] (13)Permission denied: [client 203.133.169.112:35582] AH00529: /var/www/vhosts/saratogahistory.com/httpdocs/phpBB/.htaccess pcfg_openfile: unable to check htaccess file, ensure it is readable and that '/var/www/vhosts/saratogahistory.com/httpdocs/phpBB/' is executable
[Wed Aug 26 02:42:44.208396 2020] [core:crit] [pid 32352:tid 140619271853824] (13)Permission denied: [client 203.133.169.112:35760] AH00529: /var/www/vhosts/saratogahistory.com/httpdocs/phpBB/.htaccess pcfg_openfile: unable to check htaccess file, ensure it is readable and that '/var/www/vhosts/saratogahistory.com/httpdocs/phpBB/' is executable
[Wed Aug 26 02:42:49.278844 2020] [core:crit] [pid 6888:tid 140619313813248] (13)Permission denied: [client 203.133.169.112:35962] AH00529: /var/www/vhosts/saratogahistory.com/httpdocs/phpBB/.htaccess pcfg_openfile: unable to check htaccess file, ensure it is readable and that '/var/www/vhosts/saratogahistory.com/httpdocs/phpBB/' is executable
[Wed Aug 26 02:42:54.351633 2020] [core:crit] [pid 32325:tid 140619156465408] (13)Permission denied: [client 203.133.169.112:36130] AH00529: /var/www/vhosts/saratogahistory.com/httpdocs/phpBB/.htaccess pcfg_openfile: unable to check htaccess file, ensure it is readable and that '/var/www/vhosts/saratogahistory.com/httpdocs/phpBB/' is executable
[Wed Aug 26 02:42:59.460371 2020] [core:crit] [pid 32352:tid 140619198424832] (13)Permission denied: [client 203.133.169.112:36352] AH00529: /var/www/vhosts/saratogahistory.com/httpdocs/phpBB/.htaccess pcfg_openfile: unable to check htaccess file, ensure it is readable and that '/var/www/vhosts/saratogahistory.com/httpdocs/phpBB/' is executable
[Wed Aug 26 02:43:04.455269 2020] [core:crit] [pid 6888:tid 140619292833536] (13)Permission denied: [client 203.133.169.112:36530] AH00529: /var/www/vhosts/saratogahistory.com/httpdocs/phpBB/.htaccess pcfg_openfile: unable to check htaccess file, ensure it is readable and that '/var/www/vhosts/saratogahistory.com/httpdocs/phpBB/' is executable
[Wed Aug 26 02:43:09.736923 2020] [core:crit] [pid 6888:tid 140619303323392] (13)Permission denied: [client 203.133.169.112:36690] AH00529: /var/www/vhosts/saratogahistory.com/httpdocs/phpBB/.htaccess pcfg_openfile: unable to check htaccess file, ensure it is readable and that '/var/www/vhosts/saratogahistory.com/httpdocs/phpBB/' is executable
[Wed Aug 26 02:43:14.685687 2020] [core:crit] [pid 6888:tid 140619324303104] (13)Permission denied: [client 203.133.169.112:36816] AH00529: /var/www/vhosts/saratogahistory.com/httpdocs/phpBB/.htaccess pcfg_openfile: unable to check htaccess file, ensure it is readable and that '/var/www/vhosts/saratogahistory.com/httpdocs/phpBB/' is executable
[Wed Aug 26 02:43:19.642312 2020] [core:crit] [pid 6888:tid 140619271853824] (13)Permission denied: [client 203.133.169.112:37024] AH00529: /var/www/vhosts/saratogahistory.com/httpdocs/phpBB/.htaccess pcfg_openfile: unable to check htaccess file, ensure it is readable and that '/var/www/vhosts/saratogahistory.com/httpdocs/phpBB/' is executable
[Wed Aug 26 02:43:24.707861 2020] [core:crit] [pid 6888:tid 140619345282816] (13)Permission denied: [client 203.133.169.112:37180] AH00529: /var/www/vhosts/saratogahistory.com/httpdocs/phpBB/.htaccess pcfg_openfile: unable to check htaccess file, ensure it is readable and that '/var/www/vhosts/saratogahistory.com/httpdocs/phpBB/' is executable
[Wed Aug 26 02:43:29.809074 2020] [core:crit] [pid 32352:tid 140619282343680] (13)Permission denied: [client 203.133.169.112:37356] AH00529: /var/www/vhosts/saratogahistory.com/httpdocs/phpBB/.htaccess pcfg_openfile: unable to check htaccess file, ensure it is readable and that '/var/www/vhosts/saratogahistory.com/httpdocs/phpBB/' is executable
[Wed Aug 26 02:43:35.367418 2020] [core:crit] [pid 6888:tid 140619366262528] (13)Permission denied: [client 203.133.169.112:37616] AH00529: /var/www/vhosts/saratogahistory.com/httpdocs/phpBB/.htaccess pcfg_openfile: unable to check htaccess file, ensure it is readable and that '/var/www/vhosts/saratogahistory.com/httpdocs/phpBB/' is executable
[Wed Aug 26 02:43:40.334117 2020] [core:crit] [pid 32325:tid 140619124995840] (13)Permission denied: [client 203.133.169.112:37832] AH00529: /var/www/vhosts/saratogahistory.com/httpdocs/phpBB/.htaccess pcfg_openfile: unable to check htaccess file, ensure it is readable and that '/var/www/vhosts/saratogahistory.com/httpdocs/phpBB/' is executable
[Wed Aug 26 02:43:45.290102 2020] [core:crit] [pid 32352:tid 140619292833536] (13)Permission denied: [client 203.133.169.112:38048] AH00529: /var/www/vhosts/saratogahistory.com/httpdocs/phpBB/.htaccess pcfg_openfile: unable to check htaccess file, ensure it is readable and that '/var/www/vhosts/saratogahistory.com/httpdocs/phpBB/' is executable
[Wed Aug 26 02:43:50.252004 2020] [core:crit] [pid 32352:tid 140619124995840] (13)Permission denied: [client 203.133.169.112:38220] AH00529: /var/www/vhosts/saratogahistory.com/httpdocs/phpBB/.htaccess pcfg_openfile: unable to check htaccess file, ensure it is readable and that '/var/www/vhosts/saratogahistory.com/httpdocs/phpBB/' is executable
[Wed Aug 26 02:43:55.212341 2020] [core:crit] [pid 32352:tid 140619313813248] (13)Permission denied: [client 203.133.169.112:38392] AH00529: /var/www/vhosts/saratogahistory.com/httpdocs/phpBB/.htaccess pcfg_openfile: unable to check htaccess file, ensure it is readable and that '/var/www/vhosts/saratogahistory.com/httpdocs/phpBB/' is executable
[Wed Aug 26 02:44:00.266188 2020] [core:crit] [pid 32325:tid 140619145975552] (13)Permission denied: [client 203.133.169.112:38644] AH00529: /var/www/vhosts/saratogahistory.com/httpdocs/phpBB/.htaccess pcfg_openfile: unable to check htaccess file, ensure it is readable and that '/var/www/vhosts/saratogahistory.com/httpdocs/phpBB/' is executable
[Wed Aug 26 02:44:05.219154 2020] [core:crit] [pid 32352:tid 140619261363968] (13)Permission denied: [client 203.133.169.112:38930] AH00529: /var/www/vhosts/saratogahistory.com/httpdocs/phpBB/.htaccess pcfg_openfile: unable to check htaccess file, ensure it is readable and that '/var/www/vhosts/saratogahistory.com/httpdocs/phpBB/' is executable
[Wed Aug 26 02:44:10.300423 2020] [core:crit] [pid 32352:tid 140619324303104] (13)Permission denied: [client 203.133.169.112:39212] AH00529: /var/www/vhosts/saratogahistory.com/httpdocs/phpBB/.htaccess pcfg_openfile: unable to check htaccess file, ensure it is readable and that '/var/www/vhosts/saratogahistory.com/httpdocs/phpBB/' is executable
[Wed Aug 26 02:44:15.246058 2020] [core:crit] [pid 32352:tid 140619240384256] (13)Permission denied: [client 203.133.169.112:39480] AH00529: /var/www/vhosts/saratogahistory.com/httpdocs/phpBB/.htaccess pcfg_openfile: unable to check htaccess file, ensure it is readable and that '/var/www/vhosts/saratogahistory.com/httpdocs/phpBB/' is executable
[Wed Aug 26 02:44:20.209360 2020] [core:crit] [pid 6888:tid 140619198424832] (13)Permission denied: [client 203.133.169.112:39806] AH00529: /var/www/vhosts/saratogahistory.com/httpdocs/phpBB/.htaccess pcfg_openfile: unable to check htaccess file, ensure it is readable and that '/var/www/vhosts/saratogahistory.com/httpdocs/phpBB/' is executable
[Wed Aug 26 02:44:25.267530 2020] [core:crit] [pid 6888:tid 140619250874112] (13)Permission denied: [client 203.133.169.112:40024] AH00529: /var/www/vhosts/saratogahistory.com/httpdocs/phpBB/.htaccess pcfg_openfile: unable to check htaccess file, ensure it is readable and that '/var/www/vhosts/saratogahistory.com/httpdocs/phpBB/' is executable
[Wed Aug 26 02:44:30.343384 2020] [core:crit] [pid 6888:tid 140619240384256] (13)Permission denied: [client 203.133.169.112:40220] AH00529: /var/www/vhosts/saratogahistory.com/httpdocs/phpBB/.htaccess pcfg_openfile: unable to check htaccess file, ensure it is readable and that '/var/www/vhosts/saratogahistory.com/httpdocs/phpBB/' is executable
[Wed Aug 26 02:44:35.406012 2020] [core:crit] [pid 6888:tid 140619282343680] (13)Permission denied: [client 203.133.169.112:40450] AH00529: /var/www/vhosts/saratogahistory.com/httpdocs/phpBB/.htaccess pcfg_openfile: unable to check htaccess file, ensure it is readable and that '/var/www/vhosts/saratogahistory.com/httpdocs/phpBB/' is executable
[Wed Aug 26 02:44:40.366878 2020] [core:crit] [pid 6888:tid 140619187934976] (13)Permission denied: [client 203.133.169.112:40684] AH00529: /var/www/vhosts/saratogahistory.com/httpdocs/phpBB/.htaccess pcfg_openfile: unable to check htaccess file, ensure it is readable and that '/var/www/vhosts/saratogahistory.com/httpdocs/phpBB/' is executable
[Wed Aug 26 02:44:45.439654 2020] [core:crit] [pid 32325:tid 140619166955264] (13)Permission denied: [client 203.133.169.112:40972] AH00529: /var/www/vhosts/saratogahistory.com/httpdocs/phpBB/.htaccess pcfg_openfile: unable to check htaccess file, ensure it is readable and that '/var/www/vhosts/saratogahistory.com/httpdocs/phpBB/' is executable
[Wed Aug 26 02:44:50.427146 2020] [core:crit] [pid 32352:tid 140619355772672] (13)Permission denied: [client 203.133.169.112:41282] AH00529: /var/www/vhosts/saratogahistory.com/httpdocs/phpBB/.htaccess pcfg_openfile: unable to check htaccess file, ensure it is readable and that '/var/www/vhosts/saratogahistory.com/httpdocs/phpBB/' is executable
[Wed Aug 26 02:44:55.394053 2020] [core:crit] [pid 6888:tid 140619261363968] (13)Permission denied: [client 203.133.169.112:41512] AH00529: /var/www/vhosts/saratogahistory.com/httpdocs/phpBB/.htaccess pcfg_openfile: unable to check htaccess file, ensure it is readable and that '/var/www/vhosts/saratogahistory.com/httpdocs/phpBB/' is executable
[Wed Aug 26 02:45:00.507877 2020] [core:crit] [pid 32352:tid 140619250874112] (13)Permission denied: [client 203.133.169.112:41776] AH00529: /var/www/vhosts/saratogahistory.com/httpdocs/phpBB/.htaccess pcfg_openfile: unable to check htaccess file, ensure it is readable and that '/var/www/vhosts/saratogahistory.com/httpdocs/phpBB/' is executable
[Wed Aug 26 02:45:05.448907 2020] [core:crit] [pid 6888:tid 140619229894400] (13)Permission denied: [client 203.133.169.112:42196] AH00529: /var/www/vhosts/saratogahistory.com/httpdocs/phpBB/.htaccess pcfg_openfile: unable to check htaccess file, ensure it is readable and that '/var/www/vhosts/saratogahistory.com/httpdocs/phpBB/' is executable
[Wed Aug 26 02:45:10.522909 2020] [core:crit] [pid 6888:tid 140619156465408] (13)Permission denied: [client 203.133.169.112:42470] AH00529: /var/www/vhosts/saratogahistory.com/httpdocs/phpBB/.htaccess pcfg_openfile: unable to check htaccess file, ensure it is readable and that '/var/www/vhosts/saratogahistory.com/httpdocs/phpBB/' is executable
[Wed Aug 26 02:45:15.489886 2020] [core:crit] [pid 6888:tid 140619219404544] (13)Permission denied: [client 203.133.169.112:42714] AH00529: /var/www/vhosts/saratogahistory.com/httpdocs/phpBB/.htaccess pcfg_openfile: unable to check htaccess file, ensure it is readable and that '/var/www/vhosts/saratogahistory.com/httpdocs/phpBB/' is executable
[Wed Aug 26 02:45:20.484322 2020] [core:crit] [pid 6888:tid 140619124995840] (13)Permission denied: [client 203.133.169.112:42944] AH00529: /var/www/vhosts/saratogahistory.com/httpdocs/phpBB/.htaccess pcfg_openfile: unable to check htaccess file, ensure it is readable and that '/var/www/vhosts/saratogahistory.com/httpdocs/phpBB/' is executable
[Wed Aug 26 02:45:25.543726 2020] [core:crit] [pid 6888:tid 140619177445120] (13)Permission denied: [client 203.133.169.112:43116] AH00529: /var/www/vhosts/saratogahistory.com/httpdocs/phpBB/.htaccess pcfg_openfile: unable to check htaccess file, ensure it is readable and that '/var/www/vhosts/saratogahistory.com/httpdocs/phpBB/' is executable
[Wed Aug 26 02:45:30.609664 2020] [core:crit] [pid 6888:tid 140619145975552] (13)Permission denied: [client 203.133.169.112:43416] AH00529: /var/www/vhosts/saratogahistory.com/httpdocs/phpBB/.htaccess pcfg_openfile: unable to check htaccess file, ensure it is readable and that '/var/www/vhosts/saratogahistory.com/httpdocs/phpBB/' is executable
[Wed Aug 26 02:45:35.617750 2020] [core:crit] [pid 32352:tid 140619334792960] (13)Permission denied: [client 203.133.169.112:43698] AH00529: /var/www/vhosts/saratogahistory.com/httpdocs/phpBB/.htaccess pcfg_openfile: unable to check htaccess file, ensure it is readable and that '/var/www/vhosts/saratogahistory.com/httpdocs/phpBB/' is executable
[Wed Aug 26 02:45:40.821005 2020] [core:crit] [pid 6888:tid 140619166955264] (13)Permission denied: [client 203.133.169.112:43838] AH00529: /var/www/vhosts/saratogahistory.com/httpdocs/phpBB/.htaccess pcfg_openfile: unable to check htaccess file, ensure it is readable and that '/var/www/vhosts/saratogahistory.com/httpdocs/phpBB/' is executable
[Wed Aug 26 02:45:45.787109 2020] [core:crit] [pid 32325:tid 140619313813248] (13)Permission denied: [client 203.133.169.112:44018] AH00529: /var/www/vhosts/saratogahistory.com/httpdocs/phpBB/.htaccess pcfg_openfile: unable to check htaccess file, ensure it is readable and that '/var/www/vhosts/saratogahistory.com/httpdocs/phpBB/' is executable
[Wed Aug 26 02:45:50.837327 2020] [core:crit] [pid 32325:tid 140619135485696] (13)Permission denied: [client 203.133.169.112:44246] AH00529: /var/www/vhosts/saratogahistory.com/httpdocs/phpBB/.htaccess pcfg_openfile: unable to check htaccess file, ensure it is readable and that '/var/www/vhosts/saratogahistory.com/httpdocs/phpBB/' is executable
[Wed Aug 26 02:56:09.677525 2020] [core:crit] [pid 32352:tid 140619376752384] (13)Permission denied: [client 5.189.239.157:39878] AH00529: /var/www/vhosts/saratogahistory.com/httpdocs/phpBB/.htaccess pcfg_openfile: unable to check htaccess file, ensure it is readable and that '/var/www/vhosts/saratogahistory.com/httpdocs/phpBB/' is executable, referer: http://www.saratogahistory.com/phpBB/viewtopic.php?p=880&sid=544b674311f2203c019ee535033386a0
[Wed Aug 26 03:29:25.134483 2020] [core:crit] [pid 32352:tid 140619250874112] (13)Permission denied: [client 179.107.58.44:37968] AH00529: /var/www/vhosts/saratogahistory.com/httpdocs/phpBB/.htaccess pcfg_openfile: unable to check htaccess file, ensure it is readable and that '/var/www/vhosts/saratogahistory.com/httpdocs/phpBB/' is executable, referer: https://google.com/
[Wed Aug 26 04:16:33.524490 2020] [core:crit] [pid 6888:tid 140619303323392] (13)Permission denied: [client 185.220.102.249:50462] AH00529: /var/www/vhosts/saratogahistory.com/httpdocs/phpBB/.htaccess pcfg_openfile: unable to check htaccess file, ensure it is readable and that '/var/www/vhosts/saratogahistory.com/httpdocs/phpBB/' is executable, referer: http://www.saratogahistory.com/phpBB/index.php
[Wed Aug 26 04:22:20.570468 2020] [core:crit] [pid 32352:tid 140619366262528] (13)Permission denied: [client 45.125.65.112:36456] AH00529: /var/www/vhosts/saratogahistory.com/httpdocs/phpBB/.htaccess pcfg_openfile: unable to check htaccess file, ensure it is readable and that '/var/www/vhosts/saratogahistory.com/httpdocs/phpBB/' is executable, referer: http://www.saratogahistory.com/phpBB/index.php
[Wed Aug 26 04:49:31.397901 2020] [core:crit] [pid 32352:tid 140619271853824] (13)Permission denied: [client 101.4.136.34:48936] AH00529: /var/www/vhosts/saratogahistory.com/httpdocs/phpBB/.htaccess pcfg_openfile: unable to check htaccess file, ensure it is readable and that '/var/www/vhosts/saratogahistory.com/httpdocs/phpBB/' is executable, referer: http://www.saratogahistory.com/phpBB/index.php
[Wed Aug 26 04:59:30.891255 2020] [core:crit] [pid 6888:tid 140619187934976] (13)Permission denied: [client 162.247.74.204:44896] AH00529: /var/www/vhosts/saratogahistory.com/httpdocs/phpBB/.htaccess pcfg_openfile: unable to check htaccess file, ensure it is readable and that '/var/www/vhosts/saratogahistory.com/httpdocs/phpBB/' is executable, referer: http://www.saratogahistory.com/phpBB/index.php
[Wed Aug 26 04:59:50.372310 2020] [core:crit] [pid 6888:tid 140619156465408] (13)Permission denied: [client 185.220.100.244:45918] AH00529: /var/www/vhosts/saratogahistory.com/httpdocs/phpBB/.htaccess pcfg_openfile: unable to check htaccess file, ensure it is readable and that '/var/www/vhosts/saratogahistory.com/httpdocs/phpBB/' is executable, referer: http://www.saratogahistory.com/phpBB/index.php
[Wed Aug 26 06:10:30.085235 2020] [core:crit] [pid 32352:tid 140619219404544] (13)Permission denied: [client 151.80.47.41:59168] AH00529: /var/www/vhosts/saratogahistory.com/httpdocs/phpBB/.htaccess pcfg_openfile: unable to check htaccess file, ensure it is readable and that '/var/www/vhosts/saratogahistory.com/httpdocs/phpBB/' is executable, referer: http://www.saratogahistory.com/phpBB/index.php
[Wed Aug 26 06:10:30.879077 2020] [proxy_fcgi:error] [pid 32352:tid 140619145975552] [client 151.80.47.41:59214] AH01071: Got error 'Primary script unknown\n', referer: http://www.saratogahistory.com/index.php
[Wed Aug 26 06:10:31.100417 2020] [proxy_fcgi:error] [pid 6888:tid 140619282343680] [client 151.80.47.41:59226] AH01071: Got error 'Primary script unknown\n', referer: http://www.saratogahistory.com/index.php
[Wed Aug 26 06:10:31.303007 2020] [proxy_fcgi:error] [pid 32352:tid 140619177445120] [client 151.80.47.41:59262] AH01071: Got error 'Primary script unknown\n', referer: http://www.saratogahistory.com/index.php
[Wed Aug 26 06:20:30.148665 2020] [core:crit] [pid 6888:tid 140619219404544] (13)Permission denied: [client 203.133.169.112:55272] AH00529: /var/www/vhosts/saratogahistory.com/httpdocs/phpBB/.htaccess pcfg_openfile: unable to check htaccess file, ensure it is readable and that '/var/www/vhosts/saratogahistory.com/httpdocs/phpBB/' is executable
[Wed Aug 26 06:20:35.153488 2020] [core:crit] [pid 6888:tid 140619124995840] (13)Permission denied: [client 203.133.169.112:55496] AH00529: /var/www/vhosts/saratogahistory.com/httpdocs/phpBB/.htaccess pcfg_openfile: unable to check htaccess file, ensure it is readable and that '/var/www/vhosts/saratogahistory.com/httpdocs/phpBB/' is executable
[Wed Aug 26 06:20:40.140926 2020] [core:crit] [pid 6888:tid 140619177445120] (13)Permission denied: [client 203.133.169.112:55804] AH00529: /var/www/vhosts/saratogahistory.com/httpdocs/phpBB/.htaccess pcfg_openfile: unable to check htaccess file, ensure it is readable and that '/var/www/vhosts/saratogahistory.com/httpdocs/phpBB/' is executable
[Wed Aug 26 06:20:45.134969 2020] [core:crit] [pid 6888:tid 140619145975552] (13)Permission denied: [client 203.133.169.112:55988] AH00529: /var/www/vhosts/saratogahistory.com/httpdocs/phpBB/.htaccess pcfg_openfile: unable to check htaccess file, ensure it is readable and that '/var/www/vhosts/saratogahistory.com/httpdocs/phpBB/' is executable
[Wed Aug 26 06:20:50.027318 2020] [core:crit] [pid 32322:tid 140619313813248] (13)Permission denied: [client 203.133.169.112:56166] AH00529: /var/www/vhosts/saratogahistory.com/httpdocs/phpBB/.htaccess pcfg_openfile: unable to check htaccess file, ensure it is readable and that '/var/www/vhosts/saratogahistory.com/httpdocs/phpBB/' is executable
[Wed Aug 26 06:20:55.040009 2020] [core:crit] [pid 32352:tid 140619303323392] (13)Permission denied: [client 203.133.169.112:56394] AH00529: /var/www/vhosts/saratogahistory.com/httpdocs/phpBB/.htaccess pcfg_openfile: unable to check htaccess file, ensure it is readable and that '/var/www/vhosts/saratogahistory.com/httpdocs/phpBB/' is executable
[Wed Aug 26 06:21:00.236418 2020] [core:crit] [pid 32325:tid 140619292833536] (13)Permission denied: [client 203.133.169.112:56624] AH00529: /var/www/vhosts/saratogahistory.com/httpdocs/phpBB/.htaccess pcfg_openfile: unable to check htaccess file, ensure it is readable and that '/var/www/vhosts/saratogahistory.com/httpdocs/phpBB/' is executable
[Wed Aug 26 06:21:05.125418 2020] [core:crit] [pid 6888:tid 140619355772672] (13)Permission denied: [client 203.133.169.112:56830] AH00529: /var/www/vhosts/saratogahistory.com/httpdocs/phpBB/.htaccess pcfg_openfile: unable to check htaccess file, ensure it is readable and that '/var/www/vhosts/saratogahistory.com/httpdocs/phpBB/' is executable
[Wed Aug 26 06:21:10.157737 2020] [core:crit] [pid 32352:tid 140619156465408] (13)Permission denied: [client 203.133.169.112:57096] AH00529: /var/www/vhosts/saratogahistory.com/httpdocs/phpBB/.htaccess pcfg_openfile: unable to check htaccess file, ensure it is readable and that '/var/www/vhosts/saratogahistory.com/httpdocs/phpBB/' is executable
[Wed Aug 26 06:21:15.211338 2020] [core:crit] [pid 32352:tid 140619271853824] (13)Permission denied: [client 203.133.169.112:57336] AH00529: /var/www/vhosts/saratogahistory.com/httpdocs/phpBB/.htaccess pcfg_openfile: unable to check htaccess file, ensure it is readable and that '/var/www/vhosts/saratogahistory.com/httpdocs/phpBB/' is executable
[Wed Aug 26 06:21:20.194662 2020] [core:crit] [pid 32352:tid 140619198424832] (13)Permission denied: [client 203.133.169.112:57490] AH00529: /var/www/vhosts/saratogahistory.com/httpdocs/phpBB/.htaccess pcfg_openfile: unable to check htaccess file, ensure it is readable and that '/var/www/vhosts/saratogahistory.com/httpdocs/phpBB/' is executable
[Wed Aug 26 06:21:25.077529 2020] [core:crit] [pid 32352:tid 140619282343680] (13)Permission denied: [client 203.133.169.112:57648] AH00529: /var/www/vhosts/saratogahistory.com/httpdocs/phpBB/.htaccess pcfg_openfile: unable to check htaccess file, ensure it is readable and that '/var/www/vhosts/saratogahistory.com/httpdocs/phpBB/' is executable
[Wed Aug 26 06:21:29.977820 2020] [core:crit] [pid 32352:tid 140619292833536] (13)Permission denied: [client 203.133.169.112:57790] AH00529: /var/www/vhosts/saratogahistory.com/httpdocs/phpBB/.htaccess pcfg_openfile: unable to check htaccess file, ensure it is readable and that '/var/www/vhosts/saratogahistory.com/httpdocs/phpBB/' is executable
[Wed Aug 26 06:21:34.962449 2020] [core:crit] [pid 6888:tid 140619135485696] (13)Permission denied: [client 203.133.169.112:58008] AH00529: /var/www/vhosts/saratogahistory.com/httpdocs/phpBB/.htaccess pcfg_openfile: unable to check htaccess file, ensure it is readable and that '/var/www/vhosts/saratogahistory.com/httpdocs/phpBB/' is executable
[Wed Aug 26 06:21:39.835593 2020] [core:crit] [pid 32352:tid 140619124995840] (13)Permission denied: [client 203.133.169.112:58156] AH00529: /var/www/vhosts/saratogahistory.com/httpdocs/phpBB/.htaccess pcfg_openfile: unable to check htaccess file, ensure it is readable and that '/var/www/vhosts/saratogahistory.com/httpdocs/phpBB/' is executable
[Wed Aug 26 06:21:44.740021 2020] [core:crit] [pid 6888:tid 140619376752384] (13)Permission denied: [client 203.133.169.112:58338] AH00529: /var/www/vhosts/saratogahistory.com/httpdocs/phpBB/.htaccess pcfg_openfile: unable to check htaccess file, ensure it is readable and that '/var/www/vhosts/saratogahistory.com/httpdocs/phpBB/' is executable
[Wed Aug 26 06:21:49.615709 2020] [core:crit] [pid 6888:tid 140619292833536] (13)Permission denied: [client 203.133.169.112:58478] AH00529: /var/www/vhosts/saratogahistory.com/httpdocs/phpBB/.htaccess pcfg_openfile: unable to check htaccess file, ensure it is readable and that '/var/www/vhosts/saratogahistory.com/httpdocs/phpBB/' is executable
[Wed Aug 26 06:21:54.509430 2020] [core:crit] [pid 6888:tid 140619303323392] (13)Permission denied: [client 203.133.169.112:58612] AH00529: /var/www/vhosts/saratogahistory.com/httpdocs/phpBB/.htaccess pcfg_openfile: unable to check htaccess file, ensure it is readable and that '/var/www/vhosts/saratogahistory.com/httpdocs/phpBB/' is executable
[Wed Aug 26 06:21:59.398610 2020] [core:crit] [pid 32352:tid 140619313813248] (13)Permission denied: [client 203.133.169.112:58766] AH00529: /var/www/vhosts/saratogahistory.com/httpdocs/phpBB/.htaccess pcfg_openfile: unable to check htaccess file, ensure it is readable and that '/var/www/vhosts/saratogahistory.com/httpdocs/phpBB/' is executable
[Wed Aug 26 06:22:04.395397 2020] [core:crit] [pid 6888:tid 140619324303104] (13)Permission denied: [client 203.133.169.112:58924] AH00529: /var/www/vhosts/saratogahistory.com/httpdocs/phpBB/.htaccess pcfg_openfile: unable to check htaccess file, ensure it is readable and that '/var/www/vhosts/saratogahistory.com/httpdocs/phpBB/' is executable
[Wed Aug 26 06:22:09.646993 2020] [core:crit] [pid 6888:tid 140619271853824] (13)Permission denied: [client 203.133.169.112:59104] AH00529: /var/www/vhosts/saratogahistory.com/httpdocs/phpBB/.htaccess pcfg_openfile: unable to check htaccess file, ensure it is readable and that '/var/www/vhosts/saratogahistory.com/httpdocs/phpBB/' is executable
[Wed Aug 26 06:22:14.638664 2020] [core:crit] [pid 32352:tid 140619261363968] (13)Permission denied: [client 203.133.169.112:59258] AH00529: /var/www/vhosts/saratogahistory.com/httpdocs/phpBB/.htaccess pcfg_openfile: unable to check htaccess file, ensure it is readable and that '/var/www/vhosts/saratogahistory.com/httpdocs/phpBB/' is executable
[Wed Aug 26 06:22:19.619604 2020] [core:crit] [pid 32352:tid 140619324303104] (13)Permission denied: [client 203.133.169.112:59426] AH00529: /var/www/vhosts/saratogahistory.com/httpdocs/phpBB/.htaccess pcfg_openfile: unable to check htaccess file, ensure it is readable and that '/var/www/vhosts/saratogahistory.com/httpdocs/phpBB/' is executable
[Wed Aug 26 06:22:24.622619 2020] [core:crit] [pid 32352:tid 140619240384256] (13)Permission denied: [client 203.133.169.112:59634] AH00529: /var/www/vhosts/saratogahistory.com/httpdocs/phpBB/.htaccess pcfg_openfile: unable to check htaccess file, ensure it is readable and that '/var/www/vhosts/saratogahistory.com/httpdocs/phpBB/' is executable
[Wed Aug 26 06:22:29.513326 2020] [core:crit] [pid 6888:tid 140619345282816] (13)Permission denied: [client 203.133.169.112:59772] AH00529: /var/www/vhosts/saratogahistory.com/httpdocs/phpBB/.htaccess pcfg_openfile: unable to check htaccess file, ensure it is readable and that '/var/www/vhosts/saratogahistory.com/httpdocs/phpBB/' is executable
[Wed Aug 26 06:22:34.509499 2020] [core:crit] [pid 6888:tid 140619366262528] (13)Permission denied: [client 203.133.169.112:59974] AH00529: /var/www/vhosts/saratogahistory.com/httpdocs/phpBB/.htaccess pcfg_openfile: unable to check htaccess file, ensure it is readable and that '/var/www/vhosts/saratogahistory.com/httpdocs/phpBB/' is executable
[Wed Aug 26 06:22:39.492455 2020] [core:crit] [pid 6888:tid 140619198424832] (13)Permission denied: [client 203.133.169.112:60192] AH00529: /var/www/vhosts/saratogahistory.com/httpdocs/phpBB/.htaccess pcfg_openfile: unable to check htaccess file, ensure it is readable and that '/var/www/vhosts/saratogahistory.com/httpdocs/phpBB/' is executable
[Wed Aug 26 06:22:44.724039 2020] [core:crit] [pid 32352:tid 140619355772672] (13)Permission denied: [client 203.133.169.112:60370] AH00529: /var/www/vhosts/saratogahistory.com/httpdocs/phpBB/.htaccess pcfg_openfile: unable to check htaccess file, ensure it is readable and that '/var/www/vhosts/saratogahistory.com/httpdocs/phpBB/' is executable
[Wed Aug 26 06:22:49.780966 2020] [core:crit] [pid 6888:tid 140619250874112] (13)Permission denied: [client 203.133.169.112:60508] AH00529: /var/www/vhosts/saratogahistory.com/httpdocs/phpBB/.htaccess pcfg_openfile: unable to check htaccess file, ensure it is readable and that '/var/www/vhosts/saratogahistory.com/httpdocs/phpBB/' is executable
[Wed Aug 26 06:22:54.761761 2020] [core:crit] [pid 6888:tid 140619282343680] (13)Permission denied: [client 203.133.169.112:60708] AH00529: /var/www/vhosts/saratogahistory.com/httpdocs/phpBB/.htaccess pcfg_openfile: unable to check htaccess file, ensure it is readable and that '/var/www/vhosts/saratogahistory.com/httpdocs/phpBB/' is executable
[Wed Aug 26 06:22:59.643923 2020] [core:crit] [pid 6888:tid 140619240384256] (13)Permission denied: [client 203.133.169.112:60886] AH00529: /var/www/vhosts/saratogahistory.com/httpdocs/phpBB/.htaccess pcfg_openfile: unable to check htaccess file, ensure it is readable and that '/var/www/vhosts/saratogahistory.com/httpdocs/phpBB/' is executable
[Wed Aug 26 06:23:04.709684 2020] [core:crit] [pid 32352:tid 140619250874112] (13)Permission denied: [client 203.133.169.112:32844] AH00529: /var/www/vhosts/saratogahistory.com/httpdocs/phpBB/.htaccess pcfg_openfile: unable to check htaccess file, ensure it is readable and that '/var/www/vhosts/saratogahistory.com/httpdocs/phpBB/' is executable
[Wed Aug 26 06:23:09.623237 2020] [core:crit] [pid 6888:tid 140619187934976] (13)Permission denied: [client 203.133.169.112:32992] AH00529: /var/www/vhosts/saratogahistory.com/httpdocs/phpBB/.htaccess pcfg_openfile: unable to check htaccess file, ensure it is readable and that '/var/www/vhosts/saratogahistory.com/httpdocs/phpBB/' is executable
[Wed Aug 26 06:23:14.623237 2020] [core:crit] [pid 32352:tid 140619208914688] (13)Permission denied: [client 203.133.169.112:33164] AH00529: /var/www/vhosts/saratogahistory.com/httpdocs/phpBB/.htaccess pcfg_openfile: unable to check htaccess file, ensure it is readable and that '/var/www/vhosts/saratogahistory.com/httpdocs/phpBB/' is executable
[Wed Aug 26 06:23:19.619247 2020] [core:crit] [pid 6888:tid 140619261363968] (13)Permission denied: [client 203.133.169.112:33350] AH00529: /var/www/vhosts/saratogahistory.com/httpdocs/phpBB/.htaccess pcfg_openfile: unable to check htaccess file, ensure it is readable and that '/var/www/vhosts/saratogahistory.com/httpdocs/phpBB/' is executable
[Wed Aug 26 06:23:24.599541 2020] [core:crit] [pid 32352:tid 140619229894400] (13)Permission denied: [client 203.133.169.112:33494] AH00529: /var/www/vhosts/saratogahistory.com/httpdocs/phpBB/.htaccess pcfg_openfile: unable to check htaccess file, ensure it is readable and that '/var/www/vhosts/saratogahistory.com/httpdocs/phpBB/' is executable
[Wed Aug 26 06:23:29.603034 2020] [core:crit] [pid 6888:tid 140619229894400] (13)Permission denied: [client 203.133.169.112:33648] AH00529: /var/www/vhosts/saratogahistory.com/httpdocs/phpBB/.htaccess pcfg_openfile: unable to check htaccess file, ensure it is readable and that '/var/www/vhosts/saratogahistory.com/httpdocs/phpBB/' is executable
[Wed Aug 26 06:23:34.582572 2020] [core:crit] [pid 32352:tid 140619366262528] (13)Permission denied: [client 203.133.169.112:33836] AH00529: /var/www/vhosts/saratogahistory.com/httpdocs/phpBB/.htaccess pcfg_openfile: unable to check htaccess file, ensure it is readable and that '/var/www/vhosts/saratogahistory.com/httpdocs/phpBB/' is executable
[Wed Aug 26 06:23:39.577699 2020] [core:crit] [pid 32352:tid 140619376752384] (13)Permission denied: [client 203.133.169.112:34050] AH00529: /var/www/vhosts/saratogahistory.com/httpdocs/phpBB/.htaccess pcfg_openfile: unable to check htaccess file, ensure it is readable and that '/var/www/vhosts/saratogahistory.com/httpdocs/phpBB/' is executable
[Wed Aug 26 06:23:44.507194 2020] [core:crit] [pid 6888:tid 140619208914688] (13)Permission denied: [client 203.133.169.112:34220] AH00529: /var/www/vhosts/saratogahistory.com/httpdocs/phpBB/.htaccess pcfg_openfile: unable to check htaccess file, ensure it is readable and that '/var/www/vhosts/saratogahistory.com/httpdocs/phpBB/' is executable
[Wed Aug 26 06:23:49.497406 2020] [core:crit] [pid 32352:tid 140619345282816] (13)Permission denied: [client 203.133.169.112:34452] AH00529: /var/www/vhosts/saratogahistory.com/httpdocs/phpBB/.htaccess pcfg_openfile: unable to check htaccess file, ensure it is readable and that '/var/www/vhosts/saratogahistory.com/httpdocs/phpBB/' is executable
[Wed Aug 26 06:23:54.545221 2020] [core:crit] [pid 32325:tid 140619282343680] (13)Permission denied: [client 203.133.169.112:34708] AH00529: /var/www/vhosts/saratogahistory.com/httpdocs/phpBB/.htaccess pcfg_openfile: unable to check htaccess file, ensure it is readable and that '/var/www/vhosts/saratogahistory.com/httpdocs/phpBB/' is executable
[Wed Aug 26 06:23:59.432435 2020] [core:crit] [pid 6888:tid 140619156465408] (13)Permission denied: [client 203.133.169.112:34936] AH00529: /var/www/vhosts/saratogahistory.com/httpdocs/phpBB/.htaccess pcfg_openfile: unable to check htaccess file, ensure it is readable and that '/var/www/vhosts/saratogahistory.com/httpdocs/phpBB/' is executable
[Wed Aug 26 06:24:04.384973 2020] [core:crit] [pid 6888:tid 140619219404544] (13)Permission denied: [client 203.133.169.112:35062] AH00529: /var/www/vhosts/saratogahistory.com/httpdocs/phpBB/.htaccess pcfg_openfile: unable to check htaccess file, ensure it is readable and that '/var/www/vhosts/saratogahistory.com/httpdocs/phpBB/' is executable
[Wed Aug 26 06:24:09.380055 2020] [core:crit] [pid 6888:tid 140619124995840] (13)Permission denied: [client 203.133.169.112:35384] AH00529: /var/www/vhosts/saratogahistory.com/httpdocs/phpBB/.htaccess pcfg_openfile: unable to check htaccess file, ensure it is readable and that '/var/www/vhosts/saratogahistory.com/httpdocs/phpBB/' is executable
[Wed Aug 26 06:24:14.430517 2020] [core:crit] [pid 32352:tid 140619187934976] (13)Permission denied: [client 203.133.169.112:35706] AH00529: /var/www/vhosts/saratogahistory.com/httpdocs/phpBB/.htaccess pcfg_openfile: unable to check htaccess file, ensure it is readable and that '/var/www/vhosts/saratogahistory.com/httpdocs/phpBB/' is executable
[Wed Aug 26 06:24:19.476739 2020] [core:crit] [pid 6888:tid 140619177445120] (13)Permission denied: [client 203.133.169.112:35866] AH00529: /var/www/vhosts/saratogahistory.com/httpdocs/phpBB/.htaccess pcfg_openfile: unable to check htaccess file, ensure it is readable and that '/var/www/vhosts/saratogahistory.com/httpdocs/phpBB/' is executable
[Wed Aug 26 06:24:24.348297 2020] [core:crit] [pid 6888:tid 140619145975552] (13)Permission denied: [client 203.133.169.112:36142] AH00529: /var/www/vhosts/saratogahistory.com/httpdocs/phpBB/.htaccess pcfg_openfile: unable to check htaccess file, ensure it is readable and that '/var/www/vhosts/saratogahistory.com/httpdocs/phpBB/' is executable
[Wed Aug 26 06:30:24.242724 2020] [core:crit] [pid 32352:tid 140619145975552] (13)Permission denied: [client 185.25.35.12:51980] AH00529: /var/www/vhosts/saratogahistory.com/httpdocs/phpBB/.htaccess pcfg_openfile: unable to check htaccess file, ensure it is readable and that '/var/www/vhosts/saratogahistory.com/httpdocs/phpBB/' is executable
[Wed Aug 26 07:21:08.947635 2020] [core:crit] [pid 6888:tid 140619156465408] (13)Permission denied: [client 92.124.163.145:48714] AH00529: /var/www/vhosts/saratogahistory.com/httpdocs/phpBB/.htaccess pcfg_openfile: unable to check htaccess file, ensure it is readable and that '/var/www/vhosts/saratogahistory.com/httpdocs/phpBB/' is executable, referer: http://www.saratogahistory.com/phpBB/index.php
[Wed Aug 26 07:42:01.131856 2020] [core:crit] [pid 32352:tid 140619303323392] (13)Permission denied: [client 185.25.35.8:47458] AH00529: /var/www/vhosts/saratogahistory.com/httpdocs/phpBB/.htaccess pcfg_openfile: unable to check htaccess file, ensure it is readable and that '/var/www/vhosts/saratogahistory.com/httpdocs/phpBB/' is executable
[Wed Aug 26 07:54:51.811777 2020] [core:crit] [pid 32352:tid 140619124995840] (13)Permission denied: [client 199.249.230.174:54636] AH00529: /var/www/vhosts/saratogahistory.com/httpdocs/phpBB/.htaccess pcfg_openfile: unable to check htaccess file, ensure it is readable and that '/var/www/vhosts/saratogahistory.com/httpdocs/phpBB/' is executable, referer: http://www.saratogahistory.com/phpBB/index.php
[Wed Aug 26 08:16:52.513255 2020] [core:crit] [pid 6888:tid 140619166955264] (13)Permission denied: [client 185.25.35.15:58756] AH00529: /var/www/vhosts/saratogahistory.com/httpdocs/phpBB/.htaccess pcfg_openfile: unable to check htaccess file, ensure it is readable and that '/var/www/vhosts/saratogahistory.com/httpdocs/phpBB/' is executable
[Wed Aug 26 08:32:51.734120 2020] [core:crit] [pid 6888:tid 140619292833536] (13)Permission denied: [client 185.25.35.12:48118] AH00529: /var/www/vhosts/saratogahistory.com/httpdocs/phpBB/.htaccess pcfg_openfile: unable to check htaccess file, ensure it is readable and that '/var/www/vhosts/saratogahistory.com/httpdocs/phpBB/' is executable
[Wed Aug 26 08:37:59.167763 2020] [core:crit] [pid 32352:tid 140619376752384] (13)Permission denied: [client 185.220.102.248:35114] AH00529: /var/www/vhosts/saratogahistory.com/httpdocs/phpBB/.htaccess pcfg_openfile: unable to check htaccess file, ensure it is readable and that '/var/www/vhosts/saratogahistory.com/httpdocs/phpBB/' is executable, referer: http://www.saratogahistory.com/phpBB/index.php
[Wed Aug 26 08:38:15.793036 2020] [core:crit] [pid 32352:tid 140619187934976] (13)Permission denied: [client 188.232.18.226:35764] AH00529: /var/www/vhosts/saratogahistory.com/httpdocs/phpBB/.htaccess pcfg_openfile: unable to check htaccess file, ensure it is readable and that '/var/www/vhosts/saratogahistory.com/httpdocs/phpBB/' is executable, referer: http://www.saratogahistory.com/phpBB/index.php
[Wed Aug 26 08:38:16.926828 2020] [proxy_fcgi:error] [pid 32352:tid 140619219404544] [client 188.232.18.226:35808] AH01071: Got error 'Primary script unknown\n', referer: http://www.saratogahistory.com/index.php
[Wed Aug 26 08:38:17.263794 2020] [proxy_fcgi:error] [pid 32322:tid 140619240384256] [client 188.232.18.226:35824] AH01071: Got error 'Primary script unknown\n', referer: http://www.saratogahistory.com/index.php
[Wed Aug 26 08:38:17.582590 2020] [proxy_fcgi:error] [pid 32325:tid 140619198424832] [client 188.232.18.226:35854] AH01071: Got error 'Primary script unknown\n', referer: http://www.saratogahistory.com/index.php
[Wed Aug 26 08:43:47.173398 2020] [core:crit] [pid 32352:tid 140619135485696] (13)Permission denied: [client 176.103.90.50:50036] AH00529: /var/www/vhosts/saratogahistory.com/httpdocs/phpBB/.htaccess pcfg_openfile: unable to check htaccess file, ensure it is readable and that '/var/www/vhosts/saratogahistory.com/httpdocs/phpBB/' is executable, referer: http://www.saratogahistory.com/phpBB/viewtopic.php?printertopic=1&t=344&start=0&postdays=0&postorder=asc&vote=viewresult&sid=5b880fe4178613d41bfdbe7d028f5be2
[Wed Aug 26 08:43:47.485387 2020] [core:crit] [pid 32352:tid 140619303323392] (13)Permission denied: [client 176.103.95.47:50048] AH00529: /var/www/vhosts/saratogahistory.com/httpdocs/phpBB/.htaccess pcfg_openfile: unable to check htaccess file, ensure it is readable and that '/var/www/vhosts/saratogahistory.com/httpdocs/phpBB/' is executable, referer: http://www.saratogahistory.com/phpBB/viewtopic.php?printertopic=1&t=344&start=0&postdays=0&postorder=asc&vote=viewresult&sid=5b880fe4178613d41bfdbe7d028f5be2
[Wed Aug 26 08:43:47.797470 2020] [core:crit] [pid 6888:tid 140619355772672] (13)Permission denied: [client 176.103.90.50:50060] AH00529: /var/www/vhosts/saratogahistory.com/httpdocs/phpBB/.htaccess pcfg_openfile: unable to check htaccess file, ensure it is readable and that '/var/www/vhosts/saratogahistory.com/httpdocs/phpBB/' is executable, referer: http://www.saratogahistory.com/phpBB/viewtopic.php?printertopic=1&t=344&start=0&postdays=0&postorder=asc&vote=viewresult&sid=5b880fe4178613d41bfdbe7d028f5be2
[Wed Aug 26 08:43:48.100027 2020] [core:crit] [pid 6888:tid 140619135485696] (13)Permission denied: [client 194.156.93.40:50088] AH00529: /var/www/vhosts/saratogahistory.com/httpdocs/phpBB/.htaccess pcfg_openfile: unable to check htaccess file, ensure it is readable and that '/var/www/vhosts/saratogahistory.com/httpdocs/phpBB/' is executable, referer: http://www.saratogahistory.com/phpBB/viewtopic.php?printertopic=1&t=344&start=0&postdays=0&postorder=asc&vote=viewresult&sid=5b880fe4178613d41bfdbe7d028f5be2
[Wed Aug 26 08:43:49.523319 2020] [proxy_fcgi:error] [pid 6888:tid 140619313813248] [client 194.156.93.40:50148] AH01071: Got error 'Primary script unknown\n', referer: http://www.saratogahistory.com/index.php
[Wed Aug 26 08:43:49.823849 2020] [proxy_fcgi:error] [pid 6888:tid 140619292833536] [client 194.156.93.40:50164] AH01071: Got error 'Primary script unknown\n', referer: http://www.saratogahistory.com/index.php
[Wed Aug 26 08:43:50.136595 2020] [proxy_fcgi:error] [pid 6888:tid 140619303323392] [client 194.156.93.40:50188] AH01071: Got error 'Primary script unknown\n', referer: http://www.saratogahistory.com/index.php
[Wed Aug 26 08:53:14.769288 2020] [core:crit] [pid 6888:tid 140619156465408] (13)Permission denied: [client 51.83.139.56:45942] AH00529: /var/www/vhosts/saratogahistory.com/httpdocs/phpBB/.htaccess pcfg_openfile: unable to check htaccess file, ensure it is readable and that '/var/www/vhosts/saratogahistory.com/httpdocs/phpBB/' is executable, referer: http://www.saratogahistory.com/phpBB/index.php
[Wed Aug 26 09:46:01.528488 2020] [core:crit] [pid 32352:tid 140619366262528] (13)Permission denied: [client 203.133.169.112:44396] AH00529: /var/www/vhosts/saratogahistory.com/httpdocs/phpBB/.htaccess pcfg_openfile: unable to check htaccess file, ensure it is readable and that '/var/www/vhosts/saratogahistory.com/httpdocs/phpBB/' is executable
[Wed Aug 26 09:46:06.423310 2020] [core:crit] [pid 32325:tid 140619177445120] (13)Permission denied: [client 203.133.169.112:44586] AH00529: /var/www/vhosts/saratogahistory.com/httpdocs/phpBB/.htaccess pcfg_openfile: unable to check htaccess file, ensure it is readable and that '/var/www/vhosts/saratogahistory.com/httpdocs/phpBB/' is executable
[Wed Aug 26 09:46:11.301313 2020] [core:crit] [pid 32352:tid 140619376752384] (13)Permission denied: [client 203.133.169.112:44910] AH00529: /var/www/vhosts/saratogahistory.com/httpdocs/phpBB/.htaccess pcfg_openfile: unable to check htaccess file, ensure it is readable and that '/var/www/vhosts/saratogahistory.com/httpdocs/phpBB/' is executable
[Wed Aug 26 09:46:16.282587 2020] [core:crit] [pid 32352:tid 140619345282816] (13)Permission denied: [client 203.133.169.112:45246] AH00529: /var/www/vhosts/saratogahistory.com/httpdocs/phpBB/.htaccess pcfg_openfile: unable to check htaccess file, ensure it is readable and that '/var/www/vhosts/saratogahistory.com/httpdocs/phpBB/' is executable
[Wed Aug 26 09:46:21.196733 2020] [core:crit] [pid 32352:tid 140619187934976] (13)Permission denied: [client 203.133.169.112:45468] AH00529: /var/www/vhosts/saratogahistory.com/httpdocs/phpBB/.htaccess pcfg_openfile: unable to check htaccess file, ensure it is readable and that '/var/www/vhosts/saratogahistory.com/httpdocs/phpBB/' is executable
[Wed Aug 26 09:46:26.229774 2020] [core:crit] [pid 6888:tid 140619366262528] (13)Permission denied: [client 203.133.169.112:45656] AH00529: /var/www/vhosts/saratogahistory.com/httpdocs/phpBB/.htaccess pcfg_openfile: unable to check htaccess file, ensure it is readable and that '/var/www/vhosts/saratogahistory.com/httpdocs/phpBB/' is executable
[Wed Aug 26 09:46:31.303611 2020] [core:crit] [pid 6888:tid 140619198424832] (13)Permission denied: [client 203.133.169.112:45932] AH00529: /var/www/vhosts/saratogahistory.com/httpdocs/phpBB/.htaccess pcfg_openfile: unable to check htaccess file, ensure it is readable and that '/var/www/vhosts/saratogahistory.com/httpdocs/phpBB/' is executable
[Wed Aug 26 09:46:36.215118 2020] [core:crit] [pid 6888:tid 140619250874112] (13)Permission denied: [client 203.133.169.112:46086] AH00529: /var/www/vhosts/saratogahistory.com/httpdocs/phpBB/.htaccess pcfg_openfile: unable to check htaccess file, ensure it is readable and that '/var/www/vhosts/saratogahistory.com/httpdocs/phpBB/' is executable
[Wed Aug 26 09:46:41.239016 2020] [core:crit] [pid 6888:tid 140619282343680] (13)Permission denied: [client 203.133.169.112:46264] AH00529: /var/www/vhosts/saratogahistory.com/httpdocs/phpBB/.htaccess pcfg_openfile: unable to check htaccess file, ensure it is readable and that '/var/www/vhosts/saratogahistory.com/httpdocs/phpBB/' is executable
[Wed Aug 26 09:46:46.119938 2020] [core:crit] [pid 6888:tid 140619240384256] (13)Permission denied: [client 203.133.169.112:46484] AH00529: /var/www/vhosts/saratogahistory.com/httpdocs/phpBB/.htaccess pcfg_openfile: unable to check htaccess file, ensure it is readable and that '/var/www/vhosts/saratogahistory.com/httpdocs/phpBB/' is executable
[Wed Aug 26 09:46:51.034121 2020] [core:crit] [pid 6888:tid 140619187934976] (13)Permission denied: [client 203.133.169.112:46642] AH00529: /var/www/vhosts/saratogahistory.com/httpdocs/phpBB/.htaccess pcfg_openfile: unable to check htaccess file, ensure it is readable and that '/var/www/vhosts/saratogahistory.com/httpdocs/phpBB/' is executable
[Wed Aug 26 09:46:56.016495 2020] [core:crit] [pid 32325:tid 140619156465408] (13)Permission denied: [client 203.133.169.112:46918] AH00529: /var/www/vhosts/saratogahistory.com/httpdocs/phpBB/.htaccess pcfg_openfile: unable to check htaccess file, ensure it is readable and that '/var/www/vhosts/saratogahistory.com/httpdocs/phpBB/' is executable
[Wed Aug 26 09:47:00.896261 2020] [core:crit] [pid 6888:tid 140619261363968] (13)Permission denied: [client 203.133.169.112:47078] AH00529: /var/www/vhosts/saratogahistory.com/httpdocs/phpBB/.htaccess pcfg_openfile: unable to check htaccess file, ensure it is readable and that '/var/www/vhosts/saratogahistory.com/httpdocs/phpBB/' is executable
[Wed Aug 26 09:47:05.808628 2020] [core:crit] [pid 6888:tid 140619229894400] (13)Permission denied: [client 203.133.169.112:47298] AH00529: /var/www/vhosts/saratogahistory.com/httpdocs/phpBB/.htaccess pcfg_openfile: unable to check htaccess file, ensure it is readable and that '/var/www/vhosts/saratogahistory.com/httpdocs/phpBB/' is executable
[Wed Aug 26 09:47:10.698931 2020] [core:crit] [pid 32352:tid 140619219404544] (13)Permission denied: [client 203.133.169.112:47534] AH00529: /var/www/vhosts/saratogahistory.com/httpdocs/phpBB/.htaccess pcfg_openfile: unable to check htaccess file, ensure it is readable and that '/var/www/vhosts/saratogahistory.com/httpdocs/phpBB/' is executable
[Wed Aug 26 09:47:15.623988 2020] [core:crit] [pid 6888:tid 140619208914688] (13)Permission denied: [client 203.133.169.112:47726] AH00529: /var/www/vhosts/saratogahistory.com/httpdocs/phpBB/.htaccess pcfg_openfile: unable to check htaccess file, ensure it is readable and that '/var/www/vhosts/saratogahistory.com/httpdocs/phpBB/' is executable
[Wed Aug 26 09:47:20.502562 2020] [core:crit] [pid 32325:tid 140619124995840] (13)Permission denied: [client 203.133.169.112:47876] AH00529: /var/www/vhosts/saratogahistory.com/httpdocs/phpBB/.htaccess pcfg_openfile: unable to check htaccess file, ensure it is readable and that '/var/www/vhosts/saratogahistory.com/httpdocs/phpBB/' is executable
[Wed Aug 26 09:47:25.512269 2020] [core:crit] [pid 6888:tid 140619156465408] (13)Permission denied: [client 203.133.169.112:48072] AH00529: /var/www/vhosts/saratogahistory.com/httpdocs/phpBB/.htaccess pcfg_openfile: unable to check htaccess file, ensure it is readable and that '/var/www/vhosts/saratogahistory.com/httpdocs/phpBB/' is executable
[Wed Aug 26 09:47:30.455018 2020] [core:crit] [pid 6888:tid 140619219404544] (13)Permission denied: [client 203.133.169.112:48258] AH00529: /var/www/vhosts/saratogahistory.com/httpdocs/phpBB/.htaccess pcfg_openfile: unable to check htaccess file, ensure it is readable and that '/var/www/vhosts/saratogahistory.com/httpdocs/phpBB/' is executable
[Wed Aug 26 09:47:35.393277 2020] [core:crit] [pid 6888:tid 140619124995840] (13)Permission denied: [client 203.133.169.112:48382] AH00529: /var/www/vhosts/saratogahistory.com/httpdocs/phpBB/.htaccess pcfg_openfile: unable to check htaccess file, ensure it is readable and that '/var/www/vhosts/saratogahistory.com/httpdocs/phpBB/' is executable
[Wed Aug 26 09:47:40.641214 2020] [core:crit] [pid 6888:tid 140619177445120] (13)Permission denied: [client 203.133.169.112:48610] AH00529: /var/www/vhosts/saratogahistory.com/httpdocs/phpBB/.htaccess pcfg_openfile: unable to check htaccess file, ensure it is readable and that '/var/www/vhosts/saratogahistory.com/httpdocs/phpBB/' is executable
[Wed Aug 26 09:47:45.635601 2020] [core:crit] [pid 6888:tid 140619145975552] (13)Permission denied: [client 203.133.169.112:48766] AH00529: /var/www/vhosts/saratogahistory.com/httpdocs/phpBB/.htaccess pcfg_openfile: unable to check htaccess file, ensure it is readable and that '/var/www/vhosts/saratogahistory.com/httpdocs/phpBB/' is executable
[Wed Aug 26 09:47:50.521607 2020] [core:crit] [pid 6888:tid 140619166955264] (13)Permission denied: [client 203.133.169.112:48884] AH00529: /var/www/vhosts/saratogahistory.com/httpdocs/phpBB/.htaccess pcfg_openfile: unable to check htaccess file, ensure it is readable and that '/var/www/vhosts/saratogahistory.com/httpdocs/phpBB/' is executable
[Wed Aug 26 09:47:55.531224 2020] [core:crit] [pid 6888:tid 140619355772672] (13)Permission denied: [client 203.133.169.112:49104] AH00529: /var/www/vhosts/saratogahistory.com/httpdocs/phpBB/.htaccess pcfg_openfile: unable to check htaccess file, ensure it is readable and that '/var/www/vhosts/saratogahistory.com/httpdocs/phpBB/' is executable
[Wed Aug 26 09:48:00.451881 2020] [core:crit] [pid 6888:tid 140619135485696] (13)Permission denied: [client 203.133.169.112:49304] AH00529: /var/www/vhosts/saratogahistory.com/httpdocs/phpBB/.htaccess pcfg_openfile: unable to check htaccess file, ensure it is readable and that '/var/www/vhosts/saratogahistory.com/httpdocs/phpBB/' is executable
[Wed Aug 26 09:48:05.342710 2020] [core:crit] [pid 6888:tid 140619376752384] (13)Permission denied: [client 203.133.169.112:49526] AH00529: /var/www/vhosts/saratogahistory.com/httpdocs/phpBB/.htaccess pcfg_openfile: unable to check htaccess file, ensure it is readable and that '/var/www/vhosts/saratogahistory.com/httpdocs/phpBB/' is executable
[Wed Aug 26 09:48:10.335186 2020] [core:crit] [pid 6888:tid 140619334792960] (13)Permission denied: [client 203.133.169.112:49740] AH00529: /var/www/vhosts/saratogahistory.com/httpdocs/phpBB/.htaccess pcfg_openfile: unable to check htaccess file, ensure it is readable and that '/var/www/vhosts/saratogahistory.com/httpdocs/phpBB/' is executable
[Wed Aug 26 09:48:15.415485 2020] [core:crit] [pid 6888:tid 140619313813248] (13)Permission denied: [client 203.133.169.112:49914] AH00529: /var/www/vhosts/saratogahistory.com/httpdocs/phpBB/.htaccess pcfg_openfile: unable to check htaccess file, ensure it is readable and that '/var/www/vhosts/saratogahistory.com/httpdocs/phpBB/' is executable
[Wed Aug 26 09:48:20.340487 2020] [core:crit] [pid 6888:tid 140619292833536] (13)Permission denied: [client 203.133.169.112:50132] AH00529: /var/www/vhosts/saratogahistory.com/httpdocs/phpBB/.htaccess pcfg_openfile: unable to check htaccess file, ensure it is readable and that '/var/www/vhosts/saratogahistory.com/httpdocs/phpBB/' is executable
[Wed Aug 26 09:48:25.332929 2020] [core:crit] [pid 32322:tid 140619208914688] (13)Permission denied: [client 203.133.169.112:50258] AH00529: /var/www/vhosts/saratogahistory.com/httpdocs/phpBB/.htaccess pcfg_openfile: unable to check htaccess file, ensure it is readable and that '/var/www/vhosts/saratogahistory.com/httpdocs/phpBB/' is executable
[Wed Aug 26 09:48:30.243495 2020] [core:crit] [pid 6888:tid 140619303323392] (13)Permission denied: [client 203.133.169.112:50520] AH00529: /var/www/vhosts/saratogahistory.com/httpdocs/phpBB/.htaccess pcfg_openfile: unable to check htaccess file, ensure it is readable and that '/var/www/vhosts/saratogahistory.com/httpdocs/phpBB/' is executable
[Wed Aug 26 09:48:35.253359 2020] [core:crit] [pid 6888:tid 140619324303104] (13)Permission denied: [client 203.133.169.112:50746] AH00529: /var/www/vhosts/saratogahistory.com/httpdocs/phpBB/.htaccess pcfg_openfile: unable to check htaccess file, ensure it is readable and that '/var/www/vhosts/saratogahistory.com/httpdocs/phpBB/' is executable
[Wed Aug 26 09:48:40.265801 2020] [core:crit] [pid 6888:tid 140619271853824] (13)Permission denied: [client 203.133.169.112:51010] AH00529: /var/www/vhosts/saratogahistory.com/httpdocs/phpBB/.htaccess pcfg_openfile: unable to check htaccess file, ensure it is readable and that '/var/www/vhosts/saratogahistory.com/httpdocs/phpBB/' is executable
[Wed Aug 26 09:48:45.203519 2020] [core:crit] [pid 6888:tid 140619345282816] (13)Permission denied: [client 203.133.169.112:51304] AH00529: /var/www/vhosts/saratogahistory.com/httpdocs/phpBB/.htaccess pcfg_openfile: unable to check htaccess file, ensure it is readable and that '/var/www/vhosts/saratogahistory.com/httpdocs/phpBB/' is executable
[Wed Aug 26 09:48:50.371387 2020] [core:crit] [pid 6888:tid 140619366262528] (13)Permission denied: [client 203.133.169.112:51538] AH00529: /var/www/vhosts/saratogahistory.com/httpdocs/phpBB/.htaccess pcfg_openfile: unable to check htaccess file, ensure it is readable and that '/var/www/vhosts/saratogahistory.com/httpdocs/phpBB/' is executable
[Wed Aug 26 09:48:55.295704 2020] [core:crit] [pid 6888:tid 140619198424832] (13)Permission denied: [client 203.133.169.112:51758] AH00529: /var/www/vhosts/saratogahistory.com/httpdocs/phpBB/.htaccess pcfg_openfile: unable to check htaccess file, ensure it is readable and that '/var/www/vhosts/saratogahistory.com/httpdocs/phpBB/' is executable
[Wed Aug 26 09:49:00.221171 2020] [core:crit] [pid 6888:tid 140619250874112] (13)Permission denied: [client 203.133.169.112:51940] AH00529: /var/www/vhosts/saratogahistory.com/httpdocs/phpBB/.htaccess pcfg_openfile: unable to check htaccess file, ensure it is readable and that '/var/www/vhosts/saratogahistory.com/httpdocs/phpBB/' is executable
[Wed Aug 26 09:49:05.121273 2020] [core:crit] [pid 6888:tid 140619282343680] (13)Permission denied: [client 203.133.169.112:52132] AH00529: /var/www/vhosts/saratogahistory.com/httpdocs/phpBB/.htaccess pcfg_openfile: unable to check htaccess file, ensure it is readable and that '/var/www/vhosts/saratogahistory.com/httpdocs/phpBB/' is executable
[Wed Aug 26 09:49:10.121474 2020] [core:crit] [pid 6888:tid 140619240384256] (13)Permission denied: [client 203.133.169.112:52306] AH00529: /var/www/vhosts/saratogahistory.com/httpdocs/phpBB/.htaccess pcfg_openfile: unable to check htaccess file, ensure it is readable and that '/var/www/vhosts/saratogahistory.com/httpdocs/phpBB/' is executable
[Wed Aug 26 10:45:02.616166 2020] [proxy_fcgi:error] [pid 32352:tid 140619250874112] [client 5.157.56.45:44774] AH01071: Got error 'Primary script unknown\n'
[Wed Aug 26 10:45:04.202606 2020] [proxy_fcgi:error] [pid 32322:tid 140619187934976] [client 5.157.56.45:44836] AH01071: Got error 'Primary script unknown\n'
[Wed Aug 26 10:45:05.908937 2020] [proxy_fcgi:error] [pid 6888:tid 140619261363968] [client 5.157.56.45:44916] AH01071: Got error 'Primary script unknown\n'
[Wed Aug 26 10:45:09.686988 2020] [proxy_fcgi:error] [pid 32352:tid 140619334792960] [client 5.157.56.45:45050] AH01071: Got error 'Primary script unknown\n'
[Wed Aug 26 10:45:11.308180 2020] [proxy_fcgi:error] [pid 32352:tid 140619229894400] [client 5.157.56.45:45122] AH01071: Got error 'Primary script unknown\n'
[Wed Aug 26 11:21:57.774478 2020] [core:crit] [pid 6888:tid 140619229894400] (13)Permission denied: [client 104.244.79.241:48286] AH00529: /var/www/vhosts/saratogahistory.com/httpdocs/phpBB/.htaccess pcfg_openfile: unable to check htaccess file, ensure it is readable and that '/var/www/vhosts/saratogahistory.com/httpdocs/phpBB/' is executable, referer: http://www.saratogahistory.com/phpBB/index.php
[Wed Aug 26 11:34:58.196547 2020] [autoindex:error] [pid 32352:tid 140619313813248] [client 94.130.66.99:49728] AH01276: Cannot serve directory /var/www/vhosts/saratogahistory.com/httpdocs/grandview/: No matching DirectoryIndex (index.html,index.cgi,index.pl,index.php,index.xhtml,index.htm,index.shtml) found, and server-generated directory index forbidden by Options directive
[Wed Aug 26 11:59:57.570527 2020] [core:crit] [pid 6888:tid 140619166955264] (13)Permission denied: [client 5.188.84.243:55180] AH00529: /var/www/vhosts/saratogahistory.com/httpdocs/phpBB/.htaccess pcfg_openfile: unable to check htaccess file, ensure it is readable and that '/var/www/vhosts/saratogahistory.com/httpdocs/phpBB/' is executable, referer: http://www.saratogahistory.com/phpBB/index.php
[Wed Aug 26 11:59:58.279422 2020] [core:crit] [pid 6888:tid 140619135485696] (13)Permission denied: [client 5.188.84.243:55210] AH00529: /var/www/vhosts/saratogahistory.com/httpdocs/phpBB/.htaccess pcfg_openfile: unable to check htaccess file, ensure it is readable and that '/var/www/vhosts/saratogahistory.com/httpdocs/phpBB/' is executable, referer: http://www.saratogahistory.com/phpBB/index.php
[Wed Aug 26 12:18:46.291524 2020] [core:crit] [pid 6888:tid 140619271853824] (13)Permission denied: [client 66.249.66.23:43756] AH00529: /var/www/vhosts/saratogahistory.com/httpdocs/phpBB/.htaccess pcfg_openfile: unable to check htaccess file, ensure it is readable and that '/var/www/vhosts/saratogahistory.com/httpdocs/phpBB/' is executable
[Wed Aug 26 12:40:55.963809 2020] [core:crit] [pid 6888:tid 140619229894400] (13)Permission denied: [client 185.25.35.11:41750] AH00529: /var/www/vhosts/saratogahistory.com/httpdocs/phpBB/.htaccess pcfg_openfile: unable to check htaccess file, ensure it is readable and that '/var/www/vhosts/saratogahistory.com/httpdocs/phpBB/' is executable
[Wed Aug 26 12:58:21.254068 2020] [core:crit] [pid 32352:tid 140619261363968] (13)Permission denied: [client 203.133.169.112:32918] AH00529: /var/www/vhosts/saratogahistory.com/httpdocs/phpBB/.htaccess pcfg_openfile: unable to check htaccess file, ensure it is readable and that '/var/www/vhosts/saratogahistory.com/httpdocs/phpBB/' is executable
[Wed Aug 26 12:58:26.236494 2020] [core:crit] [pid 32352:tid 140619324303104] (13)Permission denied: [client 203.133.169.112:33136] AH00529: /var/www/vhosts/saratogahistory.com/httpdocs/phpBB/.htaccess pcfg_openfile: unable to check htaccess file, ensure it is readable and that '/var/www/vhosts/saratogahistory.com/httpdocs/phpBB/' is executable
[Wed Aug 26 12:58:31.142959 2020] [core:crit] [pid 6888:tid 140619166955264] (13)Permission denied: [client 203.133.169.112:33364] AH00529: /var/www/vhosts/saratogahistory.com/httpdocs/phpBB/.htaccess pcfg_openfile: unable to check htaccess file, ensure it is readable and that '/var/www/vhosts/saratogahistory.com/httpdocs/phpBB/' is executable
[Wed Aug 26 12:58:36.163130 2020] [core:crit] [pid 32352:tid 140619240384256] (13)Permission denied: [client 203.133.169.112:33504] AH00529: /var/www/vhosts/saratogahistory.com/httpdocs/phpBB/.htaccess pcfg_openfile: unable to check htaccess file, ensure it is readable and that '/var/www/vhosts/saratogahistory.com/httpdocs/phpBB/' is executable
[Wed Aug 26 12:58:41.063117 2020] [core:crit] [pid 6888:tid 140619355772672] (13)Permission denied: [client 203.133.169.112:33706] AH00529: /var/www/vhosts/saratogahistory.com/httpdocs/phpBB/.htaccess pcfg_openfile: unable to check htaccess file, ensure it is readable and that '/var/www/vhosts/saratogahistory.com/httpdocs/phpBB/' is executable
[Wed Aug 26 12:58:46.060402 2020] [core:crit] [pid 32352:tid 140619355772672] (13)Permission denied: [client 203.133.169.112:33864] AH00529: /var/www/vhosts/saratogahistory.com/httpdocs/phpBB/.htaccess pcfg_openfile: unable to check htaccess file, ensure it is readable and that '/var/www/vhosts/saratogahistory.com/httpdocs/phpBB/' is executable
[Wed Aug 26 12:58:51.303110 2020] [core:crit] [pid 32325:tid 140619261363968] (13)Permission denied: [client 203.133.169.112:34104] AH00529: /var/www/vhosts/saratogahistory.com/httpdocs/phpBB/.htaccess pcfg_openfile: unable to check htaccess file, ensure it is readable and that '/var/www/vhosts/saratogahistory.com/httpdocs/phpBB/' is executable
[Wed Aug 26 12:58:56.236883 2020] [core:crit] [pid 6888:tid 140619135485696] (13)Permission denied: [client 203.133.169.112:34282] AH00529: /var/www/vhosts/saratogahistory.com/httpdocs/phpBB/.htaccess pcfg_openfile: unable to check htaccess file, ensure it is readable and that '/var/www/vhosts/saratogahistory.com/httpdocs/phpBB/' is executable
[Wed Aug 26 12:59:01.229318 2020] [core:crit] [pid 32352:tid 140619250874112] (13)Permission denied: [client 203.133.169.112:34486] AH00529: /var/www/vhosts/saratogahistory.com/httpdocs/phpBB/.htaccess pcfg_openfile: unable to check htaccess file, ensure it is readable and that '/var/www/vhosts/saratogahistory.com/httpdocs/phpBB/' is executable
[Wed Aug 26 12:59:06.128647 2020] [core:crit] [pid 32352:tid 140619208914688] (13)Permission denied: [client 203.133.169.112:34662] AH00529: /var/www/vhosts/saratogahistory.com/httpdocs/phpBB/.htaccess pcfg_openfile: unable to check htaccess file, ensure it is readable and that '/var/www/vhosts/saratogahistory.com/httpdocs/phpBB/' is executable
[Wed Aug 26 12:59:11.010003 2020] [core:crit] [pid 6888:tid 140619376752384] (13)Permission denied: [client 203.133.169.112:34824] AH00529: /var/www/vhosts/saratogahistory.com/httpdocs/phpBB/.htaccess pcfg_openfile: unable to check htaccess file, ensure it is readable and that '/var/www/vhosts/saratogahistory.com/httpdocs/phpBB/' is executable
[Wed Aug 26 13:45:32.958106 2020] [core:crit] [pid 6888:tid 140619240384256] (13)Permission denied: [client 185.220.101.129:42080] AH00529: /var/www/vhosts/saratogahistory.com/httpdocs/phpBB/.htaccess pcfg_openfile: unable to check htaccess file, ensure it is readable and that '/var/www/vhosts/saratogahistory.com/httpdocs/phpBB/' is executable, referer: http://www.saratogahistory.com/phpBB/index.php
[Wed Aug 26 13:50:59.381120 2020] [core:crit] [pid 6888:tid 140619219404544] (13)Permission denied: [client 185.25.35.10:56702] AH00529: /var/www/vhosts/saratogahistory.com/httpdocs/phpBB/.htaccess pcfg_openfile: unable to check htaccess file, ensure it is readable and that '/var/www/vhosts/saratogahistory.com/httpdocs/phpBB/' is executable
[Wed Aug 26 14:20:03.220523 2020] [core:crit] [pid 32322:tid 140619145975552] (13)Permission denied: [client 185.220.102.7:48506] AH00529: /var/www/vhosts/saratogahistory.com/httpdocs/phpBB/.htaccess pcfg_openfile: unable to check htaccess file, ensure it is readable and that '/var/www/vhosts/saratogahistory.com/httpdocs/phpBB/' is executable, referer: http://www.saratogahistory.com/phpBB/index.php
[Wed Aug 26 14:33:06.154549 2020] [core:crit] [pid 32352:tid 140619376752384] (13)Permission denied: [client 185.25.35.14:54826] AH00529: /var/www/vhosts/saratogahistory.com/httpdocs/phpBB/.htaccess pcfg_openfile: unable to check htaccess file, ensure it is readable and that '/var/www/vhosts/saratogahistory.com/httpdocs/phpBB/' is executable
[Wed Aug 26 14:37:27.059666 2020] [core:crit] [pid 6888:tid 140619229894400] (13)Permission denied: [client 188.165.232.202:39240] AH00529: /var/www/vhosts/saratogahistory.com/httpdocs/phpBB/.htaccess pcfg_openfile: unable to check htaccess file, ensure it is readable and that '/var/www/vhosts/saratogahistory.com/httpdocs/phpBB/' is executable, referer: http://www.saratogahistory.com/phpBB/index.php
[Wed Aug 26 14:37:27.868803 2020] [proxy_fcgi:error] [pid 32352:tid 140619145975552] [client 188.165.232.202:39278] AH01071: Got error 'Primary script unknown\n', referer: http://www.saratogahistory.com/index.php
[Wed Aug 26 14:37:28.076569 2020] [proxy_fcgi:error] [pid 6888:tid 140619219404544] [client 188.165.232.202:39292] AH01071: Got error 'Primary script unknown\n', referer: http://www.saratogahistory.com/index.php
[Wed Aug 26 14:37:28.277769 2020] [proxy_fcgi:error] [pid 32322:tid 140619355772672] [client 188.165.232.202:39310] AH01071: Got error 'Primary script unknown\n', referer: http://www.saratogahistory.com/index.php
[Wed Aug 26 14:50:03.196915 2020] [core:crit] [pid 32352:tid 140619198424832] (13)Permission denied: [client 185.25.35.12:44622] AH00529: /var/www/vhosts/saratogahistory.com/httpdocs/phpBB/.htaccess pcfg_openfile: unable to check htaccess file, ensure it is readable and that '/var/www/vhosts/saratogahistory.com/httpdocs/phpBB/' is executable
[Wed Aug 26 15:04:24.393553 2020] [core:crit] [pid 6888:tid 140619334792960] (13)Permission denied: [client 185.107.70.202:54750] AH00529: /var/www/vhosts/saratogahistory.com/httpdocs/phpBB/.htaccess pcfg_openfile: unable to check htaccess file, ensure it is readable and that '/var/www/vhosts/saratogahistory.com/httpdocs/phpBB/' is executable, referer: http://www.saratogahistory.com/phpBB/index.php
[Wed Aug 26 15:09:10.897818 2020] [core:crit] [pid 6888:tid 140619324303104] (13)Permission denied: [client 77.83.175.161:38712] AH00529: /var/www/vhosts/saratogahistory.com/httpdocs/phpBB/.htaccess pcfg_openfile: unable to check htaccess file, ensure it is readable and that '/var/www/vhosts/saratogahistory.com/httpdocs/phpBB/' is executable, referer: http://www.saratogahistory.com/phpBB/index.php
[Wed Aug 26 15:23:27.619789 2020] [core:crit] [pid 6888:tid 140619219404544] (13)Permission denied: [client 46.246.65.141:52542] AH00529: /var/www/vhosts/saratogahistory.com/httpdocs/phpBB/.htaccess pcfg_openfile: unable to check htaccess file, ensure it is readable and that '/var/www/vhosts/saratogahistory.com/httpdocs/phpBB/' is executable, referer: http://www.saratogahistory.com/phpBB/index.php
[Wed Aug 26 15:44:36.793381 2020] [core:crit] [pid 6888:tid 140619187934976] (13)Permission denied: [client 46.246.65.141:55914] AH00529: /var/www/vhosts/saratogahistory.com/httpdocs/phpBB/.htaccess pcfg_openfile: unable to check htaccess file, ensure it is readable and that '/var/www/vhosts/saratogahistory.com/httpdocs/phpBB/' is executable, referer: http://www.saratogahistory.com/phpBB/index.php
[Wed Aug 26 16:15:29.354722 2020] [core:crit] [pid 6888:tid 140619282343680] (13)Permission denied: [client 198.144.149.253:40584] AH00529: /var/www/vhosts/saratogahistory.com/httpdocs/phpBB/.htaccess pcfg_openfile: unable to check htaccess file, ensure it is readable and that '/var/www/vhosts/saratogahistory.com/httpdocs/phpBB/' is executable, referer: http://www.saratogahistory.com/phpBB/index.php
[Wed Aug 26 16:42:15.143478 2020] [core:crit] [pid 32325:tid 140619271853824] (13)Permission denied: [client 134.90.149.147:38338] AH00529: /var/www/vhosts/saratogahistory.com/httpdocs/phpBB/.htaccess pcfg_openfile: unable to check htaccess file, ensure it is readable and that '/var/www/vhosts/saratogahistory.com/httpdocs/phpBB/' is executable, referer: http://www.saratogahistory.com/phpBB/
[Wed Aug 26 17:06:48.352966 2020] [core:crit] [pid 6888:tid 140619282343680] (13)Permission denied: [client 203.133.169.112:54988] AH00529: /var/www/vhosts/saratogahistory.com/httpdocs/phpBB/.htaccess pcfg_openfile: unable to check htaccess file, ensure it is readable and that '/var/www/vhosts/saratogahistory.com/httpdocs/phpBB/' is executable
[Wed Aug 26 17:06:53.224494 2020] [core:crit] [pid 6888:tid 140619240384256] (13)Permission denied: [client 203.133.169.112:55284] AH00529: /var/www/vhosts/saratogahistory.com/httpdocs/phpBB/.htaccess pcfg_openfile: unable to check htaccess file, ensure it is readable and that '/var/www/vhosts/saratogahistory.com/httpdocs/phpBB/' is executable
[Wed Aug 26 17:06:58.243802 2020] [core:crit] [pid 6888:tid 140619187934976] (13)Permission denied: [client 203.133.169.112:55548] AH00529: /var/www/vhosts/saratogahistory.com/httpdocs/phpBB/.htaccess pcfg_openfile: unable to check htaccess file, ensure it is readable and that '/var/www/vhosts/saratogahistory.com/httpdocs/phpBB/' is executable
[Wed Aug 26 17:07:03.229779 2020] [core:crit] [pid 32352:tid 140619261363968] (13)Permission denied: [client 203.133.169.112:55786] AH00529: /var/www/vhosts/saratogahistory.com/httpdocs/phpBB/.htaccess pcfg_openfile: unable to check htaccess file, ensure it is readable and that '/var/www/vhosts/saratogahistory.com/httpdocs/phpBB/' is executable
[Wed Aug 26 17:07:08.141163 2020] [core:crit] [pid 6888:tid 140619261363968] (13)Permission denied: [client 203.133.169.112:55980] AH00529: /var/www/vhosts/saratogahistory.com/httpdocs/phpBB/.htaccess pcfg_openfile: unable to check htaccess file, ensure it is readable and that '/var/www/vhosts/saratogahistory.com/httpdocs/phpBB/' is executable
[Wed Aug 26 17:07:13.190358 2020] [core:crit] [pid 32352:tid 140619324303104] (13)Permission denied: [client 203.133.169.112:56208] AH00529: /var/www/vhosts/saratogahistory.com/httpdocs/phpBB/.htaccess pcfg_openfile: unable to check htaccess file, ensure it is readable and that '/var/www/vhosts/saratogahistory.com/httpdocs/phpBB/' is executable
[Wed Aug 26 17:07:18.434648 2020] [core:crit] [pid 6888:tid 140619229894400] (13)Permission denied: [client 203.133.169.112:56464] AH00529: /var/www/vhosts/saratogahistory.com/httpdocs/phpBB/.htaccess pcfg_openfile: unable to check htaccess file, ensure it is readable and that '/var/www/vhosts/saratogahistory.com/httpdocs/phpBB/' is executable
[Wed Aug 26 17:07:23.429709 2020] [core:crit] [pid 6888:tid 140619208914688] (13)Permission denied: [client 203.133.169.112:56686] AH00529: /var/www/vhosts/saratogahistory.com/httpdocs/phpBB/.htaccess pcfg_openfile: unable to check htaccess file, ensure it is readable and that '/var/www/vhosts/saratogahistory.com/httpdocs/phpBB/' is executable
[Wed Aug 26 17:07:28.342938 2020] [core:crit] [pid 6888:tid 140619156465408] (13)Permission denied: [client 203.133.169.112:56896] AH00529: /var/www/vhosts/saratogahistory.com/httpdocs/phpBB/.htaccess pcfg_openfile: unable to check htaccess file, ensure it is readable and that '/var/www/vhosts/saratogahistory.com/httpdocs/phpBB/' is executable
[Wed Aug 26 17:07:33.245237 2020] [core:crit] [pid 6888:tid 140619219404544] (13)Permission denied: [client 203.133.169.112:57076] AH00529: /var/www/vhosts/saratogahistory.com/httpdocs/phpBB/.htaccess pcfg_openfile: unable to check htaccess file, ensure it is readable and that '/var/www/vhosts/saratogahistory.com/httpdocs/phpBB/' is executable
[Wed Aug 26 17:07:38.256529 2020] [core:crit] [pid 6888:tid 140619124995840] (13)Permission denied: [client 203.133.169.112:57372] AH00529: /var/www/vhosts/saratogahistory.com/httpdocs/phpBB/.htaccess pcfg_openfile: unable to check htaccess file, ensure it is readable and that '/var/www/vhosts/saratogahistory.com/httpdocs/phpBB/' is executable
[Wed Aug 26 17:07:43.146877 2020] [core:crit] [pid 6888:tid 140619177445120] (13)Permission denied: [client 203.133.169.112:57654] AH00529: /var/www/vhosts/saratogahistory.com/httpdocs/phpBB/.htaccess pcfg_openfile: unable to check htaccess file, ensure it is readable and that '/var/www/vhosts/saratogahistory.com/httpdocs/phpBB/' is executable
[Wed Aug 26 17:07:48.086238 2020] [core:crit] [pid 6888:tid 140619145975552] (13)Permission denied: [client 203.133.169.112:57954] AH00529: /var/www/vhosts/saratogahistory.com/httpdocs/phpBB/.htaccess pcfg_openfile: unable to check htaccess file, ensure it is readable and that '/var/www/vhosts/saratogahistory.com/httpdocs/phpBB/' is executable
[Wed Aug 26 17:07:53.271847 2020] [core:crit] [pid 6888:tid 140619166955264] (13)Permission denied: [client 203.133.169.112:58204] AH00529: /var/www/vhosts/saratogahistory.com/httpdocs/phpBB/.htaccess pcfg_openfile: unable to check htaccess file, ensure it is readable and that '/var/www/vhosts/saratogahistory.com/httpdocs/phpBB/' is executable
[Wed Aug 26 17:07:58.199968 2020] [core:crit] [pid 32352:tid 140619240384256] (13)Permission denied: [client 203.133.169.112:58468] AH00529: /var/www/vhosts/saratogahistory.com/httpdocs/phpBB/.htaccess pcfg_openfile: unable to check htaccess file, ensure it is readable and that '/var/www/vhosts/saratogahistory.com/httpdocs/phpBB/' is executable
[Wed Aug 26 17:08:03.080656 2020] [core:crit] [pid 6888:tid 140619355772672] (13)Permission denied: [client 203.133.169.112:58686] AH00529: /var/www/vhosts/saratogahistory.com/httpdocs/phpBB/.htaccess pcfg_openfile: unable to check htaccess file, ensure it is readable and that '/var/www/vhosts/saratogahistory.com/httpdocs/phpBB/' is executable
[Wed Aug 26 17:08:08.060618 2020] [core:crit] [pid 32352:tid 140619355772672] (13)Permission denied: [client 203.133.169.112:58912] AH00529: /var/www/vhosts/saratogahistory.com/httpdocs/phpBB/.htaccess pcfg_openfile: unable to check htaccess file, ensure it is readable and that '/var/www/vhosts/saratogahistory.com/httpdocs/phpBB/' is executable
[Wed Aug 26 17:08:13.051814 2020] [core:crit] [pid 6888:tid 140619135485696] (13)Permission denied: [client 203.133.169.112:59092] AH00529: /var/www/vhosts/saratogahistory.com/httpdocs/phpBB/.htaccess pcfg_openfile: unable to check htaccess file, ensure it is readable and that '/var/www/vhosts/saratogahistory.com/httpdocs/phpBB/' is executable
[Wed Aug 26 17:12:27.458078 2020] [proxy_fcgi:error] [pid 6888:tid 140619313813248] [client 70.88.133.182:42978] AH01071: Got error 'Primary script unknown\n', referer: http://saratogahistory.com/wp-login.php
[Wed Aug 26 17:22:00.702944 2020] [core:crit] [pid 32325:tid 140619219404544] (13)Permission denied: [client 45.157.138.108:42820] AH00529: /var/www/vhosts/saratogahistory.com/httpdocs/phpBB/.htaccess pcfg_openfile: unable to check htaccess file, ensure it is readable and that '/var/www/vhosts/saratogahistory.com/httpdocs/phpBB/' is executable, referer: http://www.saratogahistory.com/phpBB/index.php
[Wed Aug 26 17:55:36.366800 2020] [core:crit] [pid 6888:tid 140619124995840] (13)Permission denied: [client 5.189.239.157:50660] AH00529: /var/www/vhosts/saratogahistory.com/httpdocs/phpBB/.htaccess pcfg_openfile: unable to check htaccess file, ensure it is readable and that '/var/www/vhosts/saratogahistory.com/httpdocs/phpBB/' is executable, referer: http://www.saratogahistory.com/phpBB/viewtopic.php?p=880&sid=544b674311f2203c019ee535033386a0
[Wed Aug 26 18:05:03.258733 2020] [core:crit] [pid 32325:tid 140619166955264] (13)Permission denied: [client 198.144.149.253:46860] AH00529: /var/www/vhosts/saratogahistory.com/httpdocs/phpBB/.htaccess pcfg_openfile: unable to check htaccess file, ensure it is readable and that '/var/www/vhosts/saratogahistory.com/httpdocs/phpBB/' is executable, referer: http://www.saratogahistory.com/phpBB/index.php
[Wed Aug 26 18:38:44.393745 2020] [core:crit] [pid 32325:tid 140619334792960] (13)Permission denied: [client 185.25.35.9:51788] AH00529: /var/www/vhosts/saratogahistory.com/httpdocs/phpBB/.htaccess pcfg_openfile: unable to check htaccess file, ensure it is readable and that '/var/www/vhosts/saratogahistory.com/httpdocs/phpBB/' is executable
[Wed Aug 26 18:41:34.689896 2020] [core:crit] [pid 32352:tid 140619376752384] (13)Permission denied: [client 185.220.100.254:59756] AH00529: /var/www/vhosts/saratogahistory.com/httpdocs/phpBB/.htaccess pcfg_openfile: unable to check htaccess file, ensure it is readable and that '/var/www/vhosts/saratogahistory.com/httpdocs/phpBB/' is executable, referer: http://www.saratogahistory.com/phpBB/index.php
[Wed Aug 26 18:42:02.004476 2020] [core:crit] [pid 32352:tid 140619187934976] (13)Permission denied: [client 46.246.65.141:32882] AH00529: /var/www/vhosts/saratogahistory.com/httpdocs/phpBB/.htaccess pcfg_openfile: unable to check htaccess file, ensure it is readable and that '/var/www/vhosts/saratogahistory.com/httpdocs/phpBB/' is executable, referer: http://www.saratogahistory.com/phpBB/index.php
[Wed Aug 26 18:52:43.902865 2020] [core:crit] [pid 32352:tid 140619303323392] (13)Permission denied: [client 66.249.66.23:33608] AH00529: /var/www/vhosts/saratogahistory.com/httpdocs/phpBB/.htaccess pcfg_openfile: unable to check htaccess file, ensure it is readable and that '/var/www/vhosts/saratogahistory.com/httpdocs/phpBB/' is executable
[Wed Aug 26 19:11:17.528270 2020] [core:crit] [pid 32352:tid 140619198424832] (13)Permission denied: [client 95.31.1.30:55056] AH00529: /var/www/vhosts/saratogahistory.com/httpdocs/phpBB/.htaccess pcfg_openfile: unable to check htaccess file, ensure it is readable and that '/var/www/vhosts/saratogahistory.com/httpdocs/phpBB/' is executable, referer: http://www.saratogahistory.com/phpBB/index.php
[Wed Aug 26 19:27:12.995249 2020] [core:crit] [pid 6888:tid 140619208914688] (13)Permission denied: [client 176.107.183.146:42678] AH00529: /var/www/vhosts/saratogahistory.com/httpdocs/phpBB/.htaccess pcfg_openfile: unable to check htaccess file, ensure it is readable and that '/var/www/vhosts/saratogahistory.com/httpdocs/phpBB/' is executable, referer: http://www.saratogahistory.com/phpBB/index.php
[Wed Aug 26 19:44:16.317889 2020] [core:crit] [pid 32325:tid 140619177445120] (13)Permission denied: [client 185.25.35.14:59796] AH00529: /var/www/vhosts/saratogahistory.com/httpdocs/phpBB/.htaccess pcfg_openfile: unable to check htaccess file, ensure it is readable and that '/var/www/vhosts/saratogahistory.com/httpdocs/phpBB/' is executable
[Wed Aug 26 19:46:18.874929 2020] [core:crit] [pid 32352:tid 140619198424832] (13)Permission denied: [client 46.246.65.141:36882] AH00529: /var/www/vhosts/saratogahistory.com/httpdocs/phpBB/.htaccess pcfg_openfile: unable to check htaccess file, ensure it is readable and that '/var/www/vhosts/saratogahistory.com/httpdocs/phpBB/' is executable, referer: http://www.saratogahistory.com/phpBB/index.php
[Wed Aug 26 20:13:58.148326 2020] [core:crit] [pid 6888:tid 140619145975552] (13)Permission denied: [client 5.188.210.20:51428] AH00529: /var/www/vhosts/saratogahistory.com/httpdocs/phpBB/.htaccess pcfg_openfile: unable to check htaccess file, ensure it is readable and that '/var/www/vhosts/saratogahistory.com/httpdocs/phpBB/' is executable, referer: http://www.saratogahistory.com/phpBB/index.php
[Wed Aug 26 20:20:46.166675 2020] [core:crit] [pid 32325:tid 140619313813248] (13)Permission denied: [client 185.25.35.12:41064] AH00529: /var/www/vhosts/saratogahistory.com/httpdocs/phpBB/.htaccess pcfg_openfile: unable to check htaccess file, ensure it is readable and that '/var/www/vhosts/saratogahistory.com/httpdocs/phpBB/' is executable
[Wed Aug 26 20:37:42.574772 2020] [core:crit] [pid 6888:tid 140619376752384] (13)Permission denied: [client 203.133.169.112:57290] AH00529: /var/www/vhosts/saratogahistory.com/httpdocs/phpBB/.htaccess pcfg_openfile: unable to check htaccess file, ensure it is readable and that '/var/www/vhosts/saratogahistory.com/httpdocs/phpBB/' is executable
[Wed Aug 26 20:37:47.469662 2020] [core:crit] [pid 6888:tid 140619334792960] (13)Permission denied: [client 203.133.169.112:57548] AH00529: /var/www/vhosts/saratogahistory.com/httpdocs/phpBB/.htaccess pcfg_openfile: unable to check htaccess file, ensure it is readable and that '/var/www/vhosts/saratogahistory.com/httpdocs/phpBB/' is executable
[Wed Aug 26 20:37:52.367244 2020] [core:crit] [pid 6888:tid 140619313813248] (13)Permission denied: [client 203.133.169.112:57796] AH00529: /var/www/vhosts/saratogahistory.com/httpdocs/phpBB/.htaccess pcfg_openfile: unable to check htaccess file, ensure it is readable and that '/var/www/vhosts/saratogahistory.com/httpdocs/phpBB/' is executable
[Wed Aug 26 20:37:57.381335 2020] [core:crit] [pid 32352:tid 140619166955264] (13)Permission denied: [client 203.133.169.112:58022] AH00529: /var/www/vhosts/saratogahistory.com/httpdocs/phpBB/.htaccess pcfg_openfile: unable to check htaccess file, ensure it is readable and that '/var/www/vhosts/saratogahistory.com/httpdocs/phpBB/' is executable
[Wed Aug 26 20:38:02.375048 2020] [core:crit] [pid 6888:tid 140619229894400] (13)Permission denied: [client 203.133.169.112:58356] AH00529: /var/www/vhosts/saratogahistory.com/httpdocs/phpBB/.htaccess pcfg_openfile: unable to check htaccess file, ensure it is readable and that '/var/www/vhosts/saratogahistory.com/httpdocs/phpBB/' is executable
[Wed Aug 26 20:38:07.359214 2020] [core:crit] [pid 6888:tid 140619208914688] (13)Permission denied: [client 203.133.169.112:58712] AH00529: /var/www/vhosts/saratogahistory.com/httpdocs/phpBB/.htaccess pcfg_openfile: unable to check htaccess file, ensure it is readable and that '/var/www/vhosts/saratogahistory.com/httpdocs/phpBB/' is executable
[Wed Aug 26 20:38:12.457264 2020] [core:crit] [pid 6888:tid 140619156465408] (13)Permission denied: [client 203.133.169.112:59040] AH00529: /var/www/vhosts/saratogahistory.com/httpdocs/phpBB/.htaccess pcfg_openfile: unable to check htaccess file, ensure it is readable and that '/var/www/vhosts/saratogahistory.com/httpdocs/phpBB/' is executable
[Wed Aug 26 20:38:17.348162 2020] [core:crit] [pid 6888:tid 140619219404544] (13)Permission denied: [client 203.133.169.112:59274] AH00529: /var/www/vhosts/saratogahistory.com/httpdocs/phpBB/.htaccess pcfg_openfile: unable to check htaccess file, ensure it is readable and that '/var/www/vhosts/saratogahistory.com/httpdocs/phpBB/' is executable
[Wed Aug 26 20:38:22.242834 2020] [core:crit] [pid 32325:tid 140619366262528] (13)Permission denied: [client 203.133.169.112:59492] AH00529: /var/www/vhosts/saratogahistory.com/httpdocs/phpBB/.htaccess pcfg_openfile: unable to check htaccess file, ensure it is readable and that '/var/www/vhosts/saratogahistory.com/httpdocs/phpBB/' is executable
[Wed Aug 26 20:38:27.127518 2020] [core:crit] [pid 6888:tid 140619124995840] (13)Permission denied: [client 203.133.169.112:59716] AH00529: /var/www/vhosts/saratogahistory.com/httpdocs/phpBB/.htaccess pcfg_openfile: unable to check htaccess file, ensure it is readable and that '/var/www/vhosts/saratogahistory.com/httpdocs/phpBB/' is executable
[Wed Aug 26 20:38:32.014557 2020] [core:crit] [pid 32352:tid 140619261363968] (13)Permission denied: [client 203.133.169.112:59932] AH00529: /var/www/vhosts/saratogahistory.com/httpdocs/phpBB/.htaccess pcfg_openfile: unable to check htaccess file, ensure it is readable and that '/var/www/vhosts/saratogahistory.com/httpdocs/phpBB/' is executable
[Wed Aug 26 20:38:36.934073 2020] [core:crit] [pid 32352:tid 140619324303104] (13)Permission denied: [client 203.133.169.112:60110] AH00529: /var/www/vhosts/saratogahistory.com/httpdocs/phpBB/.htaccess pcfg_openfile: unable to check htaccess file, ensure it is readable and that '/var/www/vhosts/saratogahistory.com/httpdocs/phpBB/' is executable
[Wed Aug 26 20:38:41.916365 2020] [core:crit] [pid 32352:tid 140619240384256] (13)Permission denied: [client 203.133.169.112:60346] AH00529: /var/www/vhosts/saratogahistory.com/httpdocs/phpBB/.htaccess pcfg_openfile: unable to check htaccess file, ensure it is readable and that '/var/www/vhosts/saratogahistory.com/httpdocs/phpBB/' is executable
[Wed Aug 26 20:38:46.807059 2020] [core:crit] [pid 32352:tid 140619355772672] (13)Permission denied: [client 203.133.169.112:60550] AH00529: /var/www/vhosts/saratogahistory.com/httpdocs/phpBB/.htaccess pcfg_openfile: unable to check htaccess file, ensure it is readable and that '/var/www/vhosts/saratogahistory.com/httpdocs/phpBB/' is executable
[Wed Aug 26 20:38:51.815792 2020] [core:crit] [pid 32325:tid 140619261363968] (13)Permission denied: [client 203.133.169.112:60746] AH00529: /var/www/vhosts/saratogahistory.com/httpdocs/phpBB/.htaccess pcfg_openfile: unable to check htaccess file, ensure it is readable and that '/var/www/vhosts/saratogahistory.com/httpdocs/phpBB/' is executable
[Wed Aug 26 20:38:56.707139 2020] [core:crit] [pid 6888:tid 140619177445120] (13)Permission denied: [client 203.133.169.112:60914] AH00529: /var/www/vhosts/saratogahistory.com/httpdocs/phpBB/.htaccess pcfg_openfile: unable to check htaccess file, ensure it is readable and that '/var/www/vhosts/saratogahistory.com/httpdocs/phpBB/' is executable
[Wed Aug 26 20:39:01.627518 2020] [core:crit] [pid 6888:tid 140619145975552] (13)Permission denied: [client 203.133.169.112:32850] AH00529: /var/www/vhosts/saratogahistory.com/httpdocs/phpBB/.htaccess pcfg_openfile: unable to check htaccess file, ensure it is readable and that '/var/www/vhosts/saratogahistory.com/httpdocs/phpBB/' is executable
[Wed Aug 26 20:39:06.575193 2020] [core:crit] [pid 6888:tid 140619166955264] (13)Permission denied: [client 203.133.169.112:33018] AH00529: /var/www/vhosts/saratogahistory.com/httpdocs/phpBB/.htaccess pcfg_openfile: unable to check htaccess file, ensure it is readable and that '/var/www/vhosts/saratogahistory.com/httpdocs/phpBB/' is executable
[Wed Aug 26 20:39:11.574065 2020] [core:crit] [pid 6888:tid 140619355772672] (13)Permission denied: [client 203.133.169.112:33152] AH00529: /var/www/vhosts/saratogahistory.com/httpdocs/phpBB/.htaccess pcfg_openfile: unable to check htaccess file, ensure it is readable and that '/var/www/vhosts/saratogahistory.com/httpdocs/phpBB/' is executable
[Wed Aug 26 20:39:16.482124 2020] [core:crit] [pid 32352:tid 140619250874112] (13)Permission denied: [client 203.133.169.112:33348] AH00529: /var/www/vhosts/saratogahistory.com/httpdocs/phpBB/.htaccess pcfg_openfile: unable to check htaccess file, ensure it is readable and that '/var/www/vhosts/saratogahistory.com/httpdocs/phpBB/' is executable
[Wed Aug 26 20:39:21.633051 2020] [core:crit] [pid 32352:tid 140619208914688] (13)Permission denied: [client 203.133.169.112:33524] AH00529: /var/www/vhosts/saratogahistory.com/httpdocs/phpBB/.htaccess pcfg_openfile: unable to check htaccess file, ensure it is readable and that '/var/www/vhosts/saratogahistory.com/httpdocs/phpBB/' is executable
[Wed Aug 26 20:39:26.612319 2020] [core:crit] [pid 6888:tid 140619135485696] (13)Permission denied: [client 203.133.169.112:33704] AH00529: /var/www/vhosts/saratogahistory.com/httpdocs/phpBB/.htaccess pcfg_openfile: unable to check htaccess file, ensure it is readable and that '/var/www/vhosts/saratogahistory.com/httpdocs/phpBB/' is executable
[Wed Aug 26 20:39:31.518967 2020] [core:crit] [pid 32352:tid 140619229894400] (13)Permission denied: [client 203.133.169.112:33892] AH00529: /var/www/vhosts/saratogahistory.com/httpdocs/phpBB/.htaccess pcfg_openfile: unable to check htaccess file, ensure it is readable and that '/var/www/vhosts/saratogahistory.com/httpdocs/phpBB/' is executable
[Wed Aug 26 20:39:36.410173 2020] [core:crit] [pid 6888:tid 140619376752384] (13)Permission denied: [client 203.133.169.112:34068] AH00529: /var/www/vhosts/saratogahistory.com/httpdocs/phpBB/.htaccess pcfg_openfile: unable to check htaccess file, ensure it is readable and that '/var/www/vhosts/saratogahistory.com/httpdocs/phpBB/' is executable
[Wed Aug 26 20:39:51.358959 2020] [core:crit] [pid 6888:tid 140619313813248] (13)Permission denied: [client 185.25.35.14:34562] AH00529: /var/www/vhosts/saratogahistory.com/httpdocs/phpBB/.htaccess pcfg_openfile: unable to check htaccess file, ensure it is readable and that '/var/www/vhosts/saratogahistory.com/httpdocs/phpBB/' is executable
[Wed Aug 26 21:53:13.921871 2020] [core:crit] [pid 32352:tid 140619198424832] (13)Permission denied: [client 46.246.65.141:59594] AH00529: /var/www/vhosts/saratogahistory.com/httpdocs/phpBB/.htaccess pcfg_openfile: unable to check htaccess file, ensure it is readable and that '/var/www/vhosts/saratogahistory.com/httpdocs/phpBB/' is executable, referer: http://www.saratogahistory.com/phpBB/index.php
[Wed Aug 26 22:24:26.586678 2020] [core:crit] [pid 6888:tid 140619229894400] (13)Permission denied: [client 199.195.250.77:58628] AH00529: /var/www/vhosts/saratogahistory.com/httpdocs/phpBB/.htaccess pcfg_openfile: unable to check htaccess file, ensure it is readable and that '/var/www/vhosts/saratogahistory.com/httpdocs/phpBB/' is executable, referer: http://www.saratogahistory.com/phpBB/index.php
[Wed Aug 26 23:40:56.795916 2020] [core:crit] [pid 6888:tid 140619156465408] (13)Permission denied: [client 46.246.65.141:33060] AH00529: /var/www/vhosts/saratogahistory.com/httpdocs/phpBB/.htaccess pcfg_openfile: unable to check htaccess file, ensure it is readable and that '/var/www/vhosts/saratogahistory.com/httpdocs/phpBB/' is executable, referer: http://www.saratogahistory.com/phpBB/index.php
[Wed Aug 26 23:54:03.559957 2020] [core:crit] [pid 32352:tid 140619355772672] (13)Permission denied: [client 203.133.169.112:37098] AH00529: /var/www/vhosts/saratogahistory.com/httpdocs/phpBB/.htaccess pcfg_openfile: unable to check htaccess file, ensure it is readable and that '/var/www/vhosts/saratogahistory.com/httpdocs/phpBB/' is executable
[Wed Aug 26 23:54:08.442607 2020] [core:crit] [pid 6888:tid 140619303323392] (13)Permission denied: [client 203.133.169.112:37292] AH00529: /var/www/vhosts/saratogahistory.com/httpdocs/phpBB/.htaccess pcfg_openfile: unable to check htaccess file, ensure it is readable and that '/var/www/vhosts/saratogahistory.com/httpdocs/phpBB/' is executable
[Wed Aug 26 23:54:13.330363 2020] [core:crit] [pid 6888:tid 140619324303104] (13)Permission denied: [client 203.133.169.112:37444] AH00529: /var/www/vhosts/saratogahistory.com/httpdocs/phpBB/.htaccess pcfg_openfile: unable to check htaccess file, ensure it is readable and that '/var/www/vhosts/saratogahistory.com/httpdocs/phpBB/' is executable
[Wed Aug 26 23:54:18.237432 2020] [core:crit] [pid 32352:tid 140619250874112] (13)Permission denied: [client 203.133.169.112:37726] AH00529: /var/www/vhosts/saratogahistory.com/httpdocs/phpBB/.htaccess pcfg_openfile: unable to check htaccess file, ensure it is readable and that '/var/www/vhosts/saratogahistory.com/httpdocs/phpBB/' is executable
[Wed Aug 26 23:54:23.231858 2020] [core:crit] [pid 6888:tid 140619366262528] (13)Permission denied: [client 203.133.169.112:37914] AH00529: /var/www/vhosts/saratogahistory.com/httpdocs/phpBB/.htaccess pcfg_openfile: unable to check htaccess file, ensure it is readable and that '/var/www/vhosts/saratogahistory.com/httpdocs/phpBB/' is executable
[Wed Aug 26 23:54:28.151478 2020] [core:crit] [pid 32352:tid 140619208914688] (13)Permission denied: [client 203.133.169.112:38054] AH00529: /var/www/vhosts/saratogahistory.com/httpdocs/phpBB/.htaccess pcfg_openfile: unable to check htaccess file, ensure it is readable and that '/var/www/vhosts/saratogahistory.com/httpdocs/phpBB/' is executable
[Wed Aug 26 23:54:33.050703 2020] [core:crit] [pid 6888:tid 140619271853824] (13)Permission denied: [client 203.133.169.112:38218] AH00529: /var/www/vhosts/saratogahistory.com/httpdocs/phpBB/.htaccess pcfg_openfile: unable to check htaccess file, ensure it is readable and that '/var/www/vhosts/saratogahistory.com/httpdocs/phpBB/' is executable
[Wed Aug 26 23:54:38.251559 2020] [core:crit] [pid 32325:tid 140619282343680] (13)Permission denied: [client 203.133.169.112:38416] AH00529: /var/www/vhosts/saratogahistory.com/httpdocs/phpBB/.htaccess pcfg_openfile: unable to check htaccess file, ensure it is readable and that '/var/www/vhosts/saratogahistory.com/httpdocs/phpBB/' is executable
[Wed Aug 26 23:54:43.185261 2020] [core:crit] [pid 6888:tid 140619198424832] (13)Permission denied: [client 203.133.169.112:38660] AH00529: /var/www/vhosts/saratogahistory.com/httpdocs/phpBB/.htaccess pcfg_openfile: unable to check htaccess file, ensure it is readable and that '/var/www/vhosts/saratogahistory.com/httpdocs/phpBB/' is executable
[Wed Aug 26 23:54:48.091959 2020] [core:crit] [pid 6888:tid 140619250874112] (13)Permission denied: [client 203.133.169.112:38854] AH00529: /var/www/vhosts/saratogahistory.com/httpdocs/phpBB/.htaccess pcfg_openfile: unable to check htaccess file, ensure it is readable and that '/var/www/vhosts/saratogahistory.com/httpdocs/phpBB/' is executable
[Wed Aug 26 23:54:53.088323 2020] [core:crit] [pid 32352:tid 140619229894400] (13)Permission denied: [client 203.133.169.112:39034] AH00529: /var/www/vhosts/saratogahistory.com/httpdocs/phpBB/.htaccess pcfg_openfile: unable to check htaccess file, ensure it is readable and that '/var/www/vhosts/saratogahistory.com/httpdocs/phpBB/' is executable
[Wed Aug 26 23:54:58.101764 2020] [core:crit] [pid 32352:tid 140619334792960] (13)Permission denied: [client 203.133.169.112:39240] AH00529: /var/www/vhosts/saratogahistory.com/httpdocs/phpBB/.htaccess pcfg_openfile: unable to check htaccess file, ensure it is readable and that '/var/www/vhosts/saratogahistory.com/httpdocs/phpBB/' is executable
[Wed Aug 26 23:55:03.092340 2020] [core:crit] [pid 32352:tid 140619366262528] (13)Permission denied: [client 203.133.169.112:39664] AH00529: /var/www/vhosts/saratogahistory.com/httpdocs/phpBB/.htaccess pcfg_openfile: unable to check htaccess file, ensure it is readable and that '/var/www/vhosts/saratogahistory.com/httpdocs/phpBB/' is executable
[Wed Aug 26 23:55:08.088255 2020] [core:crit] [pid 32352:tid 140619376752384] (13)Permission denied: [client 203.133.169.112:39860] AH00529: /var/www/vhosts/saratogahistory.com/httpdocs/phpBB/.htaccess pcfg_openfile: unable to check htaccess file, ensure it is readable and that '/var/www/vhosts/saratogahistory.com/httpdocs/phpBB/' is executable
[Wed Aug 26 23:55:13.192590 2020] [core:crit] [pid 6888:tid 140619345282816] (13)Permission denied: [client 203.133.169.112:40028] AH00529: /var/www/vhosts/saratogahistory.com/httpdocs/phpBB/.htaccess pcfg_openfile: unable to check htaccess file, ensure it is readable and that '/var/www/vhosts/saratogahistory.com/httpdocs/phpBB/' is executable
[Wed Aug 26 23:55:18.127106 2020] [core:crit] [pid 6888:tid 140619282343680] (13)Permission denied: [client 203.133.169.112:40220] AH00529: /var/www/vhosts/saratogahistory.com/httpdocs/phpBB/.htaccess pcfg_openfile: unable to check htaccess file, ensure it is readable and that '/var/www/vhosts/saratogahistory.com/httpdocs/phpBB/' is executable
[Wed Aug 26 23:55:23.110682 2020] [core:crit] [pid 6888:tid 140619240384256] (13)Permission denied: [client 203.133.169.112:40466] AH00529: /var/www/vhosts/saratogahistory.com/httpdocs/phpBB/.htaccess pcfg_openfile: unable to check htaccess file, ensure it is readable and that '/var/www/vhosts/saratogahistory.com/httpdocs/phpBB/' is executable
[Wed Aug 26 23:55:28.001674 2020] [core:crit] [pid 6888:tid 140619187934976] (13)Permission denied: [client 203.133.169.112:40710] AH00529: /var/www/vhosts/saratogahistory.com/httpdocs/phpBB/.htaccess pcfg_openfile: unable to check htaccess file, ensure it is readable and that '/var/www/vhosts/saratogahistory.com/httpdocs/phpBB/' is executable
[Wed Aug 26 23:55:32.963019 2020] [core:crit] [pid 6888:tid 140619261363968] (13)Permission denied: [client 203.133.169.112:40924] AH00529: /var/www/vhosts/saratogahistory.com/httpdocs/phpBB/.htaccess pcfg_openfile: unable to check htaccess file, ensure it is readable and that '/var/www/vhosts/saratogahistory.com/httpdocs/phpBB/' is executable
[Wed Aug 26 23:55:37.844982 2020] [core:crit] [pid 32325:tid 140619271853824] (13)Permission denied: [client 203.133.169.112:41102] AH00529: /var/www/vhosts/saratogahistory.com/httpdocs/phpBB/.htaccess pcfg_openfile: unable to check htaccess file, ensure it is readable and that '/var/www/vhosts/saratogahistory.com/httpdocs/phpBB/' is executable
[Wed Aug 26 23:55:42.847875 2020] [core:crit] [pid 6888:tid 140619229894400] (13)Permission denied: [client 203.133.169.112:41334] AH00529: /var/www/vhosts/saratogahistory.com/httpdocs/phpBB/.htaccess pcfg_openfile: unable to check htaccess file, ensure it is readable and that '/var/www/vhosts/saratogahistory.com/httpdocs/phpBB/' is executable
[Wed Aug 26 23:55:47.991651 2020] [core:crit] [pid 32352:tid 140619345282816] (13)Permission denied: [client 203.133.169.112:41552] AH00529: /var/www/vhosts/saratogahistory.com/httpdocs/phpBB/.htaccess pcfg_openfile: unable to check htaccess file, ensure it is readable and that '/var/www/vhosts/saratogahistory.com/httpdocs/phpBB/' is executable
[Wed Aug 26 23:55:52.993548 2020] [core:crit] [pid 6888:tid 140619208914688] (13)Permission denied: [client 203.133.169.112:41800] AH00529: /var/www/vhosts/saratogahistory.com/httpdocs/phpBB/.htaccess pcfg_openfile: unable to check htaccess file, ensure it is readable and that '/var/www/vhosts/saratogahistory.com/httpdocs/phpBB/' is executable
[Wed Aug 26 23:55:57.970012 2020] [core:crit] [pid 6888:tid 140619156465408] (13)Permission denied: [client 203.133.169.112:42026] AH00529: /var/www/vhosts/saratogahistory.com/httpdocs/phpBB/.htaccess pcfg_openfile: unable to check htaccess file, ensure it is readable and that '/var/www/vhosts/saratogahistory.com/httpdocs/phpBB/' is executable
[Wed Aug 26 23:56:02.844464 2020] [core:crit] [pid 6888:tid 140619219404544] (13)Permission denied: [client 203.133.169.112:42268] AH00529: /var/www/vhosts/saratogahistory.com/httpdocs/phpBB/.htaccess pcfg_openfile: unable to check htaccess file, ensure it is readable and that '/var/www/vhosts/saratogahistory.com/httpdocs/phpBB/' is executable
[Wed Aug 26 23:56:07.825957 2020] [core:crit] [pid 32322:tid 140619145975552] (13)Permission denied: [client 203.133.169.112:42442] AH00529: /var/www/vhosts/saratogahistory.com/httpdocs/phpBB/.htaccess pcfg_openfile: unable to check htaccess file, ensure it is readable and that '/var/www/vhosts/saratogahistory.com/httpdocs/phpBB/' is executable
[Wed Aug 26 23:56:12.715326 2020] [core:crit] [pid 32325:tid 140619250874112] (13)Permission denied: [client 203.133.169.112:42630] AH00529: /var/www/vhosts/saratogahistory.com/httpdocs/phpBB/.htaccess pcfg_openfile: unable to check htaccess file, ensure it is readable and that '/var/www/vhosts/saratogahistory.com/httpdocs/phpBB/' is executable
[Wed Aug 26 23:56:17.704713 2020] [core:crit] [pid 32325:tid 140619334792960] (13)Permission denied: [client 203.133.169.112:42862] AH00529: /var/www/vhosts/saratogahistory.com/httpdocs/phpBB/.htaccess pcfg_openfile: unable to check htaccess file, ensure it is readable and that '/var/www/vhosts/saratogahistory.com/httpdocs/phpBB/' is executable
[Wed Aug 26 23:56:22.951293 2020] [core:crit] [pid 6888:tid 140619124995840] (13)Permission denied: [client 203.133.169.112:43082] AH00529: /var/www/vhosts/saratogahistory.com/httpdocs/phpBB/.htaccess pcfg_openfile: unable to check htaccess file, ensure it is readable and that '/var/www/vhosts/saratogahistory.com/httpdocs/phpBB/' is executable
[Wed Aug 26 23:56:27.854814 2020] [core:crit] [pid 6888:tid 140619177445120] (13)Permission denied: [client 203.133.169.112:43304] AH00529: /var/www/vhosts/saratogahistory.com/httpdocs/phpBB/.htaccess pcfg_openfile: unable to check htaccess file, ensure it is readable and that '/var/www/vhosts/saratogahistory.com/httpdocs/phpBB/' is executable
[Thu Aug 27 00:19:21.276637 2020] [core:crit] [pid 6888:tid 140619135485696] (13)Permission denied: [client 199.167.138.22:45162] AH00529: /var/www/vhosts/saratogahistory.com/httpdocs/phpBB/.htaccess pcfg_openfile: unable to check htaccess file, ensure it is readable and that '/var/www/vhosts/saratogahistory.com/httpdocs/phpBB/' is executable, referer: http://www.saratogahistory.com/phpBB/index.php
[Thu Aug 27 00:37:05.524755 2020] [core:crit] [pid 32352:tid 140619219404544] (13)Permission denied: [client 46.191.232.51:35544] AH00529: /var/www/vhosts/saratogahistory.com/httpdocs/phpBB/.htaccess pcfg_openfile: unable to check htaccess file, ensure it is readable and that '/var/www/vhosts/saratogahistory.com/httpdocs/phpBB/' is executable, referer: http://www.saratogahistory.com/phpBB/index.php
[Thu Aug 27 00:47:08.123769 2020] [core:crit] [pid 6888:tid 140619261363968] (13)Permission denied: [client 185.25.35.10:33366] AH00529: /var/www/vhosts/saratogahistory.com/httpdocs/phpBB/.htaccess pcfg_openfile: unable to check htaccess file, ensure it is readable and that '/var/www/vhosts/saratogahistory.com/httpdocs/phpBB/' is executable
[Thu Aug 27 01:29:41.428100 2020] [core:crit] [pid 6888:tid 140619376752384] (13)Permission denied: [client 89.163.239.216:37244] AH00529: /var/www/vhosts/saratogahistory.com/httpdocs/phpBB/.htaccess pcfg_openfile: unable to check htaccess file, ensure it is readable and that '/var/www/vhosts/saratogahistory.com/httpdocs/phpBB/' is executable, referer: http://www.saratogahistory.com/phpBB/index.php
[Thu Aug 27 01:34:32.558844 2020] [core:crit] [pid 6888:tid 140619345282816] (13)Permission denied: [client 151.80.47.41:49280] AH00529: /var/www/vhosts/saratogahistory.com/httpdocs/phpBB/.htaccess pcfg_openfile: unable to check htaccess file, ensure it is readable and that '/var/www/vhosts/saratogahistory.com/httpdocs/phpBB/' is executable, referer: http://www.saratogahistory.com/phpBB/index.php
[Thu Aug 27 01:34:33.500661 2020] [proxy_fcgi:error] [pid 6888:tid 140619240384256] [client 151.80.47.41:49348] AH01071: Got error 'Primary script unknown\n', referer: http://www.saratogahistory.com/index.php
[Thu Aug 27 01:34:33.746205 2020] [proxy_fcgi:error] [pid 6888:tid 140619187934976] [client 151.80.47.41:49362] AH01071: Got error 'Primary script unknown\n', referer: http://www.saratogahistory.com/index.php
[Thu Aug 27 01:34:33.954404 2020] [proxy_fcgi:error] [pid 6888:tid 140619261363968] [client 151.80.47.41:49376] AH01071: Got error 'Primary script unknown\n', referer: http://www.saratogahistory.com/index.php
[Thu Aug 27 01:38:40.375982 2020] [core:crit] [pid 6888:tid 140619229894400] (13)Permission denied: [client 176.107.182.236:59760] AH00529: /var/www/vhosts/saratogahistory.com/httpdocs/phpBB/.htaccess pcfg_openfile: unable to check htaccess file, ensure it is readable and that '/var/www/vhosts/saratogahistory.com/httpdocs/phpBB/' is executable, referer: http://www.saratogahistory.com/phpBB/index.php
[Thu Aug 27 02:07:19.189929 2020] [core:crit] [pid 6888:tid 140619303323392] (13)Permission denied: [client 185.220.100.240:56514] AH00529: /var/www/vhosts/saratogahistory.com/httpdocs/phpBB/.htaccess pcfg_openfile: unable to check htaccess file, ensure it is readable and that '/var/www/vhosts/saratogahistory.com/httpdocs/phpBB/' is executable, referer: http://www.saratogahistory.com/phpBB/index.php
[Thu Aug 27 02:18:13.669142 2020] [core:crit] [pid 6888:tid 140619376752384] (13)Permission denied: [client 185.25.35.13:33074] AH00529: /var/www/vhosts/saratogahistory.com/httpdocs/phpBB/.htaccess pcfg_openfile: unable to check htaccess file, ensure it is readable and that '/var/www/vhosts/saratogahistory.com/httpdocs/phpBB/' is executable
[Thu Aug 27 02:42:25.013344 2020] [core:crit] [pid 6888:tid 140619124995840] (13)Permission denied: [client 176.114.153.32:39146] AH00529: /var/www/vhosts/saratogahistory.com/httpdocs/phpBB/.htaccess pcfg_openfile: unable to check htaccess file, ensure it is readable and that '/var/www/vhosts/saratogahistory.com/httpdocs/phpBB/' is executable, referer: http://www.saratogahistory.com/phpBB/index.php
[Thu Aug 27 02:56:07.506619 2020] [core:crit] [pid 32352:tid 140619324303104] (13)Permission denied: [client 185.25.35.12:43036] AH00529: /var/www/vhosts/saratogahistory.com/httpdocs/phpBB/.htaccess pcfg_openfile: unable to check htaccess file, ensure it is readable and that '/var/www/vhosts/saratogahistory.com/httpdocs/phpBB/' is executable
[Thu Aug 27 03:03:34.601841 2020] [core:crit] [pid 32325:tid 140619145975552] (13)Permission denied: [client 78.138.157.42:60312] AH00529: /var/www/vhosts/saratogahistory.com/httpdocs/phpBB/.htaccess pcfg_openfile: unable to check htaccess file, ensure it is readable and that '/var/www/vhosts/saratogahistory.com/httpdocs/phpBB/' is executable, referer: http://www.saratogahistory.com/phpBB/index.php
[Thu Aug 27 03:03:35.727908 2020] [proxy_fcgi:error] [pid 32325:tid 140619313813248] [client 78.138.157.42:60366] AH01071: Got error 'Primary script unknown\n', referer: http://www.saratogahistory.com/index.php
[Thu Aug 27 03:03:36.048470 2020] [proxy_fcgi:error] [pid 32325:tid 140619135485696] [client 78.138.157.42:60372] AH01071: Got error 'Primary script unknown\n', referer: http://www.saratogahistory.com/index.php
[Thu Aug 27 03:03:36.356680 2020] [proxy_fcgi:error] [pid 32352:tid 140619355772672] [client 78.138.157.42:60386] AH01071: Got error 'Primary script unknown\n', referer: http://www.saratogahistory.com/index.php
[Thu Aug 27 03:31:39.934485 2020] [core:crit] [pid 6888:tid 140619324303104] (13)Permission denied: [client 185.25.35.10:53350] AH00529: /var/www/vhosts/saratogahistory.com/httpdocs/phpBB/.htaccess pcfg_openfile: unable to check htaccess file, ensure it is readable and that '/var/www/vhosts/saratogahistory.com/httpdocs/phpBB/' is executable
[Thu Aug 27 03:45:45.444568 2020] [core:crit] [pid 6888:tid 140619219404544] (13)Permission denied: [client 203.133.169.112:35720] AH00529: /var/www/vhosts/saratogahistory.com/httpdocs/phpBB/.htaccess pcfg_openfile: unable to check htaccess file, ensure it is readable and that '/var/www/vhosts/saratogahistory.com/httpdocs/phpBB/' is executable
[Thu Aug 27 03:45:50.461892 2020] [core:crit] [pid 32352:tid 140619166955264] (13)Permission denied: [client 203.133.169.112:35926] AH00529: /var/www/vhosts/saratogahistory.com/httpdocs/phpBB/.htaccess pcfg_openfile: unable to check htaccess file, ensure it is readable and that '/var/www/vhosts/saratogahistory.com/httpdocs/phpBB/' is executable
[Thu Aug 27 03:45:55.445661 2020] [core:crit] [pid 32352:tid 140619135485696] (13)Permission denied: [client 203.133.169.112:36168] AH00529: /var/www/vhosts/saratogahistory.com/httpdocs/phpBB/.htaccess pcfg_openfile: unable to check htaccess file, ensure it is readable and that '/var/www/vhosts/saratogahistory.com/httpdocs/phpBB/' is executable
[Thu Aug 27 03:46:00.351345 2020] [core:crit] [pid 6888:tid 140619124995840] (13)Permission denied: [client 203.133.169.112:36396] AH00529: /var/www/vhosts/saratogahistory.com/httpdocs/phpBB/.htaccess pcfg_openfile: unable to check htaccess file, ensure it is readable and that '/var/www/vhosts/saratogahistory.com/httpdocs/phpBB/' is executable
[Thu Aug 27 03:46:05.331305 2020] [core:crit] [pid 32325:tid 140619282343680] (13)Permission denied: [client 203.133.169.112:36606] AH00529: /var/www/vhosts/saratogahistory.com/httpdocs/phpBB/.htaccess pcfg_openfile: unable to check htaccess file, ensure it is readable and that '/var/www/vhosts/saratogahistory.com/httpdocs/phpBB/' is executable
[Thu Aug 27 03:46:10.346405 2020] [core:crit] [pid 6888:tid 140619177445120] (13)Permission denied: [client 203.133.169.112:36840] AH00529: /var/www/vhosts/saratogahistory.com/httpdocs/phpBB/.htaccess pcfg_openfile: unable to check htaccess file, ensure it is readable and that '/var/www/vhosts/saratogahistory.com/httpdocs/phpBB/' is executable
[Thu Aug 27 03:46:15.492103 2020] [core:crit] [pid 6888:tid 140619145975552] (13)Permission denied: [client 203.133.169.112:37000] AH00529: /var/www/vhosts/saratogahistory.com/httpdocs/phpBB/.htaccess pcfg_openfile: unable to check htaccess file, ensure it is readable and that '/var/www/vhosts/saratogahistory.com/httpdocs/phpBB/' is executable
[Thu Aug 27 03:46:20.481571 2020] [core:crit] [pid 6888:tid 140619166955264] (13)Permission denied: [client 203.133.169.112:37178] AH00529: /var/www/vhosts/saratogahistory.com/httpdocs/phpBB/.htaccess pcfg_openfile: unable to check htaccess file, ensure it is readable and that '/var/www/vhosts/saratogahistory.com/httpdocs/phpBB/' is executable
[Thu Aug 27 03:46:25.395322 2020] [core:crit] [pid 6888:tid 140619355772672] (13)Permission denied: [client 203.133.169.112:37394] AH00529: /var/www/vhosts/saratogahistory.com/httpdocs/phpBB/.htaccess pcfg_openfile: unable to check htaccess file, ensure it is readable and that '/var/www/vhosts/saratogahistory.com/httpdocs/phpBB/' is executable
[Thu Aug 27 03:46:35.462666 2020] [core:crit] [pid 6888:tid 140619376752384] (13)Permission denied: [client 203.133.169.112:37856] AH00529: /var/www/vhosts/saratogahistory.com/httpdocs/phpBB/.htaccess pcfg_openfile: unable to check htaccess file, ensure it is readable and that '/var/www/vhosts/saratogahistory.com/httpdocs/phpBB/' is executable
[Thu Aug 27 03:46:40.378504 2020] [core:crit] [pid 32352:tid 140619303323392] (13)Permission denied: [client 203.133.169.112:38084] AH00529: /var/www/vhosts/saratogahistory.com/httpdocs/phpBB/.htaccess pcfg_openfile: unable to check htaccess file, ensure it is readable and that '/var/www/vhosts/saratogahistory.com/httpdocs/phpBB/' is executable
[Thu Aug 27 03:46:45.358653 2020] [core:crit] [pid 32352:tid 140619156465408] (13)Permission denied: [client 203.133.169.112:38320] AH00529: /var/www/vhosts/saratogahistory.com/httpdocs/phpBB/.htaccess pcfg_openfile: unable to check htaccess file, ensure it is readable and that '/var/www/vhosts/saratogahistory.com/httpdocs/phpBB/' is executable
[Thu Aug 27 03:46:50.606270 2020] [core:crit] [pid 6888:tid 140619334792960] (13)Permission denied: [client 203.133.169.112:38576] AH00529: /var/www/vhosts/saratogahistory.com/httpdocs/phpBB/.htaccess pcfg_openfile: unable to check htaccess file, ensure it is readable and that '/var/www/vhosts/saratogahistory.com/httpdocs/phpBB/' is executable
[Thu Aug 27 03:46:55.503629 2020] [core:crit] [pid 6888:tid 140619313813248] (13)Permission denied: [client 203.133.169.112:38792] AH00529: /var/www/vhosts/saratogahistory.com/httpdocs/phpBB/.htaccess pcfg_openfile: unable to check htaccess file, ensure it is readable and that '/var/www/vhosts/saratogahistory.com/httpdocs/phpBB/' is executable
[Thu Aug 27 03:47:00.484409 2020] [core:crit] [pid 6888:tid 140619292833536] (13)Permission denied: [client 203.133.169.112:39016] AH00529: /var/www/vhosts/saratogahistory.com/httpdocs/phpBB/.htaccess pcfg_openfile: unable to check htaccess file, ensure it is readable and that '/var/www/vhosts/saratogahistory.com/httpdocs/phpBB/' is executable
[Thu Aug 27 03:47:05.393521 2020] [core:crit] [pid 32352:tid 140619271853824] (13)Permission denied: [client 203.133.169.112:39254] AH00529: /var/www/vhosts/saratogahistory.com/httpdocs/phpBB/.htaccess pcfg_openfile: unable to check htaccess file, ensure it is readable and that '/var/www/vhosts/saratogahistory.com/httpdocs/phpBB/' is executable
[Thu Aug 27 03:47:10.267162 2020] [core:crit] [pid 6888:tid 140619303323392] (13)Permission denied: [client 203.133.169.112:39464] AH00529: /var/www/vhosts/saratogahistory.com/httpdocs/phpBB/.htaccess pcfg_openfile: unable to check htaccess file, ensure it is readable and that '/var/www/vhosts/saratogahistory.com/httpdocs/phpBB/' is executable
[Thu Aug 27 03:47:15.173978 2020] [core:crit] [pid 6888:tid 140619324303104] (13)Permission denied: [client 203.133.169.112:39754] AH00529: /var/www/vhosts/saratogahistory.com/httpdocs/phpBB/.htaccess pcfg_openfile: unable to check htaccess file, ensure it is readable and that '/var/www/vhosts/saratogahistory.com/httpdocs/phpBB/' is executable
[Thu Aug 27 03:47:20.074874 2020] [core:crit] [pid 6888:tid 140619366262528] (13)Permission denied: [client 203.133.169.112:39954] AH00529: /var/www/vhosts/saratogahistory.com/httpdocs/phpBB/.htaccess pcfg_openfile: unable to check htaccess file, ensure it is readable and that '/var/www/vhosts/saratogahistory.com/httpdocs/phpBB/' is executable
[Thu Aug 27 03:47:25.213643 2020] [core:crit] [pid 32352:tid 140619198424832] (13)Permission denied: [client 203.133.169.112:40118] AH00529: /var/www/vhosts/saratogahistory.com/httpdocs/phpBB/.htaccess pcfg_openfile: unable to check htaccess file, ensure it is readable and that '/var/www/vhosts/saratogahistory.com/httpdocs/phpBB/' is executable
[Thu Aug 27 03:47:30.212596 2020] [core:crit] [pid 6888:tid 140619198424832] (13)Permission denied: [client 203.133.169.112:40350] AH00529: /var/www/vhosts/saratogahistory.com/httpdocs/phpBB/.htaccess pcfg_openfile: unable to check htaccess file, ensure it is readable and that '/var/www/vhosts/saratogahistory.com/httpdocs/phpBB/' is executable
[Thu Aug 27 03:47:35.220110 2020] [core:crit] [pid 6888:tid 140619250874112] (13)Permission denied: [client 203.133.169.112:40558] AH00529: /var/www/vhosts/saratogahistory.com/httpdocs/phpBB/.htaccess pcfg_openfile: unable to check htaccess file, ensure it is readable and that '/var/www/vhosts/saratogahistory.com/httpdocs/phpBB/' is executable
[Thu Aug 27 03:47:40.214800 2020] [core:crit] [pid 6888:tid 140619345282816] (13)Permission denied: [client 203.133.169.112:40774] AH00529: /var/www/vhosts/saratogahistory.com/httpdocs/phpBB/.htaccess pcfg_openfile: unable to check htaccess file, ensure it is readable and that '/var/www/vhosts/saratogahistory.com/httpdocs/phpBB/' is executable
[Thu Aug 27 03:47:50.249738 2020] [core:crit] [pid 6888:tid 140619240384256] (13)Permission denied: [client 203.133.169.112:41098] AH00529: /var/www/vhosts/saratogahistory.com/httpdocs/phpBB/.htaccess pcfg_openfile: unable to check htaccess file, ensure it is readable and that '/var/www/vhosts/saratogahistory.com/httpdocs/phpBB/' is executable
[Thu Aug 27 03:47:55.128862 2020] [core:crit] [pid 32352:tid 140619282343680] (13)Permission denied: [client 203.133.169.112:41310] AH00529: /var/www/vhosts/saratogahistory.com/httpdocs/phpBB/.htaccess pcfg_openfile: unable to check htaccess file, ensure it is readable and that '/var/www/vhosts/saratogahistory.com/httpdocs/phpBB/' is executable
[Thu Aug 27 03:48:00.114402 2020] [core:crit] [pid 6888:tid 140619261363968] (13)Permission denied: [client 203.133.169.112:41552] AH00529: /var/www/vhosts/saratogahistory.com/httpdocs/phpBB/.htaccess pcfg_openfile: unable to check htaccess file, ensure it is readable and that '/var/www/vhosts/saratogahistory.com/httpdocs/phpBB/' is executable
[Thu Aug 27 03:48:05.107233 2020] [core:crit] [pid 6888:tid 140619208914688] (13)Permission denied: [client 203.133.169.112:41790] AH00529: /var/www/vhosts/saratogahistory.com/httpdocs/phpBB/.htaccess pcfg_openfile: unable to check htaccess file, ensure it is readable and that '/var/www/vhosts/saratogahistory.com/httpdocs/phpBB/' is executable
[Thu Aug 27 03:48:10.066946 2020] [core:crit] [pid 32322:tid 140619219404544] (13)Permission denied: [client 203.133.169.112:42028] AH00529: /var/www/vhosts/saratogahistory.com/httpdocs/phpBB/.htaccess pcfg_openfile: unable to check htaccess file, ensure it is readable and that '/var/www/vhosts/saratogahistory.com/httpdocs/phpBB/' is executable
[Thu Aug 27 03:48:57.709786 2020] [core:crit] [pid 32352:tid 140619292833536] (13)Permission denied: [client 151.80.237.96:44204] AH00529: /var/www/vhosts/saratogahistory.com/httpdocs/phpBB/.htaccess pcfg_openfile: unable to check htaccess file, ensure it is readable and that '/var/www/vhosts/saratogahistory.com/httpdocs/phpBB/' is executable, referer: http://www.saratogahistory.com/phpBB/index.php
[Thu Aug 27 04:21:06.497096 2020] [core:crit] [pid 6888:tid 140619177445120] (13)Permission denied: [client 95.111.240.199:45070] AH00529: /var/www/vhosts/saratogahistory.com/httpdocs/phpBB/.htaccess pcfg_openfile: unable to check htaccess file, ensure it is readable and that '/var/www/vhosts/saratogahistory.com/httpdocs/phpBB/' is executable, referer: http://www.saratogahistory.com/phpBB/index.php
[Thu Aug 27 04:21:07.357265 2020] [proxy_fcgi:error] [pid 6888:tid 140619145975552] [client 95.111.240.199:45110] AH01071: Got error 'Primary script unknown\n', referer: http://www.saratogahistory.com/index.php
[Thu Aug 27 04:21:07.596117 2020] [proxy_fcgi:error] [pid 32325:tid 140619376752384] [client 95.111.240.199:45118] AH01071: Got error 'Primary script unknown\n', referer: http://www.saratogahistory.com/index.php
[Thu Aug 27 04:21:07.821313 2020] [proxy_fcgi:error] [pid 32352:tid 140619345282816] [client 95.111.240.199:45132] AH01071: Got error 'Primary script unknown\n', referer: http://www.saratogahistory.com/index.php
[Thu Aug 27 04:41:33.070517 2020] [core:crit] [pid 32352:tid 140619219404544] (13)Permission denied: [client 85.206.162.215:39780] AH00529: /var/www/vhosts/saratogahistory.com/httpdocs/phpBB/.htaccess pcfg_openfile: unable to check htaccess file, ensure it is readable and that '/var/www/vhosts/saratogahistory.com/httpdocs/phpBB/' is executable, referer: https://robocheck.info
[Thu Aug 27 05:06:01.331787 2020] [core:crit] [pid 6888:tid 140619240384256] (13)Permission denied: [client 188.124.42.107:44222] AH00529: /var/www/vhosts/saratogahistory.com/httpdocs/phpBB/.htaccess pcfg_openfile: unable to check htaccess file, ensure it is readable and that '/var/www/vhosts/saratogahistory.com/httpdocs/phpBB/' is executable, referer: http://www.saratogahistory.com/phpBB/index.php
[Thu Aug 27 05:06:02.690549 2020] [proxy_fcgi:error] [pid 6888:tid 140619261363968] [client 188.124.42.107:44294] AH01071: Got error 'Primary script unknown\n', referer: http://www.saratogahistory.com/index.php
[Thu Aug 27 05:06:03.054302 2020] [proxy_fcgi:error] [pid 6888:tid 140619229894400] [client 188.124.42.107:44306] AH01071: Got error 'Primary script unknown\n', referer: http://www.saratogahistory.com/index.php
[Thu Aug 27 05:06:03.416615 2020] [proxy_fcgi:error] [pid 6888:tid 140619208914688] [client 188.124.42.107:44314] AH01071: Got error 'Primary script unknown\n', referer: http://www.saratogahistory.com/index.php
[Thu Aug 27 05:37:14.693968 2020] [core:crit] [pid 32322:tid 140619177445120] (13)Permission denied: [client 46.232.251.191:36198] AH00529: /var/www/vhosts/saratogahistory.com/httpdocs/phpBB/.htaccess pcfg_openfile: unable to check htaccess file, ensure it is readable and that '/var/www/vhosts/saratogahistory.com/httpdocs/phpBB/' is executable, referer: http://www.saratogahistory.com/phpBB/index.php
[Thu Aug 27 05:53:35.765603 2020] [core:crit] [pid 6888:tid 140619219404544] (13)Permission denied: [client 178.159.37.58:47758] AH00529: /var/www/vhosts/saratogahistory.com/httpdocs/phpBB/.htaccess pcfg_openfile: unable to check htaccess file, ensure it is readable and that '/var/www/vhosts/saratogahistory.com/httpdocs/phpBB/' is executable, referer: http://www.saratogahistory.com/phpBB/index.php
[Thu Aug 27 08:03:07.433146 2020] [core:crit] [pid 32352:tid 140619198424832] (13)Permission denied: [client 185.216.195.194:58434] AH00529: /var/www/vhosts/saratogahistory.com/httpdocs/phpBB/.htaccess pcfg_openfile: unable to check htaccess file, ensure it is readable and that '/var/www/vhosts/saratogahistory.com/httpdocs/phpBB/' is executable, referer: http://www.saratogahistory.com/phpBB/index.php
[Thu Aug 27 08:08:47.300929 2020] [core:crit] [pid 6888:tid 140619355772672] (13)Permission denied: [client 203.133.169.112:41378] AH00529: /var/www/vhosts/saratogahistory.com/httpdocs/phpBB/.htaccess pcfg_openfile: unable to check htaccess file, ensure it is readable and that '/var/www/vhosts/saratogahistory.com/httpdocs/phpBB/' is executable
[Thu Aug 27 08:08:52.271299 2020] [core:crit] [pid 6888:tid 140619135485696] (13)Permission denied: [client 203.133.169.112:41512] AH00529: /var/www/vhosts/saratogahistory.com/httpdocs/phpBB/.htaccess pcfg_openfile: unable to check htaccess file, ensure it is readable and that '/var/www/vhosts/saratogahistory.com/httpdocs/phpBB/' is executable
[Thu Aug 27 08:08:57.208589 2020] [core:crit] [pid 6888:tid 140619376752384] (13)Permission denied: [client 203.133.169.112:41638] AH00529: /var/www/vhosts/saratogahistory.com/httpdocs/phpBB/.htaccess pcfg_openfile: unable to check htaccess file, ensure it is readable and that '/var/www/vhosts/saratogahistory.com/httpdocs/phpBB/' is executable
[Thu Aug 27 08:09:02.228843 2020] [core:crit] [pid 6888:tid 140619334792960] (13)Permission denied: [client 203.133.169.112:41792] AH00529: /var/www/vhosts/saratogahistory.com/httpdocs/phpBB/.htaccess pcfg_openfile: unable to check htaccess file, ensure it is readable and that '/var/www/vhosts/saratogahistory.com/httpdocs/phpBB/' is executable
[Thu Aug 27 08:09:07.160700 2020] [core:crit] [pid 32352:tid 140619124995840] (13)Permission denied: [client 203.133.169.112:41940] AH00529: /var/www/vhosts/saratogahistory.com/httpdocs/phpBB/.htaccess pcfg_openfile: unable to check htaccess file, ensure it is readable and that '/var/www/vhosts/saratogahistory.com/httpdocs/phpBB/' is executable
[Thu Aug 27 08:09:12.154532 2020] [core:crit] [pid 6888:tid 140619313813248] (13)Permission denied: [client 203.133.169.112:42082] AH00529: /var/www/vhosts/saratogahistory.com/httpdocs/phpBB/.htaccess pcfg_openfile: unable to check htaccess file, ensure it is readable and that '/var/www/vhosts/saratogahistory.com/httpdocs/phpBB/' is executable
[Thu Aug 27 08:09:26.263395 2020] [core:crit] [pid 32352:tid 140619313813248] (13)Permission denied: [client 203.133.169.112:42504] AH00529: /var/www/vhosts/saratogahistory.com/httpdocs/phpBB/.htaccess pcfg_openfile: unable to check htaccess file, ensure it is readable and that '/var/www/vhosts/saratogahistory.com/httpdocs/phpBB/' is executable
[Thu Aug 27 08:09:31.217658 2020] [core:crit] [pid 6888:tid 140619303323392] (13)Permission denied: [client 203.133.169.112:42670] AH00529: /var/www/vhosts/saratogahistory.com/httpdocs/phpBB/.htaccess pcfg_openfile: unable to check htaccess file, ensure it is readable and that '/var/www/vhosts/saratogahistory.com/httpdocs/phpBB/' is executable
[Thu Aug 27 08:09:36.203897 2020] [core:crit] [pid 6888:tid 140619324303104] (13)Permission denied: [client 203.133.169.112:42818] AH00529: /var/www/vhosts/saratogahistory.com/httpdocs/phpBB/.htaccess pcfg_openfile: unable to check htaccess file, ensure it is readable and that '/var/www/vhosts/saratogahistory.com/httpdocs/phpBB/' is executable
[Thu Aug 27 08:09:41.221726 2020] [core:crit] [pid 32352:tid 140619261363968] (13)Permission denied: [client 203.133.169.112:42960] AH00529: /var/www/vhosts/saratogahistory.com/httpdocs/phpBB/.htaccess pcfg_openfile: unable to check htaccess file, ensure it is readable and that '/var/www/vhosts/saratogahistory.com/httpdocs/phpBB/' is executable
[Thu Aug 27 08:09:46.215856 2020] [core:crit] [pid 6888:tid 140619366262528] (13)Permission denied: [client 203.133.169.112:43100] AH00529: /var/www/vhosts/saratogahistory.com/httpdocs/phpBB/.htaccess pcfg_openfile: unable to check htaccess file, ensure it is readable and that '/var/www/vhosts/saratogahistory.com/httpdocs/phpBB/' is executable
[Thu Aug 27 08:09:51.426264 2020] [core:crit] [pid 6888:tid 140619271853824] (13)Permission denied: [client 203.133.169.112:43222] AH00529: /var/www/vhosts/saratogahistory.com/httpdocs/phpBB/.htaccess pcfg_openfile: unable to check htaccess file, ensure it is readable and that '/var/www/vhosts/saratogahistory.com/httpdocs/phpBB/' is executable
[Thu Aug 27 08:09:56.364492 2020] [core:crit] [pid 6888:tid 140619198424832] (13)Permission denied: [client 203.133.169.112:43374] AH00529: /var/www/vhosts/saratogahistory.com/httpdocs/phpBB/.htaccess pcfg_openfile: unable to check htaccess file, ensure it is readable and that '/var/www/vhosts/saratogahistory.com/httpdocs/phpBB/' is executable
[Thu Aug 27 08:10:01.348855 2020] [core:crit] [pid 6888:tid 140619250874112] (13)Permission denied: [client 203.133.169.112:43610] AH00529: /var/www/vhosts/saratogahistory.com/httpdocs/phpBB/.htaccess pcfg_openfile: unable to check htaccess file, ensure it is readable and that '/var/www/vhosts/saratogahistory.com/httpdocs/phpBB/' is executable
[Thu Aug 27 08:10:06.342385 2020] [core:crit] [pid 6888:tid 140619345282816] (13)Permission denied: [client 203.133.169.112:43934] AH00529: /var/www/vhosts/saratogahistory.com/httpdocs/phpBB/.htaccess pcfg_openfile: unable to check htaccess file, ensure it is readable and that '/var/www/vhosts/saratogahistory.com/httpdocs/phpBB/' is executable
[Thu Aug 27 08:10:20.153018 2020] [core:crit] [pid 6888:tid 140619282343680] (13)Permission denied: [client 203.133.169.112:44444] AH00529: /var/www/vhosts/saratogahistory.com/httpdocs/phpBB/.htaccess pcfg_openfile: unable to check htaccess file, ensure it is readable and that '/var/www/vhosts/saratogahistory.com/httpdocs/phpBB/' is executable
[Thu Aug 27 08:10:25.359873 2020] [core:crit] [pid 6888:tid 140619187934976] (13)Permission denied: [client 203.133.169.112:44586] AH00529: /var/www/vhosts/saratogahistory.com/httpdocs/phpBB/.htaccess pcfg_openfile: unable to check htaccess file, ensure it is readable and that '/var/www/vhosts/saratogahistory.com/httpdocs/phpBB/' is executable
[Thu Aug 27 08:10:30.357205 2020] [core:crit] [pid 6888:tid 140619261363968] (13)Permission denied: [client 203.133.169.112:44752] AH00529: /var/www/vhosts/saratogahistory.com/httpdocs/phpBB/.htaccess pcfg_openfile: unable to check htaccess file, ensure it is readable and that '/var/www/vhosts/saratogahistory.com/httpdocs/phpBB/' is executable
[Thu Aug 27 08:10:35.430192 2020] [core:crit] [pid 32325:tid 140619219404544] (13)Permission denied: [client 203.133.169.112:44914] AH00529: /var/www/vhosts/saratogahistory.com/httpdocs/phpBB/.htaccess pcfg_openfile: unable to check htaccess file, ensure it is readable and that '/var/www/vhosts/saratogahistory.com/httpdocs/phpBB/' is executable
[Thu Aug 27 08:10:40.441727 2020] [core:crit] [pid 6888:tid 140619229894400] (13)Permission denied: [client 203.133.169.112:45104] AH00529: /var/www/vhosts/saratogahistory.com/httpdocs/phpBB/.htaccess pcfg_openfile: unable to check htaccess file, ensure it is readable and that '/var/www/vhosts/saratogahistory.com/httpdocs/phpBB/' is executable
[Thu Aug 27 08:10:45.413101 2020] [core:crit] [pid 32352:tid 140619240384256] (13)Permission denied: [client 203.133.169.112:45286] AH00529: /var/www/vhosts/saratogahistory.com/httpdocs/phpBB/.htaccess pcfg_openfile: unable to check htaccess file, ensure it is readable and that '/var/www/vhosts/saratogahistory.com/httpdocs/phpBB/' is executable
[Thu Aug 27 08:10:50.394595 2020] [core:crit] [pid 6888:tid 140619208914688] (13)Permission denied: [client 203.133.169.112:45528] AH00529: /var/www/vhosts/saratogahistory.com/httpdocs/phpBB/.htaccess pcfg_openfile: unable to check htaccess file, ensure it is readable and that '/var/www/vhosts/saratogahistory.com/httpdocs/phpBB/' is executable
[Thu Aug 27 08:10:55.601174 2020] [core:crit] [pid 32352:tid 140619250874112] (13)Permission denied: [client 203.133.169.112:45850] AH00529: /var/www/vhosts/saratogahistory.com/httpdocs/phpBB/.htaccess pcfg_openfile: unable to check htaccess file, ensure it is readable and that '/var/www/vhosts/saratogahistory.com/httpdocs/phpBB/' is executable
[Thu Aug 27 08:11:00.570459 2020] [core:crit] [pid 6888:tid 140619156465408] (13)Permission denied: [client 203.133.169.112:46066] AH00529: /var/www/vhosts/saratogahistory.com/httpdocs/phpBB/.htaccess pcfg_openfile: unable to check htaccess file, ensure it is readable and that '/var/www/vhosts/saratogahistory.com/httpdocs/phpBB/' is executable
[Thu Aug 27 08:11:10.301096 2020] [core:crit] [pid 6888:tid 140619124995840] (13)Permission denied: [client 185.25.35.9:46332] AH00529: /var/www/vhosts/saratogahistory.com/httpdocs/phpBB/.htaccess pcfg_openfile: unable to check htaccess file, ensure it is readable and that '/var/www/vhosts/saratogahistory.com/httpdocs/phpBB/' is executable
[Thu Aug 27 08:11:13.849911 2020] [core:crit] [pid 6888:tid 140619177445120] (13)Permission denied: [client 203.133.169.112:46434] AH00529: /var/www/vhosts/saratogahistory.com/httpdocs/phpBB/.htaccess pcfg_openfile: unable to check htaccess file, ensure it is readable and that '/var/www/vhosts/saratogahistory.com/httpdocs/phpBB/' is executable
[Thu Aug 27 08:11:18.751536 2020] [core:crit] [pid 6888:tid 140619145975552] (13)Permission denied: [client 203.133.169.112:46604] AH00529: /var/www/vhosts/saratogahistory.com/httpdocs/phpBB/.htaccess pcfg_openfile: unable to check htaccess file, ensure it is readable and that '/var/www/vhosts/saratogahistory.com/httpdocs/phpBB/' is executable
[Thu Aug 27 08:11:23.677398 2020] [core:crit] [pid 32352:tid 140619355772672] (13)Permission denied: [client 203.133.169.112:46736] AH00529: /var/www/vhosts/saratogahistory.com/httpdocs/phpBB/.htaccess pcfg_openfile: unable to check htaccess file, ensure it is readable and that '/var/www/vhosts/saratogahistory.com/httpdocs/phpBB/' is executable
[Thu Aug 27 08:54:45.168917 2020] [core:crit] [pid 6888:tid 140619124995840] (13)Permission denied: [client 46.191.232.51:54196] AH00529: /var/www/vhosts/saratogahistory.com/httpdocs/phpBB/.htaccess pcfg_openfile: unable to check htaccess file, ensure it is readable and that '/var/www/vhosts/saratogahistory.com/httpdocs/phpBB/' is executable, referer: http://www.saratogahistory.com/phpBB/index.php
[Thu Aug 27 09:11:15.392812 2020] [core:crit] [pid 6888:tid 140619366262528] (13)Permission denied: [client 185.220.101.216:60840] AH00529: /var/www/vhosts/saratogahistory.com/httpdocs/phpBB/.htaccess pcfg_openfile: unable to check htaccess file, ensure it is readable and that '/var/www/vhosts/saratogahistory.com/httpdocs/phpBB/' is executable, referer: http://www.saratogahistory.com/phpBB/index.php
[Thu Aug 27 09:15:53.849894 2020] [core:crit] [pid 6888:tid 140619229894400] (13)Permission denied: [client 178.71.10.87:41760] AH00529: /var/www/vhosts/saratogahistory.com/httpdocs/phpBB/.htaccess pcfg_openfile: unable to check htaccess file, ensure it is readable and that '/var/www/vhosts/saratogahistory.com/httpdocs/phpBB/' is executable, referer: http://www.saratogahistory.com/phpBB/index.php
[Thu Aug 27 09:18:22.431172 2020] [core:crit] [pid 6888:tid 140619177445120] (13)Permission denied: [client 185.25.35.14:46938] AH00529: /var/www/vhosts/saratogahistory.com/httpdocs/phpBB/.htaccess pcfg_openfile: unable to check htaccess file, ensure it is readable and that '/var/www/vhosts/saratogahistory.com/httpdocs/phpBB/' is executable
[Thu Aug 27 09:27:55.806888 2020] [core:crit] [pid 6888:tid 140619355772672] (13)Permission denied: [client 46.246.65.141:36602] AH00529: /var/www/vhosts/saratogahistory.com/httpdocs/phpBB/.htaccess pcfg_openfile: unable to check htaccess file, ensure it is readable and that '/var/www/vhosts/saratogahistory.com/httpdocs/phpBB/' is executable, referer: http://www.saratogahistory.com/phpBB/index.php
[Thu Aug 27 09:28:06.136754 2020] [core:crit] [pid 6888:tid 140619334792960] (13)Permission denied: [client 46.246.65.141:36986] AH00529: /var/www/vhosts/saratogahistory.com/httpdocs/phpBB/.htaccess pcfg_openfile: unable to check htaccess file, ensure it is readable and that '/var/www/vhosts/saratogahistory.com/httpdocs/phpBB/' is executable, referer: http://www.saratogahistory.com/phpBB/index.php
[Thu Aug 27 09:55:44.099745 2020] [core:crit] [pid 32325:tid 140619240384256] (13)Permission denied: [client 185.25.35.12:34696] AH00529: /var/www/vhosts/saratogahistory.com/httpdocs/phpBB/.htaccess pcfg_openfile: unable to check htaccess file, ensure it is readable and that '/var/www/vhosts/saratogahistory.com/httpdocs/phpBB/' is executable
[Thu Aug 27 10:13:45.617722 2020] [core:crit] [pid 6888:tid 140619250874112] (13)Permission denied: [client 185.25.35.15:35130] AH00529: /var/www/vhosts/saratogahistory.com/httpdocs/phpBB/.htaccess pcfg_openfile: unable to check htaccess file, ensure it is readable and that '/var/www/vhosts/saratogahistory.com/httpdocs/phpBB/' is executable
[Thu Aug 27 12:21:49.169724 2020] [core:crit] [pid 32325:tid 140619219404544] (13)Permission denied: [client 203.133.169.112:54878] AH00529: /var/www/vhosts/saratogahistory.com/httpdocs/phpBB/.htaccess pcfg_openfile: unable to check htaccess file, ensure it is readable and that '/var/www/vhosts/saratogahistory.com/httpdocs/phpBB/' is executable
[Thu Aug 27 12:21:54.178987 2020] [core:crit] [pid 6888:tid 140619240384256] (13)Permission denied: [client 203.133.169.112:55054] AH00529: /var/www/vhosts/saratogahistory.com/httpdocs/phpBB/.htaccess pcfg_openfile: unable to check htaccess file, ensure it is readable and that '/var/www/vhosts/saratogahistory.com/httpdocs/phpBB/' is executable
[Thu Aug 27 12:21:59.155627 2020] [core:crit] [pid 32352:tid 140619219404544] (13)Permission denied: [client 203.133.169.112:55186] AH00529: /var/www/vhosts/saratogahistory.com/httpdocs/phpBB/.htaccess pcfg_openfile: unable to check htaccess file, ensure it is readable and that '/var/www/vhosts/saratogahistory.com/httpdocs/phpBB/' is executable
[Thu Aug 27 12:22:04.048034 2020] [core:crit] [pid 6888:tid 140619282343680] (13)Permission denied: [client 203.133.169.112:55318] AH00529: /var/www/vhosts/saratogahistory.com/httpdocs/phpBB/.htaccess pcfg_openfile: unable to check htaccess file, ensure it is readable and that '/var/www/vhosts/saratogahistory.com/httpdocs/phpBB/' is executable
[Thu Aug 27 12:22:08.932238 2020] [core:crit] [pid 32352:tid 140619145975552] (13)Permission denied: [client 203.133.169.112:55452] AH00529: /var/www/vhosts/saratogahistory.com/httpdocs/phpBB/.htaccess pcfg_openfile: unable to check htaccess file, ensure it is readable and that '/var/www/vhosts/saratogahistory.com/httpdocs/phpBB/' is executable
[Thu Aug 27 12:22:13.944484 2020] [core:crit] [pid 6888:tid 140619187934976] (13)Permission denied: [client 203.133.169.112:55586] AH00529: /var/www/vhosts/saratogahistory.com/httpdocs/phpBB/.htaccess pcfg_openfile: unable to check htaccess file, ensure it is readable and that '/var/www/vhosts/saratogahistory.com/httpdocs/phpBB/' is executable
[Thu Aug 27 12:22:19.079811 2020] [core:crit] [pid 6888:tid 140619261363968] (13)Permission denied: [client 203.133.169.112:55702] AH00529: /var/www/vhosts/saratogahistory.com/httpdocs/phpBB/.htaccess pcfg_openfile: unable to check htaccess file, ensure it is readable and that '/var/www/vhosts/saratogahistory.com/httpdocs/phpBB/' is executable
[Thu Aug 27 12:22:23.995747 2020] [core:crit] [pid 6888:tid 140619229894400] (13)Permission denied: [client 203.133.169.112:55854] AH00529: /var/www/vhosts/saratogahistory.com/httpdocs/phpBB/.htaccess pcfg_openfile: unable to check htaccess file, ensure it is readable and that '/var/www/vhosts/saratogahistory.com/httpdocs/phpBB/' is executable
[Thu Aug 27 12:22:28.991192 2020] [core:crit] [pid 6888:tid 140619208914688] (13)Permission denied: [client 203.133.169.112:56008] AH00529: /var/www/vhosts/saratogahistory.com/httpdocs/phpBB/.htaccess pcfg_openfile: unable to check htaccess file, ensure it is readable and that '/var/www/vhosts/saratogahistory.com/httpdocs/phpBB/' is executable
[Thu Aug 27 12:22:33.890704 2020] [core:crit] [pid 32352:tid 140619177445120] (13)Permission denied: [client 203.133.169.112:56170] AH00529: /var/www/vhosts/saratogahistory.com/httpdocs/phpBB/.htaccess pcfg_openfile: unable to check htaccess file, ensure it is readable and that '/var/www/vhosts/saratogahistory.com/httpdocs/phpBB/' is executable
[Thu Aug 27 12:22:38.853538 2020] [core:crit] [pid 6888:tid 140619156465408] (13)Permission denied: [client 203.133.169.112:56330] AH00529: /var/www/vhosts/saratogahistory.com/httpdocs/phpBB/.htaccess pcfg_openfile: unable to check htaccess file, ensure it is readable and that '/var/www/vhosts/saratogahistory.com/httpdocs/phpBB/' is executable
[Thu Aug 27 12:22:43.862644 2020] [core:crit] [pid 32352:tid 140619166955264] (13)Permission denied: [client 203.133.169.112:56470] AH00529: /var/www/vhosts/saratogahistory.com/httpdocs/phpBB/.htaccess pcfg_openfile: unable to check htaccess file, ensure it is readable and that '/var/www/vhosts/saratogahistory.com/httpdocs/phpBB/' is executable
[Thu Aug 27 12:22:48.827673 2020] [core:crit] [pid 6888:tid 140619219404544] (13)Permission denied: [client 203.133.169.112:56630] AH00529: /var/www/vhosts/saratogahistory.com/httpdocs/phpBB/.htaccess pcfg_openfile: unable to check htaccess file, ensure it is readable and that '/var/www/vhosts/saratogahistory.com/httpdocs/phpBB/' is executable
[Thu Aug 27 12:22:53.719419 2020] [core:crit] [pid 6888:tid 140619124995840] (13)Permission denied: [client 203.133.169.112:56794] AH00529: /var/www/vhosts/saratogahistory.com/httpdocs/phpBB/.htaccess pcfg_openfile: unable to check htaccess file, ensure it is readable and that '/var/www/vhosts/saratogahistory.com/httpdocs/phpBB/' is executable
[Thu Aug 27 12:22:58.622565 2020] [core:crit] [pid 6888:tid 140619177445120] (13)Permission denied: [client 203.133.169.112:56942] AH00529: /var/www/vhosts/saratogahistory.com/httpdocs/phpBB/.htaccess pcfg_openfile: unable to check htaccess file, ensure it is readable and that '/var/www/vhosts/saratogahistory.com/httpdocs/phpBB/' is executable
[Thu Aug 27 12:23:03.619078 2020] [core:crit] [pid 6888:tid 140619145975552] (13)Permission denied: [client 203.133.169.112:57148] AH00529: /var/www/vhosts/saratogahistory.com/httpdocs/phpBB/.htaccess pcfg_openfile: unable to check htaccess file, ensure it is readable and that '/var/www/vhosts/saratogahistory.com/httpdocs/phpBB/' is executable
[Thu Aug 27 12:23:08.654129 2020] [core:crit] [pid 32352:tid 140619135485696] (13)Permission denied: [client 203.133.169.112:57336] AH00529: /var/www/vhosts/saratogahistory.com/httpdocs/phpBB/.htaccess pcfg_openfile: unable to check htaccess file, ensure it is readable and that '/var/www/vhosts/saratogahistory.com/httpdocs/phpBB/' is executable
[Thu Aug 27 12:23:13.538235 2020] [core:crit] [pid 6888:tid 140619166955264] (13)Permission denied: [client 203.133.169.112:57556] AH00529: /var/www/vhosts/saratogahistory.com/httpdocs/phpBB/.htaccess pcfg_openfile: unable to check htaccess file, ensure it is readable and that '/var/www/vhosts/saratogahistory.com/httpdocs/phpBB/' is executable
[Thu Aug 27 12:23:18.552435 2020] [core:crit] [pid 32352:tid 140619303323392] (13)Permission denied: [client 203.133.169.112:57764] AH00529: /var/www/vhosts/saratogahistory.com/httpdocs/phpBB/.htaccess pcfg_openfile: unable to check htaccess file, ensure it is readable and that '/var/www/vhosts/saratogahistory.com/httpdocs/phpBB/' is executable
[Thu Aug 27 12:23:23.551657 2020] [core:crit] [pid 6888:tid 140619355772672] (13)Permission denied: [client 203.133.169.112:57992] AH00529: /var/www/vhosts/saratogahistory.com/httpdocs/phpBB/.htaccess pcfg_openfile: unable to check htaccess file, ensure it is readable and that '/var/www/vhosts/saratogahistory.com/httpdocs/phpBB/' is executable
[Thu Aug 27 12:23:28.697215 2020] [core:crit] [pid 6888:tid 140619135485696] (13)Permission denied: [client 203.133.169.112:58194] AH00529: /var/www/vhosts/saratogahistory.com/httpdocs/phpBB/.htaccess pcfg_openfile: unable to check htaccess file, ensure it is readable and that '/var/www/vhosts/saratogahistory.com/httpdocs/phpBB/' is executable
[Thu Aug 27 12:23:33.581545 2020] [core:crit] [pid 6888:tid 140619376752384] (13)Permission denied: [client 203.133.169.112:58386] AH00529: /var/www/vhosts/saratogahistory.com/httpdocs/phpBB/.htaccess pcfg_openfile: unable to check htaccess file, ensure it is readable and that '/var/www/vhosts/saratogahistory.com/httpdocs/phpBB/' is executable
[Thu Aug 27 12:23:38.486172 2020] [core:crit] [pid 6888:tid 140619334792960] (13)Permission denied: [client 203.133.169.112:58546] AH00529: /var/www/vhosts/saratogahistory.com/httpdocs/phpBB/.htaccess pcfg_openfile: unable to check htaccess file, ensure it is readable and that '/var/www/vhosts/saratogahistory.com/httpdocs/phpBB/' is executable
[Thu Aug 27 12:23:43.469919 2020] [core:crit] [pid 6888:tid 140619313813248] (13)Permission denied: [client 203.133.169.112:58664] AH00529: /var/www/vhosts/saratogahistory.com/httpdocs/phpBB/.htaccess pcfg_openfile: unable to check htaccess file, ensure it is readable and that '/var/www/vhosts/saratogahistory.com/httpdocs/phpBB/' is executable
[Thu Aug 27 12:23:48.453715 2020] [core:crit] [pid 6888:tid 140619292833536] (13)Permission denied: [client 203.133.169.112:58796] AH00529: /var/www/vhosts/saratogahistory.com/httpdocs/phpBB/.htaccess pcfg_openfile: unable to check htaccess file, ensure it is readable and that '/var/www/vhosts/saratogahistory.com/httpdocs/phpBB/' is executable
[Thu Aug 27 12:23:53.452363 2020] [core:crit] [pid 6888:tid 140619303323392] (13)Permission denied: [client 203.133.169.112:58912] AH00529: /var/www/vhosts/saratogahistory.com/httpdocs/phpBB/.htaccess pcfg_openfile: unable to check htaccess file, ensure it is readable and that '/var/www/vhosts/saratogahistory.com/httpdocs/phpBB/' is executable
[Thu Aug 27 12:23:58.342256 2020] [core:crit] [pid 32325:tid 140619198424832] (13)Permission denied: [client 203.133.169.112:59052] AH00529: /var/www/vhosts/saratogahistory.com/httpdocs/phpBB/.htaccess pcfg_openfile: unable to check htaccess file, ensure it is readable and that '/var/www/vhosts/saratogahistory.com/httpdocs/phpBB/' is executable
[Thu Aug 27 12:24:03.436121 2020] [core:crit] [pid 6888:tid 140619324303104] (13)Permission denied: [client 203.133.169.112:59260] AH00529: /var/www/vhosts/saratogahistory.com/httpdocs/phpBB/.htaccess pcfg_openfile: unable to check htaccess file, ensure it is readable and that '/var/www/vhosts/saratogahistory.com/httpdocs/phpBB/' is executable
[Thu Aug 27 12:52:41.472760 2020] [core:crit] [pid 6888:tid 140619208914688] (13)Permission denied: [client 185.107.47.215:35024] AH00529: /var/www/vhosts/saratogahistory.com/httpdocs/phpBB/.htaccess pcfg_openfile: unable to check htaccess file, ensure it is readable and that '/var/www/vhosts/saratogahistory.com/httpdocs/phpBB/' is executable, referer: http://www.saratogahistory.com/phpBB/index.php
[Thu Aug 27 13:07:27.580571 2020] [core:crit] [pid 32352:tid 140619313813248] (13)Permission denied: [client 46.246.65.141:36040] AH00529: /var/www/vhosts/saratogahistory.com/httpdocs/phpBB/.htaccess pcfg_openfile: unable to check htaccess file, ensure it is readable and that '/var/www/vhosts/saratogahistory.com/httpdocs/phpBB/' is executable, referer: http://www.saratogahistory.com/phpBB/index.php
[Thu Aug 27 13:07:33.279417 2020] [core:crit] [pid 6888:tid 140619166955264] (13)Permission denied: [client 46.246.65.141:36182] AH00529: /var/www/vhosts/saratogahistory.com/httpdocs/phpBB/.htaccess pcfg_openfile: unable to check htaccess file, ensure it is readable and that '/var/www/vhosts/saratogahistory.com/httpdocs/phpBB/' is executable, referer: http://www.saratogahistory.com/phpBB/index.php
[Thu Aug 27 14:01:44.682786 2020] [proxy_fcgi:error] [pid 6888:tid 140619198424832] [client 187.17.237.5:49342] AH01071: Got error 'Primary script unknown\n'
[Thu Aug 27 14:30:29.293234 2020] [core:crit] [pid 32352:tid 140619124995840] (13)Permission denied: [client 185.25.35.10:60290] AH00529: /var/www/vhosts/saratogahistory.com/httpdocs/phpBB/.htaccess pcfg_openfile: unable to check htaccess file, ensure it is readable and that '/var/www/vhosts/saratogahistory.com/httpdocs/phpBB/' is executable
[Thu Aug 27 15:35:16.682756 2020] [core:crit] [pid 6888:tid 140619229894400] (13)Permission denied: [client 185.25.35.12:33226] AH00529: /var/www/vhosts/saratogahistory.com/httpdocs/phpBB/.htaccess pcfg_openfile: unable to check htaccess file, ensure it is readable and that '/var/www/vhosts/saratogahistory.com/httpdocs/phpBB/' is executable
[Thu Aug 27 16:05:43.164644 2020] [core:crit] [pid 6888:tid 140619250874112] (13)Permission denied: [client 5.188.84.251:41330] AH00529: /var/www/vhosts/saratogahistory.com/httpdocs/phpBB/.htaccess pcfg_openfile: unable to check htaccess file, ensure it is readable and that '/var/www/vhosts/saratogahistory.com/httpdocs/phpBB/' is executable, referer: http://www.saratogahistory.com/phpBB/index.php
[Thu Aug 27 16:15:14.046983 2020] [core:crit] [pid 6888:tid 140619124995840] (13)Permission denied: [client 203.133.169.112:41180] AH00529: /var/www/vhosts/saratogahistory.com/httpdocs/phpBB/.htaccess pcfg_openfile: unable to check htaccess file, ensure it is readable and that '/var/www/vhosts/saratogahistory.com/httpdocs/phpBB/' is executable
[Thu Aug 27 16:15:18.976039 2020] [core:crit] [pid 6888:tid 140619177445120] (13)Permission denied: [client 203.133.169.112:41412] AH00529: /var/www/vhosts/saratogahistory.com/httpdocs/phpBB/.htaccess pcfg_openfile: unable to check htaccess file, ensure it is readable and that '/var/www/vhosts/saratogahistory.com/httpdocs/phpBB/' is executable
[Thu Aug 27 16:15:23.997107 2020] [core:crit] [pid 32352:tid 140619271853824] (13)Permission denied: [client 203.133.169.112:41596] AH00529: /var/www/vhosts/saratogahistory.com/httpdocs/phpBB/.htaccess pcfg_openfile: unable to check htaccess file, ensure it is readable and that '/var/www/vhosts/saratogahistory.com/httpdocs/phpBB/' is executable
[Thu Aug 27 16:15:29.057187 2020] [core:crit] [pid 32322:tid 140619303323392] (13)Permission denied: [client 203.133.169.112:41704] AH00529: /var/www/vhosts/saratogahistory.com/httpdocs/phpBB/.htaccess pcfg_openfile: unable to check htaccess file, ensure it is readable and that '/var/www/vhosts/saratogahistory.com/httpdocs/phpBB/' is executable
[Thu Aug 27 16:15:34.037300 2020] [core:crit] [pid 6888:tid 140619145975552] (13)Permission denied: [client 203.133.169.112:41866] AH00529: /var/www/vhosts/saratogahistory.com/httpdocs/phpBB/.htaccess pcfg_openfile: unable to check htaccess file, ensure it is readable and that '/var/www/vhosts/saratogahistory.com/httpdocs/phpBB/' is executable
[Thu Aug 27 16:15:38.934005 2020] [core:crit] [pid 32352:tid 140619198424832] (13)Permission denied: [client 203.133.169.112:41998] AH00529: /var/www/vhosts/saratogahistory.com/httpdocs/phpBB/.htaccess pcfg_openfile: unable to check htaccess file, ensure it is readable and that '/var/www/vhosts/saratogahistory.com/httpdocs/phpBB/' is executable
[Thu Aug 27 16:15:43.815174 2020] [core:crit] [pid 6888:tid 140619355772672] (13)Permission denied: [client 203.133.169.112:42150] AH00529: /var/www/vhosts/saratogahistory.com/httpdocs/phpBB/.htaccess pcfg_openfile: unable to check htaccess file, ensure it is readable and that '/var/www/vhosts/saratogahistory.com/httpdocs/phpBB/' is executable
[Thu Aug 27 16:15:48.710926 2020] [core:crit] [pid 6888:tid 140619355772672] (13)Permission denied: [client 203.133.169.112:42348] AH00529: /var/www/vhosts/saratogahistory.com/httpdocs/phpBB/.htaccess pcfg_openfile: unable to check htaccess file, ensure it is readable and that '/var/www/vhosts/saratogahistory.com/httpdocs/phpBB/' is executable
[Thu Aug 27 16:15:53.649558 2020] [core:crit] [pid 6888:tid 140619376752384] (13)Permission denied: [client 203.133.169.112:42498] AH00529: /var/www/vhosts/saratogahistory.com/httpdocs/phpBB/.htaccess pcfg_openfile: unable to check htaccess file, ensure it is readable and that '/var/www/vhosts/saratogahistory.com/httpdocs/phpBB/' is executable
[Thu Aug 27 16:15:58.550359 2020] [core:crit] [pid 6888:tid 140619334792960] (13)Permission denied: [client 203.133.169.112:42626] AH00529: /var/www/vhosts/saratogahistory.com/httpdocs/phpBB/.htaccess pcfg_openfile: unable to check htaccess file, ensure it is readable and that '/var/www/vhosts/saratogahistory.com/httpdocs/phpBB/' is executable
[Thu Aug 27 16:16:03.533322 2020] [core:crit] [pid 6888:tid 140619313813248] (13)Permission denied: [client 203.133.169.112:42772] AH00529: /var/www/vhosts/saratogahistory.com/httpdocs/phpBB/.htaccess pcfg_openfile: unable to check htaccess file, ensure it is readable and that '/var/www/vhosts/saratogahistory.com/httpdocs/phpBB/' is executable
[Thu Aug 27 16:16:08.410434 2020] [core:crit] [pid 32352:tid 140619261363968] (13)Permission denied: [client 203.133.169.112:42966] AH00529: /var/www/vhosts/saratogahistory.com/httpdocs/phpBB/.htaccess pcfg_openfile: unable to check htaccess file, ensure it is readable and that '/var/www/vhosts/saratogahistory.com/httpdocs/phpBB/' is executable
[Thu Aug 27 16:16:13.324465 2020] [core:crit] [pid 32352:tid 140619324303104] (13)Permission denied: [client 203.133.169.112:43162] AH00529: /var/www/vhosts/saratogahistory.com/httpdocs/phpBB/.htaccess pcfg_openfile: unable to check htaccess file, ensure it is readable and that '/var/www/vhosts/saratogahistory.com/httpdocs/phpBB/' is executable
[Thu Aug 27 16:16:18.549782 2020] [core:crit] [pid 32352:tid 140619240384256] (13)Permission denied: [client 203.133.169.112:43342] AH00529: /var/www/vhosts/saratogahistory.com/httpdocs/phpBB/.htaccess pcfg_openfile: unable to check htaccess file, ensure it is readable and that '/var/www/vhosts/saratogahistory.com/httpdocs/phpBB/' is executable
[Thu Aug 27 16:16:23.490392 2020] [core:crit] [pid 32352:tid 140619250874112] (13)Permission denied: [client 203.133.169.112:43552] AH00529: /var/www/vhosts/saratogahistory.com/httpdocs/phpBB/.htaccess pcfg_openfile: unable to check htaccess file, ensure it is readable and that '/var/www/vhosts/saratogahistory.com/httpdocs/phpBB/' is executable
[Thu Aug 27 16:16:28.523676 2020] [core:crit] [pid 6888:tid 140619292833536] (13)Permission denied: [client 203.133.169.112:43726] AH00529: /var/www/vhosts/saratogahistory.com/httpdocs/phpBB/.htaccess pcfg_openfile: unable to check htaccess file, ensure it is readable and that '/var/www/vhosts/saratogahistory.com/httpdocs/phpBB/' is executable
[Thu Aug 27 16:16:33.398486 2020] [core:crit] [pid 6888:tid 140619324303104] (13)Permission denied: [client 203.133.169.112:43952] AH00529: /var/www/vhosts/saratogahistory.com/httpdocs/phpBB/.htaccess pcfg_openfile: unable to check htaccess file, ensure it is readable and that '/var/www/vhosts/saratogahistory.com/httpdocs/phpBB/' is executable
[Thu Aug 27 16:16:38.395442 2020] [core:crit] [pid 6888:tid 140619366262528] (13)Permission denied: [client 203.133.169.112:44138] AH00529: /var/www/vhosts/saratogahistory.com/httpdocs/phpBB/.htaccess pcfg_openfile: unable to check htaccess file, ensure it is readable and that '/var/www/vhosts/saratogahistory.com/httpdocs/phpBB/' is executable
[Thu Aug 27 16:16:43.422528 2020] [core:crit] [pid 6888:tid 140619271853824] (13)Permission denied: [client 203.133.169.112:44296] AH00529: /var/www/vhosts/saratogahistory.com/httpdocs/phpBB/.htaccess pcfg_openfile: unable to check htaccess file, ensure it is readable and that '/var/www/vhosts/saratogahistory.com/httpdocs/phpBB/' is executable
[Thu Aug 27 16:16:48.450454 2020] [core:crit] [pid 6888:tid 140619198424832] (13)Permission denied: [client 203.133.169.112:44466] AH00529: /var/www/vhosts/saratogahistory.com/httpdocs/phpBB/.htaccess pcfg_openfile: unable to check htaccess file, ensure it is readable and that '/var/www/vhosts/saratogahistory.com/httpdocs/phpBB/' is executable
[Thu Aug 27 16:16:53.448883 2020] [core:crit] [pid 6888:tid 140619250874112] (13)Permission denied: [client 203.133.169.112:44678] AH00529: /var/www/vhosts/saratogahistory.com/httpdocs/phpBB/.htaccess pcfg_openfile: unable to check htaccess file, ensure it is readable and that '/var/www/vhosts/saratogahistory.com/httpdocs/phpBB/' is executable
[Thu Aug 27 16:16:58.334189 2020] [core:crit] [pid 6888:tid 140619345282816] (13)Permission denied: [client 203.133.169.112:44882] AH00529: /var/www/vhosts/saratogahistory.com/httpdocs/phpBB/.htaccess pcfg_openfile: unable to check htaccess file, ensure it is readable and that '/var/www/vhosts/saratogahistory.com/httpdocs/phpBB/' is executable
[Thu Aug 27 16:17:03.326968 2020] [core:crit] [pid 32352:tid 140619208914688] (13)Permission denied: [client 203.133.169.112:45068] AH00529: /var/www/vhosts/saratogahistory.com/httpdocs/phpBB/.htaccess pcfg_openfile: unable to check htaccess file, ensure it is readable and that '/var/www/vhosts/saratogahistory.com/httpdocs/phpBB/' is executable
[Thu Aug 27 16:17:08.197200 2020] [core:crit] [pid 6888:tid 140619240384256] (13)Permission denied: [client 203.133.169.112:45278] AH00529: /var/www/vhosts/saratogahistory.com/httpdocs/phpBB/.htaccess pcfg_openfile: unable to check htaccess file, ensure it is readable and that '/var/www/vhosts/saratogahistory.com/httpdocs/phpBB/' is executable
[Thu Aug 27 16:17:13.196668 2020] [core:crit] [pid 6888:tid 140619187934976] (13)Permission denied: [client 203.133.169.112:45446] AH00529: /var/www/vhosts/saratogahistory.com/httpdocs/phpBB/.htaccess pcfg_openfile: unable to check htaccess file, ensure it is readable and that '/var/www/vhosts/saratogahistory.com/httpdocs/phpBB/' is executable
[Thu Aug 27 16:17:18.198161 2020] [core:crit] [pid 32325:tid 140619156465408] (13)Permission denied: [client 203.133.169.112:45626] AH00529: /var/www/vhosts/saratogahistory.com/httpdocs/phpBB/.htaccess pcfg_openfile: unable to check htaccess file, ensure it is readable and that '/var/www/vhosts/saratogahistory.com/httpdocs/phpBB/' is executable
[Thu Aug 27 16:17:23.216084 2020] [core:crit] [pid 6888:tid 140619261363968] (13)Permission denied: [client 203.133.169.112:45830] AH00529: /var/www/vhosts/saratogahistory.com/httpdocs/phpBB/.htaccess pcfg_openfile: unable to check htaccess file, ensure it is readable and that '/var/www/vhosts/saratogahistory.com/httpdocs/phpBB/' is executable
[Thu Aug 27 16:17:28.441158 2020] [core:crit] [pid 32325:tid 140619124995840] (13)Permission denied: [client 203.133.169.112:46048] AH00529: /var/www/vhosts/saratogahistory.com/httpdocs/phpBB/.htaccess pcfg_openfile: unable to check htaccess file, ensure it is readable and that '/var/www/vhosts/saratogahistory.com/httpdocs/phpBB/' is executable
[Thu Aug 27 16:17:33.322351 2020] [core:crit] [pid 6888:tid 140619229894400] (13)Permission denied: [client 203.133.169.112:46342] AH00529: /var/www/vhosts/saratogahistory.com/httpdocs/phpBB/.htaccess pcfg_openfile: unable to check htaccess file, ensure it is readable and that '/var/www/vhosts/saratogahistory.com/httpdocs/phpBB/' is executable
[Thu Aug 27 16:17:38.209043 2020] [core:crit] [pid 6888:tid 140619208914688] (13)Permission denied: [client 203.133.169.112:46554] AH00529: /var/www/vhosts/saratogahistory.com/httpdocs/phpBB/.htaccess pcfg_openfile: unable to check htaccess file, ensure it is readable and that '/var/www/vhosts/saratogahistory.com/httpdocs/phpBB/' is executable
[Thu Aug 27 16:17:43.196742 2020] [core:crit] [pid 32352:tid 140619334792960] (13)Permission denied: [client 203.133.169.112:46764] AH00529: /var/www/vhosts/saratogahistory.com/httpdocs/phpBB/.htaccess pcfg_openfile: unable to check htaccess file, ensure it is readable and that '/var/www/vhosts/saratogahistory.com/httpdocs/phpBB/' is executable
[Thu Aug 27 16:17:48.093780 2020] [core:crit] [pid 6888:tid 140619156465408] (13)Permission denied: [client 203.133.169.112:46984] AH00529: /var/www/vhosts/saratogahistory.com/httpdocs/phpBB/.htaccess pcfg_openfile: unable to check htaccess file, ensure it is readable and that '/var/www/vhosts/saratogahistory.com/httpdocs/phpBB/' is executable
[Thu Aug 27 16:17:53.088468 2020] [core:crit] [pid 32352:tid 140619366262528] (13)Permission denied: [client 203.133.169.112:47184] AH00529: /var/www/vhosts/saratogahistory.com/httpdocs/phpBB/.htaccess pcfg_openfile: unable to check htaccess file, ensure it is readable and that '/var/www/vhosts/saratogahistory.com/httpdocs/phpBB/' is executable
[Thu Aug 27 16:17:58.035874 2020] [core:crit] [pid 32352:tid 140619376752384] (13)Permission denied: [client 203.133.169.112:47368] AH00529: /var/www/vhosts/saratogahistory.com/httpdocs/phpBB/.htaccess pcfg_openfile: unable to check htaccess file, ensure it is readable and that '/var/www/vhosts/saratogahistory.com/httpdocs/phpBB/' is executable
[Thu Aug 27 16:18:03.279308 2020] [core:crit] [pid 32352:tid 140619345282816] (13)Permission denied: [client 203.133.169.112:47538] AH00529: /var/www/vhosts/saratogahistory.com/httpdocs/phpBB/.htaccess pcfg_openfile: unable to check htaccess file, ensure it is readable and that '/var/www/vhosts/saratogahistory.com/httpdocs/phpBB/' is executable
[Thu Aug 27 16:18:08.161417 2020] [core:crit] [pid 6888:tid 140619219404544] (13)Permission denied: [client 203.133.169.112:47780] AH00529: /var/www/vhosts/saratogahistory.com/httpdocs/phpBB/.htaccess pcfg_openfile: unable to check htaccess file, ensure it is readable and that '/var/www/vhosts/saratogahistory.com/httpdocs/phpBB/' is executable
[Thu Aug 27 16:18:13.155271 2020] [core:crit] [pid 32322:tid 140619282343680] (13)Permission denied: [client 203.133.169.112:47944] AH00529: /var/www/vhosts/saratogahistory.com/httpdocs/phpBB/.htaccess pcfg_openfile: unable to check htaccess file, ensure it is readable and that '/var/www/vhosts/saratogahistory.com/httpdocs/phpBB/' is executable
[Thu Aug 27 16:18:18.149224 2020] [core:crit] [pid 6888:tid 140619124995840] (13)Permission denied: [client 203.133.169.112:48102] AH00529: /var/www/vhosts/saratogahistory.com/httpdocs/phpBB/.htaccess pcfg_openfile: unable to check htaccess file, ensure it is readable and that '/var/www/vhosts/saratogahistory.com/httpdocs/phpBB/' is executable
[Thu Aug 27 16:26:07.077182 2020] [core:crit] [pid 6888:tid 140619355772672] (13)Permission denied: [client 185.25.35.12:35306] AH00529: /var/www/vhosts/saratogahistory.com/httpdocs/phpBB/.htaccess pcfg_openfile: unable to check htaccess file, ensure it is readable and that '/var/www/vhosts/saratogahistory.com/httpdocs/phpBB/' is executable
[Thu Aug 27 16:39:14.276753 2020] [core:crit] [pid 32352:tid 140619135485696] (13)Permission denied: [client 193.239.85.167:35944] AH00529: /var/www/vhosts/saratogahistory.com/httpdocs/phpBB/.htaccess pcfg_openfile: unable to check htaccess file, ensure it is readable and that '/var/www/vhosts/saratogahistory.com/httpdocs/phpBB/' is executable, referer: http://www.saratogahistory.com/phpBB/index.php
[Thu Aug 27 16:39:15.367521 2020] [proxy_fcgi:error] [pid 6888:tid 140619271853824] [client 193.239.85.167:35990] AH01071: Got error 'Primary script unknown\n', referer: http://www.saratogahistory.com/index.php
[Thu Aug 27 16:39:15.666111 2020] [proxy_fcgi:error] [pid 32352:tid 140619156465408] [client 193.239.85.167:35998] AH01071: Got error 'Primary script unknown\n', referer: http://www.saratogahistory.com/index.php
[Thu Aug 27 16:39:15.947386 2020] [proxy_fcgi:error] [pid 6888:tid 140619198424832] [client 193.239.85.167:36010] AH01071: Got error 'Primary script unknown\n', referer: http://www.saratogahistory.com/index.php
[Thu Aug 27 16:40:31.554018 2020] [core:crit] [pid 6888:tid 140619240384256] (13)Permission denied: [client 185.220.100.247:38876] AH00529: /var/www/vhosts/saratogahistory.com/httpdocs/phpBB/.htaccess pcfg_openfile: unable to check htaccess file, ensure it is readable and that '/var/www/vhosts/saratogahistory.com/httpdocs/phpBB/' is executable, referer: http://www.saratogahistory.com/phpBB/index.php
[Thu Aug 27 16:46:39.614128 2020] [core:crit] [pid 32352:tid 140619292833536] (13)Permission denied: [client 185.25.35.15:53228] AH00529: /var/www/vhosts/saratogahistory.com/httpdocs/phpBB/.htaccess pcfg_openfile: unable to check htaccess file, ensure it is readable and that '/var/www/vhosts/saratogahistory.com/httpdocs/phpBB/' is executable
[Thu Aug 27 16:56:03.579338 2020] [core:crit] [pid 6888:tid 140619366262528] (13)Permission denied: [client 46.246.65.141:45418] AH00529: /var/www/vhosts/saratogahistory.com/httpdocs/phpBB/.htaccess pcfg_openfile: unable to check htaccess file, ensure it is readable and that '/var/www/vhosts/saratogahistory.com/httpdocs/phpBB/' is executable, referer: http://www.saratogahistory.com/phpBB/index.php
[Thu Aug 27 16:58:45.307960 2020] [core:crit] [pid 6888:tid 140619282343680] (13)Permission denied: [client 46.246.65.141:51254] AH00529: /var/www/vhosts/saratogahistory.com/httpdocs/phpBB/.htaccess pcfg_openfile: unable to check htaccess file, ensure it is readable and that '/var/www/vhosts/saratogahistory.com/httpdocs/phpBB/' is executable, referer: http://www.saratogahistory.com/phpBB/index.php
[Thu Aug 27 19:45:09.659277 2020] [core:crit] [pid 32322:tid 140619240384256] (13)Permission denied: [client 151.80.47.41:48868] AH00529: /var/www/vhosts/saratogahistory.com/httpdocs/phpBB/.htaccess pcfg_openfile: unable to check htaccess file, ensure it is readable and that '/var/www/vhosts/saratogahistory.com/httpdocs/phpBB/' is executable, referer: http://www.saratogahistory.com/phpBB/index.php
[Thu Aug 27 20:18:47.673720 2020] [core:crit] [pid 6888:tid 140619313813248] (13)Permission denied: [client 185.220.102.248:56754] AH00529: /var/www/vhosts/saratogahistory.com/httpdocs/phpBB/.htaccess pcfg_openfile: unable to check htaccess file, ensure it is readable and that '/var/www/vhosts/saratogahistory.com/httpdocs/phpBB/' is executable, referer: http://www.saratogahistory.com/phpBB/index.php
[Thu Aug 27 20:35:23.339203 2020] [core:crit] [pid 6888:tid 140619250874112] (13)Permission denied: [client 40.77.167.28:56724] AH00529: /var/www/vhosts/saratogahistory.com/httpdocs/phpBB/.htaccess pcfg_openfile: unable to check htaccess file, ensure it is readable and that '/var/www/vhosts/saratogahistory.com/httpdocs/phpBB/' is executable
[Thu Aug 27 20:38:14.895831 2020] [proxy_fcgi:error] [pid 6888:tid 140619345282816] [client 151.80.140.166:33728] AH01071: Got error 'Primary script unknown\n', referer: http://saratogahistory.com/test/wp-login.php
[Thu Aug 27 20:51:45.255733 2020] [core:crit] [pid 6888:tid 140619219404544] (13)Permission denied: [client 203.133.169.112:57744] AH00529: /var/www/vhosts/saratogahistory.com/httpdocs/phpBB/.htaccess pcfg_openfile: unable to check htaccess file, ensure it is readable and that '/var/www/vhosts/saratogahistory.com/httpdocs/phpBB/' is executable
[Thu Aug 27 20:51:50.405715 2020] [core:crit] [pid 6888:tid 140619124995840] (13)Permission denied: [client 203.133.169.112:57878] AH00529: /var/www/vhosts/saratogahistory.com/httpdocs/phpBB/.htaccess pcfg_openfile: unable to check htaccess file, ensure it is readable and that '/var/www/vhosts/saratogahistory.com/httpdocs/phpBB/' is executable
[Thu Aug 27 20:51:55.286642 2020] [core:crit] [pid 32352:tid 140619208914688] (13)Permission denied: [client 203.133.169.112:58028] AH00529: /var/www/vhosts/saratogahistory.com/httpdocs/phpBB/.htaccess pcfg_openfile: unable to check htaccess file, ensure it is readable and that '/var/www/vhosts/saratogahistory.com/httpdocs/phpBB/' is executable
[Thu Aug 27 20:52:00.183797 2020] [core:crit] [pid 32352:tid 140619229894400] (13)Permission denied: [client 203.133.169.112:58124] AH00529: /var/www/vhosts/saratogahistory.com/httpdocs/phpBB/.htaccess pcfg_openfile: unable to check htaccess file, ensure it is readable and that '/var/www/vhosts/saratogahistory.com/httpdocs/phpBB/' is executable
[Thu Aug 27 20:52:05.166485 2020] [core:crit] [pid 6888:tid 140619145975552] (13)Permission denied: [client 203.133.169.112:58230] AH00529: /var/www/vhosts/saratogahistory.com/httpdocs/phpBB/.htaccess pcfg_openfile: unable to check htaccess file, ensure it is readable and that '/var/www/vhosts/saratogahistory.com/httpdocs/phpBB/' is executable
[Thu Aug 27 20:52:10.053914 2020] [core:crit] [pid 6888:tid 140619177445120] (13)Permission denied: [client 203.133.169.112:58324] AH00529: /var/www/vhosts/saratogahistory.com/httpdocs/phpBB/.htaccess pcfg_openfile: unable to check htaccess file, ensure it is readable and that '/var/www/vhosts/saratogahistory.com/httpdocs/phpBB/' is executable
[Thu Aug 27 20:52:15.206083 2020] [core:crit] [pid 6888:tid 140619166955264] (13)Permission denied: [client 203.133.169.112:58456] AH00529: /var/www/vhosts/saratogahistory.com/httpdocs/phpBB/.htaccess pcfg_openfile: unable to check htaccess file, ensure it is readable and that '/var/www/vhosts/saratogahistory.com/httpdocs/phpBB/' is executable
[Thu Aug 27 20:52:20.098057 2020] [core:crit] [pid 32325:tid 140619292833536] (13)Permission denied: [client 203.133.169.112:58582] AH00529: /var/www/vhosts/saratogahistory.com/httpdocs/phpBB/.htaccess pcfg_openfile: unable to check htaccess file, ensure it is readable and that '/var/www/vhosts/saratogahistory.com/httpdocs/phpBB/' is executable
[Thu Aug 27 20:52:24.988777 2020] [core:crit] [pid 6888:tid 140619355772672] (13)Permission denied: [client 203.133.169.112:58732] AH00529: /var/www/vhosts/saratogahistory.com/httpdocs/phpBB/.htaccess pcfg_openfile: unable to check htaccess file, ensure it is readable and that '/var/www/vhosts/saratogahistory.com/httpdocs/phpBB/' is executable
[Thu Aug 27 20:52:29.882501 2020] [core:crit] [pid 6888:tid 140619376752384] (13)Permission denied: [client 203.133.169.112:58888] AH00529: /var/www/vhosts/saratogahistory.com/httpdocs/phpBB/.htaccess pcfg_openfile: unable to check htaccess file, ensure it is readable and that '/var/www/vhosts/saratogahistory.com/httpdocs/phpBB/' is executable
[Thu Aug 27 20:52:48.441962 2020] [core:crit] [pid 6888:tid 140619135485696] (13)Permission denied: [client 203.133.169.112:59408] AH00529: /var/www/vhosts/saratogahistory.com/httpdocs/phpBB/.htaccess pcfg_openfile: unable to check htaccess file, ensure it is readable and that '/var/www/vhosts/saratogahistory.com/httpdocs/phpBB/' is executable
[Thu Aug 27 20:52:53.341813 2020] [core:crit] [pid 6888:tid 140619334792960] (13)Permission denied: [client 203.133.169.112:59524] AH00529: /var/www/vhosts/saratogahistory.com/httpdocs/phpBB/.htaccess pcfg_openfile: unable to check htaccess file, ensure it is readable and that '/var/www/vhosts/saratogahistory.com/httpdocs/phpBB/' is executable
[Thu Aug 27 20:52:58.278571 2020] [core:crit] [pid 6888:tid 140619313813248] (13)Permission denied: [client 203.133.169.112:59624] AH00529: /var/www/vhosts/saratogahistory.com/httpdocs/phpBB/.htaccess pcfg_openfile: unable to check htaccess file, ensure it is readable and that '/var/www/vhosts/saratogahistory.com/httpdocs/phpBB/' is executable
[Thu Aug 27 20:53:03.236567 2020] [core:crit] [pid 6888:tid 140619303323392] (13)Permission denied: [client 203.133.169.112:59722] AH00529: /var/www/vhosts/saratogahistory.com/httpdocs/phpBB/.htaccess pcfg_openfile: unable to check htaccess file, ensure it is readable and that '/var/www/vhosts/saratogahistory.com/httpdocs/phpBB/' is executable
[Thu Aug 27 20:53:08.219667 2020] [core:crit] [pid 6888:tid 140619292833536] (13)Permission denied: [client 203.133.169.112:59802] AH00529: /var/www/vhosts/saratogahistory.com/httpdocs/phpBB/.htaccess pcfg_openfile: unable to check htaccess file, ensure it is readable and that '/var/www/vhosts/saratogahistory.com/httpdocs/phpBB/' is executable
[Thu Aug 27 20:53:13.231829 2020] [core:crit] [pid 6888:tid 140619324303104] (13)Permission denied: [client 203.133.169.112:59924] AH00529: /var/www/vhosts/saratogahistory.com/httpdocs/phpBB/.htaccess pcfg_openfile: unable to check htaccess file, ensure it is readable and that '/var/www/vhosts/saratogahistory.com/httpdocs/phpBB/' is executable
[Thu Aug 27 20:53:18.266356 2020] [core:crit] [pid 6888:tid 140619271853824] (13)Permission denied: [client 203.133.169.112:60078] AH00529: /var/www/vhosts/saratogahistory.com/httpdocs/phpBB/.htaccess pcfg_openfile: unable to check htaccess file, ensure it is readable and that '/var/www/vhosts/saratogahistory.com/httpdocs/phpBB/' is executable
[Thu Aug 27 20:53:25.128543 2020] [core:crit] [pid 32352:tid 140619334792960] (13)Permission denied: [client 203.133.169.112:60286] AH00529: /var/www/vhosts/saratogahistory.com/httpdocs/phpBB/.htaccess pcfg_openfile: unable to check htaccess file, ensure it is readable and that '/var/www/vhosts/saratogahistory.com/httpdocs/phpBB/' is executable
[Thu Aug 27 20:53:30.025702 2020] [core:crit] [pid 6888:tid 140619198424832] (13)Permission denied: [client 203.133.169.112:60464] AH00529: /var/www/vhosts/saratogahistory.com/httpdocs/phpBB/.htaccess pcfg_openfile: unable to check htaccess file, ensure it is readable and that '/var/www/vhosts/saratogahistory.com/httpdocs/phpBB/' is executable
[Thu Aug 27 20:53:35.009530 2020] [core:crit] [pid 6888:tid 140619345282816] (13)Permission denied: [client 203.133.169.112:60614] AH00529: /var/www/vhosts/saratogahistory.com/httpdocs/phpBB/.htaccess pcfg_openfile: unable to check htaccess file, ensure it is readable and that '/var/www/vhosts/saratogahistory.com/httpdocs/phpBB/' is executable
[Thu Aug 27 20:53:39.918683 2020] [core:crit] [pid 6888:tid 140619240384256] (13)Permission denied: [client 203.133.169.112:60746] AH00529: /var/www/vhosts/saratogahistory.com/httpdocs/phpBB/.htaccess pcfg_openfile: unable to check htaccess file, ensure it is readable and that '/var/www/vhosts/saratogahistory.com/httpdocs/phpBB/' is executable
[Thu Aug 27 20:53:44.907495 2020] [core:crit] [pid 6888:tid 140619282343680] (13)Permission denied: [client 203.133.169.112:60900] AH00529: /var/www/vhosts/saratogahistory.com/httpdocs/phpBB/.htaccess pcfg_openfile: unable to check htaccess file, ensure it is readable and that '/var/www/vhosts/saratogahistory.com/httpdocs/phpBB/' is executable
[Thu Aug 27 20:53:49.914576 2020] [core:crit] [pid 6888:tid 140619187934976] (13)Permission denied: [client 203.133.169.112:32804] AH00529: /var/www/vhosts/saratogahistory.com/httpdocs/phpBB/.htaccess pcfg_openfile: unable to check htaccess file, ensure it is readable and that '/var/www/vhosts/saratogahistory.com/httpdocs/phpBB/' is executable
[Thu Aug 27 20:53:54.926560 2020] [core:crit] [pid 6888:tid 140619229894400] (13)Permission denied: [client 203.133.169.112:32922] AH00529: /var/www/vhosts/saratogahistory.com/httpdocs/phpBB/.htaccess pcfg_openfile: unable to check htaccess file, ensure it is readable and that '/var/www/vhosts/saratogahistory.com/httpdocs/phpBB/' is executable
[Thu Aug 27 20:54:00.084498 2020] [core:crit] [pid 32352:tid 140619376752384] (13)Permission denied: [client 203.133.169.112:33008] AH00529: /var/www/vhosts/saratogahistory.com/httpdocs/phpBB/.htaccess pcfg_openfile: unable to check htaccess file, ensure it is readable and that '/var/www/vhosts/saratogahistory.com/httpdocs/phpBB/' is executable
[Thu Aug 27 20:54:05.114588 2020] [core:crit] [pid 6888:tid 140619208914688] (13)Permission denied: [client 203.133.169.112:33106] AH00529: /var/www/vhosts/saratogahistory.com/httpdocs/phpBB/.htaccess pcfg_openfile: unable to check htaccess file, ensure it is readable and that '/var/www/vhosts/saratogahistory.com/httpdocs/phpBB/' is executable
[Thu Aug 27 20:54:10.036465 2020] [core:crit] [pid 6888:tid 140619156465408] (13)Permission denied: [client 203.133.169.112:33222] AH00529: /var/www/vhosts/saratogahistory.com/httpdocs/phpBB/.htaccess pcfg_openfile: unable to check htaccess file, ensure it is readable and that '/var/www/vhosts/saratogahistory.com/httpdocs/phpBB/' is executable
[Thu Aug 27 20:54:14.944888 2020] [core:crit] [pid 32352:tid 140619345282816] (13)Permission denied: [client 203.133.169.112:33336] AH00529: /var/www/vhosts/saratogahistory.com/httpdocs/phpBB/.htaccess pcfg_openfile: unable to check htaccess file, ensure it is readable and that '/var/www/vhosts/saratogahistory.com/httpdocs/phpBB/' is executable
[Thu Aug 27 20:54:19.949384 2020] [core:crit] [pid 6888:tid 140619219404544] (13)Permission denied: [client 203.133.169.112:33426] AH00529: /var/www/vhosts/saratogahistory.com/httpdocs/phpBB/.htaccess pcfg_openfile: unable to check htaccess file, ensure it is readable and that '/var/www/vhosts/saratogahistory.com/httpdocs/phpBB/' is executable
[Thu Aug 27 20:54:24.942488 2020] [core:crit] [pid 6888:tid 140619124995840] (13)Permission denied: [client 203.133.169.112:33498] AH00529: /var/www/vhosts/saratogahistory.com/httpdocs/phpBB/.htaccess pcfg_openfile: unable to check htaccess file, ensure it is readable and that '/var/www/vhosts/saratogahistory.com/httpdocs/phpBB/' is executable
[Thu Aug 27 20:54:29.816322 2020] [core:crit] [pid 6888:tid 140619145975552] (13)Permission denied: [client 203.133.169.112:33584] AH00529: /var/www/vhosts/saratogahistory.com/httpdocs/phpBB/.htaccess pcfg_openfile: unable to check htaccess file, ensure it is readable and that '/var/www/vhosts/saratogahistory.com/httpdocs/phpBB/' is executable
[Thu Aug 27 20:54:34.997460 2020] [core:crit] [pid 6888:tid 140619177445120] (13)Permission denied: [client 203.133.169.112:33694] AH00529: /var/www/vhosts/saratogahistory.com/httpdocs/phpBB/.htaccess pcfg_openfile: unable to check htaccess file, ensure it is readable and that '/var/www/vhosts/saratogahistory.com/httpdocs/phpBB/' is executable
[Thu Aug 27 20:54:40.057298 2020] [core:crit] [pid 32352:tid 140619187934976] (13)Permission denied: [client 203.133.169.112:33820] AH00529: /var/www/vhosts/saratogahistory.com/httpdocs/phpBB/.htaccess pcfg_openfile: unable to check htaccess file, ensure it is readable and that '/var/www/vhosts/saratogahistory.com/httpdocs/phpBB/' is executable
[Thu Aug 27 20:54:44.958664 2020] [core:crit] [pid 6888:tid 140619355772672] (13)Permission denied: [client 203.133.169.112:33936] AH00529: /var/www/vhosts/saratogahistory.com/httpdocs/phpBB/.htaccess pcfg_openfile: unable to check htaccess file, ensure it is readable and that '/var/www/vhosts/saratogahistory.com/httpdocs/phpBB/' is executable
[Thu Aug 27 20:54:49.853424 2020] [core:crit] [pid 6888:tid 140619376752384] (13)Permission denied: [client 203.133.169.112:34056] AH00529: /var/www/vhosts/saratogahistory.com/httpdocs/phpBB/.htaccess pcfg_openfile: unable to check htaccess file, ensure it is readable and that '/var/www/vhosts/saratogahistory.com/httpdocs/phpBB/' is executable
[Thu Aug 27 20:54:54.846982 2020] [core:crit] [pid 6888:tid 140619135485696] (13)Permission denied: [client 203.133.169.112:34168] AH00529: /var/www/vhosts/saratogahistory.com/httpdocs/phpBB/.htaccess pcfg_openfile: unable to check htaccess file, ensure it is readable and that '/var/www/vhosts/saratogahistory.com/httpdocs/phpBB/' is executable
[Thu Aug 27 20:54:57.162876 2020] [core:crit] [pid 6888:tid 140619313813248] (13)Permission denied: [client 185.25.35.13:34244] AH00529: /var/www/vhosts/saratogahistory.com/httpdocs/phpBB/.htaccess pcfg_openfile: unable to check htaccess file, ensure it is readable and that '/var/www/vhosts/saratogahistory.com/httpdocs/phpBB/' is executable
[Thu Aug 27 20:54:59.850657 2020] [core:crit] [pid 6888:tid 140619303323392] (13)Permission denied: [client 203.133.169.112:34328] AH00529: /var/www/vhosts/saratogahistory.com/httpdocs/phpBB/.htaccess pcfg_openfile: unable to check htaccess file, ensure it is readable and that '/var/www/vhosts/saratogahistory.com/httpdocs/phpBB/' is executable
[Thu Aug 27 20:55:04.906606 2020] [core:crit] [pid 6888:tid 140619292833536] (13)Permission denied: [client 203.133.169.112:34624] AH00529: /var/www/vhosts/saratogahistory.com/httpdocs/phpBB/.htaccess pcfg_openfile: unable to check htaccess file, ensure it is readable and that '/var/www/vhosts/saratogahistory.com/httpdocs/phpBB/' is executable
[Thu Aug 27 20:55:10.002571 2020] [core:crit] [pid 32352:tid 140619177445120] (13)Permission denied: [client 203.133.169.112:34748] AH00529: /var/www/vhosts/saratogahistory.com/httpdocs/phpBB/.htaccess pcfg_openfile: unable to check htaccess file, ensure it is readable and that '/var/www/vhosts/saratogahistory.com/httpdocs/phpBB/' is executable
[Thu Aug 27 21:25:45.445471 2020] [proxy_fcgi:error] [pid 32352:tid 140619292833536] [client 167.88.170.2:34432] AH01071: Got error 'Primary script unknown\n', referer: http://saratogahistory.com/wp-login.php
[Thu Aug 27 21:33:47.897254 2020] [core:crit] [pid 6888:tid 140619355772672] (13)Permission denied: [client 95.55.153.85:50210] AH00529: /var/www/vhosts/saratogahistory.com/httpdocs/phpBB/.htaccess pcfg_openfile: unable to check htaccess file, ensure it is readable and that '/var/www/vhosts/saratogahistory.com/httpdocs/phpBB/' is executable, referer: http://www.saratogahistory.com/phpBB/index.php
[Thu Aug 27 21:33:48.992862 2020] [proxy_fcgi:error] [pid 32352:tid 140619240384256] [client 95.55.153.85:50248] AH01071: Got error 'Primary script unknown\n', referer: http://www.saratogahistory.com/index.php
[Thu Aug 27 21:33:49.308910 2020] [proxy_fcgi:error] [pid 32325:tid 140619229894400] [client 95.55.153.85:50264] AH01071: Got error 'Primary script unknown\n', referer: http://www.saratogahistory.com/index.php
[Thu Aug 27 21:33:49.610804 2020] [proxy_fcgi:error] [pid 32325:tid 140619177445120] [client 95.55.153.85:50282] AH01071: Got error 'Primary script unknown\n', referer: http://www.saratogahistory.com/index.php
[Thu Aug 27 21:44:50.408700 2020] [core:crit] [pid 32352:tid 140619345282816] (13)Permission denied: [client 5.188.84.230:42538] AH00529: /var/www/vhosts/saratogahistory.com/httpdocs/phpBB/.htaccess pcfg_openfile: unable to check htaccess file, ensure it is readable and that '/var/www/vhosts/saratogahistory.com/httpdocs/phpBB/' is executable, referer: http://www.saratogahistory.com/phpBB/index.php
[Thu Aug 27 22:10:40.009617 2020] [core:crit] [pid 32325:tid 140619240384256] (13)Permission denied: [client 185.25.35.11:60354] AH00529: /var/www/vhosts/saratogahistory.com/httpdocs/phpBB/.htaccess pcfg_openfile: unable to check htaccess file, ensure it is readable and that '/var/www/vhosts/saratogahistory.com/httpdocs/phpBB/' is executable
[Thu Aug 27 22:42:46.538077 2020] [core:crit] [pid 6888:tid 140619250874112] (13)Permission denied: [client 109.248.15.169:38726] AH00529: /var/www/vhosts/saratogahistory.com/httpdocs/phpBB/.htaccess pcfg_openfile: unable to check htaccess file, ensure it is readable and that '/var/www/vhosts/saratogahistory.com/httpdocs/phpBB/' is executable, referer: http://www.saratogahistory.com/
[Thu Aug 27 22:42:47.075525 2020] [core:crit] [pid 6888:tid 140619345282816] (13)Permission denied: [client 46.8.212.155:38744] AH00529: /var/www/vhosts/saratogahistory.com/httpdocs/phpBB/.htaccess pcfg_openfile: unable to check htaccess file, ensure it is readable and that '/var/www/vhosts/saratogahistory.com/httpdocs/phpBB/' is executable, referer: http://www.saratogahistory.com/
[Thu Aug 27 22:42:47.543261 2020] [core:crit] [pid 6888:tid 140619240384256] (13)Permission denied: [client 188.130.188.140:38754] AH00529: /var/www/vhosts/saratogahistory.com/httpdocs/phpBB/.htaccess pcfg_openfile: unable to check htaccess file, ensure it is readable and that '/var/www/vhosts/saratogahistory.com/httpdocs/phpBB/' is executable, referer: http://www.saratogahistory.com/
[Thu Aug 27 22:42:48.006480 2020] [core:crit] [pid 6888:tid 140619282343680] (13)Permission denied: [client 188.130.188.140:38760] AH00529: /var/www/vhosts/saratogahistory.com/httpdocs/phpBB/.htaccess pcfg_openfile: unable to check htaccess file, ensure it is readable and that '/var/www/vhosts/saratogahistory.com/httpdocs/phpBB/' is executable, referer: http://www.saratogahistory.com/
[Thu Aug 27 22:47:43.567809 2020] [core:crit] [pid 6888:tid 140619166955264] (13)Permission denied: [client 185.25.35.15:48176] AH00529: /var/www/vhosts/saratogahistory.com/httpdocs/phpBB/.htaccess pcfg_openfile: unable to check htaccess file, ensure it is readable and that '/var/www/vhosts/saratogahistory.com/httpdocs/phpBB/' is executable
[Thu Aug 27 22:58:43.312139 2020] [core:crit] [pid 6888:tid 140619240384256] (13)Permission denied: [client 185.25.35.10:41644] AH00529: /var/www/vhosts/saratogahistory.com/httpdocs/phpBB/.htaccess pcfg_openfile: unable to check htaccess file, ensure it is readable and that '/var/www/vhosts/saratogahistory.com/httpdocs/phpBB/' is executable
[Thu Aug 27 23:12:37.892936 2020] [core:crit] [pid 6888:tid 140619177445120] (13)Permission denied: [client 46.246.65.141:37132] AH00529: /var/www/vhosts/saratogahistory.com/httpdocs/phpBB/.htaccess pcfg_openfile: unable to check htaccess file, ensure it is readable and that '/var/www/vhosts/saratogahistory.com/httpdocs/phpBB/' is executable, referer: http://www.saratogahistory.com/phpBB/index.php
[Thu Aug 27 23:12:38.959346 2020] [core:crit] [pid 6888:tid 140619166955264] (13)Permission denied: [client 46.246.65.141:37158] AH00529: /var/www/vhosts/saratogahistory.com/httpdocs/phpBB/.htaccess pcfg_openfile: unable to check htaccess file, ensure it is readable and that '/var/www/vhosts/saratogahistory.com/httpdocs/phpBB/' is executable, referer: http://www.saratogahistory.com/phpBB/index.php
[Thu Aug 27 23:49:48.746805 2020] [core:crit] [pid 6888:tid 140619156465408] (13)Permission denied: [client 85.206.162.210:45902] AH00529: /var/www/vhosts/saratogahistory.com/httpdocs/phpBB/.htaccess pcfg_openfile: unable to check htaccess file, ensure it is readable and that '/var/www/vhosts/saratogahistory.com/httpdocs/phpBB/' is executable, referer: https://hydraruzxpnew4aff.ru/
[Thu Aug 27 23:57:19.102315 2020] [core:crit] [pid 32352:tid 140619240384256] (13)Permission denied: [client 185.220.100.254:58766] AH00529: /var/www/vhosts/saratogahistory.com/httpdocs/phpBB/.htaccess pcfg_openfile: unable to check htaccess file, ensure it is readable and that '/var/www/vhosts/saratogahistory.com/httpdocs/phpBB/' is executable, referer: http://www.saratogahistory.com/phpBB/index.php
[Fri Aug 28 00:25:57.796503 2020] [core:crit] [pid 6888:tid 140619145975552] (13)Permission denied: [client 103.28.121.58:55108] AH00529: /var/www/vhosts/saratogahistory.com/httpdocs/phpBB/.htaccess pcfg_openfile: unable to check htaccess file, ensure it is readable and that '/var/www/vhosts/saratogahistory.com/httpdocs/phpBB/' is executable, referer: http://www.saratogahistory.com/phpBB/index.php
[Fri Aug 28 01:24:41.569807 2020] [core:crit] [pid 6888:tid 140619292833536] (13)Permission denied: [client 203.133.169.112:47876] AH00529: /var/www/vhosts/saratogahistory.com/httpdocs/phpBB/.htaccess pcfg_openfile: unable to check htaccess file, ensure it is readable and that '/var/www/vhosts/saratogahistory.com/httpdocs/phpBB/' is executable
[Fri Aug 28 01:24:46.565334 2020] [core:crit] [pid 6888:tid 140619303323392] (13)Permission denied: [client 203.133.169.112:48060] AH00529: /var/www/vhosts/saratogahistory.com/httpdocs/phpBB/.htaccess pcfg_openfile: unable to check htaccess file, ensure it is readable and that '/var/www/vhosts/saratogahistory.com/httpdocs/phpBB/' is executable
[Fri Aug 28 01:24:51.554869 2020] [core:crit] [pid 6888:tid 140619324303104] (13)Permission denied: [client 203.133.169.112:48186] AH00529: /var/www/vhosts/saratogahistory.com/httpdocs/phpBB/.htaccess pcfg_openfile: unable to check htaccess file, ensure it is readable and that '/var/www/vhosts/saratogahistory.com/httpdocs/phpBB/' is executable
[Fri Aug 28 01:24:56.444577 2020] [core:crit] [pid 32352:tid 140619271853824] (13)Permission denied: [client 203.133.169.112:48310] AH00529: /var/www/vhosts/saratogahistory.com/httpdocs/phpBB/.htaccess pcfg_openfile: unable to check htaccess file, ensure it is readable and that '/var/www/vhosts/saratogahistory.com/httpdocs/phpBB/' is executable
[Fri Aug 28 01:25:01.327262 2020] [core:crit] [pid 6888:tid 140619366262528] (13)Permission denied: [client 203.133.169.112:48424] AH00529: /var/www/vhosts/saratogahistory.com/httpdocs/phpBB/.htaccess pcfg_openfile: unable to check htaccess file, ensure it is readable and that '/var/www/vhosts/saratogahistory.com/httpdocs/phpBB/' is executable
[Fri Aug 28 01:25:06.322882 2020] [core:crit] [pid 6888:tid 140619271853824] (13)Permission denied: [client 203.133.169.112:48744] AH00529: /var/www/vhosts/saratogahistory.com/httpdocs/phpBB/.htaccess pcfg_openfile: unable to check htaccess file, ensure it is readable and that '/var/www/vhosts/saratogahistory.com/httpdocs/phpBB/' is executable
[Fri Aug 28 01:25:11.583006 2020] [core:crit] [pid 6888:tid 140619198424832] (13)Permission denied: [client 203.133.169.112:48924] AH00529: /var/www/vhosts/saratogahistory.com/httpdocs/phpBB/.htaccess pcfg_openfile: unable to check htaccess file, ensure it is readable and that '/var/www/vhosts/saratogahistory.com/httpdocs/phpBB/' is executable
[Fri Aug 28 01:25:16.582619 2020] [core:crit] [pid 6888:tid 140619250874112] (13)Permission denied: [client 203.133.169.112:49112] AH00529: /var/www/vhosts/saratogahistory.com/httpdocs/phpBB/.htaccess pcfg_openfile: unable to check htaccess file, ensure it is readable and that '/var/www/vhosts/saratogahistory.com/httpdocs/phpBB/' is executable
[Fri Aug 28 01:25:17.638718 2020] [core:crit] [pid 6888:tid 140619345282816] (13)Permission denied: [client 91.122.86.246:49144] AH00529: /var/www/vhosts/saratogahistory.com/httpdocs/phpBB/.htaccess pcfg_openfile: unable to check htaccess file, ensure it is readable and that '/var/www/vhosts/saratogahistory.com/httpdocs/phpBB/' is executable, referer: http://www.saratogahistory.com/phpBB/index.php
[Fri Aug 28 01:25:18.726001 2020] [proxy_fcgi:error] [pid 32352:tid 140619198424832] [client 91.122.86.246:49180] AH01071: Got error 'Primary script unknown\n', referer: http://www.saratogahistory.com/index.php
[Fri Aug 28 01:25:21.605619 2020] [core:crit] [pid 6888:tid 140619261363968] (13)Permission denied: [client 203.133.169.112:49290] AH00529: /var/www/vhosts/saratogahistory.com/httpdocs/phpBB/.htaccess pcfg_openfile: unable to check htaccess file, ensure it is readable and that '/var/www/vhosts/saratogahistory.com/httpdocs/phpBB/' is executable
[Fri Aug 28 01:25:26.492744 2020] [core:crit] [pid 32325:tid 140619240384256] (13)Permission denied: [client 203.133.169.112:49450] AH00529: /var/www/vhosts/saratogahistory.com/httpdocs/phpBB/.htaccess pcfg_openfile: unable to check htaccess file, ensure it is readable and that '/var/www/vhosts/saratogahistory.com/httpdocs/phpBB/' is executable
[Fri Aug 28 01:25:31.401026 2020] [core:crit] [pid 32322:tid 140619313813248] (13)Permission denied: [client 203.133.169.112:49670] AH00529: /var/www/vhosts/saratogahistory.com/httpdocs/phpBB/.htaccess pcfg_openfile: unable to check htaccess file, ensure it is readable and that '/var/www/vhosts/saratogahistory.com/httpdocs/phpBB/' is executable
[Fri Aug 28 01:25:36.292275 2020] [core:crit] [pid 6888:tid 140619229894400] (13)Permission denied: [client 203.133.169.112:49846] AH00529: /var/www/vhosts/saratogahistory.com/httpdocs/phpBB/.htaccess pcfg_openfile: unable to check htaccess file, ensure it is readable and that '/var/www/vhosts/saratogahistory.com/httpdocs/phpBB/' is executable
[Fri Aug 28 01:25:41.193078 2020] [core:crit] [pid 32352:tid 140619282343680] (13)Permission denied: [client 203.133.169.112:50014] AH00529: /var/www/vhosts/saratogahistory.com/httpdocs/phpBB/.htaccess pcfg_openfile: unable to check htaccess file, ensure it is readable and that '/var/www/vhosts/saratogahistory.com/httpdocs/phpBB/' is executable
[Fri Aug 28 01:25:46.073149 2020] [core:crit] [pid 32352:tid 140619292833536] (13)Permission denied: [client 203.133.169.112:50186] AH00529: /var/www/vhosts/saratogahistory.com/httpdocs/phpBB/.htaccess pcfg_openfile: unable to check htaccess file, ensure it is readable and that '/var/www/vhosts/saratogahistory.com/httpdocs/phpBB/' is executable
[Fri Aug 28 01:25:51.066067 2020] [core:crit] [pid 6888:tid 140619208914688] (13)Permission denied: [client 203.133.169.112:50342] AH00529: /var/www/vhosts/saratogahistory.com/httpdocs/phpBB/.htaccess pcfg_openfile: unable to check htaccess file, ensure it is readable and that '/var/www/vhosts/saratogahistory.com/httpdocs/phpBB/' is executable
[Fri Aug 28 01:25:55.995002 2020] [core:crit] [pid 6888:tid 140619156465408] (13)Permission denied: [client 203.133.169.112:50480] AH00529: /var/www/vhosts/saratogahistory.com/httpdocs/phpBB/.htaccess pcfg_openfile: unable to check htaccess file, ensure it is readable and that '/var/www/vhosts/saratogahistory.com/httpdocs/phpBB/' is executable
[Fri Aug 28 01:26:00.907368 2020] [core:crit] [pid 32352:tid 140619124995840] (13)Permission denied: [client 203.133.169.112:50610] AH00529: /var/www/vhosts/saratogahistory.com/httpdocs/phpBB/.htaccess pcfg_openfile: unable to check htaccess file, ensure it is readable and that '/var/www/vhosts/saratogahistory.com/httpdocs/phpBB/' is executable
[Fri Aug 28 01:26:05.844954 2020] [core:crit] [pid 32352:tid 140619313813248] (13)Permission denied: [client 203.133.169.112:50852] AH00529: /var/www/vhosts/saratogahistory.com/httpdocs/phpBB/.htaccess pcfg_openfile: unable to check htaccess file, ensure it is readable and that '/var/www/vhosts/saratogahistory.com/httpdocs/phpBB/' is executable
[Fri Aug 28 01:26:10.735228 2020] [core:crit] [pid 6888:tid 140619219404544] (13)Permission denied: [client 203.133.169.112:51046] AH00529: /var/www/vhosts/saratogahistory.com/httpdocs/phpBB/.htaccess pcfg_openfile: unable to check htaccess file, ensure it is readable and that '/var/www/vhosts/saratogahistory.com/httpdocs/phpBB/' is executable
[Fri Aug 28 01:26:15.607043 2020] [core:crit] [pid 32352:tid 140619261363968] (13)Permission denied: [client 203.133.169.112:51166] AH00529: /var/www/vhosts/saratogahistory.com/httpdocs/phpBB/.htaccess pcfg_openfile: unable to check htaccess file, ensure it is readable and that '/var/www/vhosts/saratogahistory.com/httpdocs/phpBB/' is executable
[Fri Aug 28 01:26:20.488115 2020] [core:crit] [pid 32352:tid 140619324303104] (13)Permission denied: [client 203.133.169.112:51298] AH00529: /var/www/vhosts/saratogahistory.com/httpdocs/phpBB/.htaccess pcfg_openfile: unable to check htaccess file, ensure it is readable and that '/var/www/vhosts/saratogahistory.com/httpdocs/phpBB/' is executable
[Fri Aug 28 01:26:25.487420 2020] [core:crit] [pid 6888:tid 140619145975552] (13)Permission denied: [client 203.133.169.112:51438] AH00529: /var/www/vhosts/saratogahistory.com/httpdocs/phpBB/.htaccess pcfg_openfile: unable to check htaccess file, ensure it is readable and that '/var/www/vhosts/saratogahistory.com/httpdocs/phpBB/' is executable
[Fri Aug 28 01:26:30.414742 2020] [core:crit] [pid 6888:tid 140619124995840] (13)Permission denied: [client 203.133.169.112:51546] AH00529: /var/www/vhosts/saratogahistory.com/httpdocs/phpBB/.htaccess pcfg_openfile: unable to check htaccess file, ensure it is readable and that '/var/www/vhosts/saratogahistory.com/httpdocs/phpBB/' is executable
[Fri Aug 28 01:26:35.326885 2020] [core:crit] [pid 32352:tid 140619240384256] (13)Permission denied: [client 203.133.169.112:51668] AH00529: /var/www/vhosts/saratogahistory.com/httpdocs/phpBB/.htaccess pcfg_openfile: unable to check htaccess file, ensure it is readable and that '/var/www/vhosts/saratogahistory.com/httpdocs/phpBB/' is executable
[Fri Aug 28 01:26:40.339682 2020] [core:crit] [pid 6888:tid 140619177445120] (13)Permission denied: [client 203.133.169.112:51826] AH00529: /var/www/vhosts/saratogahistory.com/httpdocs/phpBB/.htaccess pcfg_openfile: unable to check htaccess file, ensure it is readable and that '/var/www/vhosts/saratogahistory.com/httpdocs/phpBB/' is executable
[Fri Aug 28 01:26:45.233310 2020] [core:crit] [pid 6888:tid 140619355772672] (13)Permission denied: [client 203.133.169.112:51978] AH00529: /var/www/vhosts/saratogahistory.com/httpdocs/phpBB/.htaccess pcfg_openfile: unable to check htaccess file, ensure it is readable and that '/var/www/vhosts/saratogahistory.com/httpdocs/phpBB/' is executable
[Fri Aug 28 01:26:50.249258 2020] [core:crit] [pid 6888:tid 140619376752384] (13)Permission denied: [client 203.133.169.112:52108] AH00529: /var/www/vhosts/saratogahistory.com/httpdocs/phpBB/.htaccess pcfg_openfile: unable to check htaccess file, ensure it is readable and that '/var/www/vhosts/saratogahistory.com/httpdocs/phpBB/' is executable
[Fri Aug 28 01:26:55.234688 2020] [core:crit] [pid 6888:tid 140619135485696] (13)Permission denied: [client 203.133.169.112:52220] AH00529: /var/www/vhosts/saratogahistory.com/httpdocs/phpBB/.htaccess pcfg_openfile: unable to check htaccess file, ensure it is readable and that '/var/www/vhosts/saratogahistory.com/httpdocs/phpBB/' is executable
[Fri Aug 28 01:27:00.193463 2020] [core:crit] [pid 6888:tid 140619334792960] (13)Permission denied: [client 203.133.169.112:52316] AH00529: /var/www/vhosts/saratogahistory.com/httpdocs/phpBB/.htaccess pcfg_openfile: unable to check htaccess file, ensure it is readable and that '/var/www/vhosts/saratogahistory.com/httpdocs/phpBB/' is executable
[Fri Aug 28 01:27:05.180269 2020] [core:crit] [pid 32352:tid 140619355772672] (13)Permission denied: [client 203.133.169.112:52464] AH00529: /var/www/vhosts/saratogahistory.com/httpdocs/phpBB/.htaccess pcfg_openfile: unable to check htaccess file, ensure it is readable and that '/var/www/vhosts/saratogahistory.com/httpdocs/phpBB/' is executable
[Fri Aug 28 01:27:10.246677 2020] [core:crit] [pid 32325:tid 140619292833536] (13)Permission denied: [client 203.133.169.112:52568] AH00529: /var/www/vhosts/saratogahistory.com/httpdocs/phpBB/.htaccess pcfg_openfile: unable to check htaccess file, ensure it is readable and that '/var/www/vhosts/saratogahistory.com/httpdocs/phpBB/' is executable
[Fri Aug 28 01:27:15.119792 2020] [core:crit] [pid 6888:tid 140619313813248] (13)Permission denied: [client 203.133.169.112:52708] AH00529: /var/www/vhosts/saratogahistory.com/httpdocs/phpBB/.htaccess pcfg_openfile: unable to check htaccess file, ensure it is readable and that '/var/www/vhosts/saratogahistory.com/httpdocs/phpBB/' is executable
[Fri Aug 28 01:27:20.002031 2020] [core:crit] [pid 6888:tid 140619292833536] (13)Permission denied: [client 203.133.169.112:52844] AH00529: /var/www/vhosts/saratogahistory.com/httpdocs/phpBB/.htaccess pcfg_openfile: unable to check htaccess file, ensure it is readable and that '/var/www/vhosts/saratogahistory.com/httpdocs/phpBB/' is executable
[Fri Aug 28 01:27:24.930185 2020] [core:crit] [pid 6888:tid 140619303323392] (13)Permission denied: [client 203.133.169.112:52960] AH00529: /var/www/vhosts/saratogahistory.com/httpdocs/phpBB/.htaccess pcfg_openfile: unable to check htaccess file, ensure it is readable and that '/var/www/vhosts/saratogahistory.com/httpdocs/phpBB/' is executable
[Fri Aug 28 01:27:30.174805 2020] [core:crit] [pid 6888:tid 140619324303104] (13)Permission denied: [client 203.133.169.112:53070] AH00529: /var/www/vhosts/saratogahistory.com/httpdocs/phpBB/.htaccess pcfg_openfile: unable to check htaccess file, ensure it is readable and that '/var/www/vhosts/saratogahistory.com/httpdocs/phpBB/' is executable
[Fri Aug 28 01:27:35.175246 2020] [core:crit] [pid 32352:tid 140619208914688] (13)Permission denied: [client 203.133.169.112:53216] AH00529: /var/www/vhosts/saratogahistory.com/httpdocs/phpBB/.htaccess pcfg_openfile: unable to check htaccess file, ensure it is readable and that '/var/www/vhosts/saratogahistory.com/httpdocs/phpBB/' is executable
[Fri Aug 28 01:27:40.066047 2020] [core:crit] [pid 32352:tid 140619229894400] (13)Permission denied: [client 203.133.169.112:53338] AH00529: /var/www/vhosts/saratogahistory.com/httpdocs/phpBB/.htaccess pcfg_openfile: unable to check htaccess file, ensure it is readable and that '/var/www/vhosts/saratogahistory.com/httpdocs/phpBB/' is executable
[Fri Aug 28 01:27:44.963167 2020] [core:crit] [pid 6888:tid 140619366262528] (13)Permission denied: [client 203.133.169.112:53470] AH00529: /var/www/vhosts/saratogahistory.com/httpdocs/phpBB/.htaccess pcfg_openfile: unable to check htaccess file, ensure it is readable and that '/var/www/vhosts/saratogahistory.com/httpdocs/phpBB/' is executable
[Fri Aug 28 01:27:49.873305 2020] [core:crit] [pid 6888:tid 140619271853824] (13)Permission denied: [client 203.133.169.112:53594] AH00529: /var/www/vhosts/saratogahistory.com/httpdocs/phpBB/.htaccess pcfg_openfile: unable to check htaccess file, ensure it is readable and that '/var/www/vhosts/saratogahistory.com/httpdocs/phpBB/' is executable
[Fri Aug 28 01:27:54.858372 2020] [core:crit] [pid 32352:tid 140619334792960] (13)Permission denied: [client 203.133.169.112:53756] AH00529: /var/www/vhosts/saratogahistory.com/httpdocs/phpBB/.htaccess pcfg_openfile: unable to check htaccess file, ensure it is readable and that '/var/www/vhosts/saratogahistory.com/httpdocs/phpBB/' is executable
[Fri Aug 28 01:27:59.784819 2020] [core:crit] [pid 6888:tid 140619198424832] (13)Permission denied: [client 203.133.169.112:53914] AH00529: /var/www/vhosts/saratogahistory.com/httpdocs/phpBB/.htaccess pcfg_openfile: unable to check htaccess file, ensure it is readable and that '/var/www/vhosts/saratogahistory.com/httpdocs/phpBB/' is executable
[Fri Aug 28 01:28:04.967944 2020] [core:crit] [pid 6888:tid 140619250874112] (13)Permission denied: [client 203.133.169.112:54092] AH00529: /var/www/vhosts/saratogahistory.com/httpdocs/phpBB/.htaccess pcfg_openfile: unable to check htaccess file, ensure it is readable and that '/var/www/vhosts/saratogahistory.com/httpdocs/phpBB/' is executable
[Fri Aug 28 01:28:09.847546 2020] [core:crit] [pid 6888:tid 140619345282816] (13)Permission denied: [client 203.133.169.112:54326] AH00529: /var/www/vhosts/saratogahistory.com/httpdocs/phpBB/.htaccess pcfg_openfile: unable to check htaccess file, ensure it is readable and that '/var/www/vhosts/saratogahistory.com/httpdocs/phpBB/' is executable
[Fri Aug 28 01:28:14.739705 2020] [core:crit] [pid 6888:tid 140619240384256] (13)Permission denied: [client 203.133.169.112:54532] AH00529: /var/www/vhosts/saratogahistory.com/httpdocs/phpBB/.htaccess pcfg_openfile: unable to check htaccess file, ensure it is readable and that '/var/www/vhosts/saratogahistory.com/httpdocs/phpBB/' is executable
[Fri Aug 28 01:28:19.741438 2020] [core:crit] [pid 32352:tid 140619366262528] (13)Permission denied: [client 203.133.169.112:54672] AH00529: /var/www/vhosts/saratogahistory.com/httpdocs/phpBB/.htaccess pcfg_openfile: unable to check htaccess file, ensure it is readable and that '/var/www/vhosts/saratogahistory.com/httpdocs/phpBB/' is executable
[Fri Aug 28 01:28:24.736097 2020] [core:crit] [pid 6888:tid 140619282343680] (13)Permission denied: [client 203.133.169.112:54814] AH00529: /var/www/vhosts/saratogahistory.com/httpdocs/phpBB/.htaccess pcfg_openfile: unable to check htaccess file, ensure it is readable and that '/var/www/vhosts/saratogahistory.com/httpdocs/phpBB/' is executable
[Fri Aug 28 01:28:29.760920 2020] [core:crit] [pid 32325:tid 140619282343680] (13)Permission denied: [client 203.133.169.112:54964] AH00529: /var/www/vhosts/saratogahistory.com/httpdocs/phpBB/.htaccess pcfg_openfile: unable to check htaccess file, ensure it is readable and that '/var/www/vhosts/saratogahistory.com/httpdocs/phpBB/' is executable
[Fri Aug 28 01:28:34.642871 2020] [core:crit] [pid 32352:tid 140619376752384] (13)Permission denied: [client 203.133.169.112:55086] AH00529: /var/www/vhosts/saratogahistory.com/httpdocs/phpBB/.htaccess pcfg_openfile: unable to check htaccess file, ensure it is readable and that '/var/www/vhosts/saratogahistory.com/httpdocs/phpBB/' is executable
[Fri Aug 28 01:28:39.643066 2020] [core:crit] [pid 6888:tid 140619229894400] (13)Permission denied: [client 203.133.169.112:55232] AH00529: /var/www/vhosts/saratogahistory.com/httpdocs/phpBB/.htaccess pcfg_openfile: unable to check htaccess file, ensure it is readable and that '/var/www/vhosts/saratogahistory.com/httpdocs/phpBB/' is executable
[Fri Aug 28 01:28:44.532607 2020] [core:crit] [pid 6888:tid 140619208914688] (13)Permission denied: [client 203.133.169.112:55378] AH00529: /var/www/vhosts/saratogahistory.com/httpdocs/phpBB/.htaccess pcfg_openfile: unable to check htaccess file, ensure it is readable and that '/var/www/vhosts/saratogahistory.com/httpdocs/phpBB/' is executable
[Fri Aug 28 01:28:49.433435 2020] [core:crit] [pid 32352:tid 140619345282816] (13)Permission denied: [client 203.133.169.112:55506] AH00529: /var/www/vhosts/saratogahistory.com/httpdocs/phpBB/.htaccess pcfg_openfile: unable to check htaccess file, ensure it is readable and that '/var/www/vhosts/saratogahistory.com/httpdocs/phpBB/' is executable
[Fri Aug 28 01:28:54.447377 2020] [core:crit] [pid 6888:tid 140619156465408] (13)Permission denied: [client 203.133.169.112:55628] AH00529: /var/www/vhosts/saratogahistory.com/httpdocs/phpBB/.htaccess pcfg_openfile: unable to check htaccess file, ensure it is readable and that '/var/www/vhosts/saratogahistory.com/httpdocs/phpBB/' is executable
[Fri Aug 28 01:28:59.460432 2020] [core:crit] [pid 32352:tid 140619187934976] (13)Permission denied: [client 203.133.169.112:55800] AH00529: /var/www/vhosts/saratogahistory.com/httpdocs/phpBB/.htaccess pcfg_openfile: unable to check htaccess file, ensure it is readable and that '/var/www/vhosts/saratogahistory.com/httpdocs/phpBB/' is executable
[Fri Aug 28 01:29:04.361391 2020] [core:crit] [pid 32325:tid 140619271853824] (13)Permission denied: [client 203.133.169.112:55930] AH00529: /var/www/vhosts/saratogahistory.com/httpdocs/phpBB/.htaccess pcfg_openfile: unable to check htaccess file, ensure it is readable and that '/var/www/vhosts/saratogahistory.com/httpdocs/phpBB/' is executable
[Fri Aug 28 01:29:09.417742 2020] [core:crit] [pid 6888:tid 140619219404544] (13)Permission denied: [client 203.133.169.112:56048] AH00529: /var/www/vhosts/saratogahistory.com/httpdocs/phpBB/.htaccess pcfg_openfile: unable to check htaccess file, ensure it is readable and that '/var/www/vhosts/saratogahistory.com/httpdocs/phpBB/' is executable
[Fri Aug 28 01:29:14.576903 2020] [core:crit] [pid 6888:tid 140619145975552] (13)Permission denied: [client 203.133.169.112:56222] AH00529: /var/www/vhosts/saratogahistory.com/httpdocs/phpBB/.htaccess pcfg_openfile: unable to check htaccess file, ensure it is readable and that '/var/www/vhosts/saratogahistory.com/httpdocs/phpBB/' is executable
[Fri Aug 28 01:29:19.597300 2020] [core:crit] [pid 6888:tid 140619124995840] (13)Permission denied: [client 203.133.169.112:56426] AH00529: /var/www/vhosts/saratogahistory.com/httpdocs/phpBB/.htaccess pcfg_openfile: unable to check htaccess file, ensure it is readable and that '/var/www/vhosts/saratogahistory.com/httpdocs/phpBB/' is executable
[Fri Aug 28 01:29:24.492104 2020] [core:crit] [pid 6888:tid 140619177445120] (13)Permission denied: [client 203.133.169.112:56692] AH00529: /var/www/vhosts/saratogahistory.com/httpdocs/phpBB/.htaccess pcfg_openfile: unable to check htaccess file, ensure it is readable and that '/var/www/vhosts/saratogahistory.com/httpdocs/phpBB/' is executable
[Fri Aug 28 01:29:29.481697 2020] [core:crit] [pid 6888:tid 140619166955264] (13)Permission denied: [client 203.133.169.112:56850] AH00529: /var/www/vhosts/saratogahistory.com/httpdocs/phpBB/.htaccess pcfg_openfile: unable to check htaccess file, ensure it is readable and that '/var/www/vhosts/saratogahistory.com/httpdocs/phpBB/' is executable
[Fri Aug 28 01:29:34.459274 2020] [core:crit] [pid 6888:tid 140619355772672] (13)Permission denied: [client 203.133.169.112:56974] AH00529: /var/www/vhosts/saratogahistory.com/httpdocs/phpBB/.htaccess pcfg_openfile: unable to check htaccess file, ensure it is readable and that '/var/www/vhosts/saratogahistory.com/httpdocs/phpBB/' is executable
[Fri Aug 28 01:29:39.363547 2020] [core:crit] [pid 6888:tid 140619376752384] (13)Permission denied: [client 203.133.169.112:57134] AH00529: /var/www/vhosts/saratogahistory.com/httpdocs/phpBB/.htaccess pcfg_openfile: unable to check htaccess file, ensure it is readable and that '/var/www/vhosts/saratogahistory.com/httpdocs/phpBB/' is executable
[Fri Aug 28 01:29:44.374661 2020] [core:crit] [pid 6888:tid 140619135485696] (13)Permission denied: [client 203.133.169.112:57264] AH00529: /var/www/vhosts/saratogahistory.com/httpdocs/phpBB/.htaccess pcfg_openfile: unable to check htaccess file, ensure it is readable and that '/var/www/vhosts/saratogahistory.com/httpdocs/phpBB/' is executable
[Fri Aug 28 01:29:49.415181 2020] [core:crit] [pid 6888:tid 140619334792960] (13)Permission denied: [client 203.133.169.112:57392] AH00529: /var/www/vhosts/saratogahistory.com/httpdocs/phpBB/.htaccess pcfg_openfile: unable to check htaccess file, ensure it is readable and that '/var/www/vhosts/saratogahistory.com/httpdocs/phpBB/' is executable
[Fri Aug 28 01:29:54.410444 2020] [core:crit] [pid 6888:tid 140619313813248] (13)Permission denied: [client 203.133.169.112:57480] AH00529: /var/www/vhosts/saratogahistory.com/httpdocs/phpBB/.htaccess pcfg_openfile: unable to check htaccess file, ensure it is readable and that '/var/www/vhosts/saratogahistory.com/httpdocs/phpBB/' is executable
[Fri Aug 28 01:29:59.292130 2020] [core:crit] [pid 6888:tid 140619292833536] (13)Permission denied: [client 203.133.169.112:57624] AH00529: /var/www/vhosts/saratogahistory.com/httpdocs/phpBB/.htaccess pcfg_openfile: unable to check htaccess file, ensure it is readable and that '/var/www/vhosts/saratogahistory.com/httpdocs/phpBB/' is executable
[Fri Aug 28 01:30:04.218934 2020] [core:crit] [pid 32352:tid 140619219404544] (13)Permission denied: [client 203.133.169.112:57908] AH00529: /var/www/vhosts/saratogahistory.com/httpdocs/phpBB/.htaccess pcfg_openfile: unable to check htaccess file, ensure it is readable and that '/var/www/vhosts/saratogahistory.com/httpdocs/phpBB/' is executable
[Fri Aug 28 01:30:09.274232 2020] [core:crit] [pid 6888:tid 140619303323392] (13)Permission denied: [client 203.133.169.112:58044] AH00529: /var/www/vhosts/saratogahistory.com/httpdocs/phpBB/.htaccess pcfg_openfile: unable to check htaccess file, ensure it is readable and that '/var/www/vhosts/saratogahistory.com/httpdocs/phpBB/' is executable
[Fri Aug 28 01:30:14.262403 2020] [core:crit] [pid 6888:tid 140619324303104] (13)Permission denied: [client 203.133.169.112:58180] AH00529: /var/www/vhosts/saratogahistory.com/httpdocs/phpBB/.htaccess pcfg_openfile: unable to check htaccess file, ensure it is readable and that '/var/www/vhosts/saratogahistory.com/httpdocs/phpBB/' is executable
[Fri Aug 28 01:30:19.139310 2020] [core:crit] [pid 32322:tid 140619303323392] (13)Permission denied: [client 203.133.169.112:58292] AH00529: /var/www/vhosts/saratogahistory.com/httpdocs/phpBB/.htaccess pcfg_openfile: unable to check htaccess file, ensure it is readable and that '/var/www/vhosts/saratogahistory.com/httpdocs/phpBB/' is executable
[Fri Aug 28 01:30:24.377319 2020] [core:crit] [pid 32352:tid 140619145975552] (13)Permission denied: [client 203.133.169.112:58398] AH00529: /var/www/vhosts/saratogahistory.com/httpdocs/phpBB/.htaccess pcfg_openfile: unable to check htaccess file, ensure it is readable and that '/var/www/vhosts/saratogahistory.com/httpdocs/phpBB/' is executable
[Fri Aug 28 01:30:29.301665 2020] [core:crit] [pid 32322:tid 140619292833536] (13)Permission denied: [client 203.133.169.112:58530] AH00529: /var/www/vhosts/saratogahistory.com/httpdocs/phpBB/.htaccess pcfg_openfile: unable to check htaccess file, ensure it is readable and that '/var/www/vhosts/saratogahistory.com/httpdocs/phpBB/' is executable
[Fri Aug 28 01:30:34.307447 2020] [core:crit] [pid 6888:tid 140619366262528] (13)Permission denied: [client 203.133.169.112:58688] AH00529: /var/www/vhosts/saratogahistory.com/httpdocs/phpBB/.htaccess pcfg_openfile: unable to check htaccess file, ensure it is readable and that '/var/www/vhosts/saratogahistory.com/httpdocs/phpBB/' is executable
[Fri Aug 28 01:30:39.288237 2020] [core:crit] [pid 6888:tid 140619271853824] (13)Permission denied: [client 203.133.169.112:58792] AH00529: /var/www/vhosts/saratogahistory.com/httpdocs/phpBB/.htaccess pcfg_openfile: unable to check htaccess file, ensure it is readable and that '/var/www/vhosts/saratogahistory.com/httpdocs/phpBB/' is executable
[Fri Aug 28 01:30:44.199649 2020] [core:crit] [pid 6888:tid 140619198424832] (13)Permission denied: [client 203.133.169.112:58940] AH00529: /var/www/vhosts/saratogahistory.com/httpdocs/phpBB/.htaccess pcfg_openfile: unable to check htaccess file, ensure it is readable and that '/var/www/vhosts/saratogahistory.com/httpdocs/phpBB/' is executable
[Fri Aug 28 01:30:49.074987 2020] [core:crit] [pid 6888:tid 140619250874112] (13)Permission denied: [client 203.133.169.112:59088] AH00529: /var/www/vhosts/saratogahistory.com/httpdocs/phpBB/.htaccess pcfg_openfile: unable to check htaccess file, ensure it is readable and that '/var/www/vhosts/saratogahistory.com/httpdocs/phpBB/' is executable
[Fri Aug 28 01:30:53.971686 2020] [core:crit] [pid 6888:tid 140619345282816] (13)Permission denied: [client 203.133.169.112:59152] AH00529: /var/www/vhosts/saratogahistory.com/httpdocs/phpBB/.htaccess pcfg_openfile: unable to check htaccess file, ensure it is readable and that '/var/www/vhosts/saratogahistory.com/httpdocs/phpBB/' is executable
[Fri Aug 28 01:30:59.049847 2020] [core:crit] [pid 32352:tid 140619177445120] (13)Permission denied: [client 203.133.169.112:59260] AH00529: /var/www/vhosts/saratogahistory.com/httpdocs/phpBB/.htaccess pcfg_openfile: unable to check htaccess file, ensure it is readable and that '/var/www/vhosts/saratogahistory.com/httpdocs/phpBB/' is executable
[Fri Aug 28 01:31:03.941870 2020] [core:crit] [pid 32352:tid 140619166955264] (13)Permission denied: [client 203.133.169.112:59404] AH00529: /var/www/vhosts/saratogahistory.com/httpdocs/phpBB/.htaccess pcfg_openfile: unable to check htaccess file, ensure it is readable and that '/var/www/vhosts/saratogahistory.com/httpdocs/phpBB/' is executable
[Fri Aug 28 01:31:08.936962 2020] [core:crit] [pid 6888:tid 140619240384256] (13)Permission denied: [client 203.133.169.112:59580] AH00529: /var/www/vhosts/saratogahistory.com/httpdocs/phpBB/.htaccess pcfg_openfile: unable to check htaccess file, ensure it is readable and that '/var/www/vhosts/saratogahistory.com/httpdocs/phpBB/' is executable
[Fri Aug 28 01:31:13.842847 2020] [core:crit] [pid 32352:tid 140619135485696] (13)Permission denied: [client 203.133.169.112:59688] AH00529: /var/www/vhosts/saratogahistory.com/httpdocs/phpBB/.htaccess pcfg_openfile: unable to check htaccess file, ensure it is readable and that '/var/www/vhosts/saratogahistory.com/httpdocs/phpBB/' is executable
[Fri Aug 28 01:42:02.606111 2020] [core:crit] [pid 6888:tid 140619313813248] (13)Permission denied: [client 5.167.149.174:50480] AH00529: /var/www/vhosts/saratogahistory.com/httpdocs/phpBB/.htaccess pcfg_openfile: unable to check htaccess file, ensure it is readable and that '/var/www/vhosts/saratogahistory.com/httpdocs/phpBB/' is executable, referer: http://www.saratogahistory.com/phpBB/index.php
[Fri Aug 28 01:42:03.723196 2020] [proxy_fcgi:error] [pid 32325:tid 140619208914688] [client 5.167.149.174:50522] AH01071: Got error 'Primary script unknown\n', referer: http://www.saratogahistory.com/index.php
[Fri Aug 28 01:42:04.042944 2020] [proxy_fcgi:error] [pid 32325:tid 140619376752384] [client 5.167.149.174:50558] AH01071: Got error 'Primary script unknown\n', referer: http://www.saratogahistory.com/index.php
[Fri Aug 28 01:42:04.366184 2020] [proxy_fcgi:error] [pid 32352:tid 140619229894400] [client 5.167.149.174:50582] AH01071: Got error 'Primary script unknown\n', referer: http://www.saratogahistory.com/index.php
[Fri Aug 28 02:35:10.665831 2020] [core:crit] [pid 32352:tid 140619240384256] (13)Permission denied: [client 40.77.167.10:35992] AH00529: /var/www/vhosts/saratogahistory.com/httpdocs/phpBB/.htaccess pcfg_openfile: unable to check htaccess file, ensure it is readable and that '/var/www/vhosts/saratogahistory.com/httpdocs/phpBB/' is executable
[Fri Aug 28 02:36:37.530627 2020] [core:crit] [pid 6888:tid 140619292833536] (13)Permission denied: [client 66.249.64.87:38158] AH00529: /var/www/vhosts/saratogahistory.com/httpdocs/phpBB/.htaccess pcfg_openfile: unable to check htaccess file, ensure it is readable and that '/var/www/vhosts/saratogahistory.com/httpdocs/phpBB/' is executable, referer: http://www.saratogahistory.com/phpBB/viewtopic.php?p=985&sid=679932748d14238b3e9ada353def6e14
[Fri Aug 28 02:51:20.441528 2020] [core:crit] [pid 32352:tid 140619334792960] (13)Permission denied: [client 185.25.35.10:35762] AH00529: /var/www/vhosts/saratogahistory.com/httpdocs/phpBB/.htaccess pcfg_openfile: unable to check htaccess file, ensure it is readable and that '/var/www/vhosts/saratogahistory.com/httpdocs/phpBB/' is executable
[Fri Aug 28 02:54:46.137663 2020] [core:crit] [pid 32352:tid 140619366262528] (13)Permission denied: [client 46.246.65.141:41070] AH00529: /var/www/vhosts/saratogahistory.com/httpdocs/phpBB/.htaccess pcfg_openfile: unable to check htaccess file, ensure it is readable and that '/var/www/vhosts/saratogahistory.com/httpdocs/phpBB/' is executable, referer: http://www.saratogahistory.com/phpBB/index.php
[Fri Aug 28 02:54:46.158234 2020] [core:crit] [pid 32352:tid 140619376752384] (13)Permission denied: [client 46.246.65.141:41072] AH00529: /var/www/vhosts/saratogahistory.com/httpdocs/phpBB/.htaccess pcfg_openfile: unable to check htaccess file, ensure it is readable and that '/var/www/vhosts/saratogahistory.com/httpdocs/phpBB/' is executable, referer: http://www.saratogahistory.com/phpBB/index.php
[Fri Aug 28 02:56:30.875651 2020] [core:crit] [pid 32352:tid 140619156465408] (13)Permission denied: [client 77.247.181.162:43790] AH00529: /var/www/vhosts/saratogahistory.com/httpdocs/phpBB/.htaccess pcfg_openfile: unable to check htaccess file, ensure it is readable and that '/var/www/vhosts/saratogahistory.com/httpdocs/phpBB/' is executable, referer: http://www.saratogahistory.com/phpBB/index.php
[Fri Aug 28 03:08:21.980980 2020] [core:crit] [pid 32352:tid 140619292833536] (13)Permission denied: [client 188.163.109.153:38932] AH00529: /var/www/vhosts/saratogahistory.com/httpdocs/phpBB/.htaccess pcfg_openfile: unable to check htaccess file, ensure it is readable and that '/var/www/vhosts/saratogahistory.com/httpdocs/phpBB/' is executable, referer: http://www.saratogahistory.com/phpBB/index.php
[Fri Aug 28 03:31:02.030520 2020] [core:crit] [pid 6888:tid 140619156465408] (13)Permission denied: [client 209.141.39.33:52194] AH00529: /var/www/vhosts/saratogahistory.com/httpdocs/phpBB/.htaccess pcfg_openfile: unable to check htaccess file, ensure it is readable and that '/var/www/vhosts/saratogahistory.com/httpdocs/phpBB/' is executable, referer: http://www.saratogahistory.com/phpBB/index.php
[Fri Aug 28 03:45:54.026222 2020] [core:crit] [pid 32352:tid 140619208914688] (13)Permission denied: [client 174.76.35.15:49800] AH00529: /var/www/vhosts/saratogahistory.com/httpdocs/phpBB/.htaccess pcfg_openfile: unable to check htaccess file, ensure it is readable and that '/var/www/vhosts/saratogahistory.com/httpdocs/phpBB/' is executable, referer: http://www.saratogahistory.com/phpBB/index.php
[Fri Aug 28 04:01:29.294364 2020] [core:crit] [pid 6888:tid 140619166955264] (13)Permission denied: [client 185.25.35.14:49972] AH00529: /var/www/vhosts/saratogahistory.com/httpdocs/phpBB/.htaccess pcfg_openfile: unable to check htaccess file, ensure it is readable and that '/var/www/vhosts/saratogahistory.com/httpdocs/phpBB/' is executable
[Fri Aug 28 04:38:55.671605 2020] [core:crit] [pid 32325:tid 140619124995840] (13)Permission denied: [client 185.25.35.13:36506] AH00529: /var/www/vhosts/saratogahistory.com/httpdocs/phpBB/.htaccess pcfg_openfile: unable to check htaccess file, ensure it is readable and that '/var/www/vhosts/saratogahistory.com/httpdocs/phpBB/' is executable
[Fri Aug 28 04:50:20.459118 2020] [core:crit] [pid 32352:tid 140619156465408] (13)Permission denied: [client 185.25.35.8:57970] AH00529: /var/www/vhosts/saratogahistory.com/httpdocs/phpBB/.htaccess pcfg_openfile: unable to check htaccess file, ensure it is readable and that '/var/www/vhosts/saratogahistory.com/httpdocs/phpBB/' is executable
[Fri Aug 28 05:01:24.417016 2020] [core:crit] [pid 6888:tid 140619366262528] (13)Permission denied: [client 198.144.149.253:49664] AH00529: /var/www/vhosts/saratogahistory.com/httpdocs/phpBB/.htaccess pcfg_openfile: unable to check htaccess file, ensure it is readable and that '/var/www/vhosts/saratogahistory.com/httpdocs/phpBB/' is executable, referer: http://www.saratogahistory.com/phpBB/index.php
[Fri Aug 28 05:40:32.009923 2020] [core:crit] [pid 6888:tid 140619303323392] (13)Permission denied: [client 66.249.64.89:42374] AH00529: /var/www/vhosts/saratogahistory.com/httpdocs/phpBB/.htaccess pcfg_openfile: unable to check htaccess file, ensure it is readable and that '/var/www/vhosts/saratogahistory.com/httpdocs/phpBB/' is executable
[Fri Aug 28 05:41:06.527014 2020] [core:crit] [pid 32352:tid 140619324303104] (13)Permission denied: [client 66.249.64.87:43652] AH00529: /var/www/vhosts/saratogahistory.com/httpdocs/phpBB/.htaccess pcfg_openfile: unable to check htaccess file, ensure it is readable and that '/var/www/vhosts/saratogahistory.com/httpdocs/phpBB/' is executable
[Fri Aug 28 05:41:40.008964 2020] [core:crit] [pid 6888:tid 140619198424832] (13)Permission denied: [client 66.249.64.87:44642] AH00529: /var/www/vhosts/saratogahistory.com/httpdocs/phpBB/.htaccess pcfg_openfile: unable to check htaccess file, ensure it is readable and that '/var/www/vhosts/saratogahistory.com/httpdocs/phpBB/' is executable
[Fri Aug 28 05:42:14.220141 2020] [core:crit] [pid 6888:tid 140619345282816] (13)Permission denied: [client 66.249.64.87:45868] AH00529: /var/www/vhosts/saratogahistory.com/httpdocs/phpBB/.htaccess pcfg_openfile: unable to check htaccess file, ensure it is readable and that '/var/www/vhosts/saratogahistory.com/httpdocs/phpBB/' is executable
[Fri Aug 28 05:42:30.461974 2020] [core:crit] [pid 6888:tid 140619282343680] (13)Permission denied: [client 203.133.169.112:46352] AH00529: /var/www/vhosts/saratogahistory.com/httpdocs/phpBB/.htaccess pcfg_openfile: unable to check htaccess file, ensure it is readable and that '/var/www/vhosts/saratogahistory.com/httpdocs/phpBB/' is executable
[Fri Aug 28 05:42:35.472484 2020] [core:crit] [pid 32352:tid 140619240384256] (13)Permission denied: [client 203.133.169.112:46500] AH00529: /var/www/vhosts/saratogahistory.com/httpdocs/phpBB/.htaccess pcfg_openfile: unable to check htaccess file, ensure it is readable and that '/var/www/vhosts/saratogahistory.com/httpdocs/phpBB/' is executable
[Fri Aug 28 05:42:40.371276 2020] [core:crit] [pid 6888:tid 140619187934976] (13)Permission denied: [client 203.133.169.112:46698] AH00529: /var/www/vhosts/saratogahistory.com/httpdocs/phpBB/.htaccess pcfg_openfile: unable to check htaccess file, ensure it is readable and that '/var/www/vhosts/saratogahistory.com/httpdocs/phpBB/' is executable
[Fri Aug 28 05:42:45.380907 2020] [core:crit] [pid 6888:tid 140619229894400] (13)Permission denied: [client 203.133.169.112:46850] AH00529: /var/www/vhosts/saratogahistory.com/httpdocs/phpBB/.htaccess pcfg_openfile: unable to check htaccess file, ensure it is readable and that '/var/www/vhosts/saratogahistory.com/httpdocs/phpBB/' is executable
[Fri Aug 28 05:42:49.680722 2020] [core:crit] [pid 32325:tid 140619282343680] (13)Permission denied: [client 66.249.64.87:46946] AH00529: /var/www/vhosts/saratogahistory.com/httpdocs/phpBB/.htaccess pcfg_openfile: unable to check htaccess file, ensure it is readable and that '/var/www/vhosts/saratogahistory.com/httpdocs/phpBB/' is executable
[Fri Aug 28 05:42:50.266414 2020] [core:crit] [pid 6888:tid 140619261363968] (13)Permission denied: [client 203.133.169.112:46964] AH00529: /var/www/vhosts/saratogahistory.com/httpdocs/phpBB/.htaccess pcfg_openfile: unable to check htaccess file, ensure it is readable and that '/var/www/vhosts/saratogahistory.com/httpdocs/phpBB/' is executable
[Fri Aug 28 05:42:55.273327 2020] [core:crit] [pid 32325:tid 140619271853824] (13)Permission denied: [client 203.133.169.112:47094] AH00529: /var/www/vhosts/saratogahistory.com/httpdocs/phpBB/.htaccess pcfg_openfile: unable to check htaccess file, ensure it is readable and that '/var/www/vhosts/saratogahistory.com/httpdocs/phpBB/' is executable
[Fri Aug 28 05:43:00.518076 2020] [core:crit] [pid 32352:tid 140619250874112] (13)Permission denied: [client 203.133.169.112:47282] AH00529: /var/www/vhosts/saratogahistory.com/httpdocs/phpBB/.htaccess pcfg_openfile: unable to check htaccess file, ensure it is readable and that '/var/www/vhosts/saratogahistory.com/httpdocs/phpBB/' is executable
[Fri Aug 28 05:43:05.468799 2020] [core:crit] [pid 32352:tid 140619355772672] (13)Permission denied: [client 203.133.169.112:47400] AH00529: /var/www/vhosts/saratogahistory.com/httpdocs/phpBB/.htaccess pcfg_openfile: unable to check htaccess file, ensure it is readable and that '/var/www/vhosts/saratogahistory.com/httpdocs/phpBB/' is executable
[Fri Aug 28 05:43:10.365726 2020] [core:crit] [pid 32352:tid 140619208914688] (13)Permission denied: [client 203.133.169.112:47502] AH00529: /var/www/vhosts/saratogahistory.com/httpdocs/phpBB/.htaccess pcfg_openfile: unable to check htaccess file, ensure it is readable and that '/var/www/vhosts/saratogahistory.com/httpdocs/phpBB/' is executable
[Fri Aug 28 05:43:15.543402 2020] [core:crit] [pid 32352:tid 140619229894400] (13)Permission denied: [client 203.133.169.112:47618] AH00529: /var/www/vhosts/saratogahistory.com/httpdocs/phpBB/.htaccess pcfg_openfile: unable to check htaccess file, ensure it is readable and that '/var/www/vhosts/saratogahistory.com/httpdocs/phpBB/' is executable
[Fri Aug 28 05:43:20.429057 2020] [core:crit] [pid 6888:tid 140619219404544] (13)Permission denied: [client 203.133.169.112:47782] AH00529: /var/www/vhosts/saratogahistory.com/httpdocs/phpBB/.htaccess pcfg_openfile: unable to check htaccess file, ensure it is readable and that '/var/www/vhosts/saratogahistory.com/httpdocs/phpBB/' is executable
[Fri Aug 28 05:43:25.522814 2020] [core:crit] [pid 32352:tid 140619334792960] (13)Permission denied: [client 203.133.169.112:47952] AH00529: /var/www/vhosts/saratogahistory.com/httpdocs/phpBB/.htaccess pcfg_openfile: unable to check htaccess file, ensure it is readable and that '/var/www/vhosts/saratogahistory.com/httpdocs/phpBB/' is executable
[Fri Aug 28 05:43:30.233733 2020] [core:crit] [pid 6888:tid 140619145975552] (13)Permission denied: [client 66.249.64.87:48046] AH00529: /var/www/vhosts/saratogahistory.com/httpdocs/phpBB/.htaccess pcfg_openfile: unable to check htaccess file, ensure it is readable and that '/var/www/vhosts/saratogahistory.com/httpdocs/phpBB/' is executable
[Fri Aug 28 05:43:30.677100 2020] [core:crit] [pid 6888:tid 140619124995840] (13)Permission denied: [client 203.133.169.112:48054] AH00529: /var/www/vhosts/saratogahistory.com/httpdocs/phpBB/.htaccess pcfg_openfile: unable to check htaccess file, ensure it is readable and that '/var/www/vhosts/saratogahistory.com/httpdocs/phpBB/' is executable
[Fri Aug 28 05:43:35.660837 2020] [core:crit] [pid 6888:tid 140619177445120] (13)Permission denied: [client 203.133.169.112:48178] AH00529: /var/www/vhosts/saratogahistory.com/httpdocs/phpBB/.htaccess pcfg_openfile: unable to check htaccess file, ensure it is readable and that '/var/www/vhosts/saratogahistory.com/httpdocs/phpBB/' is executable
[Fri Aug 28 05:43:40.580783 2020] [core:crit] [pid 32325:tid 140619250874112] (13)Permission denied: [client 203.133.169.112:48278] AH00529: /var/www/vhosts/saratogahistory.com/httpdocs/phpBB/.htaccess pcfg_openfile: unable to check htaccess file, ensure it is readable and that '/var/www/vhosts/saratogahistory.com/httpdocs/phpBB/' is executable
[Fri Aug 28 05:43:45.562948 2020] [core:crit] [pid 6888:tid 140619166955264] (13)Permission denied: [client 203.133.169.112:48382] AH00529: /var/www/vhosts/saratogahistory.com/httpdocs/phpBB/.htaccess pcfg_openfile: unable to check htaccess file, ensure it is readable and that '/var/www/vhosts/saratogahistory.com/httpdocs/phpBB/' is executable
[Fri Aug 28 05:43:50.438122 2020] [core:crit] [pid 6888:tid 140619355772672] (13)Permission denied: [client 203.133.169.112:48542] AH00529: /var/www/vhosts/saratogahistory.com/httpdocs/phpBB/.htaccess pcfg_openfile: unable to check htaccess file, ensure it is readable and that '/var/www/vhosts/saratogahistory.com/httpdocs/phpBB/' is executable
[Fri Aug 28 05:43:55.332653 2020] [core:crit] [pid 32325:tid 140619334792960] (13)Permission denied: [client 203.133.169.112:48664] AH00529: /var/www/vhosts/saratogahistory.com/httpdocs/phpBB/.htaccess pcfg_openfile: unable to check htaccess file, ensure it is readable and that '/var/www/vhosts/saratogahistory.com/httpdocs/phpBB/' is executable
[Fri Aug 28 05:44:00.220244 2020] [core:crit] [pid 6888:tid 140619376752384] (13)Permission denied: [client 203.133.169.112:48766] AH00529: /var/www/vhosts/saratogahistory.com/httpdocs/phpBB/.htaccess pcfg_openfile: unable to check htaccess file, ensure it is readable and that '/var/www/vhosts/saratogahistory.com/httpdocs/phpBB/' is executable
[Fri Aug 28 05:44:05.361833 2020] [core:crit] [pid 6888:tid 140619135485696] (13)Permission denied: [client 203.133.169.112:48960] AH00529: /var/www/vhosts/saratogahistory.com/httpdocs/phpBB/.htaccess pcfg_openfile: unable to check htaccess file, ensure it is readable and that '/var/www/vhosts/saratogahistory.com/httpdocs/phpBB/' is executable
[Fri Aug 28 06:19:18.002816 2020] [core:crit] [pid 32325:tid 140619219404544] (13)Permission denied: [client 95.111.240.199:57688] AH00529: /var/www/vhosts/saratogahistory.com/httpdocs/phpBB/.htaccess pcfg_openfile: unable to check htaccess file, ensure it is readable and that '/var/www/vhosts/saratogahistory.com/httpdocs/phpBB/' is executable, referer: http://www.saratogahistory.com/phpBB/index.php
[Fri Aug 28 06:19:18.867298 2020] [proxy_fcgi:error] [pid 32352:tid 140619250874112] [client 95.111.240.199:57710] AH01071: Got error 'Primary script unknown\n', referer: http://www.saratogahistory.com/index.php
[Fri Aug 28 06:19:19.085490 2020] [proxy_fcgi:error] [pid 6888:tid 140619334792960] [client 95.111.240.199:57714] AH01071: Got error 'Primary script unknown\n', referer: http://www.saratogahistory.com/index.php
[Fri Aug 28 06:19:19.313627 2020] [proxy_fcgi:error] [pid 32352:tid 140619355772672] [client 95.111.240.199:57722] AH01071: Got error 'Primary script unknown\n', referer: http://www.saratogahistory.com/index.php
[Fri Aug 28 06:45:55.700606 2020] [core:crit] [pid 6888:tid 140619345282816] (13)Permission denied: [client 66.249.64.89:55544] AH00529: /var/www/vhosts/saratogahistory.com/httpdocs/phpBB/.htaccess pcfg_openfile: unable to check htaccess file, ensure it is readable and that '/var/www/vhosts/saratogahistory.com/httpdocs/phpBB/' is executable
[Fri Aug 28 06:58:36.894590 2020] [core:crit] [pid 32352:tid 140619303323392] (13)Permission denied: [client 178.17.174.196:54924] AH00529: /var/www/vhosts/saratogahistory.com/httpdocs/phpBB/.htaccess pcfg_openfile: unable to check htaccess file, ensure it is readable and that '/var/www/vhosts/saratogahistory.com/httpdocs/phpBB/' is executable, referer: http://www.saratogahistory.com/phpBB/index.php
[Fri Aug 28 07:27:10.535435 2020] [core:crit] [pid 6888:tid 140619156465408] (13)Permission denied: [client 66.249.64.85:55022] AH00529: /var/www/vhosts/saratogahistory.com/httpdocs/phpBB/.htaccess pcfg_openfile: unable to check htaccess file, ensure it is readable and that '/var/www/vhosts/saratogahistory.com/httpdocs/phpBB/' is executable
[Fri Aug 28 07:57:18.367640 2020] [core:crit] [pid 6888:tid 140619366262528] (13)Permission denied: [client 45.137.197.6:32902] AH00529: /var/www/vhosts/saratogahistory.com/httpdocs/phpBB/.htaccess pcfg_openfile: unable to check htaccess file, ensure it is readable and that '/var/www/vhosts/saratogahistory.com/httpdocs/phpBB/' is executable, referer: http://www.saratogahistory.com/phpBB/index.php
[Fri Aug 28 07:57:21.592569 2020] [proxy_fcgi:error] [pid 32325:tid 140619240384256] [client 45.137.197.6:33030] AH01071: Got error 'Primary script unknown\n', referer: http://www.saratogahistory.com/index.php
[Fri Aug 28 07:57:22.503984 2020] [proxy_fcgi:error] [pid 6888:tid 140619250874112] [client 45.137.197.6:33060] AH01071: Got error 'Primary script unknown\n', referer: http://www.saratogahistory.com/index.php
[Fri Aug 28 07:57:23.424592 2020] [proxy_fcgi:error] [pid 6888:tid 140619198424832] [client 45.137.197.6:33092] AH01071: Got error 'Primary script unknown\n', referer: http://www.saratogahistory.com/index.php
[Fri Aug 28 08:00:07.619472 2020] [core:crit] [pid 32352:tid 140619240384256] (13)Permission denied: [client 85.209.89.243:38664] AH00529: /var/www/vhosts/saratogahistory.com/httpdocs/phpBB/.htaccess pcfg_openfile: unable to check htaccess file, ensure it is readable and that '/var/www/vhosts/saratogahistory.com/httpdocs/phpBB/' is executable, referer: http://www.saratogahistory.com/phpBB/index.php
[Fri Aug 28 08:22:00.757668 2020] [core:crit] [pid 6888:tid 140619355772672] (13)Permission denied: [client 89.229.144.161:57004] AH00529: /var/www/vhosts/saratogahistory.com/httpdocs/phpBB/.htaccess pcfg_openfile: unable to check htaccess file, ensure it is readable and that '/var/www/vhosts/saratogahistory.com/httpdocs/phpBB/' is executable, referer: http://www.saratogahistory.com/phpBB/index.php
[Fri Aug 28 08:40:48.069602 2020] [core:crit] [pid 32352:tid 140619219404544] (13)Permission denied: [client 195.144.21.219:39710] AH00529: /var/www/vhosts/saratogahistory.com/httpdocs/phpBB/.htaccess pcfg_openfile: unable to check htaccess file, ensure it is readable and that '/var/www/vhosts/saratogahistory.com/httpdocs/phpBB/' is executable, referer: http://www.saratogahistory.com/phpBB/index.php
[Fri Aug 28 08:56:34.600347 2020] [core:crit] [pid 32352:tid 140619135485696] (13)Permission denied: [client 185.25.35.9:40886] AH00529: /var/www/vhosts/saratogahistory.com/httpdocs/phpBB/.htaccess pcfg_openfile: unable to check htaccess file, ensure it is readable and that '/var/www/vhosts/saratogahistory.com/httpdocs/phpBB/' is executable
[Fri Aug 28 10:15:56.037309 2020] [core:crit] [pid 6888:tid 140619156465408] (13)Permission denied: [client 185.25.35.15:51408] AH00529: /var/www/vhosts/saratogahistory.com/httpdocs/phpBB/.htaccess pcfg_openfile: unable to check htaccess file, ensure it is readable and that '/var/www/vhosts/saratogahistory.com/httpdocs/phpBB/' is executable
[Fri Aug 28 10:25:43.204132 2020] [core:crit] [pid 6888:tid 140619355772672] (13)Permission denied: [client 109.248.15.169:40966] AH00529: /var/www/vhosts/saratogahistory.com/httpdocs/phpBB/.htaccess pcfg_openfile: unable to check htaccess file, ensure it is readable and that '/var/www/vhosts/saratogahistory.com/httpdocs/phpBB/' is executable, referer: http://www.saratogahistory.com/
[Fri Aug 28 10:25:43.674581 2020] [core:crit] [pid 6888:tid 140619376752384] (13)Permission denied: [client 109.248.15.169:40974] AH00529: /var/www/vhosts/saratogahistory.com/httpdocs/phpBB/.htaccess pcfg_openfile: unable to check htaccess file, ensure it is readable and that '/var/www/vhosts/saratogahistory.com/httpdocs/phpBB/' is executable, referer: http://www.saratogahistory.com/
[Fri Aug 28 10:25:44.382557 2020] [core:crit] [pid 6888:tid 140619135485696] (13)Permission denied: [client 188.130.188.140:40990] AH00529: /var/www/vhosts/saratogahistory.com/httpdocs/phpBB/.htaccess pcfg_openfile: unable to check htaccess file, ensure it is readable and that '/var/www/vhosts/saratogahistory.com/httpdocs/phpBB/' is executable, referer: http://www.saratogahistory.com/
[Fri Aug 28 10:25:44.853058 2020] [core:crit] [pid 6888:tid 140619334792960] (13)Permission denied: [client 46.8.212.155:41004] AH00529: /var/www/vhosts/saratogahistory.com/httpdocs/phpBB/.htaccess pcfg_openfile: unable to check htaccess file, ensure it is readable and that '/var/www/vhosts/saratogahistory.com/httpdocs/phpBB/' is executable, referer: http://www.saratogahistory.com/
[Fri Aug 28 10:28:22.566366 2020] [core:crit] [pid 32352:tid 140619229894400] (13)Permission denied: [client 203.133.169.112:46526] AH00529: /var/www/vhosts/saratogahistory.com/httpdocs/phpBB/.htaccess pcfg_openfile: unable to check htaccess file, ensure it is readable and that '/var/www/vhosts/saratogahistory.com/httpdocs/phpBB/' is executable
[Fri Aug 28 10:28:27.442656 2020] [core:crit] [pid 6888:tid 140619208914688] (13)Permission denied: [client 203.133.169.112:46718] AH00529: /var/www/vhosts/saratogahistory.com/httpdocs/phpBB/.htaccess pcfg_openfile: unable to check htaccess file, ensure it is readable and that '/var/www/vhosts/saratogahistory.com/httpdocs/phpBB/' is executable
[Fri Aug 28 10:28:32.436971 2020] [core:crit] [pid 32352:tid 140619334792960] (13)Permission denied: [client 203.133.169.112:46912] AH00529: /var/www/vhosts/saratogahistory.com/httpdocs/phpBB/.htaccess pcfg_openfile: unable to check htaccess file, ensure it is readable and that '/var/www/vhosts/saratogahistory.com/httpdocs/phpBB/' is executable
[Fri Aug 28 10:28:37.427953 2020] [core:crit] [pid 6888:tid 140619219404544] (13)Permission denied: [client 203.133.169.112:47092] AH00529: /var/www/vhosts/saratogahistory.com/httpdocs/phpBB/.htaccess pcfg_openfile: unable to check htaccess file, ensure it is readable and that '/var/www/vhosts/saratogahistory.com/httpdocs/phpBB/' is executable
[Fri Aug 28 10:28:42.454786 2020] [core:crit] [pid 32325:tid 140619187934976] (13)Permission denied: [client 203.133.169.112:47242] AH00529: /var/www/vhosts/saratogahistory.com/httpdocs/phpBB/.htaccess pcfg_openfile: unable to check htaccess file, ensure it is readable and that '/var/www/vhosts/saratogahistory.com/httpdocs/phpBB/' is executable
[Fri Aug 28 10:28:47.476072 2020] [core:crit] [pid 32352:tid 140619366262528] (13)Permission denied: [client 203.133.169.112:47348] AH00529: /var/www/vhosts/saratogahistory.com/httpdocs/phpBB/.htaccess pcfg_openfile: unable to check htaccess file, ensure it is readable and that '/var/www/vhosts/saratogahistory.com/httpdocs/phpBB/' is executable
[Fri Aug 28 10:28:52.627592 2020] [core:crit] [pid 6888:tid 140619145975552] (13)Permission denied: [client 203.133.169.112:47500] AH00529: /var/www/vhosts/saratogahistory.com/httpdocs/phpBB/.htaccess pcfg_openfile: unable to check htaccess file, ensure it is readable and that '/var/www/vhosts/saratogahistory.com/httpdocs/phpBB/' is executable
[Fri Aug 28 10:28:57.517488 2020] [core:crit] [pid 6888:tid 140619124995840] (13)Permission denied: [client 203.133.169.112:47674] AH00529: /var/www/vhosts/saratogahistory.com/httpdocs/phpBB/.htaccess pcfg_openfile: unable to check htaccess file, ensure it is readable and that '/var/www/vhosts/saratogahistory.com/httpdocs/phpBB/' is executable
[Fri Aug 28 10:29:02.528290 2020] [core:crit] [pid 32325:tid 140619229894400] (13)Permission denied: [client 203.133.169.112:47886] AH00529: /var/www/vhosts/saratogahistory.com/httpdocs/phpBB/.htaccess pcfg_openfile: unable to check htaccess file, ensure it is readable and that '/var/www/vhosts/saratogahistory.com/httpdocs/phpBB/' is executable
[Fri Aug 28 10:29:07.435656 2020] [core:crit] [pid 32352:tid 140619376752384] (13)Permission denied: [client 203.133.169.112:48138] AH00529: /var/www/vhosts/saratogahistory.com/httpdocs/phpBB/.htaccess pcfg_openfile: unable to check htaccess file, ensure it is readable and that '/var/www/vhosts/saratogahistory.com/httpdocs/phpBB/' is executable
[Fri Aug 28 10:29:12.313371 2020] [core:crit] [pid 32352:tid 140619345282816] (13)Permission denied: [client 203.133.169.112:48280] AH00529: /var/www/vhosts/saratogahistory.com/httpdocs/phpBB/.htaccess pcfg_openfile: unable to check htaccess file, ensure it is readable and that '/var/www/vhosts/saratogahistory.com/httpdocs/phpBB/' is executable
[Fri Aug 28 10:29:17.201816 2020] [core:crit] [pid 32352:tid 140619187934976] (13)Permission denied: [client 203.133.169.112:48414] AH00529: /var/www/vhosts/saratogahistory.com/httpdocs/phpBB/.htaccess pcfg_openfile: unable to check htaccess file, ensure it is readable and that '/var/www/vhosts/saratogahistory.com/httpdocs/phpBB/' is executable
[Fri Aug 28 10:29:22.101310 2020] [core:crit] [pid 32325:tid 140619177445120] (13)Permission denied: [client 203.133.169.112:48508] AH00529: /var/www/vhosts/saratogahistory.com/httpdocs/phpBB/.htaccess pcfg_openfile: unable to check htaccess file, ensure it is readable and that '/var/www/vhosts/saratogahistory.com/httpdocs/phpBB/' is executable
[Fri Aug 28 10:29:27.282551 2020] [core:crit] [pid 6888:tid 140619177445120] (13)Permission denied: [client 203.133.169.112:48638] AH00529: /var/www/vhosts/saratogahistory.com/httpdocs/phpBB/.htaccess pcfg_openfile: unable to check htaccess file, ensure it is readable and that '/var/www/vhosts/saratogahistory.com/httpdocs/phpBB/' is executable
[Fri Aug 28 10:29:32.189648 2020] [core:crit] [pid 6888:tid 140619166955264] (13)Permission denied: [client 203.133.169.112:48764] AH00529: /var/www/vhosts/saratogahistory.com/httpdocs/phpBB/.htaccess pcfg_openfile: unable to check htaccess file, ensure it is readable and that '/var/www/vhosts/saratogahistory.com/httpdocs/phpBB/' is executable
[Fri Aug 28 10:29:37.198275 2020] [core:crit] [pid 32352:tid 140619219404544] (13)Permission denied: [client 203.133.169.112:48866] AH00529: /var/www/vhosts/saratogahistory.com/httpdocs/phpBB/.htaccess pcfg_openfile: unable to check htaccess file, ensure it is readable and that '/var/www/vhosts/saratogahistory.com/httpdocs/phpBB/' is executable
[Fri Aug 28 10:29:42.301344 2020] [core:crit] [pid 32352:tid 140619135485696] (13)Permission denied: [client 203.133.169.112:49026] AH00529: /var/www/vhosts/saratogahistory.com/httpdocs/phpBB/.htaccess pcfg_openfile: unable to check htaccess file, ensure it is readable and that '/var/www/vhosts/saratogahistory.com/httpdocs/phpBB/' is executable
[Fri Aug 28 10:29:47.342906 2020] [core:crit] [pid 6888:tid 140619334792960] (13)Permission denied: [client 203.133.169.112:49242] AH00529: /var/www/vhosts/saratogahistory.com/httpdocs/phpBB/.htaccess pcfg_openfile: unable to check htaccess file, ensure it is readable and that '/var/www/vhosts/saratogahistory.com/httpdocs/phpBB/' is executable
[Fri Aug 28 10:29:52.356405 2020] [core:crit] [pid 6888:tid 140619313813248] (13)Permission denied: [client 203.133.169.112:49366] AH00529: /var/www/vhosts/saratogahistory.com/httpdocs/phpBB/.htaccess pcfg_openfile: unable to check htaccess file, ensure it is readable and that '/var/www/vhosts/saratogahistory.com/httpdocs/phpBB/' is executable
[Fri Aug 28 10:29:57.395309 2020] [core:crit] [pid 6888:tid 140619292833536] (13)Permission denied: [client 203.133.169.112:49516] AH00529: /var/www/vhosts/saratogahistory.com/httpdocs/phpBB/.htaccess pcfg_openfile: unable to check htaccess file, ensure it is readable and that '/var/www/vhosts/saratogahistory.com/httpdocs/phpBB/' is executable
[Fri Aug 28 10:31:46.995882 2020] [core:crit] [pid 6888:tid 140619303323392] (13)Permission denied: [client 162.247.74.217:53530] AH00529: /var/www/vhosts/saratogahistory.com/httpdocs/phpBB/.htaccess pcfg_openfile: unable to check htaccess file, ensure it is readable and that '/var/www/vhosts/saratogahistory.com/httpdocs/phpBB/' is executable, referer: http://www.saratogahistory.com/phpBB/index.php
[Fri Aug 28 10:34:56.071459 2020] [proxy_fcgi:error] [pid 6888:tid 140619271853824] [client 119.29.95.80:59522] AH01071: Got error 'Primary script unknown\n'
[Fri Aug 28 10:48:49.497929 2020] [core:crit] [pid 6888:tid 140619355772672] (13)Permission denied: [client 171.244.1.84:56092] AH00529: /var/www/vhosts/saratogahistory.com/httpdocs/phpBB/.htaccess pcfg_openfile: unable to check htaccess file, ensure it is readable and that '/var/www/vhosts/saratogahistory.com/httpdocs/phpBB/' is executable, referer: http://www.saratogahistory.com/phpBB/index.php
[Fri Aug 28 10:49:30.796128 2020] [proxy_fcgi:error] [pid 32325:tid 140619166955264] [client 171.244.1.84:57142] AH01071: Got error 'Primary script unknown\n', referer: http://www.saratogahistory.com/index.php
[Fri Aug 28 10:49:38.939858 2020] [proxy_fcgi:error] [pid 6888:tid 140619334792960] [client 171.244.1.84:57376] AH01071: Got error 'Primary script unknown\n', referer: http://www.saratogahistory.com/index.php
[Fri Aug 28 10:49:54.441730 2020] [proxy_fcgi:error] [pid 6888:tid 140619313813248] [client 171.244.1.84:57826] AH01071: Got error 'Primary script unknown\n', referer: http://www.saratogahistory.com/index.php
[Fri Aug 28 10:52:59.386787 2020] [core:crit] [pid 6888:tid 140619303323392] (13)Permission denied: [client 185.25.35.10:35816] AH00529: /var/www/vhosts/saratogahistory.com/httpdocs/phpBB/.htaccess pcfg_openfile: unable to check htaccess file, ensure it is readable and that '/var/www/vhosts/saratogahistory.com/httpdocs/phpBB/' is executable
[Fri Aug 28 11:03:29.042821 2020] [core:crit] [pid 6888:tid 140619271853824] (13)Permission denied: [client 185.25.35.15:57556] AH00529: /var/www/vhosts/saratogahistory.com/httpdocs/phpBB/.htaccess pcfg_openfile: unable to check htaccess file, ensure it is readable and that '/var/www/vhosts/saratogahistory.com/httpdocs/phpBB/' is executable
[Fri Aug 28 12:00:34.510495 2020] [core:crit] [pid 6888:tid 140619376752384] (13)Permission denied: [client 176.103.90.50:51614] AH00529: /var/www/vhosts/saratogahistory.com/httpdocs/phpBB/.htaccess pcfg_openfile: unable to check htaccess file, ensure it is readable and that '/var/www/vhosts/saratogahistory.com/httpdocs/phpBB/' is executable, referer: http://www.saratogahistory.com/phpBB/viewtopic.php?printertopic=1&t=344&start=0&postdays=0&postorder=asc&vote=viewresult&sid=5b880fe4178613d41bfdbe7d028f5be2
[Fri Aug 28 12:00:34.831789 2020] [core:crit] [pid 32352:tid 140619124995840] (13)Permission denied: [client 194.156.93.40:51632] AH00529: /var/www/vhosts/saratogahistory.com/httpdocs/phpBB/.htaccess pcfg_openfile: unable to check htaccess file, ensure it is readable and that '/var/www/vhosts/saratogahistory.com/httpdocs/phpBB/' is executable, referer: http://www.saratogahistory.com/phpBB/viewtopic.php?printertopic=1&t=344&start=0&postdays=0&postorder=asc&vote=viewresult&sid=5b880fe4178613d41bfdbe7d028f5be2
[Fri Aug 28 12:00:35.149710 2020] [core:crit] [pid 6888:tid 140619135485696] (13)Permission denied: [client 176.103.90.50:51652] AH00529: /var/www/vhosts/saratogahistory.com/httpdocs/phpBB/.htaccess pcfg_openfile: unable to check htaccess file, ensure it is readable and that '/var/www/vhosts/saratogahistory.com/httpdocs/phpBB/' is executable, referer: http://www.saratogahistory.com/phpBB/viewtopic.php?printertopic=1&t=344&start=0&postdays=0&postorder=asc&vote=viewresult&sid=5b880fe4178613d41bfdbe7d028f5be2
[Fri Aug 28 12:00:35.469115 2020] [core:crit] [pid 32352:tid 140619292833536] (13)Permission denied: [client 176.103.90.50:51664] AH00529: /var/www/vhosts/saratogahistory.com/httpdocs/phpBB/.htaccess pcfg_openfile: unable to check htaccess file, ensure it is readable and that '/var/www/vhosts/saratogahistory.com/httpdocs/phpBB/' is executable, referer: http://www.saratogahistory.com/phpBB/viewtopic.php?printertopic=1&t=344&start=0&postdays=0&postorder=asc&vote=viewresult&sid=5b880fe4178613d41bfdbe7d028f5be2
[Fri Aug 28 12:00:36.889273 2020] [proxy_fcgi:error] [pid 6888:tid 140619292833536] [client 176.103.90.50:51708] AH01071: Got error 'Primary script unknown\n', referer: http://www.saratogahistory.com/index.php
[Fri Aug 28 12:00:37.202505 2020] [proxy_fcgi:error] [pid 32322:tid 140619177445120] [client 176.103.90.50:51712] AH01071: Got error 'Primary script unknown\n', referer: http://www.saratogahistory.com/index.php
[Fri Aug 28 12:00:37.502327 2020] [proxy_fcgi:error] [pid 32352:tid 140619261363968] [client 176.103.90.50:51726] AH01071: Got error 'Primary script unknown\n', referer: http://www.saratogahistory.com/index.php
[Fri Aug 28 12:22:01.629804 2020] [core:crit] [pid 6888:tid 140619355772672] (13)Permission denied: [client 66.249.64.89:37692] AH00529: /var/www/vhosts/saratogahistory.com/httpdocs/phpBB/.htaccess pcfg_openfile: unable to check htaccess file, ensure it is readable and that '/var/www/vhosts/saratogahistory.com/httpdocs/phpBB/' is executable
[Fri Aug 28 12:22:15.736231 2020] [core:crit] [pid 32352:tid 140619240384256] (13)Permission denied: [client 66.249.64.85:38026] AH00529: /var/www/vhosts/saratogahistory.com/httpdocs/phpBB/.htaccess pcfg_openfile: unable to check htaccess file, ensure it is readable and that '/var/www/vhosts/saratogahistory.com/httpdocs/phpBB/' is executable
[Fri Aug 28 12:22:29.694282 2020] [core:crit] [pid 6888:tid 140619135485696] (13)Permission denied: [client 66.249.64.85:38460] AH00529: /var/www/vhosts/saratogahistory.com/httpdocs/phpBB/.htaccess pcfg_openfile: unable to check htaccess file, ensure it is readable and that '/var/www/vhosts/saratogahistory.com/httpdocs/phpBB/' is executable
[Fri Aug 28 12:22:43.968484 2020] [core:crit] [pid 32325:tid 140619250874112] (13)Permission denied: [client 66.249.64.87:38842] AH00529: /var/www/vhosts/saratogahistory.com/httpdocs/phpBB/.htaccess pcfg_openfile: unable to check htaccess file, ensure it is readable and that '/var/www/vhosts/saratogahistory.com/httpdocs/phpBB/' is executable
[Fri Aug 28 12:22:58.669743 2020] [core:crit] [pid 6888:tid 140619313813248] (13)Permission denied: [client 66.249.64.87:39410] AH00529: /var/www/vhosts/saratogahistory.com/httpdocs/phpBB/.htaccess pcfg_openfile: unable to check htaccess file, ensure it is readable and that '/var/www/vhosts/saratogahistory.com/httpdocs/phpBB/' is executable
[Fri Aug 28 12:23:15.552628 2020] [core:crit] [pid 6888:tid 140619292833536] (13)Permission denied: [client 66.249.64.85:39930] AH00529: /var/www/vhosts/saratogahistory.com/httpdocs/phpBB/.htaccess pcfg_openfile: unable to check htaccess file, ensure it is readable and that '/var/www/vhosts/saratogahistory.com/httpdocs/phpBB/' is executable
[Fri Aug 28 12:23:44.967836 2020] [core:crit] [pid 6888:tid 140619303323392] (13)Permission denied: [client 40.77.167.126:40732] AH00529: /var/www/vhosts/saratogahistory.com/httpdocs/phpBB/.htaccess pcfg_openfile: unable to check htaccess file, ensure it is readable and that '/var/www/vhosts/saratogahistory.com/httpdocs/phpBB/' is executable
[Fri Aug 28 12:23:45.091051 2020] [core:crit] [pid 32352:tid 140619250874112] (13)Permission denied: [client 40.77.167.126:40736] AH00529: /var/www/vhosts/saratogahistory.com/httpdocs/phpBB/.htaccess pcfg_openfile: unable to check htaccess file, ensure it is readable and that '/var/www/vhosts/saratogahistory.com/httpdocs/phpBB/' is executable
[Fri Aug 28 12:33:13.394323 2020] [core:crit] [pid 6888:tid 140619250874112] (13)Permission denied: [client 93.191.101.42:60010] AH00529: /var/www/vhosts/saratogahistory.com/httpdocs/phpBB/.htaccess pcfg_openfile: unable to check htaccess file, ensure it is readable and that '/var/www/vhosts/saratogahistory.com/httpdocs/phpBB/' is executable, referer: http://www.saratogahistory.com/phpBB/index.php
[Fri Aug 28 12:36:58.957546 2020] [core:crit] [pid 6888:tid 140619219404544] (13)Permission denied: [client 109.195.38.201:40142] AH00529: /var/www/vhosts/saratogahistory.com/httpdocs/phpBB/.htaccess pcfg_openfile: unable to check htaccess file, ensure it is readable and that '/var/www/vhosts/saratogahistory.com/httpdocs/phpBB/' is executable, referer: http://www.saratogahistory.com/phpBB/index.php
[Fri Aug 28 12:37:00.271445 2020] [proxy_fcgi:error] [pid 6888:tid 140619177445120] [client 109.195.38.201:40184] AH01071: Got error 'Primary script unknown\n', referer: http://www.saratogahistory.com/index.php
[Fri Aug 28 12:37:00.632431 2020] [proxy_fcgi:error] [pid 6888:tid 140619166955264] [client 109.195.38.201:40204] AH01071: Got error 'Primary script unknown\n', referer: http://www.saratogahistory.com/index.php
[Fri Aug 28 12:37:01.007201 2020] [proxy_fcgi:error] [pid 6888:tid 140619355772672] [client 109.195.38.201:40214] AH01071: Got error 'Primary script unknown\n', referer: http://www.saratogahistory.com/index.php
[Fri Aug 28 13:48:14.620309 2020] [core:crit] [pid 32352:tid 140619313813248] (13)Permission denied: [client 46.8.212.155:58906] AH00529: /var/www/vhosts/saratogahistory.com/httpdocs/phpBB/.htaccess pcfg_openfile: unable to check htaccess file, ensure it is readable and that '/var/www/vhosts/saratogahistory.com/httpdocs/phpBB/' is executable, referer: http://www.saratogahistory.com/
[Fri Aug 28 13:48:15.103432 2020] [core:crit] [pid 6888:tid 140619292833536] (13)Permission denied: [client 109.248.15.169:58928] AH00529: /var/www/vhosts/saratogahistory.com/httpdocs/phpBB/.htaccess pcfg_openfile: unable to check htaccess file, ensure it is readable and that '/var/www/vhosts/saratogahistory.com/httpdocs/phpBB/' is executable, referer: http://www.saratogahistory.com/
[Fri Aug 28 13:48:17.654773 2020] [core:crit] [pid 6888:tid 140619303323392] (13)Permission denied: [client 188.130.188.140:59118] AH00529: /var/www/vhosts/saratogahistory.com/httpdocs/phpBB/.htaccess pcfg_openfile: unable to check htaccess file, ensure it is readable and that '/var/www/vhosts/saratogahistory.com/httpdocs/phpBB/' is executable, referer: http://www.saratogahistory.com/
[Fri Aug 28 13:48:18.116766 2020] [core:crit] [pid 32352:tid 140619261363968] (13)Permission denied: [client 109.248.15.169:59148] AH00529: /var/www/vhosts/saratogahistory.com/httpdocs/phpBB/.htaccess pcfg_openfile: unable to check htaccess file, ensure it is readable and that '/var/www/vhosts/saratogahistory.com/httpdocs/phpBB/' is executable, referer: http://www.saratogahistory.com/
[Fri Aug 28 14:03:50.971666 2020] [proxy_fcgi:error] [pid 6888:tid 140619177445120] [client 40.114.84.55:60432] AH01071: Got error 'Primary script unknown\n'
[Fri Aug 28 14:10:02.691259 2020] [core:crit] [pid 6888:tid 140619345282816] (13)Permission denied: [client 77.247.181.162:43172] AH00529: /var/www/vhosts/saratogahistory.com/httpdocs/phpBB/.htaccess pcfg_openfile: unable to check htaccess file, ensure it is readable and that '/var/www/vhosts/saratogahistory.com/httpdocs/phpBB/' is executable, referer: http://www.saratogahistory.com/phpBB/index.php
[Fri Aug 28 14:13:56.581147 2020] [core:crit] [pid 6888:tid 140619208914688] (13)Permission denied: [client 46.246.65.141:49950] AH00529: /var/www/vhosts/saratogahistory.com/httpdocs/phpBB/.htaccess pcfg_openfile: unable to check htaccess file, ensure it is readable and that '/var/www/vhosts/saratogahistory.com/httpdocs/phpBB/' is executable, referer: http://www.saratogahistory.com/phpBB/index.php
[Fri Aug 28 14:13:57.612183 2020] [core:crit] [pid 6888:tid 140619156465408] (13)Permission denied: [client 46.246.65.141:49978] AH00529: /var/www/vhosts/saratogahistory.com/httpdocs/phpBB/.htaccess pcfg_openfile: unable to check htaccess file, ensure it is readable and that '/var/www/vhosts/saratogahistory.com/httpdocs/phpBB/' is executable, referer: http://www.saratogahistory.com/phpBB/index.php
[Fri Aug 28 14:34:23.013161 2020] [core:crit] [pid 6888:tid 140619198424832] (13)Permission denied: [client 203.133.169.112:60506] AH00529: /var/www/vhosts/saratogahistory.com/httpdocs/phpBB/.htaccess pcfg_openfile: unable to check htaccess file, ensure it is readable and that '/var/www/vhosts/saratogahistory.com/httpdocs/phpBB/' is executable
[Fri Aug 28 14:34:27.909450 2020] [core:crit] [pid 6888:tid 140619345282816] (13)Permission denied: [client 203.133.169.112:60686] AH00529: /var/www/vhosts/saratogahistory.com/httpdocs/phpBB/.htaccess pcfg_openfile: unable to check htaccess file, ensure it is readable and that '/var/www/vhosts/saratogahistory.com/httpdocs/phpBB/' is executable
[Fri Aug 28 14:34:32.891640 2020] [core:crit] [pid 6888:tid 140619240384256] (13)Permission denied: [client 203.133.169.112:60926] AH00529: /var/www/vhosts/saratogahistory.com/httpdocs/phpBB/.htaccess pcfg_openfile: unable to check htaccess file, ensure it is readable and that '/var/www/vhosts/saratogahistory.com/httpdocs/phpBB/' is executable
[Fri Aug 28 14:34:37.776211 2020] [core:crit] [pid 6888:tid 140619282343680] (13)Permission denied: [client 203.133.169.112:32902] AH00529: /var/www/vhosts/saratogahistory.com/httpdocs/phpBB/.htaccess pcfg_openfile: unable to check htaccess file, ensure it is readable and that '/var/www/vhosts/saratogahistory.com/httpdocs/phpBB/' is executable
[Fri Aug 28 14:34:42.657719 2020] [core:crit] [pid 6888:tid 140619187934976] (13)Permission denied: [client 203.133.169.112:33090] AH00529: /var/www/vhosts/saratogahistory.com/httpdocs/phpBB/.htaccess pcfg_openfile: unable to check htaccess file, ensure it is readable and that '/var/www/vhosts/saratogahistory.com/httpdocs/phpBB/' is executable
[Fri Aug 28 14:34:47.693988 2020] [core:crit] [pid 32352:tid 140619187934976] (13)Permission denied: [client 203.133.169.112:33292] AH00529: /var/www/vhosts/saratogahistory.com/httpdocs/phpBB/.htaccess pcfg_openfile: unable to check htaccess file, ensure it is readable and that '/var/www/vhosts/saratogahistory.com/httpdocs/phpBB/' is executable
[Fri Aug 28 14:34:52.899149 2020] [core:crit] [pid 6888:tid 140619229894400] (13)Permission denied: [client 203.133.169.112:33488] AH00529: /var/www/vhosts/saratogahistory.com/httpdocs/phpBB/.htaccess pcfg_openfile: unable to check htaccess file, ensure it is readable and that '/var/www/vhosts/saratogahistory.com/httpdocs/phpBB/' is executable
[Fri Aug 28 14:34:57.923450 2020] [core:crit] [pid 6888:tid 140619261363968] (13)Permission denied: [client 203.133.169.112:33684] AH00529: /var/www/vhosts/saratogahistory.com/httpdocs/phpBB/.htaccess pcfg_openfile: unable to check htaccess file, ensure it is readable and that '/var/www/vhosts/saratogahistory.com/httpdocs/phpBB/' is executable
[Fri Aug 28 14:35:02.809408 2020] [core:crit] [pid 6888:tid 140619208914688] (13)Permission denied: [client 203.133.169.112:33924] AH00529: /var/www/vhosts/saratogahistory.com/httpdocs/phpBB/.htaccess pcfg_openfile: unable to check htaccess file, ensure it is readable and that '/var/www/vhosts/saratogahistory.com/httpdocs/phpBB/' is executable
[Fri Aug 28 14:35:07.804513 2020] [core:crit] [pid 32352:tid 140619219404544] (13)Permission denied: [client 203.133.169.112:34198] AH00529: /var/www/vhosts/saratogahistory.com/httpdocs/phpBB/.htaccess pcfg_openfile: unable to check htaccess file, ensure it is readable and that '/var/www/vhosts/saratogahistory.com/httpdocs/phpBB/' is executable
[Fri Aug 28 14:35:12.812165 2020] [core:crit] [pid 6888:tid 140619156465408] (13)Permission denied: [client 203.133.169.112:34382] AH00529: /var/www/vhosts/saratogahistory.com/httpdocs/phpBB/.htaccess pcfg_openfile: unable to check htaccess file, ensure it is readable and that '/var/www/vhosts/saratogahistory.com/httpdocs/phpBB/' is executable
[Fri Aug 28 14:35:17.794014 2020] [core:crit] [pid 6888:tid 140619219404544] (13)Permission denied: [client 203.133.169.112:34518] AH00529: /var/www/vhosts/saratogahistory.com/httpdocs/phpBB/.htaccess pcfg_openfile: unable to check htaccess file, ensure it is readable and that '/var/www/vhosts/saratogahistory.com/httpdocs/phpBB/' is executable
[Fri Aug 28 14:35:22.706066 2020] [core:crit] [pid 6888:tid 140619145975552] (13)Permission denied: [client 203.133.169.112:34640] AH00529: /var/www/vhosts/saratogahistory.com/httpdocs/phpBB/.htaccess pcfg_openfile: unable to check htaccess file, ensure it is readable and that '/var/www/vhosts/saratogahistory.com/httpdocs/phpBB/' is executable
[Fri Aug 28 14:35:27.851620 2020] [core:crit] [pid 6888:tid 140619124995840] (13)Permission denied: [client 203.133.169.112:34842] AH00529: /var/www/vhosts/saratogahistory.com/httpdocs/phpBB/.htaccess pcfg_openfile: unable to check htaccess file, ensure it is readable and that '/var/www/vhosts/saratogahistory.com/httpdocs/phpBB/' is executable
[Fri Aug 28 14:35:32.741628 2020] [core:crit] [pid 6888:tid 140619177445120] (13)Permission denied: [client 203.133.169.112:34998] AH00529: /var/www/vhosts/saratogahistory.com/httpdocs/phpBB/.htaccess pcfg_openfile: unable to check htaccess file, ensure it is readable and that '/var/www/vhosts/saratogahistory.com/httpdocs/phpBB/' is executable
[Fri Aug 28 14:35:37.633284 2020] [core:crit] [pid 32352:tid 140619145975552] (13)Permission denied: [client 203.133.169.112:35196] AH00529: /var/www/vhosts/saratogahistory.com/httpdocs/phpBB/.htaccess pcfg_openfile: unable to check htaccess file, ensure it is readable and that '/var/www/vhosts/saratogahistory.com/httpdocs/phpBB/' is executable
[Fri Aug 28 14:35:42.613563 2020] [core:crit] [pid 6888:tid 140619166955264] (13)Permission denied: [client 203.133.169.112:35352] AH00529: /var/www/vhosts/saratogahistory.com/httpdocs/phpBB/.htaccess pcfg_openfile: unable to check htaccess file, ensure it is readable and that '/var/www/vhosts/saratogahistory.com/httpdocs/phpBB/' is executable
[Fri Aug 28 14:35:47.608201 2020] [core:crit] [pid 6888:tid 140619355772672] (13)Permission denied: [client 203.133.169.112:35512] AH00529: /var/www/vhosts/saratogahistory.com/httpdocs/phpBB/.htaccess pcfg_openfile: unable to check htaccess file, ensure it is readable and that '/var/www/vhosts/saratogahistory.com/httpdocs/phpBB/' is executable
[Fri Aug 28 14:35:52.508885 2020] [core:crit] [pid 32352:tid 140619177445120] (13)Permission denied: [client 203.133.169.112:35660] AH00529: /var/www/vhosts/saratogahistory.com/httpdocs/phpBB/.htaccess pcfg_openfile: unable to check htaccess file, ensure it is readable and that '/var/www/vhosts/saratogahistory.com/httpdocs/phpBB/' is executable
[Fri Aug 28 14:35:57.404596 2020] [core:crit] [pid 6888:tid 140619376752384] (13)Permission denied: [client 203.133.169.112:35778] AH00529: /var/www/vhosts/saratogahistory.com/httpdocs/phpBB/.htaccess pcfg_openfile: unable to check htaccess file, ensure it is readable and that '/var/www/vhosts/saratogahistory.com/httpdocs/phpBB/' is executable
[Fri Aug 28 14:36:02.644885 2020] [core:crit] [pid 6888:tid 140619135485696] (13)Permission denied: [client 203.133.169.112:35960] AH00529: /var/www/vhosts/saratogahistory.com/httpdocs/phpBB/.htaccess pcfg_openfile: unable to check htaccess file, ensure it is readable and that '/var/www/vhosts/saratogahistory.com/httpdocs/phpBB/' is executable
[Fri Aug 28 14:36:07.639140 2020] [core:crit] [pid 6888:tid 140619334792960] (13)Permission denied: [client 203.133.169.112:36152] AH00529: /var/www/vhosts/saratogahistory.com/httpdocs/phpBB/.htaccess pcfg_openfile: unable to check htaccess file, ensure it is readable and that '/var/www/vhosts/saratogahistory.com/httpdocs/phpBB/' is executable
[Fri Aug 28 14:36:12.647060 2020] [core:crit] [pid 6888:tid 140619313813248] (13)Permission denied: [client 203.133.169.112:36274] AH00529: /var/www/vhosts/saratogahistory.com/httpdocs/phpBB/.htaccess pcfg_openfile: unable to check htaccess file, ensure it is readable and that '/var/www/vhosts/saratogahistory.com/httpdocs/phpBB/' is executable
[Fri Aug 28 14:36:17.520166 2020] [core:crit] [pid 32352:tid 140619166955264] (13)Permission denied: [client 203.133.169.112:36424] AH00529: /var/www/vhosts/saratogahistory.com/httpdocs/phpBB/.htaccess pcfg_openfile: unable to check htaccess file, ensure it is readable and that '/var/www/vhosts/saratogahistory.com/httpdocs/phpBB/' is executable
[Fri Aug 28 14:42:21.133553 2020] [core:crit] [pid 6888:tid 140619303323392] (13)Permission denied: [client 5.188.84.230:48830] AH00529: /var/www/vhosts/saratogahistory.com/httpdocs/phpBB/.htaccess pcfg_openfile: unable to check htaccess file, ensure it is readable and that '/var/www/vhosts/saratogahistory.com/httpdocs/phpBB/' is executable, referer: http://www.saratogahistory.com/phpBB/index.php
[Fri Aug 28 15:03:54.985625 2020] [core:crit] [pid 32352:tid 140619124995840] (13)Permission denied: [client 103.112.0.195:35488] AH00529: /var/www/vhosts/saratogahistory.com/httpdocs/phpBB/.htaccess pcfg_openfile: unable to check htaccess file, ensure it is readable and that '/var/www/vhosts/saratogahistory.com/httpdocs/phpBB/' is executable, referer: http://www.saratogahistory.com/
[Fri Aug 28 15:03:55.382591 2020] [core:crit] [pid 6888:tid 140619208914688] (13)Permission denied: [client 194.50.5.45:35502] AH00529: /var/www/vhosts/saratogahistory.com/httpdocs/phpBB/.htaccess pcfg_openfile: unable to check htaccess file, ensure it is readable and that '/var/www/vhosts/saratogahistory.com/httpdocs/phpBB/' is executable, referer: http://www.saratogahistory.com/
[Fri Aug 28 15:03:55.839541 2020] [core:crit] [pid 32325:tid 140619156465408] (13)Permission denied: [client 198.105.125.112:35514] AH00529: /var/www/vhosts/saratogahistory.com/httpdocs/phpBB/.htaccess pcfg_openfile: unable to check htaccess file, ensure it is readable and that '/var/www/vhosts/saratogahistory.com/httpdocs/phpBB/' is executable, referer: http://www.saratogahistory.com/
[Fri Aug 28 15:03:56.202562 2020] [core:crit] [pid 32352:tid 140619292833536] (13)Permission denied: [client 198.105.125.209:35524] AH00529: /var/www/vhosts/saratogahistory.com/httpdocs/phpBB/.htaccess pcfg_openfile: unable to check htaccess file, ensure it is readable and that '/var/www/vhosts/saratogahistory.com/httpdocs/phpBB/' is executable, referer: http://www.saratogahistory.com/
[Fri Aug 28 15:06:41.255331 2020] [core:crit] [pid 32325:tid 140619124995840] (13)Permission denied: [client 185.25.35.9:40710] AH00529: /var/www/vhosts/saratogahistory.com/httpdocs/phpBB/.htaccess pcfg_openfile: unable to check htaccess file, ensure it is readable and that '/var/www/vhosts/saratogahistory.com/httpdocs/phpBB/' is executable
[Fri Aug 28 15:06:57.450304 2020] [core:crit] [pid 32325:tid 140619166955264] (13)Permission denied: [client 178.159.37.58:41388] AH00529: /var/www/vhosts/saratogahistory.com/httpdocs/phpBB/.htaccess pcfg_openfile: unable to check htaccess file, ensure it is readable and that '/var/www/vhosts/saratogahistory.com/httpdocs/phpBB/' is executable, referer: http://www.saratogahistory.com/phpBB/index.php
[Fri Aug 28 15:38:28.164523 2020] [core:crit] [pid 6888:tid 140619124995840] (13)Permission denied: [client 45.137.197.6:50164] AH00529: /var/www/vhosts/saratogahistory.com/httpdocs/phpBB/.htaccess pcfg_openfile: unable to check htaccess file, ensure it is readable and that '/var/www/vhosts/saratogahistory.com/httpdocs/phpBB/' is executable, referer: http://www.saratogahistory.com/phpBB/index.php
[Fri Aug 28 15:38:31.449670 2020] [proxy_fcgi:error] [pid 32352:tid 140619334792960] [client 45.137.197.6:50320] AH01071: Got error 'Primary script unknown\n', referer: http://www.saratogahistory.com/index.php
[Fri Aug 28 15:38:32.363076 2020] [proxy_fcgi:error] [pid 6888:tid 140619355772672] [client 45.137.197.6:50370] AH01071: Got error 'Primary script unknown\n', referer: http://www.saratogahistory.com/index.php
[Fri Aug 28 15:38:33.288412 2020] [proxy_fcgi:error] [pid 6888:tid 140619376752384] [client 45.137.197.6:50410] AH01071: Got error 'Primary script unknown\n', referer: http://www.saratogahistory.com/index.php
[Fri Aug 28 15:48:19.273365 2020] [core:crit] [pid 6888:tid 140619292833536] (13)Permission denied: [client 66.249.64.89:44598] AH00529: /var/www/vhosts/saratogahistory.com/httpdocs/phpBB/.htaccess pcfg_openfile: unable to check htaccess file, ensure it is readable and that '/var/www/vhosts/saratogahistory.com/httpdocs/phpBB/' is executable
[Fri Aug 28 15:48:44.835262 2020] [core:crit] [pid 6888:tid 140619303323392] (13)Permission denied: [client 66.249.64.87:45442] AH00529: /var/www/vhosts/saratogahistory.com/httpdocs/phpBB/.htaccess pcfg_openfile: unable to check htaccess file, ensure it is readable and that '/var/www/vhosts/saratogahistory.com/httpdocs/phpBB/' is executable
[Fri Aug 28 15:49:16.974803 2020] [core:crit] [pid 6888:tid 140619324303104] (13)Permission denied: [client 66.249.64.87:46486] AH00529: /var/www/vhosts/saratogahistory.com/httpdocs/phpBB/.htaccess pcfg_openfile: unable to check htaccess file, ensure it is readable and that '/var/www/vhosts/saratogahistory.com/httpdocs/phpBB/' is executable
[Fri Aug 28 15:49:48.420009 2020] [core:crit] [pid 32325:tid 140619313813248] (13)Permission denied: [client 66.249.64.85:47482] AH00529: /var/www/vhosts/saratogahistory.com/httpdocs/phpBB/.htaccess pcfg_openfile: unable to check htaccess file, ensure it is readable and that '/var/www/vhosts/saratogahistory.com/httpdocs/phpBB/' is executable
[Fri Aug 28 15:50:19.973363 2020] [core:crit] [pid 6888:tid 140619366262528] (13)Permission denied: [client 66.249.64.87:48810] AH00529: /var/www/vhosts/saratogahistory.com/httpdocs/phpBB/.htaccess pcfg_openfile: unable to check htaccess file, ensure it is readable and that '/var/www/vhosts/saratogahistory.com/httpdocs/phpBB/' is executable
[Fri Aug 28 15:50:51.704175 2020] [core:crit] [pid 6888:tid 140619271853824] (13)Permission denied: [client 66.249.64.87:49770] AH00529: /var/www/vhosts/saratogahistory.com/httpdocs/phpBB/.htaccess pcfg_openfile: unable to check htaccess file, ensure it is readable and that '/var/www/vhosts/saratogahistory.com/httpdocs/phpBB/' is executable
[Fri Aug 28 15:51:23.666921 2020] [core:crit] [pid 6888:tid 140619250874112] (13)Permission denied: [client 66.249.64.87:50800] AH00529: /var/www/vhosts/saratogahistory.com/httpdocs/phpBB/.htaccess pcfg_openfile: unable to check htaccess file, ensure it is readable and that '/var/www/vhosts/saratogahistory.com/httpdocs/phpBB/' is executable
[Fri Aug 28 15:51:56.109187 2020] [core:crit] [pid 6888:tid 140619345282816] (13)Permission denied: [client 66.249.64.85:51926] AH00529: /var/www/vhosts/saratogahistory.com/httpdocs/phpBB/.htaccess pcfg_openfile: unable to check htaccess file, ensure it is readable and that '/var/www/vhosts/saratogahistory.com/httpdocs/phpBB/' is executable
[Fri Aug 28 15:52:29.687479 2020] [core:crit] [pid 6888:tid 140619240384256] (13)Permission denied: [client 66.249.64.85:53368] AH00529: /var/www/vhosts/saratogahistory.com/httpdocs/phpBB/.htaccess pcfg_openfile: unable to check htaccess file, ensure it is readable and that '/var/www/vhosts/saratogahistory.com/httpdocs/phpBB/' is executable
[Fri Aug 28 15:53:08.131941 2020] [core:crit] [pid 6888:tid 140619261363968] (13)Permission denied: [client 66.249.64.87:54776] AH00529: /var/www/vhosts/saratogahistory.com/httpdocs/phpBB/.htaccess pcfg_openfile: unable to check htaccess file, ensure it is readable and that '/var/www/vhosts/saratogahistory.com/httpdocs/phpBB/' is executable
[Fri Aug 28 16:05:32.140157 2020] [core:crit] [pid 6888:tid 140619250874112] (13)Permission denied: [client 178.159.37.88:50788] AH00529: /var/www/vhosts/saratogahistory.com/httpdocs/phpBB/.htaccess pcfg_openfile: unable to check htaccess file, ensure it is readable and that '/var/www/vhosts/saratogahistory.com/httpdocs/phpBB/' is executable, referer: http://www.saratogahistory.com/phpBB/index.php
[Fri Aug 28 16:05:33.223926 2020] [proxy_fcgi:error] [pid 6888:tid 140619198424832] [client 178.159.37.88:50806] AH01071: Got error 'Primary script unknown\n', referer: http://www.saratogahistory.com/index.php
[Fri Aug 28 16:05:33.495911 2020] [proxy_fcgi:error] [pid 6888:tid 140619345282816] [client 178.159.37.88:50810] AH01071: Got error 'Primary script unknown\n', referer: http://www.saratogahistory.com/index.php
[Fri Aug 28 16:05:33.774188 2020] [proxy_fcgi:error] [pid 6888:tid 140619240384256] [client 178.159.37.88:50822] AH01071: Got error 'Primary script unknown\n', referer: http://www.saratogahistory.com/index.php
[Fri Aug 28 16:17:38.181878 2020] [core:crit] [pid 6888:tid 140619145975552] (13)Permission denied: [client 199.167.138.22:52668] AH00529: /var/www/vhosts/saratogahistory.com/httpdocs/phpBB/.htaccess pcfg_openfile: unable to check htaccess file, ensure it is readable and that '/var/www/vhosts/saratogahistory.com/httpdocs/phpBB/' is executable, referer: http://www.saratogahistory.com/phpBB/index.php
[Fri Aug 28 16:23:38.256901 2020] [core:crit] [pid 6888:tid 140619324303104] (13)Permission denied: [client 185.25.35.15:35102] AH00529: /var/www/vhosts/saratogahistory.com/httpdocs/phpBB/.htaccess pcfg_openfile: unable to check htaccess file, ensure it is readable and that '/var/www/vhosts/saratogahistory.com/httpdocs/phpBB/' is executable
[Fri Aug 28 17:04:53.568815 2020] [core:crit] [pid 6888:tid 140619177445120] (13)Permission denied: [client 185.25.35.15:33672] AH00529: /var/www/vhosts/saratogahistory.com/httpdocs/phpBB/.htaccess pcfg_openfile: unable to check htaccess file, ensure it is readable and that '/var/www/vhosts/saratogahistory.com/httpdocs/phpBB/' is executable
[Fri Aug 28 17:16:23.344964 2020] [core:crit] [pid 32352:tid 140619229894400] (13)Permission denied: [client 185.25.35.10:58382] AH00529: /var/www/vhosts/saratogahistory.com/httpdocs/phpBB/.htaccess pcfg_openfile: unable to check htaccess file, ensure it is readable and that '/var/www/vhosts/saratogahistory.com/httpdocs/phpBB/' is executable
[Fri Aug 28 17:56:44.557094 2020] [core:crit] [pid 6888:tid 140619261363968] (13)Permission denied: [client 38.81.163.2:53866] AH00529: /var/www/vhosts/saratogahistory.com/httpdocs/phpBB/.htaccess pcfg_openfile: unable to check htaccess file, ensure it is readable and that '/var/www/vhosts/saratogahistory.com/httpdocs/phpBB/' is executable, referer: http://www.saratogahistory.com/phpBB/index.php
[Fri Aug 28 18:27:30.941994 2020] [proxy_fcgi:error] [pid 6888:tid 140619366262528] [client 92.222.92.237:58506] AH01071: Got error 'Primary script unknown\n', referer: http://saratogahistory.com/wp-login.php
[Fri Aug 28 19:35:53.728341 2020] [core:crit] [pid 6888:tid 140619271853824] (13)Permission denied: [client 46.246.65.141:53564] AH00529: /var/www/vhosts/saratogahistory.com/httpdocs/phpBB/.htaccess pcfg_openfile: unable to check htaccess file, ensure it is readable and that '/var/www/vhosts/saratogahistory.com/httpdocs/phpBB/' is executable, referer: http://www.saratogahistory.com/phpBB/index.php
[Fri Aug 28 19:35:53.999443 2020] [core:crit] [pid 6888:tid 140619250874112] (13)Permission denied: [client 46.246.65.141:53582] AH00529: /var/www/vhosts/saratogahistory.com/httpdocs/phpBB/.htaccess pcfg_openfile: unable to check htaccess file, ensure it is readable and that '/var/www/vhosts/saratogahistory.com/httpdocs/phpBB/' is executable, referer: http://www.saratogahistory.com/phpBB/index.php
[Fri Aug 28 20:03:57.015456 2020] [core:crit] [pid 6888:tid 140619166955264] (13)Permission denied: [client 66.249.64.87:47568] AH00529: /var/www/vhosts/saratogahistory.com/httpdocs/phpBB/.htaccess pcfg_openfile: unable to check htaccess file, ensure it is readable and that '/var/www/vhosts/saratogahistory.com/httpdocs/phpBB/' is executable, referer: http://www.saratogahistory.com/phpBB/viewtopic.php?p=1024&sid=23fc14d9866f524e21f48037f61121d4
[Fri Aug 28 20:03:58.014646 2020] [core:crit] [pid 6888:tid 140619355772672] (13)Permission denied: [client 66.249.64.85:47590] AH00529: /var/www/vhosts/saratogahistory.com/httpdocs/phpBB/.htaccess pcfg_openfile: unable to check htaccess file, ensure it is readable and that '/var/www/vhosts/saratogahistory.com/httpdocs/phpBB/' is executable, referer: http://www.saratogahistory.com/phpBB/viewtopic.php?p=1024&sid=23fc14d9866f524e21f48037f61121d4
[Fri Aug 28 20:10:16.341300 2020] [core:crit] [pid 6888:tid 140619334792960] (13)Permission denied: [client 203.133.169.112:59832] AH00529: /var/www/vhosts/saratogahistory.com/httpdocs/phpBB/.htaccess pcfg_openfile: unable to check htaccess file, ensure it is readable and that '/var/www/vhosts/saratogahistory.com/httpdocs/phpBB/' is executable
[Fri Aug 28 20:10:21.253012 2020] [core:crit] [pid 6888:tid 140619313813248] (13)Permission denied: [client 203.133.169.112:59982] AH00529: /var/www/vhosts/saratogahistory.com/httpdocs/phpBB/.htaccess pcfg_openfile: unable to check htaccess file, ensure it is readable and that '/var/www/vhosts/saratogahistory.com/httpdocs/phpBB/' is executable
[Fri Aug 28 20:10:26.705062 2020] [core:crit] [pid 32352:tid 140619376752384] (13)Permission denied: [client 203.133.169.112:60166] AH00529: /var/www/vhosts/saratogahistory.com/httpdocs/phpBB/.htaccess pcfg_openfile: unable to check htaccess file, ensure it is readable and that '/var/www/vhosts/saratogahistory.com/httpdocs/phpBB/' is executable
[Fri Aug 28 20:10:31.764932 2020] [core:crit] [pid 6888:tid 140619303323392] (13)Permission denied: [client 203.133.169.112:60352] AH00529: /var/www/vhosts/saratogahistory.com/httpdocs/phpBB/.htaccess pcfg_openfile: unable to check htaccess file, ensure it is readable and that '/var/www/vhosts/saratogahistory.com/httpdocs/phpBB/' is executable
[Fri Aug 28 20:10:36.748164 2020] [core:crit] [pid 6888:tid 140619366262528] (13)Permission denied: [client 203.133.169.112:60580] AH00529: /var/www/vhosts/saratogahistory.com/httpdocs/phpBB/.htaccess pcfg_openfile: unable to check htaccess file, ensure it is readable and that '/var/www/vhosts/saratogahistory.com/httpdocs/phpBB/' is executable
[Fri Aug 28 20:10:41.639414 2020] [core:crit] [pid 32352:tid 140619345282816] (13)Permission denied: [client 203.133.169.112:60748] AH00529: /var/www/vhosts/saratogahistory.com/httpdocs/phpBB/.htaccess pcfg_openfile: unable to check htaccess file, ensure it is readable and that '/var/www/vhosts/saratogahistory.com/httpdocs/phpBB/' is executable
[Fri Aug 28 20:10:46.630821 2020] [core:crit] [pid 32352:tid 140619187934976] (13)Permission denied: [client 203.133.169.112:60902] AH00529: /var/www/vhosts/saratogahistory.com/httpdocs/phpBB/.htaccess pcfg_openfile: unable to check htaccess file, ensure it is readable and that '/var/www/vhosts/saratogahistory.com/httpdocs/phpBB/' is executable
[Fri Aug 28 20:10:51.527012 2020] [core:crit] [pid 6888:tid 140619271853824] (13)Permission denied: [client 203.133.169.112:32852] AH00529: /var/www/vhosts/saratogahistory.com/httpdocs/phpBB/.htaccess pcfg_openfile: unable to check htaccess file, ensure it is readable and that '/var/www/vhosts/saratogahistory.com/httpdocs/phpBB/' is executable
[Fri Aug 28 20:10:56.542556 2020] [core:crit] [pid 6888:tid 140619324303104] (13)Permission denied: [client 203.133.169.112:33006] AH00529: /var/www/vhosts/saratogahistory.com/httpdocs/phpBB/.htaccess pcfg_openfile: unable to check htaccess file, ensure it is readable and that '/var/www/vhosts/saratogahistory.com/httpdocs/phpBB/' is executable
[Fri Aug 28 20:11:01.524128 2020] [core:crit] [pid 6888:tid 140619198424832] (13)Permission denied: [client 203.133.169.112:33182] AH00529: /var/www/vhosts/saratogahistory.com/httpdocs/phpBB/.htaccess pcfg_openfile: unable to check htaccess file, ensure it is readable and that '/var/www/vhosts/saratogahistory.com/httpdocs/phpBB/' is executable
[Fri Aug 28 20:11:06.522509 2020] [core:crit] [pid 32352:tid 140619219404544] (13)Permission denied: [client 203.133.169.112:33344] AH00529: /var/www/vhosts/saratogahistory.com/httpdocs/phpBB/.htaccess pcfg_openfile: unable to check htaccess file, ensure it is readable and that '/var/www/vhosts/saratogahistory.com/httpdocs/phpBB/' is executable
[Fri Aug 28 20:11:11.518315 2020] [core:crit] [pid 6888:tid 140619250874112] (13)Permission denied: [client 203.133.169.112:33452] AH00529: /var/www/vhosts/saratogahistory.com/httpdocs/phpBB/.htaccess pcfg_openfile: unable to check htaccess file, ensure it is readable and that '/var/www/vhosts/saratogahistory.com/httpdocs/phpBB/' is executable
[Fri Aug 28 20:11:16.405710 2020] [core:crit] [pid 6888:tid 140619345282816] (13)Permission denied: [client 203.133.169.112:33582] AH00529: /var/www/vhosts/saratogahistory.com/httpdocs/phpBB/.htaccess pcfg_openfile: unable to check htaccess file, ensure it is readable and that '/var/www/vhosts/saratogahistory.com/httpdocs/phpBB/' is executable
[Fri Aug 28 20:11:21.884096 2020] [core:crit] [pid 6888:tid 140619240384256] (13)Permission denied: [client 203.133.169.112:33728] AH00529: /var/www/vhosts/saratogahistory.com/httpdocs/phpBB/.htaccess pcfg_openfile: unable to check htaccess file, ensure it is readable and that '/var/www/vhosts/saratogahistory.com/httpdocs/phpBB/' is executable
[Fri Aug 28 20:11:33.082595 2020] [core:crit] [pid 32352:tid 140619145975552] (13)Permission denied: [client 203.133.169.112:34078] AH00529: /var/www/vhosts/saratogahistory.com/httpdocs/phpBB/.htaccess pcfg_openfile: unable to check htaccess file, ensure it is readable and that '/var/www/vhosts/saratogahistory.com/httpdocs/phpBB/' is executable
[Fri Aug 28 20:11:37.991140 2020] [core:crit] [pid 32352:tid 140619177445120] (13)Permission denied: [client 203.133.169.112:34254] AH00529: /var/www/vhosts/saratogahistory.com/httpdocs/phpBB/.htaccess pcfg_openfile: unable to check htaccess file, ensure it is readable and that '/var/www/vhosts/saratogahistory.com/httpdocs/phpBB/' is executable
[Fri Aug 28 20:11:42.974917 2020] [core:crit] [pid 6888:tid 140619282343680] (13)Permission denied: [client 203.133.169.112:34452] AH00529: /var/www/vhosts/saratogahistory.com/httpdocs/phpBB/.htaccess pcfg_openfile: unable to check htaccess file, ensure it is readable and that '/var/www/vhosts/saratogahistory.com/httpdocs/phpBB/' is executable
[Fri Aug 28 20:11:48.372638 2020] [core:crit] [pid 6888:tid 140619187934976] (13)Permission denied: [client 203.133.169.112:34630] AH00529: /var/www/vhosts/saratogahistory.com/httpdocs/phpBB/.htaccess pcfg_openfile: unable to check htaccess file, ensure it is readable and that '/var/www/vhosts/saratogahistory.com/httpdocs/phpBB/' is executable
[Fri Aug 28 20:11:53.379225 2020] [core:crit] [pid 32325:tid 140619229894400] (13)Permission denied: [client 203.133.169.112:34830] AH00529: /var/www/vhosts/saratogahistory.com/httpdocs/phpBB/.htaccess pcfg_openfile: unable to check htaccess file, ensure it is readable and that '/var/www/vhosts/saratogahistory.com/httpdocs/phpBB/' is executable
[Fri Aug 28 20:11:58.389431 2020] [core:crit] [pid 6888:tid 140619229894400] (13)Permission denied: [client 203.133.169.112:34988] AH00529: /var/www/vhosts/saratogahistory.com/httpdocs/phpBB/.htaccess pcfg_openfile: unable to check htaccess file, ensure it is readable and that '/var/www/vhosts/saratogahistory.com/httpdocs/phpBB/' is executable
[Fri Aug 28 20:12:03.588935 2020] [core:crit] [pid 6888:tid 140619261363968] (13)Permission denied: [client 203.133.169.112:35154] AH00529: /var/www/vhosts/saratogahistory.com/httpdocs/phpBB/.htaccess pcfg_openfile: unable to check htaccess file, ensure it is readable and that '/var/www/vhosts/saratogahistory.com/httpdocs/phpBB/' is executable
[Fri Aug 28 20:12:08.579181 2020] [core:crit] [pid 6888:tid 140619208914688] (13)Permission denied: [client 203.133.169.112:35350] AH00529: /var/www/vhosts/saratogahistory.com/httpdocs/phpBB/.htaccess pcfg_openfile: unable to check htaccess file, ensure it is readable and that '/var/www/vhosts/saratogahistory.com/httpdocs/phpBB/' is executable
[Fri Aug 28 20:12:13.586395 2020] [core:crit] [pid 6888:tid 140619156465408] (13)Permission denied: [client 203.133.169.112:35608] AH00529: /var/www/vhosts/saratogahistory.com/httpdocs/phpBB/.htaccess pcfg_openfile: unable to check htaccess file, ensure it is readable and that '/var/www/vhosts/saratogahistory.com/httpdocs/phpBB/' is executable
[Fri Aug 28 20:12:18.490160 2020] [core:crit] [pid 6888:tid 140619219404544] (13)Permission denied: [client 203.133.169.112:35790] AH00529: /var/www/vhosts/saratogahistory.com/httpdocs/phpBB/.htaccess pcfg_openfile: unable to check htaccess file, ensure it is readable and that '/var/www/vhosts/saratogahistory.com/httpdocs/phpBB/' is executable
[Fri Aug 28 20:12:23.729695 2020] [core:crit] [pid 6888:tid 140619145975552] (13)Permission denied: [client 203.133.169.112:35988] AH00529: /var/www/vhosts/saratogahistory.com/httpdocs/phpBB/.htaccess pcfg_openfile: unable to check htaccess file, ensure it is readable and that '/var/www/vhosts/saratogahistory.com/httpdocs/phpBB/' is executable
[Fri Aug 28 20:12:28.614675 2020] [core:crit] [pid 32352:tid 140619166955264] (13)Permission denied: [client 203.133.169.112:36166] AH00529: /var/www/vhosts/saratogahistory.com/httpdocs/phpBB/.htaccess pcfg_openfile: unable to check htaccess file, ensure it is readable and that '/var/www/vhosts/saratogahistory.com/httpdocs/phpBB/' is executable
[Fri Aug 28 20:12:33.649444 2020] [core:crit] [pid 6888:tid 140619124995840] (13)Permission denied: [client 203.133.169.112:36318] AH00529: /var/www/vhosts/saratogahistory.com/httpdocs/phpBB/.htaccess pcfg_openfile: unable to check htaccess file, ensure it is readable and that '/var/www/vhosts/saratogahistory.com/httpdocs/phpBB/' is executable
[Fri Aug 28 20:12:38.636328 2020] [core:crit] [pid 6888:tid 140619177445120] (13)Permission denied: [client 203.133.169.112:36488] AH00529: /var/www/vhosts/saratogahistory.com/httpdocs/phpBB/.htaccess pcfg_openfile: unable to check htaccess file, ensure it is readable and that '/var/www/vhosts/saratogahistory.com/httpdocs/phpBB/' is executable
[Fri Aug 28 20:12:43.535717 2020] [core:crit] [pid 32325:tid 140619177445120] (13)Permission denied: [client 203.133.169.112:36680] AH00529: /var/www/vhosts/saratogahistory.com/httpdocs/phpBB/.htaccess pcfg_openfile: unable to check htaccess file, ensure it is readable and that '/var/www/vhosts/saratogahistory.com/httpdocs/phpBB/' is executable
[Fri Aug 28 20:12:48.421198 2020] [core:crit] [pid 32325:tid 140619156465408] (13)Permission denied: [client 203.133.169.112:36852] AH00529: /var/www/vhosts/saratogahistory.com/httpdocs/phpBB/.htaccess pcfg_openfile: unable to check htaccess file, ensure it is readable and that '/var/www/vhosts/saratogahistory.com/httpdocs/phpBB/' is executable
[Fri Aug 28 20:12:53.337387 2020] [core:crit] [pid 6888:tid 140619166955264] (13)Permission denied: [client 203.133.169.112:37018] AH00529: /var/www/vhosts/saratogahistory.com/httpdocs/phpBB/.htaccess pcfg_openfile: unable to check htaccess file, ensure it is readable and that '/var/www/vhosts/saratogahistory.com/httpdocs/phpBB/' is executable
[Fri Aug 28 20:12:58.611485 2020] [core:crit] [pid 32352:tid 140619135485696] (13)Permission denied: [client 203.133.169.112:37192] AH00529: /var/www/vhosts/saratogahistory.com/httpdocs/phpBB/.htaccess pcfg_openfile: unable to check htaccess file, ensure it is readable and that '/var/www/vhosts/saratogahistory.com/httpdocs/phpBB/' is executable
[Fri Aug 28 20:13:03.700025 2020] [core:crit] [pid 32352:tid 140619303323392] (13)Permission denied: [client 203.133.169.112:37440] AH00529: /var/www/vhosts/saratogahistory.com/httpdocs/phpBB/.htaccess pcfg_openfile: unable to check htaccess file, ensure it is readable and that '/var/www/vhosts/saratogahistory.com/httpdocs/phpBB/' is executable
[Fri Aug 28 20:13:08.680852 2020] [core:crit] [pid 6888:tid 140619355772672] (13)Permission denied: [client 203.133.169.112:37724] AH00529: /var/www/vhosts/saratogahistory.com/httpdocs/phpBB/.htaccess pcfg_openfile: unable to check htaccess file, ensure it is readable and that '/var/www/vhosts/saratogahistory.com/httpdocs/phpBB/' is executable
[Fri Aug 28 20:13:13.564495 2020] [core:crit] [pid 32352:tid 140619156465408] (13)Permission denied: [client 203.133.169.112:37906] AH00529: /var/www/vhosts/saratogahistory.com/httpdocs/phpBB/.htaccess pcfg_openfile: unable to check htaccess file, ensure it is readable and that '/var/www/vhosts/saratogahistory.com/httpdocs/phpBB/' is executable
[Fri Aug 28 20:13:18.555613 2020] [core:crit] [pid 6888:tid 140619135485696] (13)Permission denied: [client 203.133.169.112:38076] AH00529: /var/www/vhosts/saratogahistory.com/httpdocs/phpBB/.htaccess pcfg_openfile: unable to check htaccess file, ensure it is readable and that '/var/www/vhosts/saratogahistory.com/httpdocs/phpBB/' is executable
[Fri Aug 28 20:13:23.569496 2020] [core:crit] [pid 6888:tid 140619376752384] (13)Permission denied: [client 203.133.169.112:38250] AH00529: /var/www/vhosts/saratogahistory.com/httpdocs/phpBB/.htaccess pcfg_openfile: unable to check htaccess file, ensure it is readable and that '/var/www/vhosts/saratogahistory.com/httpdocs/phpBB/' is executable
[Fri Aug 28 20:13:28.570762 2020] [core:crit] [pid 6888:tid 140619334792960] (13)Permission denied: [client 203.133.169.112:38382] AH00529: /var/www/vhosts/saratogahistory.com/httpdocs/phpBB/.htaccess pcfg_openfile: unable to check htaccess file, ensure it is readable and that '/var/www/vhosts/saratogahistory.com/httpdocs/phpBB/' is executable
[Fri Aug 28 20:13:33.744332 2020] [core:crit] [pid 32352:tid 140619271853824] (13)Permission denied: [client 203.133.169.112:38546] AH00529: /var/www/vhosts/saratogahistory.com/httpdocs/phpBB/.htaccess pcfg_openfile: unable to check htaccess file, ensure it is readable and that '/var/www/vhosts/saratogahistory.com/httpdocs/phpBB/' is executable
[Fri Aug 28 20:13:38.652061 2020] [core:crit] [pid 6888:tid 140619313813248] (13)Permission denied: [client 203.133.169.112:38662] AH00529: /var/www/vhosts/saratogahistory.com/httpdocs/phpBB/.htaccess pcfg_openfile: unable to check htaccess file, ensure it is readable and that '/var/www/vhosts/saratogahistory.com/httpdocs/phpBB/' is executable
[Fri Aug 28 20:13:43.653392 2020] [core:crit] [pid 32352:tid 140619198424832] (13)Permission denied: [client 203.133.169.112:38868] AH00529: /var/www/vhosts/saratogahistory.com/httpdocs/phpBB/.htaccess pcfg_openfile: unable to check htaccess file, ensure it is readable and that '/var/www/vhosts/saratogahistory.com/httpdocs/phpBB/' is executable
[Fri Aug 28 20:13:48.649262 2020] [core:crit] [pid 6888:tid 140619292833536] (13)Permission denied: [client 203.133.169.112:39058] AH00529: /var/www/vhosts/saratogahistory.com/httpdocs/phpBB/.htaccess pcfg_openfile: unable to check htaccess file, ensure it is readable and that '/var/www/vhosts/saratogahistory.com/httpdocs/phpBB/' is executable
[Fri Aug 28 20:13:53.540943 2020] [core:crit] [pid 6888:tid 140619303323392] (13)Permission denied: [client 203.133.169.112:39208] AH00529: /var/www/vhosts/saratogahistory.com/httpdocs/phpBB/.htaccess pcfg_openfile: unable to check htaccess file, ensure it is readable and that '/var/www/vhosts/saratogahistory.com/httpdocs/phpBB/' is executable
[Fri Aug 28 20:13:58.534410 2020] [core:crit] [pid 6888:tid 140619366262528] (13)Permission denied: [client 203.133.169.112:39312] AH00529: /var/www/vhosts/saratogahistory.com/httpdocs/phpBB/.htaccess pcfg_openfile: unable to check htaccess file, ensure it is readable and that '/var/www/vhosts/saratogahistory.com/httpdocs/phpBB/' is executable
[Fri Aug 28 20:50:53.717930 2020] [core:crit] [pid 32352:tid 140619355772672] (13)Permission denied: [client 66.249.64.89:51440] AH00529: /var/www/vhosts/saratogahistory.com/httpdocs/phpBB/.htaccess pcfg_openfile: unable to check htaccess file, ensure it is readable and that '/var/www/vhosts/saratogahistory.com/httpdocs/phpBB/' is executable
[Fri Aug 28 20:53:01.816338 2020] [core:crit] [pid 6888:tid 140619324303104] (13)Permission denied: [client 66.249.64.87:54940] AH00529: /var/www/vhosts/saratogahistory.com/httpdocs/phpBB/.htaccess pcfg_openfile: unable to check htaccess file, ensure it is readable and that '/var/www/vhosts/saratogahistory.com/httpdocs/phpBB/' is executable
[Fri Aug 28 21:19:44.557613 2020] [core:crit] [pid 6888:tid 140619135485696] (13)Permission denied: [client 185.25.35.12:51440] AH00529: /var/www/vhosts/saratogahistory.com/httpdocs/phpBB/.htaccess pcfg_openfile: unable to check htaccess file, ensure it is readable and that '/var/www/vhosts/saratogahistory.com/httpdocs/phpBB/' is executable
[Fri Aug 28 21:39:02.891896 2020] [core:crit] [pid 6888:tid 140619261363968] (13)Permission denied: [client 185.220.102.7:57484] AH00529: /var/www/vhosts/saratogahistory.com/httpdocs/phpBB/.htaccess pcfg_openfile: unable to check htaccess file, ensure it is readable and that '/var/www/vhosts/saratogahistory.com/httpdocs/phpBB/' is executable, referer: http://www.saratogahistory.com/phpBB/index.php
[Fri Aug 28 22:34:28.644750 2020] [core:crit] [pid 32325:tid 140619313813248] (13)Permission denied: [client 185.25.35.8:49954] AH00529: /var/www/vhosts/saratogahistory.com/httpdocs/phpBB/.htaccess pcfg_openfile: unable to check htaccess file, ensure it is readable and that '/var/www/vhosts/saratogahistory.com/httpdocs/phpBB/' is executable
[Fri Aug 28 22:48:23.982804 2020] [core:crit] [pid 6888:tid 140619292833536] (13)Permission denied: [client 85.174.205.83:48078] AH00529: /var/www/vhosts/saratogahistory.com/httpdocs/phpBB/.htaccess pcfg_openfile: unable to check htaccess file, ensure it is readable and that '/var/www/vhosts/saratogahistory.com/httpdocs/phpBB/' is executable, referer: http://www.saratogahistory.com/phpBB/index.php
[Fri Aug 28 23:09:11.710579 2020] [core:crit] [pid 6888:tid 140619187934976] (13)Permission denied: [client 74.210.168.36:57200] AH00529: /var/www/vhosts/saratogahistory.com/httpdocs/phpBB/.htaccess pcfg_openfile: unable to check htaccess file, ensure it is readable and that '/var/www/vhosts/saratogahistory.com/httpdocs/phpBB/' is executable, referer: http://www.saratogahistory.com/phpBB/index.php
[Fri Aug 28 23:09:12.433065 2020] [proxy_fcgi:error] [pid 32352:tid 140619156465408] [client 74.210.168.36:57232] AH01071: Got error 'Primary script unknown\n', referer: http://www.saratogahistory.com/index.php
[Fri Aug 28 23:09:12.582062 2020] [proxy_fcgi:error] [pid 6888:tid 140619208914688] [client 74.210.168.36:57236] AH01071: Got error 'Primary script unknown\n', referer: http://www.saratogahistory.com/index.php
[Fri Aug 28 23:09:12.731784 2020] [proxy_fcgi:error] [pid 32352:tid 140619271853824] [client 74.210.168.36:57240] AH01071: Got error 'Primary script unknown\n', referer: http://www.saratogahistory.com/index.php
[Fri Aug 28 23:12:17.548933 2020] [core:crit] [pid 6888:tid 140619177445120] (13)Permission denied: [client 185.25.35.15:34424] AH00529: /var/www/vhosts/saratogahistory.com/httpdocs/phpBB/.htaccess pcfg_openfile: unable to check htaccess file, ensure it is readable and that '/var/www/vhosts/saratogahistory.com/httpdocs/phpBB/' is executable
[Fri Aug 28 23:20:47.144247 2020] [core:crit] [pid 6888:tid 140619208914688] (13)Permission denied: [client 185.25.35.13:49964] AH00529: /var/www/vhosts/saratogahistory.com/httpdocs/phpBB/.htaccess pcfg_openfile: unable to check htaccess file, ensure it is readable and that '/var/www/vhosts/saratogahistory.com/httpdocs/phpBB/' is executable
[Fri Aug 28 23:52:51.827997 2020] [core:crit] [pid 6888:tid 140619324303104] (13)Permission denied: [client 216.144.230.233:53178] AH00529: /var/www/vhosts/saratogahistory.com/httpdocs/phpBB/.htaccess pcfg_openfile: unable to check htaccess file, ensure it is readable and that '/var/www/vhosts/saratogahistory.com/httpdocs/phpBB/' is executable, referer: http://www.saratogahistory.com/phpBB/index.php
[Sat Aug 29 00:47:19.063143 2020] [core:crit] [pid 6888:tid 140619271853824] (13)Permission denied: [client 46.246.65.141:47234] AH00529: /var/www/vhosts/saratogahistory.com/httpdocs/phpBB/.htaccess pcfg_openfile: unable to check htaccess file, ensure it is readable and that '/var/www/vhosts/saratogahistory.com/httpdocs/phpBB/' is executable, referer: http://www.saratogahistory.com/phpBB/index.php
[Sat Aug 29 00:47:20.316285 2020] [core:crit] [pid 6888:tid 140619250874112] (13)Permission denied: [client 46.246.65.141:47270] AH00529: /var/www/vhosts/saratogahistory.com/httpdocs/phpBB/.htaccess pcfg_openfile: unable to check htaccess file, ensure it is readable and that '/var/www/vhosts/saratogahistory.com/httpdocs/phpBB/' is executable, referer: http://www.saratogahistory.com/phpBB/index.php
[Sat Aug 29 01:01:06.851497 2020] [core:crit] [pid 6888:tid 140619303323392] (13)Permission denied: [client 203.133.169.112:44770] AH00529: /var/www/vhosts/saratogahistory.com/httpdocs/phpBB/.htaccess pcfg_openfile: unable to check htaccess file, ensure it is readable and that '/var/www/vhosts/saratogahistory.com/httpdocs/phpBB/' is executable
[Sat Aug 29 01:01:11.833257 2020] [core:crit] [pid 6888:tid 140619271853824] (13)Permission denied: [client 203.133.169.112:44920] AH00529: /var/www/vhosts/saratogahistory.com/httpdocs/phpBB/.htaccess pcfg_openfile: unable to check htaccess file, ensure it is readable and that '/var/www/vhosts/saratogahistory.com/httpdocs/phpBB/' is executable
[Sat Aug 29 01:01:16.707914 2020] [core:crit] [pid 6888:tid 140619324303104] (13)Permission denied: [client 203.133.169.112:45052] AH00529: /var/www/vhosts/saratogahistory.com/httpdocs/phpBB/.htaccess pcfg_openfile: unable to check htaccess file, ensure it is readable and that '/var/www/vhosts/saratogahistory.com/httpdocs/phpBB/' is executable
[Sat Aug 29 01:01:21.701828 2020] [core:crit] [pid 6888:tid 140619198424832] (13)Permission denied: [client 203.133.169.112:45230] AH00529: /var/www/vhosts/saratogahistory.com/httpdocs/phpBB/.htaccess pcfg_openfile: unable to check htaccess file, ensure it is readable and that '/var/www/vhosts/saratogahistory.com/httpdocs/phpBB/' is executable
[Sat Aug 29 01:01:26.592348 2020] [core:crit] [pid 6888:tid 140619250874112] (13)Permission denied: [client 203.133.169.112:45362] AH00529: /var/www/vhosts/saratogahistory.com/httpdocs/phpBB/.htaccess pcfg_openfile: unable to check htaccess file, ensure it is readable and that '/var/www/vhosts/saratogahistory.com/httpdocs/phpBB/' is executable
[Sat Aug 29 01:01:31.763763 2020] [core:crit] [pid 32352:tid 140619324303104] (13)Permission denied: [client 203.133.169.112:45500] AH00529: /var/www/vhosts/saratogahistory.com/httpdocs/phpBB/.htaccess pcfg_openfile: unable to check htaccess file, ensure it is readable and that '/var/www/vhosts/saratogahistory.com/httpdocs/phpBB/' is executable
[Sat Aug 29 01:01:36.762279 2020] [core:crit] [pid 6888:tid 140619345282816] (13)Permission denied: [client 203.133.169.112:45624] AH00529: /var/www/vhosts/saratogahistory.com/httpdocs/phpBB/.htaccess pcfg_openfile: unable to check htaccess file, ensure it is readable and that '/var/www/vhosts/saratogahistory.com/httpdocs/phpBB/' is executable
[Sat Aug 29 01:01:41.719849 2020] [core:crit] [pid 32352:tid 140619240384256] (13)Permission denied: [client 203.133.169.112:45758] AH00529: /var/www/vhosts/saratogahistory.com/httpdocs/phpBB/.htaccess pcfg_openfile: unable to check htaccess file, ensure it is readable and that '/var/www/vhosts/saratogahistory.com/httpdocs/phpBB/' is executable
[Sat Aug 29 01:01:46.638693 2020] [core:crit] [pid 32322:tid 140619156465408] (13)Permission denied: [client 203.133.169.112:45898] AH00529: /var/www/vhosts/saratogahistory.com/httpdocs/phpBB/.htaccess pcfg_openfile: unable to check htaccess file, ensure it is readable and that '/var/www/vhosts/saratogahistory.com/httpdocs/phpBB/' is executable
[Sat Aug 29 01:01:51.561720 2020] [core:crit] [pid 6888:tid 140619240384256] (13)Permission denied: [client 203.133.169.112:46092] AH00529: /var/www/vhosts/saratogahistory.com/httpdocs/phpBB/.htaccess pcfg_openfile: unable to check htaccess file, ensure it is readable and that '/var/www/vhosts/saratogahistory.com/httpdocs/phpBB/' is executable
[Sat Aug 29 01:01:56.467626 2020] [core:crit] [pid 6888:tid 140619282343680] (13)Permission denied: [client 203.133.169.112:46214] AH00529: /var/www/vhosts/saratogahistory.com/httpdocs/phpBB/.htaccess pcfg_openfile: unable to check htaccess file, ensure it is readable and that '/var/www/vhosts/saratogahistory.com/httpdocs/phpBB/' is executable
[Sat Aug 29 01:02:01.521672 2020] [core:crit] [pid 6888:tid 140619187934976] (13)Permission denied: [client 203.133.169.112:46348] AH00529: /var/www/vhosts/saratogahistory.com/httpdocs/phpBB/.htaccess pcfg_openfile: unable to check htaccess file, ensure it is readable and that '/var/www/vhosts/saratogahistory.com/httpdocs/phpBB/' is executable
[Sat Aug 29 01:02:06.713779 2020] [core:crit] [pid 32325:tid 140619334792960] (13)Permission denied: [client 203.133.169.112:46514] AH00529: /var/www/vhosts/saratogahistory.com/httpdocs/phpBB/.htaccess pcfg_openfile: unable to check htaccess file, ensure it is readable and that '/var/www/vhosts/saratogahistory.com/httpdocs/phpBB/' is executable
[Sat Aug 29 01:02:11.609749 2020] [core:crit] [pid 32325:tid 140619345282816] (13)Permission denied: [client 203.133.169.112:46638] AH00529: /var/www/vhosts/saratogahistory.com/httpdocs/phpBB/.htaccess pcfg_openfile: unable to check htaccess file, ensure it is readable and that '/var/www/vhosts/saratogahistory.com/httpdocs/phpBB/' is executable
[Sat Aug 29 01:02:16.500349 2020] [core:crit] [pid 6888:tid 140619261363968] (13)Permission denied: [client 203.133.169.112:46790] AH00529: /var/www/vhosts/saratogahistory.com/httpdocs/phpBB/.htaccess pcfg_openfile: unable to check htaccess file, ensure it is readable and that '/var/www/vhosts/saratogahistory.com/httpdocs/phpBB/' is executable
[Sat Aug 29 01:02:21.486304 2020] [core:crit] [pid 6888:tid 140619208914688] (13)Permission denied: [client 203.133.169.112:46954] AH00529: /var/www/vhosts/saratogahistory.com/httpdocs/phpBB/.htaccess pcfg_openfile: unable to check htaccess file, ensure it is readable and that '/var/www/vhosts/saratogahistory.com/httpdocs/phpBB/' is executable
[Sat Aug 29 01:02:31.393106 2020] [core:crit] [pid 32322:tid 140619145975552] (13)Permission denied: [client 203.133.169.112:47282] AH00529: /var/www/vhosts/saratogahistory.com/httpdocs/phpBB/.htaccess pcfg_openfile: unable to check htaccess file, ensure it is readable and that '/var/www/vhosts/saratogahistory.com/httpdocs/phpBB/' is executable
[Sat Aug 29 01:02:36.345616 2020] [core:crit] [pid 32325:tid 140619366262528] (13)Permission denied: [client 203.133.169.112:47450] AH00529: /var/www/vhosts/saratogahistory.com/httpdocs/phpBB/.htaccess pcfg_openfile: unable to check htaccess file, ensure it is readable and that '/var/www/vhosts/saratogahistory.com/httpdocs/phpBB/' is executable
[Sat Aug 29 01:02:41.620795 2020] [core:crit] [pid 6888:tid 140619219404544] (13)Permission denied: [client 203.133.169.112:47636] AH00529: /var/www/vhosts/saratogahistory.com/httpdocs/phpBB/.htaccess pcfg_openfile: unable to check htaccess file, ensure it is readable and that '/var/www/vhosts/saratogahistory.com/httpdocs/phpBB/' is executable
[Sat Aug 29 01:02:46.503008 2020] [core:crit] [pid 6888:tid 140619145975552] (13)Permission denied: [client 203.133.169.112:47786] AH00529: /var/www/vhosts/saratogahistory.com/httpdocs/phpBB/.htaccess pcfg_openfile: unable to check htaccess file, ensure it is readable and that '/var/www/vhosts/saratogahistory.com/httpdocs/phpBB/' is executable
[Sat Aug 29 01:02:51.496164 2020] [core:crit] [pid 6888:tid 140619124995840] (13)Permission denied: [client 203.133.169.112:48016] AH00529: /var/www/vhosts/saratogahistory.com/httpdocs/phpBB/.htaccess pcfg_openfile: unable to check htaccess file, ensure it is readable and that '/var/www/vhosts/saratogahistory.com/httpdocs/phpBB/' is executable
[Sat Aug 29 01:02:56.399033 2020] [core:crit] [pid 6888:tid 140619177445120] (13)Permission denied: [client 203.133.169.112:48158] AH00529: /var/www/vhosts/saratogahistory.com/httpdocs/phpBB/.htaccess pcfg_openfile: unable to check htaccess file, ensure it is readable and that '/var/www/vhosts/saratogahistory.com/httpdocs/phpBB/' is executable
[Sat Aug 29 01:03:01.282969 2020] [core:crit] [pid 6888:tid 140619355772672] (13)Permission denied: [client 203.133.169.112:48256] AH00529: /var/www/vhosts/saratogahistory.com/httpdocs/phpBB/.htaccess pcfg_openfile: unable to check htaccess file, ensure it is readable and that '/var/www/vhosts/saratogahistory.com/httpdocs/phpBB/' is executable
[Sat Aug 29 01:03:06.170149 2020] [core:crit] [pid 6888:tid 140619166955264] (13)Permission denied: [client 203.133.169.112:48444] AH00529: /var/www/vhosts/saratogahistory.com/httpdocs/phpBB/.htaccess pcfg_openfile: unable to check htaccess file, ensure it is readable and that '/var/www/vhosts/saratogahistory.com/httpdocs/phpBB/' is executable
[Sat Aug 29 01:03:11.192838 2020] [core:crit] [pid 32325:tid 140619261363968] (13)Permission denied: [client 203.133.169.112:48618] AH00529: /var/www/vhosts/saratogahistory.com/httpdocs/phpBB/.htaccess pcfg_openfile: unable to check htaccess file, ensure it is readable and that '/var/www/vhosts/saratogahistory.com/httpdocs/phpBB/' is executable
[Sat Aug 29 01:03:16.324407 2020] [core:crit] [pid 32325:tid 140619208914688] (13)Permission denied: [client 203.133.169.112:48798] AH00529: /var/www/vhosts/saratogahistory.com/httpdocs/phpBB/.htaccess pcfg_openfile: unable to check htaccess file, ensure it is readable and that '/var/www/vhosts/saratogahistory.com/httpdocs/phpBB/' is executable
[Sat Aug 29 01:03:21.306356 2020] [core:crit] [pid 6888:tid 140619135485696] (13)Permission denied: [client 203.133.169.112:49022] AH00529: /var/www/vhosts/saratogahistory.com/httpdocs/phpBB/.htaccess pcfg_openfile: unable to check htaccess file, ensure it is readable and that '/var/www/vhosts/saratogahistory.com/httpdocs/phpBB/' is executable
[Sat Aug 29 01:03:26.331072 2020] [core:crit] [pid 6888:tid 140619376752384] (13)Permission denied: [client 203.133.169.112:49244] AH00529: /var/www/vhosts/saratogahistory.com/httpdocs/phpBB/.htaccess pcfg_openfile: unable to check htaccess file, ensure it is readable and that '/var/www/vhosts/saratogahistory.com/httpdocs/phpBB/' is executable
[Sat Aug 29 01:03:31.206547 2020] [core:crit] [pid 6888:tid 140619334792960] (13)Permission denied: [client 203.133.169.112:49428] AH00529: /var/www/vhosts/saratogahistory.com/httpdocs/phpBB/.htaccess pcfg_openfile: unable to check htaccess file, ensure it is readable and that '/var/www/vhosts/saratogahistory.com/httpdocs/phpBB/' is executable
[Sat Aug 29 01:03:36.204915 2020] [core:crit] [pid 6888:tid 140619313813248] (13)Permission denied: [client 203.133.169.112:49594] AH00529: /var/www/vhosts/saratogahistory.com/httpdocs/phpBB/.htaccess pcfg_openfile: unable to check htaccess file, ensure it is readable and that '/var/www/vhosts/saratogahistory.com/httpdocs/phpBB/' is executable
[Sat Aug 29 01:03:41.152677 2020] [core:crit] [pid 6888:tid 140619292833536] (13)Permission denied: [client 203.133.169.112:49794] AH00529: /var/www/vhosts/saratogahistory.com/httpdocs/phpBB/.htaccess pcfg_openfile: unable to check htaccess file, ensure it is readable and that '/var/www/vhosts/saratogahistory.com/httpdocs/phpBB/' is executable
[Sat Aug 29 01:03:46.158951 2020] [core:crit] [pid 6888:tid 140619303323392] (13)Permission denied: [client 203.133.169.112:49964] AH00529: /var/www/vhosts/saratogahistory.com/httpdocs/phpBB/.htaccess pcfg_openfile: unable to check htaccess file, ensure it is readable and that '/var/www/vhosts/saratogahistory.com/httpdocs/phpBB/' is executable
[Sat Aug 29 01:03:56.068835 2020] [core:crit] [pid 32325:tid 140619376752384] (13)Permission denied: [client 203.133.169.112:50300] AH00529: /var/www/vhosts/saratogahistory.com/httpdocs/phpBB/.htaccess pcfg_openfile: unable to check htaccess file, ensure it is readable and that '/var/www/vhosts/saratogahistory.com/httpdocs/phpBB/' is executable
[Sat Aug 29 01:04:01.075917 2020] [core:crit] [pid 32352:tid 140619208914688] (13)Permission denied: [client 203.133.169.112:50520] AH00529: /var/www/vhosts/saratogahistory.com/httpdocs/phpBB/.htaccess pcfg_openfile: unable to check htaccess file, ensure it is readable and that '/var/www/vhosts/saratogahistory.com/httpdocs/phpBB/' is executable
[Sat Aug 29 01:04:05.992528 2020] [core:crit] [pid 32352:tid 140619229894400] (13)Permission denied: [client 203.133.169.112:50794] AH00529: /var/www/vhosts/saratogahistory.com/httpdocs/phpBB/.htaccess pcfg_openfile: unable to check htaccess file, ensure it is readable and that '/var/www/vhosts/saratogahistory.com/httpdocs/phpBB/' is executable
[Sat Aug 29 01:04:10.985900 2020] [core:crit] [pid 6888:tid 140619250874112] (13)Permission denied: [client 203.133.169.112:51020] AH00529: /var/www/vhosts/saratogahistory.com/httpdocs/phpBB/.htaccess pcfg_openfile: unable to check htaccess file, ensure it is readable and that '/var/www/vhosts/saratogahistory.com/httpdocs/phpBB/' is executable
[Sat Aug 29 01:04:16.052098 2020] [core:crit] [pid 32325:tid 140619355772672] (13)Permission denied: [client 203.133.169.112:51246] AH00529: /var/www/vhosts/saratogahistory.com/httpdocs/phpBB/.htaccess pcfg_openfile: unable to check htaccess file, ensure it is readable and that '/var/www/vhosts/saratogahistory.com/httpdocs/phpBB/' is executable
[Sat Aug 29 01:04:21.050078 2020] [core:crit] [pid 32325:tid 140619219404544] (13)Permission denied: [client 203.133.169.112:51414] AH00529: /var/www/vhosts/saratogahistory.com/httpdocs/phpBB/.htaccess pcfg_openfile: unable to check htaccess file, ensure it is readable and that '/var/www/vhosts/saratogahistory.com/httpdocs/phpBB/' is executable
[Sat Aug 29 01:04:26.114105 2020] [core:crit] [pid 6888:tid 140619240384256] (13)Permission denied: [client 203.133.169.112:51604] AH00529: /var/www/vhosts/saratogahistory.com/httpdocs/phpBB/.htaccess pcfg_openfile: unable to check htaccess file, ensure it is readable and that '/var/www/vhosts/saratogahistory.com/httpdocs/phpBB/' is executable
[Sat Aug 29 01:04:31.069035 2020] [core:crit] [pid 6888:tid 140619187934976] (13)Permission denied: [client 203.133.169.112:51786] AH00529: /var/www/vhosts/saratogahistory.com/httpdocs/phpBB/.htaccess pcfg_openfile: unable to check htaccess file, ensure it is readable and that '/var/www/vhosts/saratogahistory.com/httpdocs/phpBB/' is executable
[Sat Aug 29 01:04:36.064211 2020] [core:crit] [pid 32352:tid 140619334792960] (13)Permission denied: [client 203.133.169.112:51930] AH00529: /var/www/vhosts/saratogahistory.com/httpdocs/phpBB/.htaccess pcfg_openfile: unable to check htaccess file, ensure it is readable and that '/var/www/vhosts/saratogahistory.com/httpdocs/phpBB/' is executable
[Sat Aug 29 01:04:40.958786 2020] [core:crit] [pid 6888:tid 140619229894400] (13)Permission denied: [client 203.133.169.112:52070] AH00529: /var/www/vhosts/saratogahistory.com/httpdocs/phpBB/.htaccess pcfg_openfile: unable to check htaccess file, ensure it is readable and that '/var/www/vhosts/saratogahistory.com/httpdocs/phpBB/' is executable
[Sat Aug 29 01:04:45.975961 2020] [core:crit] [pid 6888:tid 140619261363968] (13)Permission denied: [client 203.133.169.112:52188] AH00529: /var/www/vhosts/saratogahistory.com/httpdocs/phpBB/.htaccess pcfg_openfile: unable to check htaccess file, ensure it is readable and that '/var/www/vhosts/saratogahistory.com/httpdocs/phpBB/' is executable
[Sat Aug 29 01:04:50.895855 2020] [core:crit] [pid 6888:tid 140619208914688] (13)Permission denied: [client 203.133.169.112:52366] AH00529: /var/www/vhosts/saratogahistory.com/httpdocs/phpBB/.htaccess pcfg_openfile: unable to check htaccess file, ensure it is readable and that '/var/www/vhosts/saratogahistory.com/httpdocs/phpBB/' is executable
[Sat Aug 29 01:04:55.900540 2020] [core:crit] [pid 6888:tid 140619156465408] (13)Permission denied: [client 203.133.169.112:52514] AH00529: /var/www/vhosts/saratogahistory.com/httpdocs/phpBB/.htaccess pcfg_openfile: unable to check htaccess file, ensure it is readable and that '/var/www/vhosts/saratogahistory.com/httpdocs/phpBB/' is executable
[Sat Aug 29 01:05:01.025424 2020] [core:crit] [pid 32352:tid 140619366262528] (13)Permission denied: [client 203.133.169.112:52666] AH00529: /var/www/vhosts/saratogahistory.com/httpdocs/phpBB/.htaccess pcfg_openfile: unable to check htaccess file, ensure it is readable and that '/var/www/vhosts/saratogahistory.com/httpdocs/phpBB/' is executable
[Sat Aug 29 01:05:05.909141 2020] [core:crit] [pid 6888:tid 140619124995840] (13)Permission denied: [client 203.133.169.112:53054] AH00529: /var/www/vhosts/saratogahistory.com/httpdocs/phpBB/.htaccess pcfg_openfile: unable to check htaccess file, ensure it is readable and that '/var/www/vhosts/saratogahistory.com/httpdocs/phpBB/' is executable
[Sat Aug 29 01:05:10.904049 2020] [core:crit] [pid 6888:tid 140619177445120] (13)Permission denied: [client 203.133.169.112:53278] AH00529: /var/www/vhosts/saratogahistory.com/httpdocs/phpBB/.htaccess pcfg_openfile: unable to check htaccess file, ensure it is readable and that '/var/www/vhosts/saratogahistory.com/httpdocs/phpBB/' is executable
[Sat Aug 29 01:05:20.900175 2020] [core:crit] [pid 32352:tid 140619376752384] (13)Permission denied: [client 203.133.169.112:53656] AH00529: /var/www/vhosts/saratogahistory.com/httpdocs/phpBB/.htaccess pcfg_openfile: unable to check htaccess file, ensure it is readable and that '/var/www/vhosts/saratogahistory.com/httpdocs/phpBB/' is executable
[Sat Aug 29 01:05:25.788347 2020] [core:crit] [pid 6888:tid 140619166955264] (13)Permission denied: [client 203.133.169.112:53808] AH00529: /var/www/vhosts/saratogahistory.com/httpdocs/phpBB/.htaccess pcfg_openfile: unable to check htaccess file, ensure it is readable and that '/var/www/vhosts/saratogahistory.com/httpdocs/phpBB/' is executable
[Sat Aug 29 01:05:30.776259 2020] [core:crit] [pid 32352:tid 140619345282816] (13)Permission denied: [client 203.133.169.112:53958] AH00529: /var/www/vhosts/saratogahistory.com/httpdocs/phpBB/.htaccess pcfg_openfile: unable to check htaccess file, ensure it is readable and that '/var/www/vhosts/saratogahistory.com/httpdocs/phpBB/' is executable
[Sat Aug 29 01:05:35.762199 2020] [core:crit] [pid 6888:tid 140619135485696] (13)Permission denied: [client 203.133.169.112:54136] AH00529: /var/www/vhosts/saratogahistory.com/httpdocs/phpBB/.htaccess pcfg_openfile: unable to check htaccess file, ensure it is readable and that '/var/www/vhosts/saratogahistory.com/httpdocs/phpBB/' is executable
[Sat Aug 29 01:05:40.773631 2020] [core:crit] [pid 6888:tid 140619376752384] (13)Permission denied: [client 203.133.169.112:54256] AH00529: /var/www/vhosts/saratogahistory.com/httpdocs/phpBB/.htaccess pcfg_openfile: unable to check htaccess file, ensure it is readable and that '/var/www/vhosts/saratogahistory.com/httpdocs/phpBB/' is executable
[Sat Aug 29 01:05:45.701392 2020] [core:crit] [pid 6888:tid 140619334792960] (13)Permission denied: [client 203.133.169.112:54388] AH00529: /var/www/vhosts/saratogahistory.com/httpdocs/phpBB/.htaccess pcfg_openfile: unable to check htaccess file, ensure it is readable and that '/var/www/vhosts/saratogahistory.com/httpdocs/phpBB/' is executable
[Sat Aug 29 01:05:50.695924 2020] [core:crit] [pid 6888:tid 140619313813248] (13)Permission denied: [client 203.133.169.112:54558] AH00529: /var/www/vhosts/saratogahistory.com/httpdocs/phpBB/.htaccess pcfg_openfile: unable to check htaccess file, ensure it is readable and that '/var/www/vhosts/saratogahistory.com/httpdocs/phpBB/' is executable
[Sat Aug 29 01:05:55.625320 2020] [core:crit] [pid 32352:tid 140619187934976] (13)Permission denied: [client 203.133.169.112:54692] AH00529: /var/www/vhosts/saratogahistory.com/httpdocs/phpBB/.htaccess pcfg_openfile: unable to check htaccess file, ensure it is readable and that '/var/www/vhosts/saratogahistory.com/httpdocs/phpBB/' is executable
[Sat Aug 29 01:06:00.621540 2020] [core:crit] [pid 6888:tid 140619292833536] (13)Permission denied: [client 203.133.169.112:54808] AH00529: /var/www/vhosts/saratogahistory.com/httpdocs/phpBB/.htaccess pcfg_openfile: unable to check htaccess file, ensure it is readable and that '/var/www/vhosts/saratogahistory.com/httpdocs/phpBB/' is executable
[Sat Aug 29 01:06:05.647004 2020] [core:crit] [pid 6888:tid 140619303323392] (13)Permission denied: [client 203.133.169.112:54956] AH00529: /var/www/vhosts/saratogahistory.com/httpdocs/phpBB/.htaccess pcfg_openfile: unable to check htaccess file, ensure it is readable and that '/var/www/vhosts/saratogahistory.com/httpdocs/phpBB/' is executable
[Sat Aug 29 01:06:10.544815 2020] [core:crit] [pid 6888:tid 140619366262528] (13)Permission denied: [client 203.133.169.112:55112] AH00529: /var/www/vhosts/saratogahistory.com/httpdocs/phpBB/.htaccess pcfg_openfile: unable to check htaccess file, ensure it is readable and that '/var/www/vhosts/saratogahistory.com/httpdocs/phpBB/' is executable
[Sat Aug 29 01:06:15.434562 2020] [core:crit] [pid 32352:tid 140619219404544] (13)Permission denied: [client 203.133.169.112:55248] AH00529: /var/www/vhosts/saratogahistory.com/httpdocs/phpBB/.htaccess pcfg_openfile: unable to check htaccess file, ensure it is readable and that '/var/www/vhosts/saratogahistory.com/httpdocs/phpBB/' is executable
[Sat Aug 29 01:06:20.416800 2020] [core:crit] [pid 32352:tid 140619145975552] (13)Permission denied: [client 203.133.169.112:55520] AH00529: /var/www/vhosts/saratogahistory.com/httpdocs/phpBB/.htaccess pcfg_openfile: unable to check htaccess file, ensure it is readable and that '/var/www/vhosts/saratogahistory.com/httpdocs/phpBB/' is executable
[Sat Aug 29 01:06:25.309561 2020] [core:crit] [pid 32352:tid 140619177445120] (13)Permission denied: [client 203.133.169.112:55686] AH00529: /var/www/vhosts/saratogahistory.com/httpdocs/phpBB/.htaccess pcfg_openfile: unable to check htaccess file, ensure it is readable and that '/var/www/vhosts/saratogahistory.com/httpdocs/phpBB/' is executable
[Sat Aug 29 01:06:30.289206 2020] [core:crit] [pid 6888:tid 140619271853824] (13)Permission denied: [client 203.133.169.112:55852] AH00529: /var/www/vhosts/saratogahistory.com/httpdocs/phpBB/.htaccess pcfg_openfile: unable to check htaccess file, ensure it is readable and that '/var/www/vhosts/saratogahistory.com/httpdocs/phpBB/' is executable
[Sat Aug 29 01:06:35.187886 2020] [core:crit] [pid 6888:tid 140619324303104] (13)Permission denied: [client 203.133.169.112:56020] AH00529: /var/www/vhosts/saratogahistory.com/httpdocs/phpBB/.htaccess pcfg_openfile: unable to check htaccess file, ensure it is readable and that '/var/www/vhosts/saratogahistory.com/httpdocs/phpBB/' is executable
[Sat Aug 29 01:20:26.602131 2020] [core:crit] [pid 6888:tid 140619334792960] (13)Permission denied: [client 193.218.118.130:55766] AH00529: /var/www/vhosts/saratogahistory.com/httpdocs/phpBB/.htaccess pcfg_openfile: unable to check htaccess file, ensure it is readable and that '/var/www/vhosts/saratogahistory.com/httpdocs/phpBB/' is executable, referer: http://www.saratogahistory.com/phpBB/index.php
[Sat Aug 29 01:53:30.233068 2020] [core:crit] [pid 6888:tid 140619376752384] (13)Permission denied: [client 92.38.136.69:36386] AH00529: /var/www/vhosts/saratogahistory.com/httpdocs/phpBB/.htaccess pcfg_openfile: unable to check htaccess file, ensure it is readable and that '/var/www/vhosts/saratogahistory.com/httpdocs/phpBB/' is executable, referer: http://www.saratogahistory.com/phpBB/index.php
[Sat Aug 29 02:26:44.182036 2020] [core:crit] [pid 6888:tid 140619250874112] (13)Permission denied: [client 185.220.100.255:47470] AH00529: /var/www/vhosts/saratogahistory.com/httpdocs/phpBB/.htaccess pcfg_openfile: unable to check htaccess file, ensure it is readable and that '/var/www/vhosts/saratogahistory.com/httpdocs/phpBB/' is executable, referer: http://www.saratogahistory.com/phpBB/index.php
[Sat Aug 29 02:50:10.515528 2020] [core:crit] [pid 32352:tid 140619282343680] (13)Permission denied: [client 178.159.37.58:35962] AH00529: /var/www/vhosts/saratogahistory.com/httpdocs/phpBB/.htaccess pcfg_openfile: unable to check htaccess file, ensure it is readable and that '/var/www/vhosts/saratogahistory.com/httpdocs/phpBB/' is executable, referer: http://www.saratogahistory.com/phpBB/index.php
[Sat Aug 29 03:13:30.954628 2020] [core:crit] [pid 6888:tid 140619261363968] (13)Permission denied: [client 185.25.35.14:54646] AH00529: /var/www/vhosts/saratogahistory.com/httpdocs/phpBB/.htaccess pcfg_openfile: unable to check htaccess file, ensure it is readable and that '/var/www/vhosts/saratogahistory.com/httpdocs/phpBB/' is executable
[Sat Aug 29 04:26:57.772556 2020] [core:crit] [pid 32352:tid 140619156465408] (13)Permission denied: [client 185.25.35.12:57394] AH00529: /var/www/vhosts/saratogahistory.com/httpdocs/phpBB/.htaccess pcfg_openfile: unable to check htaccess file, ensure it is readable and that '/var/www/vhosts/saratogahistory.com/httpdocs/phpBB/' is executable
[Sat Aug 29 04:32:08.913376 2020] [core:crit] [pid 6888:tid 140619177445120] (13)Permission denied: [client 178.214.247.81:41644] AH00529: /var/www/vhosts/saratogahistory.com/httpdocs/phpBB/.htaccess pcfg_openfile: unable to check htaccess file, ensure it is readable and that '/var/www/vhosts/saratogahistory.com/httpdocs/phpBB/' is executable, referer: http://www.saratogahistory.com/phpBB/index.php
[Sat Aug 29 04:32:09.175253 2020] [core:crit] [pid 32352:tid 140619271853824] (13)Permission denied: [client 178.214.247.81:41652] AH00529: /var/www/vhosts/saratogahistory.com/httpdocs/phpBB/.htaccess pcfg_openfile: unable to check htaccess file, ensure it is readable and that '/var/www/vhosts/saratogahistory.com/httpdocs/phpBB/' is executable, referer: http://www.saratogahistory.com/phpBB/index.php
[Sat Aug 29 04:47:43.136458 2020] [core:crit] [pid 6888:tid 140619145975552] (13)Permission denied: [client 23.129.64.197:45088] AH00529: /var/www/vhosts/saratogahistory.com/httpdocs/phpBB/.htaccess pcfg_openfile: unable to check htaccess file, ensure it is readable and that '/var/www/vhosts/saratogahistory.com/httpdocs/phpBB/' is executable, referer: http://www.saratogahistory.com/phpBB/index.php
[Sat Aug 29 04:53:29.135748 2020] [core:crit] [pid 6888:tid 140619292833536] (13)Permission denied: [client 193.218.118.160:56466] AH00529: /var/www/vhosts/saratogahistory.com/httpdocs/phpBB/.htaccess pcfg_openfile: unable to check htaccess file, ensure it is readable and that '/var/www/vhosts/saratogahistory.com/httpdocs/phpBB/' is executable, referer: http://www.saratogahistory.com/phpBB/index.php
[Sat Aug 29 05:00:03.004842 2020] [core:crit] [pid 32352:tid 140619376752384] (13)Permission denied: [client 185.25.35.8:43740] AH00529: /var/www/vhosts/saratogahistory.com/httpdocs/phpBB/.htaccess pcfg_openfile: unable to check htaccess file, ensure it is readable and that '/var/www/vhosts/saratogahistory.com/httpdocs/phpBB/' is executable
[Sat Aug 29 05:10:29.609876 2020] [core:crit] [pid 6888:tid 140619156465408] (13)Permission denied: [client 185.25.35.8:35334] AH00529: /var/www/vhosts/saratogahistory.com/httpdocs/phpBB/.htaccess pcfg_openfile: unable to check htaccess file, ensure it is readable and that '/var/www/vhosts/saratogahistory.com/httpdocs/phpBB/' is executable
[Sat Aug 29 05:15:24.152596 2020] [core:crit] [pid 6888:tid 140619124995840] (13)Permission denied: [client 185.220.100.241:45364] AH00529: /var/www/vhosts/saratogahistory.com/httpdocs/phpBB/.htaccess pcfg_openfile: unable to check htaccess file, ensure it is readable and that '/var/www/vhosts/saratogahistory.com/httpdocs/phpBB/' is executable, referer: http://www.saratogahistory.com/phpBB/index.php
[Sat Aug 29 05:23:25.651227 2020] [core:crit] [pid 6888:tid 140619282343680] (13)Permission denied: [client 188.122.82.146:60926] AH00529: /var/www/vhosts/saratogahistory.com/httpdocs/phpBB/.htaccess pcfg_openfile: unable to check htaccess file, ensure it is readable and that '/var/www/vhosts/saratogahistory.com/httpdocs/phpBB/' is executable, referer: http://www.saratogahistory.com/phpBB/index.php
[Sat Aug 29 05:23:25.651333 2020] [core:crit] [pid 32322:tid 140619208914688] (13)Permission denied: [client 188.122.82.146:60928] AH00529: /var/www/vhosts/saratogahistory.com/httpdocs/phpBB/.htaccess pcfg_openfile: unable to check htaccess file, ensure it is readable and that '/var/www/vhosts/saratogahistory.com/httpdocs/phpBB/' is executable, referer: http://www.saratogahistory.com/phpBB/index.php
[Sat Aug 29 05:23:25.652549 2020] [core:crit] [pid 32322:tid 140619208914688] (13)Permission denied: [client 188.122.82.146:60930] AH00529: /var/www/vhosts/saratogahistory.com/httpdocs/phpBB/.htaccess pcfg_openfile: unable to check htaccess file, ensure it is readable and that '/var/www/vhosts/saratogahistory.com/httpdocs/phpBB/' is executable, referer: http://www.saratogahistory.com/phpBB/index.php
[Sat Aug 29 05:38:05.754182 2020] [core:crit] [pid 32352:tid 140619135485696] (13)Permission denied: [client 104.244.77.95:60442] AH00529: /var/www/vhosts/saratogahistory.com/httpdocs/phpBB/.htaccess pcfg_openfile: unable to check htaccess file, ensure it is readable and that '/var/www/vhosts/saratogahistory.com/httpdocs/phpBB/' is executable, referer: http://www.saratogahistory.com/phpBB/index.php
[Sat Aug 29 05:39:16.793388 2020] [core:crit] [pid 32325:tid 140619303323392] (13)Permission denied: [client 203.133.169.112:34424] AH00529: /var/www/vhosts/saratogahistory.com/httpdocs/phpBB/.htaccess pcfg_openfile: unable to check htaccess file, ensure it is readable and that '/var/www/vhosts/saratogahistory.com/httpdocs/phpBB/' is executable
[Sat Aug 29 05:39:21.821057 2020] [core:crit] [pid 32352:tid 140619271853824] (13)Permission denied: [client 203.133.169.112:34592] AH00529: /var/www/vhosts/saratogahistory.com/httpdocs/phpBB/.htaccess pcfg_openfile: unable to check htaccess file, ensure it is readable and that '/var/www/vhosts/saratogahistory.com/httpdocs/phpBB/' is executable
[Sat Aug 29 05:39:26.820110 2020] [core:crit] [pid 6888:tid 140619292833536] (13)Permission denied: [client 203.133.169.112:34800] AH00529: /var/www/vhosts/saratogahistory.com/httpdocs/phpBB/.htaccess pcfg_openfile: unable to check htaccess file, ensure it is readable and that '/var/www/vhosts/saratogahistory.com/httpdocs/phpBB/' is executable
[Sat Aug 29 05:39:32.019066 2020] [core:crit] [pid 6888:tid 140619303323392] (13)Permission denied: [client 203.133.169.112:34982] AH00529: /var/www/vhosts/saratogahistory.com/httpdocs/phpBB/.htaccess pcfg_openfile: unable to check htaccess file, ensure it is readable and that '/var/www/vhosts/saratogahistory.com/httpdocs/phpBB/' is executable
[Sat Aug 29 05:39:37.014210 2020] [core:crit] [pid 6888:tid 140619366262528] (13)Permission denied: [client 203.133.169.112:35190] AH00529: /var/www/vhosts/saratogahistory.com/httpdocs/phpBB/.htaccess pcfg_openfile: unable to check htaccess file, ensure it is readable and that '/var/www/vhosts/saratogahistory.com/httpdocs/phpBB/' is executable
[Sat Aug 29 05:39:41.902744 2020] [core:crit] [pid 32352:tid 140619198424832] (13)Permission denied: [client 203.133.169.112:35328] AH00529: /var/www/vhosts/saratogahistory.com/httpdocs/phpBB/.htaccess pcfg_openfile: unable to check htaccess file, ensure it is readable and that '/var/www/vhosts/saratogahistory.com/httpdocs/phpBB/' is executable
[Sat Aug 29 05:39:46.981444 2020] [core:crit] [pid 6888:tid 140619271853824] (13)Permission denied: [client 203.133.169.112:35484] AH00529: /var/www/vhosts/saratogahistory.com/httpdocs/phpBB/.htaccess pcfg_openfile: unable to check htaccess file, ensure it is readable and that '/var/www/vhosts/saratogahistory.com/httpdocs/phpBB/' is executable
[Sat Aug 29 05:39:51.876962 2020] [core:crit] [pid 32352:tid 140619282343680] (13)Permission denied: [client 203.133.169.112:35674] AH00529: /var/www/vhosts/saratogahistory.com/httpdocs/phpBB/.htaccess pcfg_openfile: unable to check htaccess file, ensure it is readable and that '/var/www/vhosts/saratogahistory.com/httpdocs/phpBB/' is executable
[Sat Aug 29 05:39:56.876589 2020] [core:crit] [pid 6888:tid 140619324303104] (13)Permission denied: [client 203.133.169.112:35908] AH00529: /var/www/vhosts/saratogahistory.com/httpdocs/phpBB/.htaccess pcfg_openfile: unable to check htaccess file, ensure it is readable and that '/var/www/vhosts/saratogahistory.com/httpdocs/phpBB/' is executable
[Sat Aug 29 05:40:01.897401 2020] [core:crit] [pid 6888:tid 140619198424832] (13)Permission denied: [client 203.133.169.112:36192] AH00529: /var/www/vhosts/saratogahistory.com/httpdocs/phpBB/.htaccess pcfg_openfile: unable to check htaccess file, ensure it is readable and that '/var/www/vhosts/saratogahistory.com/httpdocs/phpBB/' is executable
[Sat Aug 29 05:40:06.772737 2020] [core:crit] [pid 6888:tid 140619250874112] (13)Permission denied: [client 203.133.169.112:36442] AH00529: /var/www/vhosts/saratogahistory.com/httpdocs/phpBB/.htaccess pcfg_openfile: unable to check htaccess file, ensure it is readable and that '/var/www/vhosts/saratogahistory.com/httpdocs/phpBB/' is executable
[Sat Aug 29 05:40:11.777635 2020] [core:crit] [pid 6888:tid 140619345282816] (13)Permission denied: [client 203.133.169.112:36652] AH00529: /var/www/vhosts/saratogahistory.com/httpdocs/phpBB/.htaccess pcfg_openfile: unable to check htaccess file, ensure it is readable and that '/var/www/vhosts/saratogahistory.com/httpdocs/phpBB/' is executable
[Sat Aug 29 05:40:16.782322 2020] [core:crit] [pid 32352:tid 140619292833536] (13)Permission denied: [client 203.133.169.112:36856] AH00529: /var/www/vhosts/saratogahistory.com/httpdocs/phpBB/.htaccess pcfg_openfile: unable to check htaccess file, ensure it is readable and that '/var/www/vhosts/saratogahistory.com/httpdocs/phpBB/' is executable
[Sat Aug 29 05:40:21.964669 2020] [core:crit] [pid 32325:tid 140619240384256] (13)Permission denied: [client 203.133.169.112:37044] AH00529: /var/www/vhosts/saratogahistory.com/httpdocs/phpBB/.htaccess pcfg_openfile: unable to check htaccess file, ensure it is readable and that '/var/www/vhosts/saratogahistory.com/httpdocs/phpBB/' is executable
[Sat Aug 29 05:40:26.834876 2020] [core:crit] [pid 6888:tid 140619240384256] (13)Permission denied: [client 203.133.169.112:37188] AH00529: /var/www/vhosts/saratogahistory.com/httpdocs/phpBB/.htaccess pcfg_openfile: unable to check htaccess file, ensure it is readable and that '/var/www/vhosts/saratogahistory.com/httpdocs/phpBB/' is executable
[Sat Aug 29 05:40:31.824761 2020] [core:crit] [pid 32352:tid 140619124995840] (13)Permission denied: [client 203.133.169.112:37356] AH00529: /var/www/vhosts/saratogahistory.com/httpdocs/phpBB/.htaccess pcfg_openfile: unable to check htaccess file, ensure it is readable and that '/var/www/vhosts/saratogahistory.com/httpdocs/phpBB/' is executable
[Sat Aug 29 05:40:36.730481 2020] [core:crit] [pid 6888:tid 140619282343680] (13)Permission denied: [client 203.133.169.112:37502] AH00529: /var/www/vhosts/saratogahistory.com/httpdocs/phpBB/.htaccess pcfg_openfile: unable to check htaccess file, ensure it is readable and that '/var/www/vhosts/saratogahistory.com/httpdocs/phpBB/' is executable
[Sat Aug 29 05:40:41.715957 2020] [core:crit] [pid 6888:tid 140619187934976] (13)Permission denied: [client 203.133.169.112:37660] AH00529: /var/www/vhosts/saratogahistory.com/httpdocs/phpBB/.htaccess pcfg_openfile: unable to check htaccess file, ensure it is readable and that '/var/www/vhosts/saratogahistory.com/httpdocs/phpBB/' is executable
[Sat Aug 29 05:40:46.585140 2020] [core:crit] [pid 6888:tid 140619229894400] (13)Permission denied: [client 203.133.169.112:37858] AH00529: /var/www/vhosts/saratogahistory.com/httpdocs/phpBB/.htaccess pcfg_openfile: unable to check htaccess file, ensure it is readable and that '/var/www/vhosts/saratogahistory.com/httpdocs/phpBB/' is executable
[Sat Aug 29 05:40:51.533890 2020] [core:crit] [pid 32352:tid 140619313813248] (13)Permission denied: [client 203.133.169.112:38056] AH00529: /var/www/vhosts/saratogahistory.com/httpdocs/phpBB/.htaccess pcfg_openfile: unable to check htaccess file, ensure it is readable and that '/var/www/vhosts/saratogahistory.com/httpdocs/phpBB/' is executable
[Sat Aug 29 05:40:56.552984 2020] [core:crit] [pid 32325:tid 140619292833536] (13)Permission denied: [client 203.133.169.112:38244] AH00529: /var/www/vhosts/saratogahistory.com/httpdocs/phpBB/.htaccess pcfg_openfile: unable to check htaccess file, ensure it is readable and that '/var/www/vhosts/saratogahistory.com/httpdocs/phpBB/' is executable
[Sat Aug 29 05:41:01.455106 2020] [core:crit] [pid 32352:tid 140619261363968] (13)Permission denied: [client 203.133.169.112:38388] AH00529: /var/www/vhosts/saratogahistory.com/httpdocs/phpBB/.htaccess pcfg_openfile: unable to check htaccess file, ensure it is readable and that '/var/www/vhosts/saratogahistory.com/httpdocs/phpBB/' is executable
[Sat Aug 29 05:41:06.461141 2020] [core:crit] [pid 6888:tid 140619261363968] (13)Permission denied: [client 203.133.169.112:38534] AH00529: /var/www/vhosts/saratogahistory.com/httpdocs/phpBB/.htaccess pcfg_openfile: unable to check htaccess file, ensure it is readable and that '/var/www/vhosts/saratogahistory.com/httpdocs/phpBB/' is executable
[Sat Aug 29 05:41:11.447143 2020] [core:crit] [pid 6888:tid 140619208914688] (13)Permission denied: [client 203.133.169.112:38666] AH00529: /var/www/vhosts/saratogahistory.com/httpdocs/phpBB/.htaccess pcfg_openfile: unable to check htaccess file, ensure it is readable and that '/var/www/vhosts/saratogahistory.com/httpdocs/phpBB/' is executable
[Sat Aug 29 05:41:16.380280 2020] [core:crit] [pid 6888:tid 140619156465408] (13)Permission denied: [client 203.133.169.112:38778] AH00529: /var/www/vhosts/saratogahistory.com/httpdocs/phpBB/.htaccess pcfg_openfile: unable to check htaccess file, ensure it is readable and that '/var/www/vhosts/saratogahistory.com/httpdocs/phpBB/' is executable
[Sat Aug 29 05:41:21.260833 2020] [core:crit] [pid 32352:tid 140619324303104] (13)Permission denied: [client 203.133.169.112:38964] AH00529: /var/www/vhosts/saratogahistory.com/httpdocs/phpBB/.htaccess pcfg_openfile: unable to check htaccess file, ensure it is readable and that '/var/www/vhosts/saratogahistory.com/httpdocs/phpBB/' is executable
[Sat Aug 29 05:41:26.231243 2020] [core:crit] [pid 6888:tid 140619219404544] (13)Permission denied: [client 203.133.169.112:39122] AH00529: /var/www/vhosts/saratogahistory.com/httpdocs/phpBB/.htaccess pcfg_openfile: unable to check htaccess file, ensure it is readable and that '/var/www/vhosts/saratogahistory.com/httpdocs/phpBB/' is executable
[Sat Aug 29 05:41:31.483022 2020] [core:crit] [pid 6888:tid 140619145975552] (13)Permission denied: [client 203.133.169.112:39252] AH00529: /var/www/vhosts/saratogahistory.com/httpdocs/phpBB/.htaccess pcfg_openfile: unable to check htaccess file, ensure it is readable and that '/var/www/vhosts/saratogahistory.com/httpdocs/phpBB/' is executable
[Sat Aug 29 05:41:36.395386 2020] [core:crit] [pid 6888:tid 140619124995840] (13)Permission denied: [client 203.133.169.112:39398] AH00529: /var/www/vhosts/saratogahistory.com/httpdocs/phpBB/.htaccess pcfg_openfile: unable to check htaccess file, ensure it is readable and that '/var/www/vhosts/saratogahistory.com/httpdocs/phpBB/' is executable
[Sat Aug 29 05:41:41.419021 2020] [core:crit] [pid 32352:tid 140619240384256] (13)Permission denied: [client 203.133.169.112:39572] AH00529: /var/www/vhosts/saratogahistory.com/httpdocs/phpBB/.htaccess pcfg_openfile: unable to check htaccess file, ensure it is readable and that '/var/www/vhosts/saratogahistory.com/httpdocs/phpBB/' is executable
[Sat Aug 29 05:41:46.402527 2020] [core:crit] [pid 6888:tid 140619177445120] (13)Permission denied: [client 203.133.169.112:39732] AH00529: /var/www/vhosts/saratogahistory.com/httpdocs/phpBB/.htaccess pcfg_openfile: unable to check htaccess file, ensure it is readable and that '/var/www/vhosts/saratogahistory.com/httpdocs/phpBB/' is executable
[Sat Aug 29 05:41:51.293781 2020] [core:crit] [pid 32352:tid 140619250874112] (13)Permission denied: [client 203.133.169.112:39866] AH00529: /var/www/vhosts/saratogahistory.com/httpdocs/phpBB/.htaccess pcfg_openfile: unable to check htaccess file, ensure it is readable and that '/var/www/vhosts/saratogahistory.com/httpdocs/phpBB/' is executable
[Sat Aug 29 05:41:56.296851 2020] [core:crit] [pid 6888:tid 140619355772672] (13)Permission denied: [client 203.133.169.112:40024] AH00529: /var/www/vhosts/saratogahistory.com/httpdocs/phpBB/.htaccess pcfg_openfile: unable to check htaccess file, ensure it is readable and that '/var/www/vhosts/saratogahistory.com/httpdocs/phpBB/' is executable
[Sat Aug 29 05:42:01.207210 2020] [core:crit] [pid 6888:tid 140619166955264] (13)Permission denied: [client 203.133.169.112:40162] AH00529: /var/www/vhosts/saratogahistory.com/httpdocs/phpBB/.htaccess pcfg_openfile: unable to check htaccess file, ensure it is readable and that '/var/www/vhosts/saratogahistory.com/httpdocs/phpBB/' is executable
[Sat Aug 29 06:48:36.804143 2020] [core:crit] [pid 32325:tid 140619261363968] (13)Permission denied: [client 46.119.160.255:36462] AH00529: /var/www/vhosts/saratogahistory.com/httpdocs/phpBB/.htaccess pcfg_openfile: unable to check htaccess file, ensure it is readable and that '/var/www/vhosts/saratogahistory.com/httpdocs/phpBB/' is executable, referer: http://www.saratogahistory.com/phpBB/index.php
[Sat Aug 29 06:48:37.531022 2020] [core:crit] [pid 32352:tid 140619355772672] (13)Permission denied: [client 46.119.160.255:36478] AH00529: /var/www/vhosts/saratogahistory.com/httpdocs/phpBB/.htaccess pcfg_openfile: unable to check htaccess file, ensure it is readable and that '/var/www/vhosts/saratogahistory.com/httpdocs/phpBB/' is executable, referer: http://www.saratogahistory.com/phpBB/index.php
[Sat Aug 29 07:04:49.405250 2020] [core:crit] [pid 32352:tid 140619376752384] (13)Permission denied: [client 178.137.170.27:35366] AH00529: /var/www/vhosts/saratogahistory.com/httpdocs/phpBB/.htaccess pcfg_openfile: unable to check htaccess file, ensure it is readable and that '/var/www/vhosts/saratogahistory.com/httpdocs/phpBB/' is executable, referer: http://www.saratogahistory.com/phpBB/index.php
[Sat Aug 29 07:38:15.052510 2020] [core:crit] [pid 6888:tid 140619240384256] (13)Permission denied: [client 128.31.0.13:39046] AH00529: /var/www/vhosts/saratogahistory.com/httpdocs/phpBB/.htaccess pcfg_openfile: unable to check htaccess file, ensure it is readable and that '/var/www/vhosts/saratogahistory.com/httpdocs/phpBB/' is executable, referer: http://www.saratogahistory.com/phpBB/index.php
[Sat Aug 29 07:48:40.697416 2020] [core:crit] [pid 32352:tid 140619219404544] (13)Permission denied: [client 95.111.240.199:58942] AH00529: /var/www/vhosts/saratogahistory.com/httpdocs/phpBB/.htaccess pcfg_openfile: unable to check htaccess file, ensure it is readable and that '/var/www/vhosts/saratogahistory.com/httpdocs/phpBB/' is executable, referer: http://www.saratogahistory.com/phpBB/index.php
[Sat Aug 29 07:48:41.602832 2020] [proxy_fcgi:error] [pid 32352:tid 140619177445120] [client 95.111.240.199:58974] AH01071: Got error 'Primary script unknown\n', referer: http://www.saratogahistory.com/index.php
[Sat Aug 29 07:48:41.822214 2020] [proxy_fcgi:error] [pid 6888:tid 140619219404544] [client 95.111.240.199:58986] AH01071: Got error 'Primary script unknown\n', referer: http://www.saratogahistory.com/index.php
[Sat Aug 29 07:48:42.055534 2020] [proxy_fcgi:error] [pid 32352:tid 140619135485696] [client 95.111.240.199:58994] AH01071: Got error 'Primary script unknown\n', referer: http://www.saratogahistory.com/index.php
[Sat Aug 29 08:32:45.549575 2020] [core:crit] [pid 32352:tid 140619229894400] (13)Permission denied: [client 185.220.101.131:34112] AH00529: /var/www/vhosts/saratogahistory.com/httpdocs/phpBB/.htaccess pcfg_openfile: unable to check htaccess file, ensure it is readable and that '/var/www/vhosts/saratogahistory.com/httpdocs/phpBB/' is executable, referer: http://www.saratogahistory.com/phpBB/index.php
[Sat Aug 29 08:35:06.887227 2020] [core:crit] [pid 6888:tid 140619271853824] (13)Permission denied: [client 178.214.247.81:38992] AH00529: /var/www/vhosts/saratogahistory.com/httpdocs/phpBB/.htaccess pcfg_openfile: unable to check htaccess file, ensure it is readable and that '/var/www/vhosts/saratogahistory.com/httpdocs/phpBB/' is executable, referer: http://www.saratogahistory.com/phpBB/index.php
[Sat Aug 29 08:42:58.420234 2020] [proxy_fcgi:error] [pid 6888:tid 140619282343680] [client 39.101.67.145:57414] AH01071: Got error 'Primary script unknown\n'
[Sat Aug 29 09:08:06.953327 2020] [core:crit] [pid 6888:tid 140619355772672] (13)Permission denied: [client 185.25.35.8:51040] AH00529: /var/www/vhosts/saratogahistory.com/httpdocs/phpBB/.htaccess pcfg_openfile: unable to check htaccess file, ensure it is readable and that '/var/www/vhosts/saratogahistory.com/httpdocs/phpBB/' is executable
[Sat Aug 29 09:44:09.719594 2020] [core:crit] [pid 6888:tid 140619124995840] (13)Permission denied: [client 185.170.114.25:42906] AH00529: /var/www/vhosts/saratogahistory.com/httpdocs/phpBB/.htaccess pcfg_openfile: unable to check htaccess file, ensure it is readable and that '/var/www/vhosts/saratogahistory.com/httpdocs/phpBB/' is executable, referer: http://www.saratogahistory.com/phpBB/index.php
[Sat Aug 29 09:58:47.504660 2020] [core:crit] [pid 32325:tid 140619345282816] (13)Permission denied: [client 203.133.169.112:44442] AH00529: /var/www/vhosts/saratogahistory.com/httpdocs/phpBB/.htaccess pcfg_openfile: unable to check htaccess file, ensure it is readable and that '/var/www/vhosts/saratogahistory.com/httpdocs/phpBB/' is executable
[Sat Aug 29 09:58:52.503299 2020] [core:crit] [pid 6888:tid 140619303323392] (13)Permission denied: [client 203.133.169.112:44546] AH00529: /var/www/vhosts/saratogahistory.com/httpdocs/phpBB/.htaccess pcfg_openfile: unable to check htaccess file, ensure it is readable and that '/var/www/vhosts/saratogahistory.com/httpdocs/phpBB/' is executable
[Sat Aug 29 09:58:57.554450 2020] [core:crit] [pid 6888:tid 140619271853824] (13)Permission denied: [client 203.133.169.112:44670] AH00529: /var/www/vhosts/saratogahistory.com/httpdocs/phpBB/.htaccess pcfg_openfile: unable to check htaccess file, ensure it is readable and that '/var/www/vhosts/saratogahistory.com/httpdocs/phpBB/' is executable
[Sat Aug 29 09:59:02.443442 2020] [core:crit] [pid 32325:tid 140619366262528] (13)Permission denied: [client 203.133.169.112:44850] AH00529: /var/www/vhosts/saratogahistory.com/httpdocs/phpBB/.htaccess pcfg_openfile: unable to check htaccess file, ensure it is readable and that '/var/www/vhosts/saratogahistory.com/httpdocs/phpBB/' is executable
[Sat Aug 29 09:59:07.339266 2020] [core:crit] [pid 32352:tid 140619145975552] (13)Permission denied: [client 203.133.169.112:44960] AH00529: /var/www/vhosts/saratogahistory.com/httpdocs/phpBB/.htaccess pcfg_openfile: unable to check htaccess file, ensure it is readable and that '/var/www/vhosts/saratogahistory.com/httpdocs/phpBB/' is executable
[Sat Aug 29 09:59:12.331952 2020] [core:crit] [pid 6888:tid 140619198424832] (13)Permission denied: [client 203.133.169.112:45148] AH00529: /var/www/vhosts/saratogahistory.com/httpdocs/phpBB/.htaccess pcfg_openfile: unable to check htaccess file, ensure it is readable and that '/var/www/vhosts/saratogahistory.com/httpdocs/phpBB/' is executable
[Sat Aug 29 09:59:17.486521 2020] [core:crit] [pid 6888:tid 140619366262528] (13)Permission denied: [client 203.133.169.112:45288] AH00529: /var/www/vhosts/saratogahistory.com/httpdocs/phpBB/.htaccess pcfg_openfile: unable to check htaccess file, ensure it is readable and that '/var/www/vhosts/saratogahistory.com/httpdocs/phpBB/' is executable
[Sat Aug 29 09:59:22.503729 2020] [core:crit] [pid 6888:tid 140619282343680] (13)Permission denied: [client 203.133.169.112:45446] AH00529: /var/www/vhosts/saratogahistory.com/httpdocs/phpBB/.htaccess pcfg_openfile: unable to check htaccess file, ensure it is readable and that '/var/www/vhosts/saratogahistory.com/httpdocs/phpBB/' is executable
[Sat Aug 29 09:59:27.489616 2020] [core:crit] [pid 6888:tid 140619240384256] (13)Permission denied: [client 203.133.169.112:45638] AH00529: /var/www/vhosts/saratogahistory.com/httpdocs/phpBB/.htaccess pcfg_openfile: unable to check htaccess file, ensure it is readable and that '/var/www/vhosts/saratogahistory.com/httpdocs/phpBB/' is executable
[Sat Aug 29 09:59:32.482381 2020] [core:crit] [pid 6888:tid 140619187934976] (13)Permission denied: [client 203.133.169.112:45794] AH00529: /var/www/vhosts/saratogahistory.com/httpdocs/phpBB/.htaccess pcfg_openfile: unable to check htaccess file, ensure it is readable and that '/var/www/vhosts/saratogahistory.com/httpdocs/phpBB/' is executable
[Sat Aug 29 09:59:37.502855 2020] [core:crit] [pid 6888:tid 140619229894400] (13)Permission denied: [client 203.133.169.112:45962] AH00529: /var/www/vhosts/saratogahistory.com/httpdocs/phpBB/.htaccess pcfg_openfile: unable to check htaccess file, ensure it is readable and that '/var/www/vhosts/saratogahistory.com/httpdocs/phpBB/' is executable
[Sat Aug 29 09:59:42.433231 2020] [core:crit] [pid 32325:tid 140619208914688] (13)Permission denied: [client 203.133.169.112:46104] AH00529: /var/www/vhosts/saratogahistory.com/httpdocs/phpBB/.htaccess pcfg_openfile: unable to check htaccess file, ensure it is readable and that '/var/www/vhosts/saratogahistory.com/httpdocs/phpBB/' is executable
[Sat Aug 29 09:59:47.322047 2020] [core:crit] [pid 6888:tid 140619261363968] (13)Permission denied: [client 203.133.169.112:46266] AH00529: /var/www/vhosts/saratogahistory.com/httpdocs/phpBB/.htaccess pcfg_openfile: unable to check htaccess file, ensure it is readable and that '/var/www/vhosts/saratogahistory.com/httpdocs/phpBB/' is executable
[Sat Aug 29 09:59:52.234121 2020] [core:crit] [pid 32325:tid 140619376752384] (13)Permission denied: [client 203.133.169.112:46422] AH00529: /var/www/vhosts/saratogahistory.com/httpdocs/phpBB/.htaccess pcfg_openfile: unable to check htaccess file, ensure it is readable and that '/var/www/vhosts/saratogahistory.com/httpdocs/phpBB/' is executable
[Sat Aug 29 09:59:57.229389 2020] [core:crit] [pid 32352:tid 140619303323392] (13)Permission denied: [client 203.133.169.112:46636] AH00529: /var/www/vhosts/saratogahistory.com/httpdocs/phpBB/.htaccess pcfg_openfile: unable to check htaccess file, ensure it is readable and that '/var/www/vhosts/saratogahistory.com/httpdocs/phpBB/' is executable
[Sat Aug 29 10:00:02.160503 2020] [core:crit] [pid 6888:tid 140619208914688] (13)Permission denied: [client 203.133.169.112:46912] AH00529: /var/www/vhosts/saratogahistory.com/httpdocs/phpBB/.htaccess pcfg_openfile: unable to check htaccess file, ensure it is readable and that '/var/www/vhosts/saratogahistory.com/httpdocs/phpBB/' is executable
[Sat Aug 29 10:00:07.148683 2020] [core:crit] [pid 6888:tid 140619156465408] (13)Permission denied: [client 203.133.169.112:47196] AH00529: /var/www/vhosts/saratogahistory.com/httpdocs/phpBB/.htaccess pcfg_openfile: unable to check htaccess file, ensure it is readable and that '/var/www/vhosts/saratogahistory.com/httpdocs/phpBB/' is executable
[Sat Aug 29 10:00:12.055853 2020] [core:crit] [pid 32325:tid 140619355772672] (13)Permission denied: [client 203.133.169.112:47394] AH00529: /var/www/vhosts/saratogahistory.com/httpdocs/phpBB/.htaccess pcfg_openfile: unable to check htaccess file, ensure it is readable and that '/var/www/vhosts/saratogahistory.com/httpdocs/phpBB/' is executable
[Sat Aug 29 10:00:17.037670 2020] [core:crit] [pid 6888:tid 140619124995840] (13)Permission denied: [client 203.133.169.112:47560] AH00529: /var/www/vhosts/saratogahistory.com/httpdocs/phpBB/.htaccess pcfg_openfile: unable to check htaccess file, ensure it is readable and that '/var/www/vhosts/saratogahistory.com/httpdocs/phpBB/' is executable
[Sat Aug 29 10:00:21.972479 2020] [core:crit] [pid 6888:tid 140619177445120] (13)Permission denied: [client 203.133.169.112:47676] AH00529: /var/www/vhosts/saratogahistory.com/httpdocs/phpBB/.htaccess pcfg_openfile: unable to check htaccess file, ensure it is readable and that '/var/www/vhosts/saratogahistory.com/httpdocs/phpBB/' is executable
[Sat Aug 29 10:00:27.226237 2020] [core:crit] [pid 6888:tid 140619355772672] (13)Permission denied: [client 203.133.169.112:47832] AH00529: /var/www/vhosts/saratogahistory.com/httpdocs/phpBB/.htaccess pcfg_openfile: unable to check htaccess file, ensure it is readable and that '/var/www/vhosts/saratogahistory.com/httpdocs/phpBB/' is executable
[Sat Aug 29 10:17:11.652749 2020] [core:crit] [pid 6888:tid 140619271853824] (13)Permission denied: [client 185.25.35.15:55684] AH00529: /var/www/vhosts/saratogahistory.com/httpdocs/phpBB/.htaccess pcfg_openfile: unable to check htaccess file, ensure it is readable and that '/var/www/vhosts/saratogahistory.com/httpdocs/phpBB/' is executable
[Sat Aug 29 10:23:07.483326 2020] [core:crit] [pid 6888:tid 140619250874112] (13)Permission denied: [client 128.14.30.253:39266] AH00529: /var/www/vhosts/saratogahistory.com/httpdocs/phpBB/.htaccess pcfg_openfile: unable to check htaccess file, ensure it is readable and that '/var/www/vhosts/saratogahistory.com/httpdocs/phpBB/' is executable
[Sat Aug 29 10:23:08.145836 2020] [core:crit] [pid 32325:tid 140619198424832] (13)Permission denied: [client 128.14.30.253:39298] AH00529: /var/www/vhosts/saratogahistory.com/httpdocs/phpBB/.htaccess pcfg_openfile: unable to check htaccess file, ensure it is readable and that '/var/www/vhosts/saratogahistory.com/httpdocs/phpBB/' is executable, referer: http://www.saratogahistory.com/phpBB/
[Sat Aug 29 10:42:59.489931 2020] [proxy_fcgi:error] [pid 6888:tid 140619177445120] [client 40.65.183.5:51426] AH01071: Got error 'Primary script unknown\n'
[Sat Aug 29 10:55:51.968640 2020] [core:crit] [pid 6888:tid 140619240384256] (13)Permission denied: [client 185.25.35.14:50326] AH00529: /var/www/vhosts/saratogahistory.com/httpdocs/phpBB/.htaccess pcfg_openfile: unable to check htaccess file, ensure it is readable and that '/var/www/vhosts/saratogahistory.com/httpdocs/phpBB/' is executable
[Sat Aug 29 11:07:29.359766 2020] [core:crit] [pid 6888:tid 140619208914688] (13)Permission denied: [client 185.25.35.9:42246] AH00529: /var/www/vhosts/saratogahistory.com/httpdocs/phpBB/.htaccess pcfg_openfile: unable to check htaccess file, ensure it is readable and that '/var/www/vhosts/saratogahistory.com/httpdocs/phpBB/' is executable
[Sat Aug 29 11:39:13.513832 2020] [core:crit] [pid 32322:tid 140619250874112] (13)Permission denied: [client 104.244.74.169:48144] AH00529: /var/www/vhosts/saratogahistory.com/httpdocs/phpBB/.htaccess pcfg_openfile: unable to check htaccess file, ensure it is readable and that '/var/www/vhosts/saratogahistory.com/httpdocs/phpBB/' is executable, referer: http://www.saratogahistory.com/phpBB/index.php
[Sat Aug 29 12:18:42.319615 2020] [core:crit] [pid 32322:tid 140619219404544] (13)Permission denied: [client 185.220.102.249:34598] AH00529: /var/www/vhosts/saratogahistory.com/httpdocs/phpBB/.htaccess pcfg_openfile: unable to check htaccess file, ensure it is readable and that '/var/www/vhosts/saratogahistory.com/httpdocs/phpBB/' is executable, referer: http://www.saratogahistory.com/phpBB/index.php
[Sat Aug 29 12:46:01.131864 2020] [core:crit] [pid 6888:tid 140619261363968] (13)Permission denied: [client 128.14.30.253:55012] AH00529: /var/www/vhosts/saratogahistory.com/httpdocs/phpBB/.htaccess pcfg_openfile: unable to check htaccess file, ensure it is readable and that '/var/www/vhosts/saratogahistory.com/httpdocs/phpBB/' is executable
[Sat Aug 29 12:46:01.726716 2020] [core:crit] [pid 6888:tid 140619156465408] (13)Permission denied: [client 128.14.30.253:55034] AH00529: /var/www/vhosts/saratogahistory.com/httpdocs/phpBB/.htaccess pcfg_openfile: unable to check htaccess file, ensure it is readable and that '/var/www/vhosts/saratogahistory.com/httpdocs/phpBB/' is executable, referer: http://www.saratogahistory.com/phpBB/
[Sat Aug 29 12:49:39.667034 2020] [core:crit] [pid 6888:tid 140619145975552] (13)Permission denied: [client 185.255.96.99:33722] AH00529: /var/www/vhosts/saratogahistory.com/httpdocs/phpBB/.htaccess pcfg_openfile: unable to check htaccess file, ensure it is readable and that '/var/www/vhosts/saratogahistory.com/httpdocs/phpBB/' is executable
[Sat Aug 29 13:45:47.932102 2020] [core:crit] [pid 6888:tid 140619376752384] (13)Permission denied: [client 217.170.204.126:54970] AH00529: /var/www/vhosts/saratogahistory.com/httpdocs/phpBB/.htaccess pcfg_openfile: unable to check htaccess file, ensure it is readable and that '/var/www/vhosts/saratogahistory.com/httpdocs/phpBB/' is executable, referer: http://www.saratogahistory.com/phpBB/index.php
[Sat Aug 29 13:46:24.046301 2020] [core:crit] [pid 6888:tid 140619292833536] (13)Permission denied: [client 195.176.3.23:56236] AH00529: /var/www/vhosts/saratogahistory.com/httpdocs/phpBB/.htaccess pcfg_openfile: unable to check htaccess file, ensure it is readable and that '/var/www/vhosts/saratogahistory.com/httpdocs/phpBB/' is executable, referer: http://www.saratogahistory.com/phpBB/index.php
[Sat Aug 29 14:00:32.476284 2020] [core:crit] [pid 6888:tid 140619250874112] (13)Permission denied: [client 146.66.19.18:55342] AH00529: /var/www/vhosts/saratogahistory.com/httpdocs/phpBB/.htaccess pcfg_openfile: unable to check htaccess file, ensure it is readable and that '/var/www/vhosts/saratogahistory.com/httpdocs/phpBB/' is executable, referer: http://www.saratogahistory.com/phpBB/index.php
[Sat Aug 29 14:01:04.234564 2020] [proxy_fcgi:error] [pid 32352:tid 140619345282816] [client 14.161.46.29:56366] AH01071: Got error 'Primary script unknown\n', referer: http://www.saratogahistory.com/index.php
[Sat Aug 29 14:01:26.563748 2020] [proxy_fcgi:error] [pid 6888:tid 140619240384256] [client 14.161.46.29:57224] AH01071: Got error 'Primary script unknown\n', referer: http://www.saratogahistory.com/index.php
[Sat Aug 29 14:01:34.549046 2020] [proxy_fcgi:error] [pid 6888:tid 140619187934976] [client 14.161.46.29:57480] AH01071: Got error 'Primary script unknown\n', referer: http://www.saratogahistory.com/index.php
[Sat Aug 29 14:07:47.623149 2020] [core:crit] [pid 32352:tid 140619292833536] (13)Permission denied: [client 203.133.169.112:40970] AH00529: /var/www/vhosts/saratogahistory.com/httpdocs/phpBB/.htaccess pcfg_openfile: unable to check htaccess file, ensure it is readable and that '/var/www/vhosts/saratogahistory.com/httpdocs/phpBB/' is executable
[Sat Aug 29 14:07:52.621044 2020] [core:crit] [pid 6888:tid 140619250874112] (13)Permission denied: [client 203.133.169.112:41148] AH00529: /var/www/vhosts/saratogahistory.com/httpdocs/phpBB/.htaccess pcfg_openfile: unable to check htaccess file, ensure it is readable and that '/var/www/vhosts/saratogahistory.com/httpdocs/phpBB/' is executable
[Sat Aug 29 14:07:57.599075 2020] [core:crit] [pid 6888:tid 140619345282816] (13)Permission denied: [client 203.133.169.112:41288] AH00529: /var/www/vhosts/saratogahistory.com/httpdocs/phpBB/.htaccess pcfg_openfile: unable to check htaccess file, ensure it is readable and that '/var/www/vhosts/saratogahistory.com/httpdocs/phpBB/' is executable
[Sat Aug 29 14:08:02.489870 2020] [core:crit] [pid 32352:tid 140619124995840] (13)Permission denied: [client 203.133.169.112:41438] AH00529: /var/www/vhosts/saratogahistory.com/httpdocs/phpBB/.htaccess pcfg_openfile: unable to check htaccess file, ensure it is readable and that '/var/www/vhosts/saratogahistory.com/httpdocs/phpBB/' is executable
[Sat Aug 29 14:08:07.420477 2020] [core:crit] [pid 6888:tid 140619282343680] (13)Permission denied: [client 203.133.169.112:41548] AH00529: /var/www/vhosts/saratogahistory.com/httpdocs/phpBB/.htaccess pcfg_openfile: unable to check htaccess file, ensure it is readable and that '/var/www/vhosts/saratogahistory.com/httpdocs/phpBB/' is executable
[Sat Aug 29 14:08:12.435415 2020] [core:crit] [pid 6888:tid 140619240384256] (13)Permission denied: [client 203.133.169.112:41676] AH00529: /var/www/vhosts/saratogahistory.com/httpdocs/phpBB/.htaccess pcfg_openfile: unable to check htaccess file, ensure it is readable and that '/var/www/vhosts/saratogahistory.com/httpdocs/phpBB/' is executable
[Sat Aug 29 14:08:17.628951 2020] [core:crit] [pid 32325:tid 140619187934976] (13)Permission denied: [client 203.133.169.112:41830] AH00529: /var/www/vhosts/saratogahistory.com/httpdocs/phpBB/.htaccess pcfg_openfile: unable to check htaccess file, ensure it is readable and that '/var/www/vhosts/saratogahistory.com/httpdocs/phpBB/' is executable
[Sat Aug 29 14:08:22.659157 2020] [core:crit] [pid 6888:tid 140619187934976] (13)Permission denied: [client 203.133.169.112:42058] AH00529: /var/www/vhosts/saratogahistory.com/httpdocs/phpBB/.htaccess pcfg_openfile: unable to check htaccess file, ensure it is readable and that '/var/www/vhosts/saratogahistory.com/httpdocs/phpBB/' is executable
[Sat Aug 29 14:08:27.546344 2020] [core:crit] [pid 6888:tid 140619229894400] (13)Permission denied: [client 203.133.169.112:42222] AH00529: /var/www/vhosts/saratogahistory.com/httpdocs/phpBB/.htaccess pcfg_openfile: unable to check htaccess file, ensure it is readable and that '/var/www/vhosts/saratogahistory.com/httpdocs/phpBB/' is executable
[Sat Aug 29 14:08:32.431556 2020] [core:crit] [pid 6888:tid 140619208914688] (13)Permission denied: [client 203.133.169.112:42376] AH00529: /var/www/vhosts/saratogahistory.com/httpdocs/phpBB/.htaccess pcfg_openfile: unable to check htaccess file, ensure it is readable and that '/var/www/vhosts/saratogahistory.com/httpdocs/phpBB/' is executable
[Sat Aug 29 14:08:37.329238 2020] [core:crit] [pid 6888:tid 140619156465408] (13)Permission denied: [client 203.133.169.112:42500] AH00529: /var/www/vhosts/saratogahistory.com/httpdocs/phpBB/.htaccess pcfg_openfile: unable to check htaccess file, ensure it is readable and that '/var/www/vhosts/saratogahistory.com/httpdocs/phpBB/' is executable
[Sat Aug 29 14:08:42.323879 2020] [core:crit] [pid 6888:tid 140619219404544] (13)Permission denied: [client 203.133.169.112:42678] AH00529: /var/www/vhosts/saratogahistory.com/httpdocs/phpBB/.htaccess pcfg_openfile: unable to check htaccess file, ensure it is readable and that '/var/www/vhosts/saratogahistory.com/httpdocs/phpBB/' is executable
[Sat Aug 29 14:08:47.317821 2020] [core:crit] [pid 32352:tid 140619313813248] (13)Permission denied: [client 203.133.169.112:42804] AH00529: /var/www/vhosts/saratogahistory.com/httpdocs/phpBB/.htaccess pcfg_openfile: unable to check htaccess file, ensure it is readable and that '/var/www/vhosts/saratogahistory.com/httpdocs/phpBB/' is executable
[Sat Aug 29 14:08:52.454342 2020] [core:crit] [pid 32325:tid 140619229894400] (13)Permission denied: [client 203.133.169.112:43008] AH00529: /var/www/vhosts/saratogahistory.com/httpdocs/phpBB/.htaccess pcfg_openfile: unable to check htaccess file, ensure it is readable and that '/var/www/vhosts/saratogahistory.com/httpdocs/phpBB/' is executable
[Sat Aug 29 14:08:57.337765 2020] [core:crit] [pid 32352:tid 140619324303104] (13)Permission denied: [client 203.133.169.112:43212] AH00529: /var/www/vhosts/saratogahistory.com/httpdocs/phpBB/.htaccess pcfg_openfile: unable to check htaccess file, ensure it is readable and that '/var/www/vhosts/saratogahistory.com/httpdocs/phpBB/' is executable
[Sat Aug 29 14:09:02.224592 2020] [core:crit] [pid 32325:tid 140619177445120] (13)Permission denied: [client 203.133.169.112:43382] AH00529: /var/www/vhosts/saratogahistory.com/httpdocs/phpBB/.htaccess pcfg_openfile: unable to check htaccess file, ensure it is readable and that '/var/www/vhosts/saratogahistory.com/httpdocs/phpBB/' is executable
[Sat Aug 29 14:09:07.218333 2020] [core:crit] [pid 32325:tid 140619156465408] (13)Permission denied: [client 203.133.169.112:43524] AH00529: /var/www/vhosts/saratogahistory.com/httpdocs/phpBB/.htaccess pcfg_openfile: unable to check htaccess file, ensure it is readable and that '/var/www/vhosts/saratogahistory.com/httpdocs/phpBB/' is executable
[Sat Aug 29 14:09:12.242155 2020] [core:crit] [pid 32352:tid 140619240384256] (13)Permission denied: [client 203.133.169.112:43698] AH00529: /var/www/vhosts/saratogahistory.com/httpdocs/phpBB/.htaccess pcfg_openfile: unable to check htaccess file, ensure it is readable and that '/var/www/vhosts/saratogahistory.com/httpdocs/phpBB/' is executable
[Sat Aug 29 14:09:17.194784 2020] [core:crit] [pid 6888:tid 140619177445120] (13)Permission denied: [client 203.133.169.112:43882] AH00529: /var/www/vhosts/saratogahistory.com/httpdocs/phpBB/.htaccess pcfg_openfile: unable to check htaccess file, ensure it is readable and that '/var/www/vhosts/saratogahistory.com/httpdocs/phpBB/' is executable
[Sat Aug 29 14:09:22.267417 2020] [core:crit] [pid 32325:tid 140619124995840] (13)Permission denied: [client 203.133.169.112:44068] AH00529: /var/www/vhosts/saratogahistory.com/httpdocs/phpBB/.htaccess pcfg_openfile: unable to check htaccess file, ensure it is readable and that '/var/www/vhosts/saratogahistory.com/httpdocs/phpBB/' is executable
[Sat Aug 29 14:09:27.233138 2020] [core:crit] [pid 32352:tid 140619261363968] (13)Permission denied: [client 203.133.169.112:44280] AH00529: /var/www/vhosts/saratogahistory.com/httpdocs/phpBB/.htaccess pcfg_openfile: unable to check htaccess file, ensure it is readable and that '/var/www/vhosts/saratogahistory.com/httpdocs/phpBB/' is executable
[Sat Aug 29 14:09:30.904317 2020] [proxy_fcgi:error] [pid 32352:tid 140619250874112] [client 52.171.198.169:44430] AH01071: Got error 'Primary script unknown\n'
[Sat Aug 29 14:09:32.301600 2020] [core:crit] [pid 32352:tid 140619187934976] (13)Permission denied: [client 203.133.169.112:44556] AH00529: /var/www/vhosts/saratogahistory.com/httpdocs/phpBB/.htaccess pcfg_openfile: unable to check htaccess file, ensure it is readable and that '/var/www/vhosts/saratogahistory.com/httpdocs/phpBB/' is executable
[Sat Aug 29 14:09:37.294492 2020] [core:crit] [pid 32325:tid 140619135485696] (13)Permission denied: [client 203.133.169.112:44740] AH00529: /var/www/vhosts/saratogahistory.com/httpdocs/phpBB/.htaccess pcfg_openfile: unable to check htaccess file, ensure it is readable and that '/var/www/vhosts/saratogahistory.com/httpdocs/phpBB/' is executable
[Sat Aug 29 14:09:42.187491 2020] [core:crit] [pid 32352:tid 140619303323392] (13)Permission denied: [client 203.133.169.112:44948] AH00529: /var/www/vhosts/saratogahistory.com/httpdocs/phpBB/.htaccess pcfg_openfile: unable to check htaccess file, ensure it is readable and that '/var/www/vhosts/saratogahistory.com/httpdocs/phpBB/' is executable
[Sat Aug 29 14:09:47.162446 2020] [core:crit] [pid 32325:tid 140619303323392] (13)Permission denied: [client 203.133.169.112:45098] AH00529: /var/www/vhosts/saratogahistory.com/httpdocs/phpBB/.htaccess pcfg_openfile: unable to check htaccess file, ensure it is readable and that '/var/www/vhosts/saratogahistory.com/httpdocs/phpBB/' is executable
[Sat Aug 29 14:09:52.079211 2020] [core:crit] [pid 6888:tid 140619229894400] (13)Permission denied: [client 203.133.169.112:45208] AH00529: /var/www/vhosts/saratogahistory.com/httpdocs/phpBB/.htaccess pcfg_openfile: unable to check htaccess file, ensure it is readable and that '/var/www/vhosts/saratogahistory.com/httpdocs/phpBB/' is executable
[Sat Aug 29 14:09:56.966418 2020] [core:crit] [pid 6888:tid 140619261363968] (13)Permission denied: [client 203.133.169.112:45344] AH00529: /var/www/vhosts/saratogahistory.com/httpdocs/phpBB/.htaccess pcfg_openfile: unable to check htaccess file, ensure it is readable and that '/var/www/vhosts/saratogahistory.com/httpdocs/phpBB/' is executable
[Sat Aug 29 14:10:02.136445 2020] [core:crit] [pid 6888:tid 140619208914688] (13)Permission denied: [client 203.133.169.112:45600] AH00529: /var/www/vhosts/saratogahistory.com/httpdocs/phpBB/.htaccess pcfg_openfile: unable to check htaccess file, ensure it is readable and that '/var/www/vhosts/saratogahistory.com/httpdocs/phpBB/' is executable
[Sat Aug 29 14:10:07.774930 2020] [core:crit] [pid 32325:tid 140619240384256] (13)Permission denied: [client 203.133.169.112:45834] AH00529: /var/www/vhosts/saratogahistory.com/httpdocs/phpBB/.htaccess pcfg_openfile: unable to check htaccess file, ensure it is readable and that '/var/www/vhosts/saratogahistory.com/httpdocs/phpBB/' is executable
[Sat Aug 29 14:10:12.805099 2020] [core:crit] [pid 32352:tid 140619156465408] (13)Permission denied: [client 203.133.169.112:46018] AH00529: /var/www/vhosts/saratogahistory.com/httpdocs/phpBB/.htaccess pcfg_openfile: unable to check htaccess file, ensure it is readable and that '/var/www/vhosts/saratogahistory.com/httpdocs/phpBB/' is executable
[Sat Aug 29 14:10:17.902056 2020] [core:crit] [pid 6888:tid 140619145975552] (13)Permission denied: [client 203.133.169.112:46272] AH00529: /var/www/vhosts/saratogahistory.com/httpdocs/phpBB/.htaccess pcfg_openfile: unable to check htaccess file, ensure it is readable and that '/var/www/vhosts/saratogahistory.com/httpdocs/phpBB/' is executable
[Sat Aug 29 14:10:22.888873 2020] [core:crit] [pid 6888:tid 140619177445120] (13)Permission denied: [client 203.133.169.112:46470] AH00529: /var/www/vhosts/saratogahistory.com/httpdocs/phpBB/.htaccess pcfg_openfile: unable to check htaccess file, ensure it is readable and that '/var/www/vhosts/saratogahistory.com/httpdocs/phpBB/' is executable
[Sat Aug 29 14:10:28.038224 2020] [core:crit] [pid 6888:tid 140619355772672] (13)Permission denied: [client 203.133.169.112:46642] AH00529: /var/www/vhosts/saratogahistory.com/httpdocs/phpBB/.htaccess pcfg_openfile: unable to check htaccess file, ensure it is readable and that '/var/www/vhosts/saratogahistory.com/httpdocs/phpBB/' is executable
[Sat Aug 29 14:10:33.218576 2020] [core:crit] [pid 6888:tid 140619135485696] (13)Permission denied: [client 203.133.169.112:46766] AH00529: /var/www/vhosts/saratogahistory.com/httpdocs/phpBB/.htaccess pcfg_openfile: unable to check htaccess file, ensure it is readable and that '/var/www/vhosts/saratogahistory.com/httpdocs/phpBB/' is executable
[Sat Aug 29 14:10:38.134202 2020] [core:crit] [pid 6888:tid 140619166955264] (13)Permission denied: [client 203.133.169.112:46902] AH00529: /var/www/vhosts/saratogahistory.com/httpdocs/phpBB/.htaccess pcfg_openfile: unable to check htaccess file, ensure it is readable and that '/var/www/vhosts/saratogahistory.com/httpdocs/phpBB/' is executable
[Sat Aug 29 14:10:43.240395 2020] [core:crit] [pid 32325:tid 140619271853824] (13)Permission denied: [client 203.133.169.112:47124] AH00529: /var/www/vhosts/saratogahistory.com/httpdocs/phpBB/.htaccess pcfg_openfile: unable to check htaccess file, ensure it is readable and that '/var/www/vhosts/saratogahistory.com/httpdocs/phpBB/' is executable
[Sat Aug 29 14:15:08.589152 2020] [core:crit] [pid 6888:tid 140619198424832] (13)Permission denied: [client 188.163.109.153:55354] AH00529: /var/www/vhosts/saratogahistory.com/httpdocs/phpBB/.htaccess pcfg_openfile: unable to check htaccess file, ensure it is readable and that '/var/www/vhosts/saratogahistory.com/httpdocs/phpBB/' is executable, referer: http://www.saratogahistory.com/phpBB/index.php
[Sat Aug 29 14:35:30.852129 2020] [core:crit] [pid 6888:tid 140619198424832] (13)Permission denied: [client 98.190.102.62:35660] AH00529: /var/www/vhosts/saratogahistory.com/httpdocs/phpBB/.htaccess pcfg_openfile: unable to check htaccess file, ensure it is readable and that '/var/www/vhosts/saratogahistory.com/httpdocs/phpBB/' is executable, referer: http://www.saratogahistory.com/phpBB/index.php
[Sat Aug 29 14:35:53.974131 2020] [proxy_fcgi:error] [pid 6888:tid 140619366262528] [client 98.190.102.62:36196] AH01071: Got error 'Primary script unknown\n', referer: http://www.saratogahistory.com/index.php
[Sat Aug 29 14:36:03.932181 2020] [proxy_fcgi:error] [pid 32352:tid 140619187934976] [client 98.190.102.62:36446] AH01071: Got error 'Primary script unknown\n', referer: http://www.saratogahistory.com/index.php
[Sat Aug 29 15:01:51.592653 2020] [core:crit] [pid 6888:tid 140619135485696] (13)Permission denied: [client 213.163.8.102:57222] AH00529: /var/www/vhosts/saratogahistory.com/httpdocs/phpBB/.htaccess pcfg_openfile: unable to check htaccess file, ensure it is readable and that '/var/www/vhosts/saratogahistory.com/httpdocs/phpBB/' is executable, referer: http://www.saratogahistory.com/phpBB/index.php
[Sat Aug 29 15:20:30.744508 2020] [core:crit] [pid 32322:tid 140619324303104] (13)Permission denied: [client 185.25.35.15:47908] AH00529: /var/www/vhosts/saratogahistory.com/httpdocs/phpBB/.htaccess pcfg_openfile: unable to check htaccess file, ensure it is readable and that '/var/www/vhosts/saratogahistory.com/httpdocs/phpBB/' is executable
[Sat Aug 29 15:28:24.863512 2020] [core:crit] [pid 6888:tid 140619240384256] (13)Permission denied: [client 74.210.168.36:36252] AH00529: /var/www/vhosts/saratogahistory.com/httpdocs/phpBB/.htaccess pcfg_openfile: unable to check htaccess file, ensure it is readable and that '/var/www/vhosts/saratogahistory.com/httpdocs/phpBB/' is executable, referer: http://www.saratogahistory.com/phpBB/index.php
[Sat Aug 29 15:28:25.510654 2020] [proxy_fcgi:error] [pid 6888:tid 140619261363968] [client 74.210.168.36:36268] AH01071: Got error 'Primary script unknown\n', referer: http://www.saratogahistory.com/index.php
[Sat Aug 29 15:28:25.647331 2020] [proxy_fcgi:error] [pid 32352:tid 140619208914688] [client 74.210.168.36:36274] AH01071: Got error 'Primary script unknown\n', referer: http://www.saratogahistory.com/index.php
[Sat Aug 29 15:28:25.793997 2020] [proxy_fcgi:error] [pid 32352:tid 140619229894400] [client 74.210.168.36:36280] AH01071: Got error 'Primary script unknown\n', referer: http://www.saratogahistory.com/index.php
[Sat Aug 29 15:38:46.468209 2020] [core:crit] [pid 6888:tid 140619124995840] (13)Permission denied: [client 185.220.100.253:55268] AH00529: /var/www/vhosts/saratogahistory.com/httpdocs/phpBB/.htaccess pcfg_openfile: unable to check htaccess file, ensure it is readable and that '/var/www/vhosts/saratogahistory.com/httpdocs/phpBB/' is executable, referer: http://www.saratogahistory.com/phpBB/index.php
[Sat Aug 29 15:41:22.859112 2020] [core:crit] [pid 6888:tid 140619376752384] (13)Permission denied: [client 46.187.25.61:59348] AH00529: /var/www/vhosts/saratogahistory.com/httpdocs/phpBB/.htaccess pcfg_openfile: unable to check htaccess file, ensure it is readable and that '/var/www/vhosts/saratogahistory.com/httpdocs/phpBB/' is executable, referer: http://www.saratogahistory.com/phpBB/index.php
[Sat Aug 29 15:41:28.056896 2020] [proxy_fcgi:error] [pid 32352:tid 140619145975552] [client 46.187.25.61:59482] AH01071: Got error 'Primary script unknown\n', referer: http://www.saratogahistory.com/index.php
[Sat Aug 29 15:41:28.379819 2020] [proxy_fcgi:error] [pid 32352:tid 140619177445120] [client 46.187.25.61:59496] AH01071: Got error 'Primary script unknown\n', referer: http://www.saratogahistory.com/index.php
[Sat Aug 29 15:41:28.710722 2020] [proxy_fcgi:error] [pid 6888:tid 140619313813248] [client 46.187.25.61:59504] AH01071: Got error 'Primary script unknown\n', referer: http://www.saratogahistory.com/index.php
[Sat Aug 29 15:45:43.426492 2020] [core:crit] [pid 32352:tid 140619303323392] (13)Permission denied: [client 128.14.30.178:38144] AH00529: /var/www/vhosts/saratogahistory.com/httpdocs/phpBB/.htaccess pcfg_openfile: unable to check htaccess file, ensure it is readable and that '/var/www/vhosts/saratogahistory.com/httpdocs/phpBB/' is executable
[Sat Aug 29 15:45:44.111474 2020] [core:crit] [pid 32352:tid 140619156465408] (13)Permission denied: [client 128.14.30.178:38154] AH00529: /var/www/vhosts/saratogahistory.com/httpdocs/phpBB/.htaccess pcfg_openfile: unable to check htaccess file, ensure it is readable and that '/var/www/vhosts/saratogahistory.com/httpdocs/phpBB/' is executable, referer: http://www.saratogahistory.com/phpBB/
[Sat Aug 29 15:57:18.842383 2020] [core:crit] [pid 32352:tid 140619334792960] (13)Permission denied: [client 66.249.64.85:55582] AH00529: /var/www/vhosts/saratogahistory.com/httpdocs/phpBB/.htaccess pcfg_openfile: unable to check htaccess file, ensure it is readable and that '/var/www/vhosts/saratogahistory.com/httpdocs/phpBB/' is executable
[Sat Aug 29 15:58:04.210406 2020] [core:crit] [pid 6888:tid 140619177445120] (13)Permission denied: [client 66.249.64.87:56554] AH00529: /var/www/vhosts/saratogahistory.com/httpdocs/phpBB/.htaccess pcfg_openfile: unable to check htaccess file, ensure it is readable and that '/var/www/vhosts/saratogahistory.com/httpdocs/phpBB/' is executable
[Sat Aug 29 15:59:07.189401 2020] [core:crit] [pid 6888:tid 140619355772672] (13)Permission denied: [client 66.249.64.89:57916] AH00529: /var/www/vhosts/saratogahistory.com/httpdocs/phpBB/.htaccess pcfg_openfile: unable to check htaccess file, ensure it is readable and that '/var/www/vhosts/saratogahistory.com/httpdocs/phpBB/' is executable
[Sat Aug 29 16:00:54.050747 2020] [core:crit] [pid 32352:tid 140619366262528] (13)Permission denied: [client 66.249.64.87:60702] AH00529: /var/www/vhosts/saratogahistory.com/httpdocs/phpBB/.htaccess pcfg_openfile: unable to check htaccess file, ensure it is readable and that '/var/www/vhosts/saratogahistory.com/httpdocs/phpBB/' is executable
[Sat Aug 29 16:01:57.345438 2020] [core:crit] [pid 6888:tid 140619135485696] (13)Permission denied: [client 62.210.37.82:34400] AH00529: /var/www/vhosts/saratogahistory.com/httpdocs/phpBB/.htaccess pcfg_openfile: unable to check htaccess file, ensure it is readable and that '/var/www/vhosts/saratogahistory.com/httpdocs/phpBB/' is executable, referer: http://www.saratogahistory.com/phpBB/index.php
[Sat Aug 29 16:02:29.434568 2020] [core:crit] [pid 6888:tid 140619313813248] (13)Permission denied: [client 66.249.64.85:35460] AH00529: /var/www/vhosts/saratogahistory.com/httpdocs/phpBB/.htaccess pcfg_openfile: unable to check htaccess file, ensure it is readable and that '/var/www/vhosts/saratogahistory.com/httpdocs/phpBB/' is executable
[Sat Aug 29 16:20:00.168294 2020] [core:crit] [pid 32352:tid 140619292833536] (13)Permission denied: [client 173.252.127.116:38904] AH00529: /var/www/vhosts/saratogahistory.com/httpdocs/phpBB/.htaccess pcfg_openfile: unable to check htaccess file, ensure it is readable and that '/var/www/vhosts/saratogahistory.com/httpdocs/phpBB/' is executable
[Sat Aug 29 16:20:00.178460 2020] [core:crit] [pid 6888:tid 140619250874112] (13)Permission denied: [client 173.252.127.15:38906] AH00529: /var/www/vhosts/saratogahistory.com/httpdocs/phpBB/.htaccess pcfg_openfile: unable to check htaccess file, ensure it is readable and that '/var/www/vhosts/saratogahistory.com/httpdocs/phpBB/' is executable
[Sat Aug 29 16:33:22.654379 2020] [core:crit] [pid 6888:tid 140619177445120] (13)Permission denied: [client 185.25.35.14:35136] AH00529: /var/www/vhosts/saratogahistory.com/httpdocs/phpBB/.htaccess pcfg_openfile: unable to check htaccess file, ensure it is readable and that '/var/www/vhosts/saratogahistory.com/httpdocs/phpBB/' is executable
[Sat Aug 29 17:06:45.434924 2020] [core:crit] [pid 6888:tid 140619208914688] (13)Permission denied: [client 178.159.37.58:46878] AH00529: /var/www/vhosts/saratogahistory.com/httpdocs/phpBB/.htaccess pcfg_openfile: unable to check htaccess file, ensure it is readable and that '/var/www/vhosts/saratogahistory.com/httpdocs/phpBB/' is executable, referer: http://www.saratogahistory.com/phpBB/index.php
[Sat Aug 29 17:13:04.632920 2020] [core:crit] [pid 32352:tid 140619156465408] (13)Permission denied: [client 185.25.35.14:57952] AH00529: /var/www/vhosts/saratogahistory.com/httpdocs/phpBB/.htaccess pcfg_openfile: unable to check htaccess file, ensure it is readable and that '/var/www/vhosts/saratogahistory.com/httpdocs/phpBB/' is executable
[Sat Aug 29 17:24:36.222735 2020] [core:crit] [pid 32325:tid 140619166955264] (13)Permission denied: [client 185.25.35.11:47034] AH00529: /var/www/vhosts/saratogahistory.com/httpdocs/phpBB/.htaccess pcfg_openfile: unable to check htaccess file, ensure it is readable and that '/var/www/vhosts/saratogahistory.com/httpdocs/phpBB/' is executable
[Sat Aug 29 17:40:19.395637 2020] [core:crit] [pid 6888:tid 140619177445120] (13)Permission denied: [client 45.15.16.100:45202] AH00529: /var/www/vhosts/saratogahistory.com/httpdocs/phpBB/.htaccess pcfg_openfile: unable to check htaccess file, ensure it is readable and that '/var/www/vhosts/saratogahistory.com/httpdocs/phpBB/' is executable, referer: http://www.saratogahistory.com/phpBB/index.php
[Sat Aug 29 18:20:29.690773 2020] [core:crit] [pid 6888:tid 140619282343680] (13)Permission denied: [client 95.37.161.104:52292] AH00529: /var/www/vhosts/saratogahistory.com/httpdocs/phpBB/.htaccess pcfg_openfile: unable to check htaccess file, ensure it is readable and that '/var/www/vhosts/saratogahistory.com/httpdocs/phpBB/' is executable, referer: http://www.saratogahistory.com/phpBB/index.php
[Sat Aug 29 18:20:51.027875 2020] [core:crit] [pid 32352:tid 140619261363968] (13)Permission denied: [client 176.58.61.49:52846] AH00529: /var/www/vhosts/saratogahistory.com/httpdocs/phpBB/.htaccess pcfg_openfile: unable to check htaccess file, ensure it is readable and that '/var/www/vhosts/saratogahistory.com/httpdocs/phpBB/' is executable
[Sat Aug 29 18:24:59.411645 2020] [core:crit] [pid 6888:tid 140619219404544] (13)Permission denied: [client 185.220.101.201:59598] AH00529: /var/www/vhosts/saratogahistory.com/httpdocs/phpBB/.htaccess pcfg_openfile: unable to check htaccess file, ensure it is readable and that '/var/www/vhosts/saratogahistory.com/httpdocs/phpBB/' is executable, referer: http://www.saratogahistory.com/phpBB/index.php
[Sat Aug 29 18:34:26.953980 2020] [core:crit] [pid 6888:tid 140619376752384] (13)Permission denied: [client 203.133.169.112:45910] AH00529: /var/www/vhosts/saratogahistory.com/httpdocs/phpBB/.htaccess pcfg_openfile: unable to check htaccess file, ensure it is readable and that '/var/www/vhosts/saratogahistory.com/httpdocs/phpBB/' is executable
[Sat Aug 29 18:34:31.844642 2020] [core:crit] [pid 6888:tid 140619292833536] (13)Permission denied: [client 203.133.169.112:46016] AH00529: /var/www/vhosts/saratogahistory.com/httpdocs/phpBB/.htaccess pcfg_openfile: unable to check htaccess file, ensure it is readable and that '/var/www/vhosts/saratogahistory.com/httpdocs/phpBB/' is executable
[Sat Aug 29 18:34:36.843234 2020] [core:crit] [pid 32325:tid 140619261363968] (13)Permission denied: [client 203.133.169.112:46158] AH00529: /var/www/vhosts/saratogahistory.com/httpdocs/phpBB/.htaccess pcfg_openfile: unable to check htaccess file, ensure it is readable and that '/var/www/vhosts/saratogahistory.com/httpdocs/phpBB/' is executable
[Sat Aug 29 18:34:41.844582 2020] [core:crit] [pid 32352:tid 140619177445120] (13)Permission denied: [client 203.133.169.112:46268] AH00529: /var/www/vhosts/saratogahistory.com/httpdocs/phpBB/.htaccess pcfg_openfile: unable to check htaccess file, ensure it is readable and that '/var/www/vhosts/saratogahistory.com/httpdocs/phpBB/' is executable
[Sat Aug 29 18:34:46.863788 2020] [core:crit] [pid 6888:tid 140619334792960] (13)Permission denied: [client 203.133.169.112:46404] AH00529: /var/www/vhosts/saratogahistory.com/httpdocs/phpBB/.htaccess pcfg_openfile: unable to check htaccess file, ensure it is readable and that '/var/www/vhosts/saratogahistory.com/httpdocs/phpBB/' is executable
[Sat Aug 29 18:34:51.855061 2020] [core:crit] [pid 6888:tid 140619313813248] (13)Permission denied: [client 203.133.169.112:46544] AH00529: /var/www/vhosts/saratogahistory.com/httpdocs/phpBB/.htaccess pcfg_openfile: unable to check htaccess file, ensure it is readable and that '/var/www/vhosts/saratogahistory.com/httpdocs/phpBB/' is executable
[Sat Aug 29 18:34:57.095964 2020] [core:crit] [pid 6888:tid 140619303323392] (13)Permission denied: [client 203.133.169.112:46662] AH00529: /var/www/vhosts/saratogahistory.com/httpdocs/phpBB/.htaccess pcfg_openfile: unable to check htaccess file, ensure it is readable and that '/var/www/vhosts/saratogahistory.com/httpdocs/phpBB/' is executable
[Sat Aug 29 18:35:01.976504 2020] [core:crit] [pid 6888:tid 140619271853824] (13)Permission denied: [client 203.133.169.112:46824] AH00529: /var/www/vhosts/saratogahistory.com/httpdocs/phpBB/.htaccess pcfg_openfile: unable to check htaccess file, ensure it is readable and that '/var/www/vhosts/saratogahistory.com/httpdocs/phpBB/' is executable
[Sat Aug 29 18:35:07.062325 2020] [core:crit] [pid 32352:tid 140619135485696] (13)Permission denied: [client 203.133.169.112:47062] AH00529: /var/www/vhosts/saratogahistory.com/httpdocs/phpBB/.htaccess pcfg_openfile: unable to check htaccess file, ensure it is readable and that '/var/www/vhosts/saratogahistory.com/httpdocs/phpBB/' is executable
[Sat Aug 29 18:35:12.052618 2020] [core:crit] [pid 32325:tid 140619208914688] (13)Permission denied: [client 203.133.169.112:47154] AH00529: /var/www/vhosts/saratogahistory.com/httpdocs/phpBB/.htaccess pcfg_openfile: unable to check htaccess file, ensure it is readable and that '/var/www/vhosts/saratogahistory.com/httpdocs/phpBB/' is executable
[Sat Aug 29 18:35:16.949163 2020] [core:crit] [pid 6888:tid 140619198424832] (13)Permission denied: [client 203.133.169.112:47298] AH00529: /var/www/vhosts/saratogahistory.com/httpdocs/phpBB/.htaccess pcfg_openfile: unable to check htaccess file, ensure it is readable and that '/var/www/vhosts/saratogahistory.com/httpdocs/phpBB/' is executable
[Sat Aug 29 18:35:21.938726 2020] [core:crit] [pid 6888:tid 140619366262528] (13)Permission denied: [client 203.133.169.112:47410] AH00529: /var/www/vhosts/saratogahistory.com/httpdocs/phpBB/.htaccess pcfg_openfile: unable to check htaccess file, ensure it is readable and that '/var/www/vhosts/saratogahistory.com/httpdocs/phpBB/' is executable
[Sat Aug 29 18:35:26.921133 2020] [core:crit] [pid 32352:tid 140619166955264] (13)Permission denied: [client 203.133.169.112:47526] AH00529: /var/www/vhosts/saratogahistory.com/httpdocs/phpBB/.htaccess pcfg_openfile: unable to check htaccess file, ensure it is readable and that '/var/www/vhosts/saratogahistory.com/httpdocs/phpBB/' is executable
[Sat Aug 29 18:35:32.048983 2020] [core:crit] [pid 32325:tid 140619376752384] (13)Permission denied: [client 203.133.169.112:47662] AH00529: /var/www/vhosts/saratogahistory.com/httpdocs/phpBB/.htaccess pcfg_openfile: unable to check htaccess file, ensure it is readable and that '/var/www/vhosts/saratogahistory.com/httpdocs/phpBB/' is executable
[Sat Aug 29 18:35:37.035055 2020] [core:crit] [pid 6888:tid 140619156465408] (13)Permission denied: [client 203.133.169.112:47810] AH00529: /var/www/vhosts/saratogahistory.com/httpdocs/phpBB/.htaccess pcfg_openfile: unable to check htaccess file, ensure it is readable and that '/var/www/vhosts/saratogahistory.com/httpdocs/phpBB/' is executable
[Sat Aug 29 18:35:41.932615 2020] [core:crit] [pid 6888:tid 140619177445120] (13)Permission denied: [client 203.133.169.112:47920] AH00529: /var/www/vhosts/saratogahistory.com/httpdocs/phpBB/.htaccess pcfg_openfile: unable to check htaccess file, ensure it is readable and that '/var/www/vhosts/saratogahistory.com/httpdocs/phpBB/' is executable
[Sat Aug 29 18:35:46.837398 2020] [core:crit] [pid 32325:tid 140619198424832] (13)Permission denied: [client 203.133.169.112:48026] AH00529: /var/www/vhosts/saratogahistory.com/httpdocs/phpBB/.htaccess pcfg_openfile: unable to check htaccess file, ensure it is readable and that '/var/www/vhosts/saratogahistory.com/httpdocs/phpBB/' is executable
[Sat Aug 29 18:35:51.816384 2020] [core:crit] [pid 6888:tid 140619355772672] (13)Permission denied: [client 203.133.169.112:48108] AH00529: /var/www/vhosts/saratogahistory.com/httpdocs/phpBB/.htaccess pcfg_openfile: unable to check htaccess file, ensure it is readable and that '/var/www/vhosts/saratogahistory.com/httpdocs/phpBB/' is executable
[Sat Aug 29 18:35:56.818604 2020] [core:crit] [pid 6888:tid 140619135485696] (13)Permission denied: [client 203.133.169.112:48258] AH00529: /var/www/vhosts/saratogahistory.com/httpdocs/phpBB/.htaccess pcfg_openfile: unable to check htaccess file, ensure it is readable and that '/var/www/vhosts/saratogahistory.com/httpdocs/phpBB/' is executable
[Sat Aug 29 18:36:01.803834 2020] [core:crit] [pid 32352:tid 140619271853824] (13)Permission denied: [client 203.133.169.112:48426] AH00529: /var/www/vhosts/saratogahistory.com/httpdocs/phpBB/.htaccess pcfg_openfile: unable to check htaccess file, ensure it is readable and that '/var/www/vhosts/saratogahistory.com/httpdocs/phpBB/' is executable
[Sat Aug 29 18:36:06.913575 2020] [core:crit] [pid 32325:tid 140619187934976] (13)Permission denied: [client 203.133.169.112:48662] AH00529: /var/www/vhosts/saratogahistory.com/httpdocs/phpBB/.htaccess pcfg_openfile: unable to check htaccess file, ensure it is readable and that '/var/www/vhosts/saratogahistory.com/httpdocs/phpBB/' is executable
[Sat Aug 29 18:36:11.835649 2020] [core:crit] [pid 6888:tid 140619313813248] (13)Permission denied: [client 203.133.169.112:49132] AH00529: /var/www/vhosts/saratogahistory.com/httpdocs/phpBB/.htaccess pcfg_openfile: unable to check htaccess file, ensure it is readable and that '/var/www/vhosts/saratogahistory.com/httpdocs/phpBB/' is executable
[Sat Aug 29 18:36:16.945145 2020] [core:crit] [pid 32352:tid 140619198424832] (13)Permission denied: [client 203.133.169.112:49322] AH00529: /var/www/vhosts/saratogahistory.com/httpdocs/phpBB/.htaccess pcfg_openfile: unable to check htaccess file, ensure it is readable and that '/var/www/vhosts/saratogahistory.com/httpdocs/phpBB/' is executable
[Sat Aug 29 18:36:21.944977 2020] [core:crit] [pid 32352:tid 140619282343680] (13)Permission denied: [client 203.133.169.112:49498] AH00529: /var/www/vhosts/saratogahistory.com/httpdocs/phpBB/.htaccess pcfg_openfile: unable to check htaccess file, ensure it is readable and that '/var/www/vhosts/saratogahistory.com/httpdocs/phpBB/' is executable
[Sat Aug 29 18:36:26.950955 2020] [core:crit] [pid 6888:tid 140619271853824] (13)Permission denied: [client 203.133.169.112:49588] AH00529: /var/www/vhosts/saratogahistory.com/httpdocs/phpBB/.htaccess pcfg_openfile: unable to check htaccess file, ensure it is readable and that '/var/www/vhosts/saratogahistory.com/httpdocs/phpBB/' is executable
[Sat Aug 29 18:36:32.275582 2020] [core:crit] [pid 6888:tid 140619198424832] (13)Permission denied: [client 203.133.169.112:49730] AH00529: /var/www/vhosts/saratogahistory.com/httpdocs/phpBB/.htaccess pcfg_openfile: unable to check htaccess file, ensure it is readable and that '/var/www/vhosts/saratogahistory.com/httpdocs/phpBB/' is executable
[Sat Aug 29 18:36:37.258067 2020] [core:crit] [pid 6888:tid 140619366262528] (13)Permission denied: [client 203.133.169.112:49880] AH00529: /var/www/vhosts/saratogahistory.com/httpdocs/phpBB/.htaccess pcfg_openfile: unable to check htaccess file, ensure it is readable and that '/var/www/vhosts/saratogahistory.com/httpdocs/phpBB/' is executable
[Sat Aug 29 18:36:42.257662 2020] [core:crit] [pid 6888:tid 140619324303104] (13)Permission denied: [client 203.133.169.112:50060] AH00529: /var/www/vhosts/saratogahistory.com/httpdocs/phpBB/.htaccess pcfg_openfile: unable to check htaccess file, ensure it is readable and that '/var/www/vhosts/saratogahistory.com/httpdocs/phpBB/' is executable
[Sat Aug 29 18:36:47.277648 2020] [core:crit] [pid 6888:tid 140619345282816] (13)Permission denied: [client 203.133.169.112:50196] AH00529: /var/www/vhosts/saratogahistory.com/httpdocs/phpBB/.htaccess pcfg_openfile: unable to check htaccess file, ensure it is readable and that '/var/www/vhosts/saratogahistory.com/httpdocs/phpBB/' is executable
[Sat Aug 29 18:36:52.170594 2020] [core:crit] [pid 6888:tid 140619240384256] (13)Permission denied: [client 203.133.169.112:50366] AH00529: /var/www/vhosts/saratogahistory.com/httpdocs/phpBB/.htaccess pcfg_openfile: unable to check htaccess file, ensure it is readable and that '/var/www/vhosts/saratogahistory.com/httpdocs/phpBB/' is executable
[Sat Aug 29 18:44:59.416632 2020] [core:crit] [pid 6888:tid 140619282343680] (13)Permission denied: [client 178.214.247.81:34506] AH00529: /var/www/vhosts/saratogahistory.com/httpdocs/phpBB/.htaccess pcfg_openfile: unable to check htaccess file, ensure it is readable and that '/var/www/vhosts/saratogahistory.com/httpdocs/phpBB/' is executable, referer: http://www.saratogahistory.com/phpBB/index.php
[Sat Aug 29 19:06:51.097782 2020] [proxy_fcgi:error] [pid 6888:tid 140619219404544] [client 52.171.198.169:43884] AH01071: Got error 'Primary script unknown\n'
[Sat Aug 29 19:39:46.340762 2020] [core:crit] [pid 6888:tid 140619292833536] (13)Permission denied: [client 104.244.72.38:40994] AH00529: /var/www/vhosts/saratogahistory.com/httpdocs/phpBB/.htaccess pcfg_openfile: unable to check htaccess file, ensure it is readable and that '/var/www/vhosts/saratogahistory.com/httpdocs/phpBB/' is executable, referer: http://www.saratogahistory.com/phpBB/index.php
[Sat Aug 29 19:45:44.306987 2020] [core:crit] [pid 32325:tid 140619177445120] (13)Permission denied: [client 185.220.101.137:51450] AH00529: /var/www/vhosts/saratogahistory.com/httpdocs/phpBB/.htaccess pcfg_openfile: unable to check htaccess file, ensure it is readable and that '/var/www/vhosts/saratogahistory.com/httpdocs/phpBB/' is executable, referer: http://www.saratogahistory.com/phpBB/index.php
[Sat Aug 29 19:46:08.315136 2020] [core:crit] [pid 32352:tid 140619366262528] (13)Permission denied: [client 128.14.30.178:52018] AH00529: /var/www/vhosts/saratogahistory.com/httpdocs/phpBB/.htaccess pcfg_openfile: unable to check htaccess file, ensure it is readable and that '/var/www/vhosts/saratogahistory.com/httpdocs/phpBB/' is executable
[Sat Aug 29 19:46:08.938652 2020] [core:crit] [pid 6888:tid 140619250874112] (13)Permission denied: [client 128.14.30.178:52044] AH00529: /var/www/vhosts/saratogahistory.com/httpdocs/phpBB/.htaccess pcfg_openfile: unable to check htaccess file, ensure it is readable and that '/var/www/vhosts/saratogahistory.com/httpdocs/phpBB/' is executable, referer: http://www.saratogahistory.com/phpBB/
[Sat Aug 29 21:19:02.807978 2020] [core:crit] [pid 32352:tid 140619271853824] (13)Permission denied: [client 185.25.35.8:55738] AH00529: /var/www/vhosts/saratogahistory.com/httpdocs/phpBB/.htaccess pcfg_openfile: unable to check htaccess file, ensure it is readable and that '/var/www/vhosts/saratogahistory.com/httpdocs/phpBB/' is executable
[Sat Aug 29 21:23:06.252287 2020] [core:crit] [pid 32352:tid 140619282343680] (13)Permission denied: [client 109.195.38.201:34280] AH00529: /var/www/vhosts/saratogahistory.com/httpdocs/phpBB/.htaccess pcfg_openfile: unable to check htaccess file, ensure it is readable and that '/var/www/vhosts/saratogahistory.com/httpdocs/phpBB/' is executable, referer: http://www.saratogahistory.com/phpBB/index.php
[Sat Aug 29 21:23:07.601843 2020] [proxy_fcgi:error] [pid 32352:tid 140619124995840] [client 109.195.38.201:34344] AH01071: Got error 'Primary script unknown\n', referer: http://www.saratogahistory.com/index.php
[Sat Aug 29 21:23:07.978182 2020] [proxy_fcgi:error] [pid 6888:tid 140619187934976] [client 109.195.38.201:34374] AH01071: Got error 'Primary script unknown\n', referer: http://www.saratogahistory.com/index.php
[Sat Aug 29 21:23:08.376467 2020] [proxy_fcgi:error] [pid 32325:tid 140619187934976] [client 109.195.38.201:34398] AH01071: Got error 'Primary script unknown\n', referer: http://www.saratogahistory.com/index.php
[Sat Aug 29 21:38:31.007294 2020] [core:crit] [pid 6888:tid 140619292833536] (13)Permission denied: [client 185.220.101.18:60352] AH00529: /var/www/vhosts/saratogahistory.com/httpdocs/phpBB/.htaccess pcfg_openfile: unable to check htaccess file, ensure it is readable and that '/var/www/vhosts/saratogahistory.com/httpdocs/phpBB/' is executable, referer: http://www.saratogahistory.com/phpBB/index.php
[Sat Aug 29 21:38:36.044823 2020] [core:crit] [pid 32352:tid 140619376752384] (13)Permission denied: [client 178.214.247.81:60448] AH00529: /var/www/vhosts/saratogahistory.com/httpdocs/phpBB/.htaccess pcfg_openfile: unable to check htaccess file, ensure it is readable and that '/var/www/vhosts/saratogahistory.com/httpdocs/phpBB/' is executable, referer: http://www.saratogahistory.com/phpBB/index.php
[Sat Aug 29 22:16:14.234411 2020] [core:crit] [pid 32352:tid 140619303323392] (13)Permission denied: [client 91.76.156.63:43932] AH00529: /var/www/vhosts/saratogahistory.com/httpdocs/phpBB/.htaccess pcfg_openfile: unable to check htaccess file, ensure it is readable and that '/var/www/vhosts/saratogahistory.com/httpdocs/phpBB/' is executable, referer: http://www.saratogahistory.com/phpBB/index.php
[Sat Aug 29 22:32:19.417374 2020] [core:crit] [pid 6888:tid 140619177445120] (13)Permission denied: [client 185.25.35.11:41212] AH00529: /var/www/vhosts/saratogahistory.com/httpdocs/phpBB/.htaccess pcfg_openfile: unable to check htaccess file, ensure it is readable and that '/var/www/vhosts/saratogahistory.com/httpdocs/phpBB/' is executable
[Sat Aug 29 22:34:21.627966 2020] [core:crit] [pid 6888:tid 140619166955264] (13)Permission denied: [client 92.124.163.145:44512] AH00529: /var/www/vhosts/saratogahistory.com/httpdocs/phpBB/.htaccess pcfg_openfile: unable to check htaccess file, ensure it is readable and that '/var/www/vhosts/saratogahistory.com/httpdocs/phpBB/' is executable, referer: http://www.saratogahistory.com/phpBB/index.php
[Sat Aug 29 22:36:31.987843 2020] [core:crit] [pid 32352:tid 140619376752384] (13)Permission denied: [client 203.133.169.112:47444] AH00529: /var/www/vhosts/saratogahistory.com/httpdocs/phpBB/.htaccess pcfg_openfile: unable to check htaccess file, ensure it is readable and that '/var/www/vhosts/saratogahistory.com/httpdocs/phpBB/' is executable
[Sat Aug 29 22:36:36.885894 2020] [core:crit] [pid 6888:tid 140619271853824] (13)Permission denied: [client 203.133.169.112:47600] AH00529: /var/www/vhosts/saratogahistory.com/httpdocs/phpBB/.htaccess pcfg_openfile: unable to check htaccess file, ensure it is readable and that '/var/www/vhosts/saratogahistory.com/httpdocs/phpBB/' is executable
[Sat Aug 29 22:36:41.822727 2020] [core:crit] [pid 32352:tid 140619345282816] (13)Permission denied: [client 203.133.169.112:47728] AH00529: /var/www/vhosts/saratogahistory.com/httpdocs/phpBB/.htaccess pcfg_openfile: unable to check htaccess file, ensure it is readable and that '/var/www/vhosts/saratogahistory.com/httpdocs/phpBB/' is executable
[Sat Aug 29 22:36:46.822546 2020] [core:crit] [pid 32352:tid 140619187934976] (13)Permission denied: [client 203.133.169.112:47838] AH00529: /var/www/vhosts/saratogahistory.com/httpdocs/phpBB/.htaccess pcfg_openfile: unable to check htaccess file, ensure it is readable and that '/var/www/vhosts/saratogahistory.com/httpdocs/phpBB/' is executable
[Sat Aug 29 22:36:51.721015 2020] [core:crit] [pid 6888:tid 140619198424832] (13)Permission denied: [client 203.133.169.112:47950] AH00529: /var/www/vhosts/saratogahistory.com/httpdocs/phpBB/.htaccess pcfg_openfile: unable to check htaccess file, ensure it is readable and that '/var/www/vhosts/saratogahistory.com/httpdocs/phpBB/' is executable
[Sat Aug 29 22:36:56.729173 2020] [core:crit] [pid 6888:tid 140619366262528] (13)Permission denied: [client 203.133.169.112:48114] AH00529: /var/www/vhosts/saratogahistory.com/httpdocs/phpBB/.htaccess pcfg_openfile: unable to check htaccess file, ensure it is readable and that '/var/www/vhosts/saratogahistory.com/httpdocs/phpBB/' is executable
[Sat Aug 29 22:37:01.725307 2020] [core:crit] [pid 6888:tid 140619324303104] (13)Permission denied: [client 203.133.169.112:48298] AH00529: /var/www/vhosts/saratogahistory.com/httpdocs/phpBB/.htaccess pcfg_openfile: unable to check htaccess file, ensure it is readable and that '/var/www/vhosts/saratogahistory.com/httpdocs/phpBB/' is executable
[Sat Aug 29 22:37:06.724704 2020] [core:crit] [pid 32352:tid 140619145975552] (13)Permission denied: [client 203.133.169.112:48466] AH00529: /var/www/vhosts/saratogahistory.com/httpdocs/phpBB/.htaccess pcfg_openfile: unable to check htaccess file, ensure it is readable and that '/var/www/vhosts/saratogahistory.com/httpdocs/phpBB/' is executable
[Sat Aug 29 22:37:22.239471 2020] [core:crit] [pid 32325:tid 140619313813248] (13)Permission denied: [client 203.133.169.112:48992] AH00529: /var/www/vhosts/saratogahistory.com/httpdocs/phpBB/.htaccess pcfg_openfile: unable to check htaccess file, ensure it is readable and that '/var/www/vhosts/saratogahistory.com/httpdocs/phpBB/' is executable
[Sat Aug 29 22:37:27.277785 2020] [core:crit] [pid 6888:tid 140619229894400] (13)Permission denied: [client 203.133.169.112:49182] AH00529: /var/www/vhosts/saratogahistory.com/httpdocs/phpBB/.htaccess pcfg_openfile: unable to check htaccess file, ensure it is readable and that '/var/www/vhosts/saratogahistory.com/httpdocs/phpBB/' is executable
[Sat Aug 29 22:37:32.528524 2020] [core:crit] [pid 6888:tid 140619261363968] (13)Permission denied: [client 203.133.169.112:49340] AH00529: /var/www/vhosts/saratogahistory.com/httpdocs/phpBB/.htaccess pcfg_openfile: unable to check htaccess file, ensure it is readable and that '/var/www/vhosts/saratogahistory.com/httpdocs/phpBB/' is executable
[Sat Aug 29 22:37:37.518570 2020] [core:crit] [pid 6888:tid 140619208914688] (13)Permission denied: [client 203.133.169.112:49502] AH00529: /var/www/vhosts/saratogahistory.com/httpdocs/phpBB/.htaccess pcfg_openfile: unable to check htaccess file, ensure it is readable and that '/var/www/vhosts/saratogahistory.com/httpdocs/phpBB/' is executable
[Sat Aug 29 22:37:42.510579 2020] [core:crit] [pid 6888:tid 140619156465408] (13)Permission denied: [client 203.133.169.112:49688] AH00529: /var/www/vhosts/saratogahistory.com/httpdocs/phpBB/.htaccess pcfg_openfile: unable to check htaccess file, ensure it is readable and that '/var/www/vhosts/saratogahistory.com/httpdocs/phpBB/' is executable
[Sat Aug 29 22:37:47.393169 2020] [core:crit] [pid 6888:tid 140619219404544] (13)Permission denied: [client 203.133.169.112:49862] AH00529: /var/www/vhosts/saratogahistory.com/httpdocs/phpBB/.htaccess pcfg_openfile: unable to check htaccess file, ensure it is readable and that '/var/www/vhosts/saratogahistory.com/httpdocs/phpBB/' is executable
[Sat Aug 29 22:37:52.292550 2020] [core:crit] [pid 6888:tid 140619124995840] (13)Permission denied: [client 203.133.169.112:50030] AH00529: /var/www/vhosts/saratogahistory.com/httpdocs/phpBB/.htaccess pcfg_openfile: unable to check htaccess file, ensure it is readable and that '/var/www/vhosts/saratogahistory.com/httpdocs/phpBB/' is executable
[Sat Aug 29 22:37:57.522923 2020] [core:crit] [pid 32352:tid 140619177445120] (13)Permission denied: [client 203.133.169.112:50206] AH00529: /var/www/vhosts/saratogahistory.com/httpdocs/phpBB/.htaccess pcfg_openfile: unable to check htaccess file, ensure it is readable and that '/var/www/vhosts/saratogahistory.com/httpdocs/phpBB/' is executable
[Sat Aug 29 22:38:02.393952 2020] [core:crit] [pid 6888:tid 140619145975552] (13)Permission denied: [client 203.133.169.112:50390] AH00529: /var/www/vhosts/saratogahistory.com/httpdocs/phpBB/.htaccess pcfg_openfile: unable to check htaccess file, ensure it is readable and that '/var/www/vhosts/saratogahistory.com/httpdocs/phpBB/' is executable
[Sat Aug 29 22:38:07.519658 2020] [core:crit] [pid 6888:tid 140619177445120] (13)Permission denied: [client 203.133.169.112:50558] AH00529: /var/www/vhosts/saratogahistory.com/httpdocs/phpBB/.htaccess pcfg_openfile: unable to check htaccess file, ensure it is readable and that '/var/www/vhosts/saratogahistory.com/httpdocs/phpBB/' is executable
[Sat Aug 29 22:38:12.599561 2020] [core:crit] [pid 6888:tid 140619355772672] (13)Permission denied: [client 203.133.169.112:50718] AH00529: /var/www/vhosts/saratogahistory.com/httpdocs/phpBB/.htaccess pcfg_openfile: unable to check htaccess file, ensure it is readable and that '/var/www/vhosts/saratogahistory.com/httpdocs/phpBB/' is executable
[Sat Aug 29 22:38:17.502126 2020] [core:crit] [pid 6888:tid 140619135485696] (13)Permission denied: [client 203.133.169.112:50908] AH00529: /var/www/vhosts/saratogahistory.com/httpdocs/phpBB/.htaccess pcfg_openfile: unable to check htaccess file, ensure it is readable and that '/var/www/vhosts/saratogahistory.com/httpdocs/phpBB/' is executable
[Sat Aug 29 22:38:22.500654 2020] [core:crit] [pid 6888:tid 140619166955264] (13)Permission denied: [client 203.133.169.112:51140] AH00529: /var/www/vhosts/saratogahistory.com/httpdocs/phpBB/.htaccess pcfg_openfile: unable to check htaccess file, ensure it is readable and that '/var/www/vhosts/saratogahistory.com/httpdocs/phpBB/' is executable
[Sat Aug 29 22:38:27.481879 2020] [core:crit] [pid 6888:tid 140619376752384] (13)Permission denied: [client 203.133.169.112:51348] AH00529: /var/www/vhosts/saratogahistory.com/httpdocs/phpBB/.htaccess pcfg_openfile: unable to check htaccess file, ensure it is readable and that '/var/www/vhosts/saratogahistory.com/httpdocs/phpBB/' is executable
[Sat Aug 29 22:38:32.353354 2020] [core:crit] [pid 32325:tid 140619145975552] (13)Permission denied: [client 203.133.169.112:51480] AH00529: /var/www/vhosts/saratogahistory.com/httpdocs/phpBB/.htaccess pcfg_openfile: unable to check htaccess file, ensure it is readable and that '/var/www/vhosts/saratogahistory.com/httpdocs/phpBB/' is executable
[Sat Aug 29 22:38:37.362213 2020] [core:crit] [pid 32325:tid 140619135485696] (13)Permission denied: [client 203.133.169.112:51638] AH00529: /var/www/vhosts/saratogahistory.com/httpdocs/phpBB/.htaccess pcfg_openfile: unable to check htaccess file, ensure it is readable and that '/var/www/vhosts/saratogahistory.com/httpdocs/phpBB/' is executable
[Sat Aug 29 22:38:42.564312 2020] [core:crit] [pid 6888:tid 140619292833536] (13)Permission denied: [client 203.133.169.112:51824] AH00529: /var/www/vhosts/saratogahistory.com/httpdocs/phpBB/.htaccess pcfg_openfile: unable to check htaccess file, ensure it is readable and that '/var/www/vhosts/saratogahistory.com/httpdocs/phpBB/' is executable
[Sat Aug 29 22:38:47.562071 2020] [core:crit] [pid 32352:tid 140619135485696] (13)Permission denied: [client 203.133.169.112:51948] AH00529: /var/www/vhosts/saratogahistory.com/httpdocs/phpBB/.htaccess pcfg_openfile: unable to check htaccess file, ensure it is readable and that '/var/www/vhosts/saratogahistory.com/httpdocs/phpBB/' is executable
[Sat Aug 29 22:38:52.551431 2020] [core:crit] [pid 32352:tid 140619166955264] (13)Permission denied: [client 203.133.169.112:52080] AH00529: /var/www/vhosts/saratogahistory.com/httpdocs/phpBB/.htaccess pcfg_openfile: unable to check htaccess file, ensure it is readable and that '/var/www/vhosts/saratogahistory.com/httpdocs/phpBB/' is executable
[Sat Aug 29 22:38:57.462233 2020] [core:crit] [pid 6888:tid 140619334792960] (13)Permission denied: [client 203.133.169.112:52186] AH00529: /var/www/vhosts/saratogahistory.com/httpdocs/phpBB/.htaccess pcfg_openfile: unable to check htaccess file, ensure it is readable and that '/var/www/vhosts/saratogahistory.com/httpdocs/phpBB/' is executable
[Sat Aug 29 22:39:02.451298 2020] [core:crit] [pid 6888:tid 140619313813248] (13)Permission denied: [client 203.133.169.112:52312] AH00529: /var/www/vhosts/saratogahistory.com/httpdocs/phpBB/.htaccess pcfg_openfile: unable to check htaccess file, ensure it is readable and that '/var/www/vhosts/saratogahistory.com/httpdocs/phpBB/' is executable
[Sat Aug 29 22:39:07.345980 2020] [core:crit] [pid 6888:tid 140619303323392] (13)Permission denied: [client 203.133.169.112:52424] AH00529: /var/www/vhosts/saratogahistory.com/httpdocs/phpBB/.htaccess pcfg_openfile: unable to check htaccess file, ensure it is readable and that '/var/www/vhosts/saratogahistory.com/httpdocs/phpBB/' is executable
[Sat Aug 29 22:39:12.286745 2020] [core:crit] [pid 6888:tid 140619271853824] (13)Permission denied: [client 203.133.169.112:52554] AH00529: /var/www/vhosts/saratogahistory.com/httpdocs/phpBB/.htaccess pcfg_openfile: unable to check htaccess file, ensure it is readable and that '/var/www/vhosts/saratogahistory.com/httpdocs/phpBB/' is executable
[Sat Aug 29 22:39:28.792758 2020] [core:crit] [pid 32352:tid 140619156465408] (13)Permission denied: [client 203.133.169.112:52942] AH00529: /var/www/vhosts/saratogahistory.com/httpdocs/phpBB/.htaccess pcfg_openfile: unable to check htaccess file, ensure it is readable and that '/var/www/vhosts/saratogahistory.com/httpdocs/phpBB/' is executable
[Sat Aug 29 22:39:33.844712 2020] [core:crit] [pid 6888:tid 140619198424832] (13)Permission denied: [client 203.133.169.112:53040] AH00529: /var/www/vhosts/saratogahistory.com/httpdocs/phpBB/.htaccess pcfg_openfile: unable to check htaccess file, ensure it is readable and that '/var/www/vhosts/saratogahistory.com/httpdocs/phpBB/' is executable
[Sat Aug 29 22:39:38.875134 2020] [core:crit] [pid 32352:tid 140619271853824] (13)Permission denied: [client 203.133.169.112:53102] AH00529: /var/www/vhosts/saratogahistory.com/httpdocs/phpBB/.htaccess pcfg_openfile: unable to check htaccess file, ensure it is readable and that '/var/www/vhosts/saratogahistory.com/httpdocs/phpBB/' is executable
[Sat Aug 29 22:39:43.861902 2020] [core:crit] [pid 6888:tid 140619366262528] (13)Permission denied: [client 203.133.169.112:53200] AH00529: /var/www/vhosts/saratogahistory.com/httpdocs/phpBB/.htaccess pcfg_openfile: unable to check htaccess file, ensure it is readable and that '/var/www/vhosts/saratogahistory.com/httpdocs/phpBB/' is executable
[Sat Aug 29 22:39:48.847999 2020] [core:crit] [pid 32352:tid 140619198424832] (13)Permission denied: [client 203.133.169.112:53312] AH00529: /var/www/vhosts/saratogahistory.com/httpdocs/phpBB/.htaccess pcfg_openfile: unable to check htaccess file, ensure it is readable and that '/var/www/vhosts/saratogahistory.com/httpdocs/phpBB/' is executable
[Sat Aug 29 22:39:53.736761 2020] [core:crit] [pid 32352:tid 140619282343680] (13)Permission denied: [client 203.133.169.112:53444] AH00529: /var/www/vhosts/saratogahistory.com/httpdocs/phpBB/.htaccess pcfg_openfile: unable to check htaccess file, ensure it is readable and that '/var/www/vhosts/saratogahistory.com/httpdocs/phpBB/' is executable
[Sat Aug 29 22:39:58.607865 2020] [core:crit] [pid 32352:tid 140619292833536] (13)Permission denied: [client 203.133.169.112:53540] AH00529: /var/www/vhosts/saratogahistory.com/httpdocs/phpBB/.htaccess pcfg_openfile: unable to check htaccess file, ensure it is readable and that '/var/www/vhosts/saratogahistory.com/httpdocs/phpBB/' is executable
[Sat Aug 29 22:40:03.494636 2020] [core:crit] [pid 6888:tid 140619324303104] (13)Permission denied: [client 203.133.169.112:53842] AH00529: /var/www/vhosts/saratogahistory.com/httpdocs/phpBB/.htaccess pcfg_openfile: unable to check htaccess file, ensure it is readable and that '/var/www/vhosts/saratogahistory.com/httpdocs/phpBB/' is executable
[Sat Aug 29 22:40:08.498655 2020] [core:crit] [pid 6888:tid 140619250874112] (13)Permission denied: [client 203.133.169.112:53934] AH00529: /var/www/vhosts/saratogahistory.com/httpdocs/phpBB/.htaccess pcfg_openfile: unable to check htaccess file, ensure it is readable and that '/var/www/vhosts/saratogahistory.com/httpdocs/phpBB/' is executable
[Sat Aug 29 22:40:13.375799 2020] [core:crit] [pid 6888:tid 140619345282816] (13)Permission denied: [client 203.133.169.112:54024] AH00529: /var/www/vhosts/saratogahistory.com/httpdocs/phpBB/.htaccess pcfg_openfile: unable to check htaccess file, ensure it is readable and that '/var/www/vhosts/saratogahistory.com/httpdocs/phpBB/' is executable
[Sat Aug 29 22:40:18.399777 2020] [core:crit] [pid 6888:tid 140619282343680] (13)Permission denied: [client 203.133.169.112:54132] AH00529: /var/www/vhosts/saratogahistory.com/httpdocs/phpBB/.htaccess pcfg_openfile: unable to check htaccess file, ensure it is readable and that '/var/www/vhosts/saratogahistory.com/httpdocs/phpBB/' is executable
[Sat Aug 29 22:40:23.303903 2020] [core:crit] [pid 6888:tid 140619240384256] (13)Permission denied: [client 203.133.169.112:54234] AH00529: /var/www/vhosts/saratogahistory.com/httpdocs/phpBB/.htaccess pcfg_openfile: unable to check htaccess file, ensure it is readable and that '/var/www/vhosts/saratogahistory.com/httpdocs/phpBB/' is executable
[Sat Aug 29 22:40:28.422241 2020] [core:crit] [pid 6888:tid 140619187934976] (13)Permission denied: [client 203.133.169.112:54304] AH00529: /var/www/vhosts/saratogahistory.com/httpdocs/phpBB/.htaccess pcfg_openfile: unable to check htaccess file, ensure it is readable and that '/var/www/vhosts/saratogahistory.com/httpdocs/phpBB/' is executable
[Sat Aug 29 22:40:33.416623 2020] [core:crit] [pid 6888:tid 140619229894400] (13)Permission denied: [client 203.133.169.112:54372] AH00529: /var/www/vhosts/saratogahistory.com/httpdocs/phpBB/.htaccess pcfg_openfile: unable to check htaccess file, ensure it is readable and that '/var/www/vhosts/saratogahistory.com/httpdocs/phpBB/' is executable
[Sat Aug 29 22:40:38.298454 2020] [core:crit] [pid 6888:tid 140619261363968] (13)Permission denied: [client 203.133.169.112:54492] AH00529: /var/www/vhosts/saratogahistory.com/httpdocs/phpBB/.htaccess pcfg_openfile: unable to check htaccess file, ensure it is readable and that '/var/www/vhosts/saratogahistory.com/httpdocs/phpBB/' is executable
[Sat Aug 29 22:42:03.306987 2020] [core:crit] [pid 32352:tid 140619313813248] (13)Permission denied: [client 128.14.30.178:56844] AH00529: /var/www/vhosts/saratogahistory.com/httpdocs/phpBB/.htaccess pcfg_openfile: unable to check htaccess file, ensure it is readable and that '/var/www/vhosts/saratogahistory.com/httpdocs/phpBB/' is executable
[Sat Aug 29 22:42:04.091379 2020] [core:crit] [pid 6888:tid 140619208914688] (13)Permission denied: [client 128.14.30.178:56864] AH00529: /var/www/vhosts/saratogahistory.com/httpdocs/phpBB/.htaccess pcfg_openfile: unable to check htaccess file, ensure it is readable and that '/var/www/vhosts/saratogahistory.com/httpdocs/phpBB/' is executable, referer: http://www.saratogahistory.com/phpBB/
[Sat Aug 29 23:08:41.406749 2020] [core:crit] [pid 6888:tid 140619229894400] (13)Permission denied: [client 185.25.35.8:42890] AH00529: /var/www/vhosts/saratogahistory.com/httpdocs/phpBB/.htaccess pcfg_openfile: unable to check htaccess file, ensure it is readable and that '/var/www/vhosts/saratogahistory.com/httpdocs/phpBB/' is executable
[Sat Aug 29 23:20:03.059623 2020] [core:crit] [pid 32325:tid 140619292833536] (13)Permission denied: [client 185.25.35.15:33864] AH00529: /var/www/vhosts/saratogahistory.com/httpdocs/phpBB/.htaccess pcfg_openfile: unable to check htaccess file, ensure it is readable and that '/var/www/vhosts/saratogahistory.com/httpdocs/phpBB/' is executable
[Sat Aug 29 23:25:50.682083 2020] [core:crit] [pid 32352:tid 140619313813248] (13)Permission denied: [client 185.220.102.250:43568] AH00529: /var/www/vhosts/saratogahistory.com/httpdocs/phpBB/.htaccess pcfg_openfile: unable to check htaccess file, ensure it is readable and that '/var/www/vhosts/saratogahistory.com/httpdocs/phpBB/' is executable, referer: http://www.saratogahistory.com/phpBB/index.php
[Sat Aug 29 23:25:50.858821 2020] [core:crit] [pid 32352:tid 140619324303104] (13)Permission denied: [client 178.42.181.188:43576] AH00529: /var/www/vhosts/saratogahistory.com/httpdocs/phpBB/.htaccess pcfg_openfile: unable to check htaccess file, ensure it is readable and that '/var/www/vhosts/saratogahistory.com/httpdocs/phpBB/' is executable, referer: http://www.saratogahistory.com/phpBB/profile.php?mode=register&sid=2d0c2b64f3927ebcd577c14b13c082eb
[Sat Aug 29 23:27:46.945085 2020] [core:crit] [pid 32352:tid 140619355772672] (13)Permission denied: [client 104.244.74.169:46754] AH00529: /var/www/vhosts/saratogahistory.com/httpdocs/phpBB/.htaccess pcfg_openfile: unable to check htaccess file, ensure it is readable and that '/var/www/vhosts/saratogahistory.com/httpdocs/phpBB/' is executable, referer: http://www.saratogahistory.com/phpBB/index.php
[Sat Aug 29 23:38:12.533545 2020] [core:crit] [pid 6888:tid 140619177445120] (13)Permission denied: [client 185.130.44.108:43524] AH00529: /var/www/vhosts/saratogahistory.com/httpdocs/phpBB/.htaccess pcfg_openfile: unable to check htaccess file, ensure it is readable and that '/var/www/vhosts/saratogahistory.com/httpdocs/phpBB/' is executable, referer: http://www.saratogahistory.com/phpBB/index.php
[Sat Aug 29 23:45:31.896730 2020] [core:crit] [pid 6888:tid 140619366262528] (13)Permission denied: [client 94.230.208.147:34348] AH00529: /var/www/vhosts/saratogahistory.com/httpdocs/phpBB/.htaccess pcfg_openfile: unable to check htaccess file, ensure it is readable and that '/var/www/vhosts/saratogahistory.com/httpdocs/phpBB/' is executable, referer: http://www.saratogahistory.com/phpBB/index.php
[Sat Aug 29 23:50:51.333929 2020] [core:crit] [pid 6888:tid 140619250874112] (13)Permission denied: [client 40.77.167.77:46732] AH00529: /var/www/vhosts/saratogahistory.com/httpdocs/phpBB/.htaccess pcfg_openfile: unable to check htaccess file, ensure it is readable and that '/var/www/vhosts/saratogahistory.com/httpdocs/phpBB/' is executable
[Sun Aug 30 01:02:54.630067 2020] [core:crit] [pid 32352:tid 140619145975552] (13)Permission denied: [client 128.14.30.178:41864] AH00529: /var/www/vhosts/saratogahistory.com/httpdocs/phpBB/.htaccess pcfg_openfile: unable to check htaccess file, ensure it is readable and that '/var/www/vhosts/saratogahistory.com/httpdocs/phpBB/' is executable
[Sun Aug 30 01:02:55.348476 2020] [core:crit] [pid 32325:tid 140619334792960] (13)Permission denied: [client 128.14.30.178:41902] AH00529: /var/www/vhosts/saratogahistory.com/httpdocs/phpBB/.htaccess pcfg_openfile: unable to check htaccess file, ensure it is readable and that '/var/www/vhosts/saratogahistory.com/httpdocs/phpBB/' is executable, referer: http://www.saratogahistory.com/phpBB/
[Sun Aug 30 01:39:03.872278 2020] [core:crit] [pid 6888:tid 140619187934976] (13)Permission denied: [client 77.247.181.162:49054] AH00529: /var/www/vhosts/saratogahistory.com/httpdocs/phpBB/.htaccess pcfg_openfile: unable to check htaccess file, ensure it is readable and that '/var/www/vhosts/saratogahistory.com/httpdocs/phpBB/' is executable, referer: http://www.saratogahistory.com/phpBB/index.php
[Sun Aug 30 02:24:55.735928 2020] [core:crit] [pid 6888:tid 140619313813248] (13)Permission denied: [client 203.133.169.112:57062] AH00529: /var/www/vhosts/saratogahistory.com/httpdocs/phpBB/.htaccess pcfg_openfile: unable to check htaccess file, ensure it is readable and that '/var/www/vhosts/saratogahistory.com/httpdocs/phpBB/' is executable
[Sun Aug 30 02:25:00.722453 2020] [core:crit] [pid 6888:tid 140619303323392] (13)Permission denied: [client 203.133.169.112:57200] AH00529: /var/www/vhosts/saratogahistory.com/httpdocs/phpBB/.htaccess pcfg_openfile: unable to check htaccess file, ensure it is readable and that '/var/www/vhosts/saratogahistory.com/httpdocs/phpBB/' is executable
[Sun Aug 30 02:25:05.742624 2020] [core:crit] [pid 6888:tid 140619271853824] (13)Permission denied: [client 203.133.169.112:57488] AH00529: /var/www/vhosts/saratogahistory.com/httpdocs/phpBB/.htaccess pcfg_openfile: unable to check htaccess file, ensure it is readable and that '/var/www/vhosts/saratogahistory.com/httpdocs/phpBB/' is executable
[Sun Aug 30 02:25:10.643922 2020] [core:crit] [pid 32352:tid 140619345282816] (13)Permission denied: [client 203.133.169.112:57708] AH00529: /var/www/vhosts/saratogahistory.com/httpdocs/phpBB/.htaccess pcfg_openfile: unable to check htaccess file, ensure it is readable and that '/var/www/vhosts/saratogahistory.com/httpdocs/phpBB/' is executable
[Sun Aug 30 02:25:15.647828 2020] [core:crit] [pid 6888:tid 140619198424832] (13)Permission denied: [client 203.133.169.112:57946] AH00529: /var/www/vhosts/saratogahistory.com/httpdocs/phpBB/.htaccess pcfg_openfile: unable to check htaccess file, ensure it is readable and that '/var/www/vhosts/saratogahistory.com/httpdocs/phpBB/' is executable
[Sun Aug 30 02:25:20.537697 2020] [core:crit] [pid 32352:tid 140619187934976] (13)Permission denied: [client 203.133.169.112:58124] AH00529: /var/www/vhosts/saratogahistory.com/httpdocs/phpBB/.htaccess pcfg_openfile: unable to check htaccess file, ensure it is readable and that '/var/www/vhosts/saratogahistory.com/httpdocs/phpBB/' is executable
[Sun Aug 30 02:25:25.679283 2020] [core:crit] [pid 6888:tid 140619366262528] (13)Permission denied: [client 203.133.169.112:58308] AH00529: /var/www/vhosts/saratogahistory.com/httpdocs/phpBB/.htaccess pcfg_openfile: unable to check htaccess file, ensure it is readable and that '/var/www/vhosts/saratogahistory.com/httpdocs/phpBB/' is executable
[Sun Aug 30 02:25:30.563019 2020] [core:crit] [pid 32352:tid 140619219404544] (13)Permission denied: [client 203.133.169.112:58514] AH00529: /var/www/vhosts/saratogahistory.com/httpdocs/phpBB/.htaccess pcfg_openfile: unable to check htaccess file, ensure it is readable and that '/var/www/vhosts/saratogahistory.com/httpdocs/phpBB/' is executable
[Sun Aug 30 02:25:35.449328 2020] [core:crit] [pid 32325:tid 140619135485696] (13)Permission denied: [client 203.133.169.112:58666] AH00529: /var/www/vhosts/saratogahistory.com/httpdocs/phpBB/.htaccess pcfg_openfile: unable to check htaccess file, ensure it is readable and that '/var/www/vhosts/saratogahistory.com/httpdocs/phpBB/' is executable
[Sun Aug 30 02:25:40.530963 2020] [core:crit] [pid 6888:tid 140619345282816] (13)Permission denied: [client 203.133.169.112:58882] AH00529: /var/www/vhosts/saratogahistory.com/httpdocs/phpBB/.htaccess pcfg_openfile: unable to check htaccess file, ensure it is readable and that '/var/www/vhosts/saratogahistory.com/httpdocs/phpBB/' is executable
[Sun Aug 30 02:25:45.978522 2020] [core:crit] [pid 6888:tid 140619324303104] (13)Permission denied: [client 203.133.169.112:59104] AH00529: /var/www/vhosts/saratogahistory.com/httpdocs/phpBB/.htaccess pcfg_openfile: unable to check htaccess file, ensure it is readable and that '/var/www/vhosts/saratogahistory.com/httpdocs/phpBB/' is executable
[Sun Aug 30 02:25:50.862539 2020] [core:crit] [pid 6888:tid 140619282343680] (13)Permission denied: [client 203.133.169.112:59322] AH00529: /var/www/vhosts/saratogahistory.com/httpdocs/phpBB/.htaccess pcfg_openfile: unable to check htaccess file, ensure it is readable and that '/var/www/vhosts/saratogahistory.com/httpdocs/phpBB/' is executable
[Sun Aug 30 02:25:56.045870 2020] [core:crit] [pid 6888:tid 140619240384256] (13)Permission denied: [client 203.133.169.112:59530] AH00529: /var/www/vhosts/saratogahistory.com/httpdocs/phpBB/.htaccess pcfg_openfile: unable to check htaccess file, ensure it is readable and that '/var/www/vhosts/saratogahistory.com/httpdocs/phpBB/' is executable
[Sun Aug 30 02:26:00.996868 2020] [core:crit] [pid 6888:tid 140619187934976] (13)Permission denied: [client 203.133.169.112:59642] AH00529: /var/www/vhosts/saratogahistory.com/httpdocs/phpBB/.htaccess pcfg_openfile: unable to check htaccess file, ensure it is readable and that '/var/www/vhosts/saratogahistory.com/httpdocs/phpBB/' is executable
[Sun Aug 30 02:26:05.877165 2020] [core:crit] [pid 32352:tid 140619145975552] (13)Permission denied: [client 203.133.169.112:59896] AH00529: /var/www/vhosts/saratogahistory.com/httpdocs/phpBB/.htaccess pcfg_openfile: unable to check htaccess file, ensure it is readable and that '/var/www/vhosts/saratogahistory.com/httpdocs/phpBB/' is executable
[Sun Aug 30 02:26:10.770721 2020] [core:crit] [pid 32352:tid 140619177445120] (13)Permission denied: [client 203.133.169.112:60126] AH00529: /var/www/vhosts/saratogahistory.com/httpdocs/phpBB/.htaccess pcfg_openfile: unable to check htaccess file, ensure it is readable and that '/var/www/vhosts/saratogahistory.com/httpdocs/phpBB/' is executable
[Sun Aug 30 02:26:15.650635 2020] [core:crit] [pid 32352:tid 140619135485696] (13)Permission denied: [client 203.133.169.112:60326] AH00529: /var/www/vhosts/saratogahistory.com/httpdocs/phpBB/.htaccess pcfg_openfile: unable to check htaccess file, ensure it is readable and that '/var/www/vhosts/saratogahistory.com/httpdocs/phpBB/' is executable
[Sun Aug 30 02:26:20.593489 2020] [core:crit] [pid 32325:tid 140619324303104] (13)Permission denied: [client 203.133.169.112:60546] AH00529: /var/www/vhosts/saratogahistory.com/httpdocs/phpBB/.htaccess pcfg_openfile: unable to check htaccess file, ensure it is readable and that '/var/www/vhosts/saratogahistory.com/httpdocs/phpBB/' is executable
[Sun Aug 30 02:34:37.812718 2020] [core:crit] [pid 6888:tid 140619376752384] (13)Permission denied: [client 185.206.224.212:54878] AH00529: /var/www/vhosts/saratogahistory.com/httpdocs/phpBB/.htaccess pcfg_openfile: unable to check htaccess file, ensure it is readable and that '/var/www/vhosts/saratogahistory.com/httpdocs/phpBB/' is executable, referer: http://www.saratogahistory.com/phpBB/
[Sun Aug 30 02:58:14.825438 2020] [core:crit] [pid 6888:tid 140619303323392] (13)Permission denied: [client 24.249.199.4:60888] AH00529: /var/www/vhosts/saratogahistory.com/httpdocs/phpBB/.htaccess pcfg_openfile: unable to check htaccess file, ensure it is readable and that '/var/www/vhosts/saratogahistory.com/httpdocs/phpBB/' is executable, referer: http://www.saratogahistory.com/phpBB/index.php
[Sun Aug 30 02:59:39.867714 2020] [proxy_fcgi:error] [pid 6888:tid 140619145975552] [client 24.249.199.4:36438] AH01071: Got error 'Primary script unknown\n', referer: http://www.saratogahistory.com/index.php
[Sun Aug 30 02:59:45.058992 2020] [proxy_fcgi:error] [pid 6888:tid 140619124995840] [client 24.249.199.4:36616] AH01071: Got error 'Primary script unknown\n', referer: http://www.saratogahistory.com/index.php
[Sun Aug 30 02:59:50.080400 2020] [proxy_fcgi:error] [pid 6888:tid 140619177445120] [client 24.249.199.4:36860] AH01071: Got error 'Primary script unknown\n', referer: http://www.saratogahistory.com/index.php
[Sun Aug 30 03:00:59.978655 2020] [core:crit] [pid 32325:tid 140619261363968] (13)Permission denied: [client 109.70.100.32:39666] AH00529: /var/www/vhosts/saratogahistory.com/httpdocs/phpBB/.htaccess pcfg_openfile: unable to check htaccess file, ensure it is readable and that '/var/www/vhosts/saratogahistory.com/httpdocs/phpBB/' is executable, referer: http://www.saratogahistory.com/phpBB/index.php
[Sun Aug 30 03:19:25.586317 2020] [core:crit] [pid 6888:tid 140619145975552] (13)Permission denied: [client 185.25.35.13:60324] AH00529: /var/www/vhosts/saratogahistory.com/httpdocs/phpBB/.htaccess pcfg_openfile: unable to check htaccess file, ensure it is readable and that '/var/www/vhosts/saratogahistory.com/httpdocs/phpBB/' is executable
[Sun Aug 30 03:23:31.498208 2020] [core:crit] [pid 6888:tid 140619135485696] (13)Permission denied: [client 128.14.30.178:42720] AH00529: /var/www/vhosts/saratogahistory.com/httpdocs/phpBB/.htaccess pcfg_openfile: unable to check htaccess file, ensure it is readable and that '/var/www/vhosts/saratogahistory.com/httpdocs/phpBB/' is executable
[Sun Aug 30 03:23:32.134983 2020] [core:crit] [pid 6888:tid 140619166955264] (13)Permission denied: [client 128.14.30.178:42740] AH00529: /var/www/vhosts/saratogahistory.com/httpdocs/phpBB/.htaccess pcfg_openfile: unable to check htaccess file, ensure it is readable and that '/var/www/vhosts/saratogahistory.com/httpdocs/phpBB/' is executable, referer: http://www.saratogahistory.com/phpBB/
[Sun Aug 30 03:38:32.290403 2020] [core:crit] [pid 6888:tid 140619366262528] (13)Permission denied: [client 195.206.105.217:51170] AH00529: /var/www/vhosts/saratogahistory.com/httpdocs/phpBB/.htaccess pcfg_openfile: unable to check htaccess file, ensure it is readable and that '/var/www/vhosts/saratogahistory.com/httpdocs/phpBB/' is executable, referer: http://www.saratogahistory.com/phpBB/index.php
[Sun Aug 30 04:35:30.268930 2020] [core:crit] [pid 32352:tid 140619219404544] (13)Permission denied: [client 185.25.35.15:43056] AH00529: /var/www/vhosts/saratogahistory.com/httpdocs/phpBB/.htaccess pcfg_openfile: unable to check htaccess file, ensure it is readable and that '/var/www/vhosts/saratogahistory.com/httpdocs/phpBB/' is executable
[Sun Aug 30 04:45:14.185072 2020] [core:crit] [pid 6888:tid 140619135485696] (13)Permission denied: [client 203.133.169.112:38698] AH00529: /var/www/vhosts/saratogahistory.com/httpdocs/phpBB/.htaccess pcfg_openfile: unable to check htaccess file, ensure it is readable and that '/var/www/vhosts/saratogahistory.com/httpdocs/phpBB/' is executable
[Sun Aug 30 04:45:19.298544 2020] [core:crit] [pid 6888:tid 140619166955264] (13)Permission denied: [client 203.133.169.112:38894] AH00529: /var/www/vhosts/saratogahistory.com/httpdocs/phpBB/.htaccess pcfg_openfile: unable to check htaccess file, ensure it is readable and that '/var/www/vhosts/saratogahistory.com/httpdocs/phpBB/' is executable
[Sun Aug 30 04:45:24.233934 2020] [core:crit] [pid 6888:tid 140619376752384] (13)Permission denied: [client 203.133.169.112:39104] AH00529: /var/www/vhosts/saratogahistory.com/httpdocs/phpBB/.htaccess pcfg_openfile: unable to check htaccess file, ensure it is readable and that '/var/www/vhosts/saratogahistory.com/httpdocs/phpBB/' is executable
[Sun Aug 30 04:45:29.234301 2020] [core:crit] [pid 6888:tid 140619292833536] (13)Permission denied: [client 203.133.169.112:39328] AH00529: /var/www/vhosts/saratogahistory.com/httpdocs/phpBB/.htaccess pcfg_openfile: unable to check htaccess file, ensure it is readable and that '/var/www/vhosts/saratogahistory.com/httpdocs/phpBB/' is executable
[Sun Aug 30 04:45:34.153774 2020] [core:crit] [pid 6888:tid 140619313813248] (13)Permission denied: [client 203.133.169.112:39484] AH00529: /var/www/vhosts/saratogahistory.com/httpdocs/phpBB/.htaccess pcfg_openfile: unable to check htaccess file, ensure it is readable and that '/var/www/vhosts/saratogahistory.com/httpdocs/phpBB/' is executable
[Sun Aug 30 04:45:39.183131 2020] [core:crit] [pid 32352:tid 140619135485696] (13)Permission denied: [client 203.133.169.112:39666] AH00529: /var/www/vhosts/saratogahistory.com/httpdocs/phpBB/.htaccess pcfg_openfile: unable to check htaccess file, ensure it is readable and that '/var/www/vhosts/saratogahistory.com/httpdocs/phpBB/' is executable
[Sun Aug 30 04:45:44.310511 2020] [core:crit] [pid 32352:tid 140619166955264] (13)Permission denied: [client 203.133.169.112:39870] AH00529: /var/www/vhosts/saratogahistory.com/httpdocs/phpBB/.htaccess pcfg_openfile: unable to check htaccess file, ensure it is readable and that '/var/www/vhosts/saratogahistory.com/httpdocs/phpBB/' is executable
[Sun Aug 30 04:45:49.212964 2020] [core:crit] [pid 32352:tid 140619303323392] (13)Permission denied: [client 203.133.169.112:40008] AH00529: /var/www/vhosts/saratogahistory.com/httpdocs/phpBB/.htaccess pcfg_openfile: unable to check htaccess file, ensure it is readable and that '/var/www/vhosts/saratogahistory.com/httpdocs/phpBB/' is executable
[Sun Aug 30 04:45:54.091118 2020] [core:crit] [pid 32322:tid 140619345282816] (13)Permission denied: [client 203.133.169.112:40240] AH00529: /var/www/vhosts/saratogahistory.com/httpdocs/phpBB/.htaccess pcfg_openfile: unable to check htaccess file, ensure it is readable and that '/var/www/vhosts/saratogahistory.com/httpdocs/phpBB/' is executable
[Sun Aug 30 04:45:59.105020 2020] [core:crit] [pid 32322:tid 140619376752384] (13)Permission denied: [client 203.133.169.112:40442] AH00529: /var/www/vhosts/saratogahistory.com/httpdocs/phpBB/.htaccess pcfg_openfile: unable to check htaccess file, ensure it is readable and that '/var/www/vhosts/saratogahistory.com/httpdocs/phpBB/' is executable
[Sun Aug 30 04:46:03.997600 2020] [core:crit] [pid 6888:tid 140619303323392] (13)Permission denied: [client 203.133.169.112:40616] AH00529: /var/www/vhosts/saratogahistory.com/httpdocs/phpBB/.htaccess pcfg_openfile: unable to check htaccess file, ensure it is readable and that '/var/www/vhosts/saratogahistory.com/httpdocs/phpBB/' is executable
[Sun Aug 30 04:46:08.997023 2020] [core:crit] [pid 32352:tid 140619156465408] (13)Permission denied: [client 203.133.169.112:40806] AH00529: /var/www/vhosts/saratogahistory.com/httpdocs/phpBB/.htaccess pcfg_openfile: unable to check htaccess file, ensure it is readable and that '/var/www/vhosts/saratogahistory.com/httpdocs/phpBB/' is executable
[Sun Aug 30 04:46:13.995828 2020] [core:crit] [pid 6888:tid 140619198424832] (13)Permission denied: [client 203.133.169.112:40966] AH00529: /var/www/vhosts/saratogahistory.com/httpdocs/phpBB/.htaccess pcfg_openfile: unable to check htaccess file, ensure it is readable and that '/var/www/vhosts/saratogahistory.com/httpdocs/phpBB/' is executable
[Sun Aug 30 04:46:19.122983 2020] [core:crit] [pid 6888:tid 140619366262528] (13)Permission denied: [client 203.133.169.112:41222] AH00529: /var/www/vhosts/saratogahistory.com/httpdocs/phpBB/.htaccess pcfg_openfile: unable to check htaccess file, ensure it is readable and that '/var/www/vhosts/saratogahistory.com/httpdocs/phpBB/' is executable
[Sun Aug 30 04:46:24.230820 2020] [core:crit] [pid 6888:tid 140619345282816] (13)Permission denied: [client 203.133.169.112:41466] AH00529: /var/www/vhosts/saratogahistory.com/httpdocs/phpBB/.htaccess pcfg_openfile: unable to check htaccess file, ensure it is readable and that '/var/www/vhosts/saratogahistory.com/httpdocs/phpBB/' is executable
[Sun Aug 30 04:46:29.153391 2020] [core:crit] [pid 32352:tid 140619271853824] (13)Permission denied: [client 203.133.169.112:41630] AH00529: /var/www/vhosts/saratogahistory.com/httpdocs/phpBB/.htaccess pcfg_openfile: unable to check htaccess file, ensure it is readable and that '/var/www/vhosts/saratogahistory.com/httpdocs/phpBB/' is executable
[Sun Aug 30 05:17:02.737181 2020] [core:crit] [pid 6888:tid 140619250874112] (13)Permission denied: [client 185.25.35.8:35704] AH00529: /var/www/vhosts/saratogahistory.com/httpdocs/phpBB/.htaccess pcfg_openfile: unable to check htaccess file, ensure it is readable and that '/var/www/vhosts/saratogahistory.com/httpdocs/phpBB/' is executable
[Sun Aug 30 05:30:26.452208 2020] [core:crit] [pid 6888:tid 140619145975552] (13)Permission denied: [client 185.25.35.8:40024] AH00529: /var/www/vhosts/saratogahistory.com/httpdocs/phpBB/.htaccess pcfg_openfile: unable to check htaccess file, ensure it is readable and that '/var/www/vhosts/saratogahistory.com/httpdocs/phpBB/' is executable
[Sun Aug 30 05:34:18.410016 2020] [core:crit] [pid 6888:tid 140619124995840] (13)Permission denied: [client 128.14.11.109:49282] AH00529: /var/www/vhosts/saratogahistory.com/httpdocs/phpBB/.htaccess pcfg_openfile: unable to check htaccess file, ensure it is readable and that '/var/www/vhosts/saratogahistory.com/httpdocs/phpBB/' is executable
[Sun Aug 30 05:34:19.059484 2020] [core:crit] [pid 6888:tid 140619177445120] (13)Permission denied: [client 128.14.11.109:49326] AH00529: /var/www/vhosts/saratogahistory.com/httpdocs/phpBB/.htaccess pcfg_openfile: unable to check htaccess file, ensure it is readable and that '/var/www/vhosts/saratogahistory.com/httpdocs/phpBB/' is executable, referer: http://www.saratogahistory.com/phpBB/
[Sun Aug 30 05:41:15.551712 2020] [core:crit] [pid 32352:tid 140619334792960] (13)Permission denied: [client 185.220.101.205:38594] AH00529: /var/www/vhosts/saratogahistory.com/httpdocs/phpBB/.htaccess pcfg_openfile: unable to check htaccess file, ensure it is readable and that '/var/www/vhosts/saratogahistory.com/httpdocs/phpBB/' is executable, referer: http://www.saratogahistory.com/phpBB/index.php
[Sun Aug 30 05:45:17.917529 2020] [core:crit] [pid 6888:tid 140619334792960] (13)Permission denied: [client 185.220.101.137:47976] AH00529: /var/www/vhosts/saratogahistory.com/httpdocs/phpBB/.htaccess pcfg_openfile: unable to check htaccess file, ensure it is readable and that '/var/www/vhosts/saratogahistory.com/httpdocs/phpBB/' is executable, referer: http://www.saratogahistory.com/phpBB/index.php
[Sun Aug 30 06:18:06.867258 2020] [proxy_fcgi:error] [pid 32352:tid 140619177445120] [client 40.65.183.5:48214] AH01071: Got error 'Primary script unknown\n'
[Sun Aug 30 06:33:19.978442 2020] [core:crit] [pid 6888:tid 140619177445120] (13)Permission denied: [client 23.129.64.100:58280] AH00529: /var/www/vhosts/saratogahistory.com/httpdocs/phpBB/.htaccess pcfg_openfile: unable to check htaccess file, ensure it is readable and that '/var/www/vhosts/saratogahistory.com/httpdocs/phpBB/' is executable, referer: http://www.saratogahistory.com/phpBB/index.php
[Sun Aug 30 07:21:31.445680 2020] [core:crit] [pid 6888:tid 140619334792960] (13)Permission denied: [client 123.21.198.6:44512] AH00529: /var/www/vhosts/saratogahistory.com/httpdocs/phpBB/.htaccess pcfg_openfile: unable to check htaccess file, ensure it is readable and that '/var/www/vhosts/saratogahistory.com/httpdocs/phpBB/' is executable, referer: http://www.saratogahistory.com/phpBB/index.php
[Sun Aug 30 07:21:36.856611 2020] [proxy_fcgi:error] [pid 6888:tid 140619303323392] [client 123.21.198.6:44708] AH01071: Got error 'Primary script unknown\n', referer: http://www.saratogahistory.com/index.php
[Sun Aug 30 07:21:38.459953 2020] [proxy_fcgi:error] [pid 6888:tid 140619198424832] [client 123.21.198.6:44758] AH01071: Got error 'Primary script unknown\n', referer: http://www.saratogahistory.com/index.php
[Sun Aug 30 07:21:39.999411 2020] [proxy_fcgi:error] [pid 6888:tid 140619366262528] [client 123.21.198.6:44844] AH01071: Got error 'Primary script unknown\n', referer: http://www.saratogahistory.com/index.php
[Sun Aug 30 07:37:57.895399 2020] [core:crit] [pid 32325:tid 140619177445120] (13)Permission denied: [client 185.220.100.240:60846] AH00529: /var/www/vhosts/saratogahistory.com/httpdocs/phpBB/.htaccess pcfg_openfile: unable to check htaccess file, ensure it is readable and that '/var/www/vhosts/saratogahistory.com/httpdocs/phpBB/' is executable, referer: http://www.saratogahistory.com/phpBB/index.php
[Sun Aug 30 07:57:20.294388 2020] [core:crit] [pid 6888:tid 140619303323392] (13)Permission denied: [client 203.133.169.112:54648] AH00529: /var/www/vhosts/saratogahistory.com/httpdocs/phpBB/.htaccess pcfg_openfile: unable to check htaccess file, ensure it is readable and that '/var/www/vhosts/saratogahistory.com/httpdocs/phpBB/' is executable
[Sun Aug 30 07:57:25.201496 2020] [core:crit] [pid 6888:tid 140619198424832] (13)Permission denied: [client 203.133.169.112:54870] AH00529: /var/www/vhosts/saratogahistory.com/httpdocs/phpBB/.htaccess pcfg_openfile: unable to check htaccess file, ensure it is readable and that '/var/www/vhosts/saratogahistory.com/httpdocs/phpBB/' is executable
[Sun Aug 30 07:57:30.109090 2020] [core:crit] [pid 6888:tid 140619366262528] (13)Permission denied: [client 203.133.169.112:55126] AH00529: /var/www/vhosts/saratogahistory.com/httpdocs/phpBB/.htaccess pcfg_openfile: unable to check htaccess file, ensure it is readable and that '/var/www/vhosts/saratogahistory.com/httpdocs/phpBB/' is executable
[Sun Aug 30 07:57:35.106280 2020] [core:crit] [pid 32352:tid 140619271853824] (13)Permission denied: [client 203.133.169.112:55346] AH00529: /var/www/vhosts/saratogahistory.com/httpdocs/phpBB/.htaccess pcfg_openfile: unable to check htaccess file, ensure it is readable and that '/var/www/vhosts/saratogahistory.com/httpdocs/phpBB/' is executable
[Sun Aug 30 07:57:40.090141 2020] [core:crit] [pid 6888:tid 140619345282816] (13)Permission denied: [client 203.133.169.112:55554] AH00529: /var/www/vhosts/saratogahistory.com/httpdocs/phpBB/.htaccess pcfg_openfile: unable to check htaccess file, ensure it is readable and that '/var/www/vhosts/saratogahistory.com/httpdocs/phpBB/' is executable
[Sun Aug 30 07:57:44.994293 2020] [core:crit] [pid 6888:tid 140619324303104] (13)Permission denied: [client 203.133.169.112:55816] AH00529: /var/www/vhosts/saratogahistory.com/httpdocs/phpBB/.htaccess pcfg_openfile: unable to check htaccess file, ensure it is readable and that '/var/www/vhosts/saratogahistory.com/httpdocs/phpBB/' is executable
[Sun Aug 30 07:57:50.197485 2020] [core:crit] [pid 32352:tid 140619198424832] (13)Permission denied: [client 203.133.169.112:55992] AH00529: /var/www/vhosts/saratogahistory.com/httpdocs/phpBB/.htaccess pcfg_openfile: unable to check htaccess file, ensure it is readable and that '/var/www/vhosts/saratogahistory.com/httpdocs/phpBB/' is executable
[Sun Aug 30 07:57:55.133892 2020] [core:crit] [pid 32352:tid 140619282343680] (13)Permission denied: [client 203.133.169.112:56268] AH00529: /var/www/vhosts/saratogahistory.com/httpdocs/phpBB/.htaccess pcfg_openfile: unable to check htaccess file, ensure it is readable and that '/var/www/vhosts/saratogahistory.com/httpdocs/phpBB/' is executable
[Sun Aug 30 07:58:00.140328 2020] [core:crit] [pid 6888:tid 140619250874112] (13)Permission denied: [client 203.133.169.112:56522] AH00529: /var/www/vhosts/saratogahistory.com/httpdocs/phpBB/.htaccess pcfg_openfile: unable to check htaccess file, ensure it is readable and that '/var/www/vhosts/saratogahistory.com/httpdocs/phpBB/' is executable
[Sun Aug 30 07:58:05.145892 2020] [core:crit] [pid 32352:tid 140619292833536] (13)Permission denied: [client 203.133.169.112:56744] AH00529: /var/www/vhosts/saratogahistory.com/httpdocs/phpBB/.htaccess pcfg_openfile: unable to check htaccess file, ensure it is readable and that '/var/www/vhosts/saratogahistory.com/httpdocs/phpBB/' is executable
[Sun Aug 30 07:58:10.032987 2020] [core:crit] [pid 32352:tid 140619124995840] (13)Permission denied: [client 203.133.169.112:56914] AH00529: /var/www/vhosts/saratogahistory.com/httpdocs/phpBB/.htaccess pcfg_openfile: unable to check htaccess file, ensure it is readable and that '/var/www/vhosts/saratogahistory.com/httpdocs/phpBB/' is executable
[Sun Aug 30 07:58:15.062353 2020] [core:crit] [pid 6888:tid 140619282343680] (13)Permission denied: [client 203.133.169.112:57180] AH00529: /var/www/vhosts/saratogahistory.com/httpdocs/phpBB/.htaccess pcfg_openfile: unable to check htaccess file, ensure it is readable and that '/var/www/vhosts/saratogahistory.com/httpdocs/phpBB/' is executable
[Sun Aug 30 07:58:20.147331 2020] [core:crit] [pid 6888:tid 140619240384256] (13)Permission denied: [client 203.133.169.112:57420] AH00529: /var/www/vhosts/saratogahistory.com/httpdocs/phpBB/.htaccess pcfg_openfile: unable to check htaccess file, ensure it is readable and that '/var/www/vhosts/saratogahistory.com/httpdocs/phpBB/' is executable
[Sun Aug 30 07:58:25.379193 2020] [core:crit] [pid 32322:tid 140619229894400] (13)Permission denied: [client 203.133.169.112:57568] AH00529: /var/www/vhosts/saratogahistory.com/httpdocs/phpBB/.htaccess pcfg_openfile: unable to check htaccess file, ensure it is readable and that '/var/www/vhosts/saratogahistory.com/httpdocs/phpBB/' is executable
[Sun Aug 30 07:58:30.441143 2020] [core:crit] [pid 6888:tid 140619187934976] (13)Permission denied: [client 203.133.169.112:57704] AH00529: /var/www/vhosts/saratogahistory.com/httpdocs/phpBB/.htaccess pcfg_openfile: unable to check htaccess file, ensure it is readable and that '/var/www/vhosts/saratogahistory.com/httpdocs/phpBB/' is executable
[Sun Aug 30 07:58:35.342298 2020] [core:crit] [pid 6888:tid 140619229894400] (13)Permission denied: [client 203.133.169.112:57888] AH00529: /var/www/vhosts/saratogahistory.com/httpdocs/phpBB/.htaccess pcfg_openfile: unable to check htaccess file, ensure it is readable and that '/var/www/vhosts/saratogahistory.com/httpdocs/phpBB/' is executable
[Sun Aug 30 07:58:40.326138 2020] [core:crit] [pid 6888:tid 140619261363968] (13)Permission denied: [client 203.133.169.112:58064] AH00529: /var/www/vhosts/saratogahistory.com/httpdocs/phpBB/.htaccess pcfg_openfile: unable to check htaccess file, ensure it is readable and that '/var/www/vhosts/saratogahistory.com/httpdocs/phpBB/' is executable
[Sun Aug 30 07:58:45.217999 2020] [core:crit] [pid 32352:tid 140619313813248] (13)Permission denied: [client 203.133.169.112:58206] AH00529: /var/www/vhosts/saratogahistory.com/httpdocs/phpBB/.htaccess pcfg_openfile: unable to check htaccess file, ensure it is readable and that '/var/www/vhosts/saratogahistory.com/httpdocs/phpBB/' is executable
[Sun Aug 30 07:58:50.204572 2020] [core:crit] [pid 6888:tid 140619208914688] (13)Permission denied: [client 203.133.169.112:58396] AH00529: /var/www/vhosts/saratogahistory.com/httpdocs/phpBB/.htaccess pcfg_openfile: unable to check htaccess file, ensure it is readable and that '/var/www/vhosts/saratogahistory.com/httpdocs/phpBB/' is executable
[Sun Aug 30 07:58:55.189193 2020] [core:crit] [pid 6888:tid 140619219404544] (13)Permission denied: [client 203.133.169.112:58560] AH00529: /var/www/vhosts/saratogahistory.com/httpdocs/phpBB/.htaccess pcfg_openfile: unable to check htaccess file, ensure it is readable and that '/var/www/vhosts/saratogahistory.com/httpdocs/phpBB/' is executable
[Sun Aug 30 07:59:00.290432 2020] [core:crit] [pid 6888:tid 140619145975552] (13)Permission denied: [client 203.133.169.112:58708] AH00529: /var/www/vhosts/saratogahistory.com/httpdocs/phpBB/.htaccess pcfg_openfile: unable to check htaccess file, ensure it is readable and that '/var/www/vhosts/saratogahistory.com/httpdocs/phpBB/' is executable
[Sun Aug 30 07:59:05.272231 2020] [core:crit] [pid 6888:tid 140619156465408] (13)Permission denied: [client 203.133.169.112:58910] AH00529: /var/www/vhosts/saratogahistory.com/httpdocs/phpBB/.htaccess pcfg_openfile: unable to check htaccess file, ensure it is readable and that '/var/www/vhosts/saratogahistory.com/httpdocs/phpBB/' is executable
[Sun Aug 30 07:59:10.152140 2020] [core:crit] [pid 6888:tid 140619124995840] (13)Permission denied: [client 203.133.169.112:59028] AH00529: /var/www/vhosts/saratogahistory.com/httpdocs/phpBB/.htaccess pcfg_openfile: unable to check htaccess file, ensure it is readable and that '/var/www/vhosts/saratogahistory.com/httpdocs/phpBB/' is executable
[Sun Aug 30 07:59:15.039739 2020] [core:crit] [pid 6888:tid 140619177445120] (13)Permission denied: [client 203.133.169.112:59206] AH00529: /var/www/vhosts/saratogahistory.com/httpdocs/phpBB/.htaccess pcfg_openfile: unable to check htaccess file, ensure it is readable and that '/var/www/vhosts/saratogahistory.com/httpdocs/phpBB/' is executable
[Sun Aug 30 07:59:19.956337 2020] [core:crit] [pid 32325:tid 140619145975552] (13)Permission denied: [client 203.133.169.112:59476] AH00529: /var/www/vhosts/saratogahistory.com/httpdocs/phpBB/.htaccess pcfg_openfile: unable to check htaccess file, ensure it is readable and that '/var/www/vhosts/saratogahistory.com/httpdocs/phpBB/' is executable
[Sun Aug 30 07:59:24.856352 2020] [core:crit] [pid 6888:tid 140619355772672] (13)Permission denied: [client 203.133.169.112:59670] AH00529: /var/www/vhosts/saratogahistory.com/httpdocs/phpBB/.htaccess pcfg_openfile: unable to check htaccess file, ensure it is readable and that '/var/www/vhosts/saratogahistory.com/httpdocs/phpBB/' is executable
[Sun Aug 30 07:59:29.776609 2020] [core:crit] [pid 6888:tid 140619135485696] (13)Permission denied: [client 203.133.169.112:59932] AH00529: /var/www/vhosts/saratogahistory.com/httpdocs/phpBB/.htaccess pcfg_openfile: unable to check htaccess file, ensure it is readable and that '/var/www/vhosts/saratogahistory.com/httpdocs/phpBB/' is executable
[Sun Aug 30 07:59:34.884152 2020] [core:crit] [pid 32352:tid 140619324303104] (13)Permission denied: [client 203.133.169.112:60144] AH00529: /var/www/vhosts/saratogahistory.com/httpdocs/phpBB/.htaccess pcfg_openfile: unable to check htaccess file, ensure it is readable and that '/var/www/vhosts/saratogahistory.com/httpdocs/phpBB/' is executable
[Sun Aug 30 07:59:39.776108 2020] [core:crit] [pid 6888:tid 140619166955264] (13)Permission denied: [client 203.133.169.112:60330] AH00529: /var/www/vhosts/saratogahistory.com/httpdocs/phpBB/.htaccess pcfg_openfile: unable to check htaccess file, ensure it is readable and that '/var/www/vhosts/saratogahistory.com/httpdocs/phpBB/' is executable
[Sun Aug 30 07:59:44.782242 2020] [core:crit] [pid 6888:tid 140619376752384] (13)Permission denied: [client 203.133.169.112:60520] AH00529: /var/www/vhosts/saratogahistory.com/httpdocs/phpBB/.htaccess pcfg_openfile: unable to check htaccess file, ensure it is readable and that '/var/www/vhosts/saratogahistory.com/httpdocs/phpBB/' is executable
[Sun Aug 30 07:59:49.792788 2020] [core:crit] [pid 32352:tid 140619261363968] (13)Permission denied: [client 203.133.169.112:60684] AH00529: /var/www/vhosts/saratogahistory.com/httpdocs/phpBB/.htaccess pcfg_openfile: unable to check htaccess file, ensure it is readable and that '/var/www/vhosts/saratogahistory.com/httpdocs/phpBB/' is executable
[Sun Aug 30 07:59:54.681081 2020] [core:crit] [pid 6888:tid 140619292833536] (13)Permission denied: [client 203.133.169.112:60808] AH00529: /var/www/vhosts/saratogahistory.com/httpdocs/phpBB/.htaccess pcfg_openfile: unable to check htaccess file, ensure it is readable and that '/var/www/vhosts/saratogahistory.com/httpdocs/phpBB/' is executable
[Sun Aug 30 07:59:59.579135 2020] [core:crit] [pid 6888:tid 140619334792960] (13)Permission denied: [client 203.133.169.112:32816] AH00529: /var/www/vhosts/saratogahistory.com/httpdocs/phpBB/.htaccess pcfg_openfile: unable to check htaccess file, ensure it is readable and that '/var/www/vhosts/saratogahistory.com/httpdocs/phpBB/' is executable
[Sun Aug 30 08:00:05.332836 2020] [core:crit] [pid 32352:tid 140619240384256] (13)Permission denied: [client 203.133.169.112:33216] AH00529: /var/www/vhosts/saratogahistory.com/httpdocs/phpBB/.htaccess pcfg_openfile: unable to check htaccess file, ensure it is readable and that '/var/www/vhosts/saratogahistory.com/httpdocs/phpBB/' is executable
[Sun Aug 30 08:00:11.923487 2020] [core:crit] [pid 32325:tid 140619135485696] (13)Permission denied: [client 203.133.169.112:33544] AH00529: /var/www/vhosts/saratogahistory.com/httpdocs/phpBB/.htaccess pcfg_openfile: unable to check htaccess file, ensure it is readable and that '/var/www/vhosts/saratogahistory.com/httpdocs/phpBB/' is executable
[Sun Aug 30 08:17:04.692778 2020] [core:crit] [pid 6888:tid 140619355772672] (13)Permission denied: [client 66.249.64.87:53690] AH00529: /var/www/vhosts/saratogahistory.com/httpdocs/phpBB/.htaccess pcfg_openfile: unable to check htaccess file, ensure it is readable and that '/var/www/vhosts/saratogahistory.com/httpdocs/phpBB/' is executable
[Sun Aug 30 08:30:20.257143 2020] [core:crit] [pid 32352:tid 140619135485696] (13)Permission denied: [client 199.167.138.22:36510] AH00529: /var/www/vhosts/saratogahistory.com/httpdocs/phpBB/.htaccess pcfg_openfile: unable to check htaccess file, ensure it is readable and that '/var/www/vhosts/saratogahistory.com/httpdocs/phpBB/' is executable, referer: http://www.saratogahistory.com/phpBB/index.php
[Sun Aug 30 08:51:30.423756 2020] [autoindex:error] [pid 32352:tid 140619313813248] [client 66.249.64.85:38766] AH01276: Cannot serve directory /var/www/vhosts/saratogahistory.com/httpdocs/grandview/: No matching DirectoryIndex (index.html,index.cgi,index.pl,index.php,index.xhtml,index.htm,index.shtml) found, and server-generated directory index forbidden by Options directive
[Sun Aug 30 09:09:32.367165 2020] [core:crit] [pid 6888:tid 140619366262528] (13)Permission denied: [client 157.119.207.36:32902] AH00529: /var/www/vhosts/saratogahistory.com/httpdocs/phpBB/.htaccess pcfg_openfile: unable to check htaccess file, ensure it is readable and that '/var/www/vhosts/saratogahistory.com/httpdocs/phpBB/' is executable, referer: http://www.saratogahistory.com/phpBB/index.php
[Sun Aug 30 09:22:04.316770 2020] [core:crit] [pid 6888:tid 140619219404544] (13)Permission denied: [client 185.25.35.9:41054] AH00529: /var/www/vhosts/saratogahistory.com/httpdocs/phpBB/.htaccess pcfg_openfile: unable to check htaccess file, ensure it is readable and that '/var/www/vhosts/saratogahistory.com/httpdocs/phpBB/' is executable
[Sun Aug 30 09:38:31.707157 2020] [core:crit] [pid 6888:tid 140619303323392] (13)Permission denied: [client 185.220.100.241:57640] AH00529: /var/www/vhosts/saratogahistory.com/httpdocs/phpBB/.htaccess pcfg_openfile: unable to check htaccess file, ensure it is readable and that '/var/www/vhosts/saratogahistory.com/httpdocs/phpBB/' is executable, referer: http://www.saratogahistory.com/phpBB/index.php
[Sun Aug 30 10:19:06.951239 2020] [core:crit] [pid 6888:tid 140619345282816] (13)Permission denied: [client 178.214.247.81:44584] AH00529: /var/www/vhosts/saratogahistory.com/httpdocs/phpBB/.htaccess pcfg_openfile: unable to check htaccess file, ensure it is readable and that '/var/www/vhosts/saratogahistory.com/httpdocs/phpBB/' is executable, referer: http://www.saratogahistory.com/phpBB/index.php
[Sun Aug 30 10:19:29.591801 2020] [proxy_fcgi:error] [pid 6888:tid 140619187934976] [client 40.65.183.5:45220] AH01071: Got error 'Primary script unknown\n'
[Sun Aug 30 10:33:27.377199 2020] [core:crit] [pid 6888:tid 140619345282816] (13)Permission denied: [client 203.133.169.112:46848] AH00529: /var/www/vhosts/saratogahistory.com/httpdocs/phpBB/.htaccess pcfg_openfile: unable to check htaccess file, ensure it is readable and that '/var/www/vhosts/saratogahistory.com/httpdocs/phpBB/' is executable
[Sun Aug 30 10:33:32.334984 2020] [core:crit] [pid 32325:tid 140619198424832] (13)Permission denied: [client 203.133.169.112:46982] AH00529: /var/www/vhosts/saratogahistory.com/httpdocs/phpBB/.htaccess pcfg_openfile: unable to check htaccess file, ensure it is readable and that '/var/www/vhosts/saratogahistory.com/httpdocs/phpBB/' is executable
[Sun Aug 30 10:33:37.217517 2020] [core:crit] [pid 32352:tid 140619324303104] (13)Permission denied: [client 203.133.169.112:47088] AH00529: /var/www/vhosts/saratogahistory.com/httpdocs/phpBB/.htaccess pcfg_openfile: unable to check htaccess file, ensure it is readable and that '/var/www/vhosts/saratogahistory.com/httpdocs/phpBB/' is executable
[Sun Aug 30 10:33:42.102362 2020] [core:crit] [pid 6888:tid 140619324303104] (13)Permission denied: [client 203.133.169.112:47226] AH00529: /var/www/vhosts/saratogahistory.com/httpdocs/phpBB/.htaccess pcfg_openfile: unable to check htaccess file, ensure it is readable and that '/var/www/vhosts/saratogahistory.com/httpdocs/phpBB/' is executable
[Sun Aug 30 10:33:46.987980 2020] [core:crit] [pid 6888:tid 140619250874112] (13)Permission denied: [client 203.133.169.112:47420] AH00529: /var/www/vhosts/saratogahistory.com/httpdocs/phpBB/.htaccess pcfg_openfile: unable to check htaccess file, ensure it is readable and that '/var/www/vhosts/saratogahistory.com/httpdocs/phpBB/' is executable
[Sun Aug 30 10:33:51.993397 2020] [core:crit] [pid 6888:tid 140619282343680] (13)Permission denied: [client 203.133.169.112:47686] AH00529: /var/www/vhosts/saratogahistory.com/httpdocs/phpBB/.htaccess pcfg_openfile: unable to check htaccess file, ensure it is readable and that '/var/www/vhosts/saratogahistory.com/httpdocs/phpBB/' is executable
[Sun Aug 30 10:33:57.197932 2020] [core:crit] [pid 32352:tid 140619261363968] (13)Permission denied: [client 203.133.169.112:47840] AH00529: /var/www/vhosts/saratogahistory.com/httpdocs/phpBB/.htaccess pcfg_openfile: unable to check htaccess file, ensure it is readable and that '/var/www/vhosts/saratogahistory.com/httpdocs/phpBB/' is executable
[Sun Aug 30 10:34:02.122496 2020] [core:crit] [pid 6888:tid 140619240384256] (13)Permission denied: [client 203.133.169.112:47990] AH00529: /var/www/vhosts/saratogahistory.com/httpdocs/phpBB/.htaccess pcfg_openfile: unable to check htaccess file, ensure it is readable and that '/var/www/vhosts/saratogahistory.com/httpdocs/phpBB/' is executable
[Sun Aug 30 10:34:07.056685 2020] [core:crit] [pid 6888:tid 140619187934976] (13)Permission denied: [client 203.133.169.112:48208] AH00529: /var/www/vhosts/saratogahistory.com/httpdocs/phpBB/.htaccess pcfg_openfile: unable to check htaccess file, ensure it is readable and that '/var/www/vhosts/saratogahistory.com/httpdocs/phpBB/' is executable
[Sun Aug 30 10:34:12.104800 2020] [core:crit] [pid 6888:tid 140619208914688] (13)Permission denied: [client 203.133.169.112:48406] AH00529: /var/www/vhosts/saratogahistory.com/httpdocs/phpBB/.htaccess pcfg_openfile: unable to check htaccess file, ensure it is readable and that '/var/www/vhosts/saratogahistory.com/httpdocs/phpBB/' is executable
[Sun Aug 30 10:34:17.093139 2020] [core:crit] [pid 6888:tid 140619229894400] (13)Permission denied: [client 203.133.169.112:48630] AH00529: /var/www/vhosts/saratogahistory.com/httpdocs/phpBB/.htaccess pcfg_openfile: unable to check htaccess file, ensure it is readable and that '/var/www/vhosts/saratogahistory.com/httpdocs/phpBB/' is executable
[Sun Aug 30 10:34:22.142990 2020] [core:crit] [pid 6888:tid 140619261363968] (13)Permission denied: [client 203.133.169.112:48856] AH00529: /var/www/vhosts/saratogahistory.com/httpdocs/phpBB/.htaccess pcfg_openfile: unable to check htaccess file, ensure it is readable and that '/var/www/vhosts/saratogahistory.com/httpdocs/phpBB/' is executable
[Sun Aug 30 10:34:27.071730 2020] [core:crit] [pid 6888:tid 140619219404544] (13)Permission denied: [client 203.133.169.112:48988] AH00529: /var/www/vhosts/saratogahistory.com/httpdocs/phpBB/.htaccess pcfg_openfile: unable to check htaccess file, ensure it is readable and that '/var/www/vhosts/saratogahistory.com/httpdocs/phpBB/' is executable
[Sun Aug 30 10:38:55.291509 2020] [core:crit] [pid 6888:tid 140619156465408] (13)Permission denied: [client 185.25.35.15:58734] AH00529: /var/www/vhosts/saratogahistory.com/httpdocs/phpBB/.htaccess pcfg_openfile: unable to check htaccess file, ensure it is readable and that '/var/www/vhosts/saratogahistory.com/httpdocs/phpBB/' is executable
[Sun Aug 30 11:18:32.940236 2020] [core:crit] [pid 6888:tid 140619355772672] (13)Permission denied: [client 185.25.35.11:60680] AH00529: /var/www/vhosts/saratogahistory.com/httpdocs/phpBB/.htaccess pcfg_openfile: unable to check htaccess file, ensure it is readable and that '/var/www/vhosts/saratogahistory.com/httpdocs/phpBB/' is executable
[Sun Aug 30 11:29:45.173707 2020] [core:crit] [pid 6888:tid 140619334792960] (13)Permission denied: [client 185.25.35.13:56118] AH00529: /var/www/vhosts/saratogahistory.com/httpdocs/phpBB/.htaccess pcfg_openfile: unable to check htaccess file, ensure it is readable and that '/var/www/vhosts/saratogahistory.com/httpdocs/phpBB/' is executable
[Sun Aug 30 11:40:07.875432 2020] [core:crit] [pid 6888:tid 140619198424832] (13)Permission denied: [client 23.129.64.197:49490] AH00529: /var/www/vhosts/saratogahistory.com/httpdocs/phpBB/.htaccess pcfg_openfile: unable to check htaccess file, ensure it is readable and that '/var/www/vhosts/saratogahistory.com/httpdocs/phpBB/' is executable, referer: http://www.saratogahistory.com/phpBB/index.php
[Sun Aug 30 12:25:12.256586 2020] [core:crit] [pid 6888:tid 140619261363968] (13)Permission denied: [client 5.188.84.243:59080] AH00529: /var/www/vhosts/saratogahistory.com/httpdocs/phpBB/.htaccess pcfg_openfile: unable to check htaccess file, ensure it is readable and that '/var/www/vhosts/saratogahistory.com/httpdocs/phpBB/' is executable, referer: http://www.saratogahistory.com/phpBB/index.php
[Sun Aug 30 12:25:12.959695 2020] [core:crit] [pid 6888:tid 140619219404544] (13)Permission denied: [client 5.188.84.243:59124] AH00529: /var/www/vhosts/saratogahistory.com/httpdocs/phpBB/.htaccess pcfg_openfile: unable to check htaccess file, ensure it is readable and that '/var/www/vhosts/saratogahistory.com/httpdocs/phpBB/' is executable, referer: http://www.saratogahistory.com/phpBB/index.php
[Sun Aug 30 13:42:26.188608 2020] [core:crit] [pid 32322:tid 140619355772672] (13)Permission denied: [client 185.220.100.245:52922] AH00529: /var/www/vhosts/saratogahistory.com/httpdocs/phpBB/.htaccess pcfg_openfile: unable to check htaccess file, ensure it is readable and that '/var/www/vhosts/saratogahistory.com/httpdocs/phpBB/' is executable, referer: http://www.saratogahistory.com/phpBB/index.php
[Sun Aug 30 13:59:04.099408 2020] [core:crit] [pid 6888:tid 140619313813248] (13)Permission denied: [client 40.77.167.71:38628] AH00529: /var/www/vhosts/saratogahistory.com/httpdocs/phpBB/.htaccess pcfg_openfile: unable to check htaccess file, ensure it is readable and that '/var/www/vhosts/saratogahistory.com/httpdocs/phpBB/' is executable
[Sun Aug 30 14:24:46.401262 2020] [core:crit] [pid 32352:tid 140619282343680] (13)Permission denied: [client 178.158.14.25:48756] AH00529: /var/www/vhosts/saratogahistory.com/httpdocs/phpBB/.htaccess pcfg_openfile: unable to check htaccess file, ensure it is readable and that '/var/www/vhosts/saratogahistory.com/httpdocs/phpBB/' is executable, referer: http://www.saratogahistory.com/phpBB/
[Sun Aug 30 14:25:09.299180 2020] [core:crit] [pid 32352:tid 140619313813248] (13)Permission denied: [client 185.220.101.205:50058] AH00529: /var/www/vhosts/saratogahistory.com/httpdocs/phpBB/.htaccess pcfg_openfile: unable to check htaccess file, ensure it is readable and that '/var/www/vhosts/saratogahistory.com/httpdocs/phpBB/' is executable, referer: http://www.saratogahistory.com/phpBB/index.php
[Sun Aug 30 14:31:29.564373 2020] [core:crit] [pid 6888:tid 140619345282816] (13)Permission denied: [client 46.246.65.141:40616] AH00529: /var/www/vhosts/saratogahistory.com/httpdocs/phpBB/.htaccess pcfg_openfile: unable to check htaccess file, ensure it is readable and that '/var/www/vhosts/saratogahistory.com/httpdocs/phpBB/' is executable, referer: http://www.saratogahistory.com/phpBB/index.php
[Sun Aug 30 14:31:29.621346 2020] [core:crit] [pid 6888:tid 140619324303104] (13)Permission denied: [client 46.246.65.141:40622] AH00529: /var/www/vhosts/saratogahistory.com/httpdocs/phpBB/.htaccess pcfg_openfile: unable to check htaccess file, ensure it is readable and that '/var/www/vhosts/saratogahistory.com/httpdocs/phpBB/' is executable, referer: http://www.saratogahistory.com/phpBB/index.php
[Sun Aug 30 14:57:13.985463 2020] [autoindex:error] [pid 6888:tid 140619324303104] [client 94.130.66.99:53932] AH01276: Cannot serve directory /var/www/vhosts/saratogahistory.com/httpdocs/grandview/: No matching DirectoryIndex (index.html,index.cgi,index.pl,index.php,index.xhtml,index.htm,index.shtml) found, and server-generated directory index forbidden by Options directive
[Sun Aug 30 15:08:10.787476 2020] [core:crit] [pid 32352:tid 140619334792960] (13)Permission denied: [client 203.133.169.112:59308] AH00529: /var/www/vhosts/saratogahistory.com/httpdocs/phpBB/.htaccess pcfg_openfile: unable to check htaccess file, ensure it is readable and that '/var/www/vhosts/saratogahistory.com/httpdocs/phpBB/' is executable
[Sun Aug 30 15:08:15.815599 2020] [core:crit] [pid 6888:tid 140619156465408] (13)Permission denied: [client 203.133.169.112:59588] AH00529: /var/www/vhosts/saratogahistory.com/httpdocs/phpBB/.htaccess pcfg_openfile: unable to check htaccess file, ensure it is readable and that '/var/www/vhosts/saratogahistory.com/httpdocs/phpBB/' is executable
[Sun Aug 30 15:08:20.813022 2020] [core:crit] [pid 6888:tid 140619124995840] (13)Permission denied: [client 203.133.169.112:59916] AH00529: /var/www/vhosts/saratogahistory.com/httpdocs/phpBB/.htaccess pcfg_openfile: unable to check htaccess file, ensure it is readable and that '/var/www/vhosts/saratogahistory.com/httpdocs/phpBB/' is executable
[Sun Aug 30 15:08:25.821599 2020] [core:crit] [pid 6888:tid 140619177445120] (13)Permission denied: [client 203.133.169.112:60222] AH00529: /var/www/vhosts/saratogahistory.com/httpdocs/phpBB/.htaccess pcfg_openfile: unable to check htaccess file, ensure it is readable and that '/var/www/vhosts/saratogahistory.com/httpdocs/phpBB/' is executable
[Sun Aug 30 15:08:30.817100 2020] [core:crit] [pid 32325:tid 140619240384256] (13)Permission denied: [client 203.133.169.112:60426] AH00529: /var/www/vhosts/saratogahistory.com/httpdocs/phpBB/.htaccess pcfg_openfile: unable to check htaccess file, ensure it is readable and that '/var/www/vhosts/saratogahistory.com/httpdocs/phpBB/' is executable
[Sun Aug 30 15:08:35.704654 2020] [core:crit] [pid 6888:tid 140619355772672] (13)Permission denied: [client 203.133.169.112:60630] AH00529: /var/www/vhosts/saratogahistory.com/httpdocs/phpBB/.htaccess pcfg_openfile: unable to check htaccess file, ensure it is readable and that '/var/www/vhosts/saratogahistory.com/httpdocs/phpBB/' is executable
[Sun Aug 30 15:08:40.944242 2020] [core:crit] [pid 6888:tid 140619166955264] (13)Permission denied: [client 203.133.169.112:60844] AH00529: /var/www/vhosts/saratogahistory.com/httpdocs/phpBB/.htaccess pcfg_openfile: unable to check htaccess file, ensure it is readable and that '/var/www/vhosts/saratogahistory.com/httpdocs/phpBB/' is executable
[Sun Aug 30 15:08:45.991434 2020] [core:crit] [pid 32352:tid 140619366262528] (13)Permission denied: [client 203.133.169.112:32884] AH00529: /var/www/vhosts/saratogahistory.com/httpdocs/phpBB/.htaccess pcfg_openfile: unable to check htaccess file, ensure it is readable and that '/var/www/vhosts/saratogahistory.com/httpdocs/phpBB/' is executable
[Sun Aug 30 15:08:50.927351 2020] [core:crit] [pid 6888:tid 140619376752384] (13)Permission denied: [client 203.133.169.112:33080] AH00529: /var/www/vhosts/saratogahistory.com/httpdocs/phpBB/.htaccess pcfg_openfile: unable to check htaccess file, ensure it is readable and that '/var/www/vhosts/saratogahistory.com/httpdocs/phpBB/' is executable
[Sun Aug 30 15:08:55.918120 2020] [core:crit] [pid 6888:tid 140619292833536] (13)Permission denied: [client 203.133.169.112:33256] AH00529: /var/www/vhosts/saratogahistory.com/httpdocs/phpBB/.htaccess pcfg_openfile: unable to check htaccess file, ensure it is readable and that '/var/www/vhosts/saratogahistory.com/httpdocs/phpBB/' is executable
[Sun Aug 30 15:09:00.911073 2020] [core:crit] [pid 6888:tid 140619334792960] (13)Permission denied: [client 203.133.169.112:33444] AH00529: /var/www/vhosts/saratogahistory.com/httpdocs/phpBB/.htaccess pcfg_openfile: unable to check htaccess file, ensure it is readable and that '/var/www/vhosts/saratogahistory.com/httpdocs/phpBB/' is executable
[Sun Aug 30 15:09:05.806068 2020] [core:crit] [pid 32325:tid 140619292833536] (13)Permission denied: [client 203.133.169.112:33660] AH00529: /var/www/vhosts/saratogahistory.com/httpdocs/phpBB/.htaccess pcfg_openfile: unable to check htaccess file, ensure it is readable and that '/var/www/vhosts/saratogahistory.com/httpdocs/phpBB/' is executable
[Sun Aug 30 15:09:10.799643 2020] [core:crit] [pid 6888:tid 140619313813248] (13)Permission denied: [client 203.133.169.112:33858] AH00529: /var/www/vhosts/saratogahistory.com/httpdocs/phpBB/.htaccess pcfg_openfile: unable to check htaccess file, ensure it is readable and that '/var/www/vhosts/saratogahistory.com/httpdocs/phpBB/' is executable
[Sun Aug 30 15:09:15.937628 2020] [core:crit] [pid 6888:tid 140619271853824] (13)Permission denied: [client 203.133.169.112:34080] AH00529: /var/www/vhosts/saratogahistory.com/httpdocs/phpBB/.htaccess pcfg_openfile: unable to check htaccess file, ensure it is readable and that '/var/www/vhosts/saratogahistory.com/httpdocs/phpBB/' is executable
[Sun Aug 30 15:09:20.844926 2020] [core:crit] [pid 6888:tid 140619303323392] (13)Permission denied: [client 203.133.169.112:34320] AH00529: /var/www/vhosts/saratogahistory.com/httpdocs/phpBB/.htaccess pcfg_openfile: unable to check htaccess file, ensure it is readable and that '/var/www/vhosts/saratogahistory.com/httpdocs/phpBB/' is executable
[Sun Aug 30 15:09:25.751076 2020] [core:crit] [pid 6888:tid 140619198424832] (13)Permission denied: [client 203.133.169.112:34516] AH00529: /var/www/vhosts/saratogahistory.com/httpdocs/phpBB/.htaccess pcfg_openfile: unable to check htaccess file, ensure it is readable and that '/var/www/vhosts/saratogahistory.com/httpdocs/phpBB/' is executable
[Sun Aug 30 15:09:30.736730 2020] [core:crit] [pid 6888:tid 140619366262528] (13)Permission denied: [client 203.133.169.112:34750] AH00529: /var/www/vhosts/saratogahistory.com/httpdocs/phpBB/.htaccess pcfg_openfile: unable to check htaccess file, ensure it is readable and that '/var/www/vhosts/saratogahistory.com/httpdocs/phpBB/' is executable
[Sun Aug 30 15:09:35.777929 2020] [core:crit] [pid 6888:tid 140619324303104] (13)Permission denied: [client 203.133.169.112:35032] AH00529: /var/www/vhosts/saratogahistory.com/httpdocs/phpBB/.htaccess pcfg_openfile: unable to check htaccess file, ensure it is readable and that '/var/www/vhosts/saratogahistory.com/httpdocs/phpBB/' is executable
[Sun Aug 30 15:09:40.663947 2020] [core:crit] [pid 32352:tid 140619376752384] (13)Permission denied: [client 203.133.169.112:35218] AH00529: /var/www/vhosts/saratogahistory.com/httpdocs/phpBB/.htaccess pcfg_openfile: unable to check htaccess file, ensure it is readable and that '/var/www/vhosts/saratogahistory.com/httpdocs/phpBB/' is executable
[Sun Aug 30 15:09:45.682173 2020] [core:crit] [pid 6888:tid 140619250874112] (13)Permission denied: [client 203.133.169.112:35410] AH00529: /var/www/vhosts/saratogahistory.com/httpdocs/phpBB/.htaccess pcfg_openfile: unable to check htaccess file, ensure it is readable and that '/var/www/vhosts/saratogahistory.com/httpdocs/phpBB/' is executable
[Sun Aug 30 15:09:50.856351 2020] [core:crit] [pid 32325:tid 140619282343680] (13)Permission denied: [client 203.133.169.112:35568] AH00529: /var/www/vhosts/saratogahistory.com/httpdocs/phpBB/.htaccess pcfg_openfile: unable to check htaccess file, ensure it is readable and that '/var/www/vhosts/saratogahistory.com/httpdocs/phpBB/' is executable
[Sun Aug 30 15:09:55.851550 2020] [core:crit] [pid 6888:tid 140619282343680] (13)Permission denied: [client 203.133.169.112:35846] AH00529: /var/www/vhosts/saratogahistory.com/httpdocs/phpBB/.htaccess pcfg_openfile: unable to check htaccess file, ensure it is readable and that '/var/www/vhosts/saratogahistory.com/httpdocs/phpBB/' is executable
[Sun Aug 30 15:39:03.905623 2020] [core:crit] [pid 6888:tid 140619355772672] (13)Permission denied: [client 109.70.100.38:34594] AH00529: /var/www/vhosts/saratogahistory.com/httpdocs/phpBB/.htaccess pcfg_openfile: unable to check htaccess file, ensure it is readable and that '/var/www/vhosts/saratogahistory.com/httpdocs/phpBB/' is executable, referer: http://www.saratogahistory.com/phpBB/index.php
[Sun Aug 30 15:50:41.269044 2020] [core:crit] [pid 6888:tid 140619208914688] (13)Permission denied: [client 185.25.35.15:39154] AH00529: /var/www/vhosts/saratogahistory.com/httpdocs/phpBB/.htaccess pcfg_openfile: unable to check htaccess file, ensure it is readable and that '/var/www/vhosts/saratogahistory.com/httpdocs/phpBB/' is executable
[Sun Aug 30 16:47:15.374686 2020] [core:crit] [pid 32352:tid 140619261363968] (13)Permission denied: [client 167.114.188.37:38732] AH00529: /var/www/vhosts/saratogahistory.com/httpdocs/phpBB/.htaccess pcfg_openfile: unable to check htaccess file, ensure it is readable and that '/var/www/vhosts/saratogahistory.com/httpdocs/phpBB/' is executable, referer: http://www.saratogahistory.com/phpBB/index.php
[Sun Aug 30 16:56:40.050325 2020] [core:crit] [pid 6888:tid 140619177445120] (13)Permission denied: [client 185.100.85.101:35662] AH00529: /var/www/vhosts/saratogahistory.com/httpdocs/phpBB/.htaccess pcfg_openfile: unable to check htaccess file, ensure it is readable and that '/var/www/vhosts/saratogahistory.com/httpdocs/phpBB/' is executable, referer: http://www.saratogahistory.com/phpBB/index.php
[Sun Aug 30 17:04:59.864362 2020] [core:crit] [pid 32352:tid 140619366262528] (13)Permission denied: [client 185.25.35.14:57650] AH00529: /var/www/vhosts/saratogahistory.com/httpdocs/phpBB/.htaccess pcfg_openfile: unable to check htaccess file, ensure it is readable and that '/var/www/vhosts/saratogahistory.com/httpdocs/phpBB/' is executable
[Sun Aug 30 17:17:09.060253 2020] [core:crit] [pid 32352:tid 140619345282816] (13)Permission denied: [client 96.44.133.110:60012] AH00529: /var/www/vhosts/saratogahistory.com/httpdocs/phpBB/.htaccess pcfg_openfile: unable to check htaccess file, ensure it is readable and that '/var/www/vhosts/saratogahistory.com/httpdocs/phpBB/' is executable, referer: http://www.saratogahistory.com/phpBB/index.php
[Sun Aug 30 17:39:23.766494 2020] [core:crit] [pid 6888:tid 140619124995840] (13)Permission denied: [client 198.144.121.194:38266] AH00529: /var/www/vhosts/saratogahistory.com/httpdocs/phpBB/.htaccess pcfg_openfile: unable to check htaccess file, ensure it is readable and that '/var/www/vhosts/saratogahistory.com/httpdocs/phpBB/' is executable, referer: http://www.saratogahistory.com/phpBB/index.php
[Sun Aug 30 17:42:59.977826 2020] [core:crit] [pid 6888:tid 140619282343680] (13)Permission denied: [client 185.25.35.13:48364] AH00529: /var/www/vhosts/saratogahistory.com/httpdocs/phpBB/.htaccess pcfg_openfile: unable to check htaccess file, ensure it is readable and that '/var/www/vhosts/saratogahistory.com/httpdocs/phpBB/' is executable
[Sun Aug 30 17:51:37.427045 2020] [core:crit] [pid 32352:tid 140619229894400] (13)Permission denied: [client 185.25.35.15:42940] AH00529: /var/www/vhosts/saratogahistory.com/httpdocs/phpBB/.htaccess pcfg_openfile: unable to check htaccess file, ensure it is readable and that '/var/www/vhosts/saratogahistory.com/httpdocs/phpBB/' is executable
[Sun Aug 30 17:59:00.501701 2020] [core:crit] [pid 32352:tid 140619156465408] (13)Permission denied: [client 74.210.168.36:33942] AH00529: /var/www/vhosts/saratogahistory.com/httpdocs/phpBB/.htaccess pcfg_openfile: unable to check htaccess file, ensure it is readable and that '/var/www/vhosts/saratogahistory.com/httpdocs/phpBB/' is executable, referer: http://www.saratogahistory.com/phpBB/index.php
[Sun Aug 30 17:59:01.268165 2020] [proxy_fcgi:error] [pid 32325:tid 140619198424832] [client 74.210.168.36:33992] AH01071: Got error 'Primary script unknown\n', referer: http://www.saratogahistory.com/index.php
[Sun Aug 30 17:59:01.478492 2020] [proxy_fcgi:error] [pid 32325:tid 140619187934976] [client 74.210.168.36:34012] AH01071: Got error 'Primary script unknown\n', referer: http://www.saratogahistory.com/index.php
[Sun Aug 30 17:59:01.676880 2020] [proxy_fcgi:error] [pid 32352:tid 140619198424832] [client 74.210.168.36:34032] AH01071: Got error 'Primary script unknown\n', referer: http://www.saratogahistory.com/index.php
[Sun Aug 30 18:06:59.356762 2020] [core:crit] [pid 32325:tid 140619229894400] (13)Permission denied: [client 46.246.65.141:57596] AH00529: /var/www/vhosts/saratogahistory.com/httpdocs/phpBB/.htaccess pcfg_openfile: unable to check htaccess file, ensure it is readable and that '/var/www/vhosts/saratogahistory.com/httpdocs/phpBB/' is executable, referer: http://www.saratogahistory.com/phpBB/index.php
[Sun Aug 30 18:07:01.027823 2020] [core:crit] [pid 6888:tid 140619334792960] (13)Permission denied: [client 46.246.65.141:57636] AH00529: /var/www/vhosts/saratogahistory.com/httpdocs/phpBB/.htaccess pcfg_openfile: unable to check htaccess file, ensure it is readable and that '/var/www/vhosts/saratogahistory.com/httpdocs/phpBB/' is executable, referer: http://www.saratogahistory.com/phpBB/index.php
[Sun Aug 30 18:07:40.082879 2020] [core:crit] [pid 6888:tid 140619250874112] (13)Permission denied: [client 173.252.79.12:59268] AH00529: /var/www/vhosts/saratogahistory.com/httpdocs/phpBB/.htaccess pcfg_openfile: unable to check htaccess file, ensure it is readable and that '/var/www/vhosts/saratogahistory.com/httpdocs/phpBB/' is executable
[Sun Aug 30 18:11:39.164336 2020] [core:crit] [pid 32352:tid 140619177445120] (13)Permission denied: [client 109.70.100.29:41656] AH00529: /var/www/vhosts/saratogahistory.com/httpdocs/phpBB/.htaccess pcfg_openfile: unable to check htaccess file, ensure it is readable and that '/var/www/vhosts/saratogahistory.com/httpdocs/phpBB/' is executable, referer: http://www.saratogahistory.com/phpBB/index.php
[Sun Aug 30 18:24:11.099427 2020] [core:crit] [pid 6888:tid 140619292833536] (13)Permission denied: [client 176.107.183.146:46830] AH00529: /var/www/vhosts/saratogahistory.com/httpdocs/phpBB/.htaccess pcfg_openfile: unable to check htaccess file, ensure it is readable and that '/var/www/vhosts/saratogahistory.com/httpdocs/phpBB/' is executable, referer: http://www.saratogahistory.com/phpBB/index.php
[Sun Aug 30 18:29:39.660087 2020] [core:crit] [pid 6888:tid 140619261363968] (13)Permission denied: [client 95.111.240.199:33440] AH00529: /var/www/vhosts/saratogahistory.com/httpdocs/phpBB/.htaccess pcfg_openfile: unable to check htaccess file, ensure it is readable and that '/var/www/vhosts/saratogahistory.com/httpdocs/phpBB/' is executable, referer: http://www.saratogahistory.com/phpBB/index.php
[Sun Aug 30 18:29:40.479697 2020] [proxy_fcgi:error] [pid 6888:tid 140619145975552] [client 95.111.240.199:33482] AH01071: Got error 'Primary script unknown\n', referer: http://www.saratogahistory.com/index.php
[Sun Aug 30 18:29:40.700149 2020] [proxy_fcgi:error] [pid 32352:tid 140619250874112] [client 95.111.240.199:33488] AH01071: Got error 'Primary script unknown\n', referer: http://www.saratogahistory.com/index.php
[Sun Aug 30 18:29:40.922174 2020] [proxy_fcgi:error] [pid 32352:tid 140619208914688] [client 95.111.240.199:33498] AH01071: Got error 'Primary script unknown\n', referer: http://www.saratogahistory.com/index.php
[Sun Aug 30 18:49:23.355924 2020] [core:crit] [pid 32352:tid 140619292833536] (13)Permission denied: [client 203.133.169.112:56086] AH00529: /var/www/vhosts/saratogahistory.com/httpdocs/phpBB/.htaccess pcfg_openfile: unable to check htaccess file, ensure it is readable and that '/var/www/vhosts/saratogahistory.com/httpdocs/phpBB/' is executable
[Sun Aug 30 18:49:28.236979 2020] [core:crit] [pid 6888:tid 140619303323392] (13)Permission denied: [client 203.133.169.112:56280] AH00529: /var/www/vhosts/saratogahistory.com/httpdocs/phpBB/.htaccess pcfg_openfile: unable to check htaccess file, ensure it is readable and that '/var/www/vhosts/saratogahistory.com/httpdocs/phpBB/' is executable
[Sun Aug 30 18:49:33.156042 2020] [core:crit] [pid 32352:tid 140619282343680] (13)Permission denied: [client 203.133.169.112:56460] AH00529: /var/www/vhosts/saratogahistory.com/httpdocs/phpBB/.htaccess pcfg_openfile: unable to check htaccess file, ensure it is readable and that '/var/www/vhosts/saratogahistory.com/httpdocs/phpBB/' is executable
[Sun Aug 30 18:49:38.089641 2020] [core:crit] [pid 6888:tid 140619198424832] (13)Permission denied: [client 203.133.169.112:56598] AH00529: /var/www/vhosts/saratogahistory.com/httpdocs/phpBB/.htaccess pcfg_openfile: unable to check htaccess file, ensure it is readable and that '/var/www/vhosts/saratogahistory.com/httpdocs/phpBB/' is executable
[Sun Aug 30 18:49:43.104908 2020] [core:crit] [pid 6888:tid 140619366262528] (13)Permission denied: [client 203.133.169.112:56798] AH00529: /var/www/vhosts/saratogahistory.com/httpdocs/phpBB/.htaccess pcfg_openfile: unable to check htaccess file, ensure it is readable and that '/var/www/vhosts/saratogahistory.com/httpdocs/phpBB/' is executable
[Sun Aug 30 18:49:48.021056 2020] [core:crit] [pid 6888:tid 140619345282816] (13)Permission denied: [client 203.133.169.112:56934] AH00529: /var/www/vhosts/saratogahistory.com/httpdocs/phpBB/.htaccess pcfg_openfile: unable to check htaccess file, ensure it is readable and that '/var/www/vhosts/saratogahistory.com/httpdocs/phpBB/' is executable
[Sun Aug 30 18:49:53.161217 2020] [core:crit] [pid 6888:tid 140619324303104] (13)Permission denied: [client 203.133.169.112:57080] AH00529: /var/www/vhosts/saratogahistory.com/httpdocs/phpBB/.htaccess pcfg_openfile: unable to check htaccess file, ensure it is readable and that '/var/www/vhosts/saratogahistory.com/httpdocs/phpBB/' is executable
[Sun Aug 30 18:49:58.188107 2020] [core:crit] [pid 6888:tid 140619250874112] (13)Permission denied: [client 203.133.169.112:57272] AH00529: /var/www/vhosts/saratogahistory.com/httpdocs/phpBB/.htaccess pcfg_openfile: unable to check htaccess file, ensure it is readable and that '/var/www/vhosts/saratogahistory.com/httpdocs/phpBB/' is executable
[Sun Aug 30 18:50:03.183291 2020] [core:crit] [pid 32325:tid 140619292833536] (13)Permission denied: [client 203.133.169.112:57554] AH00529: /var/www/vhosts/saratogahistory.com/httpdocs/phpBB/.htaccess pcfg_openfile: unable to check htaccess file, ensure it is readable and that '/var/www/vhosts/saratogahistory.com/httpdocs/phpBB/' is executable
[Sun Aug 30 18:50:08.176268 2020] [core:crit] [pid 6888:tid 140619240384256] (13)Permission denied: [client 203.133.169.112:57778] AH00529: /var/www/vhosts/saratogahistory.com/httpdocs/phpBB/.htaccess pcfg_openfile: unable to check htaccess file, ensure it is readable and that '/var/www/vhosts/saratogahistory.com/httpdocs/phpBB/' is executable
[Sun Aug 30 18:50:13.064699 2020] [core:crit] [pid 32352:tid 140619124995840] (13)Permission denied: [client 203.133.169.112:57938] AH00529: /var/www/vhosts/saratogahistory.com/httpdocs/phpBB/.htaccess pcfg_openfile: unable to check htaccess file, ensure it is readable and that '/var/www/vhosts/saratogahistory.com/httpdocs/phpBB/' is executable
[Sun Aug 30 18:50:18.078791 2020] [core:crit] [pid 32352:tid 140619313813248] (13)Permission denied: [client 203.133.169.112:58098] AH00529: /var/www/vhosts/saratogahistory.com/httpdocs/phpBB/.htaccess pcfg_openfile: unable to check htaccess file, ensure it is readable and that '/var/www/vhosts/saratogahistory.com/httpdocs/phpBB/' is executable
[Sun Aug 30 18:50:22.996009 2020] [core:crit] [pid 6888:tid 140619187934976] (13)Permission denied: [client 203.133.169.112:58266] AH00529: /var/www/vhosts/saratogahistory.com/httpdocs/phpBB/.htaccess pcfg_openfile: unable to check htaccess file, ensure it is readable and that '/var/www/vhosts/saratogahistory.com/httpdocs/phpBB/' is executable
[Sun Aug 30 18:50:28.241848 2020] [core:crit] [pid 32352:tid 140619324303104] (13)Permission denied: [client 203.133.169.112:58436] AH00529: /var/www/vhosts/saratogahistory.com/httpdocs/phpBB/.htaccess pcfg_openfile: unable to check htaccess file, ensure it is readable and that '/var/www/vhosts/saratogahistory.com/httpdocs/phpBB/' is executable
[Sun Aug 30 18:50:33.224442 2020] [core:crit] [pid 32322:tid 140619156465408] (13)Permission denied: [client 203.133.169.112:58644] AH00529: /var/www/vhosts/saratogahistory.com/httpdocs/phpBB/.htaccess pcfg_openfile: unable to check htaccess file, ensure it is readable and that '/var/www/vhosts/saratogahistory.com/httpdocs/phpBB/' is executable
[Sun Aug 30 18:50:38.223725 2020] [core:crit] [pid 6888:tid 140619208914688] (13)Permission denied: [client 203.133.169.112:58822] AH00529: /var/www/vhosts/saratogahistory.com/httpdocs/phpBB/.htaccess pcfg_openfile: unable to check htaccess file, ensure it is readable and that '/var/www/vhosts/saratogahistory.com/httpdocs/phpBB/' is executable
[Sun Aug 30 18:50:43.122948 2020] [core:crit] [pid 32352:tid 140619261363968] (13)Permission denied: [client 203.133.169.112:58996] AH00529: /var/www/vhosts/saratogahistory.com/httpdocs/phpBB/.htaccess pcfg_openfile: unable to check htaccess file, ensure it is readable and that '/var/www/vhosts/saratogahistory.com/httpdocs/phpBB/' is executable
[Sun Aug 30 18:50:48.136996 2020] [core:crit] [pid 32322:tid 140619145975552] (13)Permission denied: [client 203.133.169.112:59170] AH00529: /var/www/vhosts/saratogahistory.com/httpdocs/phpBB/.htaccess pcfg_openfile: unable to check htaccess file, ensure it is readable and that '/var/www/vhosts/saratogahistory.com/httpdocs/phpBB/' is executable
[Sun Aug 30 18:50:53.118886 2020] [core:crit] [pid 6888:tid 140619229894400] (13)Permission denied: [client 203.133.169.112:59330] AH00529: /var/www/vhosts/saratogahistory.com/httpdocs/phpBB/.htaccess pcfg_openfile: unable to check htaccess file, ensure it is readable and that '/var/www/vhosts/saratogahistory.com/httpdocs/phpBB/' is executable
[Sun Aug 30 18:50:58.011918 2020] [core:crit] [pid 6888:tid 140619261363968] (13)Permission denied: [client 203.133.169.112:59506] AH00529: /var/www/vhosts/saratogahistory.com/httpdocs/phpBB/.htaccess pcfg_openfile: unable to check htaccess file, ensure it is readable and that '/var/www/vhosts/saratogahistory.com/httpdocs/phpBB/' is executable
[Sun Aug 30 18:51:03.263254 2020] [core:crit] [pid 6888:tid 140619219404544] (13)Permission denied: [client 203.133.169.112:59770] AH00529: /var/www/vhosts/saratogahistory.com/httpdocs/phpBB/.htaccess pcfg_openfile: unable to check htaccess file, ensure it is readable and that '/var/www/vhosts/saratogahistory.com/httpdocs/phpBB/' is executable
[Sun Aug 30 18:51:08.629916 2020] [core:crit] [pid 32352:tid 140619240384256] (13)Permission denied: [client 203.133.169.112:59910] AH00529: /var/www/vhosts/saratogahistory.com/httpdocs/phpBB/.htaccess pcfg_openfile: unable to check htaccess file, ensure it is readable and that '/var/www/vhosts/saratogahistory.com/httpdocs/phpBB/' is executable
[Sun Aug 30 18:51:13.650937 2020] [core:crit] [pid 32352:tid 140619355772672] (13)Permission denied: [client 203.133.169.112:60080] AH00529: /var/www/vhosts/saratogahistory.com/httpdocs/phpBB/.htaccess pcfg_openfile: unable to check htaccess file, ensure it is readable and that '/var/www/vhosts/saratogahistory.com/httpdocs/phpBB/' is executable
[Sun Aug 30 18:51:18.636384 2020] [core:crit] [pid 6888:tid 140619145975552] (13)Permission denied: [client 203.133.169.112:60192] AH00529: /var/www/vhosts/saratogahistory.com/httpdocs/phpBB/.htaccess pcfg_openfile: unable to check htaccess file, ensure it is readable and that '/var/www/vhosts/saratogahistory.com/httpdocs/phpBB/' is executable
[Sun Aug 30 18:51:23.700314 2020] [core:crit] [pid 6888:tid 140619177445120] (13)Permission denied: [client 203.133.169.112:60362] AH00529: /var/www/vhosts/saratogahistory.com/httpdocs/phpBB/.htaccess pcfg_openfile: unable to check htaccess file, ensure it is readable and that '/var/www/vhosts/saratogahistory.com/httpdocs/phpBB/' is executable
[Sun Aug 30 18:51:28.694021 2020] [core:crit] [pid 32352:tid 140619208914688] (13)Permission denied: [client 203.133.169.112:60544] AH00529: /var/www/vhosts/saratogahistory.com/httpdocs/phpBB/.htaccess pcfg_openfile: unable to check htaccess file, ensure it is readable and that '/var/www/vhosts/saratogahistory.com/httpdocs/phpBB/' is executable
[Sun Aug 30 18:51:33.770754 2020] [core:crit] [pid 6888:tid 140619124995840] (13)Permission denied: [client 203.133.169.112:60764] AH00529: /var/www/vhosts/saratogahistory.com/httpdocs/phpBB/.htaccess pcfg_openfile: unable to check htaccess file, ensure it is readable and that '/var/www/vhosts/saratogahistory.com/httpdocs/phpBB/' is executable
[Sun Aug 30 18:51:38.665193 2020] [core:crit] [pid 6888:tid 140619355772672] (13)Permission denied: [client 203.133.169.112:60958] AH00529: /var/www/vhosts/saratogahistory.com/httpdocs/phpBB/.htaccess pcfg_openfile: unable to check htaccess file, ensure it is readable and that '/var/www/vhosts/saratogahistory.com/httpdocs/phpBB/' is executable
[Sun Aug 30 18:51:43.563962 2020] [core:crit] [pid 6888:tid 140619166955264] (13)Permission denied: [client 203.133.169.112:32930] AH00529: /var/www/vhosts/saratogahistory.com/httpdocs/phpBB/.htaccess pcfg_openfile: unable to check htaccess file, ensure it is readable and that '/var/www/vhosts/saratogahistory.com/httpdocs/phpBB/' is executable
[Sun Aug 30 18:51:48.467286 2020] [core:crit] [pid 6888:tid 140619135485696] (13)Permission denied: [client 203.133.169.112:33088] AH00529: /var/www/vhosts/saratogahistory.com/httpdocs/phpBB/.htaccess pcfg_openfile: unable to check htaccess file, ensure it is readable and that '/var/www/vhosts/saratogahistory.com/httpdocs/phpBB/' is executable
[Sun Aug 30 18:51:53.451800 2020] [core:crit] [pid 6888:tid 140619376752384] (13)Permission denied: [client 203.133.169.112:33248] AH00529: /var/www/vhosts/saratogahistory.com/httpdocs/phpBB/.htaccess pcfg_openfile: unable to check htaccess file, ensure it is readable and that '/var/www/vhosts/saratogahistory.com/httpdocs/phpBB/' is executable
[Sun Aug 30 18:51:58.437405 2020] [core:crit] [pid 6888:tid 140619334792960] (13)Permission denied: [client 203.133.169.112:33436] AH00529: /var/www/vhosts/saratogahistory.com/httpdocs/phpBB/.htaccess pcfg_openfile: unable to check htaccess file, ensure it is readable and that '/var/www/vhosts/saratogahistory.com/httpdocs/phpBB/' is executable
[Sun Aug 30 18:52:03.352054 2020] [core:crit] [pid 6888:tid 140619313813248] (13)Permission denied: [client 203.133.169.112:33654] AH00529: /var/www/vhosts/saratogahistory.com/httpdocs/phpBB/.htaccess pcfg_openfile: unable to check htaccess file, ensure it is readable and that '/var/www/vhosts/saratogahistory.com/httpdocs/phpBB/' is executable
[Sun Aug 30 18:52:08.435820 2020] [core:crit] [pid 6888:tid 140619271853824] (13)Permission denied: [client 203.133.169.112:33842] AH00529: /var/www/vhosts/saratogahistory.com/httpdocs/phpBB/.htaccess pcfg_openfile: unable to check htaccess file, ensure it is readable and that '/var/www/vhosts/saratogahistory.com/httpdocs/phpBB/' is executable
[Sun Aug 30 18:52:13.308554 2020] [core:crit] [pid 6888:tid 140619303323392] (13)Permission denied: [client 203.133.169.112:33994] AH00529: /var/www/vhosts/saratogahistory.com/httpdocs/phpBB/.htaccess pcfg_openfile: unable to check htaccess file, ensure it is readable and that '/var/www/vhosts/saratogahistory.com/httpdocs/phpBB/' is executable
[Sun Aug 30 18:52:18.256344 2020] [core:crit] [pid 6888:tid 140619198424832] (13)Permission denied: [client 203.133.169.112:34142] AH00529: /var/www/vhosts/saratogahistory.com/httpdocs/phpBB/.htaccess pcfg_openfile: unable to check htaccess file, ensure it is readable and that '/var/www/vhosts/saratogahistory.com/httpdocs/phpBB/' is executable
[Sun Aug 30 18:54:46.897074 2020] [core:crit] [pid 6888:tid 140619345282816] (13)Permission denied: [client 185.220.102.248:39948] AH00529: /var/www/vhosts/saratogahistory.com/httpdocs/phpBB/.htaccess pcfg_openfile: unable to check htaccess file, ensure it is readable and that '/var/www/vhosts/saratogahistory.com/httpdocs/phpBB/' is executable, referer: http://www.saratogahistory.com/phpBB/index.php
[Sun Aug 30 19:02:06.822508 2020] [core:crit] [pid 32352:tid 140619177445120] (13)Permission denied: [client 46.8.212.155:58310] AH00529: /var/www/vhosts/saratogahistory.com/httpdocs/phpBB/.htaccess pcfg_openfile: unable to check htaccess file, ensure it is readable and that '/var/www/vhosts/saratogahistory.com/httpdocs/phpBB/' is executable, referer: http://www.saratogahistory.com/
[Sun Aug 30 19:02:07.285935 2020] [core:crit] [pid 6888:tid 140619366262528] (13)Permission denied: [client 46.8.212.155:58326] AH00529: /var/www/vhosts/saratogahistory.com/httpdocs/phpBB/.htaccess pcfg_openfile: unable to check htaccess file, ensure it is readable and that '/var/www/vhosts/saratogahistory.com/httpdocs/phpBB/' is executable, referer: http://www.saratogahistory.com/
[Sun Aug 30 19:02:07.739287 2020] [core:crit] [pid 6888:tid 140619345282816] (13)Permission denied: [client 188.130.188.140:58364] AH00529: /var/www/vhosts/saratogahistory.com/httpdocs/phpBB/.htaccess pcfg_openfile: unable to check htaccess file, ensure it is readable and that '/var/www/vhosts/saratogahistory.com/httpdocs/phpBB/' is executable, referer: http://www.saratogahistory.com/
[Sun Aug 30 19:02:08.195677 2020] [core:crit] [pid 32325:tid 140619250874112] (13)Permission denied: [client 188.130.188.140:58376] AH00529: /var/www/vhosts/saratogahistory.com/httpdocs/phpBB/.htaccess pcfg_openfile: unable to check htaccess file, ensure it is readable and that '/var/www/vhosts/saratogahistory.com/httpdocs/phpBB/' is executable, referer: http://www.saratogahistory.com/
[Sun Aug 30 19:42:52.483592 2020] [core:crit] [pid 6888:tid 140619240384256] (13)Permission denied: [client 176.10.104.240:55556] AH00529: /var/www/vhosts/saratogahistory.com/httpdocs/phpBB/.htaccess pcfg_openfile: unable to check htaccess file, ensure it is readable and that '/var/www/vhosts/saratogahistory.com/httpdocs/phpBB/' is executable, referer: http://www.saratogahistory.com/phpBB/index.php
[Sun Aug 30 19:53:31.802512 2020] [core:crit] [pid 32352:tid 140619334792960] (13)Permission denied: [client 109.69.67.17:55494] AH00529: /var/www/vhosts/saratogahistory.com/httpdocs/phpBB/.htaccess pcfg_openfile: unable to check htaccess file, ensure it is readable and that '/var/www/vhosts/saratogahistory.com/httpdocs/phpBB/' is executable, referer: http://www.saratogahistory.com/phpBB/index.php
[Sun Aug 30 21:31:15.207057 2020] [core:crit] [pid 6888:tid 140619334792960] (13)Permission denied: [client 37.45.247.21:59094] AH00529: /var/www/vhosts/saratogahistory.com/httpdocs/phpBB/.htaccess pcfg_openfile: unable to check htaccess file, ensure it is readable and that '/var/www/vhosts/saratogahistory.com/httpdocs/phpBB/' is executable, referer: http://www.saratogahistory.com/phpBB/index.php
[Sun Aug 30 21:31:16.280765 2020] [proxy_fcgi:error] [pid 32322:tid 140619292833536] [client 37.45.247.21:59136] AH01071: Got error 'Primary script unknown\n', referer: http://www.saratogahistory.com/index.php
[Sun Aug 30 21:31:16.577427 2020] [proxy_fcgi:error] [pid 6888:tid 140619303323392] [client 37.45.247.21:59150] AH01071: Got error 'Primary script unknown\n', referer: http://www.saratogahistory.com/index.php
[Sun Aug 30 21:31:16.867555 2020] [proxy_fcgi:error] [pid 6888:tid 140619366262528] [client 37.45.247.21:59158] AH01071: Got error 'Primary script unknown\n', referer: http://www.saratogahistory.com/index.php
[Sun Aug 30 21:39:19.987371 2020] [core:crit] [pid 6888:tid 140619324303104] (13)Permission denied: [client 107.189.10.101:54050] AH00529: /var/www/vhosts/saratogahistory.com/httpdocs/phpBB/.htaccess pcfg_openfile: unable to check htaccess file, ensure it is readable and that '/var/www/vhosts/saratogahistory.com/httpdocs/phpBB/' is executable, referer: http://www.saratogahistory.com/phpBB/index.php
[Sun Aug 30 21:47:24.240252 2020] [core:crit] [pid 6888:tid 140619124995840] (13)Permission denied: [client 109.236.60.140:46754] AH00529: /var/www/vhosts/saratogahistory.com/httpdocs/phpBB/.htaccess pcfg_openfile: unable to check htaccess file, ensure it is readable and that '/var/www/vhosts/saratogahistory.com/httpdocs/phpBB/' is executable, referer: http://m.facebook.com
[Sun Aug 30 21:59:04.744700 2020] [core:crit] [pid 6888:tid 140619282343680] (13)Permission denied: [client 178.184.79.213:48224] AH00529: /var/www/vhosts/saratogahistory.com/httpdocs/phpBB/.htaccess pcfg_openfile: unable to check htaccess file, ensure it is readable and that '/var/www/vhosts/saratogahistory.com/httpdocs/phpBB/' is executable, referer: http://www.saratogahistory.com/phpBB/index.php
[Sun Aug 30 22:01:21.921006 2020] [core:crit] [pid 32352:tid 140619282343680] (13)Permission denied: [client 185.25.35.10:52996] AH00529: /var/www/vhosts/saratogahistory.com/httpdocs/phpBB/.htaccess pcfg_openfile: unable to check htaccess file, ensure it is readable and that '/var/www/vhosts/saratogahistory.com/httpdocs/phpBB/' is executable
[Sun Aug 30 22:11:00.087124 2020] [core:crit] [pid 32352:tid 140619324303104] (13)Permission denied: [client 37.115.216.98:46306] AH00529: /var/www/vhosts/saratogahistory.com/httpdocs/phpBB/.htaccess pcfg_openfile: unable to check htaccess file, ensure it is readable and that '/var/www/vhosts/saratogahistory.com/httpdocs/phpBB/' is executable, referer: http://www.saratogahistory.com/phpBB/index.php
[Sun Aug 30 22:15:42.556365 2020] [core:crit] [pid 32325:tid 140619198424832] (13)Permission denied: [client 109.70.100.42:36060] AH00529: /var/www/vhosts/saratogahistory.com/httpdocs/phpBB/.htaccess pcfg_openfile: unable to check htaccess file, ensure it is readable and that '/var/www/vhosts/saratogahistory.com/httpdocs/phpBB/' is executable, referer: http://www.saratogahistory.com/phpBB/index.php
[Sun Aug 30 22:18:34.248489 2020] [core:crit] [pid 6888:tid 140619292833536] (13)Permission denied: [client 203.133.169.112:43066] AH00529: /var/www/vhosts/saratogahistory.com/httpdocs/phpBB/.htaccess pcfg_openfile: unable to check htaccess file, ensure it is readable and that '/var/www/vhosts/saratogahistory.com/httpdocs/phpBB/' is executable
[Sun Aug 30 22:18:39.240919 2020] [core:crit] [pid 6888:tid 140619334792960] (13)Permission denied: [client 203.133.169.112:43306] AH00529: /var/www/vhosts/saratogahistory.com/httpdocs/phpBB/.htaccess pcfg_openfile: unable to check htaccess file, ensure it is readable and that '/var/www/vhosts/saratogahistory.com/httpdocs/phpBB/' is executable
[Sun Aug 30 22:18:44.125076 2020] [core:crit] [pid 6888:tid 140619313813248] (13)Permission denied: [client 203.133.169.112:43516] AH00529: /var/www/vhosts/saratogahistory.com/httpdocs/phpBB/.htaccess pcfg_openfile: unable to check htaccess file, ensure it is readable and that '/var/www/vhosts/saratogahistory.com/httpdocs/phpBB/' is executable
[Sun Aug 30 22:18:49.109437 2020] [core:crit] [pid 32352:tid 140619345282816] (13)Permission denied: [client 203.133.169.112:43706] AH00529: /var/www/vhosts/saratogahistory.com/httpdocs/phpBB/.htaccess pcfg_openfile: unable to check htaccess file, ensure it is readable and that '/var/www/vhosts/saratogahistory.com/httpdocs/phpBB/' is executable
[Sun Aug 30 22:18:54.131629 2020] [core:crit] [pid 6888:tid 140619271853824] (13)Permission denied: [client 203.133.169.112:43856] AH00529: /var/www/vhosts/saratogahistory.com/httpdocs/phpBB/.htaccess pcfg_openfile: unable to check htaccess file, ensure it is readable and that '/var/www/vhosts/saratogahistory.com/httpdocs/phpBB/' is executable
[Sun Aug 30 22:18:59.118816 2020] [core:crit] [pid 6888:tid 140619303323392] (13)Permission denied: [client 203.133.169.112:44086] AH00529: /var/www/vhosts/saratogahistory.com/httpdocs/phpBB/.htaccess pcfg_openfile: unable to check htaccess file, ensure it is readable and that '/var/www/vhosts/saratogahistory.com/httpdocs/phpBB/' is executable
[Sun Aug 30 22:19:04.214939 2020] [core:crit] [pid 6888:tid 140619366262528] (13)Permission denied: [client 203.133.169.112:44284] AH00529: /var/www/vhosts/saratogahistory.com/httpdocs/phpBB/.htaccess pcfg_openfile: unable to check htaccess file, ensure it is readable and that '/var/www/vhosts/saratogahistory.com/httpdocs/phpBB/' is executable
[Sun Aug 30 22:19:09.198353 2020] [core:crit] [pid 6888:tid 140619198424832] (13)Permission denied: [client 203.133.169.112:44446] AH00529: /var/www/vhosts/saratogahistory.com/httpdocs/phpBB/.htaccess pcfg_openfile: unable to check htaccess file, ensure it is readable and that '/var/www/vhosts/saratogahistory.com/httpdocs/phpBB/' is executable
[Sun Aug 30 22:19:14.077230 2020] [core:crit] [pid 6888:tid 140619145975552] (13)Permission denied: [client 203.133.169.112:44656] AH00529: /var/www/vhosts/saratogahistory.com/httpdocs/phpBB/.htaccess pcfg_openfile: unable to check htaccess file, ensure it is readable and that '/var/www/vhosts/saratogahistory.com/httpdocs/phpBB/' is executable
[Sun Aug 30 22:19:18.963895 2020] [core:crit] [pid 6888:tid 140619156465408] (13)Permission denied: [client 203.133.169.112:44928] AH00529: /var/www/vhosts/saratogahistory.com/httpdocs/phpBB/.htaccess pcfg_openfile: unable to check htaccess file, ensure it is readable and that '/var/www/vhosts/saratogahistory.com/httpdocs/phpBB/' is executable
[Sun Aug 30 22:19:24.695934 2020] [core:crit] [pid 6888:tid 140619177445120] (13)Permission denied: [client 203.133.169.112:45192] AH00529: /var/www/vhosts/saratogahistory.com/httpdocs/phpBB/.htaccess pcfg_openfile: unable to check htaccess file, ensure it is readable and that '/var/www/vhosts/saratogahistory.com/httpdocs/phpBB/' is executable
[Sun Aug 30 22:19:29.725429 2020] [core:crit] [pid 32352:tid 140619177445120] (13)Permission denied: [client 203.133.169.112:45382] AH00529: /var/www/vhosts/saratogahistory.com/httpdocs/phpBB/.htaccess pcfg_openfile: unable to check htaccess file, ensure it is readable and that '/var/www/vhosts/saratogahistory.com/httpdocs/phpBB/' is executable
[Sun Aug 30 22:19:35.128142 2020] [core:crit] [pid 6888:tid 140619124995840] (13)Permission denied: [client 203.133.169.112:45562] AH00529: /var/www/vhosts/saratogahistory.com/httpdocs/phpBB/.htaccess pcfg_openfile: unable to check htaccess file, ensure it is readable and that '/var/www/vhosts/saratogahistory.com/httpdocs/phpBB/' is executable
[Sun Aug 30 22:19:40.125561 2020] [core:crit] [pid 6888:tid 140619355772672] (13)Permission denied: [client 203.133.169.112:45794] AH00529: /var/www/vhosts/saratogahistory.com/httpdocs/phpBB/.htaccess pcfg_openfile: unable to check htaccess file, ensure it is readable and that '/var/www/vhosts/saratogahistory.com/httpdocs/phpBB/' is executable
[Sun Aug 30 22:19:45.012460 2020] [core:crit] [pid 6888:tid 140619166955264] (13)Permission denied: [client 203.133.169.112:46040] AH00529: /var/www/vhosts/saratogahistory.com/httpdocs/phpBB/.htaccess pcfg_openfile: unable to check htaccess file, ensure it is readable and that '/var/www/vhosts/saratogahistory.com/httpdocs/phpBB/' is executable
[Sun Aug 30 22:19:50.076326 2020] [core:crit] [pid 6888:tid 140619376752384] (13)Permission denied: [client 203.133.169.112:46262] AH00529: /var/www/vhosts/saratogahistory.com/httpdocs/phpBB/.htaccess pcfg_openfile: unable to check htaccess file, ensure it is readable and that '/var/www/vhosts/saratogahistory.com/httpdocs/phpBB/' is executable
[Sun Aug 30 22:19:54.965006 2020] [core:crit] [pid 6888:tid 140619135485696] (13)Permission denied: [client 203.133.169.112:46516] AH00529: /var/www/vhosts/saratogahistory.com/httpdocs/phpBB/.htaccess pcfg_openfile: unable to check htaccess file, ensure it is readable and that '/var/www/vhosts/saratogahistory.com/httpdocs/phpBB/' is executable
[Sun Aug 30 22:19:59.871326 2020] [core:crit] [pid 32352:tid 140619135485696] (13)Permission denied: [client 203.133.169.112:46698] AH00529: /var/www/vhosts/saratogahistory.com/httpdocs/phpBB/.htaccess pcfg_openfile: unable to check htaccess file, ensure it is readable and that '/var/www/vhosts/saratogahistory.com/httpdocs/phpBB/' is executable
[Sun Aug 30 22:20:04.880838 2020] [core:crit] [pid 6888:tid 140619292833536] (13)Permission denied: [client 203.133.169.112:47036] AH00529: /var/www/vhosts/saratogahistory.com/httpdocs/phpBB/.htaccess pcfg_openfile: unable to check htaccess file, ensure it is readable and that '/var/www/vhosts/saratogahistory.com/httpdocs/phpBB/' is executable
[Sun Aug 30 22:20:10.246640 2020] [core:crit] [pid 32352:tid 140619303323392] (13)Permission denied: [client 203.133.169.112:47262] AH00529: /var/www/vhosts/saratogahistory.com/httpdocs/phpBB/.htaccess pcfg_openfile: unable to check htaccess file, ensure it is readable and that '/var/www/vhosts/saratogahistory.com/httpdocs/phpBB/' is executable
[Sun Aug 30 22:20:15.126283 2020] [core:crit] [pid 6888:tid 140619334792960] (13)Permission denied: [client 203.133.169.112:47470] AH00529: /var/www/vhosts/saratogahistory.com/httpdocs/phpBB/.htaccess pcfg_openfile: unable to check htaccess file, ensure it is readable and that '/var/www/vhosts/saratogahistory.com/httpdocs/phpBB/' is executable
[Sun Aug 30 22:20:20.131588 2020] [core:crit] [pid 6888:tid 140619313813248] (13)Permission denied: [client 203.133.169.112:47738] AH00529: /var/www/vhosts/saratogahistory.com/httpdocs/phpBB/.htaccess pcfg_openfile: unable to check htaccess file, ensure it is readable and that '/var/www/vhosts/saratogahistory.com/httpdocs/phpBB/' is executable
[Sun Aug 30 22:20:25.070347 2020] [core:crit] [pid 32352:tid 140619156465408] (13)Permission denied: [client 203.133.169.112:47972] AH00529: /var/www/vhosts/saratogahistory.com/httpdocs/phpBB/.htaccess pcfg_openfile: unable to check htaccess file, ensure it is readable and that '/var/www/vhosts/saratogahistory.com/httpdocs/phpBB/' is executable
[Sun Aug 30 22:20:29.973461 2020] [core:crit] [pid 6888:tid 140619271853824] (13)Permission denied: [client 203.133.169.112:48132] AH00529: /var/www/vhosts/saratogahistory.com/httpdocs/phpBB/.htaccess pcfg_openfile: unable to check htaccess file, ensure it is readable and that '/var/www/vhosts/saratogahistory.com/httpdocs/phpBB/' is executable
[Sun Aug 30 22:20:34.883671 2020] [core:crit] [pid 6888:tid 140619219404544] (13)Permission denied: [client 203.133.169.112:48358] AH00529: /var/www/vhosts/saratogahistory.com/httpdocs/phpBB/.htaccess pcfg_openfile: unable to check htaccess file, ensure it is readable and that '/var/www/vhosts/saratogahistory.com/httpdocs/phpBB/' is executable
[Sun Aug 30 22:20:39.907977 2020] [core:crit] [pid 6888:tid 140619145975552] (13)Permission denied: [client 203.133.169.112:48546] AH00529: /var/www/vhosts/saratogahistory.com/httpdocs/phpBB/.htaccess pcfg_openfile: unable to check htaccess file, ensure it is readable and that '/var/www/vhosts/saratogahistory.com/httpdocs/phpBB/' is executable
[Sun Aug 30 22:20:45.579546 2020] [core:crit] [pid 6888:tid 140619156465408] (13)Permission denied: [client 203.133.169.112:48748] AH00529: /var/www/vhosts/saratogahistory.com/httpdocs/phpBB/.htaccess pcfg_openfile: unable to check htaccess file, ensure it is readable and that '/var/www/vhosts/saratogahistory.com/httpdocs/phpBB/' is executable
[Sun Aug 30 22:20:50.507874 2020] [core:crit] [pid 6888:tid 140619177445120] (13)Permission denied: [client 203.133.169.112:48912] AH00529: /var/www/vhosts/saratogahistory.com/httpdocs/phpBB/.htaccess pcfg_openfile: unable to check htaccess file, ensure it is readable and that '/var/www/vhosts/saratogahistory.com/httpdocs/phpBB/' is executable
[Sun Aug 30 22:20:55.424686 2020] [core:crit] [pid 6888:tid 140619124995840] (13)Permission denied: [client 203.133.169.112:49078] AH00529: /var/www/vhosts/saratogahistory.com/httpdocs/phpBB/.htaccess pcfg_openfile: unable to check htaccess file, ensure it is readable and that '/var/www/vhosts/saratogahistory.com/httpdocs/phpBB/' is executable
[Sun Aug 30 22:21:00.459877 2020] [core:crit] [pid 32325:tid 140619156465408] (13)Permission denied: [client 203.133.169.112:49242] AH00529: /var/www/vhosts/saratogahistory.com/httpdocs/phpBB/.htaccess pcfg_openfile: unable to check htaccess file, ensure it is readable and that '/var/www/vhosts/saratogahistory.com/httpdocs/phpBB/' is executable
[Sun Aug 30 22:21:05.453697 2020] [core:crit] [pid 6888:tid 140619355772672] (13)Permission denied: [client 203.133.169.112:49460] AH00529: /var/www/vhosts/saratogahistory.com/httpdocs/phpBB/.htaccess pcfg_openfile: unable to check htaccess file, ensure it is readable and that '/var/www/vhosts/saratogahistory.com/httpdocs/phpBB/' is executable
[Sun Aug 30 22:21:10.360025 2020] [core:crit] [pid 6888:tid 140619166955264] (13)Permission denied: [client 203.133.169.112:49636] AH00529: /var/www/vhosts/saratogahistory.com/httpdocs/phpBB/.htaccess pcfg_openfile: unable to check htaccess file, ensure it is readable and that '/var/www/vhosts/saratogahistory.com/httpdocs/phpBB/' is executable
[Sun Aug 30 22:21:23.340127 2020] [core:crit] [pid 32352:tid 140619282343680] (13)Permission denied: [client 203.133.169.112:49994] AH00529: /var/www/vhosts/saratogahistory.com/httpdocs/phpBB/.htaccess pcfg_openfile: unable to check htaccess file, ensure it is readable and that '/var/www/vhosts/saratogahistory.com/httpdocs/phpBB/' is executable
[Sun Aug 30 22:21:28.238441 2020] [core:crit] [pid 32352:tid 140619124995840] (13)Permission denied: [client 203.133.169.112:50150] AH00529: /var/www/vhosts/saratogahistory.com/httpdocs/phpBB/.htaccess pcfg_openfile: unable to check htaccess file, ensure it is readable and that '/var/www/vhosts/saratogahistory.com/httpdocs/phpBB/' is executable
[Sun Aug 30 22:21:33.119363 2020] [core:crit] [pid 6888:tid 140619376752384] (13)Permission denied: [client 203.133.169.112:50296] AH00529: /var/www/vhosts/saratogahistory.com/httpdocs/phpBB/.htaccess pcfg_openfile: unable to check htaccess file, ensure it is readable and that '/var/www/vhosts/saratogahistory.com/httpdocs/phpBB/' is executable
[Sun Aug 30 22:21:38.110195 2020] [core:crit] [pid 6888:tid 140619313813248] (13)Permission denied: [client 203.133.169.112:50490] AH00529: /var/www/vhosts/saratogahistory.com/httpdocs/phpBB/.htaccess pcfg_openfile: unable to check htaccess file, ensure it is readable and that '/var/www/vhosts/saratogahistory.com/httpdocs/phpBB/' is executable
[Sun Aug 30 23:11:47.941847 2020] [core:crit] [pid 6888:tid 140619250874112] (13)Permission denied: [client 185.25.35.12:36478] AH00529: /var/www/vhosts/saratogahistory.com/httpdocs/phpBB/.htaccess pcfg_openfile: unable to check htaccess file, ensure it is readable and that '/var/www/vhosts/saratogahistory.com/httpdocs/phpBB/' is executable
[Sun Aug 30 23:42:10.473025 2020] [core:crit] [pid 6888:tid 140619345282816] (13)Permission denied: [client 109.70.100.37:56850] AH00529: /var/www/vhosts/saratogahistory.com/httpdocs/phpBB/.htaccess pcfg_openfile: unable to check htaccess file, ensure it is readable and that '/var/www/vhosts/saratogahistory.com/httpdocs/phpBB/' is executable, referer: http://www.saratogahistory.com/phpBB/index.php
[Sun Aug 30 23:48:15.466620 2020] [core:crit] [pid 6888:tid 140619292833536] (13)Permission denied: [client 185.25.35.11:44838] AH00529: /var/www/vhosts/saratogahistory.com/httpdocs/phpBB/.htaccess pcfg_openfile: unable to check htaccess file, ensure it is readable and that '/var/www/vhosts/saratogahistory.com/httpdocs/phpBB/' is executable
[Sun Aug 30 23:58:16.039467 2020] [core:crit] [pid 6888:tid 140619124995840] (13)Permission denied: [client 185.25.35.14:47856] AH00529: /var/www/vhosts/saratogahistory.com/httpdocs/phpBB/.htaccess pcfg_openfile: unable to check htaccess file, ensure it is readable and that '/var/www/vhosts/saratogahistory.com/httpdocs/phpBB/' is executable
[Mon Aug 31 00:17:10.767094 2020] [proxy_fcgi:error] [pid 6888:tid 140619303323392] [client 46.4.8.174:43364] AH01071: Got error 'Primary script unknown\n'
[Mon Aug 31 00:40:28.266283 2020] [core:crit] [pid 32352:tid 140619219404544] (13)Permission denied: [client 193.169.253.35:48980] AH00529: /var/www/vhosts/saratogahistory.com/httpdocs/phpBB/.htaccess pcfg_openfile: unable to check htaccess file, ensure it is readable and that '/var/www/vhosts/saratogahistory.com/httpdocs/phpBB/' is executable, referer: http://www.saratogahistory.com/phpBB/index.php
[Mon Aug 31 00:51:51.526609 2020] [core:crit] [pid 6888:tid 140619208914688] (13)Permission denied: [client 66.249.64.89:51472] AH00529: /var/www/vhosts/saratogahistory.com/httpdocs/phpBB/.htaccess pcfg_openfile: unable to check htaccess file, ensure it is readable and that '/var/www/vhosts/saratogahistory.com/httpdocs/phpBB/' is executable
[Mon Aug 31 00:51:59.242658 2020] [core:crit] [pid 6888:tid 140619229894400] (13)Permission denied: [client 66.249.64.87:51834] AH00529: /var/www/vhosts/saratogahistory.com/httpdocs/phpBB/.htaccess pcfg_openfile: unable to check htaccess file, ensure it is readable and that '/var/www/vhosts/saratogahistory.com/httpdocs/phpBB/' is executable
[Mon Aug 31 00:52:09.075574 2020] [core:crit] [pid 6888:tid 140619261363968] (13)Permission denied: [client 66.249.64.85:52236] AH00529: /var/www/vhosts/saratogahistory.com/httpdocs/phpBB/.htaccess pcfg_openfile: unable to check htaccess file, ensure it is readable and that '/var/www/vhosts/saratogahistory.com/httpdocs/phpBB/' is executable
[Mon Aug 31 00:52:26.015646 2020] [core:crit] [pid 6888:tid 140619219404544] (13)Permission denied: [client 66.249.64.85:53132] AH00529: /var/www/vhosts/saratogahistory.com/httpdocs/phpBB/.htaccess pcfg_openfile: unable to check htaccess file, ensure it is readable and that '/var/www/vhosts/saratogahistory.com/httpdocs/phpBB/' is executable
[Mon Aug 31 00:52:41.387344 2020] [core:crit] [pid 6888:tid 140619145975552] (13)Permission denied: [client 66.249.64.85:53690] AH00529: /var/www/vhosts/saratogahistory.com/httpdocs/phpBB/.htaccess pcfg_openfile: unable to check htaccess file, ensure it is readable and that '/var/www/vhosts/saratogahistory.com/httpdocs/phpBB/' is executable
[Mon Aug 31 00:52:58.006685 2020] [core:crit] [pid 6888:tid 140619156465408] (13)Permission denied: [client 66.249.64.89:54544] AH00529: /var/www/vhosts/saratogahistory.com/httpdocs/phpBB/.htaccess pcfg_openfile: unable to check htaccess file, ensure it is readable and that '/var/www/vhosts/saratogahistory.com/httpdocs/phpBB/' is executable
[Mon Aug 31 00:53:16.514500 2020] [core:crit] [pid 6888:tid 140619177445120] (13)Permission denied: [client 66.249.64.87:55352] AH00529: /var/www/vhosts/saratogahistory.com/httpdocs/phpBB/.htaccess pcfg_openfile: unable to check htaccess file, ensure it is readable and that '/var/www/vhosts/saratogahistory.com/httpdocs/phpBB/' is executable
[Mon Aug 31 01:38:44.976643 2020] [core:crit] [pid 32352:tid 140619240384256] (13)Permission denied: [client 171.25.193.77:37996] AH00529: /var/www/vhosts/saratogahistory.com/httpdocs/phpBB/.htaccess pcfg_openfile: unable to check htaccess file, ensure it is readable and that '/var/www/vhosts/saratogahistory.com/httpdocs/phpBB/' is executable, referer: http://www.saratogahistory.com/phpBB/index.php
[Mon Aug 31 01:51:00.246968 2020] [core:crit] [pid 6888:tid 140619376752384] (13)Permission denied: [client 2.92.250.167:47286] AH00529: /var/www/vhosts/saratogahistory.com/httpdocs/phpBB/.htaccess pcfg_openfile: unable to check htaccess file, ensure it is readable and that '/var/www/vhosts/saratogahistory.com/httpdocs/phpBB/' is executable, referer: http://www.saratogahistory.com/phpBB/index.php
[Mon Aug 31 01:51:01.482573 2020] [proxy_fcgi:error] [pid 32352:tid 140619334792960] [client 2.92.250.167:47338] AH01071: Got error 'Primary script unknown\n', referer: http://www.saratogahistory.com/index.php
[Mon Aug 31 01:51:01.812421 2020] [proxy_fcgi:error] [pid 32322:tid 140619135485696] [client 2.92.250.167:47362] AH01071: Got error 'Primary script unknown\n', referer: http://www.saratogahistory.com/index.php
[Mon Aug 31 01:51:02.137253 2020] [proxy_fcgi:error] [pid 6888:tid 140619292833536] [client 2.92.250.167:47380] AH01071: Got error 'Primary script unknown\n', referer: http://www.saratogahistory.com/index.php
[Mon Aug 31 02:08:09.429975 2020] [core:crit] [pid 6888:tid 140619166955264] (13)Permission denied: [client 62.102.148.68:42330] AH00529: /var/www/vhosts/saratogahistory.com/httpdocs/phpBB/.htaccess pcfg_openfile: unable to check htaccess file, ensure it is readable and that '/var/www/vhosts/saratogahistory.com/httpdocs/phpBB/' is executable, referer: http://www.saratogahistory.com/phpBB/index.php
[Mon Aug 31 02:15:51.925257 2020] [core:crit] [pid 32352:tid 140619282343680] (13)Permission denied: [client 203.133.169.112:37126] AH00529: /var/www/vhosts/saratogahistory.com/httpdocs/phpBB/.htaccess pcfg_openfile: unable to check htaccess file, ensure it is readable and that '/var/www/vhosts/saratogahistory.com/httpdocs/phpBB/' is executable
[Mon Aug 31 02:15:56.816317 2020] [core:crit] [pid 6888:tid 140619250874112] (13)Permission denied: [client 203.133.169.112:37350] AH00529: /var/www/vhosts/saratogahistory.com/httpdocs/phpBB/.htaccess pcfg_openfile: unable to check htaccess file, ensure it is readable and that '/var/www/vhosts/saratogahistory.com/httpdocs/phpBB/' is executable
[Mon Aug 31 02:16:01.806351 2020] [core:crit] [pid 6888:tid 140619282343680] (13)Permission denied: [client 203.133.169.112:37662] AH00529: /var/www/vhosts/saratogahistory.com/httpdocs/phpBB/.htaccess pcfg_openfile: unable to check htaccess file, ensure it is readable and that '/var/www/vhosts/saratogahistory.com/httpdocs/phpBB/' is executable
[Mon Aug 31 02:16:06.817587 2020] [core:crit] [pid 6888:tid 140619187934976] (13)Permission denied: [client 203.133.169.112:37996] AH00529: /var/www/vhosts/saratogahistory.com/httpdocs/phpBB/.htaccess pcfg_openfile: unable to check htaccess file, ensure it is readable and that '/var/www/vhosts/saratogahistory.com/httpdocs/phpBB/' is executable
[Mon Aug 31 02:16:11.727161 2020] [core:crit] [pid 6888:tid 140619124995840] (13)Permission denied: [client 203.133.169.112:38226] AH00529: /var/www/vhosts/saratogahistory.com/httpdocs/phpBB/.htaccess pcfg_openfile: unable to check htaccess file, ensure it is readable and that '/var/www/vhosts/saratogahistory.com/httpdocs/phpBB/' is executable
[Mon Aug 31 02:16:16.725830 2020] [core:crit] [pid 6888:tid 140619166955264] (13)Permission denied: [client 203.133.169.112:38458] AH00529: /var/www/vhosts/saratogahistory.com/httpdocs/phpBB/.htaccess pcfg_openfile: unable to check htaccess file, ensure it is readable and that '/var/www/vhosts/saratogahistory.com/httpdocs/phpBB/' is executable
[Mon Aug 31 02:16:21.974385 2020] [core:crit] [pid 6888:tid 140619376752384] (13)Permission denied: [client 203.133.169.112:38702] AH00529: /var/www/vhosts/saratogahistory.com/httpdocs/phpBB/.htaccess pcfg_openfile: unable to check htaccess file, ensure it is readable and that '/var/www/vhosts/saratogahistory.com/httpdocs/phpBB/' is executable
[Mon Aug 31 02:16:26.871555 2020] [core:crit] [pid 6888:tid 140619135485696] (13)Permission denied: [client 203.133.169.112:38880] AH00529: /var/www/vhosts/saratogahistory.com/httpdocs/phpBB/.htaccess pcfg_openfile: unable to check htaccess file, ensure it is readable and that '/var/www/vhosts/saratogahistory.com/httpdocs/phpBB/' is executable
[Mon Aug 31 02:16:31.743897 2020] [core:crit] [pid 6888:tid 140619292833536] (13)Permission denied: [client 203.133.169.112:39102] AH00529: /var/www/vhosts/saratogahistory.com/httpdocs/phpBB/.htaccess pcfg_openfile: unable to check htaccess file, ensure it is readable and that '/var/www/vhosts/saratogahistory.com/httpdocs/phpBB/' is executable
[Mon Aug 31 02:16:36.797333 2020] [core:crit] [pid 6888:tid 140619334792960] (13)Permission denied: [client 203.133.169.112:39318] AH00529: /var/www/vhosts/saratogahistory.com/httpdocs/phpBB/.htaccess pcfg_openfile: unable to check htaccess file, ensure it is readable and that '/var/www/vhosts/saratogahistory.com/httpdocs/phpBB/' is executable
[Mon Aug 31 02:16:41.684203 2020] [core:crit] [pid 6888:tid 140619313813248] (13)Permission denied: [client 203.133.169.112:39540] AH00529: /var/www/vhosts/saratogahistory.com/httpdocs/phpBB/.htaccess pcfg_openfile: unable to check htaccess file, ensure it is readable and that '/var/www/vhosts/saratogahistory.com/httpdocs/phpBB/' is executable
[Mon Aug 31 02:16:46.787471 2020] [core:crit] [pid 6888:tid 140619271853824] (13)Permission denied: [client 203.133.169.112:39756] AH00529: /var/www/vhosts/saratogahistory.com/httpdocs/phpBB/.htaccess pcfg_openfile: unable to check htaccess file, ensure it is readable and that '/var/www/vhosts/saratogahistory.com/httpdocs/phpBB/' is executable
[Mon Aug 31 02:16:51.681579 2020] [core:crit] [pid 32325:tid 140619324303104] (13)Permission denied: [client 203.133.169.112:39942] AH00529: /var/www/vhosts/saratogahistory.com/httpdocs/phpBB/.htaccess pcfg_openfile: unable to check htaccess file, ensure it is readable and that '/var/www/vhosts/saratogahistory.com/httpdocs/phpBB/' is executable
[Mon Aug 31 02:16:56.928404 2020] [core:crit] [pid 6888:tid 140619303323392] (13)Permission denied: [client 203.133.169.112:40122] AH00529: /var/www/vhosts/saratogahistory.com/httpdocs/phpBB/.htaccess pcfg_openfile: unable to check htaccess file, ensure it is readable and that '/var/www/vhosts/saratogahistory.com/httpdocs/phpBB/' is executable
[Mon Aug 31 02:17:01.940118 2020] [core:crit] [pid 6888:tid 140619366262528] (13)Permission denied: [client 203.133.169.112:40300] AH00529: /var/www/vhosts/saratogahistory.com/httpdocs/phpBB/.htaccess pcfg_openfile: unable to check htaccess file, ensure it is readable and that '/var/www/vhosts/saratogahistory.com/httpdocs/phpBB/' is executable
[Mon Aug 31 02:17:06.946021 2020] [core:crit] [pid 32352:tid 140619355772672] (13)Permission denied: [client 203.133.169.112:40484] AH00529: /var/www/vhosts/saratogahistory.com/httpdocs/phpBB/.htaccess pcfg_openfile: unable to check htaccess file, ensure it is readable and that '/var/www/vhosts/saratogahistory.com/httpdocs/phpBB/' is executable
[Mon Aug 31 02:17:11.830110 2020] [core:crit] [pid 6888:tid 140619198424832] (13)Permission denied: [client 203.133.169.112:40714] AH00529: /var/www/vhosts/saratogahistory.com/httpdocs/phpBB/.htaccess pcfg_openfile: unable to check htaccess file, ensure it is readable and that '/var/www/vhosts/saratogahistory.com/httpdocs/phpBB/' is executable
[Mon Aug 31 02:17:16.825857 2020] [core:crit] [pid 6888:tid 140619345282816] (13)Permission denied: [client 203.133.169.112:40960] AH00529: /var/www/vhosts/saratogahistory.com/httpdocs/phpBB/.htaccess pcfg_openfile: unable to check htaccess file, ensure it is readable and that '/var/www/vhosts/saratogahistory.com/httpdocs/phpBB/' is executable
[Mon Aug 31 02:17:21.746915 2020] [core:crit] [pid 6888:tid 140619324303104] (13)Permission denied: [client 203.133.169.112:41276] AH00529: /var/www/vhosts/saratogahistory.com/httpdocs/phpBB/.htaccess pcfg_openfile: unable to check htaccess file, ensure it is readable and that '/var/www/vhosts/saratogahistory.com/httpdocs/phpBB/' is executable
[Mon Aug 31 02:17:26.676312 2020] [core:crit] [pid 6888:tid 140619250874112] (13)Permission denied: [client 203.133.169.112:41602] AH00529: /var/www/vhosts/saratogahistory.com/httpdocs/phpBB/.htaccess pcfg_openfile: unable to check htaccess file, ensure it is readable and that '/var/www/vhosts/saratogahistory.com/httpdocs/phpBB/' is executable
[Mon Aug 31 02:17:31.594699 2020] [core:crit] [pid 6888:tid 140619282343680] (13)Permission denied: [client 203.133.169.112:41918] AH00529: /var/www/vhosts/saratogahistory.com/httpdocs/phpBB/.htaccess pcfg_openfile: unable to check htaccess file, ensure it is readable and that '/var/www/vhosts/saratogahistory.com/httpdocs/phpBB/' is executable
[Mon Aug 31 02:17:36.474041 2020] [core:crit] [pid 6888:tid 140619187934976] (13)Permission denied: [client 203.133.169.112:42210] AH00529: /var/www/vhosts/saratogahistory.com/httpdocs/phpBB/.htaccess pcfg_openfile: unable to check htaccess file, ensure it is readable and that '/var/www/vhosts/saratogahistory.com/httpdocs/phpBB/' is executable
[Mon Aug 31 03:46:13.340760 2020] [core:crit] [pid 6888:tid 140619229894400] (13)Permission denied: [client 185.220.101.202:56940] AH00529: /var/www/vhosts/saratogahistory.com/httpdocs/phpBB/.htaccess pcfg_openfile: unable to check htaccess file, ensure it is readable and that '/var/www/vhosts/saratogahistory.com/httpdocs/phpBB/' is executable, referer: http://www.saratogahistory.com/phpBB/index.php
[Mon Aug 31 03:46:28.826952 2020] [core:crit] [pid 6888:tid 140619156465408] (13)Permission denied: [client 185.25.35.11:57556] AH00529: /var/www/vhosts/saratogahistory.com/httpdocs/phpBB/.htaccess pcfg_openfile: unable to check htaccess file, ensure it is readable and that '/var/www/vhosts/saratogahistory.com/httpdocs/phpBB/' is executable
[Mon Aug 31 04:16:56.633500 2020] [core:crit] [pid 32352:tid 140619135485696] (13)Permission denied: [client 45.139.48.22:54556] AH00529: /var/www/vhosts/saratogahistory.com/httpdocs/phpBB/.htaccess pcfg_openfile: unable to check htaccess file, ensure it is readable and that '/var/www/vhosts/saratogahistory.com/httpdocs/phpBB/' is executable, referer: http://www.saratogahistory.com/phpBB/index.php
[Mon Aug 31 04:21:41.210993 2020] [core:crit] [pid 32352:tid 140619198424832] (13)Permission denied: [client 40.77.167.239:38416] AH00529: /var/www/vhosts/saratogahistory.com/httpdocs/phpBB/.htaccess pcfg_openfile: unable to check htaccess file, ensure it is readable and that '/var/www/vhosts/saratogahistory.com/httpdocs/phpBB/' is executable
[Mon Aug 31 04:25:23.878288 2020] [proxy_fcgi:error] [pid 6888:tid 140619124995840] [client 192.140.152.250:49682] AH01071: Got error 'Primary script unknown\n'
[Mon Aug 31 04:33:56.712019 2020] [core:crit] [pid 6888:tid 140619313813248] (13)Permission denied: [client 66.249.64.89:43656] AH00529: /var/www/vhosts/saratogahistory.com/httpdocs/phpBB/.htaccess pcfg_openfile: unable to check htaccess file, ensure it is readable and that '/var/www/vhosts/saratogahistory.com/httpdocs/phpBB/' is executable
[Mon Aug 31 04:54:02.323354 2020] [core:crit] [pid 6888:tid 140619303323392] (13)Permission denied: [client 192.210.185.193:37626] AH00529: /var/www/vhosts/saratogahistory.com/httpdocs/phpBB/.htaccess pcfg_openfile: unable to check htaccess file, ensure it is readable and that '/var/www/vhosts/saratogahistory.com/httpdocs/phpBB/' is executable, referer: http://www.saratogahistory.com/
[Mon Aug 31 04:54:02.548908 2020] [core:crit] [pid 32325:tid 140619303323392] (13)Permission denied: [client 198.12.108.109:37632] AH00529: /var/www/vhosts/saratogahistory.com/httpdocs/phpBB/.htaccess pcfg_openfile: unable to check htaccess file, ensure it is readable and that '/var/www/vhosts/saratogahistory.com/httpdocs/phpBB/' is executable, referer: http://www.saratogahistory.com/
[Mon Aug 31 04:54:02.761977 2020] [core:crit] [pid 32352:tid 140619135485696] (13)Permission denied: [client 199.21.113.254:37640] AH00529: /var/www/vhosts/saratogahistory.com/httpdocs/phpBB/.htaccess pcfg_openfile: unable to check htaccess file, ensure it is readable and that '/var/www/vhosts/saratogahistory.com/httpdocs/phpBB/' is executable, referer: http://www.saratogahistory.com/
[Mon Aug 31 04:54:02.914126 2020] [core:crit] [pid 6888:tid 140619366262528] (13)Permission denied: [client 104.144.112.184:37650] AH00529: /var/www/vhosts/saratogahistory.com/httpdocs/phpBB/.htaccess pcfg_openfile: unable to check htaccess file, ensure it is readable and that '/var/www/vhosts/saratogahistory.com/httpdocs/phpBB/' is executable, referer: http://www.saratogahistory.com/
[Mon Aug 31 04:59:17.696819 2020] [proxy_fcgi:error] [pid 6888:tid 140619177445120] [client 158.69.158.101:54044] AH01071: Got error 'Primary script unknown\n'
[Mon Aug 31 05:02:51.440313 2020] [core:crit] [pid 6888:tid 140619366262528] (13)Permission denied: [client 185.25.35.9:38156] AH00529: /var/www/vhosts/saratogahistory.com/httpdocs/phpBB/.htaccess pcfg_openfile: unable to check htaccess file, ensure it is readable and that '/var/www/vhosts/saratogahistory.com/httpdocs/phpBB/' is executable
[Mon Aug 31 05:38:10.761017 2020] [core:crit] [pid 6888:tid 140619250874112] (13)Permission denied: [client 109.70.100.40:47382] AH00529: /var/www/vhosts/saratogahistory.com/httpdocs/phpBB/.htaccess pcfg_openfile: unable to check htaccess file, ensure it is readable and that '/var/www/vhosts/saratogahistory.com/httpdocs/phpBB/' is executable, referer: http://www.saratogahistory.com/phpBB/index.php
[Mon Aug 31 05:40:38.222311 2020] [core:crit] [pid 6888:tid 140619376752384] (13)Permission denied: [client 185.25.35.15:55268] AH00529: /var/www/vhosts/saratogahistory.com/httpdocs/phpBB/.htaccess pcfg_openfile: unable to check htaccess file, ensure it is readable and that '/var/www/vhosts/saratogahistory.com/httpdocs/phpBB/' is executable
[Mon Aug 31 05:44:36.383545 2020] [core:crit] [pid 6888:tid 140619292833536] (13)Permission denied: [client 54.38.81.231:37978] AH00529: /var/www/vhosts/saratogahistory.com/httpdocs/phpBB/.htaccess pcfg_openfile: unable to check htaccess file, ensure it is readable and that '/var/www/vhosts/saratogahistory.com/httpdocs/phpBB/' is executable, referer: http://www.saratogahistory.com/phpBB/index.php
[Mon Aug 31 05:51:08.247128 2020] [core:crit] [pid 6888:tid 140619345282816] (13)Permission denied: [client 203.133.169.112:55278] AH00529: /var/www/vhosts/saratogahistory.com/httpdocs/phpBB/.htaccess pcfg_openfile: unable to check htaccess file, ensure it is readable and that '/var/www/vhosts/saratogahistory.com/httpdocs/phpBB/' is executable
[Mon Aug 31 05:51:13.145112 2020] [core:crit] [pid 6888:tid 140619324303104] (13)Permission denied: [client 203.133.169.112:55452] AH00529: /var/www/vhosts/saratogahistory.com/httpdocs/phpBB/.htaccess pcfg_openfile: unable to check htaccess file, ensure it is readable and that '/var/www/vhosts/saratogahistory.com/httpdocs/phpBB/' is executable
[Mon Aug 31 05:51:18.159535 2020] [core:crit] [pid 6888:tid 140619240384256] (13)Permission denied: [client 203.133.169.112:55602] AH00529: /var/www/vhosts/saratogahistory.com/httpdocs/phpBB/.htaccess pcfg_openfile: unable to check htaccess file, ensure it is readable and that '/var/www/vhosts/saratogahistory.com/httpdocs/phpBB/' is executable
[Mon Aug 31 05:51:23.055754 2020] [core:crit] [pid 6888:tid 140619208914688] (13)Permission denied: [client 203.133.169.112:55854] AH00529: /var/www/vhosts/saratogahistory.com/httpdocs/phpBB/.htaccess pcfg_openfile: unable to check htaccess file, ensure it is readable and that '/var/www/vhosts/saratogahistory.com/httpdocs/phpBB/' is executable
[Mon Aug 31 05:51:27.956803 2020] [core:crit] [pid 6888:tid 140619261363968] (13)Permission denied: [client 203.133.169.112:56004] AH00529: /var/www/vhosts/saratogahistory.com/httpdocs/phpBB/.htaccess pcfg_openfile: unable to check htaccess file, ensure it is readable and that '/var/www/vhosts/saratogahistory.com/httpdocs/phpBB/' is executable
[Mon Aug 31 05:51:32.837029 2020] [core:crit] [pid 6888:tid 140619219404544] (13)Permission denied: [client 203.133.169.112:56228] AH00529: /var/www/vhosts/saratogahistory.com/httpdocs/phpBB/.htaccess pcfg_openfile: unable to check htaccess file, ensure it is readable and that '/var/www/vhosts/saratogahistory.com/httpdocs/phpBB/' is executable
[Mon Aug 31 05:51:37.970239 2020] [core:crit] [pid 6888:tid 140619145975552] (13)Permission denied: [client 203.133.169.112:56388] AH00529: /var/www/vhosts/saratogahistory.com/httpdocs/phpBB/.htaccess pcfg_openfile: unable to check htaccess file, ensure it is readable and that '/var/www/vhosts/saratogahistory.com/httpdocs/phpBB/' is executable
[Mon Aug 31 05:51:42.971737 2020] [core:crit] [pid 6888:tid 140619156465408] (13)Permission denied: [client 203.133.169.112:56510] AH00529: /var/www/vhosts/saratogahistory.com/httpdocs/phpBB/.htaccess pcfg_openfile: unable to check htaccess file, ensure it is readable and that '/var/www/vhosts/saratogahistory.com/httpdocs/phpBB/' is executable
[Mon Aug 31 05:51:47.896779 2020] [core:crit] [pid 6888:tid 140619177445120] (13)Permission denied: [client 203.133.169.112:56676] AH00529: /var/www/vhosts/saratogahistory.com/httpdocs/phpBB/.htaccess pcfg_openfile: unable to check htaccess file, ensure it is readable and that '/var/www/vhosts/saratogahistory.com/httpdocs/phpBB/' is executable
[Mon Aug 31 05:51:52.817951 2020] [core:crit] [pid 6888:tid 140619124995840] (13)Permission denied: [client 203.133.169.112:56858] AH00529: /var/www/vhosts/saratogahistory.com/httpdocs/phpBB/.htaccess pcfg_openfile: unable to check htaccess file, ensure it is readable and that '/var/www/vhosts/saratogahistory.com/httpdocs/phpBB/' is executable
[Mon Aug 31 05:51:57.728438 2020] [core:crit] [pid 6888:tid 140619355772672] (13)Permission denied: [client 203.133.169.112:57020] AH00529: /var/www/vhosts/saratogahistory.com/httpdocs/phpBB/.htaccess pcfg_openfile: unable to check htaccess file, ensure it is readable and that '/var/www/vhosts/saratogahistory.com/httpdocs/phpBB/' is executable
[Mon Aug 31 05:52:02.660965 2020] [core:crit] [pid 6888:tid 140619166955264] (13)Permission denied: [client 203.133.169.112:57228] AH00529: /var/www/vhosts/saratogahistory.com/httpdocs/phpBB/.htaccess pcfg_openfile: unable to check htaccess file, ensure it is readable and that '/var/www/vhosts/saratogahistory.com/httpdocs/phpBB/' is executable
[Mon Aug 31 05:52:07.640433 2020] [core:crit] [pid 6888:tid 140619376752384] (13)Permission denied: [client 203.133.169.112:57470] AH00529: /var/www/vhosts/saratogahistory.com/httpdocs/phpBB/.htaccess pcfg_openfile: unable to check htaccess file, ensure it is readable and that '/var/www/vhosts/saratogahistory.com/httpdocs/phpBB/' is executable
[Mon Aug 31 05:52:12.716610 2020] [core:crit] [pid 32352:tid 140619229894400] (13)Permission denied: [client 203.133.169.112:57632] AH00529: /var/www/vhosts/saratogahistory.com/httpdocs/phpBB/.htaccess pcfg_openfile: unable to check htaccess file, ensure it is readable and that '/var/www/vhosts/saratogahistory.com/httpdocs/phpBB/' is executable
[Mon Aug 31 05:52:17.612102 2020] [core:crit] [pid 6888:tid 140619135485696] (13)Permission denied: [client 203.133.169.112:57892] AH00529: /var/www/vhosts/saratogahistory.com/httpdocs/phpBB/.htaccess pcfg_openfile: unable to check htaccess file, ensure it is readable and that '/var/www/vhosts/saratogahistory.com/httpdocs/phpBB/' is executable
[Mon Aug 31 05:52:22.495146 2020] [core:crit] [pid 32352:tid 140619334792960] (13)Permission denied: [client 203.133.169.112:58080] AH00529: /var/www/vhosts/saratogahistory.com/httpdocs/phpBB/.htaccess pcfg_openfile: unable to check htaccess file, ensure it is readable and that '/var/www/vhosts/saratogahistory.com/httpdocs/phpBB/' is executable
[Mon Aug 31 05:52:27.484121 2020] [core:crit] [pid 6888:tid 140619292833536] (13)Permission denied: [client 203.133.169.112:58316] AH00529: /var/www/vhosts/saratogahistory.com/httpdocs/phpBB/.htaccess pcfg_openfile: unable to check htaccess file, ensure it is readable and that '/var/www/vhosts/saratogahistory.com/httpdocs/phpBB/' is executable
[Mon Aug 31 05:52:32.478063 2020] [core:crit] [pid 6888:tid 140619334792960] (13)Permission denied: [client 203.133.169.112:58538] AH00529: /var/www/vhosts/saratogahistory.com/httpdocs/phpBB/.htaccess pcfg_openfile: unable to check htaccess file, ensure it is readable and that '/var/www/vhosts/saratogahistory.com/httpdocs/phpBB/' is executable
[Mon Aug 31 05:52:37.374950 2020] [core:crit] [pid 6888:tid 140619271853824] (13)Permission denied: [client 203.133.169.112:58724] AH00529: /var/www/vhosts/saratogahistory.com/httpdocs/phpBB/.htaccess pcfg_openfile: unable to check htaccess file, ensure it is readable and that '/var/www/vhosts/saratogahistory.com/httpdocs/phpBB/' is executable
[Mon Aug 31 05:52:42.282044 2020] [core:crit] [pid 32352:tid 140619366262528] (13)Permission denied: [client 203.133.169.112:58944] AH00529: /var/www/vhosts/saratogahistory.com/httpdocs/phpBB/.htaccess pcfg_openfile: unable to check htaccess file, ensure it is readable and that '/var/www/vhosts/saratogahistory.com/httpdocs/phpBB/' is executable
[Mon Aug 31 05:52:47.424781 2020] [core:crit] [pid 6888:tid 140619303323392] (13)Permission denied: [client 203.133.169.112:59158] AH00529: /var/www/vhosts/saratogahistory.com/httpdocs/phpBB/.htaccess pcfg_openfile: unable to check htaccess file, ensure it is readable and that '/var/www/vhosts/saratogahistory.com/httpdocs/phpBB/' is executable
[Mon Aug 31 05:52:52.310805 2020] [core:crit] [pid 6888:tid 140619366262528] (13)Permission denied: [client 203.133.169.112:59326] AH00529: /var/www/vhosts/saratogahistory.com/httpdocs/phpBB/.htaccess pcfg_openfile: unable to check htaccess file, ensure it is readable and that '/var/www/vhosts/saratogahistory.com/httpdocs/phpBB/' is executable
[Mon Aug 31 05:52:57.549735 2020] [core:crit] [pid 6888:tid 140619198424832] (13)Permission denied: [client 203.133.169.112:59552] AH00529: /var/www/vhosts/saratogahistory.com/httpdocs/phpBB/.htaccess pcfg_openfile: unable to check htaccess file, ensure it is readable and that '/var/www/vhosts/saratogahistory.com/httpdocs/phpBB/' is executable
[Mon Aug 31 05:53:02.440513 2020] [core:crit] [pid 6888:tid 140619345282816] (13)Permission denied: [client 203.133.169.112:59764] AH00529: /var/www/vhosts/saratogahistory.com/httpdocs/phpBB/.htaccess pcfg_openfile: unable to check htaccess file, ensure it is readable and that '/var/www/vhosts/saratogahistory.com/httpdocs/phpBB/' is executable
[Mon Aug 31 05:53:07.310969 2020] [core:crit] [pid 32352:tid 140619376752384] (13)Permission denied: [client 203.133.169.112:59976] AH00529: /var/www/vhosts/saratogahistory.com/httpdocs/phpBB/.htaccess pcfg_openfile: unable to check htaccess file, ensure it is readable and that '/var/www/vhosts/saratogahistory.com/httpdocs/phpBB/' is executable
[Mon Aug 31 05:53:12.203109 2020] [core:crit] [pid 6888:tid 140619324303104] (13)Permission denied: [client 203.133.169.112:60232] AH00529: /var/www/vhosts/saratogahistory.com/httpdocs/phpBB/.htaccess pcfg_openfile: unable to check htaccess file, ensure it is readable and that '/var/www/vhosts/saratogahistory.com/httpdocs/phpBB/' is executable
[Mon Aug 31 05:53:17.099577 2020] [core:crit] [pid 32325:tid 140619324303104] (13)Permission denied: [client 203.133.169.112:60458] AH00529: /var/www/vhosts/saratogahistory.com/httpdocs/phpBB/.htaccess pcfg_openfile: unable to check htaccess file, ensure it is readable and that '/var/www/vhosts/saratogahistory.com/httpdocs/phpBB/' is executable
[Mon Aug 31 05:53:22.241430 2020] [core:crit] [pid 32352:tid 140619345282816] (13)Permission denied: [client 203.133.169.112:60756] AH00529: /var/www/vhosts/saratogahistory.com/httpdocs/phpBB/.htaccess pcfg_openfile: unable to check htaccess file, ensure it is readable and that '/var/www/vhosts/saratogahistory.com/httpdocs/phpBB/' is executable
[Mon Aug 31 05:55:35.593589 2020] [core:crit] [pid 6888:tid 140619187934976] (13)Permission denied: [client 185.25.35.14:39166] AH00529: /var/www/vhosts/saratogahistory.com/httpdocs/phpBB/.htaccess pcfg_openfile: unable to check htaccess file, ensure it is readable and that '/var/www/vhosts/saratogahistory.com/httpdocs/phpBB/' is executable
[Mon Aug 31 07:02:03.885254 2020] [core:crit] [pid 6888:tid 140619229894400] (13)Permission denied: [client 5.188.210.18:49384] AH00529: /var/www/vhosts/saratogahistory.com/httpdocs/phpBB/.htaccess pcfg_openfile: unable to check htaccess file, ensure it is readable and that '/var/www/vhosts/saratogahistory.com/httpdocs/phpBB/' is executable, referer: http://www.saratogahistory.com/phpBB/index.php
[Mon Aug 31 07:38:07.354713 2020] [core:crit] [pid 32352:tid 140619135485696] (13)Permission denied: [client 185.220.102.254:33046] AH00529: /var/www/vhosts/saratogahistory.com/httpdocs/phpBB/.htaccess pcfg_openfile: unable to check htaccess file, ensure it is readable and that '/var/www/vhosts/saratogahistory.com/httpdocs/phpBB/' is executable, referer: http://www.saratogahistory.com/phpBB/index.php
[Mon Aug 31 07:55:36.522608 2020] [core:crit] [pid 6888:tid 140619219404544] (13)Permission denied: [client 66.249.64.85:54026] AH00529: /var/www/vhosts/saratogahistory.com/httpdocs/phpBB/.htaccess pcfg_openfile: unable to check htaccess file, ensure it is readable and that '/var/www/vhosts/saratogahistory.com/httpdocs/phpBB/' is executable, referer: http://www.saratogahistory.com/phpBB/viewtopic.php?p=1041&sid=4bd32147fe3d18f0634e328020f20d4e
[Mon Aug 31 08:26:05.462152 2020] [core:crit] [pid 6888:tid 140619366262528] (13)Permission denied: [client 37.113.185.226:49532] AH00529: /var/www/vhosts/saratogahistory.com/httpdocs/phpBB/.htaccess pcfg_openfile: unable to check htaccess file, ensure it is readable and that '/var/www/vhosts/saratogahistory.com/httpdocs/phpBB/' is executable, referer: http://www.saratogahistory.com/phpBB/index.php
[Mon Aug 31 09:24:06.450449 2020] [core:crit] [pid 32352:tid 140619187934976] (13)Permission denied: [client 185.220.102.249:43860] AH00529: /var/www/vhosts/saratogahistory.com/httpdocs/phpBB/.htaccess pcfg_openfile: unable to check htaccess file, ensure it is readable and that '/var/www/vhosts/saratogahistory.com/httpdocs/phpBB/' is executable, referer: http://www.saratogahistory.com/phpBB/index.php
[Mon Aug 31 09:28:29.666412 2020] [core:crit] [pid 6888:tid 140619250874112] (13)Permission denied: [client 203.133.169.112:54800] AH00529: /var/www/vhosts/saratogahistory.com/httpdocs/phpBB/.htaccess pcfg_openfile: unable to check htaccess file, ensure it is readable and that '/var/www/vhosts/saratogahistory.com/httpdocs/phpBB/' is executable
[Mon Aug 31 09:28:34.597689 2020] [core:crit] [pid 6888:tid 140619208914688] (13)Permission denied: [client 203.133.169.112:54944] AH00529: /var/www/vhosts/saratogahistory.com/httpdocs/phpBB/.htaccess pcfg_openfile: unable to check htaccess file, ensure it is readable and that '/var/www/vhosts/saratogahistory.com/httpdocs/phpBB/' is executable
[Mon Aug 31 09:28:39.606165 2020] [core:crit] [pid 6888:tid 140619282343680] (13)Permission denied: [client 203.133.169.112:55104] AH00529: /var/www/vhosts/saratogahistory.com/httpdocs/phpBB/.htaccess pcfg_openfile: unable to check htaccess file, ensure it is readable and that '/var/www/vhosts/saratogahistory.com/httpdocs/phpBB/' is executable
[Mon Aug 31 09:28:44.501721 2020] [core:crit] [pid 6888:tid 140619240384256] (13)Permission denied: [client 203.133.169.112:55328] AH00529: /var/www/vhosts/saratogahistory.com/httpdocs/phpBB/.htaccess pcfg_openfile: unable to check htaccess file, ensure it is readable and that '/var/www/vhosts/saratogahistory.com/httpdocs/phpBB/' is executable
[Mon Aug 31 09:28:49.512943 2020] [core:crit] [pid 32322:tid 140619166955264] (13)Permission denied: [client 203.133.169.112:55516] AH00529: /var/www/vhosts/saratogahistory.com/httpdocs/phpBB/.htaccess pcfg_openfile: unable to check htaccess file, ensure it is readable and that '/var/www/vhosts/saratogahistory.com/httpdocs/phpBB/' is executable
[Mon Aug 31 09:28:54.476282 2020] [core:crit] [pid 6888:tid 140619261363968] (13)Permission denied: [client 203.133.169.112:55736] AH00529: /var/www/vhosts/saratogahistory.com/httpdocs/phpBB/.htaccess pcfg_openfile: unable to check htaccess file, ensure it is readable and that '/var/www/vhosts/saratogahistory.com/httpdocs/phpBB/' is executable
[Mon Aug 31 09:29:00.076297 2020] [core:crit] [pid 6888:tid 140619219404544] (13)Permission denied: [client 203.133.169.112:56018] AH00529: /var/www/vhosts/saratogahistory.com/httpdocs/phpBB/.htaccess pcfg_openfile: unable to check htaccess file, ensure it is readable and that '/var/www/vhosts/saratogahistory.com/httpdocs/phpBB/' is executable
[Mon Aug 31 09:29:05.225529 2020] [core:crit] [pid 6888:tid 140619145975552] (13)Permission denied: [client 203.133.169.112:56236] AH00529: /var/www/vhosts/saratogahistory.com/httpdocs/phpBB/.htaccess pcfg_openfile: unable to check htaccess file, ensure it is readable and that '/var/www/vhosts/saratogahistory.com/httpdocs/phpBB/' is executable
[Mon Aug 31 09:29:10.136767 2020] [core:crit] [pid 6888:tid 140619156465408] (13)Permission denied: [client 203.133.169.112:56480] AH00529: /var/www/vhosts/saratogahistory.com/httpdocs/phpBB/.htaccess pcfg_openfile: unable to check htaccess file, ensure it is readable and that '/var/www/vhosts/saratogahistory.com/httpdocs/phpBB/' is executable
[Mon Aug 31 09:29:15.054700 2020] [core:crit] [pid 32352:tid 140619177445120] (13)Permission denied: [client 203.133.169.112:56760] AH00529: /var/www/vhosts/saratogahistory.com/httpdocs/phpBB/.htaccess pcfg_openfile: unable to check htaccess file, ensure it is readable and that '/var/www/vhosts/saratogahistory.com/httpdocs/phpBB/' is executable
[Mon Aug 31 09:37:48.443663 2020] [core:crit] [pid 32352:tid 140619292833536] (13)Permission denied: [client 185.220.101.140:54598] AH00529: /var/www/vhosts/saratogahistory.com/httpdocs/phpBB/.htaccess pcfg_openfile: unable to check htaccess file, ensure it is readable and that '/var/www/vhosts/saratogahistory.com/httpdocs/phpBB/' is executable, referer: http://www.saratogahistory.com/phpBB/index.php
[Mon Aug 31 09:57:14.652715 2020] [core:crit] [pid 32352:tid 140619324303104] (13)Permission denied: [client 185.25.35.13:50656] AH00529: /var/www/vhosts/saratogahistory.com/httpdocs/phpBB/.htaccess pcfg_openfile: unable to check htaccess file, ensure it is readable and that '/var/www/vhosts/saratogahistory.com/httpdocs/phpBB/' is executable
[Mon Aug 31 10:06:29.740454 2020] [core:crit] [pid 6888:tid 140619376752384] (13)Permission denied: [client 195.2.67.158:43650] AH00529: /var/www/vhosts/saratogahistory.com/httpdocs/phpBB/.htaccess pcfg_openfile: unable to check htaccess file, ensure it is readable and that '/var/www/vhosts/saratogahistory.com/httpdocs/phpBB/' is executable
[Mon Aug 31 10:20:35.869359 2020] [core:crit] [pid 32352:tid 140619355772672] (13)Permission denied: [client 185.104.187.125:52894] AH00529: /var/www/vhosts/saratogahistory.com/httpdocs/phpBB/.htaccess pcfg_openfile: unable to check htaccess file, ensure it is readable and that '/var/www/vhosts/saratogahistory.com/httpdocs/phpBB/' is executable, referer: http://www.saratogahistory.com/phpBB/
[Mon Aug 31 11:08:04.131857 2020] [core:crit] [pid 6888:tid 140619355772672] (13)Permission denied: [client 188.122.82.146:36276] AH00529: /var/www/vhosts/saratogahistory.com/httpdocs/phpBB/.htaccess pcfg_openfile: unable to check htaccess file, ensure it is readable and that '/var/www/vhosts/saratogahistory.com/httpdocs/phpBB/' is executable, referer: http://www.saratogahistory.com/phpBB/index.php
[Mon Aug 31 11:11:34.184869 2020] [core:crit] [pid 6888:tid 140619324303104] (13)Permission denied: [client 185.25.35.12:45526] AH00529: /var/www/vhosts/saratogahistory.com/httpdocs/phpBB/.htaccess pcfg_openfile: unable to check htaccess file, ensure it is readable and that '/var/www/vhosts/saratogahistory.com/httpdocs/phpBB/' is executable
[Mon Aug 31 11:37:12.028688 2020] [core:crit] [pid 32352:tid 140619198424832] (13)Permission denied: [client 109.70.100.26:54776] AH00529: /var/www/vhosts/saratogahistory.com/httpdocs/phpBB/.htaccess pcfg_openfile: unable to check htaccess file, ensure it is readable and that '/var/www/vhosts/saratogahistory.com/httpdocs/phpBB/' is executable, referer: http://www.saratogahistory.com/phpBB/index.php
[Mon Aug 31 11:51:01.087743 2020] [core:crit] [pid 6888:tid 140619208914688] (13)Permission denied: [client 185.25.35.14:35014] AH00529: /var/www/vhosts/saratogahistory.com/httpdocs/phpBB/.htaccess pcfg_openfile: unable to check htaccess file, ensure it is readable and that '/var/www/vhosts/saratogahistory.com/httpdocs/phpBB/' is executable
[Mon Aug 31 12:03:55.942559 2020] [core:crit] [pid 6888:tid 140619208914688] (13)Permission denied: [client 185.25.35.10:37984] AH00529: /var/www/vhosts/saratogahistory.com/httpdocs/phpBB/.htaccess pcfg_openfile: unable to check htaccess file, ensure it is readable and that '/var/www/vhosts/saratogahistory.com/httpdocs/phpBB/' is executable
[Mon Aug 31 12:36:00.190912 2020] [core:crit] [pid 6888:tid 140619292833536] (13)Permission denied: [client 203.133.169.112:39534] AH00529: /var/www/vhosts/saratogahistory.com/httpdocs/phpBB/.htaccess pcfg_openfile: unable to check htaccess file, ensure it is readable and that '/var/www/vhosts/saratogahistory.com/httpdocs/phpBB/' is executable
[Mon Aug 31 12:36:05.144270 2020] [core:crit] [pid 6888:tid 140619334792960] (13)Permission denied: [client 203.133.169.112:39720] AH00529: /var/www/vhosts/saratogahistory.com/httpdocs/phpBB/.htaccess pcfg_openfile: unable to check htaccess file, ensure it is readable and that '/var/www/vhosts/saratogahistory.com/httpdocs/phpBB/' is executable
[Mon Aug 31 12:36:10.194744 2020] [core:crit] [pid 32352:tid 140619376752384] (13)Permission denied: [client 203.133.169.112:39918] AH00529: /var/www/vhosts/saratogahistory.com/httpdocs/phpBB/.htaccess pcfg_openfile: unable to check htaccess file, ensure it is readable and that '/var/www/vhosts/saratogahistory.com/httpdocs/phpBB/' is executable
[Mon Aug 31 12:36:15.780398 2020] [core:crit] [pid 6888:tid 140619313813248] (13)Permission denied: [client 203.133.169.112:40156] AH00529: /var/www/vhosts/saratogahistory.com/httpdocs/phpBB/.htaccess pcfg_openfile: unable to check htaccess file, ensure it is readable and that '/var/www/vhosts/saratogahistory.com/httpdocs/phpBB/' is executable
[Mon Aug 31 12:36:20.702678 2020] [core:crit] [pid 32352:tid 140619345282816] (13)Permission denied: [client 203.133.169.112:40424] AH00529: /var/www/vhosts/saratogahistory.com/httpdocs/phpBB/.htaccess pcfg_openfile: unable to check htaccess file, ensure it is readable and that '/var/www/vhosts/saratogahistory.com/httpdocs/phpBB/' is executable
[Mon Aug 31 12:36:25.576648 2020] [core:crit] [pid 6888:tid 140619303323392] (13)Permission denied: [client 203.133.169.112:40706] AH00529: /var/www/vhosts/saratogahistory.com/httpdocs/phpBB/.htaccess pcfg_openfile: unable to check htaccess file, ensure it is readable and that '/var/www/vhosts/saratogahistory.com/httpdocs/phpBB/' is executable
[Mon Aug 31 12:36:30.666352 2020] [core:crit] [pid 6888:tid 140619271853824] (13)Permission denied: [client 203.133.169.112:40982] AH00529: /var/www/vhosts/saratogahistory.com/httpdocs/phpBB/.htaccess pcfg_openfile: unable to check htaccess file, ensure it is readable and that '/var/www/vhosts/saratogahistory.com/httpdocs/phpBB/' is executable
[Mon Aug 31 12:36:35.698719 2020] [core:crit] [pid 6888:tid 140619366262528] (13)Permission denied: [client 203.133.169.112:41248] AH00529: /var/www/vhosts/saratogahistory.com/httpdocs/phpBB/.htaccess pcfg_openfile: unable to check htaccess file, ensure it is readable and that '/var/www/vhosts/saratogahistory.com/httpdocs/phpBB/' is executable
[Mon Aug 31 12:36:40.624675 2020] [core:crit] [pid 6888:tid 140619198424832] (13)Permission denied: [client 203.133.169.112:41466] AH00529: /var/www/vhosts/saratogahistory.com/httpdocs/phpBB/.htaccess pcfg_openfile: unable to check htaccess file, ensure it is readable and that '/var/www/vhosts/saratogahistory.com/httpdocs/phpBB/' is executable
[Mon Aug 31 12:36:45.512700 2020] [core:crit] [pid 32352:tid 140619187934976] (13)Permission denied: [client 203.133.169.112:41674] AH00529: /var/www/vhosts/saratogahistory.com/httpdocs/phpBB/.htaccess pcfg_openfile: unable to check htaccess file, ensure it is readable and that '/var/www/vhosts/saratogahistory.com/httpdocs/phpBB/' is executable
[Mon Aug 31 12:36:50.569043 2020] [core:crit] [pid 6888:tid 140619324303104] (13)Permission denied: [client 203.133.169.112:41902] AH00529: /var/www/vhosts/saratogahistory.com/httpdocs/phpBB/.htaccess pcfg_openfile: unable to check htaccess file, ensure it is readable and that '/var/www/vhosts/saratogahistory.com/httpdocs/phpBB/' is executable
[Mon Aug 31 12:36:55.453505 2020] [core:crit] [pid 6888:tid 140619250874112] (13)Permission denied: [client 203.133.169.112:42074] AH00529: /var/www/vhosts/saratogahistory.com/httpdocs/phpBB/.htaccess pcfg_openfile: unable to check htaccess file, ensure it is readable and that '/var/www/vhosts/saratogahistory.com/httpdocs/phpBB/' is executable
[Mon Aug 31 12:37:00.472778 2020] [core:crit] [pid 6888:tid 140619208914688] (13)Permission denied: [client 203.133.169.112:42236] AH00529: /var/www/vhosts/saratogahistory.com/httpdocs/phpBB/.htaccess pcfg_openfile: unable to check htaccess file, ensure it is readable and that '/var/www/vhosts/saratogahistory.com/httpdocs/phpBB/' is executable
[Mon Aug 31 12:37:05.629769 2020] [core:crit] [pid 6888:tid 140619282343680] (13)Permission denied: [client 203.133.169.112:42428] AH00529: /var/www/vhosts/saratogahistory.com/httpdocs/phpBB/.htaccess pcfg_openfile: unable to check htaccess file, ensure it is readable and that '/var/www/vhosts/saratogahistory.com/httpdocs/phpBB/' is executable
[Mon Aug 31 12:37:10.563215 2020] [core:crit] [pid 6888:tid 140619240384256] (13)Permission denied: [client 203.133.169.112:42578] AH00529: /var/www/vhosts/saratogahistory.com/httpdocs/phpBB/.htaccess pcfg_openfile: unable to check htaccess file, ensure it is readable and that '/var/www/vhosts/saratogahistory.com/httpdocs/phpBB/' is executable
[Mon Aug 31 12:37:15.469717 2020] [core:crit] [pid 6888:tid 140619187934976] (13)Permission denied: [client 203.133.169.112:42750] AH00529: /var/www/vhosts/saratogahistory.com/httpdocs/phpBB/.htaccess pcfg_openfile: unable to check htaccess file, ensure it is readable and that '/var/www/vhosts/saratogahistory.com/httpdocs/phpBB/' is executable
[Mon Aug 31 12:37:20.351672 2020] [core:crit] [pid 6888:tid 140619229894400] (13)Permission denied: [client 203.133.169.112:42934] AH00529: /var/www/vhosts/saratogahistory.com/httpdocs/phpBB/.htaccess pcfg_openfile: unable to check htaccess file, ensure it is readable and that '/var/www/vhosts/saratogahistory.com/httpdocs/phpBB/' is executable
[Mon Aug 31 12:37:25.377820 2020] [core:crit] [pid 32352:tid 140619145975552] (13)Permission denied: [client 203.133.169.112:43142] AH00529: /var/www/vhosts/saratogahistory.com/httpdocs/phpBB/.htaccess pcfg_openfile: unable to check htaccess file, ensure it is readable and that '/var/www/vhosts/saratogahistory.com/httpdocs/phpBB/' is executable
[Mon Aug 31 12:37:30.389096 2020] [core:crit] [pid 6888:tid 140619261363968] (13)Permission denied: [client 203.133.169.112:43326] AH00529: /var/www/vhosts/saratogahistory.com/httpdocs/phpBB/.htaccess pcfg_openfile: unable to check htaccess file, ensure it is readable and that '/var/www/vhosts/saratogahistory.com/httpdocs/phpBB/' is executable
[Mon Aug 31 12:37:35.273407 2020] [core:crit] [pid 6888:tid 140619145975552] (13)Permission denied: [client 203.133.169.112:43534] AH00529: /var/www/vhosts/saratogahistory.com/httpdocs/phpBB/.htaccess pcfg_openfile: unable to check htaccess file, ensure it is readable and that '/var/www/vhosts/saratogahistory.com/httpdocs/phpBB/' is executable
[Mon Aug 31 12:37:40.483423 2020] [core:crit] [pid 6888:tid 140619156465408] (13)Permission denied: [client 203.133.169.112:43818] AH00529: /var/www/vhosts/saratogahistory.com/httpdocs/phpBB/.htaccess pcfg_openfile: unable to check htaccess file, ensure it is readable and that '/var/www/vhosts/saratogahistory.com/httpdocs/phpBB/' is executable
[Mon Aug 31 12:37:45.493023 2020] [core:crit] [pid 32325:tid 140619135485696] (13)Permission denied: [client 203.133.169.112:44134] AH00529: /var/www/vhosts/saratogahistory.com/httpdocs/phpBB/.htaccess pcfg_openfile: unable to check htaccess file, ensure it is readable and that '/var/www/vhosts/saratogahistory.com/httpdocs/phpBB/' is executable
[Mon Aug 31 12:37:50.513869 2020] [core:crit] [pid 6888:tid 140619177445120] (13)Permission denied: [client 203.133.169.112:44402] AH00529: /var/www/vhosts/saratogahistory.com/httpdocs/phpBB/.htaccess pcfg_openfile: unable to check htaccess file, ensure it is readable and that '/var/www/vhosts/saratogahistory.com/httpdocs/phpBB/' is executable
[Mon Aug 31 12:37:55.560666 2020] [core:crit] [pid 32352:tid 140619166955264] (13)Permission denied: [client 203.133.169.112:44596] AH00529: /var/www/vhosts/saratogahistory.com/httpdocs/phpBB/.htaccess pcfg_openfile: unable to check htaccess file, ensure it is readable and that '/var/www/vhosts/saratogahistory.com/httpdocs/phpBB/' is executable
[Mon Aug 31 12:46:45.929618 2020] [core:crit] [pid 6888:tid 140619303323392] (13)Permission denied: [client 66.249.65.193:40318] AH00529: /var/www/vhosts/saratogahistory.com/httpdocs/phpBB/.htaccess pcfg_openfile: unable to check htaccess file, ensure it is readable and that '/var/www/vhosts/saratogahistory.com/httpdocs/phpBB/' is executable
[Mon Aug 31 12:47:30.668756 2020] [core:crit] [pid 6888:tid 140619271853824] (13)Permission denied: [client 66.249.65.222:42404] AH00529: /var/www/vhosts/saratogahistory.com/httpdocs/phpBB/.htaccess pcfg_openfile: unable to check htaccess file, ensure it is readable and that '/var/www/vhosts/saratogahistory.com/httpdocs/phpBB/' is executable
[Mon Aug 31 12:48:50.503956 2020] [core:crit] [pid 6888:tid 140619198424832] (13)Permission denied: [client 66.249.65.193:45392] AH00529: /var/www/vhosts/saratogahistory.com/httpdocs/phpBB/.htaccess pcfg_openfile: unable to check htaccess file, ensure it is readable and that '/var/www/vhosts/saratogahistory.com/httpdocs/phpBB/' is executable
[Mon Aug 31 12:50:02.329173 2020] [core:crit] [pid 32325:tid 140619324303104] (13)Permission denied: [client 66.249.65.193:48152] AH00529: /var/www/vhosts/saratogahistory.com/httpdocs/phpBB/.htaccess pcfg_openfile: unable to check htaccess file, ensure it is readable and that '/var/www/vhosts/saratogahistory.com/httpdocs/phpBB/' is executable
[Mon Aug 31 12:51:20.142659 2020] [core:crit] [pid 6888:tid 140619282343680] (13)Permission denied: [client 66.249.65.222:51484] AH00529: /var/www/vhosts/saratogahistory.com/httpdocs/phpBB/.htaccess pcfg_openfile: unable to check htaccess file, ensure it is readable and that '/var/www/vhosts/saratogahistory.com/httpdocs/phpBB/' is executable
[Mon Aug 31 12:52:46.894730 2020] [core:crit] [pid 32352:tid 140619240384256] (13)Permission denied: [client 66.249.65.222:54228] AH00529: /var/www/vhosts/saratogahistory.com/httpdocs/phpBB/.htaccess pcfg_openfile: unable to check htaccess file, ensure it is readable and that '/var/www/vhosts/saratogahistory.com/httpdocs/phpBB/' is executable
[Mon Aug 31 13:05:18.445059 2020] [core:crit] [pid 6888:tid 140619355772672] (13)Permission denied: [client 178.159.37.58:58962] AH00529: /var/www/vhosts/saratogahistory.com/httpdocs/phpBB/.htaccess pcfg_openfile: unable to check htaccess file, ensure it is readable and that '/var/www/vhosts/saratogahistory.com/httpdocs/phpBB/' is executable, referer: http://www.saratogahistory.com/phpBB/index.php
[Mon Aug 31 13:06:50.131013 2020] [core:crit] [pid 6888:tid 140619271853824] (13)Permission denied: [client 185.220.101.17:34696] AH00529: /var/www/vhosts/saratogahistory.com/httpdocs/phpBB/.htaccess pcfg_openfile: unable to check htaccess file, ensure it is readable and that '/var/www/vhosts/saratogahistory.com/httpdocs/phpBB/' is executable, referer: http://www.saratogahistory.com/phpBB/index.php
[Mon Aug 31 13:34:32.441281 2020] [core:crit] [pid 6888:tid 140619135485696] (13)Permission denied: [client 74.210.168.36:48400] AH00529: /var/www/vhosts/saratogahistory.com/httpdocs/phpBB/.htaccess pcfg_openfile: unable to check htaccess file, ensure it is readable and that '/var/www/vhosts/saratogahistory.com/httpdocs/phpBB/' is executable, referer: http://www.saratogahistory.com/phpBB/index.php
[Mon Aug 31 13:37:20.190191 2020] [core:crit] [pid 6888:tid 140619303323392] (13)Permission denied: [client 109.70.100.27:57214] AH00529: /var/www/vhosts/saratogahistory.com/httpdocs/phpBB/.htaccess pcfg_openfile: unable to check htaccess file, ensure it is readable and that '/var/www/vhosts/saratogahistory.com/httpdocs/phpBB/' is executable, referer: http://www.saratogahistory.com/phpBB/index.php
[Mon Aug 31 13:40:04.499929 2020] [core:crit] [pid 6888:tid 140619324303104] (13)Permission denied: [client 66.249.65.193:37146] AH00529: /var/www/vhosts/saratogahistory.com/httpdocs/phpBB/.htaccess pcfg_openfile: unable to check htaccess file, ensure it is readable and that '/var/www/vhosts/saratogahistory.com/httpdocs/phpBB/' is executable, referer: http://www.saratogahistory.com/phpBB/viewtopic.php?p=985&sid=679932748d14238b3e9ada353def6e14
[Mon Aug 31 13:44:30.753605 2020] [core:crit] [pid 6888:tid 140619282343680] (13)Permission denied: [client 40.77.167.55:48202] AH00529: /var/www/vhosts/saratogahistory.com/httpdocs/phpBB/.htaccess pcfg_openfile: unable to check htaccess file, ensure it is readable and that '/var/www/vhosts/saratogahistory.com/httpdocs/phpBB/' is executable
[Mon Aug 31 14:27:04.991835 2020] [proxy_fcgi:error] [pid 32322:tid 140619208914688] [client 40.73.77.193:40362] AH01071: Got error 'Primary script unknown\n', referer: http://saratogahistory.com/wp-login.php
[Mon Aug 31 15:37:44.211166 2020] [core:crit] [pid 32352:tid 140619313813248] (13)Permission denied: [client 185.220.101.205:57456] AH00529: /var/www/vhosts/saratogahistory.com/httpdocs/phpBB/.htaccess pcfg_openfile: unable to check htaccess file, ensure it is readable and that '/var/www/vhosts/saratogahistory.com/httpdocs/phpBB/' is executable, referer: http://www.saratogahistory.com/phpBB/index.php
[Mon Aug 31 15:46:53.022063 2020] [core:crit] [pid 6888:tid 140619240384256] (13)Permission denied: [client 203.133.169.112:54676] AH00529: /var/www/vhosts/saratogahistory.com/httpdocs/phpBB/.htaccess pcfg_openfile: unable to check htaccess file, ensure it is readable and that '/var/www/vhosts/saratogahistory.com/httpdocs/phpBB/' is executable
[Mon Aug 31 15:46:58.012914 2020] [core:crit] [pid 32352:tid 140619208914688] (13)Permission denied: [client 203.133.169.112:54884] AH00529: /var/www/vhosts/saratogahistory.com/httpdocs/phpBB/.htaccess pcfg_openfile: unable to check htaccess file, ensure it is readable and that '/var/www/vhosts/saratogahistory.com/httpdocs/phpBB/' is executable
[Mon Aug 31 15:47:03.046047 2020] [core:crit] [pid 32352:tid 140619355772672] (13)Permission denied: [client 203.133.169.112:55128] AH00529: /var/www/vhosts/saratogahistory.com/httpdocs/phpBB/.htaccess pcfg_openfile: unable to check htaccess file, ensure it is readable and that '/var/www/vhosts/saratogahistory.com/httpdocs/phpBB/' is executable
[Mon Aug 31 15:47:08.062613 2020] [core:crit] [pid 32352:tid 140619250874112] (13)Permission denied: [client 203.133.169.112:55298] AH00529: /var/www/vhosts/saratogahistory.com/httpdocs/phpBB/.htaccess pcfg_openfile: unable to check htaccess file, ensure it is readable and that '/var/www/vhosts/saratogahistory.com/httpdocs/phpBB/' is executable
[Mon Aug 31 15:47:13.011292 2020] [core:crit] [pid 6888:tid 140619187934976] (13)Permission denied: [client 203.133.169.112:55538] AH00529: /var/www/vhosts/saratogahistory.com/httpdocs/phpBB/.htaccess pcfg_openfile: unable to check htaccess file, ensure it is readable and that '/var/www/vhosts/saratogahistory.com/httpdocs/phpBB/' is executable
[Mon Aug 31 15:47:18.027290 2020] [core:crit] [pid 6888:tid 140619229894400] (13)Permission denied: [client 203.133.169.112:55842] AH00529: /var/www/vhosts/saratogahistory.com/httpdocs/phpBB/.htaccess pcfg_openfile: unable to check htaccess file, ensure it is readable and that '/var/www/vhosts/saratogahistory.com/httpdocs/phpBB/' is executable
[Mon Aug 31 15:47:23.281630 2020] [core:crit] [pid 6888:tid 140619261363968] (13)Permission denied: [client 203.133.169.112:56088] AH00529: /var/www/vhosts/saratogahistory.com/httpdocs/phpBB/.htaccess pcfg_openfile: unable to check htaccess file, ensure it is readable and that '/var/www/vhosts/saratogahistory.com/httpdocs/phpBB/' is executable
[Mon Aug 31 15:47:28.156987 2020] [core:crit] [pid 32352:tid 140619229894400] (13)Permission denied: [client 203.133.169.112:56386] AH00529: /var/www/vhosts/saratogahistory.com/httpdocs/phpBB/.htaccess pcfg_openfile: unable to check htaccess file, ensure it is readable and that '/var/www/vhosts/saratogahistory.com/httpdocs/phpBB/' is executable
[Mon Aug 31 15:47:33.054027 2020] [core:crit] [pid 32352:tid 140619334792960] (13)Permission denied: [client 203.133.169.112:56682] AH00529: /var/www/vhosts/saratogahistory.com/httpdocs/phpBB/.htaccess pcfg_openfile: unable to check htaccess file, ensure it is readable and that '/var/www/vhosts/saratogahistory.com/httpdocs/phpBB/' is executable
[Mon Aug 31 15:47:38.061628 2020] [core:crit] [pid 32352:tid 140619366262528] (13)Permission denied: [client 203.133.169.112:56914] AH00529: /var/www/vhosts/saratogahistory.com/httpdocs/phpBB/.htaccess pcfg_openfile: unable to check htaccess file, ensure it is readable and that '/var/www/vhosts/saratogahistory.com/httpdocs/phpBB/' is executable
[Mon Aug 31 15:47:43.114520 2020] [core:crit] [pid 32322:tid 140619376752384] (13)Permission denied: [client 203.133.169.112:57146] AH00529: /var/www/vhosts/saratogahistory.com/httpdocs/phpBB/.htaccess pcfg_openfile: unable to check htaccess file, ensure it is readable and that '/var/www/vhosts/saratogahistory.com/httpdocs/phpBB/' is executable
[Mon Aug 31 15:47:48.168838 2020] [core:crit] [pid 32352:tid 140619376752384] (13)Permission denied: [client 203.133.169.112:57472] AH00529: /var/www/vhosts/saratogahistory.com/httpdocs/phpBB/.htaccess pcfg_openfile: unable to check htaccess file, ensure it is readable and that '/var/www/vhosts/saratogahistory.com/httpdocs/phpBB/' is executable
[Mon Aug 31 15:47:53.170761 2020] [core:crit] [pid 6888:tid 140619219404544] (13)Permission denied: [client 203.133.169.112:57742] AH00529: /var/www/vhosts/saratogahistory.com/httpdocs/phpBB/.htaccess pcfg_openfile: unable to check htaccess file, ensure it is readable and that '/var/www/vhosts/saratogahistory.com/httpdocs/phpBB/' is executable
[Mon Aug 31 15:47:58.088204 2020] [core:crit] [pid 32352:tid 140619345282816] (13)Permission denied: [client 203.133.169.112:57962] AH00529: /var/www/vhosts/saratogahistory.com/httpdocs/phpBB/.htaccess pcfg_openfile: unable to check htaccess file, ensure it is readable and that '/var/www/vhosts/saratogahistory.com/httpdocs/phpBB/' is executable
[Mon Aug 31 15:48:03.007217 2020] [core:crit] [pid 32352:tid 140619187934976] (13)Permission denied: [client 203.133.169.112:58194] AH00529: /var/www/vhosts/saratogahistory.com/httpdocs/phpBB/.htaccess pcfg_openfile: unable to check htaccess file, ensure it is readable and that '/var/www/vhosts/saratogahistory.com/httpdocs/phpBB/' is executable
[Mon Aug 31 15:48:07.901207 2020] [core:crit] [pid 6888:tid 140619145975552] (13)Permission denied: [client 203.133.169.112:58424] AH00529: /var/www/vhosts/saratogahistory.com/httpdocs/phpBB/.htaccess pcfg_openfile: unable to check htaccess file, ensure it is readable and that '/var/www/vhosts/saratogahistory.com/httpdocs/phpBB/' is executable
[Mon Aug 31 15:48:12.904621 2020] [core:crit] [pid 32352:tid 140619145975552] (13)Permission denied: [client 203.133.169.112:58610] AH00529: /var/www/vhosts/saratogahistory.com/httpdocs/phpBB/.htaccess pcfg_openfile: unable to check htaccess file, ensure it is readable and that '/var/www/vhosts/saratogahistory.com/httpdocs/phpBB/' is executable
[Mon Aug 31 15:48:17.888568 2020] [core:crit] [pid 6888:tid 140619156465408] (13)Permission denied: [client 203.133.169.112:58876] AH00529: /var/www/vhosts/saratogahistory.com/httpdocs/phpBB/.htaccess pcfg_openfile: unable to check htaccess file, ensure it is readable and that '/var/www/vhosts/saratogahistory.com/httpdocs/phpBB/' is executable
[Mon Aug 31 15:48:22.799277 2020] [core:crit] [pid 32325:tid 140619156465408] (13)Permission denied: [client 203.133.169.112:59120] AH00529: /var/www/vhosts/saratogahistory.com/httpdocs/phpBB/.htaccess pcfg_openfile: unable to check htaccess file, ensure it is readable and that '/var/www/vhosts/saratogahistory.com/httpdocs/phpBB/' is executable
[Mon Aug 31 15:48:27.703854 2020] [core:crit] [pid 6888:tid 140619177445120] (13)Permission denied: [client 203.133.169.112:59388] AH00529: /var/www/vhosts/saratogahistory.com/httpdocs/phpBB/.htaccess pcfg_openfile: unable to check htaccess file, ensure it is readable and that '/var/www/vhosts/saratogahistory.com/httpdocs/phpBB/' is executable
[Mon Aug 31 15:48:32.790460 2020] [core:crit] [pid 32352:tid 140619219404544] (13)Permission denied: [client 203.133.169.112:59562] AH00529: /var/www/vhosts/saratogahistory.com/httpdocs/phpBB/.htaccess pcfg_openfile: unable to check htaccess file, ensure it is readable and that '/var/www/vhosts/saratogahistory.com/httpdocs/phpBB/' is executable
[Mon Aug 31 15:48:37.687281 2020] [core:crit] [pid 6888:tid 140619355772672] (13)Permission denied: [client 203.133.169.112:59780] AH00529: /var/www/vhosts/saratogahistory.com/httpdocs/phpBB/.htaccess pcfg_openfile: unable to check htaccess file, ensure it is readable and that '/var/www/vhosts/saratogahistory.com/httpdocs/phpBB/' is executable
[Mon Aug 31 15:48:42.573766 2020] [core:crit] [pid 6888:tid 140619124995840] (13)Permission denied: [client 203.133.169.112:59970] AH00529: /var/www/vhosts/saratogahistory.com/httpdocs/phpBB/.htaccess pcfg_openfile: unable to check htaccess file, ensure it is readable and that '/var/www/vhosts/saratogahistory.com/httpdocs/phpBB/' is executable
[Mon Aug 31 15:48:47.456124 2020] [core:crit] [pid 6888:tid 140619166955264] (13)Permission denied: [client 203.133.169.112:60140] AH00529: /var/www/vhosts/saratogahistory.com/httpdocs/phpBB/.htaccess pcfg_openfile: unable to check htaccess file, ensure it is readable and that '/var/www/vhosts/saratogahistory.com/httpdocs/phpBB/' is executable
[Mon Aug 31 16:12:48.429762 2020] [core:crit] [pid 6888:tid 140619366262528] (13)Permission denied: [client 185.25.35.12:40700] AH00529: /var/www/vhosts/saratogahistory.com/httpdocs/phpBB/.htaccess pcfg_openfile: unable to check htaccess file, ensure it is readable and that '/var/www/vhosts/saratogahistory.com/httpdocs/phpBB/' is executable
[Mon Aug 31 16:13:17.344987 2020] [core:crit] [pid 32325:tid 140619334792960] (13)Permission denied: [client 66.249.65.202:43342] AH00529: /var/www/vhosts/saratogahistory.com/httpdocs/phpBB/.htaccess pcfg_openfile: unable to check htaccess file, ensure it is readable and that '/var/www/vhosts/saratogahistory.com/httpdocs/phpBB/' is executable
[Mon Aug 31 16:27:51.372714 2020] [core:crit] [pid 6888:tid 140619261363968] (13)Permission denied: [client 192.126.158.27:60888] AH00529: /var/www/vhosts/saratogahistory.com/httpdocs/phpBB/.htaccess pcfg_openfile: unable to check htaccess file, ensure it is readable and that '/var/www/vhosts/saratogahistory.com/httpdocs/phpBB/' is executable, referer: http://www.saratogahistory.com/
[Mon Aug 31 16:27:52.256574 2020] [core:crit] [pid 32322:tid 140619313813248] (13)Permission denied: [client 192.126.158.80:60924] AH00529: /var/www/vhosts/saratogahistory.com/httpdocs/phpBB/.htaccess pcfg_openfile: unable to check htaccess file, ensure it is readable and that '/var/www/vhosts/saratogahistory.com/httpdocs/phpBB/' is executable, referer: http://www.saratogahistory.com/
[Mon Aug 31 16:27:52.974275 2020] [core:crit] [pid 6888:tid 140619219404544] (13)Permission denied: [client 192.126.166.5:60954] AH00529: /var/www/vhosts/saratogahistory.com/httpdocs/phpBB/.htaccess pcfg_openfile: unable to check htaccess file, ensure it is readable and that '/var/www/vhosts/saratogahistory.com/httpdocs/phpBB/' is executable, referer: http://www.saratogahistory.com/
[Mon Aug 31 16:27:53.555067 2020] [core:crit] [pid 32322:tid 140619303323392] (13)Permission denied: [client 192.126.166.64:60976] AH00529: /var/www/vhosts/saratogahistory.com/httpdocs/phpBB/.htaccess pcfg_openfile: unable to check htaccess file, ensure it is readable and that '/var/www/vhosts/saratogahistory.com/httpdocs/phpBB/' is executable, referer: http://www.saratogahistory.com/
[Mon Aug 31 16:43:15.719397 2020] [core:crit] [pid 6888:tid 140619271853824] (13)Permission denied: [client 185.220.102.251:47216] AH00529: /var/www/vhosts/saratogahistory.com/httpdocs/phpBB/.htaccess pcfg_openfile: unable to check htaccess file, ensure it is readable and that '/var/www/vhosts/saratogahistory.com/httpdocs/phpBB/' is executable, referer: http://www.saratogahistory.com/phpBB/index.php
[Mon Aug 31 17:25:35.396306 2020] [proxy_fcgi:error] [pid 6888:tid 140619124995840] [client 117.20.62.229:47500] AH01071: Got error 'Primary script unknown\n'
[Mon Aug 31 17:30:34.873194 2020] [core:crit] [pid 32352:tid 140619177445120] (13)Permission denied: [client 185.25.35.10:59300] AH00529: /var/www/vhosts/saratogahistory.com/httpdocs/phpBB/.htaccess pcfg_openfile: unable to check htaccess file, ensure it is readable and that '/var/www/vhosts/saratogahistory.com/httpdocs/phpBB/' is executable
[Mon Aug 31 17:37:38.619830 2020] [core:crit] [pid 32325:tid 140619145975552] (13)Permission denied: [client 185.117.215.9:50012] AH00529: /var/www/vhosts/saratogahistory.com/httpdocs/phpBB/.htaccess pcfg_openfile: unable to check htaccess file, ensure it is readable and that '/var/www/vhosts/saratogahistory.com/httpdocs/phpBB/' is executable, referer: http://www.saratogahistory.com/phpBB/index.php
[Mon Aug 31 17:47:10.953202 2020] [core:crit] [pid 32352:tid 140619198424832] (13)Permission denied: [client 98.143.145.30:47200] AH00529: /var/www/vhosts/saratogahistory.com/httpdocs/phpBB/.htaccess pcfg_openfile: unable to check htaccess file, ensure it is readable and that '/var/www/vhosts/saratogahistory.com/httpdocs/phpBB/' is executable, referer: http://www.saratogahistory.com/phpBB/index.php
[Mon Aug 31 17:48:07.402422 2020] [proxy_fcgi:error] [pid 32352:tid 140619271853824] [client 24.249.199.4:49842] AH01071: Got error 'Primary script unknown\n', referer: http://www.saratogahistory.com/index.php
[Mon Aug 31 18:09:01.754704 2020] [core:crit] [pid 6888:tid 140619124995840] (13)Permission denied: [client 185.25.35.8:49454] AH00529: /var/www/vhosts/saratogahistory.com/httpdocs/phpBB/.htaccess pcfg_openfile: unable to check htaccess file, ensure it is readable and that '/var/www/vhosts/saratogahistory.com/httpdocs/phpBB/' is executable
[Mon Aug 31 18:17:12.025254 2020] [core:crit] [pid 6888:tid 140619334792960] (13)Permission denied: [client 46.246.65.141:43652] AH00529: /var/www/vhosts/saratogahistory.com/httpdocs/phpBB/.htaccess pcfg_openfile: unable to check htaccess file, ensure it is readable and that '/var/www/vhosts/saratogahistory.com/httpdocs/phpBB/' is executable, referer: http://www.saratogahistory.com/phpBB/index.php
[Mon Aug 31 18:17:12.057175 2020] [core:crit] [pid 6888:tid 140619313813248] (13)Permission denied: [client 46.246.65.141:43654] AH00529: /var/www/vhosts/saratogahistory.com/httpdocs/phpBB/.htaccess pcfg_openfile: unable to check htaccess file, ensure it is readable and that '/var/www/vhosts/saratogahistory.com/httpdocs/phpBB/' is executable, referer: http://www.saratogahistory.com/phpBB/index.php
[Mon Aug 31 18:20:27.083080 2020] [core:crit] [pid 6888:tid 140619187934976] (13)Permission denied: [client 185.25.35.9:52234] AH00529: /var/www/vhosts/saratogahistory.com/httpdocs/phpBB/.htaccess pcfg_openfile: unable to check htaccess file, ensure it is readable and that '/var/www/vhosts/saratogahistory.com/httpdocs/phpBB/' is executable
[Mon Aug 31 18:31:13.663636 2020] [core:crit] [pid 32325:tid 140619240384256] (13)Permission denied: [client 194.50.5.77:52784] AH00529: /var/www/vhosts/saratogahistory.com/httpdocs/phpBB/.htaccess pcfg_openfile: unable to check htaccess file, ensure it is readable and that '/var/www/vhosts/saratogahistory.com/httpdocs/phpBB/' is executable, referer: http://www.saratogahistory.com/
[Mon Aug 31 18:31:14.494339 2020] [core:crit] [pid 6888:tid 140619229894400] (13)Permission denied: [client 198.105.125.208:52810] AH00529: /var/www/vhosts/saratogahistory.com/httpdocs/phpBB/.htaccess pcfg_openfile: unable to check htaccess file, ensure it is readable and that '/var/www/vhosts/saratogahistory.com/httpdocs/phpBB/' is executable, referer: http://www.saratogahistory.com/
[Mon Aug 31 18:31:15.208586 2020] [core:crit] [pid 6888:tid 140619219404544] (13)Permission denied: [client 5.157.0.132:52826] AH00529: /var/www/vhosts/saratogahistory.com/httpdocs/phpBB/.htaccess pcfg_openfile: unable to check htaccess file, ensure it is readable and that '/var/www/vhosts/saratogahistory.com/httpdocs/phpBB/' is executable, referer: http://www.saratogahistory.com/
[Mon Aug 31 18:31:15.565959 2020] [core:crit] [pid 32352:tid 140619282343680] (13)Permission denied: [client 5.157.0.147:52850] AH00529: /var/www/vhosts/saratogahistory.com/httpdocs/phpBB/.htaccess pcfg_openfile: unable to check htaccess file, ensure it is readable and that '/var/www/vhosts/saratogahistory.com/httpdocs/phpBB/' is executable, referer: http://www.saratogahistory.com/
[Mon Aug 31 18:45:09.163259 2020] [core:crit] [pid 6888:tid 140619208914688] (13)Permission denied: [client 203.133.169.112:60642] AH00529: /var/www/vhosts/saratogahistory.com/httpdocs/phpBB/.htaccess pcfg_openfile: unable to check htaccess file, ensure it is readable and that '/var/www/vhosts/saratogahistory.com/httpdocs/phpBB/' is executable
[Mon Aug 31 18:45:14.162064 2020] [core:crit] [pid 6888:tid 140619282343680] (13)Permission denied: [client 203.133.169.112:60810] AH00529: /var/www/vhosts/saratogahistory.com/httpdocs/phpBB/.htaccess pcfg_openfile: unable to check htaccess file, ensure it is readable and that '/var/www/vhosts/saratogahistory.com/httpdocs/phpBB/' is executable
[Mon Aug 31 18:45:19.042750 2020] [core:crit] [pid 6888:tid 140619240384256] (13)Permission denied: [client 203.133.169.112:32850] AH00529: /var/www/vhosts/saratogahistory.com/httpdocs/phpBB/.htaccess pcfg_openfile: unable to check htaccess file, ensure it is readable and that '/var/www/vhosts/saratogahistory.com/httpdocs/phpBB/' is executable
[Mon Aug 31 18:45:23.940260 2020] [core:crit] [pid 6888:tid 140619187934976] (13)Permission denied: [client 203.133.169.112:33044] AH00529: /var/www/vhosts/saratogahistory.com/httpdocs/phpBB/.htaccess pcfg_openfile: unable to check htaccess file, ensure it is readable and that '/var/www/vhosts/saratogahistory.com/httpdocs/phpBB/' is executable
[Mon Aug 31 18:45:28.972355 2020] [core:crit] [pid 32352:tid 140619177445120] (13)Permission denied: [client 203.133.169.112:33226] AH00529: /var/www/vhosts/saratogahistory.com/httpdocs/phpBB/.htaccess pcfg_openfile: unable to check htaccess file, ensure it is readable and that '/var/www/vhosts/saratogahistory.com/httpdocs/phpBB/' is executable
[Mon Aug 31 18:45:33.862791 2020] [core:crit] [pid 6888:tid 140619229894400] (13)Permission denied: [client 203.133.169.112:33414] AH00529: /var/www/vhosts/saratogahistory.com/httpdocs/phpBB/.htaccess pcfg_openfile: unable to check htaccess file, ensure it is readable and that '/var/www/vhosts/saratogahistory.com/httpdocs/phpBB/' is executable
[Mon Aug 31 18:45:39.065845 2020] [core:crit] [pid 6888:tid 140619219404544] (13)Permission denied: [client 203.133.169.112:33678] AH00529: /var/www/vhosts/saratogahistory.com/httpdocs/phpBB/.htaccess pcfg_openfile: unable to check htaccess file, ensure it is readable and that '/var/www/vhosts/saratogahistory.com/httpdocs/phpBB/' is executable
[Mon Aug 31 18:45:43.961105 2020] [core:crit] [pid 6888:tid 140619261363968] (13)Permission denied: [client 203.133.169.112:33830] AH00529: /var/www/vhosts/saratogahistory.com/httpdocs/phpBB/.htaccess pcfg_openfile: unable to check htaccess file, ensure it is readable and that '/var/www/vhosts/saratogahistory.com/httpdocs/phpBB/' is executable
[Mon Aug 31 18:45:48.954121 2020] [core:crit] [pid 6888:tid 140619156465408] (13)Permission denied: [client 203.133.169.112:33998] AH00529: /var/www/vhosts/saratogahistory.com/httpdocs/phpBB/.htaccess pcfg_openfile: unable to check htaccess file, ensure it is readable and that '/var/www/vhosts/saratogahistory.com/httpdocs/phpBB/' is executable
[Mon Aug 31 18:45:53.849474 2020] [core:crit] [pid 6888:tid 140619145975552] (13)Permission denied: [client 203.133.169.112:34242] AH00529: /var/www/vhosts/saratogahistory.com/httpdocs/phpBB/.htaccess pcfg_openfile: unable to check htaccess file, ensure it is readable and that '/var/www/vhosts/saratogahistory.com/httpdocs/phpBB/' is executable
[Mon Aug 31 18:45:58.855753 2020] [core:crit] [pid 32352:tid 140619166955264] (13)Permission denied: [client 203.133.169.112:34478] AH00529: /var/www/vhosts/saratogahistory.com/httpdocs/phpBB/.htaccess pcfg_openfile: unable to check htaccess file, ensure it is readable and that '/var/www/vhosts/saratogahistory.com/httpdocs/phpBB/' is executable
[Mon Aug 31 18:46:03.939878 2020] [core:crit] [pid 6888:tid 140619177445120] (13)Permission denied: [client 203.133.169.112:34720] AH00529: /var/www/vhosts/saratogahistory.com/httpdocs/phpBB/.htaccess pcfg_openfile: unable to check htaccess file, ensure it is readable and that '/var/www/vhosts/saratogahistory.com/httpdocs/phpBB/' is executable
[Mon Aug 31 18:46:08.937037 2020] [core:crit] [pid 6888:tid 140619355772672] (13)Permission denied: [client 203.133.169.112:34900] AH00529: /var/www/vhosts/saratogahistory.com/httpdocs/phpBB/.htaccess pcfg_openfile: unable to check htaccess file, ensure it is readable and that '/var/www/vhosts/saratogahistory.com/httpdocs/phpBB/' is executable
[Mon Aug 31 18:46:14.025401 2020] [core:crit] [pid 6888:tid 140619166955264] (13)Permission denied: [client 203.133.169.112:35118] AH00529: /var/www/vhosts/saratogahistory.com/httpdocs/phpBB/.htaccess pcfg_openfile: unable to check htaccess file, ensure it is readable and that '/var/www/vhosts/saratogahistory.com/httpdocs/phpBB/' is executable
[Mon Aug 31 18:46:18.962544 2020] [core:crit] [pid 6888:tid 140619124995840] (13)Permission denied: [client 203.133.169.112:35330] AH00529: /var/www/vhosts/saratogahistory.com/httpdocs/phpBB/.htaccess pcfg_openfile: unable to check htaccess file, ensure it is readable and that '/var/www/vhosts/saratogahistory.com/httpdocs/phpBB/' is executable
[Mon Aug 31 18:46:23.857609 2020] [core:crit] [pid 6888:tid 140619376752384] (13)Permission denied: [client 203.133.169.112:35522] AH00529: /var/www/vhosts/saratogahistory.com/httpdocs/phpBB/.htaccess pcfg_openfile: unable to check htaccess file, ensure it is readable and that '/var/www/vhosts/saratogahistory.com/httpdocs/phpBB/' is executable
[Mon Aug 31 18:46:28.756862 2020] [core:crit] [pid 6888:tid 140619135485696] (13)Permission denied: [client 203.133.169.112:35730] AH00529: /var/www/vhosts/saratogahistory.com/httpdocs/phpBB/.htaccess pcfg_openfile: unable to check htaccess file, ensure it is readable and that '/var/www/vhosts/saratogahistory.com/httpdocs/phpBB/' is executable
[Mon Aug 31 18:46:33.742950 2020] [core:crit] [pid 6888:tid 140619292833536] (13)Permission denied: [client 203.133.169.112:36016] AH00529: /var/www/vhosts/saratogahistory.com/httpdocs/phpBB/.htaccess pcfg_openfile: unable to check htaccess file, ensure it is readable and that '/var/www/vhosts/saratogahistory.com/httpdocs/phpBB/' is executable
[Mon Aug 31 18:46:38.732152 2020] [core:crit] [pid 6888:tid 140619334792960] (13)Permission denied: [client 203.133.169.112:36216] AH00529: /var/www/vhosts/saratogahistory.com/httpdocs/phpBB/.htaccess pcfg_openfile: unable to check htaccess file, ensure it is readable and that '/var/www/vhosts/saratogahistory.com/httpdocs/phpBB/' is executable
[Mon Aug 31 18:46:43.720444 2020] [core:crit] [pid 32352:tid 140619135485696] (13)Permission denied: [client 203.133.169.112:36484] AH00529: /var/www/vhosts/saratogahistory.com/httpdocs/phpBB/.htaccess pcfg_openfile: unable to check htaccess file, ensure it is readable and that '/var/www/vhosts/saratogahistory.com/httpdocs/phpBB/' is executable
[Mon Aug 31 18:46:48.969020 2020] [core:crit] [pid 6888:tid 140619313813248] (13)Permission denied: [client 203.133.169.112:36778] AH00529: /var/www/vhosts/saratogahistory.com/httpdocs/phpBB/.htaccess pcfg_openfile: unable to check htaccess file, ensure it is readable and that '/var/www/vhosts/saratogahistory.com/httpdocs/phpBB/' is executable
[Mon Aug 31 18:46:53.951403 2020] [core:crit] [pid 32325:tid 140619334792960] (13)Permission denied: [client 203.133.169.112:36964] AH00529: /var/www/vhosts/saratogahistory.com/httpdocs/phpBB/.htaccess pcfg_openfile: unable to check htaccess file, ensure it is readable and that '/var/www/vhosts/saratogahistory.com/httpdocs/phpBB/' is executable
[Mon Aug 31 18:46:58.835105 2020] [core:crit] [pid 6888:tid 140619271853824] (13)Permission denied: [client 203.133.169.112:37186] AH00529: /var/www/vhosts/saratogahistory.com/httpdocs/phpBB/.htaccess pcfg_openfile: unable to check htaccess file, ensure it is readable and that '/var/www/vhosts/saratogahistory.com/httpdocs/phpBB/' is executable
[Mon Aug 31 18:47:03.880246 2020] [core:crit] [pid 6888:tid 140619303323392] (13)Permission denied: [client 203.133.169.112:37476] AH00529: /var/www/vhosts/saratogahistory.com/httpdocs/phpBB/.htaccess pcfg_openfile: unable to check htaccess file, ensure it is readable and that '/var/www/vhosts/saratogahistory.com/httpdocs/phpBB/' is executable
[Mon Aug 31 18:47:08.813573 2020] [core:crit] [pid 6888:tid 140619366262528] (13)Permission denied: [client 203.133.169.112:37766] AH00529: /var/www/vhosts/saratogahistory.com/httpdocs/phpBB/.htaccess pcfg_openfile: unable to check htaccess file, ensure it is readable and that '/var/www/vhosts/saratogahistory.com/httpdocs/phpBB/' is executable
[Mon Aug 31 18:47:13.817839 2020] [core:crit] [pid 6888:tid 140619198424832] (13)Permission denied: [client 203.133.169.112:38060] AH00529: /var/www/vhosts/saratogahistory.com/httpdocs/phpBB/.htaccess pcfg_openfile: unable to check htaccess file, ensure it is readable and that '/var/www/vhosts/saratogahistory.com/httpdocs/phpBB/' is executable
[Mon Aug 31 18:47:18.815920 2020] [core:crit] [pid 6888:tid 140619345282816] (13)Permission denied: [client 203.133.169.112:38278] AH00529: /var/www/vhosts/saratogahistory.com/httpdocs/phpBB/.htaccess pcfg_openfile: unable to check htaccess file, ensure it is readable and that '/var/www/vhosts/saratogahistory.com/httpdocs/phpBB/' is executable
[Mon Aug 31 18:47:24.052375 2020] [core:crit] [pid 6888:tid 140619324303104] (13)Permission denied: [client 203.133.169.112:38478] AH00529: /var/www/vhosts/saratogahistory.com/httpdocs/phpBB/.htaccess pcfg_openfile: unable to check htaccess file, ensure it is readable and that '/var/www/vhosts/saratogahistory.com/httpdocs/phpBB/' is executable
[Mon Aug 31 18:47:28.955529 2020] [core:crit] [pid 6888:tid 140619250874112] (13)Permission denied: [client 203.133.169.112:38656] AH00529: /var/www/vhosts/saratogahistory.com/httpdocs/phpBB/.htaccess pcfg_openfile: unable to check htaccess file, ensure it is readable and that '/var/www/vhosts/saratogahistory.com/httpdocs/phpBB/' is executable
[Mon Aug 31 18:47:33.948699 2020] [core:crit] [pid 6888:tid 140619208914688] (13)Permission denied: [client 203.133.169.112:38852] AH00529: /var/www/vhosts/saratogahistory.com/httpdocs/phpBB/.htaccess pcfg_openfile: unable to check htaccess file, ensure it is readable and that '/var/www/vhosts/saratogahistory.com/httpdocs/phpBB/' is executable
[Mon Aug 31 18:47:38.867011 2020] [core:crit] [pid 6888:tid 140619282343680] (13)Permission denied: [client 203.133.169.112:39058] AH00529: /var/www/vhosts/saratogahistory.com/httpdocs/phpBB/.htaccess pcfg_openfile: unable to check htaccess file, ensure it is readable and that '/var/www/vhosts/saratogahistory.com/httpdocs/phpBB/' is executable
[Mon Aug 31 18:47:43.763527 2020] [core:crit] [pid 6888:tid 140619240384256] (13)Permission denied: [client 203.133.169.112:39260] AH00529: /var/www/vhosts/saratogahistory.com/httpdocs/phpBB/.htaccess pcfg_openfile: unable to check htaccess file, ensure it is readable and that '/var/www/vhosts/saratogahistory.com/httpdocs/phpBB/' is executable
[Mon Aug 31 18:47:48.646928 2020] [core:crit] [pid 32325:tid 140619345282816] (13)Permission denied: [client 203.133.169.112:39466] AH00529: /var/www/vhosts/saratogahistory.com/httpdocs/phpBB/.htaccess pcfg_openfile: unable to check htaccess file, ensure it is readable and that '/var/www/vhosts/saratogahistory.com/httpdocs/phpBB/' is executable
[Mon Aug 31 18:47:53.562669 2020] [core:crit] [pid 6888:tid 140619187934976] (13)Permission denied: [client 203.133.169.112:39620] AH00529: /var/www/vhosts/saratogahistory.com/httpdocs/phpBB/.htaccess pcfg_openfile: unable to check htaccess file, ensure it is readable and that '/var/www/vhosts/saratogahistory.com/httpdocs/phpBB/' is executable
[Mon Aug 31 18:47:58.801438 2020] [core:crit] [pid 32352:tid 140619303323392] (13)Permission denied: [client 203.133.169.112:39856] AH00529: /var/www/vhosts/saratogahistory.com/httpdocs/phpBB/.htaccess pcfg_openfile: unable to check htaccess file, ensure it is readable and that '/var/www/vhosts/saratogahistory.com/httpdocs/phpBB/' is executable
[Mon Aug 31 18:48:03.784570 2020] [core:crit] [pid 32352:tid 140619156465408] (13)Permission denied: [client 203.133.169.112:40036] AH00529: /var/www/vhosts/saratogahistory.com/httpdocs/phpBB/.htaccess pcfg_openfile: unable to check htaccess file, ensure it is readable and that '/var/www/vhosts/saratogahistory.com/httpdocs/phpBB/' is executable
[Mon Aug 31 18:48:08.796538 2020] [core:crit] [pid 6888:tid 140619229894400] (13)Permission denied: [client 203.133.169.112:40188] AH00529: /var/www/vhosts/saratogahistory.com/httpdocs/phpBB/.htaccess pcfg_openfile: unable to check htaccess file, ensure it is readable and that '/var/www/vhosts/saratogahistory.com/httpdocs/phpBB/' is executable
[Mon Aug 31 18:48:13.679460 2020] [core:crit] [pid 6888:tid 140619219404544] (13)Permission denied: [client 203.133.169.112:40350] AH00529: /var/www/vhosts/saratogahistory.com/httpdocs/phpBB/.htaccess pcfg_openfile: unable to check htaccess file, ensure it is readable and that '/var/www/vhosts/saratogahistory.com/httpdocs/phpBB/' is executable
[Mon Aug 31 18:48:18.690936 2020] [core:crit] [pid 6888:tid 140619261363968] (13)Permission denied: [client 203.133.169.112:40522] AH00529: /var/www/vhosts/saratogahistory.com/httpdocs/phpBB/.htaccess pcfg_openfile: unable to check htaccess file, ensure it is readable and that '/var/www/vhosts/saratogahistory.com/httpdocs/phpBB/' is executable
[Mon Aug 31 18:48:23.585379 2020] [core:crit] [pid 6888:tid 140619156465408] (13)Permission denied: [client 203.133.169.112:40740] AH00529: /var/www/vhosts/saratogahistory.com/httpdocs/phpBB/.htaccess pcfg_openfile: unable to check htaccess file, ensure it is readable and that '/var/www/vhosts/saratogahistory.com/httpdocs/phpBB/' is executable
[Mon Aug 31 18:48:28.474427 2020] [core:crit] [pid 6888:tid 140619145975552] (13)Permission denied: [client 203.133.169.112:40970] AH00529: /var/www/vhosts/saratogahistory.com/httpdocs/phpBB/.htaccess pcfg_openfile: unable to check htaccess file, ensure it is readable and that '/var/www/vhosts/saratogahistory.com/httpdocs/phpBB/' is executable
[Mon Aug 31 18:48:33.478231 2020] [core:crit] [pid 6888:tid 140619177445120] (13)Permission denied: [client 203.133.169.112:41140] AH00529: /var/www/vhosts/saratogahistory.com/httpdocs/phpBB/.htaccess pcfg_openfile: unable to check htaccess file, ensure it is readable and that '/var/www/vhosts/saratogahistory.com/httpdocs/phpBB/' is executable
[Mon Aug 31 18:48:38.462241 2020] [core:crit] [pid 6888:tid 140619355772672] (13)Permission denied: [client 203.133.169.112:41350] AH00529: /var/www/vhosts/saratogahistory.com/httpdocs/phpBB/.htaccess pcfg_openfile: unable to check htaccess file, ensure it is readable and that '/var/www/vhosts/saratogahistory.com/httpdocs/phpBB/' is executable
[Mon Aug 31 18:48:43.353116 2020] [core:crit] [pid 6888:tid 140619166955264] (13)Permission denied: [client 203.133.169.112:41596] AH00529: /var/www/vhosts/saratogahistory.com/httpdocs/phpBB/.htaccess pcfg_openfile: unable to check htaccess file, ensure it is readable and that '/var/www/vhosts/saratogahistory.com/httpdocs/phpBB/' is executable
[Mon Aug 31 18:48:48.351260 2020] [core:crit] [pid 32352:tid 140619198424832] (13)Permission denied: [client 203.133.169.112:41756] AH00529: /var/www/vhosts/saratogahistory.com/httpdocs/phpBB/.htaccess pcfg_openfile: unable to check htaccess file, ensure it is readable and that '/var/www/vhosts/saratogahistory.com/httpdocs/phpBB/' is executable
[Mon Aug 31 19:37:41.242431 2020] [core:crit] [pid 6888:tid 140619145975552] (13)Permission denied: [client 193.218.118.130:51170] AH00529: /var/www/vhosts/saratogahistory.com/httpdocs/phpBB/.htaccess pcfg_openfile: unable to check htaccess file, ensure it is readable and that '/var/www/vhosts/saratogahistory.com/httpdocs/phpBB/' is executable, referer: http://www.saratogahistory.com/phpBB/index.php
[Mon Aug 31 19:56:48.060707 2020] [core:crit] [pid 6888:tid 140619303323392] (13)Permission denied: [client 217.170.206.138:42634] AH00529: /var/www/vhosts/saratogahistory.com/httpdocs/phpBB/.htaccess pcfg_openfile: unable to check htaccess file, ensure it is readable and that '/var/www/vhosts/saratogahistory.com/httpdocs/phpBB/' is executable, referer: http://www.saratogahistory.com/phpBB/index.php
[Mon Aug 31 21:38:22.851757 2020] [core:crit] [pid 6888:tid 140619124995840] (13)Permission denied: [client 162.247.74.27:50230] AH00529: /var/www/vhosts/saratogahistory.com/httpdocs/phpBB/.htaccess pcfg_openfile: unable to check htaccess file, ensure it is readable and that '/var/www/vhosts/saratogahistory.com/httpdocs/phpBB/' is executable, referer: http://www.saratogahistory.com/phpBB/index.php
[Mon Aug 31 21:47:52.090631 2020] [core:crit] [pid 6888:tid 140619313813248] (13)Permission denied: [client 203.133.169.112:45846] AH00529: /var/www/vhosts/saratogahistory.com/httpdocs/phpBB/.htaccess pcfg_openfile: unable to check htaccess file, ensure it is readable and that '/var/www/vhosts/saratogahistory.com/httpdocs/phpBB/' is executable
[Mon Aug 31 21:47:57.085330 2020] [core:crit] [pid 32352:tid 140619166955264] (13)Permission denied: [client 203.133.169.112:46020] AH00529: /var/www/vhosts/saratogahistory.com/httpdocs/phpBB/.htaccess pcfg_openfile: unable to check htaccess file, ensure it is readable and that '/var/www/vhosts/saratogahistory.com/httpdocs/phpBB/' is executable
[Mon Aug 31 21:48:02.078694 2020] [core:crit] [pid 6888:tid 140619271853824] (13)Permission denied: [client 203.133.169.112:46248] AH00529: /var/www/vhosts/saratogahistory.com/httpdocs/phpBB/.htaccess pcfg_openfile: unable to check htaccess file, ensure it is readable and that '/var/www/vhosts/saratogahistory.com/httpdocs/phpBB/' is executable
[Mon Aug 31 21:48:07.091212 2020] [core:crit] [pid 6888:tid 140619334792960] (13)Permission denied: [client 203.133.169.112:46494] AH00529: /var/www/vhosts/saratogahistory.com/httpdocs/phpBB/.htaccess pcfg_openfile: unable to check htaccess file, ensure it is readable and that '/var/www/vhosts/saratogahistory.com/httpdocs/phpBB/' is executable
[Mon Aug 31 21:48:12.100566 2020] [core:crit] [pid 6888:tid 140619303323392] (13)Permission denied: [client 203.133.169.112:46680] AH00529: /var/www/vhosts/saratogahistory.com/httpdocs/phpBB/.htaccess pcfg_openfile: unable to check htaccess file, ensure it is readable and that '/var/www/vhosts/saratogahistory.com/httpdocs/phpBB/' is executable
[Mon Aug 31 21:48:16.991129 2020] [core:crit] [pid 6888:tid 140619366262528] (13)Permission denied: [client 203.133.169.112:46804] AH00529: /var/www/vhosts/saratogahistory.com/httpdocs/phpBB/.htaccess pcfg_openfile: unable to check htaccess file, ensure it is readable and that '/var/www/vhosts/saratogahistory.com/httpdocs/phpBB/' is executable
[Mon Aug 31 21:48:22.243783 2020] [core:crit] [pid 32352:tid 140619135485696] (13)Permission denied: [client 203.133.169.112:47048] AH00529: /var/www/vhosts/saratogahistory.com/httpdocs/phpBB/.htaccess pcfg_openfile: unable to check htaccess file, ensure it is readable and that '/var/www/vhosts/saratogahistory.com/httpdocs/phpBB/' is executable
[Mon Aug 31 21:48:27.131259 2020] [core:crit] [pid 6888:tid 140619198424832] (13)Permission denied: [client 203.133.169.112:47210] AH00529: /var/www/vhosts/saratogahistory.com/httpdocs/phpBB/.htaccess pcfg_openfile: unable to check htaccess file, ensure it is readable and that '/var/www/vhosts/saratogahistory.com/httpdocs/phpBB/' is executable
[Mon Aug 31 21:48:32.128837 2020] [core:crit] [pid 6888:tid 140619345282816] (13)Permission denied: [client 203.133.169.112:47416] AH00529: /var/www/vhosts/saratogahistory.com/httpdocs/phpBB/.htaccess pcfg_openfile: unable to check htaccess file, ensure it is readable and that '/var/www/vhosts/saratogahistory.com/httpdocs/phpBB/' is executable
[Mon Aug 31 21:48:37.010811 2020] [core:crit] [pid 6888:tid 140619324303104] (13)Permission denied: [client 203.133.169.112:47570] AH00529: /var/www/vhosts/saratogahistory.com/httpdocs/phpBB/.htaccess pcfg_openfile: unable to check htaccess file, ensure it is readable and that '/var/www/vhosts/saratogahistory.com/httpdocs/phpBB/' is executable
[Mon Aug 31 21:48:37.069835 2020] [core:crit] [pid 6888:tid 140619250874112] (13)Permission denied: [client 46.246.65.141:47582] AH00529: /var/www/vhosts/saratogahistory.com/httpdocs/phpBB/.htaccess pcfg_openfile: unable to check htaccess file, ensure it is readable and that '/var/www/vhosts/saratogahistory.com/httpdocs/phpBB/' is executable, referer: http://www.saratogahistory.com/phpBB/index.php
[Mon Aug 31 21:48:38.223854 2020] [core:crit] [pid 6888:tid 140619282343680] (13)Permission denied: [client 46.246.65.141:47638] AH00529: /var/www/vhosts/saratogahistory.com/httpdocs/phpBB/.htaccess pcfg_openfile: unable to check htaccess file, ensure it is readable and that '/var/www/vhosts/saratogahistory.com/httpdocs/phpBB/' is executable, referer: http://www.saratogahistory.com/phpBB/index.php
[Mon Aug 31 21:48:41.917740 2020] [core:crit] [pid 32352:tid 140619271853824] (13)Permission denied: [client 203.133.169.112:47800] AH00529: /var/www/vhosts/saratogahistory.com/httpdocs/phpBB/.htaccess pcfg_openfile: unable to check htaccess file, ensure it is readable and that '/var/www/vhosts/saratogahistory.com/httpdocs/phpBB/' is executable
[Mon Aug 31 21:48:46.832546 2020] [core:crit] [pid 32352:tid 140619292833536] (13)Permission denied: [client 203.133.169.112:48002] AH00529: /var/www/vhosts/saratogahistory.com/httpdocs/phpBB/.htaccess pcfg_openfile: unable to check htaccess file, ensure it is readable and that '/var/www/vhosts/saratogahistory.com/httpdocs/phpBB/' is executable
[Mon Aug 31 21:48:51.851370 2020] [core:crit] [pid 32352:tid 140619124995840] (13)Permission denied: [client 203.133.169.112:48190] AH00529: /var/www/vhosts/saratogahistory.com/httpdocs/phpBB/.htaccess pcfg_openfile: unable to check htaccess file, ensure it is readable and that '/var/www/vhosts/saratogahistory.com/httpdocs/phpBB/' is executable
[Mon Aug 31 21:48:57.037806 2020] [core:crit] [pid 6888:tid 140619145975552] (13)Permission denied: [client 203.133.169.112:48328] AH00529: /var/www/vhosts/saratogahistory.com/httpdocs/phpBB/.htaccess pcfg_openfile: unable to check htaccess file, ensure it is readable and that '/var/www/vhosts/saratogahistory.com/httpdocs/phpBB/' is executable
[Mon Aug 31 21:49:02.048646 2020] [core:crit] [pid 6888:tid 140619156465408] (13)Permission denied: [client 203.133.169.112:48492] AH00529: /var/www/vhosts/saratogahistory.com/httpdocs/phpBB/.htaccess pcfg_openfile: unable to check htaccess file, ensure it is readable and that '/var/www/vhosts/saratogahistory.com/httpdocs/phpBB/' is executable
[Mon Aug 31 21:49:07.047882 2020] [core:crit] [pid 32325:tid 140619177445120] (13)Permission denied: [client 203.133.169.112:48618] AH00529: /var/www/vhosts/saratogahistory.com/httpdocs/phpBB/.htaccess pcfg_openfile: unable to check htaccess file, ensure it is readable and that '/var/www/vhosts/saratogahistory.com/httpdocs/phpBB/' is executable
[Mon Aug 31 21:49:11.960388 2020] [core:crit] [pid 32325:tid 140619156465408] (13)Permission denied: [client 203.133.169.112:48754] AH00529: /var/www/vhosts/saratogahistory.com/httpdocs/phpBB/.htaccess pcfg_openfile: unable to check htaccess file, ensure it is readable and that '/var/www/vhosts/saratogahistory.com/httpdocs/phpBB/' is executable
[Mon Aug 31 21:49:17.027591 2020] [core:crit] [pid 6888:tid 140619355772672] (13)Permission denied: [client 203.133.169.112:48956] AH00529: /var/www/vhosts/saratogahistory.com/httpdocs/phpBB/.htaccess pcfg_openfile: unable to check htaccess file, ensure it is readable and that '/var/www/vhosts/saratogahistory.com/httpdocs/phpBB/' is executable
[Mon Aug 31 21:49:21.921648 2020] [core:crit] [pid 6888:tid 140619166955264] (13)Permission denied: [client 203.133.169.112:49080] AH00529: /var/www/vhosts/saratogahistory.com/httpdocs/phpBB/.htaccess pcfg_openfile: unable to check htaccess file, ensure it is readable and that '/var/www/vhosts/saratogahistory.com/httpdocs/phpBB/' is executable
[Mon Aug 31 21:49:26.825451 2020] [core:crit] [pid 6888:tid 140619124995840] (13)Permission denied: [client 203.133.169.112:49260] AH00529: /var/www/vhosts/saratogahistory.com/httpdocs/phpBB/.htaccess pcfg_openfile: unable to check htaccess file, ensure it is readable and that '/var/www/vhosts/saratogahistory.com/httpdocs/phpBB/' is executable
[Mon Aug 31 21:49:31.736418 2020] [core:crit] [pid 6888:tid 140619376752384] (13)Permission denied: [client 203.133.169.112:49428] AH00529: /var/www/vhosts/saratogahistory.com/httpdocs/phpBB/.htaccess pcfg_openfile: unable to check htaccess file, ensure it is readable and that '/var/www/vhosts/saratogahistory.com/httpdocs/phpBB/' is executable
[Mon Aug 31 21:49:36.610869 2020] [core:crit] [pid 32352:tid 140619313813248] (13)Permission denied: [client 203.133.169.112:49620] AH00529: /var/www/vhosts/saratogahistory.com/httpdocs/phpBB/.htaccess pcfg_openfile: unable to check htaccess file, ensure it is readable and that '/var/www/vhosts/saratogahistory.com/httpdocs/phpBB/' is executable
[Mon Aug 31 21:49:41.500712 2020] [core:crit] [pid 6888:tid 140619135485696] (13)Permission denied: [client 203.133.169.112:49774] AH00529: /var/www/vhosts/saratogahistory.com/httpdocs/phpBB/.htaccess pcfg_openfile: unable to check htaccess file, ensure it is readable and that '/var/www/vhosts/saratogahistory.com/httpdocs/phpBB/' is executable
[Mon Aug 31 21:49:46.379858 2020] [core:crit] [pid 6888:tid 140619292833536] (13)Permission denied: [client 203.133.169.112:49912] AH00529: /var/www/vhosts/saratogahistory.com/httpdocs/phpBB/.htaccess pcfg_openfile: unable to check htaccess file, ensure it is readable and that '/var/www/vhosts/saratogahistory.com/httpdocs/phpBB/' is executable
[Mon Aug 31 21:49:51.365640 2020] [core:crit] [pid 6888:tid 140619313813248] (13)Permission denied: [client 203.133.169.112:50046] AH00529: /var/www/vhosts/saratogahistory.com/httpdocs/phpBB/.htaccess pcfg_openfile: unable to check htaccess file, ensure it is readable and that '/var/www/vhosts/saratogahistory.com/httpdocs/phpBB/' is executable
[Mon Aug 31 21:49:56.256356 2020] [core:crit] [pid 6888:tid 140619271853824] (13)Permission denied: [client 203.133.169.112:50222] AH00529: /var/www/vhosts/saratogahistory.com/httpdocs/phpBB/.htaccess pcfg_openfile: unable to check htaccess file, ensure it is readable and that '/var/www/vhosts/saratogahistory.com/httpdocs/phpBB/' is executable
[Mon Aug 31 21:50:01.139481 2020] [core:crit] [pid 32325:tid 140619124995840] (13)Permission denied: [client 203.133.169.112:50412] AH00529: /var/www/vhosts/saratogahistory.com/httpdocs/phpBB/.htaccess pcfg_openfile: unable to check htaccess file, ensure it is readable and that '/var/www/vhosts/saratogahistory.com/httpdocs/phpBB/' is executable
[Mon Aug 31 21:50:06.220813 2020] [core:crit] [pid 32352:tid 140619324303104] (13)Permission denied: [client 203.133.169.112:50746] AH00529: /var/www/vhosts/saratogahistory.com/httpdocs/phpBB/.htaccess pcfg_openfile: unable to check htaccess file, ensure it is readable and that '/var/www/vhosts/saratogahistory.com/httpdocs/phpBB/' is executable
[Mon Aug 31 21:50:11.256909 2020] [core:crit] [pid 6888:tid 140619334792960] (13)Permission denied: [client 203.133.169.112:50954] AH00529: /var/www/vhosts/saratogahistory.com/httpdocs/phpBB/.htaccess pcfg_openfile: unable to check htaccess file, ensure it is readable and that '/var/www/vhosts/saratogahistory.com/httpdocs/phpBB/' is executable
[Mon Aug 31 21:50:16.233558 2020] [core:crit] [pid 32352:tid 140619261363968] (13)Permission denied: [client 203.133.169.112:51138] AH00529: /var/www/vhosts/saratogahistory.com/httpdocs/phpBB/.htaccess pcfg_openfile: unable to check htaccess file, ensure it is readable and that '/var/www/vhosts/saratogahistory.com/httpdocs/phpBB/' is executable
[Mon Aug 31 21:50:21.132171 2020] [core:crit] [pid 6888:tid 140619303323392] (13)Permission denied: [client 203.133.169.112:51354] AH00529: /var/www/vhosts/saratogahistory.com/httpdocs/phpBB/.htaccess pcfg_openfile: unable to check htaccess file, ensure it is readable and that '/var/www/vhosts/saratogahistory.com/httpdocs/phpBB/' is executable
[Mon Aug 31 21:50:26.030560 2020] [core:crit] [pid 32325:tid 140619145975552] (13)Permission denied: [client 203.133.169.112:51450] AH00529: /var/www/vhosts/saratogahistory.com/httpdocs/phpBB/.htaccess pcfg_openfile: unable to check htaccess file, ensure it is readable and that '/var/www/vhosts/saratogahistory.com/httpdocs/phpBB/' is executable
[Mon Aug 31 21:50:31.022772 2020] [core:crit] [pid 32322:tid 140619240384256] (13)Permission denied: [client 203.133.169.112:51608] AH00529: /var/www/vhosts/saratogahistory.com/httpdocs/phpBB/.htaccess pcfg_openfile: unable to check htaccess file, ensure it is readable and that '/var/www/vhosts/saratogahistory.com/httpdocs/phpBB/' is executable
[Mon Aug 31 21:50:35.926504 2020] [core:crit] [pid 6888:tid 140619366262528] (13)Permission denied: [client 203.133.169.112:51768] AH00529: /var/www/vhosts/saratogahistory.com/httpdocs/phpBB/.htaccess pcfg_openfile: unable to check htaccess file, ensure it is readable and that '/var/www/vhosts/saratogahistory.com/httpdocs/phpBB/' is executable
[Mon Aug 31 22:12:22.324096 2020] [core:crit] [pid 6888:tid 140619156465408] (13)Permission denied: [client 178.159.37.58:48930] AH00529: /var/www/vhosts/saratogahistory.com/httpdocs/phpBB/.htaccess pcfg_openfile: unable to check htaccess file, ensure it is readable and that '/var/www/vhosts/saratogahistory.com/httpdocs/phpBB/' is executable, referer: http://www.saratogahistory.com/phpBB/index.php
[Mon Aug 31 22:12:59.153842 2020] [core:crit] [pid 6888:tid 140619124995840] (13)Permission denied: [client 95.111.240.199:50810] AH00529: /var/www/vhosts/saratogahistory.com/httpdocs/phpBB/.htaccess pcfg_openfile: unable to check htaccess file, ensure it is readable and that '/var/www/vhosts/saratogahistory.com/httpdocs/phpBB/' is executable, referer: http://www.saratogahistory.com/phpBB/index.php
[Mon Aug 31 22:13:00.001728 2020] [proxy_fcgi:error] [pid 32325:tid 140619303323392] [client 95.111.240.199:50842] AH01071: Got error 'Primary script unknown\n', referer: http://www.saratogahistory.com/index.php
[Mon Aug 31 22:13:00.219615 2020] [proxy_fcgi:error] [pid 32352:tid 140619376752384] [client 95.111.240.199:50854] AH01071: Got error 'Primary script unknown\n', referer: http://www.saratogahistory.com/index.php
[Mon Aug 31 22:13:00.449876 2020] [proxy_fcgi:error] [pid 32352:tid 140619345282816] [client 95.111.240.199:50864] AH01071: Got error 'Primary script unknown\n', referer: http://www.saratogahistory.com/index.php
[Mon Aug 31 22:13:22.638804 2020] [core:crit] [pid 6888:tid 140619135485696] (13)Permission denied: [client 82.146.38.181:51800] AH00529: /var/www/vhosts/saratogahistory.com/httpdocs/phpBB/.htaccess pcfg_openfile: unable to check htaccess file, ensure it is readable and that '/var/www/vhosts/saratogahistory.com/httpdocs/phpBB/' is executable, referer: http://www.saratogahistory.com/phpBB/index.php
[Mon Aug 31 22:26:32.059234 2020] [core:crit] [pid 6888:tid 140619250874112] (13)Permission denied: [client 185.25.35.12:35410] AH00529: /var/www/vhosts/saratogahistory.com/httpdocs/phpBB/.htaccess pcfg_openfile: unable to check htaccess file, ensure it is readable and that '/var/www/vhosts/saratogahistory.com/httpdocs/phpBB/' is executable
[Mon Aug 31 23:36:53.552274 2020] [core:crit] [pid 32352:tid 140619208914688] (13)Permission denied: [client 185.220.102.7:40236] AH00529: /var/www/vhosts/saratogahistory.com/httpdocs/phpBB/.htaccess pcfg_openfile: unable to check htaccess file, ensure it is readable and that '/var/www/vhosts/saratogahistory.com/httpdocs/phpBB/' is executable, referer: http://www.saratogahistory.com/phpBB/index.php
[Mon Aug 31 23:43:17.869194 2020] [core:crit] [pid 6888:tid 140619177445120] (13)Permission denied: [client 185.25.35.15:56430] AH00529: /var/www/vhosts/saratogahistory.com/httpdocs/phpBB/.htaccess pcfg_openfile: unable to check htaccess file, ensure it is readable and that '/var/www/vhosts/saratogahistory.com/httpdocs/phpBB/' is executable
[Tue Sep 01 00:19:33.031461 2020] [core:crit] [pid 32325:tid 140619135485696] (13)Permission denied: [client 185.25.35.8:54966] AH00529: /var/www/vhosts/saratogahistory.com/httpdocs/phpBB/.htaccess pcfg_openfile: unable to check htaccess file, ensure it is readable and that '/var/www/vhosts/saratogahistory.com/httpdocs/phpBB/' is executable
[Tue Sep 01 00:29:24.488171 2020] [core:crit] [pid 32352:tid 140619229894400] (13)Permission denied: [client 185.25.35.13:50896] AH00529: /var/www/vhosts/saratogahistory.com/httpdocs/phpBB/.htaccess pcfg_openfile: unable to check htaccess file, ensure it is readable and that '/var/www/vhosts/saratogahistory.com/httpdocs/phpBB/' is executable
[Tue Sep 01 00:43:23.848915 2020] [core:crit] [pid 6888:tid 140619166955264] (13)Permission denied: [client 203.133.169.112:56602] AH00529: /var/www/vhosts/saratogahistory.com/httpdocs/phpBB/.htaccess pcfg_openfile: unable to check htaccess file, ensure it is readable and that '/var/www/vhosts/saratogahistory.com/httpdocs/phpBB/' is executable
[Tue Sep 01 00:43:28.855191 2020] [core:crit] [pid 6888:tid 140619124995840] (13)Permission denied: [client 203.133.169.112:56782] AH00529: /var/www/vhosts/saratogahistory.com/httpdocs/phpBB/.htaccess pcfg_openfile: unable to check htaccess file, ensure it is readable and that '/var/www/vhosts/saratogahistory.com/httpdocs/phpBB/' is executable
[Tue Sep 01 00:43:33.840419 2020] [core:crit] [pid 32352:tid 140619219404544] (13)Permission denied: [client 203.133.169.112:57038] AH00529: /var/www/vhosts/saratogahistory.com/httpdocs/phpBB/.htaccess pcfg_openfile: unable to check htaccess file, ensure it is readable and that '/var/www/vhosts/saratogahistory.com/httpdocs/phpBB/' is executable
[Tue Sep 01 00:43:38.856904 2020] [core:crit] [pid 32352:tid 140619177445120] (13)Permission denied: [client 203.133.169.112:57202] AH00529: /var/www/vhosts/saratogahistory.com/httpdocs/phpBB/.htaccess pcfg_openfile: unable to check htaccess file, ensure it is readable and that '/var/www/vhosts/saratogahistory.com/httpdocs/phpBB/' is executable
[Tue Sep 01 00:43:43.758617 2020] [core:crit] [pid 32352:tid 140619166955264] (13)Permission denied: [client 203.133.169.112:57408] AH00529: /var/www/vhosts/saratogahistory.com/httpdocs/phpBB/.htaccess pcfg_openfile: unable to check htaccess file, ensure it is readable and that '/var/www/vhosts/saratogahistory.com/httpdocs/phpBB/' is executable
[Tue Sep 01 00:43:48.740832 2020] [core:crit] [pid 6888:tid 140619376752384] (13)Permission denied: [client 203.133.169.112:57556] AH00529: /var/www/vhosts/saratogahistory.com/httpdocs/phpBB/.htaccess pcfg_openfile: unable to check htaccess file, ensure it is readable and that '/var/www/vhosts/saratogahistory.com/httpdocs/phpBB/' is executable
[Tue Sep 01 00:43:54.603312 2020] [core:crit] [pid 6888:tid 140619135485696] (13)Permission denied: [client 203.133.169.112:57778] AH00529: /var/www/vhosts/saratogahistory.com/httpdocs/phpBB/.htaccess pcfg_openfile: unable to check htaccess file, ensure it is readable and that '/var/www/vhosts/saratogahistory.com/httpdocs/phpBB/' is executable
[Tue Sep 01 00:43:59.497579 2020] [core:crit] [pid 32352:tid 140619135485696] (13)Permission denied: [client 203.133.169.112:57966] AH00529: /var/www/vhosts/saratogahistory.com/httpdocs/phpBB/.htaccess pcfg_openfile: unable to check htaccess file, ensure it is readable and that '/var/www/vhosts/saratogahistory.com/httpdocs/phpBB/' is executable
[Tue Sep 01 00:44:04.476955 2020] [core:crit] [pid 32325:tid 140619166955264] (13)Permission denied: [client 203.133.169.112:58156] AH00529: /var/www/vhosts/saratogahistory.com/httpdocs/phpBB/.htaccess pcfg_openfile: unable to check htaccess file, ensure it is readable and that '/var/www/vhosts/saratogahistory.com/httpdocs/phpBB/' is executable
[Tue Sep 01 00:44:09.361607 2020] [core:crit] [pid 6888:tid 140619292833536] (13)Permission denied: [client 203.133.169.112:58352] AH00529: /var/www/vhosts/saratogahistory.com/httpdocs/phpBB/.htaccess pcfg_openfile: unable to check htaccess file, ensure it is readable and that '/var/www/vhosts/saratogahistory.com/httpdocs/phpBB/' is executable
[Tue Sep 01 00:44:14.346627 2020] [core:crit] [pid 32352:tid 140619303323392] (13)Permission denied: [client 203.133.169.112:58546] AH00529: /var/www/vhosts/saratogahistory.com/httpdocs/phpBB/.htaccess pcfg_openfile: unable to check htaccess file, ensure it is readable and that '/var/www/vhosts/saratogahistory.com/httpdocs/phpBB/' is executable
[Tue Sep 01 00:44:19.252242 2020] [core:crit] [pid 32352:tid 140619156465408] (13)Permission denied: [client 203.133.169.112:58778] AH00529: /var/www/vhosts/saratogahistory.com/httpdocs/phpBB/.htaccess pcfg_openfile: unable to check htaccess file, ensure it is readable and that '/var/www/vhosts/saratogahistory.com/httpdocs/phpBB/' is executable
[Tue Sep 01 00:44:24.246563 2020] [core:crit] [pid 6888:tid 140619313813248] (13)Permission denied: [client 203.133.169.112:58992] AH00529: /var/www/vhosts/saratogahistory.com/httpdocs/phpBB/.htaccess pcfg_openfile: unable to check htaccess file, ensure it is readable and that '/var/www/vhosts/saratogahistory.com/httpdocs/phpBB/' is executable
[Tue Sep 01 00:44:29.305398 2020] [core:crit] [pid 6888:tid 140619271853824] (13)Permission denied: [client 203.133.169.112:59230] AH00529: /var/www/vhosts/saratogahistory.com/httpdocs/phpBB/.htaccess pcfg_openfile: unable to check htaccess file, ensure it is readable and that '/var/www/vhosts/saratogahistory.com/httpdocs/phpBB/' is executable
[Tue Sep 01 00:44:34.314437 2020] [core:crit] [pid 6888:tid 140619334792960] (13)Permission denied: [client 203.133.169.112:59418] AH00529: /var/www/vhosts/saratogahistory.com/httpdocs/phpBB/.htaccess pcfg_openfile: unable to check htaccess file, ensure it is readable and that '/var/www/vhosts/saratogahistory.com/httpdocs/phpBB/' is executable
[Tue Sep 01 00:44:39.321152 2020] [core:crit] [pid 6888:tid 140619303323392] (13)Permission denied: [client 203.133.169.112:59600] AH00529: /var/www/vhosts/saratogahistory.com/httpdocs/phpBB/.htaccess pcfg_openfile: unable to check htaccess file, ensure it is readable and that '/var/www/vhosts/saratogahistory.com/httpdocs/phpBB/' is executable
[Tue Sep 01 00:44:44.229227 2020] [core:crit] [pid 6888:tid 140619366262528] (13)Permission denied: [client 203.133.169.112:59828] AH00529: /var/www/vhosts/saratogahistory.com/httpdocs/phpBB/.htaccess pcfg_openfile: unable to check htaccess file, ensure it is readable and that '/var/www/vhosts/saratogahistory.com/httpdocs/phpBB/' is executable
[Tue Sep 01 00:44:49.230759 2020] [core:crit] [pid 32352:tid 140619198424832] (13)Permission denied: [client 203.133.169.112:60014] AH00529: /var/www/vhosts/saratogahistory.com/httpdocs/phpBB/.htaccess pcfg_openfile: unable to check htaccess file, ensure it is readable and that '/var/www/vhosts/saratogahistory.com/httpdocs/phpBB/' is executable
[Tue Sep 01 00:44:54.226516 2020] [core:crit] [pid 32352:tid 140619271853824] (13)Permission denied: [client 203.133.169.112:60166] AH00529: /var/www/vhosts/saratogahistory.com/httpdocs/phpBB/.htaccess pcfg_openfile: unable to check htaccess file, ensure it is readable and that '/var/www/vhosts/saratogahistory.com/httpdocs/phpBB/' is executable
[Tue Sep 01 00:44:59.220983 2020] [core:crit] [pid 32352:tid 140619292833536] (13)Permission denied: [client 203.133.169.112:60350] AH00529: /var/www/vhosts/saratogahistory.com/httpdocs/phpBB/.htaccess pcfg_openfile: unable to check htaccess file, ensure it is readable and that '/var/www/vhosts/saratogahistory.com/httpdocs/phpBB/' is executable
[Tue Sep 01 00:45:04.205936 2020] [core:crit] [pid 6888:tid 140619198424832] (13)Permission denied: [client 203.133.169.112:60716] AH00529: /var/www/vhosts/saratogahistory.com/httpdocs/phpBB/.htaccess pcfg_openfile: unable to check htaccess file, ensure it is readable and that '/var/www/vhosts/saratogahistory.com/httpdocs/phpBB/' is executable
[Tue Sep 01 00:45:09.191414 2020] [core:crit] [pid 6888:tid 140619345282816] (13)Permission denied: [client 203.133.169.112:60900] AH00529: /var/www/vhosts/saratogahistory.com/httpdocs/phpBB/.htaccess pcfg_openfile: unable to check htaccess file, ensure it is readable and that '/var/www/vhosts/saratogahistory.com/httpdocs/phpBB/' is executable
[Tue Sep 01 00:45:14.196560 2020] [core:crit] [pid 6888:tid 140619324303104] (13)Permission denied: [client 203.133.169.112:32868] AH00529: /var/www/vhosts/saratogahistory.com/httpdocs/phpBB/.htaccess pcfg_openfile: unable to check htaccess file, ensure it is readable and that '/var/www/vhosts/saratogahistory.com/httpdocs/phpBB/' is executable
[Tue Sep 01 00:45:19.192702 2020] [core:crit] [pid 6888:tid 140619250874112] (13)Permission denied: [client 203.133.169.112:32992] AH00529: /var/www/vhosts/saratogahistory.com/httpdocs/phpBB/.htaccess pcfg_openfile: unable to check htaccess file, ensure it is readable and that '/var/www/vhosts/saratogahistory.com/httpdocs/phpBB/' is executable
[Tue Sep 01 00:45:24.083010 2020] [core:crit] [pid 6888:tid 140619208914688] (13)Permission denied: [client 203.133.169.112:33194] AH00529: /var/www/vhosts/saratogahistory.com/httpdocs/phpBB/.htaccess pcfg_openfile: unable to check htaccess file, ensure it is readable and that '/var/www/vhosts/saratogahistory.com/httpdocs/phpBB/' is executable
[Tue Sep 01 00:45:28.972211 2020] [core:crit] [pid 6888:tid 140619282343680] (13)Permission denied: [client 203.133.169.112:33324] AH00529: /var/www/vhosts/saratogahistory.com/httpdocs/phpBB/.htaccess pcfg_openfile: unable to check htaccess file, ensure it is readable and that '/var/www/vhosts/saratogahistory.com/httpdocs/phpBB/' is executable
[Tue Sep 01 00:53:18.974110 2020] [core:crit] [pid 6888:tid 140619261363968] (13)Permission denied: [client 66.249.65.222:52666] AH00529: /var/www/vhosts/saratogahistory.com/httpdocs/phpBB/.htaccess pcfg_openfile: unable to check htaccess file, ensure it is readable and that '/var/www/vhosts/saratogahistory.com/httpdocs/phpBB/' is executable
[Tue Sep 01 01:38:05.535757 2020] [core:crit] [pid 6888:tid 140619282343680] (13)Permission denied: [client 54.38.81.231:57246] AH00529: /var/www/vhosts/saratogahistory.com/httpdocs/phpBB/.htaccess pcfg_openfile: unable to check htaccess file, ensure it is readable and that '/var/www/vhosts/saratogahistory.com/httpdocs/phpBB/' is executable, referer: http://www.saratogahistory.com/phpBB/index.php
[Tue Sep 01 01:47:16.488015 2020] [core:crit] [pid 6888:tid 140619376752384] (13)Permission denied: [client 185.220.101.13:58706] AH00529: /var/www/vhosts/saratogahistory.com/httpdocs/phpBB/.htaccess pcfg_openfile: unable to check htaccess file, ensure it is readable and that '/var/www/vhosts/saratogahistory.com/httpdocs/phpBB/' is executable, referer: http://www.saratogahistory.com/phpBB/index.php
[Tue Sep 01 01:52:04.198277 2020] [core:crit] [pid 32325:tid 140619282343680] (13)Permission denied: [client 23.129.64.200:42204] AH00529: /var/www/vhosts/saratogahistory.com/httpdocs/phpBB/.htaccess pcfg_openfile: unable to check htaccess file, ensure it is readable and that '/var/www/vhosts/saratogahistory.com/httpdocs/phpBB/' is executable, referer: http://www.saratogahistory.com/phpBB/index.php
[Tue Sep 01 02:21:36.740697 2020] [core:crit] [pid 6888:tid 140619282343680] (13)Permission denied: [client 188.122.82.146:39336] AH00529: /var/www/vhosts/saratogahistory.com/httpdocs/phpBB/.htaccess pcfg_openfile: unable to check htaccess file, ensure it is readable and that '/var/www/vhosts/saratogahistory.com/httpdocs/phpBB/' is executable, referer: http://www.saratogahistory.com/phpBB/index.php
[Tue Sep 01 03:03:37.598255 2020] [core:crit] [pid 32352:tid 140619366262528] (13)Permission denied: [client 5.188.84.230:59314] AH00529: /var/www/vhosts/saratogahistory.com/httpdocs/phpBB/.htaccess pcfg_openfile: unable to check htaccess file, ensure it is readable and that '/var/www/vhosts/saratogahistory.com/httpdocs/phpBB/' is executable, referer: http://www.saratogahistory.com/phpBB/index.php
[Tue Sep 01 03:37:23.240872 2020] [core:crit] [pid 6888:tid 140619177445120] (13)Permission denied: [client 23.129.64.191:57466] AH00529: /var/www/vhosts/saratogahistory.com/httpdocs/phpBB/.htaccess pcfg_openfile: unable to check htaccess file, ensure it is readable and that '/var/www/vhosts/saratogahistory.com/httpdocs/phpBB/' is executable, referer: http://www.saratogahistory.com/phpBB/index.php
[Tue Sep 01 04:06:14.732138 2020] [core:crit] [pid 6888:tid 140619282343680] (13)Permission denied: [client 203.133.169.112:47492] AH00529: /var/www/vhosts/saratogahistory.com/httpdocs/phpBB/.htaccess pcfg_openfile: unable to check htaccess file, ensure it is readable and that '/var/www/vhosts/saratogahistory.com/httpdocs/phpBB/' is executable
[Tue Sep 01 04:06:19.845864 2020] [core:crit] [pid 6888:tid 140619187934976] (13)Permission denied: [client 203.133.169.112:47732] AH00529: /var/www/vhosts/saratogahistory.com/httpdocs/phpBB/.htaccess pcfg_openfile: unable to check htaccess file, ensure it is readable and that '/var/www/vhosts/saratogahistory.com/httpdocs/phpBB/' is executable
[Tue Sep 01 04:06:24.829807 2020] [core:crit] [pid 6888:tid 140619229894400] (13)Permission denied: [client 203.133.169.112:47958] AH00529: /var/www/vhosts/saratogahistory.com/httpdocs/phpBB/.htaccess pcfg_openfile: unable to check htaccess file, ensure it is readable and that '/var/www/vhosts/saratogahistory.com/httpdocs/phpBB/' is executable
[Tue Sep 01 04:06:29.745753 2020] [core:crit] [pid 6888:tid 140619240384256] (13)Permission denied: [client 203.133.169.112:48132] AH00529: /var/www/vhosts/saratogahistory.com/httpdocs/phpBB/.htaccess pcfg_openfile: unable to check htaccess file, ensure it is readable and that '/var/www/vhosts/saratogahistory.com/httpdocs/phpBB/' is executable
[Tue Sep 01 04:06:34.738064 2020] [core:crit] [pid 32352:tid 140619240384256] (13)Permission denied: [client 203.133.169.112:48372] AH00529: /var/www/vhosts/saratogahistory.com/httpdocs/phpBB/.htaccess pcfg_openfile: unable to check htaccess file, ensure it is readable and that '/var/www/vhosts/saratogahistory.com/httpdocs/phpBB/' is executable
[Tue Sep 01 04:06:39.616775 2020] [core:crit] [pid 6888:tid 140619261363968] (13)Permission denied: [client 203.133.169.112:48544] AH00529: /var/www/vhosts/saratogahistory.com/httpdocs/phpBB/.htaccess pcfg_openfile: unable to check htaccess file, ensure it is readable and that '/var/www/vhosts/saratogahistory.com/httpdocs/phpBB/' is executable
[Tue Sep 01 04:06:44.810659 2020] [core:crit] [pid 6888:tid 140619219404544] (13)Permission denied: [client 203.133.169.112:48732] AH00529: /var/www/vhosts/saratogahistory.com/httpdocs/phpBB/.htaccess pcfg_openfile: unable to check htaccess file, ensure it is readable and that '/var/www/vhosts/saratogahistory.com/httpdocs/phpBB/' is executable
[Tue Sep 01 04:06:49.792836 2020] [core:crit] [pid 6888:tid 140619145975552] (13)Permission denied: [client 203.133.169.112:48898] AH00529: /var/www/vhosts/saratogahistory.com/httpdocs/phpBB/.htaccess pcfg_openfile: unable to check htaccess file, ensure it is readable and that '/var/www/vhosts/saratogahistory.com/httpdocs/phpBB/' is executable
[Tue Sep 01 04:06:54.816065 2020] [core:crit] [pid 32325:tid 140619282343680] (13)Permission denied: [client 203.133.169.112:49116] AH00529: /var/www/vhosts/saratogahistory.com/httpdocs/phpBB/.htaccess pcfg_openfile: unable to check htaccess file, ensure it is readable and that '/var/www/vhosts/saratogahistory.com/httpdocs/phpBB/' is executable
[Tue Sep 01 04:06:59.717436 2020] [core:crit] [pid 6888:tid 140619156465408] (13)Permission denied: [client 203.133.169.112:49366] AH00529: /var/www/vhosts/saratogahistory.com/httpdocs/phpBB/.htaccess pcfg_openfile: unable to check htaccess file, ensure it is readable and that '/var/www/vhosts/saratogahistory.com/httpdocs/phpBB/' is executable
[Tue Sep 01 04:07:04.764181 2020] [core:crit] [pid 32352:tid 140619208914688] (13)Permission denied: [client 203.133.169.112:49666] AH00529: /var/www/vhosts/saratogahistory.com/httpdocs/phpBB/.htaccess pcfg_openfile: unable to check htaccess file, ensure it is readable and that '/var/www/vhosts/saratogahistory.com/httpdocs/phpBB/' is executable
[Tue Sep 01 04:07:09.753528 2020] [core:crit] [pid 6888:tid 140619177445120] (13)Permission denied: [client 203.133.169.112:49896] AH00529: /var/www/vhosts/saratogahistory.com/httpdocs/phpBB/.htaccess pcfg_openfile: unable to check htaccess file, ensure it is readable and that '/var/www/vhosts/saratogahistory.com/httpdocs/phpBB/' is executable
[Tue Sep 01 04:07:14.746990 2020] [core:crit] [pid 6888:tid 140619355772672] (13)Permission denied: [client 203.133.169.112:50066] AH00529: /var/www/vhosts/saratogahistory.com/httpdocs/phpBB/.htaccess pcfg_openfile: unable to check htaccess file, ensure it is readable and that '/var/www/vhosts/saratogahistory.com/httpdocs/phpBB/' is executable
[Tue Sep 01 04:07:19.922067 2020] [core:crit] [pid 32352:tid 140619355772672] (13)Permission denied: [client 203.133.169.112:50158] AH00529: /var/www/vhosts/saratogahistory.com/httpdocs/phpBB/.htaccess pcfg_openfile: unable to check htaccess file, ensure it is readable and that '/var/www/vhosts/saratogahistory.com/httpdocs/phpBB/' is executable
[Tue Sep 01 04:07:24.977444 2020] [core:crit] [pid 6888:tid 140619124995840] (13)Permission denied: [client 203.133.169.112:50290] AH00529: /var/www/vhosts/saratogahistory.com/httpdocs/phpBB/.htaccess pcfg_openfile: unable to check htaccess file, ensure it is readable and that '/var/www/vhosts/saratogahistory.com/httpdocs/phpBB/' is executable
[Tue Sep 01 04:07:29.975653 2020] [core:crit] [pid 6888:tid 140619376752384] (13)Permission denied: [client 203.133.169.112:50462] AH00529: /var/www/vhosts/saratogahistory.com/httpdocs/phpBB/.htaccess pcfg_openfile: unable to check htaccess file, ensure it is readable and that '/var/www/vhosts/saratogahistory.com/httpdocs/phpBB/' is executable
[Tue Sep 01 04:07:35.005478 2020] [core:crit] [pid 6888:tid 140619135485696] (13)Permission denied: [client 203.133.169.112:50578] AH00529: /var/www/vhosts/saratogahistory.com/httpdocs/phpBB/.htaccess pcfg_openfile: unable to check htaccess file, ensure it is readable and that '/var/www/vhosts/saratogahistory.com/httpdocs/phpBB/' is executable
[Tue Sep 01 04:07:39.901334 2020] [core:crit] [pid 32325:tid 140619250874112] (13)Permission denied: [client 203.133.169.112:50786] AH00529: /var/www/vhosts/saratogahistory.com/httpdocs/phpBB/.htaccess pcfg_openfile: unable to check htaccess file, ensure it is readable and that '/var/www/vhosts/saratogahistory.com/httpdocs/phpBB/' is executable
[Tue Sep 01 04:07:44.802638 2020] [core:crit] [pid 6888:tid 140619271853824] (13)Permission denied: [client 203.133.169.112:51018] AH00529: /var/www/vhosts/saratogahistory.com/httpdocs/phpBB/.htaccess pcfg_openfile: unable to check htaccess file, ensure it is readable and that '/var/www/vhosts/saratogahistory.com/httpdocs/phpBB/' is executable
[Tue Sep 01 04:07:49.803428 2020] [core:crit] [pid 6888:tid 140619313813248] (13)Permission denied: [client 203.133.169.112:51206] AH00529: /var/www/vhosts/saratogahistory.com/httpdocs/phpBB/.htaccess pcfg_openfile: unable to check htaccess file, ensure it is readable and that '/var/www/vhosts/saratogahistory.com/httpdocs/phpBB/' is executable
[Tue Sep 01 04:07:54.886815 2020] [core:crit] [pid 6888:tid 140619303323392] (13)Permission denied: [client 203.133.169.112:51360] AH00529: /var/www/vhosts/saratogahistory.com/httpdocs/phpBB/.htaccess pcfg_openfile: unable to check htaccess file, ensure it is readable and that '/var/www/vhosts/saratogahistory.com/httpdocs/phpBB/' is executable
[Tue Sep 01 04:07:59.875696 2020] [core:crit] [pid 32352:tid 140619250874112] (13)Permission denied: [client 203.133.169.112:51490] AH00529: /var/www/vhosts/saratogahistory.com/httpdocs/phpBB/.htaccess pcfg_openfile: unable to check htaccess file, ensure it is readable and that '/var/www/vhosts/saratogahistory.com/httpdocs/phpBB/' is executable
[Tue Sep 01 04:08:04.876171 2020] [core:crit] [pid 32325:tid 140619334792960] (13)Permission denied: [client 203.133.169.112:51698] AH00529: /var/www/vhosts/saratogahistory.com/httpdocs/phpBB/.htaccess pcfg_openfile: unable to check htaccess file, ensure it is readable and that '/var/www/vhosts/saratogahistory.com/httpdocs/phpBB/' is executable
[Tue Sep 01 04:08:09.867953 2020] [core:crit] [pid 32352:tid 140619229894400] (13)Permission denied: [client 203.133.169.112:51952] AH00529: /var/www/vhosts/saratogahistory.com/httpdocs/phpBB/.htaccess pcfg_openfile: unable to check htaccess file, ensure it is readable and that '/var/www/vhosts/saratogahistory.com/httpdocs/phpBB/' is executable
[Tue Sep 01 04:08:14.861526 2020] [core:crit] [pid 6888:tid 140619366262528] (13)Permission denied: [client 203.133.169.112:52182] AH00529: /var/www/vhosts/saratogahistory.com/httpdocs/phpBB/.htaccess pcfg_openfile: unable to check htaccess file, ensure it is readable and that '/var/www/vhosts/saratogahistory.com/httpdocs/phpBB/' is executable
[Tue Sep 01 04:08:19.743566 2020] [core:crit] [pid 32352:tid 140619334792960] (13)Permission denied: [client 203.133.169.112:52354] AH00529: /var/www/vhosts/saratogahistory.com/httpdocs/phpBB/.htaccess pcfg_openfile: unable to check htaccess file, ensure it is readable and that '/var/www/vhosts/saratogahistory.com/httpdocs/phpBB/' is executable
[Tue Sep 01 04:08:24.780342 2020] [core:crit] [pid 32352:tid 140619366262528] (13)Permission denied: [client 203.133.169.112:52538] AH00529: /var/www/vhosts/saratogahistory.com/httpdocs/phpBB/.htaccess pcfg_openfile: unable to check htaccess file, ensure it is readable and that '/var/www/vhosts/saratogahistory.com/httpdocs/phpBB/' is executable
[Tue Sep 01 04:08:29.797239 2020] [core:crit] [pid 32325:tid 140619345282816] (13)Permission denied: [client 203.133.169.112:52692] AH00529: /var/www/vhosts/saratogahistory.com/httpdocs/phpBB/.htaccess pcfg_openfile: unable to check htaccess file, ensure it is readable and that '/var/www/vhosts/saratogahistory.com/httpdocs/phpBB/' is executable
[Tue Sep 01 04:08:34.789148 2020] [core:crit] [pid 32352:tid 140619376752384] (13)Permission denied: [client 203.133.169.112:52856] AH00529: /var/www/vhosts/saratogahistory.com/httpdocs/phpBB/.htaccess pcfg_openfile: unable to check htaccess file, ensure it is readable and that '/var/www/vhosts/saratogahistory.com/httpdocs/phpBB/' is executable
[Tue Sep 01 04:08:39.675534 2020] [core:crit] [pid 6888:tid 140619324303104] (13)Permission denied: [client 203.133.169.112:53052] AH00529: /var/www/vhosts/saratogahistory.com/httpdocs/phpBB/.htaccess pcfg_openfile: unable to check htaccess file, ensure it is readable and that '/var/www/vhosts/saratogahistory.com/httpdocs/phpBB/' is executable
[Tue Sep 01 04:08:44.694172 2020] [core:crit] [pid 6888:tid 140619250874112] (13)Permission denied: [client 203.133.169.112:53220] AH00529: /var/www/vhosts/saratogahistory.com/httpdocs/phpBB/.htaccess pcfg_openfile: unable to check htaccess file, ensure it is readable and that '/var/www/vhosts/saratogahistory.com/httpdocs/phpBB/' is executable
[Tue Sep 01 04:08:49.677043 2020] [core:crit] [pid 6888:tid 140619208914688] (13)Permission denied: [client 203.133.169.112:53342] AH00529: /var/www/vhosts/saratogahistory.com/httpdocs/phpBB/.htaccess pcfg_openfile: unable to check htaccess file, ensure it is readable and that '/var/www/vhosts/saratogahistory.com/httpdocs/phpBB/' is executable
[Tue Sep 01 04:37:57.402113 2020] [core:crit] [pid 6888:tid 140619355772672] (13)Permission denied: [client 185.25.35.10:45696] AH00529: /var/www/vhosts/saratogahistory.com/httpdocs/phpBB/.htaccess pcfg_openfile: unable to check htaccess file, ensure it is readable and that '/var/www/vhosts/saratogahistory.com/httpdocs/phpBB/' is executable
[Tue Sep 01 05:13:37.095101 2020] [core:crit] [pid 6888:tid 140619156465408] (13)Permission denied: [client 185.10.16.41:49400] AH00529: /var/www/vhosts/saratogahistory.com/httpdocs/phpBB/.htaccess pcfg_openfile: unable to check htaccess file, ensure it is readable and that '/var/www/vhosts/saratogahistory.com/httpdocs/phpBB/' is executable, referer: http://www.saratogahistory.com/phpBB/index.php
[Tue Sep 01 05:35:56.947194 2020] [core:crit] [pid 6888:tid 140619345282816] (13)Permission denied: [client 185.220.101.204:51654] AH00529: /var/www/vhosts/saratogahistory.com/httpdocs/phpBB/.htaccess pcfg_openfile: unable to check htaccess file, ensure it is readable and that '/var/www/vhosts/saratogahistory.com/httpdocs/phpBB/' is executable, referer: http://www.saratogahistory.com/phpBB/index.php
[Tue Sep 01 05:51:36.948371 2020] [core:crit] [pid 32352:tid 140619376752384] (13)Permission denied: [client 185.25.35.15:35728] AH00529: /var/www/vhosts/saratogahistory.com/httpdocs/phpBB/.htaccess pcfg_openfile: unable to check htaccess file, ensure it is readable and that '/var/www/vhosts/saratogahistory.com/httpdocs/phpBB/' is executable
[Tue Sep 01 06:30:53.223287 2020] [core:crit] [pid 6888:tid 140619208914688] (13)Permission denied: [client 185.25.35.13:53452] AH00529: /var/www/vhosts/saratogahistory.com/httpdocs/phpBB/.htaccess pcfg_openfile: unable to check htaccess file, ensure it is readable and that '/var/www/vhosts/saratogahistory.com/httpdocs/phpBB/' is executable
[Tue Sep 01 06:31:39.014273 2020] [core:crit] [pid 6888:tid 140619282343680] (13)Permission denied: [client 40.77.167.72:55292] AH00529: /var/www/vhosts/saratogahistory.com/httpdocs/phpBB/.htaccess pcfg_openfile: unable to check htaccess file, ensure it is readable and that '/var/www/vhosts/saratogahistory.com/httpdocs/phpBB/' is executable
[Tue Sep 01 06:42:28.941654 2020] [core:crit] [pid 6888:tid 140619124995840] (13)Permission denied: [client 185.25.35.14:60640] AH00529: /var/www/vhosts/saratogahistory.com/httpdocs/phpBB/.htaccess pcfg_openfile: unable to check htaccess file, ensure it is readable and that '/var/www/vhosts/saratogahistory.com/httpdocs/phpBB/' is executable
[Tue Sep 01 07:12:15.812153 2020] [proxy_fcgi:error] [pid 32352:tid 140619177445120] [client 62.182.152.101:59250] AH01071: Got error 'Primary script unknown\n'
[Tue Sep 01 07:25:32.193776 2020] [core:crit] [pid 32352:tid 140619124995840] (13)Permission denied: [client 203.133.169.112:39074] AH00529: /var/www/vhosts/saratogahistory.com/httpdocs/phpBB/.htaccess pcfg_openfile: unable to check htaccess file, ensure it is readable and that '/var/www/vhosts/saratogahistory.com/httpdocs/phpBB/' is executable
[Tue Sep 01 07:25:37.096807 2020] [core:crit] [pid 32322:tid 140619208914688] (13)Permission denied: [client 203.133.169.112:39332] AH00529: /var/www/vhosts/saratogahistory.com/httpdocs/phpBB/.htaccess pcfg_openfile: unable to check htaccess file, ensure it is readable and that '/var/www/vhosts/saratogahistory.com/httpdocs/phpBB/' is executable
[Tue Sep 01 07:25:41.998893 2020] [core:crit] [pid 6888:tid 140619313813248] (13)Permission denied: [client 203.133.169.112:39552] AH00529: /var/www/vhosts/saratogahistory.com/httpdocs/phpBB/.htaccess pcfg_openfile: unable to check htaccess file, ensure it is readable and that '/var/www/vhosts/saratogahistory.com/httpdocs/phpBB/' is executable
[Tue Sep 01 07:25:46.901192 2020] [core:crit] [pid 32325:tid 140619355772672] (13)Permission denied: [client 203.133.169.112:39768] AH00529: /var/www/vhosts/saratogahistory.com/httpdocs/phpBB/.htaccess pcfg_openfile: unable to check htaccess file, ensure it is readable and that '/var/www/vhosts/saratogahistory.com/httpdocs/phpBB/' is executable
[Tue Sep 01 07:25:51.782451 2020] [core:crit] [pid 32325:tid 140619219404544] (13)Permission denied: [client 203.133.169.112:40062] AH00529: /var/www/vhosts/saratogahistory.com/httpdocs/phpBB/.htaccess pcfg_openfile: unable to check htaccess file, ensure it is readable and that '/var/www/vhosts/saratogahistory.com/httpdocs/phpBB/' is executable
[Tue Sep 01 07:25:56.680644 2020] [core:crit] [pid 32352:tid 140619313813248] (13)Permission denied: [client 203.133.169.112:40352] AH00529: /var/www/vhosts/saratogahistory.com/httpdocs/phpBB/.htaccess pcfg_openfile: unable to check htaccess file, ensure it is readable and that '/var/www/vhosts/saratogahistory.com/httpdocs/phpBB/' is executable
[Tue Sep 01 07:26:01.702203 2020] [core:crit] [pid 6888:tid 140619303323392] (13)Permission denied: [client 203.133.169.112:40574] AH00529: /var/www/vhosts/saratogahistory.com/httpdocs/phpBB/.htaccess pcfg_openfile: unable to check htaccess file, ensure it is readable and that '/var/www/vhosts/saratogahistory.com/httpdocs/phpBB/' is executable
[Tue Sep 01 07:26:06.958895 2020] [core:crit] [pid 32352:tid 140619324303104] (13)Permission denied: [client 203.133.169.112:40820] AH00529: /var/www/vhosts/saratogahistory.com/httpdocs/phpBB/.htaccess pcfg_openfile: unable to check htaccess file, ensure it is readable and that '/var/www/vhosts/saratogahistory.com/httpdocs/phpBB/' is executable
[Tue Sep 01 07:26:11.859549 2020] [core:crit] [pid 32325:tid 140619198424832] (13)Permission denied: [client 203.133.169.112:41022] AH00529: /var/www/vhosts/saratogahistory.com/httpdocs/phpBB/.htaccess pcfg_openfile: unable to check htaccess file, ensure it is readable and that '/var/www/vhosts/saratogahistory.com/httpdocs/phpBB/' is executable
[Tue Sep 01 07:26:16.929910 2020] [core:crit] [pid 6888:tid 140619366262528] (13)Permission denied: [client 203.133.169.112:41240] AH00529: /var/www/vhosts/saratogahistory.com/httpdocs/phpBB/.htaccess pcfg_openfile: unable to check htaccess file, ensure it is readable and that '/var/www/vhosts/saratogahistory.com/httpdocs/phpBB/' is executable
[Tue Sep 01 07:26:21.824660 2020] [core:crit] [pid 6888:tid 140619198424832] (13)Permission denied: [client 203.133.169.112:41480] AH00529: /var/www/vhosts/saratogahistory.com/httpdocs/phpBB/.htaccess pcfg_openfile: unable to check htaccess file, ensure it is readable and that '/var/www/vhosts/saratogahistory.com/httpdocs/phpBB/' is executable
[Tue Sep 01 07:26:26.716480 2020] [core:crit] [pid 32322:tid 140619177445120] (13)Permission denied: [client 203.133.169.112:41682] AH00529: /var/www/vhosts/saratogahistory.com/httpdocs/phpBB/.htaccess pcfg_openfile: unable to check htaccess file, ensure it is readable and that '/var/www/vhosts/saratogahistory.com/httpdocs/phpBB/' is executable
[Tue Sep 01 07:26:31.778738 2020] [core:crit] [pid 6888:tid 140619345282816] (13)Permission denied: [client 203.133.169.112:41938] AH00529: /var/www/vhosts/saratogahistory.com/httpdocs/phpBB/.htaccess pcfg_openfile: unable to check htaccess file, ensure it is readable and that '/var/www/vhosts/saratogahistory.com/httpdocs/phpBB/' is executable
[Tue Sep 01 07:26:36.706719 2020] [core:crit] [pid 6888:tid 140619324303104] (13)Permission denied: [client 203.133.169.112:42106] AH00529: /var/www/vhosts/saratogahistory.com/httpdocs/phpBB/.htaccess pcfg_openfile: unable to check htaccess file, ensure it is readable and that '/var/www/vhosts/saratogahistory.com/httpdocs/phpBB/' is executable
[Tue Sep 01 07:26:42.001671 2020] [core:crit] [pid 6888:tid 140619250874112] (13)Permission denied: [client 203.133.169.112:42404] AH00529: /var/www/vhosts/saratogahistory.com/httpdocs/phpBB/.htaccess pcfg_openfile: unable to check htaccess file, ensure it is readable and that '/var/www/vhosts/saratogahistory.com/httpdocs/phpBB/' is executable
[Tue Sep 01 07:26:46.895687 2020] [core:crit] [pid 6888:tid 140619208914688] (13)Permission denied: [client 203.133.169.112:42606] AH00529: /var/www/vhosts/saratogahistory.com/httpdocs/phpBB/.htaccess pcfg_openfile: unable to check htaccess file, ensure it is readable and that '/var/www/vhosts/saratogahistory.com/httpdocs/phpBB/' is executable
[Tue Sep 01 07:26:51.919835 2020] [core:crit] [pid 32352:tid 140619261363968] (13)Permission denied: [client 203.133.169.112:42862] AH00529: /var/www/vhosts/saratogahistory.com/httpdocs/phpBB/.htaccess pcfg_openfile: unable to check htaccess file, ensure it is readable and that '/var/www/vhosts/saratogahistory.com/httpdocs/phpBB/' is executable
[Tue Sep 01 07:26:56.928510 2020] [core:crit] [pid 32325:tid 140619187934976] (13)Permission denied: [client 203.133.169.112:43138] AH00529: /var/www/vhosts/saratogahistory.com/httpdocs/phpBB/.htaccess pcfg_openfile: unable to check htaccess file, ensure it is readable and that '/var/www/vhosts/saratogahistory.com/httpdocs/phpBB/' is executable
[Tue Sep 01 07:27:01.839115 2020] [core:crit] [pid 6888:tid 140619282343680] (13)Permission denied: [client 203.133.169.112:43378] AH00529: /var/www/vhosts/saratogahistory.com/httpdocs/phpBB/.htaccess pcfg_openfile: unable to check htaccess file, ensure it is readable and that '/var/www/vhosts/saratogahistory.com/httpdocs/phpBB/' is executable
[Tue Sep 01 07:27:06.736187 2020] [core:crit] [pid 6888:tid 140619187934976] (13)Permission denied: [client 203.133.169.112:43586] AH00529: /var/www/vhosts/saratogahistory.com/httpdocs/phpBB/.htaccess pcfg_openfile: unable to check htaccess file, ensure it is readable and that '/var/www/vhosts/saratogahistory.com/httpdocs/phpBB/' is executable
[Tue Sep 01 07:27:11.758186 2020] [core:crit] [pid 6888:tid 140619229894400] (13)Permission denied: [client 203.133.169.112:43816] AH00529: /var/www/vhosts/saratogahistory.com/httpdocs/phpBB/.htaccess pcfg_openfile: unable to check htaccess file, ensure it is readable and that '/var/www/vhosts/saratogahistory.com/httpdocs/phpBB/' is executable
[Tue Sep 01 07:27:16.907042 2020] [core:crit] [pid 6888:tid 140619240384256] (13)Permission denied: [client 203.133.169.112:44082] AH00529: /var/www/vhosts/saratogahistory.com/httpdocs/phpBB/.htaccess pcfg_openfile: unable to check htaccess file, ensure it is readable and that '/var/www/vhosts/saratogahistory.com/httpdocs/phpBB/' is executable
[Tue Sep 01 07:27:21.818546 2020] [core:crit] [pid 6888:tid 140619261363968] (13)Permission denied: [client 203.133.169.112:44392] AH00529: /var/www/vhosts/saratogahistory.com/httpdocs/phpBB/.htaccess pcfg_openfile: unable to check htaccess file, ensure it is readable and that '/var/www/vhosts/saratogahistory.com/httpdocs/phpBB/' is executable
[Tue Sep 01 07:27:26.738650 2020] [core:crit] [pid 6888:tid 140619219404544] (13)Permission denied: [client 203.133.169.112:44632] AH00529: /var/www/vhosts/saratogahistory.com/httpdocs/phpBB/.htaccess pcfg_openfile: unable to check htaccess file, ensure it is readable and that '/var/www/vhosts/saratogahistory.com/httpdocs/phpBB/' is executable
[Tue Sep 01 07:27:31.807362 2020] [core:crit] [pid 32352:tid 140619240384256] (13)Permission denied: [client 203.133.169.112:44830] AH00529: /var/www/vhosts/saratogahistory.com/httpdocs/phpBB/.htaccess pcfg_openfile: unable to check htaccess file, ensure it is readable and that '/var/www/vhosts/saratogahistory.com/httpdocs/phpBB/' is executable
[Tue Sep 01 07:27:36.690675 2020] [core:crit] [pid 6888:tid 140619156465408] (13)Permission denied: [client 203.133.169.112:45082] AH00529: /var/www/vhosts/saratogahistory.com/httpdocs/phpBB/.htaccess pcfg_openfile: unable to check htaccess file, ensure it is readable and that '/var/www/vhosts/saratogahistory.com/httpdocs/phpBB/' is executable
[Tue Sep 01 07:27:41.699683 2020] [core:crit] [pid 6888:tid 140619177445120] (13)Permission denied: [client 203.133.169.112:45294] AH00529: /var/www/vhosts/saratogahistory.com/httpdocs/phpBB/.htaccess pcfg_openfile: unable to check htaccess file, ensure it is readable and that '/var/www/vhosts/saratogahistory.com/httpdocs/phpBB/' is executable
[Tue Sep 01 07:27:46.570504 2020] [core:crit] [pid 32352:tid 140619355772672] (13)Permission denied: [client 203.133.169.112:45492] AH00529: /var/www/vhosts/saratogahistory.com/httpdocs/phpBB/.htaccess pcfg_openfile: unable to check htaccess file, ensure it is readable and that '/var/www/vhosts/saratogahistory.com/httpdocs/phpBB/' is executable
[Tue Sep 01 07:27:51.827323 2020] [core:crit] [pid 32352:tid 140619250874112] (13)Permission denied: [client 203.133.169.112:45682] AH00529: /var/www/vhosts/saratogahistory.com/httpdocs/phpBB/.htaccess pcfg_openfile: unable to check htaccess file, ensure it is readable and that '/var/www/vhosts/saratogahistory.com/httpdocs/phpBB/' is executable
[Tue Sep 01 07:27:56.763349 2020] [core:crit] [pid 6888:tid 140619292833536] (13)Permission denied: [client 203.133.169.112:45864] AH00529: /var/www/vhosts/saratogahistory.com/httpdocs/phpBB/.htaccess pcfg_openfile: unable to check htaccess file, ensure it is readable and that '/var/www/vhosts/saratogahistory.com/httpdocs/phpBB/' is executable
[Tue Sep 01 07:28:01.775874 2020] [core:crit] [pid 6888:tid 140619303323392] (13)Permission denied: [client 203.133.169.112:46072] AH00529: /var/www/vhosts/saratogahistory.com/httpdocs/phpBB/.htaccess pcfg_openfile: unable to check htaccess file, ensure it is readable and that '/var/www/vhosts/saratogahistory.com/httpdocs/phpBB/' is executable
[Tue Sep 01 07:28:06.813045 2020] [core:crit] [pid 32352:tid 140619366262528] (13)Permission denied: [client 203.133.169.112:46402] AH00529: /var/www/vhosts/saratogahistory.com/httpdocs/phpBB/.htaccess pcfg_openfile: unable to check htaccess file, ensure it is readable and that '/var/www/vhosts/saratogahistory.com/httpdocs/phpBB/' is executable
[Tue Sep 01 07:28:11.743880 2020] [core:crit] [pid 32352:tid 140619376752384] (13)Permission denied: [client 203.133.169.112:46686] AH00529: /var/www/vhosts/saratogahistory.com/httpdocs/phpBB/.htaccess pcfg_openfile: unable to check htaccess file, ensure it is readable and that '/var/www/vhosts/saratogahistory.com/httpdocs/phpBB/' is executable
[Tue Sep 01 07:28:16.767867 2020] [core:crit] [pid 6888:tid 140619250874112] (13)Permission denied: [client 203.133.169.112:46946] AH00529: /var/www/vhosts/saratogahistory.com/httpdocs/phpBB/.htaccess pcfg_openfile: unable to check htaccess file, ensure it is readable and that '/var/www/vhosts/saratogahistory.com/httpdocs/phpBB/' is executable
[Tue Sep 01 07:28:21.790185 2020] [core:crit] [pid 6888:tid 140619208914688] (13)Permission denied: [client 203.133.169.112:47228] AH00529: /var/www/vhosts/saratogahistory.com/httpdocs/phpBB/.htaccess pcfg_openfile: unable to check htaccess file, ensure it is readable and that '/var/www/vhosts/saratogahistory.com/httpdocs/phpBB/' is executable
[Tue Sep 01 07:28:27.017040 2020] [core:crit] [pid 6888:tid 140619282343680] (13)Permission denied: [client 203.133.169.112:47410] AH00529: /var/www/vhosts/saratogahistory.com/httpdocs/phpBB/.htaccess pcfg_openfile: unable to check htaccess file, ensure it is readable and that '/var/www/vhosts/saratogahistory.com/httpdocs/phpBB/' is executable
[Tue Sep 01 07:28:32.042922 2020] [core:crit] [pid 32352:tid 140619345282816] (13)Permission denied: [client 203.133.169.112:47660] AH00529: /var/www/vhosts/saratogahistory.com/httpdocs/phpBB/.htaccess pcfg_openfile: unable to check htaccess file, ensure it is readable and that '/var/www/vhosts/saratogahistory.com/httpdocs/phpBB/' is executable
[Tue Sep 01 07:28:36.946047 2020] [core:crit] [pid 32325:tid 140619177445120] (13)Permission denied: [client 203.133.169.112:47912] AH00529: /var/www/vhosts/saratogahistory.com/httpdocs/phpBB/.htaccess pcfg_openfile: unable to check htaccess file, ensure it is readable and that '/var/www/vhosts/saratogahistory.com/httpdocs/phpBB/' is executable
[Tue Sep 01 07:28:41.976691 2020] [core:crit] [pid 6888:tid 140619229894400] (13)Permission denied: [client 203.133.169.112:48182] AH00529: /var/www/vhosts/saratogahistory.com/httpdocs/phpBB/.htaccess pcfg_openfile: unable to check htaccess file, ensure it is readable and that '/var/www/vhosts/saratogahistory.com/httpdocs/phpBB/' is executable
[Tue Sep 01 07:28:46.918472 2020] [core:crit] [pid 6888:tid 140619240384256] (13)Permission denied: [client 203.133.169.112:48392] AH00529: /var/www/vhosts/saratogahistory.com/httpdocs/phpBB/.htaccess pcfg_openfile: unable to check htaccess file, ensure it is readable and that '/var/www/vhosts/saratogahistory.com/httpdocs/phpBB/' is executable
[Tue Sep 01 07:28:51.936604 2020] [core:crit] [pid 32352:tid 140619187934976] (13)Permission denied: [client 203.133.169.112:48614] AH00529: /var/www/vhosts/saratogahistory.com/httpdocs/phpBB/.htaccess pcfg_openfile: unable to check htaccess file, ensure it is readable and that '/var/www/vhosts/saratogahistory.com/httpdocs/phpBB/' is executable
[Tue Sep 01 07:28:56.850195 2020] [core:crit] [pid 32352:tid 140619219404544] (13)Permission denied: [client 203.133.169.112:48812] AH00529: /var/www/vhosts/saratogahistory.com/httpdocs/phpBB/.htaccess pcfg_openfile: unable to check htaccess file, ensure it is readable and that '/var/www/vhosts/saratogahistory.com/httpdocs/phpBB/' is executable
[Tue Sep 01 07:29:02.102072 2020] [core:crit] [pid 6888:tid 140619261363968] (13)Permission denied: [client 203.133.169.112:49074] AH00529: /var/www/vhosts/saratogahistory.com/httpdocs/phpBB/.htaccess pcfg_openfile: unable to check htaccess file, ensure it is readable and that '/var/www/vhosts/saratogahistory.com/httpdocs/phpBB/' is executable
[Tue Sep 01 07:29:06.998374 2020] [core:crit] [pid 6888:tid 140619219404544] (13)Permission denied: [client 203.133.169.112:49266] AH00529: /var/www/vhosts/saratogahistory.com/httpdocs/phpBB/.htaccess pcfg_openfile: unable to check htaccess file, ensure it is readable and that '/var/www/vhosts/saratogahistory.com/httpdocs/phpBB/' is executable
[Tue Sep 01 07:29:11.998670 2020] [core:crit] [pid 6888:tid 140619145975552] (13)Permission denied: [client 203.133.169.112:49614] AH00529: /var/www/vhosts/saratogahistory.com/httpdocs/phpBB/.htaccess pcfg_openfile: unable to check htaccess file, ensure it is readable and that '/var/www/vhosts/saratogahistory.com/httpdocs/phpBB/' is executable
[Tue Sep 01 07:34:40.194834 2020] [proxy_fcgi:error] [pid 32352:tid 140619303323392] [client 196.195.136.38:37442] AH01071: Got error 'Primary script unknown\n'
[Tue Sep 01 07:38:43.558519 2020] [core:crit] [pid 6888:tid 140619208914688] (13)Permission denied: [client 185.220.100.242:47750] AH00529: /var/www/vhosts/saratogahistory.com/httpdocs/phpBB/.htaccess pcfg_openfile: unable to check htaccess file, ensure it is readable and that '/var/www/vhosts/saratogahistory.com/httpdocs/phpBB/' is executable, referer: http://www.saratogahistory.com/phpBB/index.php
[Tue Sep 01 08:01:38.782594 2020] [core:crit] [pid 32352:tid 140619334792960] (13)Permission denied: [client 185.104.185.241:50754] AH00529: /var/www/vhosts/saratogahistory.com/httpdocs/phpBB/.htaccess pcfg_openfile: unable to check htaccess file, ensure it is readable and that '/var/www/vhosts/saratogahistory.com/httpdocs/phpBB/' is executable, referer: http://www.saratogahistory.com/phpBB/index.php
[Tue Sep 01 08:23:33.439762 2020] [core:crit] [pid 6888:tid 140619376752384] (13)Permission denied: [client 40.77.167.72:55288] AH00529: /var/www/vhosts/saratogahistory.com/httpdocs/phpBB/.htaccess pcfg_openfile: unable to check htaccess file, ensure it is readable and that '/var/www/vhosts/saratogahistory.com/httpdocs/phpBB/' is executable
[Tue Sep 01 08:44:21.749203 2020] [core:crit] [pid 6888:tid 140619355772672] (13)Permission denied: [client 193.218.118.131:55032] AH00529: /var/www/vhosts/saratogahistory.com/httpdocs/phpBB/.htaccess pcfg_openfile: unable to check htaccess file, ensure it is readable and that '/var/www/vhosts/saratogahistory.com/httpdocs/phpBB/' is executable, referer: http://www.saratogahistory.com/phpBB/index.php
[Tue Sep 01 09:02:13.979702 2020] [proxy_fcgi:error] [pid 6888:tid 140619145975552] [client 5.188.62.25:47420] AH01071: Got error 'Primary script unknown\n'
[Tue Sep 01 09:02:16.909729 2020] [proxy_fcgi:error] [pid 32352:tid 140619292833536] [client 5.188.62.25:47570] AH01071: Got error 'Primary script unknown\n'
[Tue Sep 01 09:02:18.944622 2020] [proxy_fcgi:error] [pid 32352:tid 140619282343680] [client 5.188.62.25:47686] AH01071: Got error 'Primary script unknown\n'
[Tue Sep 01 09:38:24.022865 2020] [core:crit] [pid 6888:tid 140619229894400] (13)Permission denied: [client 104.244.74.47:35148] AH00529: /var/www/vhosts/saratogahistory.com/httpdocs/phpBB/.htaccess pcfg_openfile: unable to check htaccess file, ensure it is readable and that '/var/www/vhosts/saratogahistory.com/httpdocs/phpBB/' is executable, referer: http://www.saratogahistory.com/phpBB/index.php
[Tue Sep 01 10:06:56.698930 2020] [core:crit] [pid 6888:tid 140619313813248] (13)Permission denied: [client 46.246.65.141:49338] AH00529: /var/www/vhosts/saratogahistory.com/httpdocs/phpBB/.htaccess pcfg_openfile: unable to check htaccess file, ensure it is readable and that '/var/www/vhosts/saratogahistory.com/httpdocs/phpBB/' is executable, referer: http://www.saratogahistory.com/phpBB/index.php
[Tue Sep 01 10:07:00.049897 2020] [core:crit] [pid 32352:tid 140619324303104] (13)Permission denied: [client 46.246.65.141:49494] AH00529: /var/www/vhosts/saratogahistory.com/httpdocs/phpBB/.htaccess pcfg_openfile: unable to check htaccess file, ensure it is readable and that '/var/www/vhosts/saratogahistory.com/httpdocs/phpBB/' is executable, referer: http://www.saratogahistory.com/phpBB/index.php
[Tue Sep 01 10:27:36.907488 2020] [proxy_fcgi:error] [pid 32325:tid 140619135485696] [client 167.88.170.2:49220] AH01071: Got error 'Primary script unknown\n', referer: http://saratogahistory.com/wp-login.php
[Tue Sep 01 10:37:05.707279 2020] [core:crit] [pid 6888:tid 140619334792960] (13)Permission denied: [client 203.133.169.112:47832] AH00529: /var/www/vhosts/saratogahistory.com/httpdocs/phpBB/.htaccess pcfg_openfile: unable to check htaccess file, ensure it is readable and that '/var/www/vhosts/saratogahistory.com/httpdocs/phpBB/' is executable
[Tue Sep 01 10:37:10.764100 2020] [core:crit] [pid 6888:tid 140619271853824] (13)Permission denied: [client 203.133.169.112:48032] AH00529: /var/www/vhosts/saratogahistory.com/httpdocs/phpBB/.htaccess pcfg_openfile: unable to check htaccess file, ensure it is readable and that '/var/www/vhosts/saratogahistory.com/httpdocs/phpBB/' is executable
[Tue Sep 01 10:37:15.651947 2020] [core:crit] [pid 6888:tid 140619313813248] (13)Permission denied: [client 203.133.169.112:48250] AH00529: /var/www/vhosts/saratogahistory.com/httpdocs/phpBB/.htaccess pcfg_openfile: unable to check htaccess file, ensure it is readable and that '/var/www/vhosts/saratogahistory.com/httpdocs/phpBB/' is executable
[Tue Sep 01 10:37:20.682845 2020] [core:crit] [pid 6888:tid 140619303323392] (13)Permission denied: [client 203.133.169.112:48378] AH00529: /var/www/vhosts/saratogahistory.com/httpdocs/phpBB/.htaccess pcfg_openfile: unable to check htaccess file, ensure it is readable and that '/var/www/vhosts/saratogahistory.com/httpdocs/phpBB/' is executable
[Tue Sep 01 10:37:25.726999 2020] [core:crit] [pid 6888:tid 140619366262528] (13)Permission denied: [client 203.133.169.112:48536] AH00529: /var/www/vhosts/saratogahistory.com/httpdocs/phpBB/.htaccess pcfg_openfile: unable to check htaccess file, ensure it is readable and that '/var/www/vhosts/saratogahistory.com/httpdocs/phpBB/' is executable
[Tue Sep 01 10:37:30.617574 2020] [core:crit] [pid 6888:tid 140619198424832] (13)Permission denied: [client 203.133.169.112:48676] AH00529: /var/www/vhosts/saratogahistory.com/httpdocs/phpBB/.htaccess pcfg_openfile: unable to check htaccess file, ensure it is readable and that '/var/www/vhosts/saratogahistory.com/httpdocs/phpBB/' is executable
[Tue Sep 01 10:37:35.683259 2020] [core:crit] [pid 32325:tid 140619313813248] (13)Permission denied: [client 203.133.169.112:48846] AH00529: /var/www/vhosts/saratogahistory.com/httpdocs/phpBB/.htaccess pcfg_openfile: unable to check htaccess file, ensure it is readable and that '/var/www/vhosts/saratogahistory.com/httpdocs/phpBB/' is executable
[Tue Sep 01 10:37:40.700072 2020] [core:crit] [pid 6888:tid 140619250874112] (13)Permission denied: [client 203.133.169.112:49018] AH00529: /var/www/vhosts/saratogahistory.com/httpdocs/phpBB/.htaccess pcfg_openfile: unable to check htaccess file, ensure it is readable and that '/var/www/vhosts/saratogahistory.com/httpdocs/phpBB/' is executable
[Tue Sep 01 10:37:45.730743 2020] [core:crit] [pid 32322:tid 140619292833536] (13)Permission denied: [client 203.133.169.112:49248] AH00529: /var/www/vhosts/saratogahistory.com/httpdocs/phpBB/.htaccess pcfg_openfile: unable to check htaccess file, ensure it is readable and that '/var/www/vhosts/saratogahistory.com/httpdocs/phpBB/' is executable
[Tue Sep 01 10:37:50.806215 2020] [core:crit] [pid 6888:tid 140619324303104] (13)Permission denied: [client 203.133.169.112:49406] AH00529: /var/www/vhosts/saratogahistory.com/httpdocs/phpBB/.htaccess pcfg_openfile: unable to check htaccess file, ensure it is readable and that '/var/www/vhosts/saratogahistory.com/httpdocs/phpBB/' is executable
[Tue Sep 01 10:37:55.820915 2020] [core:crit] [pid 6888:tid 140619208914688] (13)Permission denied: [client 203.133.169.112:49610] AH00529: /var/www/vhosts/saratogahistory.com/httpdocs/phpBB/.htaccess pcfg_openfile: unable to check htaccess file, ensure it is readable and that '/var/www/vhosts/saratogahistory.com/httpdocs/phpBB/' is executable
[Tue Sep 01 10:38:00.830529 2020] [core:crit] [pid 6888:tid 140619282343680] (13)Permission denied: [client 203.133.169.112:49820] AH00529: /var/www/vhosts/saratogahistory.com/httpdocs/phpBB/.htaccess pcfg_openfile: unable to check htaccess file, ensure it is readable and that '/var/www/vhosts/saratogahistory.com/httpdocs/phpBB/' is executable
[Tue Sep 01 10:38:06.098821 2020] [core:crit] [pid 6888:tid 140619187934976] (13)Permission denied: [client 203.133.169.112:50112] AH00529: /var/www/vhosts/saratogahistory.com/httpdocs/phpBB/.htaccess pcfg_openfile: unable to check htaccess file, ensure it is readable and that '/var/www/vhosts/saratogahistory.com/httpdocs/phpBB/' is executable
[Tue Sep 01 10:38:11.044244 2020] [core:crit] [pid 6888:tid 140619229894400] (13)Permission denied: [client 203.133.169.112:50352] AH00529: /var/www/vhosts/saratogahistory.com/httpdocs/phpBB/.htaccess pcfg_openfile: unable to check htaccess file, ensure it is readable and that '/var/www/vhosts/saratogahistory.com/httpdocs/phpBB/' is executable
[Tue Sep 01 10:38:16.110868 2020] [core:crit] [pid 32352:tid 140619198424832] (13)Permission denied: [client 203.133.169.112:50608] AH00529: /var/www/vhosts/saratogahistory.com/httpdocs/phpBB/.htaccess pcfg_openfile: unable to check htaccess file, ensure it is readable and that '/var/www/vhosts/saratogahistory.com/httpdocs/phpBB/' is executable
[Tue Sep 01 10:38:22.139258 2020] [core:crit] [pid 6888:tid 140619240384256] (13)Permission denied: [client 203.133.169.112:50864] AH00529: /var/www/vhosts/saratogahistory.com/httpdocs/phpBB/.htaccess pcfg_openfile: unable to check htaccess file, ensure it is readable and that '/var/www/vhosts/saratogahistory.com/httpdocs/phpBB/' is executable
[Tue Sep 01 10:38:27.172346 2020] [core:crit] [pid 6888:tid 140619261363968] (13)Permission denied: [client 203.133.169.112:51094] AH00529: /var/www/vhosts/saratogahistory.com/httpdocs/phpBB/.htaccess pcfg_openfile: unable to check htaccess file, ensure it is readable and that '/var/www/vhosts/saratogahistory.com/httpdocs/phpBB/' is executable
[Tue Sep 01 10:38:32.189142 2020] [core:crit] [pid 6888:tid 140619219404544] (13)Permission denied: [client 203.133.169.112:51324] AH00529: /var/www/vhosts/saratogahistory.com/httpdocs/phpBB/.htaccess pcfg_openfile: unable to check htaccess file, ensure it is readable and that '/var/www/vhosts/saratogahistory.com/httpdocs/phpBB/' is executable
[Tue Sep 01 10:38:37.087406 2020] [core:crit] [pid 6888:tid 140619145975552] (13)Permission denied: [client 203.133.169.112:51508] AH00529: /var/www/vhosts/saratogahistory.com/httpdocs/phpBB/.htaccess pcfg_openfile: unable to check htaccess file, ensure it is readable and that '/var/www/vhosts/saratogahistory.com/httpdocs/phpBB/' is executable
[Tue Sep 01 10:38:41.968529 2020] [core:crit] [pid 6888:tid 140619355772672] (13)Permission denied: [client 203.133.169.112:51726] AH00529: /var/www/vhosts/saratogahistory.com/httpdocs/phpBB/.htaccess pcfg_openfile: unable to check htaccess file, ensure it is readable and that '/var/www/vhosts/saratogahistory.com/httpdocs/phpBB/' is executable
[Tue Sep 01 10:38:46.979983 2020] [core:crit] [pid 6888:tid 140619166955264] (13)Permission denied: [client 203.133.169.112:52018] AH00529: /var/www/vhosts/saratogahistory.com/httpdocs/phpBB/.htaccess pcfg_openfile: unable to check htaccess file, ensure it is readable and that '/var/www/vhosts/saratogahistory.com/httpdocs/phpBB/' is executable
[Tue Sep 01 10:38:52.039886 2020] [core:crit] [pid 6888:tid 140619156465408] (13)Permission denied: [client 203.133.169.112:52246] AH00529: /var/www/vhosts/saratogahistory.com/httpdocs/phpBB/.htaccess pcfg_openfile: unable to check htaccess file, ensure it is readable and that '/var/www/vhosts/saratogahistory.com/httpdocs/phpBB/' is executable
[Tue Sep 01 10:38:57.671669 2020] [core:crit] [pid 6888:tid 140619177445120] (13)Permission denied: [client 203.133.169.112:52470] AH00529: /var/www/vhosts/saratogahistory.com/httpdocs/phpBB/.htaccess pcfg_openfile: unable to check htaccess file, ensure it is readable and that '/var/www/vhosts/saratogahistory.com/httpdocs/phpBB/' is executable
[Tue Sep 01 10:39:02.577536 2020] [core:crit] [pid 6888:tid 140619124995840] (13)Permission denied: [client 203.133.169.112:52698] AH00529: /var/www/vhosts/saratogahistory.com/httpdocs/phpBB/.htaccess pcfg_openfile: unable to check htaccess file, ensure it is readable and that '/var/www/vhosts/saratogahistory.com/httpdocs/phpBB/' is executable
[Tue Sep 01 10:39:07.900300 2020] [core:crit] [pid 32352:tid 140619271853824] (13)Permission denied: [client 203.133.169.112:52924] AH00529: /var/www/vhosts/saratogahistory.com/httpdocs/phpBB/.htaccess pcfg_openfile: unable to check htaccess file, ensure it is readable and that '/var/www/vhosts/saratogahistory.com/httpdocs/phpBB/' is executable
[Tue Sep 01 10:39:12.835823 2020] [core:crit] [pid 6888:tid 140619376752384] (13)Permission denied: [client 203.133.169.112:53072] AH00529: /var/www/vhosts/saratogahistory.com/httpdocs/phpBB/.htaccess pcfg_openfile: unable to check htaccess file, ensure it is readable and that '/var/www/vhosts/saratogahistory.com/httpdocs/phpBB/' is executable
[Tue Sep 01 10:39:17.741800 2020] [core:crit] [pid 32325:tid 140619166955264] (13)Permission denied: [client 203.133.169.112:53326] AH00529: /var/www/vhosts/saratogahistory.com/httpdocs/phpBB/.htaccess pcfg_openfile: unable to check htaccess file, ensure it is readable and that '/var/www/vhosts/saratogahistory.com/httpdocs/phpBB/' is executable
[Tue Sep 01 10:39:22.660237 2020] [core:crit] [pid 32352:tid 140619292833536] (13)Permission denied: [client 203.133.169.112:53572] AH00529: /var/www/vhosts/saratogahistory.com/httpdocs/phpBB/.htaccess pcfg_openfile: unable to check htaccess file, ensure it is readable and that '/var/www/vhosts/saratogahistory.com/httpdocs/phpBB/' is executable
[Tue Sep 01 10:39:27.555935 2020] [core:crit] [pid 32322:tid 140619282343680] (13)Permission denied: [client 203.133.169.112:53844] AH00529: /var/www/vhosts/saratogahistory.com/httpdocs/phpBB/.htaccess pcfg_openfile: unable to check htaccess file, ensure it is readable and that '/var/www/vhosts/saratogahistory.com/httpdocs/phpBB/' is executable
[Tue Sep 01 10:39:32.451705 2020] [core:crit] [pid 32322:tid 140619261363968] (13)Permission denied: [client 203.133.169.112:54052] AH00529: /var/www/vhosts/saratogahistory.com/httpdocs/phpBB/.htaccess pcfg_openfile: unable to check htaccess file, ensure it is readable and that '/var/www/vhosts/saratogahistory.com/httpdocs/phpBB/' is executable
[Tue Sep 01 10:39:37.505972 2020] [core:crit] [pid 6888:tid 140619135485696] (13)Permission denied: [client 203.133.169.112:54314] AH00529: /var/www/vhosts/saratogahistory.com/httpdocs/phpBB/.htaccess pcfg_openfile: unable to check htaccess file, ensure it is readable and that '/var/www/vhosts/saratogahistory.com/httpdocs/phpBB/' is executable
[Tue Sep 01 10:39:42.549733 2020] [core:crit] [pid 32352:tid 140619282343680] (13)Permission denied: [client 203.133.169.112:54578] AH00529: /var/www/vhosts/saratogahistory.com/httpdocs/phpBB/.htaccess pcfg_openfile: unable to check htaccess file, ensure it is readable and that '/var/www/vhosts/saratogahistory.com/httpdocs/phpBB/' is executable
[Tue Sep 01 10:39:48.164006 2020] [core:crit] [pid 6888:tid 140619292833536] (13)Permission denied: [client 203.133.169.112:54926] AH00529: /var/www/vhosts/saratogahistory.com/httpdocs/phpBB/.htaccess pcfg_openfile: unable to check htaccess file, ensure it is readable and that '/var/www/vhosts/saratogahistory.com/httpdocs/phpBB/' is executable
[Tue Sep 01 10:39:53.057357 2020] [core:crit] [pid 32352:tid 140619124995840] (13)Permission denied: [client 203.133.169.112:55216] AH00529: /var/www/vhosts/saratogahistory.com/httpdocs/phpBB/.htaccess pcfg_openfile: unable to check htaccess file, ensure it is readable and that '/var/www/vhosts/saratogahistory.com/httpdocs/phpBB/' is executable
[Tue Sep 01 10:39:57.947893 2020] [core:crit] [pid 32352:tid 140619313813248] (13)Permission denied: [client 203.133.169.112:55510] AH00529: /var/www/vhosts/saratogahistory.com/httpdocs/phpBB/.htaccess pcfg_openfile: unable to check htaccess file, ensure it is readable and that '/var/www/vhosts/saratogahistory.com/httpdocs/phpBB/' is executable
[Tue Sep 01 10:40:02.980587 2020] [core:crit] [pid 6888:tid 140619334792960] (13)Permission denied: [client 203.133.169.112:55946] AH00529: /var/www/vhosts/saratogahistory.com/httpdocs/phpBB/.htaccess pcfg_openfile: unable to check htaccess file, ensure it is readable and that '/var/www/vhosts/saratogahistory.com/httpdocs/phpBB/' is executable
[Tue Sep 01 10:40:07.998116 2020] [core:crit] [pid 32322:tid 140619271853824] (13)Permission denied: [client 203.133.169.112:56238] AH00529: /var/www/vhosts/saratogahistory.com/httpdocs/phpBB/.htaccess pcfg_openfile: unable to check htaccess file, ensure it is readable and that '/var/www/vhosts/saratogahistory.com/httpdocs/phpBB/' is executable
[Tue Sep 01 10:40:13.238014 2020] [core:crit] [pid 32352:tid 140619324303104] (13)Permission denied: [client 203.133.169.112:56566] AH00529: /var/www/vhosts/saratogahistory.com/httpdocs/phpBB/.htaccess pcfg_openfile: unable to check htaccess file, ensure it is readable and that '/var/www/vhosts/saratogahistory.com/httpdocs/phpBB/' is executable
[Tue Sep 01 10:40:18.174048 2020] [core:crit] [pid 6888:tid 140619271853824] (13)Permission denied: [client 203.133.169.112:56882] AH00529: /var/www/vhosts/saratogahistory.com/httpdocs/phpBB/.htaccess pcfg_openfile: unable to check htaccess file, ensure it is readable and that '/var/www/vhosts/saratogahistory.com/httpdocs/phpBB/' is executable
[Tue Sep 01 10:40:23.191031 2020] [core:crit] [pid 6888:tid 140619303323392] (13)Permission denied: [client 203.133.169.112:57242] AH00529: /var/www/vhosts/saratogahistory.com/httpdocs/phpBB/.htaccess pcfg_openfile: unable to check htaccess file, ensure it is readable and that '/var/www/vhosts/saratogahistory.com/httpdocs/phpBB/' is executable
[Tue Sep 01 10:40:28.221943 2020] [core:crit] [pid 32352:tid 140619261363968] (13)Permission denied: [client 203.133.169.112:57522] AH00529: /var/www/vhosts/saratogahistory.com/httpdocs/phpBB/.htaccess pcfg_openfile: unable to check htaccess file, ensure it is readable and that '/var/www/vhosts/saratogahistory.com/httpdocs/phpBB/' is executable
[Tue Sep 01 10:40:33.106863 2020] [core:crit] [pid 6888:tid 140619366262528] (13)Permission denied: [client 203.133.169.112:57744] AH00529: /var/www/vhosts/saratogahistory.com/httpdocs/phpBB/.htaccess pcfg_openfile: unable to check htaccess file, ensure it is readable and that '/var/www/vhosts/saratogahistory.com/httpdocs/phpBB/' is executable
[Tue Sep 01 10:40:38.132857 2020] [core:crit] [pid 6888:tid 140619198424832] (13)Permission denied: [client 203.133.169.112:57976] AH00529: /var/www/vhosts/saratogahistory.com/httpdocs/phpBB/.htaccess pcfg_openfile: unable to check htaccess file, ensure it is readable and that '/var/www/vhosts/saratogahistory.com/httpdocs/phpBB/' is executable
[Tue Sep 01 10:40:43.169382 2020] [core:crit] [pid 6888:tid 140619345282816] (13)Permission denied: [client 203.133.169.112:58224] AH00529: /var/www/vhosts/saratogahistory.com/httpdocs/phpBB/.htaccess pcfg_openfile: unable to check htaccess file, ensure it is readable and that '/var/www/vhosts/saratogahistory.com/httpdocs/phpBB/' is executable
[Tue Sep 01 10:40:48.188699 2020] [core:crit] [pid 32352:tid 140619240384256] (13)Permission denied: [client 203.133.169.112:58422] AH00529: /var/www/vhosts/saratogahistory.com/httpdocs/phpBB/.htaccess pcfg_openfile: unable to check htaccess file, ensure it is readable and that '/var/www/vhosts/saratogahistory.com/httpdocs/phpBB/' is executable
[Tue Sep 01 10:42:20.072331 2020] [core:crit] [pid 6888:tid 140619324303104] (13)Permission denied: [client 185.25.35.9:33402] AH00529: /var/www/vhosts/saratogahistory.com/httpdocs/phpBB/.htaccess pcfg_openfile: unable to check htaccess file, ensure it is readable and that '/var/www/vhosts/saratogahistory.com/httpdocs/phpBB/' is executable
[Tue Sep 01 11:14:36.158826 2020] [proxy_fcgi:error] [pid 6888:tid 140619313813248] [client 185.81.157.189:34770] AH01071: Got error 'Primary script unknown\n'
[Tue Sep 01 11:30:00.934584 2020] [core:crit] [pid 6888:tid 140619271853824] (13)Permission denied: [client 185.25.35.12:49170] AH00529: /var/www/vhosts/saratogahistory.com/httpdocs/phpBB/.htaccess pcfg_openfile: unable to check htaccess file, ensure it is readable and that '/var/www/vhosts/saratogahistory.com/httpdocs/phpBB/' is executable
[Tue Sep 01 11:36:26.881282 2020] [core:crit] [pid 6888:tid 140619187934976] (13)Permission denied: [client 109.70.100.43:38380] AH00529: /var/www/vhosts/saratogahistory.com/httpdocs/phpBB/.htaccess pcfg_openfile: unable to check htaccess file, ensure it is readable and that '/var/www/vhosts/saratogahistory.com/httpdocs/phpBB/' is executable, referer: http://www.saratogahistory.com/phpBB/index.php
[Tue Sep 01 11:51:40.313071 2020] [core:crit] [pid 32352:tid 140619240384256] (13)Permission denied: [client 176.107.183.146:51236] AH00529: /var/www/vhosts/saratogahistory.com/httpdocs/phpBB/.htaccess pcfg_openfile: unable to check htaccess file, ensure it is readable and that '/var/www/vhosts/saratogahistory.com/httpdocs/phpBB/' is executable, referer: http://www.saratogahistory.com/phpBB/index.php
[Tue Sep 01 12:34:47.199109 2020] [core:crit] [pid 6888:tid 140619135485696] (13)Permission denied: [client 185.25.35.15:54718] AH00529: /var/www/vhosts/saratogahistory.com/httpdocs/phpBB/.htaccess pcfg_openfile: unable to check htaccess file, ensure it is readable and that '/var/www/vhosts/saratogahistory.com/httpdocs/phpBB/' is executable
[Tue Sep 01 12:45:21.853630 2020] [core:crit] [pid 6888:tid 140619187934976] (13)Permission denied: [client 185.25.35.11:56728] AH00529: /var/www/vhosts/saratogahistory.com/httpdocs/phpBB/.htaccess pcfg_openfile: unable to check htaccess file, ensure it is readable and that '/var/www/vhosts/saratogahistory.com/httpdocs/phpBB/' is executable
[Tue Sep 01 13:06:05.233319 2020] [proxy_fcgi:error] [pid 32325:tid 140619156465408] [client 170.79.220.50:55552] AH01071: Got error 'Primary script unknown\n'
[Tue Sep 01 13:38:17.920755 2020] [core:crit] [pid 32352:tid 140619376752384] (13)Permission denied: [client 107.189.11.163:51004] AH00529: /var/www/vhosts/saratogahistory.com/httpdocs/phpBB/.htaccess pcfg_openfile: unable to check htaccess file, ensure it is readable and that '/var/www/vhosts/saratogahistory.com/httpdocs/phpBB/' is executable, referer: http://www.saratogahistory.com/phpBB/index.php
[Tue Sep 01 13:40:57.865710 2020] [core:crit] [pid 6888:tid 140619355772672] (13)Permission denied: [client 46.246.65.141:58236] AH00529: /var/www/vhosts/saratogahistory.com/httpdocs/phpBB/.htaccess pcfg_openfile: unable to check htaccess file, ensure it is readable and that '/var/www/vhosts/saratogahistory.com/httpdocs/phpBB/' is executable, referer: http://www.saratogahistory.com/phpBB/index.php
[Tue Sep 01 13:40:59.008852 2020] [core:crit] [pid 32352:tid 140619219404544] (13)Permission denied: [client 46.246.65.141:58276] AH00529: /var/www/vhosts/saratogahistory.com/httpdocs/phpBB/.htaccess pcfg_openfile: unable to check htaccess file, ensure it is readable and that '/var/www/vhosts/saratogahistory.com/httpdocs/phpBB/' is executable, referer: http://www.saratogahistory.com/phpBB/index.php
[Tue Sep 01 13:48:43.685006 2020] [core:crit] [pid 6888:tid 140619345282816] (13)Permission denied: [client 178.159.37.85:53470] AH00529: /var/www/vhosts/saratogahistory.com/httpdocs/phpBB/.htaccess pcfg_openfile: unable to check htaccess file, ensure it is readable and that '/var/www/vhosts/saratogahistory.com/httpdocs/phpBB/' is executable, referer: http://www.saratogahistory.com/phpBB/index.php
[Tue Sep 01 14:04:13.969598 2020] [core:crit] [pid 32352:tid 140619313813248] (13)Permission denied: [client 185.220.100.253:34200] AH00529: /var/www/vhosts/saratogahistory.com/httpdocs/phpBB/.htaccess pcfg_openfile: unable to check htaccess file, ensure it is readable and that '/var/www/vhosts/saratogahistory.com/httpdocs/phpBB/' is executable, referer: http://www.saratogahistory.com/phpBB/index.php
[Tue Sep 01 14:14:42.408812 2020] [core:crit] [pid 6888:tid 140619187934976] (13)Permission denied: [client 203.133.169.112:58456] AH00529: /var/www/vhosts/saratogahistory.com/httpdocs/phpBB/.htaccess pcfg_openfile: unable to check htaccess file, ensure it is readable and that '/var/www/vhosts/saratogahistory.com/httpdocs/phpBB/' is executable
[Tue Sep 01 14:14:47.330965 2020] [core:crit] [pid 6888:tid 140619229894400] (13)Permission denied: [client 203.133.169.112:58760] AH00529: /var/www/vhosts/saratogahistory.com/httpdocs/phpBB/.htaccess pcfg_openfile: unable to check htaccess file, ensure it is readable and that '/var/www/vhosts/saratogahistory.com/httpdocs/phpBB/' is executable
[Tue Sep 01 14:14:52.383918 2020] [core:crit] [pid 32325:tid 140619250874112] (13)Permission denied: [client 203.133.169.112:58950] AH00529: /var/www/vhosts/saratogahistory.com/httpdocs/phpBB/.htaccess pcfg_openfile: unable to check htaccess file, ensure it is readable and that '/var/www/vhosts/saratogahistory.com/httpdocs/phpBB/' is executable
[Tue Sep 01 14:14:57.388673 2020] [core:crit] [pid 6888:tid 140619240384256] (13)Permission denied: [client 203.133.169.112:59124] AH00529: /var/www/vhosts/saratogahistory.com/httpdocs/phpBB/.htaccess pcfg_openfile: unable to check htaccess file, ensure it is readable and that '/var/www/vhosts/saratogahistory.com/httpdocs/phpBB/' is executable
[Tue Sep 01 14:15:02.421854 2020] [core:crit] [pid 32352:tid 140619261363968] (13)Permission denied: [client 203.133.169.112:59394] AH00529: /var/www/vhosts/saratogahistory.com/httpdocs/phpBB/.htaccess pcfg_openfile: unable to check htaccess file, ensure it is readable and that '/var/www/vhosts/saratogahistory.com/httpdocs/phpBB/' is executable
[Tue Sep 01 14:15:07.387402 2020] [core:crit] [pid 6888:tid 140619261363968] (13)Permission denied: [client 203.133.169.112:59750] AH00529: /var/www/vhosts/saratogahistory.com/httpdocs/phpBB/.htaccess pcfg_openfile: unable to check htaccess file, ensure it is readable and that '/var/www/vhosts/saratogahistory.com/httpdocs/phpBB/' is executable
[Tue Sep 01 14:15:12.460554 2020] [core:crit] [pid 6888:tid 140619219404544] (13)Permission denied: [client 203.133.169.112:60104] AH00529: /var/www/vhosts/saratogahistory.com/httpdocs/phpBB/.htaccess pcfg_openfile: unable to check htaccess file, ensure it is readable and that '/var/www/vhosts/saratogahistory.com/httpdocs/phpBB/' is executable
[Tue Sep 01 14:15:17.355140 2020] [core:crit] [pid 6888:tid 140619145975552] (13)Permission denied: [client 203.133.169.112:60334] AH00529: /var/www/vhosts/saratogahistory.com/httpdocs/phpBB/.htaccess pcfg_openfile: unable to check htaccess file, ensure it is readable and that '/var/www/vhosts/saratogahistory.com/httpdocs/phpBB/' is executable
[Tue Sep 01 14:15:22.373914 2020] [core:crit] [pid 6888:tid 140619355772672] (13)Permission denied: [client 203.133.169.112:60568] AH00529: /var/www/vhosts/saratogahistory.com/httpdocs/phpBB/.htaccess pcfg_openfile: unable to check htaccess file, ensure it is readable and that '/var/www/vhosts/saratogahistory.com/httpdocs/phpBB/' is executable
[Tue Sep 01 14:15:27.380851 2020] [core:crit] [pid 32352:tid 140619240384256] (13)Permission denied: [client 203.133.169.112:60952] AH00529: /var/www/vhosts/saratogahistory.com/httpdocs/phpBB/.htaccess pcfg_openfile: unable to check htaccess file, ensure it is readable and that '/var/www/vhosts/saratogahistory.com/httpdocs/phpBB/' is executable
[Tue Sep 01 14:15:32.276829 2020] [core:crit] [pid 6888:tid 140619166955264] (13)Permission denied: [client 203.133.169.112:32968] AH00529: /var/www/vhosts/saratogahistory.com/httpdocs/phpBB/.htaccess pcfg_openfile: unable to check htaccess file, ensure it is readable and that '/var/www/vhosts/saratogahistory.com/httpdocs/phpBB/' is executable
[Tue Sep 01 14:15:37.278446 2020] [core:crit] [pid 6888:tid 140619177445120] (13)Permission denied: [client 203.133.169.112:33136] AH00529: /var/www/vhosts/saratogahistory.com/httpdocs/phpBB/.htaccess pcfg_openfile: unable to check htaccess file, ensure it is readable and that '/var/www/vhosts/saratogahistory.com/httpdocs/phpBB/' is executable
[Tue Sep 01 14:15:42.192099 2020] [core:crit] [pid 6888:tid 140619334792960] (13)Permission denied: [client 203.133.169.112:33310] AH00529: /var/www/vhosts/saratogahistory.com/httpdocs/phpBB/.htaccess pcfg_openfile: unable to check htaccess file, ensure it is readable and that '/var/www/vhosts/saratogahistory.com/httpdocs/phpBB/' is executable
[Tue Sep 01 14:15:47.356740 2020] [core:crit] [pid 32322:tid 140619208914688] (13)Permission denied: [client 203.133.169.112:33438] AH00529: /var/www/vhosts/saratogahistory.com/httpdocs/phpBB/.htaccess pcfg_openfile: unable to check htaccess file, ensure it is readable and that '/var/www/vhosts/saratogahistory.com/httpdocs/phpBB/' is executable
[Tue Sep 01 14:15:52.269960 2020] [core:crit] [pid 32325:tid 140619334792960] (13)Permission denied: [client 203.133.169.112:33540] AH00529: /var/www/vhosts/saratogahistory.com/httpdocs/phpBB/.htaccess pcfg_openfile: unable to check htaccess file, ensure it is readable and that '/var/www/vhosts/saratogahistory.com/httpdocs/phpBB/' is executable
[Tue Sep 01 14:15:57.258556 2020] [core:crit] [pid 6888:tid 140619313813248] (13)Permission denied: [client 203.133.169.112:33698] AH00529: /var/www/vhosts/saratogahistory.com/httpdocs/phpBB/.htaccess pcfg_openfile: unable to check htaccess file, ensure it is readable and that '/var/www/vhosts/saratogahistory.com/httpdocs/phpBB/' is executable
[Tue Sep 01 14:16:02.839327 2020] [core:crit] [pid 32325:tid 140619345282816] (13)Permission denied: [client 203.133.169.112:33950] AH00529: /var/www/vhosts/saratogahistory.com/httpdocs/phpBB/.htaccess pcfg_openfile: unable to check htaccess file, ensure it is readable and that '/var/www/vhosts/saratogahistory.com/httpdocs/phpBB/' is executable
[Tue Sep 01 14:16:07.741912 2020] [core:crit] [pid 6888:tid 140619303323392] (13)Permission denied: [client 203.133.169.112:34222] AH00529: /var/www/vhosts/saratogahistory.com/httpdocs/phpBB/.htaccess pcfg_openfile: unable to check htaccess file, ensure it is readable and that '/var/www/vhosts/saratogahistory.com/httpdocs/phpBB/' is executable
[Tue Sep 01 14:16:12.671756 2020] [core:crit] [pid 32352:tid 140619208914688] (13)Permission denied: [client 203.133.169.112:34384] AH00529: /var/www/vhosts/saratogahistory.com/httpdocs/phpBB/.htaccess pcfg_openfile: unable to check htaccess file, ensure it is readable and that '/var/www/vhosts/saratogahistory.com/httpdocs/phpBB/' is executable
[Tue Sep 01 14:16:17.946144 2020] [core:crit] [pid 32352:tid 140619355772672] (13)Permission denied: [client 203.133.169.112:34548] AH00529: /var/www/vhosts/saratogahistory.com/httpdocs/phpBB/.htaccess pcfg_openfile: unable to check htaccess file, ensure it is readable and that '/var/www/vhosts/saratogahistory.com/httpdocs/phpBB/' is executable
[Tue Sep 01 14:16:22.946484 2020] [core:crit] [pid 32352:tid 140619250874112] (13)Permission denied: [client 203.133.169.112:34664] AH00529: /var/www/vhosts/saratogahistory.com/httpdocs/phpBB/.htaccess pcfg_openfile: unable to check htaccess file, ensure it is readable and that '/var/www/vhosts/saratogahistory.com/httpdocs/phpBB/' is executable
[Tue Sep 01 14:16:27.881215 2020] [core:crit] [pid 6888:tid 140619366262528] (13)Permission denied: [client 203.133.169.112:34814] AH00529: /var/www/vhosts/saratogahistory.com/httpdocs/phpBB/.htaccess pcfg_openfile: unable to check htaccess file, ensure it is readable and that '/var/www/vhosts/saratogahistory.com/httpdocs/phpBB/' is executable
[Tue Sep 01 14:16:32.918102 2020] [core:crit] [pid 6888:tid 140619198424832] (13)Permission denied: [client 203.133.169.112:34964] AH00529: /var/www/vhosts/saratogahistory.com/httpdocs/phpBB/.htaccess pcfg_openfile: unable to check htaccess file, ensure it is readable and that '/var/www/vhosts/saratogahistory.com/httpdocs/phpBB/' is executable
[Tue Sep 01 14:16:37.823405 2020] [core:crit] [pid 32325:tid 140619366262528] (13)Permission denied: [client 203.133.169.112:35114] AH00529: /var/www/vhosts/saratogahistory.com/httpdocs/phpBB/.htaccess pcfg_openfile: unable to check htaccess file, ensure it is readable and that '/var/www/vhosts/saratogahistory.com/httpdocs/phpBB/' is executable
[Tue Sep 01 14:16:42.825136 2020] [core:crit] [pid 6888:tid 140619345282816] (13)Permission denied: [client 203.133.169.112:35252] AH00529: /var/www/vhosts/saratogahistory.com/httpdocs/phpBB/.htaccess pcfg_openfile: unable to check htaccess file, ensure it is readable and that '/var/www/vhosts/saratogahistory.com/httpdocs/phpBB/' is executable
[Tue Sep 01 14:16:47.712510 2020] [core:crit] [pid 6888:tid 140619250874112] (13)Permission denied: [client 203.133.169.112:35400] AH00529: /var/www/vhosts/saratogahistory.com/httpdocs/phpBB/.htaccess pcfg_openfile: unable to check htaccess file, ensure it is readable and that '/var/www/vhosts/saratogahistory.com/httpdocs/phpBB/' is executable
[Tue Sep 01 14:16:53.589700 2020] [core:crit] [pid 6888:tid 140619324303104] (13)Permission denied: [client 203.133.169.112:35598] AH00529: /var/www/vhosts/saratogahistory.com/httpdocs/phpBB/.htaccess pcfg_openfile: unable to check htaccess file, ensure it is readable and that '/var/www/vhosts/saratogahistory.com/httpdocs/phpBB/' is executable
[Tue Sep 01 14:16:58.670850 2020] [core:crit] [pid 32352:tid 140619229894400] (13)Permission denied: [client 203.133.169.112:35758] AH00529: /var/www/vhosts/saratogahistory.com/httpdocs/phpBB/.htaccess pcfg_openfile: unable to check htaccess file, ensure it is readable and that '/var/www/vhosts/saratogahistory.com/httpdocs/phpBB/' is executable
[Tue Sep 01 15:38:04.021720 2020] [core:crit] [pid 32352:tid 140619345282816] (13)Permission denied: [client 198.144.149.253:56684] AH00529: /var/www/vhosts/saratogahistory.com/httpdocs/phpBB/.htaccess pcfg_openfile: unable to check htaccess file, ensure it is readable and that '/var/www/vhosts/saratogahistory.com/httpdocs/phpBB/' is executable, referer: http://www.saratogahistory.com/phpBB/index.php
[Tue Sep 01 15:38:04.400834 2020] [core:crit] [pid 6888:tid 140619355772672] (13)Permission denied: [client 198.144.149.253:56700] AH00529: /var/www/vhosts/saratogahistory.com/httpdocs/phpBB/.htaccess pcfg_openfile: unable to check htaccess file, ensure it is readable and that '/var/www/vhosts/saratogahistory.com/httpdocs/phpBB/' is executable, referer: http://www.saratogahistory.com/phpBB/index.php
[Tue Sep 01 15:38:19.121007 2020] [core:crit] [pid 6888:tid 140619177445120] (13)Permission denied: [client 209.141.53.10:57276] AH00529: /var/www/vhosts/saratogahistory.com/httpdocs/phpBB/.htaccess pcfg_openfile: unable to check htaccess file, ensure it is readable and that '/var/www/vhosts/saratogahistory.com/httpdocs/phpBB/' is executable, referer: http://www.saratogahistory.com/phpBB/index.php
[Tue Sep 01 16:13:13.542597 2020] [core:crit] [pid 32352:tid 140619313813248] (13)Permission denied: [client 91.103.255.169:45354] AH00529: /var/www/vhosts/saratogahistory.com/httpdocs/phpBB/.htaccess pcfg_openfile: unable to check htaccess file, ensure it is readable and that '/var/www/vhosts/saratogahistory.com/httpdocs/phpBB/' is executable, referer: http://www.saratogahistory.com/phpBB/index.php
[Tue Sep 01 16:13:14.471897 2020] [proxy_fcgi:error] [pid 32352:tid 140619324303104] [client 91.103.255.169:45424] AH01071: Got error 'Primary script unknown\n', referer: http://www.saratogahistory.com/index.php
[Tue Sep 01 16:13:14.725270 2020] [proxy_fcgi:error] [pid 6888:tid 140619135485696] [client 91.103.255.169:45446] AH01071: Got error 'Primary script unknown\n', referer: http://www.saratogahistory.com/index.php
[Tue Sep 01 16:13:14.979210 2020] [proxy_fcgi:error] [pid 6888:tid 140619376752384] [client 91.103.255.169:45466] AH01071: Got error 'Primary script unknown\n', referer: http://www.saratogahistory.com/index.php
[Tue Sep 01 16:56:24.956568 2020] [core:crit] [pid 32352:tid 140619208914688] (13)Permission denied: [client 109.195.38.201:57428] AH00529: /var/www/vhosts/saratogahistory.com/httpdocs/phpBB/.htaccess pcfg_openfile: unable to check htaccess file, ensure it is readable and that '/var/www/vhosts/saratogahistory.com/httpdocs/phpBB/' is executable, referer: http://www.saratogahistory.com/phpBB/index.php
[Tue Sep 01 16:56:26.263163 2020] [proxy_fcgi:error] [pid 6888:tid 140619240384256] [client 109.195.38.201:57496] AH01071: Got error 'Primary script unknown\n', referer: http://www.saratogahistory.com/index.php
[Tue Sep 01 16:56:26.620868 2020] [proxy_fcgi:error] [pid 6888:tid 140619261363968] [client 109.195.38.201:57526] AH01071: Got error 'Primary script unknown\n', referer: http://www.saratogahistory.com/index.php
[Tue Sep 01 16:56:26.973629 2020] [proxy_fcgi:error] [pid 32352:tid 140619229894400] [client 109.195.38.201:57544] AH01071: Got error 'Primary script unknown\n', referer: http://www.saratogahistory.com/index.php
[Tue Sep 01 17:03:16.138606 2020] [core:crit] [pid 6888:tid 140619135485696] (13)Permission denied: [client 185.25.35.13:48214] AH00529: /var/www/vhosts/saratogahistory.com/httpdocs/phpBB/.htaccess pcfg_openfile: unable to check htaccess file, ensure it is readable and that '/var/www/vhosts/saratogahistory.com/httpdocs/phpBB/' is executable
[Tue Sep 01 17:37:44.664152 2020] [core:crit] [pid 6888:tid 140619292833536] (13)Permission denied: [client 95.211.230.211:58272] AH00529: /var/www/vhosts/saratogahistory.com/httpdocs/phpBB/.htaccess pcfg_openfile: unable to check htaccess file, ensure it is readable and that '/var/www/vhosts/saratogahistory.com/httpdocs/phpBB/' is executable, referer: http://www.saratogahistory.com/phpBB/index.php
[Tue Sep 01 17:53:27.296620 2020] [core:crit] [pid 32352:tid 140619135485696] (13)Permission denied: [client 203.133.169.112:44984] AH00529: /var/www/vhosts/saratogahistory.com/httpdocs/phpBB/.htaccess pcfg_openfile: unable to check htaccess file, ensure it is readable and that '/var/www/vhosts/saratogahistory.com/httpdocs/phpBB/' is executable
[Tue Sep 01 17:53:32.167742 2020] [core:crit] [pid 32352:tid 140619303323392] (13)Permission denied: [client 203.133.169.112:45186] AH00529: /var/www/vhosts/saratogahistory.com/httpdocs/phpBB/.htaccess pcfg_openfile: unable to check htaccess file, ensure it is readable and that '/var/www/vhosts/saratogahistory.com/httpdocs/phpBB/' is executable
[Tue Sep 01 17:53:37.042551 2020] [core:crit] [pid 32352:tid 140619198424832] (13)Permission denied: [client 203.133.169.112:45424] AH00529: /var/www/vhosts/saratogahistory.com/httpdocs/phpBB/.htaccess pcfg_openfile: unable to check htaccess file, ensure it is readable and that '/var/www/vhosts/saratogahistory.com/httpdocs/phpBB/' is executable
[Tue Sep 01 17:53:42.039809 2020] [core:crit] [pid 6888:tid 140619366262528] (13)Permission denied: [client 203.133.169.112:45632] AH00529: /var/www/vhosts/saratogahistory.com/httpdocs/phpBB/.htaccess pcfg_openfile: unable to check htaccess file, ensure it is readable and that '/var/www/vhosts/saratogahistory.com/httpdocs/phpBB/' is executable
[Tue Sep 01 17:53:47.049433 2020] [core:crit] [pid 6888:tid 140619250874112] (13)Permission denied: [client 203.133.169.112:45856] AH00529: /var/www/vhosts/saratogahistory.com/httpdocs/phpBB/.htaccess pcfg_openfile: unable to check htaccess file, ensure it is readable and that '/var/www/vhosts/saratogahistory.com/httpdocs/phpBB/' is executable
[Tue Sep 01 17:53:52.110128 2020] [core:crit] [pid 32352:tid 140619156465408] (13)Permission denied: [client 203.133.169.112:46170] AH00529: /var/www/vhosts/saratogahistory.com/httpdocs/phpBB/.htaccess pcfg_openfile: unable to check htaccess file, ensure it is readable and that '/var/www/vhosts/saratogahistory.com/httpdocs/phpBB/' is executable
[Tue Sep 01 17:53:57.353038 2020] [core:crit] [pid 6888:tid 140619324303104] (13)Permission denied: [client 203.133.169.112:46448] AH00529: /var/www/vhosts/saratogahistory.com/httpdocs/phpBB/.htaccess pcfg_openfile: unable to check htaccess file, ensure it is readable and that '/var/www/vhosts/saratogahistory.com/httpdocs/phpBB/' is executable
[Tue Sep 01 17:54:02.346492 2020] [core:crit] [pid 32352:tid 140619271853824] (13)Permission denied: [client 203.133.169.112:46648] AH00529: /var/www/vhosts/saratogahistory.com/httpdocs/phpBB/.htaccess pcfg_openfile: unable to check htaccess file, ensure it is readable and that '/var/www/vhosts/saratogahistory.com/httpdocs/phpBB/' is executable
[Tue Sep 01 17:54:07.234205 2020] [core:crit] [pid 32352:tid 140619292833536] (13)Permission denied: [client 203.133.169.112:46804] AH00529: /var/www/vhosts/saratogahistory.com/httpdocs/phpBB/.htaccess pcfg_openfile: unable to check htaccess file, ensure it is readable and that '/var/www/vhosts/saratogahistory.com/httpdocs/phpBB/' is executable
[Tue Sep 01 17:54:12.115516 2020] [core:crit] [pid 6888:tid 140619208914688] (13)Permission denied: [client 203.133.169.112:47012] AH00529: /var/www/vhosts/saratogahistory.com/httpdocs/phpBB/.htaccess pcfg_openfile: unable to check htaccess file, ensure it is readable and that '/var/www/vhosts/saratogahistory.com/httpdocs/phpBB/' is executable
[Tue Sep 01 17:54:17.124716 2020] [core:crit] [pid 6888:tid 140619282343680] (13)Permission denied: [client 203.133.169.112:47214] AH00529: /var/www/vhosts/saratogahistory.com/httpdocs/phpBB/.htaccess pcfg_openfile: unable to check htaccess file, ensure it is readable and that '/var/www/vhosts/saratogahistory.com/httpdocs/phpBB/' is executable
[Tue Sep 01 17:54:22.205318 2020] [core:crit] [pid 6888:tid 140619187934976] (13)Permission denied: [client 203.133.169.112:47404] AH00529: /var/www/vhosts/saratogahistory.com/httpdocs/phpBB/.htaccess pcfg_openfile: unable to check htaccess file, ensure it is readable and that '/var/www/vhosts/saratogahistory.com/httpdocs/phpBB/' is executable
[Tue Sep 01 17:54:27.209846 2020] [core:crit] [pid 6888:tid 140619229894400] (13)Permission denied: [client 203.133.169.112:47662] AH00529: /var/www/vhosts/saratogahistory.com/httpdocs/phpBB/.htaccess pcfg_openfile: unable to check htaccess file, ensure it is readable and that '/var/www/vhosts/saratogahistory.com/httpdocs/phpBB/' is executable
[Tue Sep 01 17:54:32.419703 2020] [core:crit] [pid 6888:tid 140619240384256] (13)Permission denied: [client 203.133.169.112:47904] AH00529: /var/www/vhosts/saratogahistory.com/httpdocs/phpBB/.htaccess pcfg_openfile: unable to check htaccess file, ensure it is readable and that '/var/www/vhosts/saratogahistory.com/httpdocs/phpBB/' is executable
[Tue Sep 01 17:54:37.424991 2020] [core:crit] [pid 6888:tid 140619261363968] (13)Permission denied: [client 203.133.169.112:48086] AH00529: /var/www/vhosts/saratogahistory.com/httpdocs/phpBB/.htaccess pcfg_openfile: unable to check htaccess file, ensure it is readable and that '/var/www/vhosts/saratogahistory.com/httpdocs/phpBB/' is executable
[Tue Sep 01 17:54:42.309572 2020] [core:crit] [pid 6888:tid 140619219404544] (13)Permission denied: [client 203.133.169.112:48306] AH00529: /var/www/vhosts/saratogahistory.com/httpdocs/phpBB/.htaccess pcfg_openfile: unable to check htaccess file, ensure it is readable and that '/var/www/vhosts/saratogahistory.com/httpdocs/phpBB/' is executable
[Tue Sep 01 17:54:47.191187 2020] [core:crit] [pid 6888:tid 140619145975552] (13)Permission denied: [client 203.133.169.112:48578] AH00529: /var/www/vhosts/saratogahistory.com/httpdocs/phpBB/.htaccess pcfg_openfile: unable to check htaccess file, ensure it is readable and that '/var/www/vhosts/saratogahistory.com/httpdocs/phpBB/' is executable
[Tue Sep 01 17:54:52.233996 2020] [core:crit] [pid 32352:tid 140619282343680] (13)Permission denied: [client 203.133.169.112:48822] AH00529: /var/www/vhosts/saratogahistory.com/httpdocs/phpBB/.htaccess pcfg_openfile: unable to check htaccess file, ensure it is readable and that '/var/www/vhosts/saratogahistory.com/httpdocs/phpBB/' is executable
[Tue Sep 01 17:54:57.126837 2020] [core:crit] [pid 6888:tid 140619355772672] (13)Permission denied: [client 203.133.169.112:49064] AH00529: /var/www/vhosts/saratogahistory.com/httpdocs/phpBB/.htaccess pcfg_openfile: unable to check htaccess file, ensure it is readable and that '/var/www/vhosts/saratogahistory.com/httpdocs/phpBB/' is executable
[Tue Sep 01 17:55:02.132241 2020] [core:crit] [pid 6888:tid 140619166955264] (13)Permission denied: [client 203.133.169.112:49442] AH00529: /var/www/vhosts/saratogahistory.com/httpdocs/phpBB/.htaccess pcfg_openfile: unable to check htaccess file, ensure it is readable and that '/var/www/vhosts/saratogahistory.com/httpdocs/phpBB/' is executable
[Tue Sep 01 17:55:07.336274 2020] [core:crit] [pid 6888:tid 140619177445120] (13)Permission denied: [client 203.133.169.112:49694] AH00529: /var/www/vhosts/saratogahistory.com/httpdocs/phpBB/.htaccess pcfg_openfile: unable to check htaccess file, ensure it is readable and that '/var/www/vhosts/saratogahistory.com/httpdocs/phpBB/' is executable
[Tue Sep 01 17:55:12.345915 2020] [core:crit] [pid 32325:tid 140619250874112] (13)Permission denied: [client 203.133.169.112:49916] AH00529: /var/www/vhosts/saratogahistory.com/httpdocs/phpBB/.htaccess pcfg_openfile: unable to check htaccess file, ensure it is readable and that '/var/www/vhosts/saratogahistory.com/httpdocs/phpBB/' is executable
[Tue Sep 01 17:55:48.912893 2020] [core:crit] [pid 6888:tid 140619156465408] (13)Permission denied: [client 185.25.35.11:51672] AH00529: /var/www/vhosts/saratogahistory.com/httpdocs/phpBB/.htaccess pcfg_openfile: unable to check htaccess file, ensure it is readable and that '/var/www/vhosts/saratogahistory.com/httpdocs/phpBB/' is executable
[Tue Sep 01 18:32:14.020687 2020] [core:crit] [pid 6888:tid 140619303323392] (13)Permission denied: [client 5.199.130.188:35728] AH00529: /var/www/vhosts/saratogahistory.com/httpdocs/phpBB/.htaccess pcfg_openfile: unable to check htaccess file, ensure it is readable and that '/var/www/vhosts/saratogahistory.com/httpdocs/phpBB/' is executable, referer: http://www.saratogahistory.com/phpBB/index.php
[Tue Sep 01 18:55:37.917903 2020] [core:crit] [pid 32352:tid 140619219404544] (13)Permission denied: [client 185.25.35.8:38092] AH00529: /var/www/vhosts/saratogahistory.com/httpdocs/phpBB/.htaccess pcfg_openfile: unable to check htaccess file, ensure it is readable and that '/var/www/vhosts/saratogahistory.com/httpdocs/phpBB/' is executable
[Tue Sep 01 19:11:08.495145 2020] [core:crit] [pid 32352:tid 140619177445120] (13)Permission denied: [client 185.25.35.14:53032] AH00529: /var/www/vhosts/saratogahistory.com/httpdocs/phpBB/.htaccess pcfg_openfile: unable to check htaccess file, ensure it is readable and that '/var/www/vhosts/saratogahistory.com/httpdocs/phpBB/' is executable
[Tue Sep 01 19:18:00.602666 2020] [proxy_fcgi:error] [pid 6888:tid 140619135485696] [client 139.59.153.133:42268] AH01071: Got error 'Primary script unknown\n', referer: http://saratogahistory.com/wp-login.php
[Tue Sep 01 19:36:00.379122 2020] [core:crit] [pid 32322:tid 140619313813248] (13)Permission denied: [client 185.220.101.148:58134] AH00529: /var/www/vhosts/saratogahistory.com/httpdocs/phpBB/.htaccess pcfg_openfile: unable to check htaccess file, ensure it is readable and that '/var/www/vhosts/saratogahistory.com/httpdocs/phpBB/' is executable, referer: http://www.saratogahistory.com/phpBB/index.php
[Tue Sep 01 19:38:54.621737 2020] [core:crit] [pid 32325:tid 140619240384256] (13)Permission denied: [client 185.220.102.4:36202] AH00529: /var/www/vhosts/saratogahistory.com/httpdocs/phpBB/.htaccess pcfg_openfile: unable to check htaccess file, ensure it is readable and that '/var/www/vhosts/saratogahistory.com/httpdocs/phpBB/' is executable, referer: http://www.saratogahistory.com/phpBB/index.php
[Tue Sep 01 20:31:56.228259 2020] [core:crit] [pid 32325:tid 140619303323392] (13)Permission denied: [client 173.252.79.19:49458] AH00529: /var/www/vhosts/saratogahistory.com/httpdocs/phpBB/.htaccess pcfg_openfile: unable to check htaccess file, ensure it is readable and that '/var/www/vhosts/saratogahistory.com/httpdocs/phpBB/' is executable
[Tue Sep 01 20:33:02.568275 2020] [proxy_fcgi:error] [pid 6888:tid 140619187934976] [client 90.175.176.45:52248] AH01071: Got error 'Primary script unknown\n'
[Tue Sep 01 20:51:38.532739 2020] [core:crit] [pid 6888:tid 140619303323392] (13)Permission denied: [client 203.133.169.112:42460] AH00529: /var/www/vhosts/saratogahistory.com/httpdocs/phpBB/.htaccess pcfg_openfile: unable to check htaccess file, ensure it is readable and that '/var/www/vhosts/saratogahistory.com/httpdocs/phpBB/' is executable
[Tue Sep 01 20:51:43.515979 2020] [core:crit] [pid 6888:tid 140619198424832] (13)Permission denied: [client 203.133.169.112:42674] AH00529: /var/www/vhosts/saratogahistory.com/httpdocs/phpBB/.htaccess pcfg_openfile: unable to check htaccess file, ensure it is readable and that '/var/www/vhosts/saratogahistory.com/httpdocs/phpBB/' is executable
[Tue Sep 01 20:51:48.482799 2020] [core:crit] [pid 6888:tid 140619250874112] (13)Permission denied: [client 203.133.169.112:42868] AH00529: /var/www/vhosts/saratogahistory.com/httpdocs/phpBB/.htaccess pcfg_openfile: unable to check htaccess file, ensure it is readable and that '/var/www/vhosts/saratogahistory.com/httpdocs/phpBB/' is executable
[Tue Sep 01 20:51:53.521866 2020] [core:crit] [pid 6888:tid 140619208914688] (13)Permission denied: [client 203.133.169.112:43100] AH00529: /var/www/vhosts/saratogahistory.com/httpdocs/phpBB/.htaccess pcfg_openfile: unable to check htaccess file, ensure it is readable and that '/var/www/vhosts/saratogahistory.com/httpdocs/phpBB/' is executable
[Tue Sep 01 20:51:58.403032 2020] [core:crit] [pid 6888:tid 140619282343680] (13)Permission denied: [client 203.133.169.112:43314] AH00529: /var/www/vhosts/saratogahistory.com/httpdocs/phpBB/.htaccess pcfg_openfile: unable to check htaccess file, ensure it is readable and that '/var/www/vhosts/saratogahistory.com/httpdocs/phpBB/' is executable
[Tue Sep 01 20:52:03.664874 2020] [core:crit] [pid 6888:tid 140619187934976] (13)Permission denied: [client 203.133.169.112:43580] AH00529: /var/www/vhosts/saratogahistory.com/httpdocs/phpBB/.htaccess pcfg_openfile: unable to check htaccess file, ensure it is readable and that '/var/www/vhosts/saratogahistory.com/httpdocs/phpBB/' is executable
[Tue Sep 01 20:52:08.718445 2020] [core:crit] [pid 32352:tid 140619355772672] (13)Permission denied: [client 203.133.169.112:43760] AH00529: /var/www/vhosts/saratogahistory.com/httpdocs/phpBB/.htaccess pcfg_openfile: unable to check htaccess file, ensure it is readable and that '/var/www/vhosts/saratogahistory.com/httpdocs/phpBB/' is executable
[Tue Sep 01 20:52:13.700396 2020] [core:crit] [pid 32352:tid 140619229894400] (13)Permission denied: [client 203.133.169.112:44068] AH00529: /var/www/vhosts/saratogahistory.com/httpdocs/phpBB/.htaccess pcfg_openfile: unable to check htaccess file, ensure it is readable and that '/var/www/vhosts/saratogahistory.com/httpdocs/phpBB/' is executable
[Tue Sep 01 20:52:18.666241 2020] [core:crit] [pid 6888:tid 140619219404544] (13)Permission denied: [client 203.133.169.112:44418] AH00529: /var/www/vhosts/saratogahistory.com/httpdocs/phpBB/.htaccess pcfg_openfile: unable to check htaccess file, ensure it is readable and that '/var/www/vhosts/saratogahistory.com/httpdocs/phpBB/' is executable
[Tue Sep 01 20:52:23.556396 2020] [core:crit] [pid 32325:tid 140619198424832] (13)Permission denied: [client 203.133.169.112:44804] AH00529: /var/www/vhosts/saratogahistory.com/httpdocs/phpBB/.htaccess pcfg_openfile: unable to check htaccess file, ensure it is readable and that '/var/www/vhosts/saratogahistory.com/httpdocs/phpBB/' is executable
[Tue Sep 01 20:52:28.436911 2020] [core:crit] [pid 6888:tid 140619145975552] (13)Permission denied: [client 203.133.169.112:45042] AH00529: /var/www/vhosts/saratogahistory.com/httpdocs/phpBB/.htaccess pcfg_openfile: unable to check htaccess file, ensure it is readable and that '/var/www/vhosts/saratogahistory.com/httpdocs/phpBB/' is executable
[Tue Sep 01 20:52:39.020239 2020] [core:crit] [pid 6888:tid 140619166955264] (13)Permission denied: [client 203.133.169.112:45472] AH00529: /var/www/vhosts/saratogahistory.com/httpdocs/phpBB/.htaccess pcfg_openfile: unable to check htaccess file, ensure it is readable and that '/var/www/vhosts/saratogahistory.com/httpdocs/phpBB/' is executable
[Tue Sep 01 20:52:43.904646 2020] [core:crit] [pid 32352:tid 140619366262528] (13)Permission denied: [client 203.133.169.112:45656] AH00529: /var/www/vhosts/saratogahistory.com/httpdocs/phpBB/.htaccess pcfg_openfile: unable to check htaccess file, ensure it is readable and that '/var/www/vhosts/saratogahistory.com/httpdocs/phpBB/' is executable
[Tue Sep 01 20:52:48.903774 2020] [core:crit] [pid 6888:tid 140619177445120] (13)Permission denied: [client 203.133.169.112:45794] AH00529: /var/www/vhosts/saratogahistory.com/httpdocs/phpBB/.htaccess pcfg_openfile: unable to check htaccess file, ensure it is readable and that '/var/www/vhosts/saratogahistory.com/httpdocs/phpBB/' is executable
[Tue Sep 01 20:52:53.884404 2020] [core:crit] [pid 32352:tid 140619376752384] (13)Permission denied: [client 203.133.169.112:45948] AH00529: /var/www/vhosts/saratogahistory.com/httpdocs/phpBB/.htaccess pcfg_openfile: unable to check htaccess file, ensure it is readable and that '/var/www/vhosts/saratogahistory.com/httpdocs/phpBB/' is executable
[Tue Sep 01 20:52:58.774692 2020] [core:crit] [pid 32352:tid 140619345282816] (13)Permission denied: [client 203.133.169.112:46208] AH00529: /var/www/vhosts/saratogahistory.com/httpdocs/phpBB/.htaccess pcfg_openfile: unable to check htaccess file, ensure it is readable and that '/var/www/vhosts/saratogahistory.com/httpdocs/phpBB/' is executable
[Tue Sep 01 20:53:03.668936 2020] [core:crit] [pid 32325:tid 140619187934976] (13)Permission denied: [client 203.133.169.112:46410] AH00529: /var/www/vhosts/saratogahistory.com/httpdocs/phpBB/.htaccess pcfg_openfile: unable to check htaccess file, ensure it is readable and that '/var/www/vhosts/saratogahistory.com/httpdocs/phpBB/' is executable
[Tue Sep 01 20:53:08.675926 2020] [core:crit] [pid 32352:tid 140619187934976] (13)Permission denied: [client 203.133.169.112:46658] AH00529: /var/www/vhosts/saratogahistory.com/httpdocs/phpBB/.htaccess pcfg_openfile: unable to check htaccess file, ensure it is readable and that '/var/www/vhosts/saratogahistory.com/httpdocs/phpBB/' is executable
[Tue Sep 01 20:53:13.801286 2020] [core:crit] [pid 6888:tid 140619156465408] (13)Permission denied: [client 203.133.169.112:46842] AH00529: /var/www/vhosts/saratogahistory.com/httpdocs/phpBB/.htaccess pcfg_openfile: unable to check htaccess file, ensure it is readable and that '/var/www/vhosts/saratogahistory.com/httpdocs/phpBB/' is executable
[Tue Sep 01 20:53:18.806086 2020] [core:crit] [pid 32352:tid 140619219404544] (13)Permission denied: [client 203.133.169.112:46978] AH00529: /var/www/vhosts/saratogahistory.com/httpdocs/phpBB/.htaccess pcfg_openfile: unable to check htaccess file, ensure it is readable and that '/var/www/vhosts/saratogahistory.com/httpdocs/phpBB/' is executable
[Tue Sep 01 20:53:23.697167 2020] [core:crit] [pid 32352:tid 140619145975552] (13)Permission denied: [client 203.133.169.112:47118] AH00529: /var/www/vhosts/saratogahistory.com/httpdocs/phpBB/.htaccess pcfg_openfile: unable to check htaccess file, ensure it is readable and that '/var/www/vhosts/saratogahistory.com/httpdocs/phpBB/' is executable
[Tue Sep 01 20:53:28.580779 2020] [core:crit] [pid 6888:tid 140619124995840] (13)Permission denied: [client 203.133.169.112:47348] AH00529: /var/www/vhosts/saratogahistory.com/httpdocs/phpBB/.htaccess pcfg_openfile: unable to check htaccess file, ensure it is readable and that '/var/www/vhosts/saratogahistory.com/httpdocs/phpBB/' is executable
[Tue Sep 01 20:57:21.331764 2020] [core:crit] [pid 6888:tid 140619198424832] (13)Permission denied: [client 73.93.40.125:56344] AH00529: /var/www/vhosts/saratogahistory.com/httpdocs/phpBB/.htaccess pcfg_openfile: unable to check htaccess file, ensure it is readable and that '/var/www/vhosts/saratogahistory.com/httpdocs/phpBB/' is executable
[Tue Sep 01 21:30:35.176931 2020] [core:crit] [pid 32352:tid 140619376752384] (13)Permission denied: [client 89.249.73.41:50418] AH00529: /var/www/vhosts/saratogahistory.com/httpdocs/phpBB/.htaccess pcfg_openfile: unable to check htaccess file, ensure it is readable and that '/var/www/vhosts/saratogahistory.com/httpdocs/phpBB/' is executable, referer: http://www.saratogahistory.com/phpBB/index.php
[Tue Sep 01 21:37:08.047594 2020] [core:crit] [pid 6888:tid 140619345282816] (13)Permission denied: [client 89.144.12.17:37770] AH00529: /var/www/vhosts/saratogahistory.com/httpdocs/phpBB/.htaccess pcfg_openfile: unable to check htaccess file, ensure it is readable and that '/var/www/vhosts/saratogahistory.com/httpdocs/phpBB/' is executable, referer: http://www.saratogahistory.com/phpBB/index.php
[Tue Sep 01 21:39:20.309716 2020] [core:crit] [pid 6888:tid 140619250874112] (13)Permission denied: [client 185.220.102.244:43888] AH00529: /var/www/vhosts/saratogahistory.com/httpdocs/phpBB/.htaccess pcfg_openfile: unable to check htaccess file, ensure it is readable and that '/var/www/vhosts/saratogahistory.com/httpdocs/phpBB/' is executable, referer: http://www.saratogahistory.com/phpBB/index.php
[Tue Sep 01 22:14:38.980650 2020] [core:crit] [pid 32352:tid 140619208914688] (13)Permission denied: [client 176.108.27.157:48918] AH00529: /var/www/vhosts/saratogahistory.com/httpdocs/phpBB/.htaccess pcfg_openfile: unable to check htaccess file, ensure it is readable and that '/var/www/vhosts/saratogahistory.com/httpdocs/phpBB/' is executable, referer: http://www.saratogahistory.com/phpBB/index.php
[Tue Sep 01 22:14:40.083647 2020] [proxy_fcgi:error] [pid 32352:tid 140619334792960] [client 176.108.27.157:48956] AH01071: Got error 'Primary script unknown\n', referer: http://www.saratogahistory.com/index.php
[Tue Sep 01 22:14:40.406317 2020] [proxy_fcgi:error] [pid 6888:tid 140619376752384] [client 176.108.27.157:49004] AH01071: Got error 'Primary script unknown\n', referer: http://www.saratogahistory.com/index.php
[Tue Sep 01 22:14:40.726756 2020] [proxy_fcgi:error] [pid 6888:tid 140619292833536] [client 176.108.27.157:49022] AH01071: Got error 'Primary script unknown\n', referer: http://www.saratogahistory.com/index.php
[Tue Sep 01 22:18:50.397896 2020] [core:crit] [pid 6888:tid 140619324303104] (13)Permission denied: [client 203.133.169.112:37416] AH00529: /var/www/vhosts/saratogahistory.com/httpdocs/phpBB/.htaccess pcfg_openfile: unable to check htaccess file, ensure it is readable and that '/var/www/vhosts/saratogahistory.com/httpdocs/phpBB/' is executable
[Tue Sep 01 22:18:55.341101 2020] [core:crit] [pid 32322:tid 140619292833536] (13)Permission denied: [client 203.133.169.112:37680] AH00529: /var/www/vhosts/saratogahistory.com/httpdocs/phpBB/.htaccess pcfg_openfile: unable to check htaccess file, ensure it is readable and that '/var/www/vhosts/saratogahistory.com/httpdocs/phpBB/' is executable
[Tue Sep 01 22:19:00.267632 2020] [core:crit] [pid 32352:tid 140619187934976] (13)Permission denied: [client 203.133.169.112:37918] AH00529: /var/www/vhosts/saratogahistory.com/httpdocs/phpBB/.htaccess pcfg_openfile: unable to check htaccess file, ensure it is readable and that '/var/www/vhosts/saratogahistory.com/httpdocs/phpBB/' is executable
[Tue Sep 01 22:19:05.167829 2020] [core:crit] [pid 32325:tid 140619355772672] (13)Permission denied: [client 203.133.169.112:38084] AH00529: /var/www/vhosts/saratogahistory.com/httpdocs/phpBB/.htaccess pcfg_openfile: unable to check htaccess file, ensure it is readable and that '/var/www/vhosts/saratogahistory.com/httpdocs/phpBB/' is executable
[Tue Sep 01 22:41:16.668598 2020] [core:crit] [pid 32352:tid 140619240384256] (13)Permission denied: [client 103.251.83.14:60172] AH00529: /var/www/vhosts/saratogahistory.com/httpdocs/phpBB/.htaccess pcfg_openfile: unable to check htaccess file, ensure it is readable and that '/var/www/vhosts/saratogahistory.com/httpdocs/phpBB/' is executable, referer: http://www.saratogahistory.com/phpBB/index.php
[Tue Sep 01 23:11:11.628464 2020] [core:crit] [pid 6888:tid 140619282343680] (13)Permission denied: [client 45.154.255.70:49792] AH00529: /var/www/vhosts/saratogahistory.com/httpdocs/phpBB/.htaccess pcfg_openfile: unable to check htaccess file, ensure it is readable and that '/var/www/vhosts/saratogahistory.com/httpdocs/phpBB/' is executable, referer: http://www.saratogahistory.com/phpBB/index.php
[Tue Sep 01 23:12:38.733637 2020] [core:crit] [pid 32352:tid 140619240384256] (13)Permission denied: [client 185.25.35.10:53730] AH00529: /var/www/vhosts/saratogahistory.com/httpdocs/phpBB/.htaccess pcfg_openfile: unable to check htaccess file, ensure it is readable and that '/var/www/vhosts/saratogahistory.com/httpdocs/phpBB/' is executable
[Tue Sep 01 23:19:50.482214 2020] [core:crit] [pid 6888:tid 140619135485696] (13)Permission denied: [client 104.237.193.26:42840] AH00529: /var/www/vhosts/saratogahistory.com/httpdocs/phpBB/.htaccess pcfg_openfile: unable to check htaccess file, ensure it is readable and that '/var/www/vhosts/saratogahistory.com/httpdocs/phpBB/' is executable, referer: http://www.saratogahistory.com/phpBB/index.php
[Tue Sep 01 23:19:53.375916 2020] [proxy_fcgi:error] [pid 6888:tid 140619292833536] [client 104.237.193.26:42944] AH01071: Got error 'Primary script unknown\n', referer: http://www.saratogahistory.com/index.php
[Tue Sep 01 23:19:54.083017 2020] [proxy_fcgi:error] [pid 6888:tid 140619334792960] [client 104.237.193.26:42970] AH01071: Got error 'Primary script unknown\n', referer: http://www.saratogahistory.com/index.php
[Tue Sep 01 23:19:54.838502 2020] [proxy_fcgi:error] [pid 6888:tid 140619271853824] [client 104.237.193.26:42986] AH01071: Got error 'Primary script unknown\n', referer: http://www.saratogahistory.com/index.php
[Tue Sep 01 23:47:20.617809 2020] [core:crit] [pid 6888:tid 140619219404544] (13)Permission denied: [client 185.220.102.243:55766] AH00529: /var/www/vhosts/saratogahistory.com/httpdocs/phpBB/.htaccess pcfg_openfile: unable to check htaccess file, ensure it is readable and that '/var/www/vhosts/saratogahistory.com/httpdocs/phpBB/' is executable, referer: http://www.saratogahistory.com/phpBB/index.php
[Tue Sep 01 23:56:01.781875 2020] [core:crit] [pid 32352:tid 140619376752384] (13)Permission denied: [client 185.253.217.89:49760] AH00529: /var/www/vhosts/saratogahistory.com/httpdocs/phpBB/.htaccess pcfg_openfile: unable to check htaccess file, ensure it is readable and that '/var/www/vhosts/saratogahistory.com/httpdocs/phpBB/' is executable, referer: http://www.saratogahistory.com/phpBB/index.php
[Wed Sep 02 00:01:38.062400 2020] [core:crit] [pid 32352:tid 140619145975552] (13)Permission denied: [client 185.25.35.9:36396] AH00529: /var/www/vhosts/saratogahistory.com/httpdocs/phpBB/.htaccess pcfg_openfile: unable to check htaccess file, ensure it is readable and that '/var/www/vhosts/saratogahistory.com/httpdocs/phpBB/' is executable
[Wed Sep 02 00:14:10.337936 2020] [core:crit] [pid 32352:tid 140619366262528] (13)Permission denied: [client 188.122.82.146:37900] AH00529: /var/www/vhosts/saratogahistory.com/httpdocs/phpBB/.htaccess pcfg_openfile: unable to check htaccess file, ensure it is readable and that '/var/www/vhosts/saratogahistory.com/httpdocs/phpBB/' is executable, referer: http://www.saratogahistory.com/phpBB/index.php
[Wed Sep 02 00:40:01.944919 2020] [core:crit] [pid 32322:tid 140619355772672] (13)Permission denied: [client 203.133.169.112:44338] AH00529: /var/www/vhosts/saratogahistory.com/httpdocs/phpBB/.htaccess pcfg_openfile: unable to check htaccess file, ensure it is readable and that '/var/www/vhosts/saratogahistory.com/httpdocs/phpBB/' is executable
[Wed Sep 02 00:40:06.954040 2020] [core:crit] [pid 6888:tid 140619219404544] (13)Permission denied: [client 203.133.169.112:44606] AH00529: /var/www/vhosts/saratogahistory.com/httpdocs/phpBB/.htaccess pcfg_openfile: unable to check htaccess file, ensure it is readable and that '/var/www/vhosts/saratogahistory.com/httpdocs/phpBB/' is executable
[Wed Sep 02 00:40:11.862695 2020] [core:crit] [pid 6888:tid 140619145975552] (13)Permission denied: [client 203.133.169.112:44978] AH00529: /var/www/vhosts/saratogahistory.com/httpdocs/phpBB/.htaccess pcfg_openfile: unable to check htaccess file, ensure it is readable and that '/var/www/vhosts/saratogahistory.com/httpdocs/phpBB/' is executable
[Wed Sep 02 00:40:16.858626 2020] [core:crit] [pid 32322:tid 140619135485696] (13)Permission denied: [client 203.133.169.112:45200] AH00529: /var/www/vhosts/saratogahistory.com/httpdocs/phpBB/.htaccess pcfg_openfile: unable to check htaccess file, ensure it is readable and that '/var/www/vhosts/saratogahistory.com/httpdocs/phpBB/' is executable
[Wed Sep 02 00:40:21.858892 2020] [core:crit] [pid 32325:tid 140619198424832] (13)Permission denied: [client 203.133.169.112:45446] AH00529: /var/www/vhosts/saratogahistory.com/httpdocs/phpBB/.htaccess pcfg_openfile: unable to check htaccess file, ensure it is readable and that '/var/www/vhosts/saratogahistory.com/httpdocs/phpBB/' is executable
[Wed Sep 02 00:40:26.796256 2020] [core:crit] [pid 6888:tid 140619177445120] (13)Permission denied: [client 203.133.169.112:45618] AH00529: /var/www/vhosts/saratogahistory.com/httpdocs/phpBB/.htaccess pcfg_openfile: unable to check htaccess file, ensure it is readable and that '/var/www/vhosts/saratogahistory.com/httpdocs/phpBB/' is executable
[Wed Sep 02 00:40:32.014392 2020] [core:crit] [pid 6888:tid 140619156465408] (13)Permission denied: [client 203.133.169.112:45844] AH00529: /var/www/vhosts/saratogahistory.com/httpdocs/phpBB/.htaccess pcfg_openfile: unable to check htaccess file, ensure it is readable and that '/var/www/vhosts/saratogahistory.com/httpdocs/phpBB/' is executable
[Wed Sep 02 00:40:37.014439 2020] [core:crit] [pid 6888:tid 140619124995840] (13)Permission denied: [client 203.133.169.112:46058] AH00529: /var/www/vhosts/saratogahistory.com/httpdocs/phpBB/.htaccess pcfg_openfile: unable to check htaccess file, ensure it is readable and that '/var/www/vhosts/saratogahistory.com/httpdocs/phpBB/' is executable
[Wed Sep 02 00:40:41.930257 2020] [core:crit] [pid 32352:tid 140619240384256] (13)Permission denied: [client 203.133.169.112:46246] AH00529: /var/www/vhosts/saratogahistory.com/httpdocs/phpBB/.htaccess pcfg_openfile: unable to check htaccess file, ensure it is readable and that '/var/www/vhosts/saratogahistory.com/httpdocs/phpBB/' is executable
[Wed Sep 02 00:40:46.960352 2020] [core:crit] [pid 32352:tid 140619355772672] (13)Permission denied: [client 203.133.169.112:46390] AH00529: /var/www/vhosts/saratogahistory.com/httpdocs/phpBB/.htaccess pcfg_openfile: unable to check htaccess file, ensure it is readable and that '/var/www/vhosts/saratogahistory.com/httpdocs/phpBB/' is executable
[Wed Sep 02 00:40:51.851372 2020] [core:crit] [pid 6888:tid 140619135485696] (13)Permission denied: [client 203.133.169.112:46568] AH00529: /var/www/vhosts/saratogahistory.com/httpdocs/phpBB/.htaccess pcfg_openfile: unable to check htaccess file, ensure it is readable and that '/var/www/vhosts/saratogahistory.com/httpdocs/phpBB/' is executable
[Wed Sep 02 00:40:56.864429 2020] [core:crit] [pid 6888:tid 140619376752384] (13)Permission denied: [client 203.133.169.112:46764] AH00529: /var/www/vhosts/saratogahistory.com/httpdocs/phpBB/.htaccess pcfg_openfile: unable to check htaccess file, ensure it is readable and that '/var/www/vhosts/saratogahistory.com/httpdocs/phpBB/' is executable
[Wed Sep 02 00:41:01.842913 2020] [core:crit] [pid 32352:tid 140619208914688] (13)Permission denied: [client 203.133.169.112:46978] AH00529: /var/www/vhosts/saratogahistory.com/httpdocs/phpBB/.htaccess pcfg_openfile: unable to check htaccess file, ensure it is readable and that '/var/www/vhosts/saratogahistory.com/httpdocs/phpBB/' is executable
[Wed Sep 02 00:41:07.025611 2020] [core:crit] [pid 32352:tid 140619250874112] (13)Permission denied: [client 203.133.169.112:47154] AH00529: /var/www/vhosts/saratogahistory.com/httpdocs/phpBB/.htaccess pcfg_openfile: unable to check htaccess file, ensure it is readable and that '/var/www/vhosts/saratogahistory.com/httpdocs/phpBB/' is executable
[Wed Sep 02 00:41:12.008758 2020] [core:crit] [pid 6888:tid 140619292833536] (13)Permission denied: [client 203.133.169.112:47354] AH00529: /var/www/vhosts/saratogahistory.com/httpdocs/phpBB/.htaccess pcfg_openfile: unable to check htaccess file, ensure it is readable and that '/var/www/vhosts/saratogahistory.com/httpdocs/phpBB/' is executable
[Wed Sep 02 00:41:16.918207 2020] [core:crit] [pid 6888:tid 140619334792960] (13)Permission denied: [client 203.133.169.112:47560] AH00529: /var/www/vhosts/saratogahistory.com/httpdocs/phpBB/.htaccess pcfg_openfile: unable to check htaccess file, ensure it is readable and that '/var/www/vhosts/saratogahistory.com/httpdocs/phpBB/' is executable
[Wed Sep 02 00:41:21.960421 2020] [core:crit] [pid 6888:tid 140619313813248] (13)Permission denied: [client 203.133.169.112:47756] AH00529: /var/www/vhosts/saratogahistory.com/httpdocs/phpBB/.htaccess pcfg_openfile: unable to check htaccess file, ensure it is readable and that '/var/www/vhosts/saratogahistory.com/httpdocs/phpBB/' is executable
[Wed Sep 02 00:41:26.864046 2020] [core:crit] [pid 6888:tid 140619303323392] (13)Permission denied: [client 203.133.169.112:47882] AH00529: /var/www/vhosts/saratogahistory.com/httpdocs/phpBB/.htaccess pcfg_openfile: unable to check htaccess file, ensure it is readable and that '/var/www/vhosts/saratogahistory.com/httpdocs/phpBB/' is executable
[Wed Sep 02 00:41:31.859298 2020] [core:crit] [pid 6888:tid 140619198424832] (13)Permission denied: [client 203.133.169.112:48042] AH00529: /var/www/vhosts/saratogahistory.com/httpdocs/phpBB/.htaccess pcfg_openfile: unable to check htaccess file, ensure it is readable and that '/var/www/vhosts/saratogahistory.com/httpdocs/phpBB/' is executable
[Wed Sep 02 00:41:36.744999 2020] [core:crit] [pid 6888:tid 140619345282816] (13)Permission denied: [client 203.133.169.112:48170] AH00529: /var/www/vhosts/saratogahistory.com/httpdocs/phpBB/.htaccess pcfg_openfile: unable to check htaccess file, ensure it is readable and that '/var/www/vhosts/saratogahistory.com/httpdocs/phpBB/' is executable
[Wed Sep 02 00:41:41.662772 2020] [core:crit] [pid 6888:tid 140619366262528] (13)Permission denied: [client 203.133.169.112:48306] AH00529: /var/www/vhosts/saratogahistory.com/httpdocs/phpBB/.htaccess pcfg_openfile: unable to check htaccess file, ensure it is readable and that '/var/www/vhosts/saratogahistory.com/httpdocs/phpBB/' is executable
[Wed Sep 02 00:41:46.558942 2020] [core:crit] [pid 32325:tid 140619187934976] (13)Permission denied: [client 203.133.169.112:48548] AH00529: /var/www/vhosts/saratogahistory.com/httpdocs/phpBB/.htaccess pcfg_openfile: unable to check htaccess file, ensure it is readable and that '/var/www/vhosts/saratogahistory.com/httpdocs/phpBB/' is executable
[Wed Sep 02 00:41:51.558363 2020] [core:crit] [pid 32325:tid 140619229894400] (13)Permission denied: [client 203.133.169.112:48754] AH00529: /var/www/vhosts/saratogahistory.com/httpdocs/phpBB/.htaccess pcfg_openfile: unable to check htaccess file, ensure it is readable and that '/var/www/vhosts/saratogahistory.com/httpdocs/phpBB/' is executable
[Wed Sep 02 00:41:56.452330 2020] [core:crit] [pid 32352:tid 140619229894400] (13)Permission denied: [client 203.133.169.112:48916] AH00529: /var/www/vhosts/saratogahistory.com/httpdocs/phpBB/.htaccess pcfg_openfile: unable to check htaccess file, ensure it is readable and that '/var/www/vhosts/saratogahistory.com/httpdocs/phpBB/' is executable
[Wed Sep 02 00:42:01.446275 2020] [core:crit] [pid 6888:tid 140619324303104] (13)Permission denied: [client 203.133.169.112:49124] AH00529: /var/www/vhosts/saratogahistory.com/httpdocs/phpBB/.htaccess pcfg_openfile: unable to check htaccess file, ensure it is readable and that '/var/www/vhosts/saratogahistory.com/httpdocs/phpBB/' is executable
[Wed Sep 02 00:42:06.449621 2020] [core:crit] [pid 6888:tid 140619250874112] (13)Permission denied: [client 203.133.169.112:49320] AH00529: /var/www/vhosts/saratogahistory.com/httpdocs/phpBB/.htaccess pcfg_openfile: unable to check htaccess file, ensure it is readable and that '/var/www/vhosts/saratogahistory.com/httpdocs/phpBB/' is executable
[Wed Sep 02 00:42:11.437895 2020] [core:crit] [pid 6888:tid 140619208914688] (13)Permission denied: [client 203.133.169.112:49530] AH00529: /var/www/vhosts/saratogahistory.com/httpdocs/phpBB/.htaccess pcfg_openfile: unable to check htaccess file, ensure it is readable and that '/var/www/vhosts/saratogahistory.com/httpdocs/phpBB/' is executable
[Wed Sep 02 00:42:16.612292 2020] [core:crit] [pid 32322:tid 140619366262528] (13)Permission denied: [client 203.133.169.112:49812] AH00529: /var/www/vhosts/saratogahistory.com/httpdocs/phpBB/.htaccess pcfg_openfile: unable to check htaccess file, ensure it is readable and that '/var/www/vhosts/saratogahistory.com/httpdocs/phpBB/' is executable
[Wed Sep 02 00:42:21.489715 2020] [core:crit] [pid 32325:tid 140619177445120] (13)Permission denied: [client 203.133.169.112:50008] AH00529: /var/www/vhosts/saratogahistory.com/httpdocs/phpBB/.htaccess pcfg_openfile: unable to check htaccess file, ensure it is readable and that '/var/www/vhosts/saratogahistory.com/httpdocs/phpBB/' is executable
[Wed Sep 02 00:42:26.385427 2020] [core:crit] [pid 6888:tid 140619282343680] (13)Permission denied: [client 203.133.169.112:50236] AH00529: /var/www/vhosts/saratogahistory.com/httpdocs/phpBB/.htaccess pcfg_openfile: unable to check htaccess file, ensure it is readable and that '/var/www/vhosts/saratogahistory.com/httpdocs/phpBB/' is executable
[Wed Sep 02 00:42:31.278241 2020] [core:crit] [pid 6888:tid 140619187934976] (13)Permission denied: [client 203.133.169.112:50476] AH00529: /var/www/vhosts/saratogahistory.com/httpdocs/phpBB/.htaccess pcfg_openfile: unable to check htaccess file, ensure it is readable and that '/var/www/vhosts/saratogahistory.com/httpdocs/phpBB/' is executable
[Wed Sep 02 00:42:36.279230 2020] [core:crit] [pid 6888:tid 140619229894400] (13)Permission denied: [client 203.133.169.112:50688] AH00529: /var/www/vhosts/saratogahistory.com/httpdocs/phpBB/.htaccess pcfg_openfile: unable to check htaccess file, ensure it is readable and that '/var/www/vhosts/saratogahistory.com/httpdocs/phpBB/' is executable
[Wed Sep 02 00:42:41.165744 2020] [core:crit] [pid 6888:tid 140619240384256] (13)Permission denied: [client 203.133.169.112:50900] AH00529: /var/www/vhosts/saratogahistory.com/httpdocs/phpBB/.htaccess pcfg_openfile: unable to check htaccess file, ensure it is readable and that '/var/www/vhosts/saratogahistory.com/httpdocs/phpBB/' is executable
[Wed Sep 02 00:42:46.043783 2020] [core:crit] [pid 32325:tid 140619156465408] (13)Permission denied: [client 203.133.169.112:51206] AH00529: /var/www/vhosts/saratogahistory.com/httpdocs/phpBB/.htaccess pcfg_openfile: unable to check htaccess file, ensure it is readable and that '/var/www/vhosts/saratogahistory.com/httpdocs/phpBB/' is executable
[Wed Sep 02 01:03:37.328080 2020] [core:crit] [pid 6888:tid 140619198424832] (13)Permission denied: [client 185.25.35.15:48510] AH00529: /var/www/vhosts/saratogahistory.com/httpdocs/phpBB/.htaccess pcfg_openfile: unable to check htaccess file, ensure it is readable and that '/var/www/vhosts/saratogahistory.com/httpdocs/phpBB/' is executable
[Wed Sep 02 01:06:39.605854 2020] [autoindex:error] [pid 6888:tid 140619282343680] [client 94.130.66.99:57376] AH01276: Cannot serve directory /var/www/vhosts/saratogahistory.com/httpdocs/grandview/: No matching DirectoryIndex (index.html,index.cgi,index.pl,index.php,index.xhtml,index.htm,index.shtml) found, and server-generated directory index forbidden by Options directive
[Wed Sep 02 01:14:52.906464 2020] [core:crit] [pid 6888:tid 140619271853824] (13)Permission denied: [client 185.25.35.9:50474] AH00529: /var/www/vhosts/saratogahistory.com/httpdocs/phpBB/.htaccess pcfg_openfile: unable to check htaccess file, ensure it is readable and that '/var/www/vhosts/saratogahistory.com/httpdocs/phpBB/' is executable
[Wed Sep 02 01:37:40.357177 2020] [core:crit] [pid 6888:tid 140619261363968] (13)Permission denied: [client 51.83.139.55:50204] AH00529: /var/www/vhosts/saratogahistory.com/httpdocs/phpBB/.htaccess pcfg_openfile: unable to check htaccess file, ensure it is readable and that '/var/www/vhosts/saratogahistory.com/httpdocs/phpBB/' is executable, referer: http://www.saratogahistory.com/phpBB/index.php
[Wed Sep 02 01:44:04.910792 2020] [core:crit] [pid 6888:tid 140619334792960] (13)Permission denied: [client 107.189.11.163:44014] AH00529: /var/www/vhosts/saratogahistory.com/httpdocs/phpBB/.htaccess pcfg_openfile: unable to check htaccess file, ensure it is readable and that '/var/www/vhosts/saratogahistory.com/httpdocs/phpBB/' is executable, referer: http://www.saratogahistory.com/phpBB/index.php
[Wed Sep 02 02:20:57.137419 2020] [core:crit] [pid 32352:tid 140619324303104] (13)Permission denied: [client 98.190.102.62:51494] AH00529: /var/www/vhosts/saratogahistory.com/httpdocs/phpBB/.htaccess pcfg_openfile: unable to check htaccess file, ensure it is readable and that '/var/www/vhosts/saratogahistory.com/httpdocs/phpBB/' is executable, referer: http://www.saratogahistory.com/phpBB/index.php
[Wed Sep 02 02:40:08.616991 2020] [core:crit] [pid 6888:tid 140619271853824] (13)Permission denied: [client 185.220.101.215:42276] AH00529: /var/www/vhosts/saratogahistory.com/httpdocs/phpBB/.htaccess pcfg_openfile: unable to check htaccess file, ensure it is readable and that '/var/www/vhosts/saratogahistory.com/httpdocs/phpBB/' is executable, referer: http://www.saratogahistory.com/phpBB/index.php
[Wed Sep 02 02:40:11.789104 2020] [core:crit] [pid 32352:tid 140619324303104] (13)Permission denied: [client 95.111.240.199:42390] AH00529: /var/www/vhosts/saratogahistory.com/httpdocs/phpBB/.htaccess pcfg_openfile: unable to check htaccess file, ensure it is readable and that '/var/www/vhosts/saratogahistory.com/httpdocs/phpBB/' is executable, referer: http://www.saratogahistory.com/phpBB/index.php
[Wed Sep 02 02:40:12.606917 2020] [proxy_fcgi:error] [pid 32325:tid 140619345282816] [client 95.111.240.199:42452] AH01071: Got error 'Primary script unknown\n', referer: http://www.saratogahistory.com/index.php
[Wed Sep 02 02:40:12.840221 2020] [proxy_fcgi:error] [pid 32352:tid 140619240384256] [client 95.111.240.199:42458] AH01071: Got error 'Primary script unknown\n', referer: http://www.saratogahistory.com/index.php
[Wed Sep 02 02:40:13.062954 2020] [proxy_fcgi:error] [pid 6888:tid 140619198424832] [client 95.111.240.199:42468] AH01071: Got error 'Primary script unknown\n', referer: http://www.saratogahistory.com/index.php
[Wed Sep 02 02:53:30.959480 2020] [core:crit] [pid 6888:tid 140619145975552] (13)Permission denied: [client 66.249.65.223:45032] AH00529: /var/www/vhosts/saratogahistory.com/httpdocs/phpBB/.htaccess pcfg_openfile: unable to check htaccess file, ensure it is readable and that '/var/www/vhosts/saratogahistory.com/httpdocs/phpBB/' is executable
[Wed Sep 02 03:37:08.792702 2020] [core:crit] [pid 32352:tid 140619177445120] (13)Permission denied: [client 51.15.117.50:36470] AH00529: /var/www/vhosts/saratogahistory.com/httpdocs/phpBB/.htaccess pcfg_openfile: unable to check htaccess file, ensure it is readable and that '/var/www/vhosts/saratogahistory.com/httpdocs/phpBB/' is executable, referer: http://www.saratogahistory.com/phpBB/index.php
[Wed Sep 02 04:00:18.403439 2020] [core:crit] [pid 6888:tid 140619187934976] (13)Permission denied: [client 203.133.169.112:36034] AH00529: /var/www/vhosts/saratogahistory.com/httpdocs/phpBB/.htaccess pcfg_openfile: unable to check htaccess file, ensure it is readable and that '/var/www/vhosts/saratogahistory.com/httpdocs/phpBB/' is executable
[Wed Sep 02 04:00:23.299573 2020] [core:crit] [pid 6888:tid 140619229894400] (13)Permission denied: [client 203.133.169.112:36172] AH00529: /var/www/vhosts/saratogahistory.com/httpdocs/phpBB/.htaccess pcfg_openfile: unable to check htaccess file, ensure it is readable and that '/var/www/vhosts/saratogahistory.com/httpdocs/phpBB/' is executable
[Wed Sep 02 04:00:28.171788 2020] [core:crit] [pid 32325:tid 140619240384256] (13)Permission denied: [client 203.133.169.112:36356] AH00529: /var/www/vhosts/saratogahistory.com/httpdocs/phpBB/.htaccess pcfg_openfile: unable to check htaccess file, ensure it is readable and that '/var/www/vhosts/saratogahistory.com/httpdocs/phpBB/' is executable
[Wed Sep 02 04:00:33.074006 2020] [core:crit] [pid 6888:tid 140619240384256] (13)Permission denied: [client 203.133.169.112:36552] AH00529: /var/www/vhosts/saratogahistory.com/httpdocs/phpBB/.htaccess pcfg_openfile: unable to check htaccess file, ensure it is readable and that '/var/www/vhosts/saratogahistory.com/httpdocs/phpBB/' is executable
[Wed Sep 02 04:00:37.959545 2020] [core:crit] [pid 32352:tid 140619156465408] (13)Permission denied: [client 203.133.169.112:36758] AH00529: /var/www/vhosts/saratogahistory.com/httpdocs/phpBB/.htaccess pcfg_openfile: unable to check htaccess file, ensure it is readable and that '/var/www/vhosts/saratogahistory.com/httpdocs/phpBB/' is executable
[Wed Sep 02 04:00:42.952203 2020] [core:crit] [pid 32352:tid 140619292833536] (13)Permission denied: [client 203.133.169.112:36966] AH00529: /var/www/vhosts/saratogahistory.com/httpdocs/phpBB/.htaccess pcfg_openfile: unable to check htaccess file, ensure it is readable and that '/var/www/vhosts/saratogahistory.com/httpdocs/phpBB/' is executable
[Wed Sep 02 04:00:47.973084 2020] [core:crit] [pid 6888:tid 140619261363968] (13)Permission denied: [client 203.133.169.112:37166] AH00529: /var/www/vhosts/saratogahistory.com/httpdocs/phpBB/.htaccess pcfg_openfile: unable to check htaccess file, ensure it is readable and that '/var/www/vhosts/saratogahistory.com/httpdocs/phpBB/' is executable
[Wed Sep 02 04:00:53.114829 2020] [core:crit] [pid 6888:tid 140619219404544] (13)Permission denied: [client 203.133.169.112:37428] AH00529: /var/www/vhosts/saratogahistory.com/httpdocs/phpBB/.htaccess pcfg_openfile: unable to check htaccess file, ensure it is readable and that '/var/www/vhosts/saratogahistory.com/httpdocs/phpBB/' is executable
[Wed Sep 02 04:00:58.003893 2020] [core:crit] [pid 6888:tid 140619355772672] (13)Permission denied: [client 203.133.169.112:37716] AH00529: /var/www/vhosts/saratogahistory.com/httpdocs/phpBB/.htaccess pcfg_openfile: unable to check htaccess file, ensure it is readable and that '/var/www/vhosts/saratogahistory.com/httpdocs/phpBB/' is executable
[Wed Sep 02 04:01:02.901280 2020] [core:crit] [pid 32325:tid 140619271853824] (13)Permission denied: [client 203.133.169.112:37976] AH00529: /var/www/vhosts/saratogahistory.com/httpdocs/phpBB/.htaccess pcfg_openfile: unable to check htaccess file, ensure it is readable and that '/var/www/vhosts/saratogahistory.com/httpdocs/phpBB/' is executable
[Wed Sep 02 04:01:07.919182 2020] [core:crit] [pid 32352:tid 140619124995840] (13)Permission denied: [client 203.133.169.112:38244] AH00529: /var/www/vhosts/saratogahistory.com/httpdocs/phpBB/.htaccess pcfg_openfile: unable to check htaccess file, ensure it is readable and that '/var/www/vhosts/saratogahistory.com/httpdocs/phpBB/' is executable
[Wed Sep 02 04:01:12.822935 2020] [core:crit] [pid 6888:tid 140619145975552] (13)Permission denied: [client 203.133.169.112:38472] AH00529: /var/www/vhosts/saratogahistory.com/httpdocs/phpBB/.htaccess pcfg_openfile: unable to check htaccess file, ensure it is readable and that '/var/www/vhosts/saratogahistory.com/httpdocs/phpBB/' is executable
[Wed Sep 02 04:01:17.726468 2020] [core:crit] [pid 6888:tid 140619166955264] (13)Permission denied: [client 203.133.169.112:38694] AH00529: /var/www/vhosts/saratogahistory.com/httpdocs/phpBB/.htaccess pcfg_openfile: unable to check htaccess file, ensure it is readable and that '/var/www/vhosts/saratogahistory.com/httpdocs/phpBB/' is executable
[Wed Sep 02 04:01:22.751300 2020] [core:crit] [pid 32325:tid 140619345282816] (13)Permission denied: [client 203.133.169.112:38944] AH00529: /var/www/vhosts/saratogahistory.com/httpdocs/phpBB/.htaccess pcfg_openfile: unable to check htaccess file, ensure it is readable and that '/var/www/vhosts/saratogahistory.com/httpdocs/phpBB/' is executable
[Wed Sep 02 04:01:28.950270 2020] [core:crit] [pid 32352:tid 140619313813248] (13)Permission denied: [client 203.133.169.112:39204] AH00529: /var/www/vhosts/saratogahistory.com/httpdocs/phpBB/.htaccess pcfg_openfile: unable to check htaccess file, ensure it is readable and that '/var/www/vhosts/saratogahistory.com/httpdocs/phpBB/' is executable
[Wed Sep 02 04:01:33.953580 2020] [core:crit] [pid 6888:tid 140619124995840] (13)Permission denied: [client 203.133.169.112:39376] AH00529: /var/www/vhosts/saratogahistory.com/httpdocs/phpBB/.htaccess pcfg_openfile: unable to check htaccess file, ensure it is readable and that '/var/www/vhosts/saratogahistory.com/httpdocs/phpBB/' is executable
[Wed Sep 02 04:01:38.976748 2020] [core:crit] [pid 6888:tid 140619135485696] (13)Permission denied: [client 203.133.169.112:39542] AH00529: /var/www/vhosts/saratogahistory.com/httpdocs/phpBB/.htaccess pcfg_openfile: unable to check htaccess file, ensure it is readable and that '/var/www/vhosts/saratogahistory.com/httpdocs/phpBB/' is executable
[Wed Sep 02 04:01:43.989851 2020] [core:crit] [pid 6888:tid 140619376752384] (13)Permission denied: [client 203.133.169.112:39758] AH00529: /var/www/vhosts/saratogahistory.com/httpdocs/phpBB/.htaccess pcfg_openfile: unable to check htaccess file, ensure it is readable and that '/var/www/vhosts/saratogahistory.com/httpdocs/phpBB/' is executable
[Wed Sep 02 04:01:49.013060 2020] [core:crit] [pid 6888:tid 140619292833536] (13)Permission denied: [client 203.133.169.112:39986] AH00529: /var/www/vhosts/saratogahistory.com/httpdocs/phpBB/.htaccess pcfg_openfile: unable to check htaccess file, ensure it is readable and that '/var/www/vhosts/saratogahistory.com/httpdocs/phpBB/' is executable
[Wed Sep 02 04:01:53.927384 2020] [core:crit] [pid 32352:tid 140619324303104] (13)Permission denied: [client 203.133.169.112:40166] AH00529: /var/www/vhosts/saratogahistory.com/httpdocs/phpBB/.htaccess pcfg_openfile: unable to check htaccess file, ensure it is readable and that '/var/www/vhosts/saratogahistory.com/httpdocs/phpBB/' is executable
[Wed Sep 02 04:01:59.499733 2020] [core:crit] [pid 6888:tid 140619334792960] (13)Permission denied: [client 203.133.169.112:40366] AH00529: /var/www/vhosts/saratogahistory.com/httpdocs/phpBB/.htaccess pcfg_openfile: unable to check htaccess file, ensure it is readable and that '/var/www/vhosts/saratogahistory.com/httpdocs/phpBB/' is executable
[Wed Sep 02 04:02:05.503244 2020] [core:crit] [pid 6888:tid 140619271853824] (13)Permission denied: [client 203.133.169.112:40560] AH00529: /var/www/vhosts/saratogahistory.com/httpdocs/phpBB/.htaccess pcfg_openfile: unable to check htaccess file, ensure it is readable and that '/var/www/vhosts/saratogahistory.com/httpdocs/phpBB/' is executable
[Wed Sep 02 04:02:10.527647 2020] [core:crit] [pid 6888:tid 140619313813248] (13)Permission denied: [client 203.133.169.112:40792] AH00529: /var/www/vhosts/saratogahistory.com/httpdocs/phpBB/.htaccess pcfg_openfile: unable to check htaccess file, ensure it is readable and that '/var/www/vhosts/saratogahistory.com/httpdocs/phpBB/' is executable
[Wed Sep 02 04:02:15.555367 2020] [core:crit] [pid 32325:tid 140619334792960] (13)Permission denied: [client 203.133.169.112:40986] AH00529: /var/www/vhosts/saratogahistory.com/httpdocs/phpBB/.htaccess pcfg_openfile: unable to check htaccess file, ensure it is readable and that '/var/www/vhosts/saratogahistory.com/httpdocs/phpBB/' is executable
[Wed Sep 02 04:02:20.444346 2020] [core:crit] [pid 32325:tid 140619366262528] (13)Permission denied: [client 203.133.169.112:41154] AH00529: /var/www/vhosts/saratogahistory.com/httpdocs/phpBB/.htaccess pcfg_openfile: unable to check htaccess file, ensure it is readable and that '/var/www/vhosts/saratogahistory.com/httpdocs/phpBB/' is executable
[Wed Sep 02 04:02:25.446167 2020] [core:crit] [pid 6888:tid 140619303323392] (13)Permission denied: [client 203.133.169.112:41340] AH00529: /var/www/vhosts/saratogahistory.com/httpdocs/phpBB/.htaccess pcfg_openfile: unable to check htaccess file, ensure it is readable and that '/var/www/vhosts/saratogahistory.com/httpdocs/phpBB/' is executable
[Wed Sep 02 04:02:30.734931 2020] [core:crit] [pid 32352:tid 140619261363968] (13)Permission denied: [client 203.133.169.112:41548] AH00529: /var/www/vhosts/saratogahistory.com/httpdocs/phpBB/.htaccess pcfg_openfile: unable to check htaccess file, ensure it is readable and that '/var/www/vhosts/saratogahistory.com/httpdocs/phpBB/' is executable
[Wed Sep 02 04:02:35.757548 2020] [core:crit] [pid 6888:tid 140619198424832] (13)Permission denied: [client 203.133.169.112:41748] AH00529: /var/www/vhosts/saratogahistory.com/httpdocs/phpBB/.htaccess pcfg_openfile: unable to check htaccess file, ensure it is readable and that '/var/www/vhosts/saratogahistory.com/httpdocs/phpBB/' is executable
[Wed Sep 02 04:02:40.650883 2020] [core:crit] [pid 6888:tid 140619345282816] (13)Permission denied: [client 203.133.169.112:41894] AH00529: /var/www/vhosts/saratogahistory.com/httpdocs/phpBB/.htaccess pcfg_openfile: unable to check htaccess file, ensure it is readable and that '/var/www/vhosts/saratogahistory.com/httpdocs/phpBB/' is executable
[Wed Sep 02 04:02:45.539810 2020] [core:crit] [pid 6888:tid 140619366262528] (13)Permission denied: [client 203.133.169.112:42134] AH00529: /var/www/vhosts/saratogahistory.com/httpdocs/phpBB/.htaccess pcfg_openfile: unable to check htaccess file, ensure it is readable and that '/var/www/vhosts/saratogahistory.com/httpdocs/phpBB/' is executable
[Wed Sep 02 04:02:50.558965 2020] [core:crit] [pid 6888:tid 140619324303104] (13)Permission denied: [client 203.133.169.112:42394] AH00529: /var/www/vhosts/saratogahistory.com/httpdocs/phpBB/.htaccess pcfg_openfile: unable to check htaccess file, ensure it is readable and that '/var/www/vhosts/saratogahistory.com/httpdocs/phpBB/' is executable
[Wed Sep 02 04:02:55.556638 2020] [core:crit] [pid 6888:tid 140619250874112] (13)Permission denied: [client 203.133.169.112:42664] AH00529: /var/www/vhosts/saratogahistory.com/httpdocs/phpBB/.htaccess pcfg_openfile: unable to check htaccess file, ensure it is readable and that '/var/www/vhosts/saratogahistory.com/httpdocs/phpBB/' is executable
[Wed Sep 02 04:03:00.435013 2020] [core:crit] [pid 32352:tid 140619240384256] (13)Permission denied: [client 203.133.169.112:42870] AH00529: /var/www/vhosts/saratogahistory.com/httpdocs/phpBB/.htaccess pcfg_openfile: unable to check htaccess file, ensure it is readable and that '/var/www/vhosts/saratogahistory.com/httpdocs/phpBB/' is executable
[Wed Sep 02 04:03:05.518689 2020] [core:crit] [pid 6888:tid 140619208914688] (13)Permission denied: [client 203.133.169.112:43056] AH00529: /var/www/vhosts/saratogahistory.com/httpdocs/phpBB/.htaccess pcfg_openfile: unable to check htaccess file, ensure it is readable and that '/var/www/vhosts/saratogahistory.com/httpdocs/phpBB/' is executable
[Wed Sep 02 04:03:10.523767 2020] [core:crit] [pid 32325:tid 140619208914688] (13)Permission denied: [client 203.133.169.112:43266] AH00529: /var/www/vhosts/saratogahistory.com/httpdocs/phpBB/.htaccess pcfg_openfile: unable to check htaccess file, ensure it is readable and that '/var/www/vhosts/saratogahistory.com/httpdocs/phpBB/' is executable
[Wed Sep 02 04:03:15.537378 2020] [core:crit] [pid 6888:tid 140619282343680] (13)Permission denied: [client 203.133.169.112:43426] AH00529: /var/www/vhosts/saratogahistory.com/httpdocs/phpBB/.htaccess pcfg_openfile: unable to check htaccess file, ensure it is readable and that '/var/www/vhosts/saratogahistory.com/httpdocs/phpBB/' is executable
[Wed Sep 02 04:03:20.418752 2020] [core:crit] [pid 32352:tid 140619250874112] (13)Permission denied: [client 203.133.169.112:43596] AH00529: /var/www/vhosts/saratogahistory.com/httpdocs/phpBB/.htaccess pcfg_openfile: unable to check htaccess file, ensure it is readable and that '/var/www/vhosts/saratogahistory.com/httpdocs/phpBB/' is executable
[Wed Sep 02 04:03:25.423346 2020] [core:crit] [pid 32352:tid 140619334792960] (13)Permission denied: [client 203.133.169.112:43760] AH00529: /var/www/vhosts/saratogahistory.com/httpdocs/phpBB/.htaccess pcfg_openfile: unable to check htaccess file, ensure it is readable and that '/var/www/vhosts/saratogahistory.com/httpdocs/phpBB/' is executable
[Wed Sep 02 04:03:30.442987 2020] [core:crit] [pid 32352:tid 140619366262528] (13)Permission denied: [client 203.133.169.112:43916] AH00529: /var/www/vhosts/saratogahistory.com/httpdocs/phpBB/.htaccess pcfg_openfile: unable to check htaccess file, ensure it is readable and that '/var/www/vhosts/saratogahistory.com/httpdocs/phpBB/' is executable
[Wed Sep 02 04:03:35.480179 2020] [core:crit] [pid 6888:tid 140619187934976] (13)Permission denied: [client 203.133.169.112:44024] AH00529: /var/www/vhosts/saratogahistory.com/httpdocs/phpBB/.htaccess pcfg_openfile: unable to check htaccess file, ensure it is readable and that '/var/www/vhosts/saratogahistory.com/httpdocs/phpBB/' is executable
[Wed Sep 02 04:03:40.739352 2020] [core:crit] [pid 32322:tid 140619240384256] (13)Permission denied: [client 203.133.169.112:44218] AH00529: /var/www/vhosts/saratogahistory.com/httpdocs/phpBB/.htaccess pcfg_openfile: unable to check htaccess file, ensure it is readable and that '/var/www/vhosts/saratogahistory.com/httpdocs/phpBB/' is executable
[Wed Sep 02 04:03:45.660706 2020] [core:crit] [pid 32325:tid 140619376752384] (13)Permission denied: [client 203.133.169.112:44456] AH00529: /var/www/vhosts/saratogahistory.com/httpdocs/phpBB/.htaccess pcfg_openfile: unable to check htaccess file, ensure it is readable and that '/var/www/vhosts/saratogahistory.com/httpdocs/phpBB/' is executable
[Wed Sep 02 04:03:50.562501 2020] [core:crit] [pid 6888:tid 140619229894400] (13)Permission denied: [client 203.133.169.112:44718] AH00529: /var/www/vhosts/saratogahistory.com/httpdocs/phpBB/.htaccess pcfg_openfile: unable to check htaccess file, ensure it is readable and that '/var/www/vhosts/saratogahistory.com/httpdocs/phpBB/' is executable
[Wed Sep 02 04:03:55.558829 2020] [core:crit] [pid 6888:tid 140619240384256] (13)Permission denied: [client 203.133.169.112:44890] AH00529: /var/www/vhosts/saratogahistory.com/httpdocs/phpBB/.htaccess pcfg_openfile: unable to check htaccess file, ensure it is readable and that '/var/www/vhosts/saratogahistory.com/httpdocs/phpBB/' is executable
[Wed Sep 02 04:04:00.457447 2020] [core:crit] [pid 32352:tid 140619229894400] (13)Permission denied: [client 203.133.169.112:45028] AH00529: /var/www/vhosts/saratogahistory.com/httpdocs/phpBB/.htaccess pcfg_openfile: unable to check htaccess file, ensure it is readable and that '/var/www/vhosts/saratogahistory.com/httpdocs/phpBB/' is executable
[Wed Sep 02 04:04:05.370605 2020] [core:crit] [pid 32352:tid 140619376752384] (13)Permission denied: [client 203.133.169.112:45266] AH00529: /var/www/vhosts/saratogahistory.com/httpdocs/phpBB/.htaccess pcfg_openfile: unable to check htaccess file, ensure it is readable and that '/var/www/vhosts/saratogahistory.com/httpdocs/phpBB/' is executable
[Wed Sep 02 04:04:10.253421 2020] [core:crit] [pid 6888:tid 140619261363968] (13)Permission denied: [client 203.133.169.112:45458] AH00529: /var/www/vhosts/saratogahistory.com/httpdocs/phpBB/.htaccess pcfg_openfile: unable to check htaccess file, ensure it is readable and that '/var/www/vhosts/saratogahistory.com/httpdocs/phpBB/' is executable
[Wed Sep 02 04:04:15.165570 2020] [core:crit] [pid 32352:tid 140619187934976] (13)Permission denied: [client 203.133.169.112:45642] AH00529: /var/www/vhosts/saratogahistory.com/httpdocs/phpBB/.htaccess pcfg_openfile: unable to check htaccess file, ensure it is readable and that '/var/www/vhosts/saratogahistory.com/httpdocs/phpBB/' is executable
[Wed Sep 02 04:04:20.052649 2020] [core:crit] [pid 6888:tid 140619219404544] (13)Permission denied: [client 203.133.169.112:45796] AH00529: /var/www/vhosts/saratogahistory.com/httpdocs/phpBB/.htaccess pcfg_openfile: unable to check htaccess file, ensure it is readable and that '/var/www/vhosts/saratogahistory.com/httpdocs/phpBB/' is executable
[Wed Sep 02 04:04:25.078091 2020] [core:crit] [pid 6888:tid 140619355772672] (13)Permission denied: [client 203.133.169.112:45982] AH00529: /var/www/vhosts/saratogahistory.com/httpdocs/phpBB/.htaccess pcfg_openfile: unable to check htaccess file, ensure it is readable and that '/var/www/vhosts/saratogahistory.com/httpdocs/phpBB/' is executable
[Wed Sep 02 04:04:30.081232 2020] [core:crit] [pid 6888:tid 140619166955264] (13)Permission denied: [client 203.133.169.112:46148] AH00529: /var/www/vhosts/saratogahistory.com/httpdocs/phpBB/.htaccess pcfg_openfile: unable to check htaccess file, ensure it is readable and that '/var/www/vhosts/saratogahistory.com/httpdocs/phpBB/' is executable
[Wed Sep 02 04:04:34.963303 2020] [core:crit] [pid 6888:tid 140619177445120] (13)Permission denied: [client 203.133.169.112:46348] AH00529: /var/www/vhosts/saratogahistory.com/httpdocs/phpBB/.htaccess pcfg_openfile: unable to check htaccess file, ensure it is readable and that '/var/www/vhosts/saratogahistory.com/httpdocs/phpBB/' is executable
[Wed Sep 02 04:04:40.011836 2020] [core:crit] [pid 6888:tid 140619156465408] (13)Permission denied: [client 203.133.169.112:46488] AH00529: /var/www/vhosts/saratogahistory.com/httpdocs/phpBB/.htaccess pcfg_openfile: unable to check htaccess file, ensure it is readable and that '/var/www/vhosts/saratogahistory.com/httpdocs/phpBB/' is executable
[Wed Sep 02 04:04:45.021300 2020] [core:crit] [pid 32352:tid 140619219404544] (13)Permission denied: [client 203.133.169.112:46664] AH00529: /var/www/vhosts/saratogahistory.com/httpdocs/phpBB/.htaccess pcfg_openfile: unable to check htaccess file, ensure it is readable and that '/var/www/vhosts/saratogahistory.com/httpdocs/phpBB/' is executable
[Wed Sep 02 04:04:50.074046 2020] [core:crit] [pid 32325:tid 140619355772672] (13)Permission denied: [client 203.133.169.112:46860] AH00529: /var/www/vhosts/saratogahistory.com/httpdocs/phpBB/.htaccess pcfg_openfile: unable to check htaccess file, ensure it is readable and that '/var/www/vhosts/saratogahistory.com/httpdocs/phpBB/' is executable
[Wed Sep 02 04:04:54.996528 2020] [core:crit] [pid 6888:tid 140619124995840] (13)Permission denied: [client 203.133.169.112:47108] AH00529: /var/www/vhosts/saratogahistory.com/httpdocs/phpBB/.htaccess pcfg_openfile: unable to check htaccess file, ensure it is readable and that '/var/www/vhosts/saratogahistory.com/httpdocs/phpBB/' is executable
[Wed Sep 02 04:04:59.894572 2020] [core:crit] [pid 32325:tid 140619198424832] (13)Permission denied: [client 203.133.169.112:47284] AH00529: /var/www/vhosts/saratogahistory.com/httpdocs/phpBB/.htaccess pcfg_openfile: unable to check htaccess file, ensure it is readable and that '/var/www/vhosts/saratogahistory.com/httpdocs/phpBB/' is executable
[Wed Sep 02 04:05:04.789496 2020] [core:crit] [pid 6888:tid 140619135485696] (13)Permission denied: [client 203.133.169.112:47662] AH00529: /var/www/vhosts/saratogahistory.com/httpdocs/phpBB/.htaccess pcfg_openfile: unable to check htaccess file, ensure it is readable and that '/var/www/vhosts/saratogahistory.com/httpdocs/phpBB/' is executable
[Wed Sep 02 04:05:09.774023 2020] [core:crit] [pid 32352:tid 140619345282816] (13)Permission denied: [client 203.133.169.112:47940] AH00529: /var/www/vhosts/saratogahistory.com/httpdocs/phpBB/.htaccess pcfg_openfile: unable to check htaccess file, ensure it is readable and that '/var/www/vhosts/saratogahistory.com/httpdocs/phpBB/' is executable
[Wed Sep 02 04:05:14.664178 2020] [core:crit] [pid 32325:tid 140619219404544] (13)Permission denied: [client 203.133.169.112:48092] AH00529: /var/www/vhosts/saratogahistory.com/httpdocs/phpBB/.htaccess pcfg_openfile: unable to check htaccess file, ensure it is readable and that '/var/www/vhosts/saratogahistory.com/httpdocs/phpBB/' is executable
[Wed Sep 02 04:05:19.553934 2020] [core:crit] [pid 6888:tid 140619376752384] (13)Permission denied: [client 203.133.169.112:48286] AH00529: /var/www/vhosts/saratogahistory.com/httpdocs/phpBB/.htaccess pcfg_openfile: unable to check htaccess file, ensure it is readable and that '/var/www/vhosts/saratogahistory.com/httpdocs/phpBB/' is executable
[Wed Sep 02 04:05:25.216234 2020] [core:crit] [pid 32325:tid 140619187934976] (13)Permission denied: [client 203.133.169.112:48490] AH00529: /var/www/vhosts/saratogahistory.com/httpdocs/phpBB/.htaccess pcfg_openfile: unable to check htaccess file, ensure it is readable and that '/var/www/vhosts/saratogahistory.com/httpdocs/phpBB/' is executable
[Wed Sep 02 04:05:30.287648 2020] [core:crit] [pid 32352:tid 140619145975552] (13)Permission denied: [client 203.133.169.112:48622] AH00529: /var/www/vhosts/saratogahistory.com/httpdocs/phpBB/.htaccess pcfg_openfile: unable to check htaccess file, ensure it is readable and that '/var/www/vhosts/saratogahistory.com/httpdocs/phpBB/' is executable
[Wed Sep 02 04:05:35.192788 2020] [core:crit] [pid 6888:tid 140619292833536] (13)Permission denied: [client 203.133.169.112:48846] AH00529: /var/www/vhosts/saratogahistory.com/httpdocs/phpBB/.htaccess pcfg_openfile: unable to check htaccess file, ensure it is readable and that '/var/www/vhosts/saratogahistory.com/httpdocs/phpBB/' is executable
[Wed Sep 02 04:05:40.198748 2020] [core:crit] [pid 6888:tid 140619334792960] (13)Permission denied: [client 203.133.169.112:49058] AH00529: /var/www/vhosts/saratogahistory.com/httpdocs/phpBB/.htaccess pcfg_openfile: unable to check htaccess file, ensure it is readable and that '/var/www/vhosts/saratogahistory.com/httpdocs/phpBB/' is executable
[Wed Sep 02 04:05:45.199548 2020] [core:crit] [pid 32352:tid 140619177445120] (13)Permission denied: [client 203.133.169.112:49176] AH00529: /var/www/vhosts/saratogahistory.com/httpdocs/phpBB/.htaccess pcfg_openfile: unable to check htaccess file, ensure it is readable and that '/var/www/vhosts/saratogahistory.com/httpdocs/phpBB/' is executable
[Wed Sep 02 04:05:50.102066 2020] [core:crit] [pid 6888:tid 140619271853824] (13)Permission denied: [client 203.133.169.112:49278] AH00529: /var/www/vhosts/saratogahistory.com/httpdocs/phpBB/.htaccess pcfg_openfile: unable to check htaccess file, ensure it is readable and that '/var/www/vhosts/saratogahistory.com/httpdocs/phpBB/' is executable
[Wed Sep 02 04:05:55.095938 2020] [core:crit] [pid 6888:tid 140619303323392] (13)Permission denied: [client 203.133.169.112:49446] AH00529: /var/www/vhosts/saratogahistory.com/httpdocs/phpBB/.htaccess pcfg_openfile: unable to check htaccess file, ensure it is readable and that '/var/www/vhosts/saratogahistory.com/httpdocs/phpBB/' is executable
[Wed Sep 02 04:06:00.107258 2020] [core:crit] [pid 6888:tid 140619198424832] (13)Permission denied: [client 203.133.169.112:49632] AH00529: /var/www/vhosts/saratogahistory.com/httpdocs/phpBB/.htaccess pcfg_openfile: unable to check htaccess file, ensure it is readable and that '/var/www/vhosts/saratogahistory.com/httpdocs/phpBB/' is executable
[Wed Sep 02 04:06:05.127359 2020] [core:crit] [pid 6888:tid 140619345282816] (13)Permission denied: [client 203.133.169.112:49810] AH00529: /var/www/vhosts/saratogahistory.com/httpdocs/phpBB/.htaccess pcfg_openfile: unable to check htaccess file, ensure it is readable and that '/var/www/vhosts/saratogahistory.com/httpdocs/phpBB/' is executable
[Wed Sep 02 04:06:11.169785 2020] [core:crit] [pid 6888:tid 140619366262528] (13)Permission denied: [client 203.133.169.112:50048] AH00529: /var/www/vhosts/saratogahistory.com/httpdocs/phpBB/.htaccess pcfg_openfile: unable to check htaccess file, ensure it is readable and that '/var/www/vhosts/saratogahistory.com/httpdocs/phpBB/' is executable
[Wed Sep 02 04:06:16.174940 2020] [core:crit] [pid 6888:tid 140619324303104] (13)Permission denied: [client 203.133.169.112:50238] AH00529: /var/www/vhosts/saratogahistory.com/httpdocs/phpBB/.htaccess pcfg_openfile: unable to check htaccess file, ensure it is readable and that '/var/www/vhosts/saratogahistory.com/httpdocs/phpBB/' is executable
[Wed Sep 02 04:06:21.123608 2020] [core:crit] [pid 6888:tid 140619250874112] (13)Permission denied: [client 203.133.169.112:50386] AH00529: /var/www/vhosts/saratogahistory.com/httpdocs/phpBB/.htaccess pcfg_openfile: unable to check htaccess file, ensure it is readable and that '/var/www/vhosts/saratogahistory.com/httpdocs/phpBB/' is executable
[Wed Sep 02 04:06:26.137087 2020] [core:crit] [pid 6888:tid 140619208914688] (13)Permission denied: [client 203.133.169.112:50586] AH00529: /var/www/vhosts/saratogahistory.com/httpdocs/phpBB/.htaccess pcfg_openfile: unable to check htaccess file, ensure it is readable and that '/var/www/vhosts/saratogahistory.com/httpdocs/phpBB/' is executable
[Wed Sep 02 04:06:31.036801 2020] [core:crit] [pid 6888:tid 140619282343680] (13)Permission denied: [client 203.133.169.112:50802] AH00529: /var/www/vhosts/saratogahistory.com/httpdocs/phpBB/.htaccess pcfg_openfile: unable to check htaccess file, ensure it is readable and that '/var/www/vhosts/saratogahistory.com/httpdocs/phpBB/' is executable
[Wed Sep 02 04:06:36.029487 2020] [core:crit] [pid 32352:tid 140619135485696] (13)Permission denied: [client 203.133.169.112:50980] AH00529: /var/www/vhosts/saratogahistory.com/httpdocs/phpBB/.htaccess pcfg_openfile: unable to check htaccess file, ensure it is readable and that '/var/www/vhosts/saratogahistory.com/httpdocs/phpBB/' is executable
[Wed Sep 02 04:06:40.914599 2020] [core:crit] [pid 32325:tid 140619229894400] (13)Permission denied: [client 203.133.169.112:51150] AH00529: /var/www/vhosts/saratogahistory.com/httpdocs/phpBB/.htaccess pcfg_openfile: unable to check htaccess file, ensure it is readable and that '/var/www/vhosts/saratogahistory.com/httpdocs/phpBB/' is executable
[Wed Sep 02 04:06:45.789750 2020] [core:crit] [pid 6888:tid 140619229894400] (13)Permission denied: [client 203.133.169.112:51338] AH00529: /var/www/vhosts/saratogahistory.com/httpdocs/phpBB/.htaccess pcfg_openfile: unable to check htaccess file, ensure it is readable and that '/var/www/vhosts/saratogahistory.com/httpdocs/phpBB/' is executable
[Wed Sep 02 04:06:50.669595 2020] [core:crit] [pid 6888:tid 140619240384256] (13)Permission denied: [client 203.133.169.112:51480] AH00529: /var/www/vhosts/saratogahistory.com/httpdocs/phpBB/.htaccess pcfg_openfile: unable to check htaccess file, ensure it is readable and that '/var/www/vhosts/saratogahistory.com/httpdocs/phpBB/' is executable
[Wed Sep 02 04:06:55.537196 2020] [core:crit] [pid 6888:tid 140619261363968] (13)Permission denied: [client 203.133.169.112:51648] AH00529: /var/www/vhosts/saratogahistory.com/httpdocs/phpBB/.htaccess pcfg_openfile: unable to check htaccess file, ensure it is readable and that '/var/www/vhosts/saratogahistory.com/httpdocs/phpBB/' is executable
[Wed Sep 02 04:07:00.527582 2020] [core:crit] [pid 6888:tid 140619219404544] (13)Permission denied: [client 203.133.169.112:51886] AH00529: /var/www/vhosts/saratogahistory.com/httpdocs/phpBB/.htaccess pcfg_openfile: unable to check htaccess file, ensure it is readable and that '/var/www/vhosts/saratogahistory.com/httpdocs/phpBB/' is executable
[Wed Sep 02 04:07:05.402312 2020] [core:crit] [pid 6888:tid 140619355772672] (13)Permission denied: [client 203.133.169.112:52150] AH00529: /var/www/vhosts/saratogahistory.com/httpdocs/phpBB/.htaccess pcfg_openfile: unable to check htaccess file, ensure it is readable and that '/var/www/vhosts/saratogahistory.com/httpdocs/phpBB/' is executable
[Wed Sep 02 04:07:10.278109 2020] [core:crit] [pid 6888:tid 140619145975552] (13)Permission denied: [client 203.133.169.112:52356] AH00529: /var/www/vhosts/saratogahistory.com/httpdocs/phpBB/.htaccess pcfg_openfile: unable to check htaccess file, ensure it is readable and that '/var/www/vhosts/saratogahistory.com/httpdocs/phpBB/' is executable
[Wed Sep 02 04:07:15.279646 2020] [core:crit] [pid 6888:tid 140619166955264] (13)Permission denied: [client 203.133.169.112:52562] AH00529: /var/www/vhosts/saratogahistory.com/httpdocs/phpBB/.htaccess pcfg_openfile: unable to check htaccess file, ensure it is readable and that '/var/www/vhosts/saratogahistory.com/httpdocs/phpBB/' is executable
[Wed Sep 02 04:07:20.292888 2020] [core:crit] [pid 6888:tid 140619177445120] (13)Permission denied: [client 203.133.169.112:52724] AH00529: /var/www/vhosts/saratogahistory.com/httpdocs/phpBB/.htaccess pcfg_openfile: unable to check htaccess file, ensure it is readable and that '/var/www/vhosts/saratogahistory.com/httpdocs/phpBB/' is executable
[Wed Sep 02 04:07:25.207729 2020] [core:crit] [pid 6888:tid 140619156465408] (13)Permission denied: [client 203.133.169.112:52876] AH00529: /var/www/vhosts/saratogahistory.com/httpdocs/phpBB/.htaccess pcfg_openfile: unable to check htaccess file, ensure it is readable and that '/var/www/vhosts/saratogahistory.com/httpdocs/phpBB/' is executable
[Wed Sep 02 04:07:30.222809 2020] [core:crit] [pid 6888:tid 140619124995840] (13)Permission denied: [client 203.133.169.112:53054] AH00529: /var/www/vhosts/saratogahistory.com/httpdocs/phpBB/.htaccess pcfg_openfile: unable to check htaccess file, ensure it is readable and that '/var/www/vhosts/saratogahistory.com/httpdocs/phpBB/' is executable
[Wed Sep 02 04:07:35.213128 2020] [core:crit] [pid 6888:tid 140619135485696] (13)Permission denied: [client 203.133.169.112:53208] AH00529: /var/www/vhosts/saratogahistory.com/httpdocs/phpBB/.htaccess pcfg_openfile: unable to check htaccess file, ensure it is readable and that '/var/www/vhosts/saratogahistory.com/httpdocs/phpBB/' is executable
[Wed Sep 02 04:07:40.215729 2020] [core:crit] [pid 32352:tid 140619198424832] (13)Permission denied: [client 203.133.169.112:53388] AH00529: /var/www/vhosts/saratogahistory.com/httpdocs/phpBB/.htaccess pcfg_openfile: unable to check htaccess file, ensure it is readable and that '/var/www/vhosts/saratogahistory.com/httpdocs/phpBB/' is executable
[Wed Sep 02 04:07:45.234727 2020] [core:crit] [pid 32352:tid 140619303323392] (13)Permission denied: [client 203.133.169.112:53852] AH00529: /var/www/vhosts/saratogahistory.com/httpdocs/phpBB/.htaccess pcfg_openfile: unable to check htaccess file, ensure it is readable and that '/var/www/vhosts/saratogahistory.com/httpdocs/phpBB/' is executable
[Wed Sep 02 04:07:50.287515 2020] [core:crit] [pid 6888:tid 140619376752384] (13)Permission denied: [client 203.133.169.112:54474] AH00529: /var/www/vhosts/saratogahistory.com/httpdocs/phpBB/.htaccess pcfg_openfile: unable to check htaccess file, ensure it is readable and that '/var/www/vhosts/saratogahistory.com/httpdocs/phpBB/' is executable
[Wed Sep 02 04:07:55.196167 2020] [core:crit] [pid 6888:tid 140619292833536] (13)Permission denied: [client 203.133.169.112:54736] AH00529: /var/www/vhosts/saratogahistory.com/httpdocs/phpBB/.htaccess pcfg_openfile: unable to check htaccess file, ensure it is readable and that '/var/www/vhosts/saratogahistory.com/httpdocs/phpBB/' is executable
[Wed Sep 02 04:08:00.212909 2020] [core:crit] [pid 6888:tid 140619334792960] (13)Permission denied: [client 203.133.169.112:54948] AH00529: /var/www/vhosts/saratogahistory.com/httpdocs/phpBB/.htaccess pcfg_openfile: unable to check htaccess file, ensure it is readable and that '/var/www/vhosts/saratogahistory.com/httpdocs/phpBB/' is executable
[Wed Sep 02 04:08:05.090043 2020] [core:crit] [pid 6888:tid 140619271853824] (13)Permission denied: [client 203.133.169.112:55138] AH00529: /var/www/vhosts/saratogahistory.com/httpdocs/phpBB/.htaccess pcfg_openfile: unable to check htaccess file, ensure it is readable and that '/var/www/vhosts/saratogahistory.com/httpdocs/phpBB/' is executable
[Wed Sep 02 04:08:09.977338 2020] [core:crit] [pid 32352:tid 140619156465408] (13)Permission denied: [client 203.133.169.112:55332] AH00529: /var/www/vhosts/saratogahistory.com/httpdocs/phpBB/.htaccess pcfg_openfile: unable to check htaccess file, ensure it is readable and that '/var/www/vhosts/saratogahistory.com/httpdocs/phpBB/' is executable
[Wed Sep 02 04:08:15.090062 2020] [core:crit] [pid 6888:tid 140619313813248] (13)Permission denied: [client 203.133.169.112:55572] AH00529: /var/www/vhosts/saratogahistory.com/httpdocs/phpBB/.htaccess pcfg_openfile: unable to check htaccess file, ensure it is readable and that '/var/www/vhosts/saratogahistory.com/httpdocs/phpBB/' is executable
[Wed Sep 02 05:09:08.293240 2020] [core:crit] [pid 6888:tid 140619166955264] (13)Permission denied: [client 193.218.118.131:49460] AH00529: /var/www/vhosts/saratogahistory.com/httpdocs/phpBB/.htaccess pcfg_openfile: unable to check htaccess file, ensure it is readable and that '/var/www/vhosts/saratogahistory.com/httpdocs/phpBB/' is executable, referer: http://www.saratogahistory.com/phpBB/index.php
[Wed Sep 02 05:11:50.274595 2020] [core:crit] [pid 6888:tid 140619271853824] (13)Permission denied: [client 185.25.35.10:55758] AH00529: /var/www/vhosts/saratogahistory.com/httpdocs/phpBB/.htaccess pcfg_openfile: unable to check htaccess file, ensure it is readable and that '/var/www/vhosts/saratogahistory.com/httpdocs/phpBB/' is executable
[Wed Sep 02 05:38:08.938349 2020] [core:crit] [pid 6888:tid 140619376752384] (13)Permission denied: [client 185.220.101.138:36914] AH00529: /var/www/vhosts/saratogahistory.com/httpdocs/phpBB/.htaccess pcfg_openfile: unable to check htaccess file, ensure it is readable and that '/var/www/vhosts/saratogahistory.com/httpdocs/phpBB/' is executable, referer: http://www.saratogahistory.com/phpBB/index.php
[Wed Sep 02 05:47:00.013501 2020] [core:crit] [pid 6888:tid 140619187934976] (13)Permission denied: [client 107.189.10.101:57902] AH00529: /var/www/vhosts/saratogahistory.com/httpdocs/phpBB/.htaccess pcfg_openfile: unable to check htaccess file, ensure it is readable and that '/var/www/vhosts/saratogahistory.com/httpdocs/phpBB/' is executable, referer: http://www.saratogahistory.com/phpBB/index.php
[Wed Sep 02 06:08:10.667260 2020] [core:crit] [pid 6888:tid 140619187934976] (13)Permission denied: [client 185.25.35.13:49476] AH00529: /var/www/vhosts/saratogahistory.com/httpdocs/phpBB/.htaccess pcfg_openfile: unable to check htaccess file, ensure it is readable and that '/var/www/vhosts/saratogahistory.com/httpdocs/phpBB/' is executable
[Wed Sep 02 06:14:09.610248 2020] [core:crit] [pid 6888:tid 140619156465408] (13)Permission denied: [client 185.220.102.4:35080] AH00529: /var/www/vhosts/saratogahistory.com/httpdocs/phpBB/.htaccess pcfg_openfile: unable to check htaccess file, ensure it is readable and that '/var/www/vhosts/saratogahistory.com/httpdocs/phpBB/' is executable, referer: http://www.saratogahistory.com/phpBB/index.php
[Wed Sep 02 06:14:11.462783 2020] [core:crit] [pid 32325:tid 140619334792960] (13)Permission denied: [client 213.217.225.176:35158] AH00529: /var/www/vhosts/saratogahistory.com/httpdocs/phpBB/.htaccess pcfg_openfile: unable to check htaccess file, ensure it is readable and that '/var/www/vhosts/saratogahistory.com/httpdocs/phpBB/' is executable, referer: http://www.saratogahistory.com/phpBB/index.php
[Wed Sep 02 06:14:14.214475 2020] [proxy_fcgi:error] [pid 32325:tid 140619208914688] [client 213.217.225.176:35278] AH01071: Got error 'Primary script unknown\n', referer: http://www.saratogahistory.com/index.php
[Wed Sep 02 06:14:15.221603 2020] [proxy_fcgi:error] [pid 32325:tid 140619376752384] [client 213.217.225.176:35334] AH01071: Got error 'Primary script unknown\n', referer: http://www.saratogahistory.com/index.php
[Wed Sep 02 06:14:15.946115 2020] [proxy_fcgi:error] [pid 32325:tid 140619261363968] [client 213.217.225.176:35356] AH01071: Got error 'Primary script unknown\n', referer: http://www.saratogahistory.com/index.php
[Wed Sep 02 06:31:41.108678 2020] [core:crit] [pid 6888:tid 140619303323392] (13)Permission denied: [client 5.188.84.65:48006] AH00529: /var/www/vhosts/saratogahistory.com/httpdocs/phpBB/.htaccess pcfg_openfile: unable to check htaccess file, ensure it is readable and that '/var/www/vhosts/saratogahistory.com/httpdocs/phpBB/' is executable, referer: http://www.saratogahistory.com/phpBB/index.php
[Wed Sep 02 06:51:31.357885 2020] [core:crit] [pid 6888:tid 140619219404544] (13)Permission denied: [client 188.122.82.146:46714] AH00529: /var/www/vhosts/saratogahistory.com/httpdocs/phpBB/.htaccess pcfg_openfile: unable to check htaccess file, ensure it is readable and that '/var/www/vhosts/saratogahistory.com/httpdocs/phpBB/' is executable, referer: http://www.saratogahistory.com/phpBB/index.php
[Wed Sep 02 07:04:15.074917 2020] [core:crit] [pid 6888:tid 140619345282816] (13)Permission denied: [client 45.154.255.74:52932] AH00529: /var/www/vhosts/saratogahistory.com/httpdocs/phpBB/.htaccess pcfg_openfile: unable to check htaccess file, ensure it is readable and that '/var/www/vhosts/saratogahistory.com/httpdocs/phpBB/' is executable, referer: http://www.saratogahistory.com/phpBB/index.php
[Wed Sep 02 07:05:11.398365 2020] [core:crit] [pid 6888:tid 140619240384256] (13)Permission denied: [client 185.25.35.15:56312] AH00529: /var/www/vhosts/saratogahistory.com/httpdocs/phpBB/.htaccess pcfg_openfile: unable to check htaccess file, ensure it is readable and that '/var/www/vhosts/saratogahistory.com/httpdocs/phpBB/' is executable
[Wed Sep 02 07:18:35.321602 2020] [core:crit] [pid 6888:tid 140619366262528] (13)Permission denied: [client 185.25.35.13:36682] AH00529: /var/www/vhosts/saratogahistory.com/httpdocs/phpBB/.htaccess pcfg_openfile: unable to check htaccess file, ensure it is readable and that '/var/www/vhosts/saratogahistory.com/httpdocs/phpBB/' is executable
[Wed Sep 02 07:21:27.779052 2020] [core:crit] [pid 32322:tid 140619124995840] (13)Permission denied: [client 185.220.100.253:45428] AH00529: /var/www/vhosts/saratogahistory.com/httpdocs/phpBB/.htaccess pcfg_openfile: unable to check htaccess file, ensure it is readable and that '/var/www/vhosts/saratogahistory.com/httpdocs/phpBB/' is executable, referer: http://www.saratogahistory.com/phpBB/index.php
[Wed Sep 02 07:40:32.474769 2020] [core:crit] [pid 6888:tid 140619376752384] (13)Permission denied: [client 185.220.100.252:38012] AH00529: /var/www/vhosts/saratogahistory.com/httpdocs/phpBB/.htaccess pcfg_openfile: unable to check htaccess file, ensure it is readable and that '/var/www/vhosts/saratogahistory.com/httpdocs/phpBB/' is executable, referer: http://www.saratogahistory.com/phpBB/index.php
[Wed Sep 02 07:52:29.353419 2020] [core:crit] [pid 6888:tid 140619187934976] (13)Permission denied: [client 5.188.84.35:42432] AH00529: /var/www/vhosts/saratogahistory.com/httpdocs/phpBB/.htaccess pcfg_openfile: unable to check htaccess file, ensure it is readable and that '/var/www/vhosts/saratogahistory.com/httpdocs/phpBB/' is executable, referer: http://www.saratogahistory.com/phpBB/index.php
[Wed Sep 02 07:53:18.804647 2020] [core:crit] [pid 32352:tid 140619303323392] (13)Permission denied: [client 203.133.169.112:44468] AH00529: /var/www/vhosts/saratogahistory.com/httpdocs/phpBB/.htaccess pcfg_openfile: unable to check htaccess file, ensure it is readable and that '/var/www/vhosts/saratogahistory.com/httpdocs/phpBB/' is executable
[Wed Sep 02 07:53:23.743485 2020] [core:crit] [pid 6888:tid 140619219404544] (13)Permission denied: [client 203.133.169.112:44628] AH00529: /var/www/vhosts/saratogahistory.com/httpdocs/phpBB/.htaccess pcfg_openfile: unable to check htaccess file, ensure it is readable and that '/var/www/vhosts/saratogahistory.com/httpdocs/phpBB/' is executable
[Wed Sep 02 07:53:28.862925 2020] [core:crit] [pid 6888:tid 140619261363968] (13)Permission denied: [client 203.133.169.112:44820] AH00529: /var/www/vhosts/saratogahistory.com/httpdocs/phpBB/.htaccess pcfg_openfile: unable to check htaccess file, ensure it is readable and that '/var/www/vhosts/saratogahistory.com/httpdocs/phpBB/' is executable
[Wed Sep 02 07:53:33.874701 2020] [core:crit] [pid 32352:tid 140619292833536] (13)Permission denied: [client 203.133.169.112:45016] AH00529: /var/www/vhosts/saratogahistory.com/httpdocs/phpBB/.htaccess pcfg_openfile: unable to check htaccess file, ensure it is readable and that '/var/www/vhosts/saratogahistory.com/httpdocs/phpBB/' is executable
[Wed Sep 02 07:53:38.892543 2020] [core:crit] [pid 32322:tid 140619345282816] (13)Permission denied: [client 203.133.169.112:45290] AH00529: /var/www/vhosts/saratogahistory.com/httpdocs/phpBB/.htaccess pcfg_openfile: unable to check htaccess file, ensure it is readable and that '/var/www/vhosts/saratogahistory.com/httpdocs/phpBB/' is executable
[Wed Sep 02 07:53:43.899944 2020] [core:crit] [pid 6888:tid 140619355772672] (13)Permission denied: [client 203.133.169.112:45486] AH00529: /var/www/vhosts/saratogahistory.com/httpdocs/phpBB/.htaccess pcfg_openfile: unable to check htaccess file, ensure it is readable and that '/var/www/vhosts/saratogahistory.com/httpdocs/phpBB/' is executable
[Wed Sep 02 07:53:49.169582 2020] [core:crit] [pid 6888:tid 140619145975552] (13)Permission denied: [client 203.133.169.112:45750] AH00529: /var/www/vhosts/saratogahistory.com/httpdocs/phpBB/.htaccess pcfg_openfile: unable to check htaccess file, ensure it is readable and that '/var/www/vhosts/saratogahistory.com/httpdocs/phpBB/' is executable
[Wed Sep 02 07:53:54.073623 2020] [core:crit] [pid 6888:tid 140619166955264] (13)Permission denied: [client 203.133.169.112:45928] AH00529: /var/www/vhosts/saratogahistory.com/httpdocs/phpBB/.htaccess pcfg_openfile: unable to check htaccess file, ensure it is readable and that '/var/www/vhosts/saratogahistory.com/httpdocs/phpBB/' is executable
[Wed Sep 02 07:54:00.088696 2020] [core:crit] [pid 6888:tid 140619177445120] (13)Permission denied: [client 203.133.169.112:46168] AH00529: /var/www/vhosts/saratogahistory.com/httpdocs/phpBB/.htaccess pcfg_openfile: unable to check htaccess file, ensure it is readable and that '/var/www/vhosts/saratogahistory.com/httpdocs/phpBB/' is executable
[Wed Sep 02 07:54:05.115648 2020] [core:crit] [pid 6888:tid 140619156465408] (13)Permission denied: [client 203.133.169.112:46384] AH00529: /var/www/vhosts/saratogahistory.com/httpdocs/phpBB/.htaccess pcfg_openfile: unable to check htaccess file, ensure it is readable and that '/var/www/vhosts/saratogahistory.com/httpdocs/phpBB/' is executable
[Wed Sep 02 07:54:10.005104 2020] [core:crit] [pid 6888:tid 140619124995840] (13)Permission denied: [client 203.133.169.112:46580] AH00529: /var/www/vhosts/saratogahistory.com/httpdocs/phpBB/.htaccess pcfg_openfile: unable to check htaccess file, ensure it is readable and that '/var/www/vhosts/saratogahistory.com/httpdocs/phpBB/' is executable
[Wed Sep 02 07:54:14.912271 2020] [core:crit] [pid 6888:tid 140619135485696] (13)Permission denied: [client 203.133.169.112:46812] AH00529: /var/www/vhosts/saratogahistory.com/httpdocs/phpBB/.htaccess pcfg_openfile: unable to check htaccess file, ensure it is readable and that '/var/www/vhosts/saratogahistory.com/httpdocs/phpBB/' is executable
[Wed Sep 02 07:54:19.997653 2020] [core:crit] [pid 6888:tid 140619376752384] (13)Permission denied: [client 203.133.169.112:47002] AH00529: /var/www/vhosts/saratogahistory.com/httpdocs/phpBB/.htaccess pcfg_openfile: unable to check htaccess file, ensure it is readable and that '/var/www/vhosts/saratogahistory.com/httpdocs/phpBB/' is executable
[Wed Sep 02 07:54:24.893796 2020] [core:crit] [pid 6888:tid 140619334792960] (13)Permission denied: [client 203.133.169.112:47208] AH00529: /var/www/vhosts/saratogahistory.com/httpdocs/phpBB/.htaccess pcfg_openfile: unable to check htaccess file, ensure it is readable and that '/var/www/vhosts/saratogahistory.com/httpdocs/phpBB/' is executable
[Wed Sep 02 07:54:29.836447 2020] [core:crit] [pid 6888:tid 140619271853824] (13)Permission denied: [client 203.133.169.112:47442] AH00529: /var/www/vhosts/saratogahistory.com/httpdocs/phpBB/.htaccess pcfg_openfile: unable to check htaccess file, ensure it is readable and that '/var/www/vhosts/saratogahistory.com/httpdocs/phpBB/' is executable
[Wed Sep 02 07:56:39.297533 2020] [core:crit] [pid 6888:tid 140619366262528] (13)Permission denied: [client 203.133.169.181:53588] AH00529: /var/www/vhosts/saratogahistory.com/httpdocs/phpBB/.htaccess pcfg_openfile: unable to check htaccess file, ensure it is readable and that '/var/www/vhosts/saratogahistory.com/httpdocs/phpBB/' is executable
[Wed Sep 02 07:56:44.316059 2020] [core:crit] [pid 32325:tid 140619208914688] (13)Permission denied: [client 203.133.169.181:53776] AH00529: /var/www/vhosts/saratogahistory.com/httpdocs/phpBB/.htaccess pcfg_openfile: unable to check htaccess file, ensure it is readable and that '/var/www/vhosts/saratogahistory.com/httpdocs/phpBB/' is executable
[Wed Sep 02 08:10:20.064106 2020] [core:crit] [pid 6888:tid 140619261363968] (13)Permission denied: [client 5.188.84.220:57846] AH00529: /var/www/vhosts/saratogahistory.com/httpdocs/phpBB/.htaccess pcfg_openfile: unable to check htaccess file, ensure it is readable and that '/var/www/vhosts/saratogahistory.com/httpdocs/phpBB/' is executable, referer: http://www.saratogahistory.com/phpBB/index.php
[Wed Sep 02 08:18:52.129352 2020] [core:crit] [pid 6888:tid 140619313813248] (13)Permission denied: [client 89.163.143.8:49136] AH00529: /var/www/vhosts/saratogahistory.com/httpdocs/phpBB/.htaccess pcfg_openfile: unable to check htaccess file, ensure it is readable and that '/var/www/vhosts/saratogahistory.com/httpdocs/phpBB/' is executable, referer: http://www.saratogahistory.com/phpBB/index.php
[Wed Sep 02 09:33:40.018375 2020] [core:crit] [pid 32352:tid 140619250874112] (13)Permission denied: [client 3.129.58.35:36620] AH00529: /var/www/vhosts/saratogahistory.com/httpdocs/phpBB/.htaccess pcfg_openfile: unable to check htaccess file, ensure it is readable and that '/var/www/vhosts/saratogahistory.com/httpdocs/phpBB/' is executable, referer: http://www.saratogahistory.com/phpBB/index.php
[Wed Sep 02 09:33:40.281717 2020] [proxy_fcgi:error] [pid 32352:tid 140619334792960] [client 3.129.58.35:36626] AH01071: Got error 'Primary script unknown\n', referer: http://www.saratogahistory.com/index.php
[Wed Sep 02 09:33:40.322117 2020] [proxy_fcgi:error] [pid 32352:tid 140619366262528] [client 3.129.58.35:36632] AH01071: Got error 'Primary script unknown\n', referer: http://www.saratogahistory.com/index.php
[Wed Sep 02 09:33:40.360823 2020] [proxy_fcgi:error] [pid 32352:tid 140619229894400] [client 3.129.58.35:36640] AH01071: Got error 'Primary script unknown\n', referer: http://www.saratogahistory.com/index.php
[Wed Sep 02 09:38:34.400545 2020] [core:crit] [pid 6888:tid 140619229894400] (13)Permission denied: [client 130.149.80.199:49270] AH00529: /var/www/vhosts/saratogahistory.com/httpdocs/phpBB/.htaccess pcfg_openfile: unable to check htaccess file, ensure it is readable and that '/var/www/vhosts/saratogahistory.com/httpdocs/phpBB/' is executable, referer: http://www.saratogahistory.com/phpBB/index.php
[Wed Sep 02 09:50:30.958352 2020] [core:crit] [pid 6888:tid 140619135485696] (13)Permission denied: [client 109.70.100.23:50908] AH00529: /var/www/vhosts/saratogahistory.com/httpdocs/phpBB/.htaccess pcfg_openfile: unable to check htaccess file, ensure it is readable and that '/var/www/vhosts/saratogahistory.com/httpdocs/phpBB/' is executable, referer: http://www.saratogahistory.com/phpBB/index.php
[Wed Sep 02 10:12:37.012422 2020] [core:crit] [pid 32352:tid 140619324303104] (13)Permission denied: [client 5.188.84.15:43906] AH00529: /var/www/vhosts/saratogahistory.com/httpdocs/phpBB/.htaccess pcfg_openfile: unable to check htaccess file, ensure it is readable and that '/var/www/vhosts/saratogahistory.com/httpdocs/phpBB/' is executable, referer: http://www.saratogahistory.com/phpBB/index.php
[Wed Sep 02 10:20:17.954995 2020] [core:crit] [pid 32352:tid 140619208914688] (13)Permission denied: [client 185.220.100.245:37176] AH00529: /var/www/vhosts/saratogahistory.com/httpdocs/phpBB/.htaccess pcfg_openfile: unable to check htaccess file, ensure it is readable and that '/var/www/vhosts/saratogahistory.com/httpdocs/phpBB/' is executable, referer: http://www.saratogahistory.com/phpBB/index.php
[Wed Sep 02 11:23:55.004168 2020] [core:crit] [pid 32352:tid 140619250874112] (13)Permission denied: [client 185.25.35.12:38286] AH00529: /var/www/vhosts/saratogahistory.com/httpdocs/phpBB/.htaccess pcfg_openfile: unable to check htaccess file, ensure it is readable and that '/var/www/vhosts/saratogahistory.com/httpdocs/phpBB/' is executable
[Wed Sep 02 11:29:11.992810 2020] [core:crit] [pid 6888:tid 140619292833536] (13)Permission denied: [client 203.133.169.112:50454] AH00529: /var/www/vhosts/saratogahistory.com/httpdocs/phpBB/.htaccess pcfg_openfile: unable to check htaccess file, ensure it is readable and that '/var/www/vhosts/saratogahistory.com/httpdocs/phpBB/' is executable
[Wed Sep 02 11:29:16.907020 2020] [core:crit] [pid 32352:tid 140619376752384] (13)Permission denied: [client 203.133.169.112:50588] AH00529: /var/www/vhosts/saratogahistory.com/httpdocs/phpBB/.htaccess pcfg_openfile: unable to check htaccess file, ensure it is readable and that '/var/www/vhosts/saratogahistory.com/httpdocs/phpBB/' is executable
[Wed Sep 02 11:29:21.923728 2020] [core:crit] [pid 32325:tid 140619208914688] (13)Permission denied: [client 203.133.169.112:50814] AH00529: /var/www/vhosts/saratogahistory.com/httpdocs/phpBB/.htaccess pcfg_openfile: unable to check htaccess file, ensure it is readable and that '/var/www/vhosts/saratogahistory.com/httpdocs/phpBB/' is executable
[Wed Sep 02 11:29:26.836777 2020] [core:crit] [pid 6888:tid 140619334792960] (13)Permission denied: [client 203.133.169.112:50980] AH00529: /var/www/vhosts/saratogahistory.com/httpdocs/phpBB/.htaccess pcfg_openfile: unable to check htaccess file, ensure it is readable and that '/var/www/vhosts/saratogahistory.com/httpdocs/phpBB/' is executable
[Wed Sep 02 11:29:31.765864 2020] [core:crit] [pid 32325:tid 140619376752384] (13)Permission denied: [client 203.133.169.112:51162] AH00529: /var/www/vhosts/saratogahistory.com/httpdocs/phpBB/.htaccess pcfg_openfile: unable to check htaccess file, ensure it is readable and that '/var/www/vhosts/saratogahistory.com/httpdocs/phpBB/' is executable
[Wed Sep 02 11:29:36.669783 2020] [core:crit] [pid 6888:tid 140619271853824] (13)Permission denied: [client 203.133.169.112:51300] AH00529: /var/www/vhosts/saratogahistory.com/httpdocs/phpBB/.htaccess pcfg_openfile: unable to check htaccess file, ensure it is readable and that '/var/www/vhosts/saratogahistory.com/httpdocs/phpBB/' is executable
[Wed Sep 02 11:29:41.691123 2020] [core:crit] [pid 6888:tid 140619313813248] (13)Permission denied: [client 203.133.169.112:51440] AH00529: /var/www/vhosts/saratogahistory.com/httpdocs/phpBB/.htaccess pcfg_openfile: unable to check htaccess file, ensure it is readable and that '/var/www/vhosts/saratogahistory.com/httpdocs/phpBB/' is executable
[Wed Sep 02 11:29:47.513570 2020] [core:crit] [pid 6888:tid 140619303323392] (13)Permission denied: [client 203.133.169.112:51668] AH00529: /var/www/vhosts/saratogahistory.com/httpdocs/phpBB/.htaccess pcfg_openfile: unable to check htaccess file, ensure it is readable and that '/var/www/vhosts/saratogahistory.com/httpdocs/phpBB/' is executable
[Wed Sep 02 11:29:52.528695 2020] [core:crit] [pid 6888:tid 140619198424832] (13)Permission denied: [client 203.133.169.112:51846] AH00529: /var/www/vhosts/saratogahistory.com/httpdocs/phpBB/.htaccess pcfg_openfile: unable to check htaccess file, ensure it is readable and that '/var/www/vhosts/saratogahistory.com/httpdocs/phpBB/' is executable
[Wed Sep 02 11:29:57.412325 2020] [core:crit] [pid 32352:tid 140619187934976] (13)Permission denied: [client 203.133.169.112:52054] AH00529: /var/www/vhosts/saratogahistory.com/httpdocs/phpBB/.htaccess pcfg_openfile: unable to check htaccess file, ensure it is readable and that '/var/www/vhosts/saratogahistory.com/httpdocs/phpBB/' is executable
[Wed Sep 02 11:38:20.316869 2020] [core:crit] [pid 32352:tid 140619219404544] (13)Permission denied: [client 185.100.85.61:42194] AH00529: /var/www/vhosts/saratogahistory.com/httpdocs/phpBB/.htaccess pcfg_openfile: unable to check htaccess file, ensure it is readable and that '/var/www/vhosts/saratogahistory.com/httpdocs/phpBB/' is executable, referer: http://www.saratogahistory.com/phpBB/index.php
[Wed Sep 02 12:09:44.213563 2020] [core:crit] [pid 6888:tid 140619313813248] (13)Permission denied: [client 185.25.35.10:59180] AH00529: /var/www/vhosts/saratogahistory.com/httpdocs/phpBB/.htaccess pcfg_openfile: unable to check htaccess file, ensure it is readable and that '/var/www/vhosts/saratogahistory.com/httpdocs/phpBB/' is executable
[Wed Sep 02 13:04:22.236846 2020] [core:crit] [pid 6888:tid 140619376752384] (13)Permission denied: [client 185.25.35.13:37436] AH00529: /var/www/vhosts/saratogahistory.com/httpdocs/phpBB/.htaccess pcfg_openfile: unable to check htaccess file, ensure it is readable and that '/var/www/vhosts/saratogahistory.com/httpdocs/phpBB/' is executable
[Wed Sep 02 13:15:36.561710 2020] [core:crit] [pid 6888:tid 140619166955264] (13)Permission denied: [client 185.25.35.9:37638] AH00529: /var/www/vhosts/saratogahistory.com/httpdocs/phpBB/.htaccess pcfg_openfile: unable to check htaccess file, ensure it is readable and that '/var/www/vhosts/saratogahistory.com/httpdocs/phpBB/' is executable
[Wed Sep 02 13:30:03.888605 2020] [core:crit] [pid 6888:tid 140619145975552] (13)Permission denied: [client 31.220.2.100:45862] AH00529: /var/www/vhosts/saratogahistory.com/httpdocs/phpBB/.htaccess pcfg_openfile: unable to check htaccess file, ensure it is readable and that '/var/www/vhosts/saratogahistory.com/httpdocs/phpBB/' is executable, referer: http://www.saratogahistory.com/phpBB/index.php
[Wed Sep 02 13:39:21.684356 2020] [core:crit] [pid 6888:tid 140619366262528] (13)Permission denied: [client 45.154.255.69:38622] AH00529: /var/www/vhosts/saratogahistory.com/httpdocs/phpBB/.htaccess pcfg_openfile: unable to check htaccess file, ensure it is readable and that '/var/www/vhosts/saratogahistory.com/httpdocs/phpBB/' is executable, referer: http://www.saratogahistory.com/phpBB/index.php
[Wed Sep 02 14:37:51.797535 2020] [core:crit] [pid 6888:tid 140619345282816] (13)Permission denied: [client 40.77.167.48:33542] AH00529: /var/www/vhosts/saratogahistory.com/httpdocs/phpBB/.htaccess pcfg_openfile: unable to check htaccess file, ensure it is readable and that '/var/www/vhosts/saratogahistory.com/httpdocs/phpBB/' is executable
[Wed Sep 02 15:30:16.713517 2020] [core:crit] [pid 6888:tid 140619124995840] (13)Permission denied: [client 203.133.169.112:48644] AH00529: /var/www/vhosts/saratogahistory.com/httpdocs/phpBB/.htaccess pcfg_openfile: unable to check htaccess file, ensure it is readable and that '/var/www/vhosts/saratogahistory.com/httpdocs/phpBB/' is executable
[Wed Sep 02 15:30:21.625615 2020] [core:crit] [pid 6888:tid 140619135485696] (13)Permission denied: [client 203.133.169.112:48788] AH00529: /var/www/vhosts/saratogahistory.com/httpdocs/phpBB/.htaccess pcfg_openfile: unable to check htaccess file, ensure it is readable and that '/var/www/vhosts/saratogahistory.com/httpdocs/phpBB/' is executable
[Wed Sep 02 15:30:26.646867 2020] [core:crit] [pid 32352:tid 140619135485696] (13)Permission denied: [client 203.133.169.112:48944] AH00529: /var/www/vhosts/saratogahistory.com/httpdocs/phpBB/.htaccess pcfg_openfile: unable to check htaccess file, ensure it is readable and that '/var/www/vhosts/saratogahistory.com/httpdocs/phpBB/' is executable
[Wed Sep 02 15:30:31.691823 2020] [core:crit] [pid 6888:tid 140619376752384] (13)Permission denied: [client 203.133.169.112:49084] AH00529: /var/www/vhosts/saratogahistory.com/httpdocs/phpBB/.htaccess pcfg_openfile: unable to check htaccess file, ensure it is readable and that '/var/www/vhosts/saratogahistory.com/httpdocs/phpBB/' is executable
[Wed Sep 02 15:30:36.575351 2020] [core:crit] [pid 32352:tid 140619198424832] (13)Permission denied: [client 203.133.169.112:49292] AH00529: /var/www/vhosts/saratogahistory.com/httpdocs/phpBB/.htaccess pcfg_openfile: unable to check htaccess file, ensure it is readable and that '/var/www/vhosts/saratogahistory.com/httpdocs/phpBB/' is executable
[Wed Sep 02 15:30:41.451832 2020] [core:crit] [pid 6888:tid 140619292833536] (13)Permission denied: [client 203.133.169.112:49504] AH00529: /var/www/vhosts/saratogahistory.com/httpdocs/phpBB/.htaccess pcfg_openfile: unable to check htaccess file, ensure it is readable and that '/var/www/vhosts/saratogahistory.com/httpdocs/phpBB/' is executable
[Wed Sep 02 15:30:46.549422 2020] [core:crit] [pid 6888:tid 140619334792960] (13)Permission denied: [client 203.133.169.112:49736] AH00529: /var/www/vhosts/saratogahistory.com/httpdocs/phpBB/.htaccess pcfg_openfile: unable to check htaccess file, ensure it is readable and that '/var/www/vhosts/saratogahistory.com/httpdocs/phpBB/' is executable
[Wed Sep 02 15:30:51.479132 2020] [core:crit] [pid 6888:tid 140619271853824] (13)Permission denied: [client 203.133.169.112:49906] AH00529: /var/www/vhosts/saratogahistory.com/httpdocs/phpBB/.htaccess pcfg_openfile: unable to check htaccess file, ensure it is readable and that '/var/www/vhosts/saratogahistory.com/httpdocs/phpBB/' is executable
[Wed Sep 02 15:30:56.501220 2020] [core:crit] [pid 6888:tid 140619313813248] (13)Permission denied: [client 203.133.169.112:50086] AH00529: /var/www/vhosts/saratogahistory.com/httpdocs/phpBB/.htaccess pcfg_openfile: unable to check htaccess file, ensure it is readable and that '/var/www/vhosts/saratogahistory.com/httpdocs/phpBB/' is executable
[Wed Sep 02 15:31:01.386162 2020] [core:crit] [pid 6888:tid 140619303323392] (13)Permission denied: [client 203.133.169.112:50270] AH00529: /var/www/vhosts/saratogahistory.com/httpdocs/phpBB/.htaccess pcfg_openfile: unable to check htaccess file, ensure it is readable and that '/var/www/vhosts/saratogahistory.com/httpdocs/phpBB/' is executable
[Wed Sep 02 15:31:06.319483 2020] [core:crit] [pid 32325:tid 140619345282816] (13)Permission denied: [client 203.133.169.112:50506] AH00529: /var/www/vhosts/saratogahistory.com/httpdocs/phpBB/.htaccess pcfg_openfile: unable to check htaccess file, ensure it is readable and that '/var/www/vhosts/saratogahistory.com/httpdocs/phpBB/' is executable
[Wed Sep 02 15:31:11.218720 2020] [core:crit] [pid 32352:tid 140619303323392] (13)Permission denied: [client 203.133.169.112:50690] AH00529: /var/www/vhosts/saratogahistory.com/httpdocs/phpBB/.htaccess pcfg_openfile: unable to check htaccess file, ensure it is readable and that '/var/www/vhosts/saratogahistory.com/httpdocs/phpBB/' is executable
[Wed Sep 02 15:31:16.230443 2020] [core:crit] [pid 32325:tid 140619334792960] (13)Permission denied: [client 203.133.169.112:50866] AH00529: /var/www/vhosts/saratogahistory.com/httpdocs/phpBB/.htaccess pcfg_openfile: unable to check htaccess file, ensure it is readable and that '/var/www/vhosts/saratogahistory.com/httpdocs/phpBB/' is executable
[Wed Sep 02 15:31:21.330949 2020] [core:crit] [pid 6888:tid 140619198424832] (13)Permission denied: [client 203.133.169.112:51066] AH00529: /var/www/vhosts/saratogahistory.com/httpdocs/phpBB/.htaccess pcfg_openfile: unable to check htaccess file, ensure it is readable and that '/var/www/vhosts/saratogahistory.com/httpdocs/phpBB/' is executable
[Wed Sep 02 15:31:26.345034 2020] [core:crit] [pid 32352:tid 140619292833536] (13)Permission denied: [client 203.133.169.112:51332] AH00529: /var/www/vhosts/saratogahistory.com/httpdocs/phpBB/.htaccess pcfg_openfile: unable to check htaccess file, ensure it is readable and that '/var/www/vhosts/saratogahistory.com/httpdocs/phpBB/' is executable
[Wed Sep 02 15:31:31.335182 2020] [core:crit] [pid 6888:tid 140619324303104] (13)Permission denied: [client 203.133.169.112:51560] AH00529: /var/www/vhosts/saratogahistory.com/httpdocs/phpBB/.htaccess pcfg_openfile: unable to check htaccess file, ensure it is readable and that '/var/www/vhosts/saratogahistory.com/httpdocs/phpBB/' is executable
[Wed Sep 02 15:31:36.329086 2020] [core:crit] [pid 6888:tid 140619250874112] (13)Permission denied: [client 203.133.169.112:51758] AH00529: /var/www/vhosts/saratogahistory.com/httpdocs/phpBB/.htaccess pcfg_openfile: unable to check htaccess file, ensure it is readable and that '/var/www/vhosts/saratogahistory.com/httpdocs/phpBB/' is executable
[Wed Sep 02 15:31:41.352085 2020] [core:crit] [pid 6888:tid 140619208914688] (13)Permission denied: [client 203.133.169.112:51926] AH00529: /var/www/vhosts/saratogahistory.com/httpdocs/phpBB/.htaccess pcfg_openfile: unable to check htaccess file, ensure it is readable and that '/var/www/vhosts/saratogahistory.com/httpdocs/phpBB/' is executable
[Wed Sep 02 15:31:46.236423 2020] [core:crit] [pid 6888:tid 140619282343680] (13)Permission denied: [client 203.133.169.112:52150] AH00529: /var/www/vhosts/saratogahistory.com/httpdocs/phpBB/.htaccess pcfg_openfile: unable to check htaccess file, ensure it is readable and that '/var/www/vhosts/saratogahistory.com/httpdocs/phpBB/' is executable
[Wed Sep 02 15:31:51.250077 2020] [core:crit] [pid 6888:tid 140619187934976] (13)Permission denied: [client 203.133.169.112:52326] AH00529: /var/www/vhosts/saratogahistory.com/httpdocs/phpBB/.htaccess pcfg_openfile: unable to check htaccess file, ensure it is readable and that '/var/www/vhosts/saratogahistory.com/httpdocs/phpBB/' is executable
[Wed Sep 02 15:31:56.361510 2020] [core:crit] [pid 32352:tid 140619156465408] (13)Permission denied: [client 203.133.169.112:52586] AH00529: /var/www/vhosts/saratogahistory.com/httpdocs/phpBB/.htaccess pcfg_openfile: unable to check htaccess file, ensure it is readable and that '/var/www/vhosts/saratogahistory.com/httpdocs/phpBB/' is executable
[Wed Sep 02 15:32:01.263328 2020] [core:crit] [pid 6888:tid 140619229894400] (13)Permission denied: [client 203.133.169.112:52808] AH00529: /var/www/vhosts/saratogahistory.com/httpdocs/phpBB/.htaccess pcfg_openfile: unable to check htaccess file, ensure it is readable and that '/var/www/vhosts/saratogahistory.com/httpdocs/phpBB/' is executable
[Wed Sep 02 15:32:06.277248 2020] [core:crit] [pid 6888:tid 140619240384256] (13)Permission denied: [client 203.133.169.112:53012] AH00529: /var/www/vhosts/saratogahistory.com/httpdocs/phpBB/.htaccess pcfg_openfile: unable to check htaccess file, ensure it is readable and that '/var/www/vhosts/saratogahistory.com/httpdocs/phpBB/' is executable
[Wed Sep 02 15:32:11.305146 2020] [core:crit] [pid 6888:tid 140619261363968] (13)Permission denied: [client 203.133.169.112:53260] AH00529: /var/www/vhosts/saratogahistory.com/httpdocs/phpBB/.htaccess pcfg_openfile: unable to check htaccess file, ensure it is readable and that '/var/www/vhosts/saratogahistory.com/httpdocs/phpBB/' is executable
[Wed Sep 02 15:32:16.212010 2020] [core:crit] [pid 32352:tid 140619271853824] (13)Permission denied: [client 203.133.169.112:53508] AH00529: /var/www/vhosts/saratogahistory.com/httpdocs/phpBB/.htaccess pcfg_openfile: unable to check htaccess file, ensure it is readable and that '/var/www/vhosts/saratogahistory.com/httpdocs/phpBB/' is executable
[Wed Sep 02 15:32:21.240897 2020] [core:crit] [pid 6888:tid 140619219404544] (13)Permission denied: [client 203.133.169.112:53804] AH00529: /var/www/vhosts/saratogahistory.com/httpdocs/phpBB/.htaccess pcfg_openfile: unable to check htaccess file, ensure it is readable and that '/var/www/vhosts/saratogahistory.com/httpdocs/phpBB/' is executable
[Wed Sep 02 15:32:26.265745 2020] [core:crit] [pid 6888:tid 140619145975552] (13)Permission denied: [client 203.133.169.112:54064] AH00529: /var/www/vhosts/saratogahistory.com/httpdocs/phpBB/.htaccess pcfg_openfile: unable to check htaccess file, ensure it is readable and that '/var/www/vhosts/saratogahistory.com/httpdocs/phpBB/' is executable
[Wed Sep 02 15:32:31.544512 2020] [core:crit] [pid 32325:tid 140619366262528] (13)Permission denied: [client 203.133.169.112:54302] AH00529: /var/www/vhosts/saratogahistory.com/httpdocs/phpBB/.htaccess pcfg_openfile: unable to check htaccess file, ensure it is readable and that '/var/www/vhosts/saratogahistory.com/httpdocs/phpBB/' is executable
[Wed Sep 02 15:32:36.571845 2020] [core:crit] [pid 32352:tid 140619282343680] (13)Permission denied: [client 203.133.169.112:54574] AH00529: /var/www/vhosts/saratogahistory.com/httpdocs/phpBB/.htaccess pcfg_openfile: unable to check htaccess file, ensure it is readable and that '/var/www/vhosts/saratogahistory.com/httpdocs/phpBB/' is executable
[Wed Sep 02 15:32:41.470163 2020] [core:crit] [pid 32352:tid 140619124995840] (13)Permission denied: [client 203.133.169.112:54814] AH00529: /var/www/vhosts/saratogahistory.com/httpdocs/phpBB/.htaccess pcfg_openfile: unable to check htaccess file, ensure it is readable and that '/var/www/vhosts/saratogahistory.com/httpdocs/phpBB/' is executable
[Wed Sep 02 15:32:46.451797 2020] [core:crit] [pid 6888:tid 140619355772672] (13)Permission denied: [client 203.133.169.112:55044] AH00529: /var/www/vhosts/saratogahistory.com/httpdocs/phpBB/.htaccess pcfg_openfile: unable to check htaccess file, ensure it is readable and that '/var/www/vhosts/saratogahistory.com/httpdocs/phpBB/' is executable
[Wed Sep 02 15:32:51.463318 2020] [core:crit] [pid 32352:tid 140619313813248] (13)Permission denied: [client 203.133.169.112:55290] AH00529: /var/www/vhosts/saratogahistory.com/httpdocs/phpBB/.htaccess pcfg_openfile: unable to check htaccess file, ensure it is readable and that '/var/www/vhosts/saratogahistory.com/httpdocs/phpBB/' is executable
[Wed Sep 02 15:41:47.934480 2020] [core:crit] [pid 6888:tid 140619366262528] (13)Permission denied: [client 176.10.99.200:45770] AH00529: /var/www/vhosts/saratogahistory.com/httpdocs/phpBB/.htaccess pcfg_openfile: unable to check htaccess file, ensure it is readable and that '/var/www/vhosts/saratogahistory.com/httpdocs/phpBB/' is executable, referer: http://www.saratogahistory.com/phpBB/index.php
[Wed Sep 02 15:52:48.897112 2020] [core:crit] [pid 6888:tid 140619124995840] (13)Permission denied: [client 5.188.84.245:38974] AH00529: /var/www/vhosts/saratogahistory.com/httpdocs/phpBB/.htaccess pcfg_openfile: unable to check htaccess file, ensure it is readable and that '/var/www/vhosts/saratogahistory.com/httpdocs/phpBB/' is executable, referer: http://www.saratogahistory.com/phpBB/index.php
[Wed Sep 02 16:44:17.851920 2020] [core:crit] [pid 6888:tid 140619240384256] (13)Permission denied: [client 185.220.100.241:56948] AH00529: /var/www/vhosts/saratogahistory.com/httpdocs/phpBB/.htaccess pcfg_openfile: unable to check htaccess file, ensure it is readable and that '/var/www/vhosts/saratogahistory.com/httpdocs/phpBB/' is executable, referer: http://www.saratogahistory.com/phpBB/index.php
[Wed Sep 02 17:01:15.867244 2020] [core:crit] [pid 6888:tid 140619208914688] (13)Permission denied: [client 185.191.126.241:45098] AH00529: /var/www/vhosts/saratogahistory.com/httpdocs/phpBB/.htaccess pcfg_openfile: unable to check htaccess file, ensure it is readable and that '/var/www/vhosts/saratogahistory.com/httpdocs/phpBB/' is executable, referer: http://www.saratogahistory.com/phpBB/index.php
[Wed Sep 02 17:03:43.225135 2020] [core:crit] [pid 6888:tid 140619219404544] (13)Permission denied: [client 66.249.65.223:51024] AH00529: /var/www/vhosts/saratogahistory.com/httpdocs/phpBB/.htaccess pcfg_openfile: unable to check htaccess file, ensure it is readable and that '/var/www/vhosts/saratogahistory.com/httpdocs/phpBB/' is executable
[Wed Sep 02 17:03:44.225194 2020] [core:crit] [pid 6888:tid 140619145975552] (13)Permission denied: [client 66.249.65.222:51076] AH00529: /var/www/vhosts/saratogahistory.com/httpdocs/phpBB/.htaccess pcfg_openfile: unable to check htaccess file, ensure it is readable and that '/var/www/vhosts/saratogahistory.com/httpdocs/phpBB/' is executable
[Wed Sep 02 17:04:36.625901 2020] [core:crit] [pid 32325:tid 140619156465408] (13)Permission denied: [client 144.168.164.26:52752] AH00529: /var/www/vhosts/saratogahistory.com/httpdocs/phpBB/.htaccess pcfg_openfile: unable to check htaccess file, ensure it is readable and that '/var/www/vhosts/saratogahistory.com/httpdocs/phpBB/' is executable, referer: http://www.saratogahistory.com/phpBB/index.php
[Wed Sep 02 17:32:57.320493 2020] [core:crit] [pid 6888:tid 140619229894400] (13)Permission denied: [client 185.25.35.8:55698] AH00529: /var/www/vhosts/saratogahistory.com/httpdocs/phpBB/.htaccess pcfg_openfile: unable to check htaccess file, ensure it is readable and that '/var/www/vhosts/saratogahistory.com/httpdocs/phpBB/' is executable
[Wed Sep 02 17:36:38.872822 2020] [core:crit] [pid 32352:tid 140619345282816] (13)Permission denied: [client 185.220.100.251:46230] AH00529: /var/www/vhosts/saratogahistory.com/httpdocs/phpBB/.htaccess pcfg_openfile: unable to check htaccess file, ensure it is readable and that '/var/www/vhosts/saratogahistory.com/httpdocs/phpBB/' is executable, referer: http://www.saratogahistory.com/phpBB/index.php
[Wed Sep 02 17:58:58.842829 2020] [core:crit] [pid 6888:tid 140619177445120] (13)Permission denied: [client 188.255.237.55:44502] AH00529: /var/www/vhosts/saratogahistory.com/httpdocs/phpBB/.htaccess pcfg_openfile: unable to check htaccess file, ensure it is readable and that '/var/www/vhosts/saratogahistory.com/httpdocs/phpBB/' is executable, referer: http://saratogahistory.com/phpBB/index.php
[Wed Sep 02 17:59:01.966795 2020] [core:crit] [pid 6888:tid 140619156465408] (13)Permission denied: [client 203.96.224.10:44632] AH00529: /var/www/vhosts/saratogahistory.com/httpdocs/phpBB/.htaccess pcfg_openfile: unable to check htaccess file, ensure it is readable and that '/var/www/vhosts/saratogahistory.com/httpdocs/phpBB/' is executable, referer: http://www.saratogahistory.com/
[Wed Sep 02 17:59:04.377453 2020] [core:crit] [pid 6888:tid 140619124995840] (13)Permission denied: [client 37.221.182.179:44744] AH00529: /var/www/vhosts/saratogahistory.com/httpdocs/phpBB/.htaccess pcfg_openfile: unable to check htaccess file, ensure it is readable and that '/var/www/vhosts/saratogahistory.com/httpdocs/phpBB/' is executable, referer: http://www.saratogahistory.com/
[Wed Sep 02 17:59:12.100115 2020] [core:crit] [pid 6888:tid 140619135485696] (13)Permission denied: [client 60.253.12.2:45006] AH00529: /var/www/vhosts/saratogahistory.com/httpdocs/phpBB/.htaccess pcfg_openfile: unable to check htaccess file, ensure it is readable and that '/var/www/vhosts/saratogahistory.com/httpdocs/phpBB/' is executable, referer: http://www.saratogahistory.com/
[Wed Sep 02 18:24:22.512430 2020] [core:crit] [pid 6888:tid 140619208914688] (13)Permission denied: [client 185.25.35.14:51152] AH00529: /var/www/vhosts/saratogahistory.com/httpdocs/phpBB/.htaccess pcfg_openfile: unable to check htaccess file, ensure it is readable and that '/var/www/vhosts/saratogahistory.com/httpdocs/phpBB/' is executable
[Wed Sep 02 18:32:33.778584 2020] [core:crit] [pid 32352:tid 140619313813248] (13)Permission denied: [client 37.115.152.160:41608] AH00529: /var/www/vhosts/saratogahistory.com/httpdocs/phpBB/.htaccess pcfg_openfile: unable to check htaccess file, ensure it is readable and that '/var/www/vhosts/saratogahistory.com/httpdocs/phpBB/' is executable, referer: http://www.saratogahistory.com/phpBB/index.php
[Wed Sep 02 18:51:48.945363 2020] [core:crit] [pid 6888:tid 140619376752384] (13)Permission denied: [client 203.133.169.112:57180] AH00529: /var/www/vhosts/saratogahistory.com/httpdocs/phpBB/.htaccess pcfg_openfile: unable to check htaccess file, ensure it is readable and that '/var/www/vhosts/saratogahistory.com/httpdocs/phpBB/' is executable
[Wed Sep 02 18:51:53.970751 2020] [core:crit] [pid 6888:tid 140619292833536] (13)Permission denied: [client 203.133.169.112:57462] AH00529: /var/www/vhosts/saratogahistory.com/httpdocs/phpBB/.htaccess pcfg_openfile: unable to check htaccess file, ensure it is readable and that '/var/www/vhosts/saratogahistory.com/httpdocs/phpBB/' is executable
[Wed Sep 02 18:51:58.957858 2020] [core:crit] [pid 6888:tid 140619334792960] (13)Permission denied: [client 203.133.169.112:57698] AH00529: /var/www/vhosts/saratogahistory.com/httpdocs/phpBB/.htaccess pcfg_openfile: unable to check htaccess file, ensure it is readable and that '/var/www/vhosts/saratogahistory.com/httpdocs/phpBB/' is executable
[Wed Sep 02 18:52:04.021288 2020] [core:crit] [pid 6888:tid 140619313813248] (13)Permission denied: [client 203.133.169.112:58016] AH00529: /var/www/vhosts/saratogahistory.com/httpdocs/phpBB/.htaccess pcfg_openfile: unable to check htaccess file, ensure it is readable and that '/var/www/vhosts/saratogahistory.com/httpdocs/phpBB/' is executable
[Wed Sep 02 18:52:09.008698 2020] [core:crit] [pid 6888:tid 140619271853824] (13)Permission denied: [client 203.133.169.112:58244] AH00529: /var/www/vhosts/saratogahistory.com/httpdocs/phpBB/.htaccess pcfg_openfile: unable to check htaccess file, ensure it is readable and that '/var/www/vhosts/saratogahistory.com/httpdocs/phpBB/' is executable
[Wed Sep 02 18:52:13.996885 2020] [core:crit] [pid 6888:tid 140619303323392] (13)Permission denied: [client 203.133.169.112:58408] AH00529: /var/www/vhosts/saratogahistory.com/httpdocs/phpBB/.htaccess pcfg_openfile: unable to check htaccess file, ensure it is readable and that '/var/www/vhosts/saratogahistory.com/httpdocs/phpBB/' is executable
[Wed Sep 02 18:52:19.142184 2020] [core:crit] [pid 6888:tid 140619198424832] (13)Permission denied: [client 203.133.169.112:58596] AH00529: /var/www/vhosts/saratogahistory.com/httpdocs/phpBB/.htaccess pcfg_openfile: unable to check htaccess file, ensure it is readable and that '/var/www/vhosts/saratogahistory.com/httpdocs/phpBB/' is executable
[Wed Sep 02 18:52:24.119002 2020] [core:crit] [pid 6888:tid 140619345282816] (13)Permission denied: [client 203.133.169.112:58794] AH00529: /var/www/vhosts/saratogahistory.com/httpdocs/phpBB/.htaccess pcfg_openfile: unable to check htaccess file, ensure it is readable and that '/var/www/vhosts/saratogahistory.com/httpdocs/phpBB/' is executable
[Wed Sep 02 18:52:29.010120 2020] [core:crit] [pid 6888:tid 140619366262528] (13)Permission denied: [client 203.133.169.112:58936] AH00529: /var/www/vhosts/saratogahistory.com/httpdocs/phpBB/.htaccess pcfg_openfile: unable to check htaccess file, ensure it is readable and that '/var/www/vhosts/saratogahistory.com/httpdocs/phpBB/' is executable
[Wed Sep 02 18:52:34.041323 2020] [core:crit] [pid 32322:tid 140619187934976] (13)Permission denied: [client 203.133.169.112:59096] AH00529: /var/www/vhosts/saratogahistory.com/httpdocs/phpBB/.htaccess pcfg_openfile: unable to check htaccess file, ensure it is readable and that '/var/www/vhosts/saratogahistory.com/httpdocs/phpBB/' is executable
[Wed Sep 02 18:52:39.052482 2020] [core:crit] [pid 32352:tid 140619282343680] (13)Permission denied: [client 203.133.169.112:59244] AH00529: /var/www/vhosts/saratogahistory.com/httpdocs/phpBB/.htaccess pcfg_openfile: unable to check htaccess file, ensure it is readable and that '/var/www/vhosts/saratogahistory.com/httpdocs/phpBB/' is executable
[Wed Sep 02 18:52:44.071767 2020] [core:crit] [pid 6888:tid 140619324303104] (13)Permission denied: [client 203.133.169.112:59384] AH00529: /var/www/vhosts/saratogahistory.com/httpdocs/phpBB/.htaccess pcfg_openfile: unable to check htaccess file, ensure it is readable and that '/var/www/vhosts/saratogahistory.com/httpdocs/phpBB/' is executable
[Wed Sep 02 18:52:48.957614 2020] [core:crit] [pid 6888:tid 140619250874112] (13)Permission denied: [client 203.133.169.112:59612] AH00529: /var/www/vhosts/saratogahistory.com/httpdocs/phpBB/.htaccess pcfg_openfile: unable to check htaccess file, ensure it is readable and that '/var/www/vhosts/saratogahistory.com/httpdocs/phpBB/' is executable
[Wed Sep 02 18:52:54.145987 2020] [core:crit] [pid 6888:tid 140619208914688] (13)Permission denied: [client 203.133.169.112:59808] AH00529: /var/www/vhosts/saratogahistory.com/httpdocs/phpBB/.htaccess pcfg_openfile: unable to check htaccess file, ensure it is readable and that '/var/www/vhosts/saratogahistory.com/httpdocs/phpBB/' is executable
[Wed Sep 02 18:52:59.212533 2020] [core:crit] [pid 32352:tid 140619124995840] (13)Permission denied: [client 203.133.169.112:59978] AH00529: /var/www/vhosts/saratogahistory.com/httpdocs/phpBB/.htaccess pcfg_openfile: unable to check htaccess file, ensure it is readable and that '/var/www/vhosts/saratogahistory.com/httpdocs/phpBB/' is executable
[Wed Sep 02 18:53:04.213011 2020] [core:crit] [pid 6888:tid 140619282343680] (13)Permission denied: [client 203.133.169.112:60210] AH00529: /var/www/vhosts/saratogahistory.com/httpdocs/phpBB/.htaccess pcfg_openfile: unable to check htaccess file, ensure it is readable and that '/var/www/vhosts/saratogahistory.com/httpdocs/phpBB/' is executable
[Wed Sep 02 18:53:09.093179 2020] [core:crit] [pid 32352:tid 140619313813248] (13)Permission denied: [client 203.133.169.112:60434] AH00529: /var/www/vhosts/saratogahistory.com/httpdocs/phpBB/.htaccess pcfg_openfile: unable to check htaccess file, ensure it is readable and that '/var/www/vhosts/saratogahistory.com/httpdocs/phpBB/' is executable
[Wed Sep 02 18:53:14.079087 2020] [core:crit] [pid 32352:tid 140619240384256] (13)Permission denied: [client 203.133.169.112:60590] AH00529: /var/www/vhosts/saratogahistory.com/httpdocs/phpBB/.htaccess pcfg_openfile: unable to check htaccess file, ensure it is readable and that '/var/www/vhosts/saratogahistory.com/httpdocs/phpBB/' is executable
[Wed Sep 02 18:53:19.096264 2020] [core:crit] [pid 32352:tid 140619355772672] (13)Permission denied: [client 203.133.169.112:60776] AH00529: /var/www/vhosts/saratogahistory.com/httpdocs/phpBB/.htaccess pcfg_openfile: unable to check htaccess file, ensure it is readable and that '/var/www/vhosts/saratogahistory.com/httpdocs/phpBB/' is executable
[Wed Sep 02 18:53:24.980588 2020] [core:crit] [pid 6888:tid 140619145975552] (13)Permission denied: [client 203.133.169.112:60944] AH00529: /var/www/vhosts/saratogahistory.com/httpdocs/phpBB/.htaccess pcfg_openfile: unable to check htaccess file, ensure it is readable and that '/var/www/vhosts/saratogahistory.com/httpdocs/phpBB/' is executable
[Wed Sep 02 18:53:29.862996 2020] [core:crit] [pid 32352:tid 140619208914688] (13)Permission denied: [client 203.133.169.112:32846] AH00529: /var/www/vhosts/saratogahistory.com/httpdocs/phpBB/.htaccess pcfg_openfile: unable to check htaccess file, ensure it is readable and that '/var/www/vhosts/saratogahistory.com/httpdocs/phpBB/' is executable
[Wed Sep 02 18:53:34.786731 2020] [core:crit] [pid 32352:tid 140619250874112] (13)Permission denied: [client 203.133.169.112:33068] AH00529: /var/www/vhosts/saratogahistory.com/httpdocs/phpBB/.htaccess pcfg_openfile: unable to check htaccess file, ensure it is readable and that '/var/www/vhosts/saratogahistory.com/httpdocs/phpBB/' is executable
[Wed Sep 02 18:53:39.775500 2020] [core:crit] [pid 6888:tid 140619355772672] (13)Permission denied: [client 203.133.169.112:33180] AH00529: /var/www/vhosts/saratogahistory.com/httpdocs/phpBB/.htaccess pcfg_openfile: unable to check htaccess file, ensure it is readable and that '/var/www/vhosts/saratogahistory.com/httpdocs/phpBB/' is executable
[Wed Sep 02 18:53:44.666275 2020] [core:crit] [pid 6888:tid 140619166955264] (13)Permission denied: [client 203.133.169.112:33382] AH00529: /var/www/vhosts/saratogahistory.com/httpdocs/phpBB/.htaccess pcfg_openfile: unable to check htaccess file, ensure it is readable and that '/var/www/vhosts/saratogahistory.com/httpdocs/phpBB/' is executable
[Wed Sep 02 18:53:49.670341 2020] [core:crit] [pid 32325:tid 140619135485696] (13)Permission denied: [client 203.133.169.112:33568] AH00529: /var/www/vhosts/saratogahistory.com/httpdocs/phpBB/.htaccess pcfg_openfile: unable to check htaccess file, ensure it is readable and that '/var/www/vhosts/saratogahistory.com/httpdocs/phpBB/' is executable
[Wed Sep 02 18:53:54.567485 2020] [core:crit] [pid 6888:tid 140619177445120] (13)Permission denied: [client 203.133.169.112:33676] AH00529: /var/www/vhosts/saratogahistory.com/httpdocs/phpBB/.htaccess pcfg_openfile: unable to check htaccess file, ensure it is readable and that '/var/www/vhosts/saratogahistory.com/httpdocs/phpBB/' is executable
[Wed Sep 02 18:53:59.807519 2020] [core:crit] [pid 6888:tid 140619156465408] (13)Permission denied: [client 203.133.169.112:33896] AH00529: /var/www/vhosts/saratogahistory.com/httpdocs/phpBB/.htaccess pcfg_openfile: unable to check htaccess file, ensure it is readable and that '/var/www/vhosts/saratogahistory.com/httpdocs/phpBB/' is executable
[Wed Sep 02 18:54:04.806704 2020] [core:crit] [pid 6888:tid 140619124995840] (13)Permission denied: [client 203.133.169.112:34110] AH00529: /var/www/vhosts/saratogahistory.com/httpdocs/phpBB/.htaccess pcfg_openfile: unable to check htaccess file, ensure it is readable and that '/var/www/vhosts/saratogahistory.com/httpdocs/phpBB/' is executable
[Wed Sep 02 18:54:09.698214 2020] [core:crit] [pid 32325:tid 140619324303104] (13)Permission denied: [client 203.133.169.112:34292] AH00529: /var/www/vhosts/saratogahistory.com/httpdocs/phpBB/.htaccess pcfg_openfile: unable to check htaccess file, ensure it is readable and that '/var/www/vhosts/saratogahistory.com/httpdocs/phpBB/' is executable
[Wed Sep 02 18:54:14.586478 2020] [core:crit] [pid 6888:tid 140619135485696] (13)Permission denied: [client 203.133.169.112:34468] AH00529: /var/www/vhosts/saratogahistory.com/httpdocs/phpBB/.htaccess pcfg_openfile: unable to check htaccess file, ensure it is readable and that '/var/www/vhosts/saratogahistory.com/httpdocs/phpBB/' is executable
[Wed Sep 02 18:54:19.569348 2020] [core:crit] [pid 6888:tid 140619376752384] (13)Permission denied: [client 203.133.169.112:34602] AH00529: /var/www/vhosts/saratogahistory.com/httpdocs/phpBB/.htaccess pcfg_openfile: unable to check htaccess file, ensure it is readable and that '/var/www/vhosts/saratogahistory.com/httpdocs/phpBB/' is executable
[Wed Sep 02 18:54:24.561723 2020] [core:crit] [pid 6888:tid 140619292833536] (13)Permission denied: [client 203.133.169.112:34734] AH00529: /var/www/vhosts/saratogahistory.com/httpdocs/phpBB/.htaccess pcfg_openfile: unable to check htaccess file, ensure it is readable and that '/var/www/vhosts/saratogahistory.com/httpdocs/phpBB/' is executable
[Wed Sep 02 18:54:25.668124 2020] [core:crit] [pid 6888:tid 140619334792960] (13)Permission denied: [client 45.81.226.59:34750] AH00529: /var/www/vhosts/saratogahistory.com/httpdocs/phpBB/.htaccess pcfg_openfile: unable to check htaccess file, ensure it is readable and that '/var/www/vhosts/saratogahistory.com/httpdocs/phpBB/' is executable, referer: http://www.saratogahistory.com/phpBB/index.php
[Wed Sep 02 18:54:29.552104 2020] [core:crit] [pid 6888:tid 140619271853824] (13)Permission denied: [client 203.133.169.112:34852] AH00529: /var/www/vhosts/saratogahistory.com/httpdocs/phpBB/.htaccess pcfg_openfile: unable to check htaccess file, ensure it is readable and that '/var/www/vhosts/saratogahistory.com/httpdocs/phpBB/' is executable
[Wed Sep 02 18:54:34.572311 2020] [core:crit] [pid 6888:tid 140619303323392] (13)Permission denied: [client 203.133.169.112:35018] AH00529: /var/www/vhosts/saratogahistory.com/httpdocs/phpBB/.htaccess pcfg_openfile: unable to check htaccess file, ensure it is readable and that '/var/www/vhosts/saratogahistory.com/httpdocs/phpBB/' is executable
[Wed Sep 02 19:06:33.517349 2020] [core:crit] [pid 6888:tid 140619135485696] (13)Permission denied: [client 178.42.181.188:35736] AH00529: /var/www/vhosts/saratogahistory.com/httpdocs/phpBB/.htaccess pcfg_openfile: unable to check htaccess file, ensure it is readable and that '/var/www/vhosts/saratogahistory.com/httpdocs/phpBB/' is executable, referer: http://www.saratogahistory.com/phpBB/viewtopic.php?t=352&view=next&sid=326c76811e63838cae1ef58ab92bb4ab
[Wed Sep 02 19:14:13.639735 2020] [core:crit] [pid 6888:tid 140619145975552] (13)Permission denied: [client 185.25.35.11:52060] AH00529: /var/www/vhosts/saratogahistory.com/httpdocs/phpBB/.htaccess pcfg_openfile: unable to check htaccess file, ensure it is readable and that '/var/www/vhosts/saratogahistory.com/httpdocs/phpBB/' is executable
[Wed Sep 02 19:25:45.729164 2020] [core:crit] [pid 32352:tid 140619345282816] (13)Permission denied: [client 185.25.35.10:49822] AH00529: /var/www/vhosts/saratogahistory.com/httpdocs/phpBB/.htaccess pcfg_openfile: unable to check htaccess file, ensure it is readable and that '/var/www/vhosts/saratogahistory.com/httpdocs/phpBB/' is executable
[Wed Sep 02 19:38:17.355730 2020] [core:crit] [pid 6888:tid 140619166955264] (13)Permission denied: [client 62.102.148.69:54306] AH00529: /var/www/vhosts/saratogahistory.com/httpdocs/phpBB/.htaccess pcfg_openfile: unable to check htaccess file, ensure it is readable and that '/var/www/vhosts/saratogahistory.com/httpdocs/phpBB/' is executable, referer: http://www.saratogahistory.com/phpBB/index.php
[Wed Sep 02 20:07:15.320639 2020] [core:crit] [pid 6888:tid 140619313813248] (13)Permission denied: [client 145.255.3.72:40024] AH00529: /var/www/vhosts/saratogahistory.com/httpdocs/phpBB/.htaccess pcfg_openfile: unable to check htaccess file, ensure it is readable and that '/var/www/vhosts/saratogahistory.com/httpdocs/phpBB/' is executable, referer: http://www.saratogahistory.com/phpBB/index.php
[Wed Sep 02 20:23:53.537867 2020] [core:crit] [pid 32352:tid 140619198424832] (13)Permission denied: [client 40.77.167.48:48058] AH00529: /var/www/vhosts/saratogahistory.com/httpdocs/phpBB/.htaccess pcfg_openfile: unable to check htaccess file, ensure it is readable and that '/var/www/vhosts/saratogahistory.com/httpdocs/phpBB/' is executable
[Wed Sep 02 20:38:54.659277 2020] [core:crit] [pid 6888:tid 140619145975552] (13)Permission denied: [client 109.70.100.47:53818] AH00529: /var/www/vhosts/saratogahistory.com/httpdocs/phpBB/.htaccess pcfg_openfile: unable to check htaccess file, ensure it is readable and that '/var/www/vhosts/saratogahistory.com/httpdocs/phpBB/' is executable, referer: http://www.saratogahistory.com/phpBB/index.php
[Wed Sep 02 20:48:56.292063 2020] [core:crit] [pid 6888:tid 140619366262528] (13)Permission denied: [client 66.249.65.223:48802] AH00529: /var/www/vhosts/saratogahistory.com/httpdocs/phpBB/.htaccess pcfg_openfile: unable to check htaccess file, ensure it is readable and that '/var/www/vhosts/saratogahistory.com/httpdocs/phpBB/' is executable
[Wed Sep 02 20:51:07.886438 2020] [core:crit] [pid 6888:tid 140619324303104] (13)Permission denied: [client 66.249.65.193:53294] AH00529: /var/www/vhosts/saratogahistory.com/httpdocs/phpBB/.htaccess pcfg_openfile: unable to check htaccess file, ensure it is readable and that '/var/www/vhosts/saratogahistory.com/httpdocs/phpBB/' is executable
[Wed Sep 02 20:52:22.031604 2020] [core:crit] [pid 6888:tid 140619208914688] (13)Permission denied: [client 66.249.65.222:56110] AH00529: /var/www/vhosts/saratogahistory.com/httpdocs/phpBB/.htaccess pcfg_openfile: unable to check htaccess file, ensure it is readable and that '/var/www/vhosts/saratogahistory.com/httpdocs/phpBB/' is executable
[Wed Sep 02 21:40:12.176095 2020] [core:crit] [pid 6888:tid 140619282343680] (13)Permission denied: [client 185.220.101.145:49468] AH00529: /var/www/vhosts/saratogahistory.com/httpdocs/phpBB/.htaccess pcfg_openfile: unable to check htaccess file, ensure it is readable and that '/var/www/vhosts/saratogahistory.com/httpdocs/phpBB/' is executable, referer: http://www.saratogahistory.com/phpBB/index.php
[Wed Sep 02 22:38:07.915087 2020] [core:crit] [pid 6888:tid 140619282343680] (13)Permission denied: [client 178.159.37.58:53106] AH00529: /var/www/vhosts/saratogahistory.com/httpdocs/phpBB/.htaccess pcfg_openfile: unable to check htaccess file, ensure it is readable and that '/var/www/vhosts/saratogahistory.com/httpdocs/phpBB/' is executable, referer: http://www.saratogahistory.com/phpBB/index.php
[Wed Sep 02 22:42:55.936734 2020] [core:crit] [pid 6888:tid 140619355772672] (13)Permission denied: [client 203.133.169.112:36002] AH00529: /var/www/vhosts/saratogahistory.com/httpdocs/phpBB/.htaccess pcfg_openfile: unable to check htaccess file, ensure it is readable and that '/var/www/vhosts/saratogahistory.com/httpdocs/phpBB/' is executable
[Wed Sep 02 22:43:00.960950 2020] [core:crit] [pid 6888:tid 140619166955264] (13)Permission denied: [client 203.133.169.112:36168] AH00529: /var/www/vhosts/saratogahistory.com/httpdocs/phpBB/.htaccess pcfg_openfile: unable to check htaccess file, ensure it is readable and that '/var/www/vhosts/saratogahistory.com/httpdocs/phpBB/' is executable
[Wed Sep 02 22:43:05.966356 2020] [core:crit] [pid 6888:tid 140619177445120] (13)Permission denied: [client 203.133.169.112:36390] AH00529: /var/www/vhosts/saratogahistory.com/httpdocs/phpBB/.htaccess pcfg_openfile: unable to check htaccess file, ensure it is readable and that '/var/www/vhosts/saratogahistory.com/httpdocs/phpBB/' is executable
[Wed Sep 02 22:43:10.915215 2020] [core:crit] [pid 6888:tid 140619124995840] (13)Permission denied: [client 203.133.169.112:36596] AH00529: /var/www/vhosts/saratogahistory.com/httpdocs/phpBB/.htaccess pcfg_openfile: unable to check htaccess file, ensure it is readable and that '/var/www/vhosts/saratogahistory.com/httpdocs/phpBB/' is executable
[Wed Sep 02 22:43:16.011481 2020] [core:crit] [pid 6888:tid 140619198424832] (13)Permission denied: [client 203.133.169.112:36810] AH00529: /var/www/vhosts/saratogahistory.com/httpdocs/phpBB/.htaccess pcfg_openfile: unable to check htaccess file, ensure it is readable and that '/var/www/vhosts/saratogahistory.com/httpdocs/phpBB/' is executable
[Wed Sep 02 22:43:20.992285 2020] [core:crit] [pid 32352:tid 140619135485696] (13)Permission denied: [client 203.133.169.112:37048] AH00529: /var/www/vhosts/saratogahistory.com/httpdocs/phpBB/.htaccess pcfg_openfile: unable to check htaccess file, ensure it is readable and that '/var/www/vhosts/saratogahistory.com/httpdocs/phpBB/' is executable
[Wed Sep 02 22:43:26.076683 2020] [core:crit] [pid 32325:tid 140619271853824] (13)Permission denied: [client 203.133.169.112:37334] AH00529: /var/www/vhosts/saratogahistory.com/httpdocs/phpBB/.htaccess pcfg_openfile: unable to check htaccess file, ensure it is readable and that '/var/www/vhosts/saratogahistory.com/httpdocs/phpBB/' is executable
[Wed Sep 02 22:43:31.082841 2020] [core:crit] [pid 6888:tid 140619345282816] (13)Permission denied: [client 203.133.169.112:37588] AH00529: /var/www/vhosts/saratogahistory.com/httpdocs/phpBB/.htaccess pcfg_openfile: unable to check htaccess file, ensure it is readable and that '/var/www/vhosts/saratogahistory.com/httpdocs/phpBB/' is executable
[Wed Sep 02 22:43:36.074364 2020] [core:crit] [pid 6888:tid 140619366262528] (13)Permission denied: [client 203.133.169.112:37790] AH00529: /var/www/vhosts/saratogahistory.com/httpdocs/phpBB/.htaccess pcfg_openfile: unable to check htaccess file, ensure it is readable and that '/var/www/vhosts/saratogahistory.com/httpdocs/phpBB/' is executable
[Wed Sep 02 22:43:41.065220 2020] [core:crit] [pid 6888:tid 140619324303104] (13)Permission denied: [client 203.133.169.112:38042] AH00529: /var/www/vhosts/saratogahistory.com/httpdocs/phpBB/.htaccess pcfg_openfile: unable to check htaccess file, ensure it is readable and that '/var/www/vhosts/saratogahistory.com/httpdocs/phpBB/' is executable
[Wed Sep 02 22:43:46.070660 2020] [core:crit] [pid 6888:tid 140619250874112] (13)Permission denied: [client 203.133.169.112:38290] AH00529: /var/www/vhosts/saratogahistory.com/httpdocs/phpBB/.htaccess pcfg_openfile: unable to check htaccess file, ensure it is readable and that '/var/www/vhosts/saratogahistory.com/httpdocs/phpBB/' is executable
[Wed Sep 02 22:43:51.021192 2020] [core:crit] [pid 6888:tid 140619208914688] (13)Permission denied: [client 203.133.169.112:38528] AH00529: /var/www/vhosts/saratogahistory.com/httpdocs/phpBB/.htaccess pcfg_openfile: unable to check htaccess file, ensure it is readable and that '/var/www/vhosts/saratogahistory.com/httpdocs/phpBB/' is executable
[Wed Sep 02 22:43:56.001960 2020] [core:crit] [pid 32352:tid 140619303323392] (13)Permission denied: [client 203.133.169.112:38736] AH00529: /var/www/vhosts/saratogahistory.com/httpdocs/phpBB/.htaccess pcfg_openfile: unable to check htaccess file, ensure it is readable and that '/var/www/vhosts/saratogahistory.com/httpdocs/phpBB/' is executable
[Wed Sep 02 22:44:01.079585 2020] [core:crit] [pid 6888:tid 140619282343680] (13)Permission denied: [client 203.133.169.112:38896] AH00529: /var/www/vhosts/saratogahistory.com/httpdocs/phpBB/.htaccess pcfg_openfile: unable to check htaccess file, ensure it is readable and that '/var/www/vhosts/saratogahistory.com/httpdocs/phpBB/' is executable
[Wed Sep 02 22:44:06.100250 2020] [core:crit] [pid 6888:tid 140619187934976] (13)Permission denied: [client 203.133.169.112:39122] AH00529: /var/www/vhosts/saratogahistory.com/httpdocs/phpBB/.htaccess pcfg_openfile: unable to check htaccess file, ensure it is readable and that '/var/www/vhosts/saratogahistory.com/httpdocs/phpBB/' is executable
[Wed Sep 02 22:44:10.975176 2020] [core:crit] [pid 6888:tid 140619229894400] (13)Permission denied: [client 203.133.169.112:39348] AH00529: /var/www/vhosts/saratogahistory.com/httpdocs/phpBB/.htaccess pcfg_openfile: unable to check htaccess file, ensure it is readable and that '/var/www/vhosts/saratogahistory.com/httpdocs/phpBB/' is executable
[Wed Sep 02 22:44:15.862053 2020] [core:crit] [pid 6888:tid 140619240384256] (13)Permission denied: [client 203.133.169.112:39516] AH00529: /var/www/vhosts/saratogahistory.com/httpdocs/phpBB/.htaccess pcfg_openfile: unable to check htaccess file, ensure it is readable and that '/var/www/vhosts/saratogahistory.com/httpdocs/phpBB/' is executable
[Wed Sep 02 22:44:20.751522 2020] [core:crit] [pid 6888:tid 140619261363968] (13)Permission denied: [client 203.133.169.112:39694] AH00529: /var/www/vhosts/saratogahistory.com/httpdocs/phpBB/.htaccess pcfg_openfile: unable to check htaccess file, ensure it is readable and that '/var/www/vhosts/saratogahistory.com/httpdocs/phpBB/' is executable
[Wed Sep 02 23:02:37.249620 2020] [core:crit] [pid 6888:tid 140619240384256] (13)Permission denied: [client 203.133.169.181:55596] AH00529: /var/www/vhosts/saratogahistory.com/httpdocs/phpBB/.htaccess pcfg_openfile: unable to check htaccess file, ensure it is readable and that '/var/www/vhosts/saratogahistory.com/httpdocs/phpBB/' is executable
[Wed Sep 02 23:02:55.461718 2020] [core:crit] [pid 32325:tid 140619198424832] (13)Permission denied: [client 104.244.73.43:56270] AH00529: /var/www/vhosts/saratogahistory.com/httpdocs/phpBB/.htaccess pcfg_openfile: unable to check htaccess file, ensure it is readable and that '/var/www/vhosts/saratogahistory.com/httpdocs/phpBB/' is executable, referer: http://www.saratogahistory.com/phpBB/index.php
[Wed Sep 02 23:25:04.351860 2020] [core:crit] [pid 32352:tid 140619261363968] (13)Permission denied: [client 185.25.35.10:50340] AH00529: /var/www/vhosts/saratogahistory.com/httpdocs/phpBB/.htaccess pcfg_openfile: unable to check htaccess file, ensure it is readable and that '/var/www/vhosts/saratogahistory.com/httpdocs/phpBB/' is executable
[Wed Sep 02 23:37:23.888151 2020] [core:crit] [pid 6888:tid 140619187934976] (13)Permission denied: [client 109.70.100.39:52570] AH00529: /var/www/vhosts/saratogahistory.com/httpdocs/phpBB/.htaccess pcfg_openfile: unable to check htaccess file, ensure it is readable and that '/var/www/vhosts/saratogahistory.com/httpdocs/phpBB/' is executable, referer: http://www.saratogahistory.com/phpBB/index.php
[Wed Sep 02 23:57:43.351596 2020] [core:crit] [pid 6888:tid 140619177445120] (13)Permission denied: [client 31.220.1.84:44670] AH00529: /var/www/vhosts/saratogahistory.com/httpdocs/phpBB/.htaccess pcfg_openfile: unable to check htaccess file, ensure it is readable and that '/var/www/vhosts/saratogahistory.com/httpdocs/phpBB/' is executable, referer: http://www.saratogahistory.com/phpBB/index.php
[Thu Sep 03 00:16:55.130283 2020] [core:crit] [pid 6888:tid 140619313813248] (13)Permission denied: [client 185.25.35.10:34772] AH00529: /var/www/vhosts/saratogahistory.com/httpdocs/phpBB/.htaccess pcfg_openfile: unable to check htaccess file, ensure it is readable and that '/var/www/vhosts/saratogahistory.com/httpdocs/phpBB/' is executable
[Thu Sep 03 01:13:22.673753 2020] [core:crit] [pid 32352:tid 140619198424832] (13)Permission denied: [client 185.25.35.10:57646] AH00529: /var/www/vhosts/saratogahistory.com/httpdocs/phpBB/.htaccess pcfg_openfile: unable to check htaccess file, ensure it is readable and that '/var/www/vhosts/saratogahistory.com/httpdocs/phpBB/' is executable
[Thu Sep 03 01:24:20.502718 2020] [core:crit] [pid 6888:tid 140619292833536] (13)Permission denied: [client 185.25.35.14:57038] AH00529: /var/www/vhosts/saratogahistory.com/httpdocs/phpBB/.htaccess pcfg_openfile: unable to check htaccess file, ensure it is readable and that '/var/www/vhosts/saratogahistory.com/httpdocs/phpBB/' is executable
[Thu Sep 03 01:39:31.682374 2020] [core:crit] [pid 6888:tid 140619261363968] (13)Permission denied: [client 51.83.69.84:36644] AH00529: /var/www/vhosts/saratogahistory.com/httpdocs/phpBB/.htaccess pcfg_openfile: unable to check htaccess file, ensure it is readable and that '/var/www/vhosts/saratogahistory.com/httpdocs/phpBB/' is executable, referer: http://www.saratogahistory.com/phpBB/index.php
[Thu Sep 03 01:40:56.210999 2020] [core:crit] [pid 32352:tid 140619303323392] (13)Permission denied: [client 5.44.169.215:40384] AH00529: /var/www/vhosts/saratogahistory.com/httpdocs/phpBB/.htaccess pcfg_openfile: unable to check htaccess file, ensure it is readable and that '/var/www/vhosts/saratogahistory.com/httpdocs/phpBB/' is executable, referer: http://www.saratogahistory.com/phpBB/
[Thu Sep 03 02:31:59.226998 2020] [core:crit] [pid 32352:tid 140619156465408] (13)Permission denied: [client 203.133.169.112:43938] AH00529: /var/www/vhosts/saratogahistory.com/httpdocs/phpBB/.htaccess pcfg_openfile: unable to check htaccess file, ensure it is readable and that '/var/www/vhosts/saratogahistory.com/httpdocs/phpBB/' is executable
[Thu Sep 03 02:32:04.216557 2020] [core:crit] [pid 6888:tid 140619198424832] (13)Permission denied: [client 203.133.169.112:44228] AH00529: /var/www/vhosts/saratogahistory.com/httpdocs/phpBB/.htaccess pcfg_openfile: unable to check htaccess file, ensure it is readable and that '/var/www/vhosts/saratogahistory.com/httpdocs/phpBB/' is executable
[Thu Sep 03 02:32:09.101244 2020] [core:crit] [pid 6888:tid 140619345282816] (13)Permission denied: [client 203.133.169.112:44378] AH00529: /var/www/vhosts/saratogahistory.com/httpdocs/phpBB/.htaccess pcfg_openfile: unable to check htaccess file, ensure it is readable and that '/var/www/vhosts/saratogahistory.com/httpdocs/phpBB/' is executable
[Thu Sep 03 02:32:14.130768 2020] [core:crit] [pid 6888:tid 140619366262528] (13)Permission denied: [client 203.133.169.112:44566] AH00529: /var/www/vhosts/saratogahistory.com/httpdocs/phpBB/.htaccess pcfg_openfile: unable to check htaccess file, ensure it is readable and that '/var/www/vhosts/saratogahistory.com/httpdocs/phpBB/' is executable
[Thu Sep 03 02:32:19.020236 2020] [core:crit] [pid 32352:tid 140619124995840] (13)Permission denied: [client 203.133.169.112:44784] AH00529: /var/www/vhosts/saratogahistory.com/httpdocs/phpBB/.htaccess pcfg_openfile: unable to check htaccess file, ensure it is readable and that '/var/www/vhosts/saratogahistory.com/httpdocs/phpBB/' is executable
[Thu Sep 03 02:32:24.026250 2020] [core:crit] [pid 6888:tid 140619324303104] (13)Permission denied: [client 203.133.169.112:45040] AH00529: /var/www/vhosts/saratogahistory.com/httpdocs/phpBB/.htaccess pcfg_openfile: unable to check htaccess file, ensure it is readable and that '/var/www/vhosts/saratogahistory.com/httpdocs/phpBB/' is executable
[Thu Sep 03 02:32:29.203376 2020] [core:crit] [pid 32352:tid 140619313813248] (13)Permission denied: [client 203.133.169.112:45254] AH00529: /var/www/vhosts/saratogahistory.com/httpdocs/phpBB/.htaccess pcfg_openfile: unable to check htaccess file, ensure it is readable and that '/var/www/vhosts/saratogahistory.com/httpdocs/phpBB/' is executable
[Thu Sep 03 02:32:34.106409 2020] [core:crit] [pid 6888:tid 140619250874112] (13)Permission denied: [client 203.133.169.112:45460] AH00529: /var/www/vhosts/saratogahistory.com/httpdocs/phpBB/.htaccess pcfg_openfile: unable to check htaccess file, ensure it is readable and that '/var/www/vhosts/saratogahistory.com/httpdocs/phpBB/' is executable
[Thu Sep 03 02:32:38.986124 2020] [core:crit] [pid 6888:tid 140619208914688] (13)Permission denied: [client 203.133.169.112:45698] AH00529: /var/www/vhosts/saratogahistory.com/httpdocs/phpBB/.htaccess pcfg_openfile: unable to check htaccess file, ensure it is readable and that '/var/www/vhosts/saratogahistory.com/httpdocs/phpBB/' is executable
[Thu Sep 03 02:32:43.998948 2020] [core:crit] [pid 6888:tid 140619282343680] (13)Permission denied: [client 203.133.169.112:45946] AH00529: /var/www/vhosts/saratogahistory.com/httpdocs/phpBB/.htaccess pcfg_openfile: unable to check htaccess file, ensure it is readable and that '/var/www/vhosts/saratogahistory.com/httpdocs/phpBB/' is executable
[Thu Sep 03 02:32:48.878142 2020] [core:crit] [pid 6888:tid 140619229894400] (13)Permission denied: [client 203.133.169.112:46172] AH00529: /var/www/vhosts/saratogahistory.com/httpdocs/phpBB/.htaccess pcfg_openfile: unable to check htaccess file, ensure it is readable and that '/var/www/vhosts/saratogahistory.com/httpdocs/phpBB/' is executable
[Thu Sep 03 02:32:53.751633 2020] [core:crit] [pid 32352:tid 140619324303104] (13)Permission denied: [client 203.133.169.112:46378] AH00529: /var/www/vhosts/saratogahistory.com/httpdocs/phpBB/.htaccess pcfg_openfile: unable to check htaccess file, ensure it is readable and that '/var/www/vhosts/saratogahistory.com/httpdocs/phpBB/' is executable
[Thu Sep 03 02:32:58.854337 2020] [core:crit] [pid 6888:tid 140619187934976] (13)Permission denied: [client 203.133.169.112:46600] AH00529: /var/www/vhosts/saratogahistory.com/httpdocs/phpBB/.htaccess pcfg_openfile: unable to check htaccess file, ensure it is readable and that '/var/www/vhosts/saratogahistory.com/httpdocs/phpBB/' is executable
[Thu Sep 03 02:33:04.038801 2020] [core:crit] [pid 6888:tid 140619240384256] (13)Permission denied: [client 203.133.169.112:46776] AH00529: /var/www/vhosts/saratogahistory.com/httpdocs/phpBB/.htaccess pcfg_openfile: unable to check htaccess file, ensure it is readable and that '/var/www/vhosts/saratogahistory.com/httpdocs/phpBB/' is executable
[Thu Sep 03 02:33:08.929886 2020] [core:crit] [pid 6888:tid 140619261363968] (13)Permission denied: [client 203.133.169.112:46988] AH00529: /var/www/vhosts/saratogahistory.com/httpdocs/phpBB/.htaccess pcfg_openfile: unable to check htaccess file, ensure it is readable and that '/var/www/vhosts/saratogahistory.com/httpdocs/phpBB/' is executable
[Thu Sep 03 02:33:13.819291 2020] [core:crit] [pid 6888:tid 140619219404544] (13)Permission denied: [client 203.133.169.112:47294] AH00529: /var/www/vhosts/saratogahistory.com/httpdocs/phpBB/.htaccess pcfg_openfile: unable to check htaccess file, ensure it is readable and that '/var/www/vhosts/saratogahistory.com/httpdocs/phpBB/' is executable
[Thu Sep 03 02:33:18.716048 2020] [core:crit] [pid 6888:tid 140619145975552] (13)Permission denied: [client 203.133.169.112:47554] AH00529: /var/www/vhosts/saratogahistory.com/httpdocs/phpBB/.htaccess pcfg_openfile: unable to check htaccess file, ensure it is readable and that '/var/www/vhosts/saratogahistory.com/httpdocs/phpBB/' is executable
[Thu Sep 03 02:33:23.703429 2020] [core:crit] [pid 6888:tid 140619355772672] (13)Permission denied: [client 203.133.169.112:47766] AH00529: /var/www/vhosts/saratogahistory.com/httpdocs/phpBB/.htaccess pcfg_openfile: unable to check htaccess file, ensure it is readable and that '/var/www/vhosts/saratogahistory.com/httpdocs/phpBB/' is executable
[Thu Sep 03 02:33:28.698646 2020] [core:crit] [pid 6888:tid 140619166955264] (13)Permission denied: [client 203.133.169.112:47946] AH00529: /var/www/vhosts/saratogahistory.com/httpdocs/phpBB/.htaccess pcfg_openfile: unable to check htaccess file, ensure it is readable and that '/var/www/vhosts/saratogahistory.com/httpdocs/phpBB/' is executable
[Thu Sep 03 02:33:33.692570 2020] [core:crit] [pid 6888:tid 140619177445120] (13)Permission denied: [client 203.133.169.112:48138] AH00529: /var/www/vhosts/saratogahistory.com/httpdocs/phpBB/.htaccess pcfg_openfile: unable to check htaccess file, ensure it is readable and that '/var/www/vhosts/saratogahistory.com/httpdocs/phpBB/' is executable
[Thu Sep 03 02:33:38.922650 2020] [core:crit] [pid 6888:tid 140619156465408] (13)Permission denied: [client 203.133.169.112:48374] AH00529: /var/www/vhosts/saratogahistory.com/httpdocs/phpBB/.htaccess pcfg_openfile: unable to check htaccess file, ensure it is readable and that '/var/www/vhosts/saratogahistory.com/httpdocs/phpBB/' is executable
[Thu Sep 03 02:33:43.801062 2020] [core:crit] [pid 6888:tid 140619124995840] (13)Permission denied: [client 203.133.169.112:48592] AH00529: /var/www/vhosts/saratogahistory.com/httpdocs/phpBB/.htaccess pcfg_openfile: unable to check htaccess file, ensure it is readable and that '/var/www/vhosts/saratogahistory.com/httpdocs/phpBB/' is executable
[Thu Sep 03 02:33:48.686273 2020] [core:crit] [pid 32352:tid 140619261363968] (13)Permission denied: [client 203.133.169.112:48816] AH00529: /var/www/vhosts/saratogahistory.com/httpdocs/phpBB/.htaccess pcfg_openfile: unable to check htaccess file, ensure it is readable and that '/var/www/vhosts/saratogahistory.com/httpdocs/phpBB/' is executable
[Thu Sep 03 02:33:53.748919 2020] [core:crit] [pid 32352:tid 140619240384256] (13)Permission denied: [client 203.133.169.112:49034] AH00529: /var/www/vhosts/saratogahistory.com/httpdocs/phpBB/.htaccess pcfg_openfile: unable to check htaccess file, ensure it is readable and that '/var/www/vhosts/saratogahistory.com/httpdocs/phpBB/' is executable
[Thu Sep 03 02:33:58.752759 2020] [core:crit] [pid 6888:tid 140619135485696] (13)Permission denied: [client 203.133.169.112:49162] AH00529: /var/www/vhosts/saratogahistory.com/httpdocs/phpBB/.htaccess pcfg_openfile: unable to check htaccess file, ensure it is readable and that '/var/www/vhosts/saratogahistory.com/httpdocs/phpBB/' is executable
[Thu Sep 03 02:34:03.654244 2020] [core:crit] [pid 32352:tid 140619355772672] (13)Permission denied: [client 203.133.169.112:49300] AH00529: /var/www/vhosts/saratogahistory.com/httpdocs/phpBB/.htaccess pcfg_openfile: unable to check htaccess file, ensure it is readable and that '/var/www/vhosts/saratogahistory.com/httpdocs/phpBB/' is executable
[Thu Sep 03 02:34:08.537550 2020] [core:crit] [pid 32325:tid 140619187934976] (13)Permission denied: [client 203.133.169.112:49502] AH00529: /var/www/vhosts/saratogahistory.com/httpdocs/phpBB/.htaccess pcfg_openfile: unable to check htaccess file, ensure it is readable and that '/var/www/vhosts/saratogahistory.com/httpdocs/phpBB/' is executable
[Thu Sep 03 02:34:13.608551 2020] [core:crit] [pid 6888:tid 140619292833536] (13)Permission denied: [client 203.133.169.112:49656] AH00529: /var/www/vhosts/saratogahistory.com/httpdocs/phpBB/.htaccess pcfg_openfile: unable to check htaccess file, ensure it is readable and that '/var/www/vhosts/saratogahistory.com/httpdocs/phpBB/' is executable
[Thu Sep 03 02:34:18.610850 2020] [core:crit] [pid 6888:tid 140619376752384] (13)Permission denied: [client 203.133.169.112:49892] AH00529: /var/www/vhosts/saratogahistory.com/httpdocs/phpBB/.htaccess pcfg_openfile: unable to check htaccess file, ensure it is readable and that '/var/www/vhosts/saratogahistory.com/httpdocs/phpBB/' is executable
[Thu Sep 03 02:34:23.614319 2020] [core:crit] [pid 32352:tid 140619208914688] (13)Permission denied: [client 203.133.169.112:50044] AH00529: /var/www/vhosts/saratogahistory.com/httpdocs/phpBB/.htaccess pcfg_openfile: unable to check htaccess file, ensure it is readable and that '/var/www/vhosts/saratogahistory.com/httpdocs/phpBB/' is executable
[Thu Sep 03 02:34:28.526729 2020] [core:crit] [pid 32352:tid 140619250874112] (13)Permission denied: [client 203.133.169.112:50204] AH00529: /var/www/vhosts/saratogahistory.com/httpdocs/phpBB/.htaccess pcfg_openfile: unable to check htaccess file, ensure it is readable and that '/var/www/vhosts/saratogahistory.com/httpdocs/phpBB/' is executable
[Thu Sep 03 02:34:33.427506 2020] [core:crit] [pid 32352:tid 140619334792960] (13)Permission denied: [client 203.133.169.112:50378] AH00529: /var/www/vhosts/saratogahistory.com/httpdocs/phpBB/.htaccess pcfg_openfile: unable to check htaccess file, ensure it is readable and that '/var/www/vhosts/saratogahistory.com/httpdocs/phpBB/' is executable
[Thu Sep 03 03:14:53.158679 2020] [core:crit] [pid 6888:tid 140619334792960] (13)Permission denied: [client 185.220.101.20:60710] AH00529: /var/www/vhosts/saratogahistory.com/httpdocs/phpBB/.htaccess pcfg_openfile: unable to check htaccess file, ensure it is readable and that '/var/www/vhosts/saratogahistory.com/httpdocs/phpBB/' is executable, referer: http://www.saratogahistory.com/phpBB/index.php
[Thu Sep 03 03:38:03.774550 2020] [core:crit] [pid 32352:tid 140619261363968] (13)Permission denied: [client 46.165.230.5:57506] AH00529: /var/www/vhosts/saratogahistory.com/httpdocs/phpBB/.htaccess pcfg_openfile: unable to check htaccess file, ensure it is readable and that '/var/www/vhosts/saratogahistory.com/httpdocs/phpBB/' is executable, referer: http://www.saratogahistory.com/phpBB/index.php
[Thu Sep 03 04:30:11.524910 2020] [core:crit] [pid 6888:tid 140619219404544] (13)Permission denied: [client 40.77.167.72:48444] AH00529: /var/www/vhosts/saratogahistory.com/httpdocs/phpBB/.htaccess pcfg_openfile: unable to check htaccess file, ensure it is readable and that '/var/www/vhosts/saratogahistory.com/httpdocs/phpBB/' is executable
[Thu Sep 03 04:37:26.643697 2020] [proxy_fcgi:error] [pid 32352:tid 140619177445120] [client 217.164.5.182:37986] AH01071: Got error 'Primary script unknown\n'
[Thu Sep 03 04:48:51.549686 2020] [core:crit] [pid 6888:tid 140619177445120] (13)Permission denied: [client 5.188.84.251:36760] AH00529: /var/www/vhosts/saratogahistory.com/httpdocs/phpBB/.htaccess pcfg_openfile: unable to check htaccess file, ensure it is readable and that '/var/www/vhosts/saratogahistory.com/httpdocs/phpBB/' is executable, referer: http://www.saratogahistory.com/phpBB/index.php
[Thu Sep 03 05:14:58.355943 2020] [core:crit] [pid 6888:tid 140619282343680] (13)Permission denied: [client 185.25.35.11:42358] AH00529: /var/www/vhosts/saratogahistory.com/httpdocs/phpBB/.htaccess pcfg_openfile: unable to check htaccess file, ensure it is readable and that '/var/www/vhosts/saratogahistory.com/httpdocs/phpBB/' is executable
[Thu Sep 03 05:37:21.299374 2020] [core:crit] [pid 32325:tid 140619261363968] (13)Permission denied: [client 217.170.206.146:40668] AH00529: /var/www/vhosts/saratogahistory.com/httpdocs/phpBB/.htaccess pcfg_openfile: unable to check htaccess file, ensure it is readable and that '/var/www/vhosts/saratogahistory.com/httpdocs/phpBB/' is executable, referer: http://www.saratogahistory.com/phpBB/index.php
[Thu Sep 03 06:09:42.828730 2020] [core:crit] [pid 6888:tid 140619303323392] (13)Permission denied: [client 185.25.35.8:35320] AH00529: /var/www/vhosts/saratogahistory.com/httpdocs/phpBB/.htaccess pcfg_openfile: unable to check htaccess file, ensure it is readable and that '/var/www/vhosts/saratogahistory.com/httpdocs/phpBB/' is executable
[Thu Sep 03 06:15:33.085247 2020] [core:crit] [pid 6888:tid 140619187934976] (13)Permission denied: [client 45.67.212.201:51636] AH00529: /var/www/vhosts/saratogahistory.com/httpdocs/phpBB/.htaccess pcfg_openfile: unable to check htaccess file, ensure it is readable and that '/var/www/vhosts/saratogahistory.com/httpdocs/phpBB/' is executable, referer: http://www.saratogahistory.com/phpBB/index.php
[Thu Sep 03 06:17:50.890822 2020] [core:crit] [pid 32352:tid 140619240384256] (13)Permission denied: [client 203.133.169.112:56960] AH00529: /var/www/vhosts/saratogahistory.com/httpdocs/phpBB/.htaccess pcfg_openfile: unable to check htaccess file, ensure it is readable and that '/var/www/vhosts/saratogahistory.com/httpdocs/phpBB/' is executable
[Thu Sep 03 06:17:55.919678 2020] [core:crit] [pid 6888:tid 140619156465408] (13)Permission denied: [client 203.133.169.112:57148] AH00529: /var/www/vhosts/saratogahistory.com/httpdocs/phpBB/.htaccess pcfg_openfile: unable to check htaccess file, ensure it is readable and that '/var/www/vhosts/saratogahistory.com/httpdocs/phpBB/' is executable
[Thu Sep 03 06:18:01.526630 2020] [core:crit] [pid 32352:tid 140619208914688] (13)Permission denied: [client 203.133.169.112:57356] AH00529: /var/www/vhosts/saratogahistory.com/httpdocs/phpBB/.htaccess pcfg_openfile: unable to check htaccess file, ensure it is readable and that '/var/www/vhosts/saratogahistory.com/httpdocs/phpBB/' is executable
[Thu Sep 03 06:18:06.642801 2020] [core:crit] [pid 32325:tid 140619219404544] (13)Permission denied: [client 203.133.169.112:57568] AH00529: /var/www/vhosts/saratogahistory.com/httpdocs/phpBB/.htaccess pcfg_openfile: unable to check htaccess file, ensure it is readable and that '/var/www/vhosts/saratogahistory.com/httpdocs/phpBB/' is executable
[Thu Sep 03 06:18:10.363937 2020] [core:crit] [pid 32352:tid 140619250874112] (13)Permission denied: [client 178.159.37.88:57738] AH00529: /var/www/vhosts/saratogahistory.com/httpdocs/phpBB/.htaccess pcfg_openfile: unable to check htaccess file, ensure it is readable and that '/var/www/vhosts/saratogahistory.com/httpdocs/phpBB/' is executable, referer: http://www.saratogahistory.com/phpBB/index.php
[Thu Sep 03 06:18:11.390629 2020] [proxy_fcgi:error] [pid 6888:tid 140619135485696] [client 178.159.37.88:57772] AH01071: Got error 'Primary script unknown\n', referer: http://www.saratogahistory.com/index.php
[Thu Sep 03 06:18:11.536635 2020] [core:crit] [pid 32352:tid 140619366262528] (13)Permission denied: [client 203.133.169.112:57778] AH00529: /var/www/vhosts/saratogahistory.com/httpdocs/phpBB/.htaccess pcfg_openfile: unable to check htaccess file, ensure it is readable and that '/var/www/vhosts/saratogahistory.com/httpdocs/phpBB/' is executable
[Thu Sep 03 06:18:11.670295 2020] [proxy_fcgi:error] [pid 6888:tid 140619292833536] [client 178.159.37.88:57786] AH01071: Got error 'Primary script unknown\n', referer: http://www.saratogahistory.com/index.php
[Thu Sep 03 06:18:11.938534 2020] [proxy_fcgi:error] [pid 6888:tid 140619376752384] [client 178.159.37.88:57802] AH01071: Got error 'Primary script unknown\n', referer: http://www.saratogahistory.com/index.php
[Thu Sep 03 06:18:16.553934 2020] [core:crit] [pid 6888:tid 140619334792960] (13)Permission denied: [client 203.133.169.112:57936] AH00529: /var/www/vhosts/saratogahistory.com/httpdocs/phpBB/.htaccess pcfg_openfile: unable to check htaccess file, ensure it is readable and that '/var/www/vhosts/saratogahistory.com/httpdocs/phpBB/' is executable
[Thu Sep 03 06:18:21.650019 2020] [core:crit] [pid 6888:tid 140619313813248] (13)Permission denied: [client 203.133.169.112:58100] AH00529: /var/www/vhosts/saratogahistory.com/httpdocs/phpBB/.htaccess pcfg_openfile: unable to check htaccess file, ensure it is readable and that '/var/www/vhosts/saratogahistory.com/httpdocs/phpBB/' is executable
[Thu Sep 03 06:18:26.653824 2020] [core:crit] [pid 32352:tid 140619229894400] (13)Permission denied: [client 203.133.169.112:58228] AH00529: /var/www/vhosts/saratogahistory.com/httpdocs/phpBB/.htaccess pcfg_openfile: unable to check htaccess file, ensure it is readable and that '/var/www/vhosts/saratogahistory.com/httpdocs/phpBB/' is executable
[Thu Sep 03 06:18:31.537478 2020] [core:crit] [pid 32352:tid 140619376752384] (13)Permission denied: [client 203.133.169.112:58428] AH00529: /var/www/vhosts/saratogahistory.com/httpdocs/phpBB/.htaccess pcfg_openfile: unable to check htaccess file, ensure it is readable and that '/var/www/vhosts/saratogahistory.com/httpdocs/phpBB/' is executable
[Thu Sep 03 06:18:36.439886 2020] [core:crit] [pid 6888:tid 140619271853824] (13)Permission denied: [client 203.133.169.112:58614] AH00529: /var/www/vhosts/saratogahistory.com/httpdocs/phpBB/.htaccess pcfg_openfile: unable to check htaccess file, ensure it is readable and that '/var/www/vhosts/saratogahistory.com/httpdocs/phpBB/' is executable
[Thu Sep 03 06:18:41.509825 2020] [core:crit] [pid 6888:tid 140619303323392] (13)Permission denied: [client 203.133.169.112:58810] AH00529: /var/www/vhosts/saratogahistory.com/httpdocs/phpBB/.htaccess pcfg_openfile: unable to check htaccess file, ensure it is readable and that '/var/www/vhosts/saratogahistory.com/httpdocs/phpBB/' is executable
[Thu Sep 03 06:18:46.535157 2020] [core:crit] [pid 32352:tid 140619187934976] (13)Permission denied: [client 203.133.169.112:58960] AH00529: /var/www/vhosts/saratogahistory.com/httpdocs/phpBB/.htaccess pcfg_openfile: unable to check htaccess file, ensure it is readable and that '/var/www/vhosts/saratogahistory.com/httpdocs/phpBB/' is executable
[Thu Sep 03 06:18:51.592011 2020] [core:crit] [pid 6888:tid 140619198424832] (13)Permission denied: [client 203.133.169.112:59186] AH00529: /var/www/vhosts/saratogahistory.com/httpdocs/phpBB/.htaccess pcfg_openfile: unable to check htaccess file, ensure it is readable and that '/var/www/vhosts/saratogahistory.com/httpdocs/phpBB/' is executable
[Thu Sep 03 06:18:56.562449 2020] [core:crit] [pid 32352:tid 140619219404544] (13)Permission denied: [client 203.133.169.112:59436] AH00529: /var/www/vhosts/saratogahistory.com/httpdocs/phpBB/.htaccess pcfg_openfile: unable to check htaccess file, ensure it is readable and that '/var/www/vhosts/saratogahistory.com/httpdocs/phpBB/' is executable
[Thu Sep 03 06:19:01.588638 2020] [core:crit] [pid 32352:tid 140619345282816] (13)Permission denied: [client 203.133.169.112:59718] AH00529: /var/www/vhosts/saratogahistory.com/httpdocs/phpBB/.htaccess pcfg_openfile: unable to check htaccess file, ensure it is readable and that '/var/www/vhosts/saratogahistory.com/httpdocs/phpBB/' is executable
[Thu Sep 03 06:19:06.468781 2020] [core:crit] [pid 6888:tid 140619345282816] (13)Permission denied: [client 203.133.169.112:59948] AH00529: /var/www/vhosts/saratogahistory.com/httpdocs/phpBB/.htaccess pcfg_openfile: unable to check htaccess file, ensure it is readable and that '/var/www/vhosts/saratogahistory.com/httpdocs/phpBB/' is executable
[Thu Sep 03 06:19:11.428513 2020] [core:crit] [pid 6888:tid 140619366262528] (13)Permission denied: [client 203.133.169.112:60110] AH00529: /var/www/vhosts/saratogahistory.com/httpdocs/phpBB/.htaccess pcfg_openfile: unable to check htaccess file, ensure it is readable and that '/var/www/vhosts/saratogahistory.com/httpdocs/phpBB/' is executable
[Thu Sep 03 06:19:16.334834 2020] [core:crit] [pid 32352:tid 140619145975552] (13)Permission denied: [client 203.133.169.112:60304] AH00529: /var/www/vhosts/saratogahistory.com/httpdocs/phpBB/.htaccess pcfg_openfile: unable to check htaccess file, ensure it is readable and that '/var/www/vhosts/saratogahistory.com/httpdocs/phpBB/' is executable
[Thu Sep 03 06:19:21.367618 2020] [core:crit] [pid 32352:tid 140619177445120] (13)Permission denied: [client 203.133.169.112:60478] AH00529: /var/www/vhosts/saratogahistory.com/httpdocs/phpBB/.htaccess pcfg_openfile: unable to check htaccess file, ensure it is readable and that '/var/www/vhosts/saratogahistory.com/httpdocs/phpBB/' is executable
[Thu Sep 03 06:19:27.382966 2020] [core:crit] [pid 32325:tid 140619229894400] (13)Permission denied: [client 203.133.169.112:60670] AH00529: /var/www/vhosts/saratogahistory.com/httpdocs/phpBB/.htaccess pcfg_openfile: unable to check htaccess file, ensure it is readable and that '/var/www/vhosts/saratogahistory.com/httpdocs/phpBB/' is executable
[Thu Sep 03 06:19:33.175339 2020] [core:crit] [pid 32352:tid 140619166955264] (13)Permission denied: [client 203.133.169.112:60894] AH00529: /var/www/vhosts/saratogahistory.com/httpdocs/phpBB/.htaccess pcfg_openfile: unable to check htaccess file, ensure it is readable and that '/var/www/vhosts/saratogahistory.com/httpdocs/phpBB/' is executable
[Thu Sep 03 06:19:38.067381 2020] [core:crit] [pid 6888:tid 140619324303104] (13)Permission denied: [client 203.133.169.112:32790] AH00529: /var/www/vhosts/saratogahistory.com/httpdocs/phpBB/.htaccess pcfg_openfile: unable to check htaccess file, ensure it is readable and that '/var/www/vhosts/saratogahistory.com/httpdocs/phpBB/' is executable
[Thu Sep 03 06:19:43.074588 2020] [core:crit] [pid 6888:tid 140619250874112] (13)Permission denied: [client 203.133.169.112:32942] AH00529: /var/www/vhosts/saratogahistory.com/httpdocs/phpBB/.htaccess pcfg_openfile: unable to check htaccess file, ensure it is readable and that '/var/www/vhosts/saratogahistory.com/httpdocs/phpBB/' is executable
[Thu Sep 03 06:19:47.966417 2020] [core:crit] [pid 6888:tid 140619282343680] (13)Permission denied: [client 203.133.169.112:33074] AH00529: /var/www/vhosts/saratogahistory.com/httpdocs/phpBB/.htaccess pcfg_openfile: unable to check htaccess file, ensure it is readable and that '/var/www/vhosts/saratogahistory.com/httpdocs/phpBB/' is executable
[Thu Sep 03 06:19:52.975868 2020] [core:crit] [pid 6888:tid 140619229894400] (13)Permission denied: [client 203.133.169.112:33310] AH00529: /var/www/vhosts/saratogahistory.com/httpdocs/phpBB/.htaccess pcfg_openfile: unable to check htaccess file, ensure it is readable and that '/var/www/vhosts/saratogahistory.com/httpdocs/phpBB/' is executable
[Thu Sep 03 06:19:58.995232 2020] [core:crit] [pid 6888:tid 140619208914688] (13)Permission denied: [client 203.133.169.112:33488] AH00529: /var/www/vhosts/saratogahistory.com/httpdocs/phpBB/.htaccess pcfg_openfile: unable to check htaccess file, ensure it is readable and that '/var/www/vhosts/saratogahistory.com/httpdocs/phpBB/' is executable
[Thu Sep 03 06:20:04.149841 2020] [core:crit] [pid 6888:tid 140619261363968] (13)Permission denied: [client 203.133.169.112:33926] AH00529: /var/www/vhosts/saratogahistory.com/httpdocs/phpBB/.htaccess pcfg_openfile: unable to check htaccess file, ensure it is readable and that '/var/www/vhosts/saratogahistory.com/httpdocs/phpBB/' is executable
[Thu Sep 03 06:20:09.205939 2020] [core:crit] [pid 6888:tid 140619240384256] (13)Permission denied: [client 203.133.169.112:34214] AH00529: /var/www/vhosts/saratogahistory.com/httpdocs/phpBB/.htaccess pcfg_openfile: unable to check htaccess file, ensure it is readable and that '/var/www/vhosts/saratogahistory.com/httpdocs/phpBB/' is executable
[Thu Sep 03 06:20:14.252328 2020] [core:crit] [pid 6888:tid 140619219404544] (13)Permission denied: [client 203.133.169.112:34486] AH00529: /var/www/vhosts/saratogahistory.com/httpdocs/phpBB/.htaccess pcfg_openfile: unable to check htaccess file, ensure it is readable and that '/var/www/vhosts/saratogahistory.com/httpdocs/phpBB/' is executable
[Thu Sep 03 06:20:19.277486 2020] [core:crit] [pid 32325:tid 140619124995840] (13)Permission denied: [client 203.133.169.112:34720] AH00529: /var/www/vhosts/saratogahistory.com/httpdocs/phpBB/.htaccess pcfg_openfile: unable to check htaccess file, ensure it is readable and that '/var/www/vhosts/saratogahistory.com/httpdocs/phpBB/' is executable
[Thu Sep 03 06:20:24.235540 2020] [core:crit] [pid 6888:tid 140619166955264] (13)Permission denied: [client 203.133.169.112:34968] AH00529: /var/www/vhosts/saratogahistory.com/httpdocs/phpBB/.htaccess pcfg_openfile: unable to check htaccess file, ensure it is readable and that '/var/www/vhosts/saratogahistory.com/httpdocs/phpBB/' is executable
[Thu Sep 03 06:20:29.266303 2020] [core:crit] [pid 32352:tid 140619135485696] (13)Permission denied: [client 203.133.169.112:35214] AH00529: /var/www/vhosts/saratogahistory.com/httpdocs/phpBB/.htaccess pcfg_openfile: unable to check htaccess file, ensure it is readable and that '/var/www/vhosts/saratogahistory.com/httpdocs/phpBB/' is executable
[Thu Sep 03 06:20:34.275566 2020] [core:crit] [pid 32325:tid 140619156465408] (13)Permission denied: [client 203.133.169.112:35502] AH00529: /var/www/vhosts/saratogahistory.com/httpdocs/phpBB/.htaccess pcfg_openfile: unable to check htaccess file, ensure it is readable and that '/var/www/vhosts/saratogahistory.com/httpdocs/phpBB/' is executable
[Thu Sep 03 06:20:39.413475 2020] [core:crit] [pid 6888:tid 140619156465408] (13)Permission denied: [client 203.133.169.112:35700] AH00529: /var/www/vhosts/saratogahistory.com/httpdocs/phpBB/.htaccess pcfg_openfile: unable to check htaccess file, ensure it is readable and that '/var/www/vhosts/saratogahistory.com/httpdocs/phpBB/' is executable
[Thu Sep 03 06:27:58.529652 2020] [core:crit] [pid 32325:tid 140619135485696] (13)Permission denied: [client 23.129.64.201:54426] AH00529: /var/www/vhosts/saratogahistory.com/httpdocs/phpBB/.htaccess pcfg_openfile: unable to check htaccess file, ensure it is readable and that '/var/www/vhosts/saratogahistory.com/httpdocs/phpBB/' is executable, referer: http://www.saratogahistory.com/phpBB/index.php
[Thu Sep 03 06:41:31.239503 2020] [core:crit] [pid 6888:tid 140619240384256] (13)Permission denied: [client 95.111.240.199:35082] AH00529: /var/www/vhosts/saratogahistory.com/httpdocs/phpBB/.htaccess pcfg_openfile: unable to check htaccess file, ensure it is readable and that '/var/www/vhosts/saratogahistory.com/httpdocs/phpBB/' is executable, referer: http://www.saratogahistory.com/phpBB/index.php
[Thu Sep 03 06:41:32.136922 2020] [proxy_fcgi:error] [pid 6888:tid 140619355772672] [client 95.111.240.199:35120] AH01071: Got error 'Primary script unknown\n', referer: http://www.saratogahistory.com/index.php
[Thu Sep 03 06:41:32.370079 2020] [proxy_fcgi:error] [pid 6888:tid 140619166955264] [client 95.111.240.199:35138] AH01071: Got error 'Primary script unknown\n', referer: http://www.saratogahistory.com/index.php
[Thu Sep 03 06:41:32.587678 2020] [proxy_fcgi:error] [pid 32325:tid 140619240384256] [client 95.111.240.199:35142] AH01071: Got error 'Primary script unknown\n', referer: http://www.saratogahistory.com/index.php
[Thu Sep 03 07:09:35.124286 2020] [core:crit] [pid 32322:tid 140619219404544] (13)Permission denied: [client 185.25.35.12:47160] AH00529: /var/www/vhosts/saratogahistory.com/httpdocs/phpBB/.htaccess pcfg_openfile: unable to check htaccess file, ensure it is readable and that '/var/www/vhosts/saratogahistory.com/httpdocs/phpBB/' is executable
[Thu Sep 03 07:19:11.199556 2020] [core:crit] [pid 32352:tid 140619156465408] (13)Permission denied: [client 78.106.78.26:44664] AH00529: /var/www/vhosts/saratogahistory.com/httpdocs/phpBB/.htaccess pcfg_openfile: unable to check htaccess file, ensure it is readable and that '/var/www/vhosts/saratogahistory.com/httpdocs/phpBB/' is executable, referer: http://www.saratogahistory.com/phpBB/index.php
[Thu Sep 03 07:20:30.407667 2020] [core:crit] [pid 6888:tid 140619219404544] (13)Permission denied: [client 185.25.35.12:48496] AH00529: /var/www/vhosts/saratogahistory.com/httpdocs/phpBB/.htaccess pcfg_openfile: unable to check htaccess file, ensure it is readable and that '/var/www/vhosts/saratogahistory.com/httpdocs/phpBB/' is executable
[Thu Sep 03 07:21:31.021783 2020] [core:crit] [pid 6888:tid 140619145975552] (13)Permission denied: [client 188.122.82.146:51508] AH00529: /var/www/vhosts/saratogahistory.com/httpdocs/phpBB/.htaccess pcfg_openfile: unable to check htaccess file, ensure it is readable and that '/var/www/vhosts/saratogahistory.com/httpdocs/phpBB/' is executable, referer: http://www.saratogahistory.com/phpBB/index.php
[Thu Sep 03 07:38:58.382370 2020] [core:crit] [pid 6888:tid 140619261363968] (13)Permission denied: [client 185.220.100.241:41154] AH00529: /var/www/vhosts/saratogahistory.com/httpdocs/phpBB/.htaccess pcfg_openfile: unable to check htaccess file, ensure it is readable and that '/var/www/vhosts/saratogahistory.com/httpdocs/phpBB/' is executable, referer: http://www.saratogahistory.com/phpBB/index.php
[Thu Sep 03 08:07:57.365811 2020] [core:crit] [pid 6888:tid 140619303323392] (13)Permission denied: [client 40.77.167.140:33262] AH00529: /var/www/vhosts/saratogahistory.com/httpdocs/phpBB/.htaccess pcfg_openfile: unable to check htaccess file, ensure it is readable and that '/var/www/vhosts/saratogahistory.com/httpdocs/phpBB/' is executable
[Thu Sep 03 09:37:39.713309 2020] [core:crit] [pid 32352:tid 140619229894400] (13)Permission denied: [client 185.220.101.4:38060] AH00529: /var/www/vhosts/saratogahistory.com/httpdocs/phpBB/.htaccess pcfg_openfile: unable to check htaccess file, ensure it is readable and that '/var/www/vhosts/saratogahistory.com/httpdocs/phpBB/' is executable, referer: http://www.saratogahistory.com/phpBB/index.php
[Thu Sep 03 09:42:18.179282 2020] [core:crit] [pid 32325:tid 140619313813248] (13)Permission denied: [client 185.220.101.4:48764] AH00529: /var/www/vhosts/saratogahistory.com/httpdocs/phpBB/.htaccess pcfg_openfile: unable to check htaccess file, ensure it is readable and that '/var/www/vhosts/saratogahistory.com/httpdocs/phpBB/' is executable, referer: http://www.saratogahistory.com/phpBB/index.php
[Thu Sep 03 10:00:34.007410 2020] [core:crit] [pid 6888:tid 140619376752384] (13)Permission denied: [client 104.218.63.119:36722] AH00529: /var/www/vhosts/saratogahistory.com/httpdocs/phpBB/.htaccess pcfg_openfile: unable to check htaccess file, ensure it is readable and that '/var/www/vhosts/saratogahistory.com/httpdocs/phpBB/' is executable, referer: http://www.saratogahistory.com/phpBB/index.php
[Thu Sep 03 10:25:08.524462 2020] [core:crit] [pid 6888:tid 140619219404544] (13)Permission denied: [client 203.133.169.112:34298] AH00529: /var/www/vhosts/saratogahistory.com/httpdocs/phpBB/.htaccess pcfg_openfile: unable to check htaccess file, ensure it is readable and that '/var/www/vhosts/saratogahistory.com/httpdocs/phpBB/' is executable
[Thu Sep 03 10:25:13.593542 2020] [core:crit] [pid 6888:tid 140619145975552] (13)Permission denied: [client 203.133.169.112:34402] AH00529: /var/www/vhosts/saratogahistory.com/httpdocs/phpBB/.htaccess pcfg_openfile: unable to check htaccess file, ensure it is readable and that '/var/www/vhosts/saratogahistory.com/httpdocs/phpBB/' is executable
[Thu Sep 03 10:25:18.881357 2020] [core:crit] [pid 6888:tid 140619355772672] (13)Permission denied: [client 203.133.169.112:34578] AH00529: /var/www/vhosts/saratogahistory.com/httpdocs/phpBB/.htaccess pcfg_openfile: unable to check htaccess file, ensure it is readable and that '/var/www/vhosts/saratogahistory.com/httpdocs/phpBB/' is executable
[Thu Sep 03 10:25:23.935163 2020] [core:crit] [pid 32352:tid 140619282343680] (13)Permission denied: [client 203.133.169.112:34708] AH00529: /var/www/vhosts/saratogahistory.com/httpdocs/phpBB/.htaccess pcfg_openfile: unable to check htaccess file, ensure it is readable and that '/var/www/vhosts/saratogahistory.com/httpdocs/phpBB/' is executable
[Thu Sep 03 10:25:28.907999 2020] [core:crit] [pid 6888:tid 140619166955264] (13)Permission denied: [client 203.133.169.112:34858] AH00529: /var/www/vhosts/saratogahistory.com/httpdocs/phpBB/.htaccess pcfg_openfile: unable to check htaccess file, ensure it is readable and that '/var/www/vhosts/saratogahistory.com/httpdocs/phpBB/' is executable
[Thu Sep 03 10:25:33.800360 2020] [core:crit] [pid 6888:tid 140619156465408] (13)Permission denied: [client 203.133.169.112:34980] AH00529: /var/www/vhosts/saratogahistory.com/httpdocs/phpBB/.htaccess pcfg_openfile: unable to check htaccess file, ensure it is readable and that '/var/www/vhosts/saratogahistory.com/httpdocs/phpBB/' is executable
[Thu Sep 03 10:25:39.102832 2020] [core:crit] [pid 32322:tid 140619366262528] (13)Permission denied: [client 203.133.169.112:35138] AH00529: /var/www/vhosts/saratogahistory.com/httpdocs/phpBB/.htaccess pcfg_openfile: unable to check htaccess file, ensure it is readable and that '/var/www/vhosts/saratogahistory.com/httpdocs/phpBB/' is executable
[Thu Sep 03 10:25:43.997880 2020] [core:crit] [pid 6888:tid 140619124995840] (13)Permission denied: [client 203.133.169.112:35254] AH00529: /var/www/vhosts/saratogahistory.com/httpdocs/phpBB/.htaccess pcfg_openfile: unable to check htaccess file, ensure it is readable and that '/var/www/vhosts/saratogahistory.com/httpdocs/phpBB/' is executable
[Thu Sep 03 10:25:49.019025 2020] [core:crit] [pid 6888:tid 140619177445120] (13)Permission denied: [client 203.133.169.112:35374] AH00529: /var/www/vhosts/saratogahistory.com/httpdocs/phpBB/.htaccess pcfg_openfile: unable to check htaccess file, ensure it is readable and that '/var/www/vhosts/saratogahistory.com/httpdocs/phpBB/' is executable
[Thu Sep 03 10:25:53.913462 2020] [core:crit] [pid 6888:tid 140619135485696] (13)Permission denied: [client 203.133.169.112:35484] AH00529: /var/www/vhosts/saratogahistory.com/httpdocs/phpBB/.htaccess pcfg_openfile: unable to check htaccess file, ensure it is readable and that '/var/www/vhosts/saratogahistory.com/httpdocs/phpBB/' is executable
[Thu Sep 03 10:25:58.820658 2020] [core:crit] [pid 32352:tid 140619124995840] (13)Permission denied: [client 203.133.169.112:35658] AH00529: /var/www/vhosts/saratogahistory.com/httpdocs/phpBB/.htaccess pcfg_openfile: unable to check htaccess file, ensure it is readable and that '/var/www/vhosts/saratogahistory.com/httpdocs/phpBB/' is executable
[Thu Sep 03 10:26:03.855201 2020] [core:crit] [pid 32322:tid 140619124995840] (13)Permission denied: [client 203.133.169.112:35800] AH00529: /var/www/vhosts/saratogahistory.com/httpdocs/phpBB/.htaccess pcfg_openfile: unable to check htaccess file, ensure it is readable and that '/var/www/vhosts/saratogahistory.com/httpdocs/phpBB/' is executable
[Thu Sep 03 10:26:09.473599 2020] [core:crit] [pid 6888:tid 140619292833536] (13)Permission denied: [client 203.133.169.112:35950] AH00529: /var/www/vhosts/saratogahistory.com/httpdocs/phpBB/.htaccess pcfg_openfile: unable to check htaccess file, ensure it is readable and that '/var/www/vhosts/saratogahistory.com/httpdocs/phpBB/' is executable
[Thu Sep 03 10:26:14.510301 2020] [core:crit] [pid 32352:tid 140619313813248] (13)Permission denied: [client 203.133.169.112:36076] AH00529: /var/www/vhosts/saratogahistory.com/httpdocs/phpBB/.htaccess pcfg_openfile: unable to check htaccess file, ensure it is readable and that '/var/www/vhosts/saratogahistory.com/httpdocs/phpBB/' is executable
[Thu Sep 03 10:26:19.407215 2020] [core:crit] [pid 6888:tid 140619376752384] (13)Permission denied: [client 203.133.169.112:36172] AH00529: /var/www/vhosts/saratogahistory.com/httpdocs/phpBB/.htaccess pcfg_openfile: unable to check htaccess file, ensure it is readable and that '/var/www/vhosts/saratogahistory.com/httpdocs/phpBB/' is executable
[Thu Sep 03 10:26:24.606899 2020] [core:crit] [pid 6888:tid 140619334792960] (13)Permission denied: [client 203.133.169.112:36318] AH00529: /var/www/vhosts/saratogahistory.com/httpdocs/phpBB/.htaccess pcfg_openfile: unable to check htaccess file, ensure it is readable and that '/var/www/vhosts/saratogahistory.com/httpdocs/phpBB/' is executable
[Thu Sep 03 10:26:29.615717 2020] [core:crit] [pid 6888:tid 140619313813248] (13)Permission denied: [client 203.133.169.112:36456] AH00529: /var/www/vhosts/saratogahistory.com/httpdocs/phpBB/.htaccess pcfg_openfile: unable to check htaccess file, ensure it is readable and that '/var/www/vhosts/saratogahistory.com/httpdocs/phpBB/' is executable
[Thu Sep 03 10:26:34.503602 2020] [core:crit] [pid 6888:tid 140619271853824] (13)Permission denied: [client 203.133.169.112:36624] AH00529: /var/www/vhosts/saratogahistory.com/httpdocs/phpBB/.htaccess pcfg_openfile: unable to check htaccess file, ensure it is readable and that '/var/www/vhosts/saratogahistory.com/httpdocs/phpBB/' is executable
[Thu Sep 03 10:26:39.615094 2020] [core:crit] [pid 6888:tid 140619303323392] (13)Permission denied: [client 203.133.169.112:36778] AH00529: /var/www/vhosts/saratogahistory.com/httpdocs/phpBB/.htaccess pcfg_openfile: unable to check htaccess file, ensure it is readable and that '/var/www/vhosts/saratogahistory.com/httpdocs/phpBB/' is executable
[Thu Sep 03 10:26:44.625380 2020] [core:crit] [pid 6888:tid 140619198424832] (13)Permission denied: [client 203.133.169.112:36888] AH00529: /var/www/vhosts/saratogahistory.com/httpdocs/phpBB/.htaccess pcfg_openfile: unable to check htaccess file, ensure it is readable and that '/var/www/vhosts/saratogahistory.com/httpdocs/phpBB/' is executable
[Thu Sep 03 10:26:49.640550 2020] [core:crit] [pid 32352:tid 140619324303104] (13)Permission denied: [client 203.133.169.112:37002] AH00529: /var/www/vhosts/saratogahistory.com/httpdocs/phpBB/.htaccess pcfg_openfile: unable to check htaccess file, ensure it is readable and that '/var/www/vhosts/saratogahistory.com/httpdocs/phpBB/' is executable
[Thu Sep 03 10:26:54.525630 2020] [core:crit] [pid 32322:tid 140619345282816] (13)Permission denied: [client 203.133.169.112:37132] AH00529: /var/www/vhosts/saratogahistory.com/httpdocs/phpBB/.htaccess pcfg_openfile: unable to check htaccess file, ensure it is readable and that '/var/www/vhosts/saratogahistory.com/httpdocs/phpBB/' is executable
[Thu Sep 03 10:26:59.629309 2020] [core:crit] [pid 6888:tid 140619345282816] (13)Permission denied: [client 203.133.169.112:37238] AH00529: /var/www/vhosts/saratogahistory.com/httpdocs/phpBB/.htaccess pcfg_openfile: unable to check htaccess file, ensure it is readable and that '/var/www/vhosts/saratogahistory.com/httpdocs/phpBB/' is executable
[Thu Sep 03 10:27:04.533723 2020] [core:crit] [pid 6888:tid 140619366262528] (13)Permission denied: [client 203.133.169.112:37344] AH00529: /var/www/vhosts/saratogahistory.com/httpdocs/phpBB/.htaccess pcfg_openfile: unable to check htaccess file, ensure it is readable and that '/var/www/vhosts/saratogahistory.com/httpdocs/phpBB/' is executable
[Thu Sep 03 10:27:09.425822 2020] [core:crit] [pid 32352:tid 140619261363968] (13)Permission denied: [client 203.133.169.112:37466] AH00529: /var/www/vhosts/saratogahistory.com/httpdocs/phpBB/.htaccess pcfg_openfile: unable to check htaccess file, ensure it is readable and that '/var/www/vhosts/saratogahistory.com/httpdocs/phpBB/' is executable
[Thu Sep 03 10:27:14.410258 2020] [core:crit] [pid 32352:tid 140619240384256] (13)Permission denied: [client 203.133.169.112:37598] AH00529: /var/www/vhosts/saratogahistory.com/httpdocs/phpBB/.htaccess pcfg_openfile: unable to check htaccess file, ensure it is readable and that '/var/www/vhosts/saratogahistory.com/httpdocs/phpBB/' is executable
[Thu Sep 03 10:27:19.449697 2020] [core:crit] [pid 32352:tid 140619355772672] (13)Permission denied: [client 203.133.169.112:37706] AH00529: /var/www/vhosts/saratogahistory.com/httpdocs/phpBB/.htaccess pcfg_openfile: unable to check htaccess file, ensure it is readable and that '/var/www/vhosts/saratogahistory.com/httpdocs/phpBB/' is executable
[Thu Sep 03 10:27:24.337603 2020] [core:crit] [pid 6888:tid 140619324303104] (13)Permission denied: [client 203.133.169.112:37826] AH00529: /var/www/vhosts/saratogahistory.com/httpdocs/phpBB/.htaccess pcfg_openfile: unable to check htaccess file, ensure it is readable and that '/var/www/vhosts/saratogahistory.com/httpdocs/phpBB/' is executable
[Thu Sep 03 10:27:29.227415 2020] [core:crit] [pid 6888:tid 140619250874112] (13)Permission denied: [client 203.133.169.112:38058] AH00529: /var/www/vhosts/saratogahistory.com/httpdocs/phpBB/.htaccess pcfg_openfile: unable to check htaccess file, ensure it is readable and that '/var/www/vhosts/saratogahistory.com/httpdocs/phpBB/' is executable
[Thu Sep 03 10:27:34.253311 2020] [core:crit] [pid 6888:tid 140619282343680] (13)Permission denied: [client 203.133.169.112:38270] AH00529: /var/www/vhosts/saratogahistory.com/httpdocs/phpBB/.htaccess pcfg_openfile: unable to check htaccess file, ensure it is readable and that '/var/www/vhosts/saratogahistory.com/httpdocs/phpBB/' is executable
[Thu Sep 03 10:27:39.259319 2020] [core:crit] [pid 32322:tid 140619324303104] (13)Permission denied: [client 203.133.169.112:38372] AH00529: /var/www/vhosts/saratogahistory.com/httpdocs/phpBB/.htaccess pcfg_openfile: unable to check htaccess file, ensure it is readable and that '/var/www/vhosts/saratogahistory.com/httpdocs/phpBB/' is executable
[Thu Sep 03 10:27:44.327472 2020] [core:crit] [pid 6888:tid 140619229894400] (13)Permission denied: [client 203.133.169.112:38548] AH00529: /var/www/vhosts/saratogahistory.com/httpdocs/phpBB/.htaccess pcfg_openfile: unable to check htaccess file, ensure it is readable and that '/var/www/vhosts/saratogahistory.com/httpdocs/phpBB/' is executable
[Thu Sep 03 10:27:49.492417 2020] [core:crit] [pid 32352:tid 140619208914688] (13)Permission denied: [client 203.133.169.112:38676] AH00529: /var/www/vhosts/saratogahistory.com/httpdocs/phpBB/.htaccess pcfg_openfile: unable to check htaccess file, ensure it is readable and that '/var/www/vhosts/saratogahistory.com/httpdocs/phpBB/' is executable
[Thu Sep 03 10:27:54.511570 2020] [core:crit] [pid 6888:tid 140619208914688] (13)Permission denied: [client 203.133.169.112:38836] AH00529: /var/www/vhosts/saratogahistory.com/httpdocs/phpBB/.htaccess pcfg_openfile: unable to check htaccess file, ensure it is readable and that '/var/www/vhosts/saratogahistory.com/httpdocs/phpBB/' is executable
[Thu Sep 03 10:27:59.537398 2020] [core:crit] [pid 6888:tid 140619187934976] (13)Permission denied: [client 203.133.169.112:38974] AH00529: /var/www/vhosts/saratogahistory.com/httpdocs/phpBB/.htaccess pcfg_openfile: unable to check htaccess file, ensure it is readable and that '/var/www/vhosts/saratogahistory.com/httpdocs/phpBB/' is executable
[Thu Sep 03 10:28:04.583219 2020] [core:crit] [pid 6888:tid 140619261363968] (13)Permission denied: [client 203.133.169.112:39140] AH00529: /var/www/vhosts/saratogahistory.com/httpdocs/phpBB/.htaccess pcfg_openfile: unable to check htaccess file, ensure it is readable and that '/var/www/vhosts/saratogahistory.com/httpdocs/phpBB/' is executable
[Thu Sep 03 10:28:09.484947 2020] [core:crit] [pid 6888:tid 140619240384256] (13)Permission denied: [client 203.133.169.112:39244] AH00529: /var/www/vhosts/saratogahistory.com/httpdocs/phpBB/.htaccess pcfg_openfile: unable to check htaccess file, ensure it is readable and that '/var/www/vhosts/saratogahistory.com/httpdocs/phpBB/' is executable
[Thu Sep 03 10:28:14.389473 2020] [core:crit] [pid 6888:tid 140619219404544] (13)Permission denied: [client 203.133.169.112:39330] AH00529: /var/www/vhosts/saratogahistory.com/httpdocs/phpBB/.htaccess pcfg_openfile: unable to check htaccess file, ensure it is readable and that '/var/www/vhosts/saratogahistory.com/httpdocs/phpBB/' is executable
[Thu Sep 03 10:28:19.403061 2020] [core:crit] [pid 6888:tid 140619145975552] (13)Permission denied: [client 203.133.169.112:39434] AH00529: /var/www/vhosts/saratogahistory.com/httpdocs/phpBB/.htaccess pcfg_openfile: unable to check htaccess file, ensure it is readable and that '/var/www/vhosts/saratogahistory.com/httpdocs/phpBB/' is executable
[Thu Sep 03 10:28:24.924258 2020] [core:crit] [pid 6888:tid 140619355772672] (13)Permission denied: [client 203.133.169.112:39592] AH00529: /var/www/vhosts/saratogahistory.com/httpdocs/phpBB/.htaccess pcfg_openfile: unable to check htaccess file, ensure it is readable and that '/var/www/vhosts/saratogahistory.com/httpdocs/phpBB/' is executable
[Thu Sep 03 10:28:29.817516 2020] [core:crit] [pid 6888:tid 140619166955264] (13)Permission denied: [client 203.133.169.112:39702] AH00529: /var/www/vhosts/saratogahistory.com/httpdocs/phpBB/.htaccess pcfg_openfile: unable to check htaccess file, ensure it is readable and that '/var/www/vhosts/saratogahistory.com/httpdocs/phpBB/' is executable
[Thu Sep 03 10:28:34.695918 2020] [core:crit] [pid 32325:tid 140619376752384] (13)Permission denied: [client 203.133.169.112:39886] AH00529: /var/www/vhosts/saratogahistory.com/httpdocs/phpBB/.htaccess pcfg_openfile: unable to check htaccess file, ensure it is readable and that '/var/www/vhosts/saratogahistory.com/httpdocs/phpBB/' is executable
[Thu Sep 03 10:40:35.280301 2020] [core:crit] [pid 6888:tid 140619292833536] (13)Permission denied: [client 185.233.148.87:34094] AH00529: /var/www/vhosts/saratogahistory.com/httpdocs/phpBB/.htaccess pcfg_openfile: unable to check htaccess file, ensure it is readable and that '/var/www/vhosts/saratogahistory.com/httpdocs/phpBB/' is executable, referer: http://www.saratogahistory.com/phpBB/viewtopic.php?printertopic=1&t=344&start=0&postdays=0&postorder=asc&vote=viewresult&sid=d690381e2d35eca98ed504e954ed3774
[Thu Sep 03 10:40:37.691859 2020] [proxy_fcgi:error] [pid 6888:tid 140619334792960] [client 185.233.148.87:34186] AH01071: Got error 'Primary script unknown\n', referer: http://www.saratogahistory.com/index.php
[Thu Sep 03 10:40:38.324688 2020] [proxy_fcgi:error] [pid 32325:tid 140619355772672] [client 185.233.148.87:34210] AH01071: Got error 'Primary script unknown\n', referer: http://www.saratogahistory.com/index.php
[Thu Sep 03 10:40:38.899674 2020] [proxy_fcgi:error] [pid 6888:tid 140619313813248] [client 185.233.148.87:34234] AH01071: Got error 'Primary script unknown\n', referer: http://www.saratogahistory.com/index.php
[Thu Sep 03 11:29:44.005159 2020] [core:crit] [pid 6888:tid 140619198424832] (13)Permission denied: [client 185.25.35.13:46294] AH00529: /var/www/vhosts/saratogahistory.com/httpdocs/phpBB/.htaccess pcfg_openfile: unable to check htaccess file, ensure it is readable and that '/var/www/vhosts/saratogahistory.com/httpdocs/phpBB/' is executable
[Thu Sep 03 11:40:55.124877 2020] [core:crit] [pid 6888:tid 140619135485696] (13)Permission denied: [client 109.70.100.42:40142] AH00529: /var/www/vhosts/saratogahistory.com/httpdocs/phpBB/.htaccess pcfg_openfile: unable to check htaccess file, ensure it is readable and that '/var/www/vhosts/saratogahistory.com/httpdocs/phpBB/' is executable, referer: http://www.saratogahistory.com/phpBB/index.php
[Thu Sep 03 12:19:10.396099 2020] [core:crit] [pid 6888:tid 140619366262528] (13)Permission denied: [client 5.188.210.4:33332] AH00529: /var/www/vhosts/saratogahistory.com/httpdocs/phpBB/.htaccess pcfg_openfile: unable to check htaccess file, ensure it is readable and that '/var/www/vhosts/saratogahistory.com/httpdocs/phpBB/' is executable, referer: http://www.saratogahistory.com/phpBB/index.php
[Thu Sep 03 12:24:19.456845 2020] [core:crit] [pid 6888:tid 140619261363968] (13)Permission denied: [client 66.249.69.155:44462] AH00529: /var/www/vhosts/saratogahistory.com/httpdocs/phpBB/.htaccess pcfg_openfile: unable to check htaccess file, ensure it is readable and that '/var/www/vhosts/saratogahistory.com/httpdocs/phpBB/' is executable
[Thu Sep 03 12:24:25.116927 2020] [core:crit] [pid 32352:tid 140619219404544] (13)Permission denied: [client 185.25.35.11:44678] AH00529: /var/www/vhosts/saratogahistory.com/httpdocs/phpBB/.htaccess pcfg_openfile: unable to check htaccess file, ensure it is readable and that '/var/www/vhosts/saratogahistory.com/httpdocs/phpBB/' is executable
[Thu Sep 03 12:24:51.633569 2020] [core:crit] [pid 6888:tid 140619145975552] (13)Permission denied: [client 66.249.69.154:45644] AH00529: /var/www/vhosts/saratogahistory.com/httpdocs/phpBB/.htaccess pcfg_openfile: unable to check htaccess file, ensure it is readable and that '/var/www/vhosts/saratogahistory.com/httpdocs/phpBB/' is executable
[Thu Sep 03 12:29:51.733170 2020] [core:crit] [pid 32352:tid 140619303323392] (13)Permission denied: [client 66.249.69.155:55820] AH00529: /var/www/vhosts/saratogahistory.com/httpdocs/phpBB/.htaccess pcfg_openfile: unable to check htaccess file, ensure it is readable and that '/var/www/vhosts/saratogahistory.com/httpdocs/phpBB/' is executable
[Thu Sep 03 13:11:04.335308 2020] [core:crit] [pid 6888:tid 140619376752384] (13)Permission denied: [client 198.144.121.195:56922] AH00529: /var/www/vhosts/saratogahistory.com/httpdocs/phpBB/.htaccess pcfg_openfile: unable to check htaccess file, ensure it is readable and that '/var/www/vhosts/saratogahistory.com/httpdocs/phpBB/' is executable, referer: http://www.saratogahistory.com/phpBB/index.php
[Thu Sep 03 13:12:05.720725 2020] [core:crit] [pid 32352:tid 140619282343680] (13)Permission denied: [client 185.220.100.249:58922] AH00529: /var/www/vhosts/saratogahistory.com/httpdocs/phpBB/.htaccess pcfg_openfile: unable to check htaccess file, ensure it is readable and that '/var/www/vhosts/saratogahistory.com/httpdocs/phpBB/' is executable, referer: http://www.saratogahistory.com/phpBB/index.php
[Thu Sep 03 13:18:22.821319 2020] [core:crit] [pid 6888:tid 140619345282816] (13)Permission denied: [client 23.129.64.189:43392] AH00529: /var/www/vhosts/saratogahistory.com/httpdocs/phpBB/.htaccess pcfg_openfile: unable to check htaccess file, ensure it is readable and that '/var/www/vhosts/saratogahistory.com/httpdocs/phpBB/' is executable, referer: http://www.saratogahistory.com/phpBB/index.php
[Thu Sep 03 13:18:47.916302 2020] [core:crit] [pid 6888:tid 140619229894400] (13)Permission denied: [client 185.25.35.13:44384] AH00529: /var/www/vhosts/saratogahistory.com/httpdocs/phpBB/.htaccess pcfg_openfile: unable to check htaccess file, ensure it is readable and that '/var/www/vhosts/saratogahistory.com/httpdocs/phpBB/' is executable
[Thu Sep 03 13:33:06.775678 2020] [core:crit] [pid 32352:tid 140619303323392] (13)Permission denied: [client 185.25.35.13:48660] AH00529: /var/www/vhosts/saratogahistory.com/httpdocs/phpBB/.htaccess pcfg_openfile: unable to check htaccess file, ensure it is readable and that '/var/www/vhosts/saratogahistory.com/httpdocs/phpBB/' is executable
[Thu Sep 03 13:35:16.522928 2020] [core:crit] [pid 6888:tid 140619156465408] (13)Permission denied: [client 87.120.254.98:54130] AH00529: /var/www/vhosts/saratogahistory.com/httpdocs/phpBB/.htaccess pcfg_openfile: unable to check htaccess file, ensure it is readable and that '/var/www/vhosts/saratogahistory.com/httpdocs/phpBB/' is executable, referer: http://www.saratogahistory.com/phpBB/index.php
[Thu Sep 03 13:38:37.385175 2020] [core:crit] [pid 32352:tid 140619261363968] (13)Permission denied: [client 31.220.2.195:34294] AH00529: /var/www/vhosts/saratogahistory.com/httpdocs/phpBB/.htaccess pcfg_openfile: unable to check htaccess file, ensure it is readable and that '/var/www/vhosts/saratogahistory.com/httpdocs/phpBB/' is executable, referer: http://www.saratogahistory.com/phpBB/index.php
[Thu Sep 03 14:09:12.116026 2020] [proxy_fcgi:error] [pid 6888:tid 140619366262528] [client 40.65.183.5:44324] AH01071: Got error 'Primary script unknown\n'
[Thu Sep 03 14:18:19.534032 2020] [proxy_fcgi:error] [pid 6888:tid 140619313813248] [client 50.63.161.42:35744] AH01071: Got error 'Primary script unknown\n', referer: http://saratogahistory.com/wp-login.php
[Thu Sep 03 14:37:57.453888 2020] [proxy_fcgi:error] [pid 32352:tid 140619166955264] [client 40.65.183.5:50102] AH01071: Got error 'Primary script unknown\n'
[Thu Sep 03 14:46:29.334081 2020] [core:crit] [pid 6888:tid 140619313813248] (13)Permission denied: [client 203.133.169.112:39302] AH00529: /var/www/vhosts/saratogahistory.com/httpdocs/phpBB/.htaccess pcfg_openfile: unable to check htaccess file, ensure it is readable and that '/var/www/vhosts/saratogahistory.com/httpdocs/phpBB/' is executable
[Thu Sep 03 14:46:34.353160 2020] [core:crit] [pid 6888:tid 140619271853824] (13)Permission denied: [client 203.133.169.112:39506] AH00529: /var/www/vhosts/saratogahistory.com/httpdocs/phpBB/.htaccess pcfg_openfile: unable to check htaccess file, ensure it is readable and that '/var/www/vhosts/saratogahistory.com/httpdocs/phpBB/' is executable
[Thu Sep 03 14:46:39.234993 2020] [core:crit] [pid 32352:tid 140619313813248] (13)Permission denied: [client 203.133.169.112:39634] AH00529: /var/www/vhosts/saratogahistory.com/httpdocs/phpBB/.htaccess pcfg_openfile: unable to check htaccess file, ensure it is readable and that '/var/www/vhosts/saratogahistory.com/httpdocs/phpBB/' is executable
[Thu Sep 03 14:46:44.116502 2020] [core:crit] [pid 6888:tid 140619303323392] (13)Permission denied: [client 203.133.169.112:39780] AH00529: /var/www/vhosts/saratogahistory.com/httpdocs/phpBB/.htaccess pcfg_openfile: unable to check htaccess file, ensure it is readable and that '/var/www/vhosts/saratogahistory.com/httpdocs/phpBB/' is executable
[Thu Sep 03 14:46:48.999359 2020] [core:crit] [pid 6888:tid 140619198424832] (13)Permission denied: [client 203.133.169.112:39952] AH00529: /var/www/vhosts/saratogahistory.com/httpdocs/phpBB/.htaccess pcfg_openfile: unable to check htaccess file, ensure it is readable and that '/var/www/vhosts/saratogahistory.com/httpdocs/phpBB/' is executable
[Thu Sep 03 14:46:53.904167 2020] [core:crit] [pid 6888:tid 140619345282816] (13)Permission denied: [client 203.133.169.112:40050] AH00529: /var/www/vhosts/saratogahistory.com/httpdocs/phpBB/.htaccess pcfg_openfile: unable to check htaccess file, ensure it is readable and that '/var/www/vhosts/saratogahistory.com/httpdocs/phpBB/' is executable
[Thu Sep 03 14:46:58.826858 2020] [core:crit] [pid 6888:tid 140619366262528] (13)Permission denied: [client 203.133.169.112:40170] AH00529: /var/www/vhosts/saratogahistory.com/httpdocs/phpBB/.htaccess pcfg_openfile: unable to check htaccess file, ensure it is readable and that '/var/www/vhosts/saratogahistory.com/httpdocs/phpBB/' is executable
[Thu Sep 03 14:47:04.075096 2020] [core:crit] [pid 6888:tid 140619324303104] (13)Permission denied: [client 203.133.169.112:40360] AH00529: /var/www/vhosts/saratogahistory.com/httpdocs/phpBB/.htaccess pcfg_openfile: unable to check htaccess file, ensure it is readable and that '/var/www/vhosts/saratogahistory.com/httpdocs/phpBB/' is executable
[Thu Sep 03 14:47:09.070381 2020] [core:crit] [pid 32352:tid 140619324303104] (13)Permission denied: [client 203.133.169.112:40560] AH00529: /var/www/vhosts/saratogahistory.com/httpdocs/phpBB/.htaccess pcfg_openfile: unable to check htaccess file, ensure it is readable and that '/var/www/vhosts/saratogahistory.com/httpdocs/phpBB/' is executable
[Thu Sep 03 14:47:13.949779 2020] [core:crit] [pid 6888:tid 140619250874112] (13)Permission denied: [client 203.133.169.112:40728] AH00529: /var/www/vhosts/saratogahistory.com/httpdocs/phpBB/.htaccess pcfg_openfile: unable to check htaccess file, ensure it is readable and that '/var/www/vhosts/saratogahistory.com/httpdocs/phpBB/' is executable
[Thu Sep 03 14:47:18.970840 2020] [core:crit] [pid 6888:tid 140619282343680] (13)Permission denied: [client 203.133.169.112:40858] AH00529: /var/www/vhosts/saratogahistory.com/httpdocs/phpBB/.htaccess pcfg_openfile: unable to check htaccess file, ensure it is readable and that '/var/www/vhosts/saratogahistory.com/httpdocs/phpBB/' is executable
[Thu Sep 03 14:47:24.019648 2020] [core:crit] [pid 6888:tid 140619229894400] (13)Permission denied: [client 203.133.169.112:41016] AH00529: /var/www/vhosts/saratogahistory.com/httpdocs/phpBB/.htaccess pcfg_openfile: unable to check htaccess file, ensure it is readable and that '/var/www/vhosts/saratogahistory.com/httpdocs/phpBB/' is executable
[Thu Sep 03 14:47:28.905415 2020] [core:crit] [pid 6888:tid 140619208914688] (13)Permission denied: [client 203.133.169.112:41196] AH00529: /var/www/vhosts/saratogahistory.com/httpdocs/phpBB/.htaccess pcfg_openfile: unable to check htaccess file, ensure it is readable and that '/var/www/vhosts/saratogahistory.com/httpdocs/phpBB/' is executable
[Thu Sep 03 14:47:33.917597 2020] [core:crit] [pid 32322:tid 140619355772672] (13)Permission denied: [client 203.133.169.112:41346] AH00529: /var/www/vhosts/saratogahistory.com/httpdocs/phpBB/.htaccess pcfg_openfile: unable to check htaccess file, ensure it is readable and that '/var/www/vhosts/saratogahistory.com/httpdocs/phpBB/' is executable
[Thu Sep 03 14:47:38.939196 2020] [core:crit] [pid 32325:tid 140619156465408] (13)Permission denied: [client 203.133.169.112:41494] AH00529: /var/www/vhosts/saratogahistory.com/httpdocs/phpBB/.htaccess pcfg_openfile: unable to check htaccess file, ensure it is readable and that '/var/www/vhosts/saratogahistory.com/httpdocs/phpBB/' is executable
[Thu Sep 03 14:47:43.844390 2020] [core:crit] [pid 6888:tid 140619187934976] (13)Permission denied: [client 203.133.169.112:41652] AH00529: /var/www/vhosts/saratogahistory.com/httpdocs/phpBB/.htaccess pcfg_openfile: unable to check htaccess file, ensure it is readable and that '/var/www/vhosts/saratogahistory.com/httpdocs/phpBB/' is executable
[Thu Sep 03 14:47:48.718758 2020] [core:crit] [pid 6888:tid 140619261363968] (13)Permission denied: [client 203.133.169.112:41786] AH00529: /var/www/vhosts/saratogahistory.com/httpdocs/phpBB/.htaccess pcfg_openfile: unable to check htaccess file, ensure it is readable and that '/var/www/vhosts/saratogahistory.com/httpdocs/phpBB/' is executable
[Thu Sep 03 14:47:53.746936 2020] [core:crit] [pid 6888:tid 140619240384256] (13)Permission denied: [client 203.133.169.112:41928] AH00529: /var/www/vhosts/saratogahistory.com/httpdocs/phpBB/.htaccess pcfg_openfile: unable to check htaccess file, ensure it is readable and that '/var/www/vhosts/saratogahistory.com/httpdocs/phpBB/' is executable
[Thu Sep 03 14:47:58.752669 2020] [core:crit] [pid 6888:tid 140619219404544] (13)Permission denied: [client 203.133.169.112:42072] AH00529: /var/www/vhosts/saratogahistory.com/httpdocs/phpBB/.htaccess pcfg_openfile: unable to check htaccess file, ensure it is readable and that '/var/www/vhosts/saratogahistory.com/httpdocs/phpBB/' is executable
[Thu Sep 03 14:48:03.639219 2020] [core:crit] [pid 6888:tid 140619145975552] (13)Permission denied: [client 203.133.169.112:42260] AH00529: /var/www/vhosts/saratogahistory.com/httpdocs/phpBB/.htaccess pcfg_openfile: unable to check htaccess file, ensure it is readable and that '/var/www/vhosts/saratogahistory.com/httpdocs/phpBB/' is executable
[Thu Sep 03 14:48:08.680059 2020] [core:crit] [pid 6888:tid 140619355772672] (13)Permission denied: [client 203.133.169.112:42406] AH00529: /var/www/vhosts/saratogahistory.com/httpdocs/phpBB/.htaccess pcfg_openfile: unable to check htaccess file, ensure it is readable and that '/var/www/vhosts/saratogahistory.com/httpdocs/phpBB/' is executable
[Thu Sep 03 14:48:13.861285 2020] [core:crit] [pid 6888:tid 140619166955264] (13)Permission denied: [client 203.133.169.112:42544] AH00529: /var/www/vhosts/saratogahistory.com/httpdocs/phpBB/.htaccess pcfg_openfile: unable to check htaccess file, ensure it is readable and that '/var/www/vhosts/saratogahistory.com/httpdocs/phpBB/' is executable
[Thu Sep 03 14:48:18.742804 2020] [core:crit] [pid 6888:tid 140619156465408] (13)Permission denied: [client 203.133.169.112:42744] AH00529: /var/www/vhosts/saratogahistory.com/httpdocs/phpBB/.htaccess pcfg_openfile: unable to check htaccess file, ensure it is readable and that '/var/www/vhosts/saratogahistory.com/httpdocs/phpBB/' is executable
[Thu Sep 03 14:48:23.634141 2020] [core:crit] [pid 6888:tid 140619124995840] (13)Permission denied: [client 203.133.169.112:42948] AH00529: /var/www/vhosts/saratogahistory.com/httpdocs/phpBB/.htaccess pcfg_openfile: unable to check htaccess file, ensure it is readable and that '/var/www/vhosts/saratogahistory.com/httpdocs/phpBB/' is executable
[Thu Sep 03 14:48:28.688197 2020] [core:crit] [pid 32352:tid 140619261363968] (13)Permission denied: [client 203.133.169.112:43218] AH00529: /var/www/vhosts/saratogahistory.com/httpdocs/phpBB/.htaccess pcfg_openfile: unable to check htaccess file, ensure it is readable and that '/var/www/vhosts/saratogahistory.com/httpdocs/phpBB/' is executable
[Thu Sep 03 14:48:33.698093 2020] [core:crit] [pid 6888:tid 140619177445120] (13)Permission denied: [client 203.133.169.112:43400] AH00529: /var/www/vhosts/saratogahistory.com/httpdocs/phpBB/.htaccess pcfg_openfile: unable to check htaccess file, ensure it is readable and that '/var/www/vhosts/saratogahistory.com/httpdocs/phpBB/' is executable
[Thu Sep 03 14:48:38.720135 2020] [core:crit] [pid 6888:tid 140619135485696] (13)Permission denied: [client 203.133.169.112:43640] AH00529: /var/www/vhosts/saratogahistory.com/httpdocs/phpBB/.htaccess pcfg_openfile: unable to check htaccess file, ensure it is readable and that '/var/www/vhosts/saratogahistory.com/httpdocs/phpBB/' is executable
[Thu Sep 03 14:48:43.616673 2020] [core:crit] [pid 6888:tid 140619292833536] (13)Permission denied: [client 203.133.169.112:43834] AH00529: /var/www/vhosts/saratogahistory.com/httpdocs/phpBB/.htaccess pcfg_openfile: unable to check htaccess file, ensure it is readable and that '/var/www/vhosts/saratogahistory.com/httpdocs/phpBB/' is executable
[Thu Sep 03 14:48:48.552616 2020] [core:crit] [pid 6888:tid 140619376752384] (13)Permission denied: [client 203.133.169.112:43948] AH00529: /var/www/vhosts/saratogahistory.com/httpdocs/phpBB/.htaccess pcfg_openfile: unable to check htaccess file, ensure it is readable and that '/var/www/vhosts/saratogahistory.com/httpdocs/phpBB/' is executable
[Thu Sep 03 14:48:53.578310 2020] [core:crit] [pid 32352:tid 140619355772672] (13)Permission denied: [client 203.133.169.112:44216] AH00529: /var/www/vhosts/saratogahistory.com/httpdocs/phpBB/.htaccess pcfg_openfile: unable to check htaccess file, ensure it is readable and that '/var/www/vhosts/saratogahistory.com/httpdocs/phpBB/' is executable
[Thu Sep 03 14:48:58.463359 2020] [core:crit] [pid 32325:tid 140619145975552] (13)Permission denied: [client 203.133.169.112:44360] AH00529: /var/www/vhosts/saratogahistory.com/httpdocs/phpBB/.htaccess pcfg_openfile: unable to check htaccess file, ensure it is readable and that '/var/www/vhosts/saratogahistory.com/httpdocs/phpBB/' is executable
[Thu Sep 03 14:49:03.353739 2020] [core:crit] [pid 6888:tid 140619334792960] (13)Permission denied: [client 203.133.169.112:44510] AH00529: /var/www/vhosts/saratogahistory.com/httpdocs/phpBB/.htaccess pcfg_openfile: unable to check htaccess file, ensure it is readable and that '/var/www/vhosts/saratogahistory.com/httpdocs/phpBB/' is executable
[Thu Sep 03 14:49:08.388756 2020] [core:crit] [pid 6888:tid 140619313813248] (13)Permission denied: [client 203.133.169.112:44698] AH00529: /var/www/vhosts/saratogahistory.com/httpdocs/phpBB/.htaccess pcfg_openfile: unable to check htaccess file, ensure it is readable and that '/var/www/vhosts/saratogahistory.com/httpdocs/phpBB/' is executable
[Thu Sep 03 14:49:13.261536 2020] [core:crit] [pid 6888:tid 140619271853824] (13)Permission denied: [client 203.133.169.112:44882] AH00529: /var/www/vhosts/saratogahistory.com/httpdocs/phpBB/.htaccess pcfg_openfile: unable to check htaccess file, ensure it is readable and that '/var/www/vhosts/saratogahistory.com/httpdocs/phpBB/' is executable
[Thu Sep 03 14:49:18.181743 2020] [core:crit] [pid 6888:tid 140619303323392] (13)Permission denied: [client 203.133.169.112:45028] AH00529: /var/www/vhosts/saratogahistory.com/httpdocs/phpBB/.htaccess pcfg_openfile: unable to check htaccess file, ensure it is readable and that '/var/www/vhosts/saratogahistory.com/httpdocs/phpBB/' is executable
[Thu Sep 03 15:38:20.254386 2020] [core:crit] [pid 6888:tid 140619355772672] (13)Permission denied: [client 179.43.160.238:42080] AH00529: /var/www/vhosts/saratogahistory.com/httpdocs/phpBB/.htaccess pcfg_openfile: unable to check htaccess file, ensure it is readable and that '/var/www/vhosts/saratogahistory.com/httpdocs/phpBB/' is executable, referer: http://www.saratogahistory.com/phpBB/index.php
[Thu Sep 03 15:42:49.259729 2020] [core:crit] [pid 6888:tid 140619177445120] (13)Permission denied: [client 134.249.147.157:52372] AH00529: /var/www/vhosts/saratogahistory.com/httpdocs/phpBB/.htaccess pcfg_openfile: unable to check htaccess file, ensure it is readable and that '/var/www/vhosts/saratogahistory.com/httpdocs/phpBB/' is executable, referer: http://www.saratogahistory.com/phpBB/index.php
[Thu Sep 03 15:59:07.799131 2020] [core:crit] [pid 32352:tid 140619366262528] (13)Permission denied: [client 5.188.84.230:37016] AH00529: /var/www/vhosts/saratogahistory.com/httpdocs/phpBB/.htaccess pcfg_openfile: unable to check htaccess file, ensure it is readable and that '/var/www/vhosts/saratogahistory.com/httpdocs/phpBB/' is executable, referer: http://www.saratogahistory.com/phpBB/index.php
[Thu Sep 03 16:42:28.523277 2020] [core:crit] [pid 6888:tid 140619187934976] (13)Permission denied: [client 89.31.57.5:34654] AH00529: /var/www/vhosts/saratogahistory.com/httpdocs/phpBB/.htaccess pcfg_openfile: unable to check htaccess file, ensure it is readable and that '/var/www/vhosts/saratogahistory.com/httpdocs/phpBB/' is executable, referer: http://www.saratogahistory.com/phpBB/index.php
[Thu Sep 03 16:56:24.647969 2020] [core:crit] [pid 6888:tid 140619208914688] (13)Permission denied: [client 35.243.167.192:40680] AH00529: /var/www/vhosts/saratogahistory.com/httpdocs/phpBB/.htaccess pcfg_openfile: unable to check htaccess file, ensure it is readable and that '/var/www/vhosts/saratogahistory.com/httpdocs/phpBB/' is executable
[Thu Sep 03 17:01:20.153095 2020] [core:crit] [pid 6888:tid 140619303323392] (13)Permission denied: [client 145.255.3.72:52236] AH00529: /var/www/vhosts/saratogahistory.com/httpdocs/phpBB/.htaccess pcfg_openfile: unable to check htaccess file, ensure it is readable and that '/var/www/vhosts/saratogahistory.com/httpdocs/phpBB/' is executable, referer: http://www.saratogahistory.com/phpBB/index.php
[Thu Sep 03 17:09:31.170145 2020] [core:crit] [pid 6888:tid 140619366262528] (13)Permission denied: [client 176.108.27.130:43618] AH00529: /var/www/vhosts/saratogahistory.com/httpdocs/phpBB/.htaccess pcfg_openfile: unable to check htaccess file, ensure it is readable and that '/var/www/vhosts/saratogahistory.com/httpdocs/phpBB/' is executable, referer: http://www.saratogahistory.com/phpBB/index.php
[Thu Sep 03 17:09:32.273495 2020] [proxy_fcgi:error] [pid 32352:tid 140619376752384] [client 176.108.27.130:43654] AH01071: Got error 'Primary script unknown\n', referer: http://www.saratogahistory.com/index.php
[Thu Sep 03 17:09:32.575930 2020] [proxy_fcgi:error] [pid 32352:tid 140619187934976] [client 176.108.27.130:43674] AH01071: Got error 'Primary script unknown\n', referer: http://www.saratogahistory.com/index.php
[Thu Sep 03 17:09:32.882640 2020] [proxy_fcgi:error] [pid 6888:tid 140619282343680] [client 176.108.27.130:43692] AH01071: Got error 'Primary script unknown\n', referer: http://www.saratogahistory.com/index.php
[Thu Sep 03 17:15:53.198489 2020] [core:crit] [pid 6888:tid 140619261363968] (13)Permission denied: [client 199.167.138.22:58378] AH00529: /var/www/vhosts/saratogahistory.com/httpdocs/phpBB/.htaccess pcfg_openfile: unable to check htaccess file, ensure it is readable and that '/var/www/vhosts/saratogahistory.com/httpdocs/phpBB/' is executable, referer: http://www.saratogahistory.com/phpBB/index.php
[Thu Sep 03 17:22:06.326291 2020] [core:crit] [pid 6888:tid 140619271853824] (13)Permission denied: [client 188.122.82.146:45248] AH00529: /var/www/vhosts/saratogahistory.com/httpdocs/phpBB/.htaccess pcfg_openfile: unable to check htaccess file, ensure it is readable and that '/var/www/vhosts/saratogahistory.com/httpdocs/phpBB/' is executable, referer: http://www.saratogahistory.com/phpBB/index.php
[Thu Sep 03 17:33:29.297760 2020] [core:crit] [pid 6888:tid 140619156465408] (13)Permission denied: [client 185.25.35.15:44290] AH00529: /var/www/vhosts/saratogahistory.com/httpdocs/phpBB/.htaccess pcfg_openfile: unable to check htaccess file, ensure it is readable and that '/var/www/vhosts/saratogahistory.com/httpdocs/phpBB/' is executable
[Thu Sep 03 17:36:41.354964 2020] [core:crit] [pid 6888:tid 140619124995840] (13)Permission denied: [client 192.42.116.16:52472] AH00529: /var/www/vhosts/saratogahistory.com/httpdocs/phpBB/.htaccess pcfg_openfile: unable to check htaccess file, ensure it is readable and that '/var/www/vhosts/saratogahistory.com/httpdocs/phpBB/' is executable, referer: http://www.saratogahistory.com/phpBB/index.php
[Thu Sep 03 17:55:04.385666 2020] [core:crit] [pid 6888:tid 140619324303104] (13)Permission denied: [client 104.196.210.154:40034] AH00529: /var/www/vhosts/saratogahistory.com/httpdocs/phpBB/.htaccess pcfg_openfile: unable to check htaccess file, ensure it is readable and that '/var/www/vhosts/saratogahistory.com/httpdocs/phpBB/' is executable
[Thu Sep 03 18:03:43.825745 2020] [core:crit] [pid 6888:tid 140619376752384] (13)Permission denied: [client 5.188.84.230:60094] AH00529: /var/www/vhosts/saratogahistory.com/httpdocs/phpBB/.htaccess pcfg_openfile: unable to check htaccess file, ensure it is readable and that '/var/www/vhosts/saratogahistory.com/httpdocs/phpBB/' is executable, referer: http://www.saratogahistory.com/phpBB/
[Thu Sep 03 18:25:55.565412 2020] [core:crit] [pid 32325:tid 140619229894400] (13)Permission denied: [client 34.75.91.64:57436] AH00529: /var/www/vhosts/saratogahistory.com/httpdocs/phpBB/.htaccess pcfg_openfile: unable to check htaccess file, ensure it is readable and that '/var/www/vhosts/saratogahistory.com/httpdocs/phpBB/' is executable
[Thu Sep 03 18:31:41.617477 2020] [core:crit] [pid 6888:tid 140619292833536] (13)Permission denied: [client 185.25.35.14:42814] AH00529: /var/www/vhosts/saratogahistory.com/httpdocs/phpBB/.htaccess pcfg_openfile: unable to check htaccess file, ensure it is readable and that '/var/www/vhosts/saratogahistory.com/httpdocs/phpBB/' is executable
[Thu Sep 03 18:41:52.699148 2020] [core:crit] [pid 6888:tid 140619345282816] (13)Permission denied: [client 188.250.25.169:39792] AH00529: /var/www/vhosts/saratogahistory.com/httpdocs/phpBB/.htaccess pcfg_openfile: unable to check htaccess file, ensure it is readable and that '/var/www/vhosts/saratogahistory.com/httpdocs/phpBB/' is executable, referer: http://www.saratogahistory.com/phpBB/index.php
[Thu Sep 03 18:42:04.708368 2020] [proxy_fcgi:error] [pid 32352:tid 140619229894400] [client 78.231.205.93:40336] AH01071: Got error 'Primary script unknown\n', referer: http://www.saratogahistory.com/index.php
[Thu Sep 03 18:42:06.715029 2020] [proxy_fcgi:error] [pid 32352:tid 140619376752384] [client 211.183.204.69:40402] AH01071: Got error 'Primary script unknown\n', referer: http://www.saratogahistory.com/index.php
[Thu Sep 03 18:42:10.007347 2020] [proxy_fcgi:error] [pid 6888:tid 140619324303104] [client 92.203.47.63:40516] AH01071: Got error 'Primary script unknown\n', referer: http://www.saratogahistory.com/index.php
[Thu Sep 03 18:47:42.842811 2020] [core:crit] [pid 32352:tid 140619177445120] (13)Permission denied: [client 35.243.167.192:53728] AH00529: /var/www/vhosts/saratogahistory.com/httpdocs/phpBB/.htaccess pcfg_openfile: unable to check htaccess file, ensure it is readable and that '/var/www/vhosts/saratogahistory.com/httpdocs/phpBB/' is executable
[Thu Sep 03 19:11:32.637836 2020] [core:crit] [pid 6888:tid 140619324303104] (13)Permission denied: [client 203.133.169.112:54258] AH00529: /var/www/vhosts/saratogahistory.com/httpdocs/phpBB/.htaccess pcfg_openfile: unable to check htaccess file, ensure it is readable and that '/var/www/vhosts/saratogahistory.com/httpdocs/phpBB/' is executable
[Thu Sep 03 19:11:37.670127 2020] [core:crit] [pid 32352:tid 140619240384256] (13)Permission denied: [client 203.133.169.112:54536] AH00529: /var/www/vhosts/saratogahistory.com/httpdocs/phpBB/.htaccess pcfg_openfile: unable to check htaccess file, ensure it is readable and that '/var/www/vhosts/saratogahistory.com/httpdocs/phpBB/' is executable
[Thu Sep 03 19:11:42.647052 2020] [core:crit] [pid 6888:tid 140619250874112] (13)Permission denied: [client 203.133.169.112:54776] AH00529: /var/www/vhosts/saratogahistory.com/httpdocs/phpBB/.htaccess pcfg_openfile: unable to check htaccess file, ensure it is readable and that '/var/www/vhosts/saratogahistory.com/httpdocs/phpBB/' is executable
[Thu Sep 03 19:11:47.657739 2020] [core:crit] [pid 6888:tid 140619282343680] (13)Permission denied: [client 203.133.169.112:55046] AH00529: /var/www/vhosts/saratogahistory.com/httpdocs/phpBB/.htaccess pcfg_openfile: unable to check htaccess file, ensure it is readable and that '/var/www/vhosts/saratogahistory.com/httpdocs/phpBB/' is executable
[Thu Sep 03 19:11:52.643137 2020] [core:crit] [pid 6888:tid 140619229894400] (13)Permission denied: [client 203.133.169.112:55222] AH00529: /var/www/vhosts/saratogahistory.com/httpdocs/phpBB/.htaccess pcfg_openfile: unable to check htaccess file, ensure it is readable and that '/var/www/vhosts/saratogahistory.com/httpdocs/phpBB/' is executable
[Thu Sep 03 19:11:57.538357 2020] [core:crit] [pid 6888:tid 140619208914688] (13)Permission denied: [client 203.133.169.112:55400] AH00529: /var/www/vhosts/saratogahistory.com/httpdocs/phpBB/.htaccess pcfg_openfile: unable to check htaccess file, ensure it is readable and that '/var/www/vhosts/saratogahistory.com/httpdocs/phpBB/' is executable
[Thu Sep 03 19:12:02.620956 2020] [core:crit] [pid 6888:tid 140619187934976] (13)Permission denied: [client 203.133.169.112:55584] AH00529: /var/www/vhosts/saratogahistory.com/httpdocs/phpBB/.htaccess pcfg_openfile: unable to check htaccess file, ensure it is readable and that '/var/www/vhosts/saratogahistory.com/httpdocs/phpBB/' is executable
[Thu Sep 03 19:12:07.618079 2020] [core:crit] [pid 6888:tid 140619261363968] (13)Permission denied: [client 203.133.169.112:55728] AH00529: /var/www/vhosts/saratogahistory.com/httpdocs/phpBB/.htaccess pcfg_openfile: unable to check htaccess file, ensure it is readable and that '/var/www/vhosts/saratogahistory.com/httpdocs/phpBB/' is executable
[Thu Sep 03 19:12:12.537876 2020] [core:crit] [pid 32325:tid 140619166955264] (13)Permission denied: [client 203.133.169.112:55928] AH00529: /var/www/vhosts/saratogahistory.com/httpdocs/phpBB/.htaccess pcfg_openfile: unable to check htaccess file, ensure it is readable and that '/var/www/vhosts/saratogahistory.com/httpdocs/phpBB/' is executable
[Thu Sep 03 19:12:17.530418 2020] [core:crit] [pid 32352:tid 140619355772672] (13)Permission denied: [client 203.133.169.112:56130] AH00529: /var/www/vhosts/saratogahistory.com/httpdocs/phpBB/.htaccess pcfg_openfile: unable to check htaccess file, ensure it is readable and that '/var/www/vhosts/saratogahistory.com/httpdocs/phpBB/' is executable
[Thu Sep 03 19:12:22.418141 2020] [core:crit] [pid 32352:tid 140619208914688] (13)Permission denied: [client 203.133.169.112:56332] AH00529: /var/www/vhosts/saratogahistory.com/httpdocs/phpBB/.htaccess pcfg_openfile: unable to check htaccess file, ensure it is readable and that '/var/www/vhosts/saratogahistory.com/httpdocs/phpBB/' is executable
[Thu Sep 03 19:12:27.400004 2020] [core:crit] [pid 6888:tid 140619240384256] (13)Permission denied: [client 203.133.169.112:56492] AH00529: /var/www/vhosts/saratogahistory.com/httpdocs/phpBB/.htaccess pcfg_openfile: unable to check htaccess file, ensure it is readable and that '/var/www/vhosts/saratogahistory.com/httpdocs/phpBB/' is executable
[Thu Sep 03 19:12:32.425119 2020] [core:crit] [pid 32325:tid 140619303323392] (13)Permission denied: [client 203.133.169.112:56660] AH00529: /var/www/vhosts/saratogahistory.com/httpdocs/phpBB/.htaccess pcfg_openfile: unable to check htaccess file, ensure it is readable and that '/var/www/vhosts/saratogahistory.com/httpdocs/phpBB/' is executable
[Thu Sep 03 19:12:37.619747 2020] [core:crit] [pid 6888:tid 140619219404544] (13)Permission denied: [client 203.133.169.112:56904] AH00529: /var/www/vhosts/saratogahistory.com/httpdocs/phpBB/.htaccess pcfg_openfile: unable to check htaccess file, ensure it is readable and that '/var/www/vhosts/saratogahistory.com/httpdocs/phpBB/' is executable
[Thu Sep 03 19:12:42.602128 2020] [core:crit] [pid 6888:tid 140619145975552] (13)Permission denied: [client 203.133.169.112:57078] AH00529: /var/www/vhosts/saratogahistory.com/httpdocs/phpBB/.htaccess pcfg_openfile: unable to check htaccess file, ensure it is readable and that '/var/www/vhosts/saratogahistory.com/httpdocs/phpBB/' is executable
[Thu Sep 03 19:12:47.506748 2020] [core:crit] [pid 6888:tid 140619355772672] (13)Permission denied: [client 203.133.169.112:57284] AH00529: /var/www/vhosts/saratogahistory.com/httpdocs/phpBB/.htaccess pcfg_openfile: unable to check htaccess file, ensure it is readable and that '/var/www/vhosts/saratogahistory.com/httpdocs/phpBB/' is executable
[Thu Sep 03 19:12:52.485669 2020] [core:crit] [pid 6888:tid 140619166955264] (13)Permission denied: [client 203.133.169.112:57418] AH00529: /var/www/vhosts/saratogahistory.com/httpdocs/phpBB/.htaccess pcfg_openfile: unable to check htaccess file, ensure it is readable and that '/var/www/vhosts/saratogahistory.com/httpdocs/phpBB/' is executable
[Thu Sep 03 19:12:57.428240 2020] [core:crit] [pid 6888:tid 140619156465408] (13)Permission denied: [client 203.133.169.112:57588] AH00529: /var/www/vhosts/saratogahistory.com/httpdocs/phpBB/.htaccess pcfg_openfile: unable to check htaccess file, ensure it is readable and that '/var/www/vhosts/saratogahistory.com/httpdocs/phpBB/' is executable
[Thu Sep 03 19:13:02.408584 2020] [core:crit] [pid 6888:tid 140619124995840] (13)Permission denied: [client 203.133.169.112:57778] AH00529: /var/www/vhosts/saratogahistory.com/httpdocs/phpBB/.htaccess pcfg_openfile: unable to check htaccess file, ensure it is readable and that '/var/www/vhosts/saratogahistory.com/httpdocs/phpBB/' is executable
[Thu Sep 03 19:13:07.309599 2020] [core:crit] [pid 6888:tid 140619177445120] (13)Permission denied: [client 203.133.169.112:57984] AH00529: /var/www/vhosts/saratogahistory.com/httpdocs/phpBB/.htaccess pcfg_openfile: unable to check htaccess file, ensure it is readable and that '/var/www/vhosts/saratogahistory.com/httpdocs/phpBB/' is executable
[Thu Sep 03 19:13:12.318507 2020] [core:crit] [pid 6888:tid 140619135485696] (13)Permission denied: [client 203.133.169.112:58140] AH00529: /var/www/vhosts/saratogahistory.com/httpdocs/phpBB/.htaccess pcfg_openfile: unable to check htaccess file, ensure it is readable and that '/var/www/vhosts/saratogahistory.com/httpdocs/phpBB/' is executable
[Thu Sep 03 19:13:17.332696 2020] [core:crit] [pid 6888:tid 140619292833536] (13)Permission denied: [client 203.133.169.112:58348] AH00529: /var/www/vhosts/saratogahistory.com/httpdocs/phpBB/.htaccess pcfg_openfile: unable to check htaccess file, ensure it is readable and that '/var/www/vhosts/saratogahistory.com/httpdocs/phpBB/' is executable
[Thu Sep 03 19:13:22.315276 2020] [core:crit] [pid 32352:tid 140619250874112] (13)Permission denied: [client 203.133.169.112:58570] AH00529: /var/www/vhosts/saratogahistory.com/httpdocs/phpBB/.htaccess pcfg_openfile: unable to check htaccess file, ensure it is readable and that '/var/www/vhosts/saratogahistory.com/httpdocs/phpBB/' is executable
[Thu Sep 03 19:13:27.227101 2020] [core:crit] [pid 6888:tid 140619376752384] (13)Permission denied: [client 203.133.169.112:58802] AH00529: /var/www/vhosts/saratogahistory.com/httpdocs/phpBB/.htaccess pcfg_openfile: unable to check htaccess file, ensure it is readable and that '/var/www/vhosts/saratogahistory.com/httpdocs/phpBB/' is executable
[Thu Sep 03 19:13:32.230638 2020] [core:crit] [pid 6888:tid 140619334792960] (13)Permission denied: [client 203.133.169.112:59008] AH00529: /var/www/vhosts/saratogahistory.com/httpdocs/phpBB/.htaccess pcfg_openfile: unable to check htaccess file, ensure it is readable and that '/var/www/vhosts/saratogahistory.com/httpdocs/phpBB/' is executable
[Thu Sep 03 19:13:37.163824 2020] [core:crit] [pid 6888:tid 140619313813248] (13)Permission denied: [client 203.133.169.112:59164] AH00529: /var/www/vhosts/saratogahistory.com/httpdocs/phpBB/.htaccess pcfg_openfile: unable to check htaccess file, ensure it is readable and that '/var/www/vhosts/saratogahistory.com/httpdocs/phpBB/' is executable
[Thu Sep 03 19:13:42.181442 2020] [core:crit] [pid 32352:tid 140619334792960] (13)Permission denied: [client 203.133.169.112:59310] AH00529: /var/www/vhosts/saratogahistory.com/httpdocs/phpBB/.htaccess pcfg_openfile: unable to check htaccess file, ensure it is readable and that '/var/www/vhosts/saratogahistory.com/httpdocs/phpBB/' is executable
[Thu Sep 03 19:13:47.397397 2020] [core:crit] [pid 6888:tid 140619271853824] (13)Permission denied: [client 203.133.169.112:59490] AH00529: /var/www/vhosts/saratogahistory.com/httpdocs/phpBB/.htaccess pcfg_openfile: unable to check htaccess file, ensure it is readable and that '/var/www/vhosts/saratogahistory.com/httpdocs/phpBB/' is executable
[Thu Sep 03 19:13:52.376618 2020] [core:crit] [pid 32352:tid 140619366262528] (13)Permission denied: [client 203.133.169.112:59650] AH00529: /var/www/vhosts/saratogahistory.com/httpdocs/phpBB/.htaccess pcfg_openfile: unable to check htaccess file, ensure it is readable and that '/var/www/vhosts/saratogahistory.com/httpdocs/phpBB/' is executable
[Thu Sep 03 19:14:11.810253 2020] [core:crit] [pid 6888:tid 140619303323392] (13)Permission denied: [client 203.133.169.112:60624] AH00529: /var/www/vhosts/saratogahistory.com/httpdocs/phpBB/.htaccess pcfg_openfile: unable to check htaccess file, ensure it is readable and that '/var/www/vhosts/saratogahistory.com/httpdocs/phpBB/' is executable
[Thu Sep 03 19:14:16.734415 2020] [core:crit] [pid 6888:tid 140619198424832] (13)Permission denied: [client 203.133.169.112:60808] AH00529: /var/www/vhosts/saratogahistory.com/httpdocs/phpBB/.htaccess pcfg_openfile: unable to check htaccess file, ensure it is readable and that '/var/www/vhosts/saratogahistory.com/httpdocs/phpBB/' is executable
[Thu Sep 03 19:14:21.733097 2020] [core:crit] [pid 32352:tid 140619229894400] (13)Permission denied: [client 203.133.169.112:32798] AH00529: /var/www/vhosts/saratogahistory.com/httpdocs/phpBB/.htaccess pcfg_openfile: unable to check htaccess file, ensure it is readable and that '/var/www/vhosts/saratogahistory.com/httpdocs/phpBB/' is executable
[Thu Sep 03 19:14:26.649044 2020] [core:crit] [pid 6888:tid 140619345282816] (13)Permission denied: [client 203.133.169.112:33164] AH00529: /var/www/vhosts/saratogahistory.com/httpdocs/phpBB/.htaccess pcfg_openfile: unable to check htaccess file, ensure it is readable and that '/var/www/vhosts/saratogahistory.com/httpdocs/phpBB/' is executable
[Thu Sep 03 19:14:31.648586 2020] [core:crit] [pid 6888:tid 140619366262528] (13)Permission denied: [client 203.133.169.112:33350] AH00529: /var/www/vhosts/saratogahistory.com/httpdocs/phpBB/.htaccess pcfg_openfile: unable to check htaccess file, ensure it is readable and that '/var/www/vhosts/saratogahistory.com/httpdocs/phpBB/' is executable
[Thu Sep 03 19:14:36.628617 2020] [core:crit] [pid 6888:tid 140619324303104] (13)Permission denied: [client 203.133.169.112:33562] AH00529: /var/www/vhosts/saratogahistory.com/httpdocs/phpBB/.htaccess pcfg_openfile: unable to check htaccess file, ensure it is readable and that '/var/www/vhosts/saratogahistory.com/httpdocs/phpBB/' is executable
[Thu Sep 03 19:14:41.536848 2020] [core:crit] [pid 32352:tid 140619376752384] (13)Permission denied: [client 203.133.169.112:33712] AH00529: /var/www/vhosts/saratogahistory.com/httpdocs/phpBB/.htaccess pcfg_openfile: unable to check htaccess file, ensure it is readable and that '/var/www/vhosts/saratogahistory.com/httpdocs/phpBB/' is executable
[Thu Sep 03 19:14:46.525550 2020] [core:crit] [pid 32352:tid 140619187934976] (13)Permission denied: [client 203.133.169.112:34008] AH00529: /var/www/vhosts/saratogahistory.com/httpdocs/phpBB/.htaccess pcfg_openfile: unable to check htaccess file, ensure it is readable and that '/var/www/vhosts/saratogahistory.com/httpdocs/phpBB/' is executable
[Thu Sep 03 19:14:51.519629 2020] [core:crit] [pid 6888:tid 140619250874112] (13)Permission denied: [client 203.133.169.112:34154] AH00529: /var/www/vhosts/saratogahistory.com/httpdocs/phpBB/.htaccess pcfg_openfile: unable to check htaccess file, ensure it is readable and that '/var/www/vhosts/saratogahistory.com/httpdocs/phpBB/' is executable
[Thu Sep 03 19:14:56.711601 2020] [core:crit] [pid 6888:tid 140619282343680] (13)Permission denied: [client 203.133.169.112:34350] AH00529: /var/www/vhosts/saratogahistory.com/httpdocs/phpBB/.htaccess pcfg_openfile: unable to check htaccess file, ensure it is readable and that '/var/www/vhosts/saratogahistory.com/httpdocs/phpBB/' is executable
[Thu Sep 03 19:15:01.719664 2020] [core:crit] [pid 32352:tid 140619219404544] (13)Permission denied: [client 203.133.169.112:34704] AH00529: /var/www/vhosts/saratogahistory.com/httpdocs/phpBB/.htaccess pcfg_openfile: unable to check htaccess file, ensure it is readable and that '/var/www/vhosts/saratogahistory.com/httpdocs/phpBB/' is executable
[Thu Sep 03 19:15:06.702616 2020] [core:crit] [pid 32352:tid 140619345282816] (13)Permission denied: [client 203.133.169.112:35082] AH00529: /var/www/vhosts/saratogahistory.com/httpdocs/phpBB/.htaccess pcfg_openfile: unable to check htaccess file, ensure it is readable and that '/var/www/vhosts/saratogahistory.com/httpdocs/phpBB/' is executable
[Thu Sep 03 19:15:11.698473 2020] [core:crit] [pid 32352:tid 140619145975552] (13)Permission denied: [client 203.133.169.112:35248] AH00529: /var/www/vhosts/saratogahistory.com/httpdocs/phpBB/.htaccess pcfg_openfile: unable to check htaccess file, ensure it is readable and that '/var/www/vhosts/saratogahistory.com/httpdocs/phpBB/' is executable
[Thu Sep 03 19:25:15.271036 2020] [core:crit] [pid 6888:tid 140619166955264] (13)Permission denied: [client 185.25.35.14:60036] AH00529: /var/www/vhosts/saratogahistory.com/httpdocs/phpBB/.htaccess pcfg_openfile: unable to check htaccess file, ensure it is readable and that '/var/www/vhosts/saratogahistory.com/httpdocs/phpBB/' is executable
[Thu Sep 03 19:36:28.697663 2020] [core:crit] [pid 32352:tid 140619261363968] (13)Permission denied: [client 185.25.35.12:60056] AH00529: /var/www/vhosts/saratogahistory.com/httpdocs/phpBB/.htaccess pcfg_openfile: unable to check htaccess file, ensure it is readable and that '/var/www/vhosts/saratogahistory.com/httpdocs/phpBB/' is executable
[Thu Sep 03 19:36:50.707567 2020] [core:crit] [pid 6888:tid 140619324303104] (13)Permission denied: [client 109.70.100.41:33032] AH00529: /var/www/vhosts/saratogahistory.com/httpdocs/phpBB/.htaccess pcfg_openfile: unable to check htaccess file, ensure it is readable and that '/var/www/vhosts/saratogahistory.com/httpdocs/phpBB/' is executable, referer: http://www.saratogahistory.com/phpBB/index.php
[Thu Sep 03 20:03:08.277768 2020] [core:crit] [pid 6888:tid 140619366262528] (13)Permission denied: [client 185.220.101.206:41714] AH00529: /var/www/vhosts/saratogahistory.com/httpdocs/phpBB/.htaccess pcfg_openfile: unable to check htaccess file, ensure it is readable and that '/var/www/vhosts/saratogahistory.com/httpdocs/phpBB/' is executable, referer: http://www.saratogahistory.com/phpBB/index.php
[Thu Sep 03 20:08:57.831832 2020] [core:crit] [pid 6888:tid 140619145975552] (13)Permission denied: [client 176.108.27.130:55212] AH00529: /var/www/vhosts/saratogahistory.com/httpdocs/phpBB/.htaccess pcfg_openfile: unable to check htaccess file, ensure it is readable and that '/var/www/vhosts/saratogahistory.com/httpdocs/phpBB/' is executable, referer: http://www.saratogahistory.com/phpBB/index.php
[Thu Sep 03 20:08:58.955611 2020] [proxy_fcgi:error] [pid 32352:tid 140619124995840] [client 176.108.27.130:55266] AH01071: Got error 'Primary script unknown\n', referer: http://www.saratogahistory.com/index.php
[Thu Sep 03 20:08:59.257289 2020] [proxy_fcgi:error] [pid 6888:tid 140619355772672] [client 176.108.27.130:55274] AH01071: Got error 'Primary script unknown\n', referer: http://www.saratogahistory.com/index.php
[Thu Sep 03 20:08:59.569664 2020] [proxy_fcgi:error] [pid 6888:tid 140619166955264] [client 176.108.27.130:55282] AH01071: Got error 'Primary script unknown\n', referer: http://www.saratogahistory.com/index.php
[Thu Sep 03 20:18:14.365533 2020] [core:crit] [pid 32352:tid 140619208914688] (13)Permission denied: [client 62.173.154.183:50046] AH00529: /var/www/vhosts/saratogahistory.com/httpdocs/phpBB/.htaccess pcfg_openfile: unable to check htaccess file, ensure it is readable and that '/var/www/vhosts/saratogahistory.com/httpdocs/phpBB/' is executable, referer: http://www.saratogahistory.com/phpBB/index.php
[Thu Sep 03 20:18:16.881926 2020] [proxy_fcgi:error] [pid 6888:tid 140619261363968] [client 62.173.154.183:50102] AH01071: Got error 'Primary script unknown\n', referer: http://www.saratogahistory.com/index.php
[Thu Sep 03 20:18:17.413749 2020] [proxy_fcgi:error] [pid 32352:tid 140619250874112] [client 62.173.154.183:50136] AH01071: Got error 'Primary script unknown\n', referer: http://www.saratogahistory.com/index.php
[Thu Sep 03 20:18:17.715237 2020] [proxy_fcgi:error] [pid 6888:tid 140619240384256] [client 62.173.154.183:50152] AH01071: Got error 'Primary script unknown\n', referer: http://www.saratogahistory.com/index.php
[Thu Sep 03 20:35:08.551654 2020] [core:crit] [pid 6888:tid 140619313813248] (13)Permission denied: [client 34.73.40.3:60868] AH00529: /var/www/vhosts/saratogahistory.com/httpdocs/phpBB/.htaccess pcfg_openfile: unable to check htaccess file, ensure it is readable and that '/var/www/vhosts/saratogahistory.com/httpdocs/phpBB/' is executable
[Thu Sep 03 21:38:50.689588 2020] [core:crit] [pid 6888:tid 140619208914688] (13)Permission denied: [client 107.189.11.163:33342] AH00529: /var/www/vhosts/saratogahistory.com/httpdocs/phpBB/.htaccess pcfg_openfile: unable to check htaccess file, ensure it is readable and that '/var/www/vhosts/saratogahistory.com/httpdocs/phpBB/' is executable, referer: http://www.saratogahistory.com/phpBB/index.php
[Thu Sep 03 21:44:06.706401 2020] [core:crit] [pid 6888:tid 140619177445120] (13)Permission denied: [client 203.133.169.112:44036] AH00529: /var/www/vhosts/saratogahistory.com/httpdocs/phpBB/.htaccess pcfg_openfile: unable to check htaccess file, ensure it is readable and that '/var/www/vhosts/saratogahistory.com/httpdocs/phpBB/' is executable
[Thu Sep 03 21:44:11.685898 2020] [core:crit] [pid 6888:tid 140619135485696] (13)Permission denied: [client 203.133.169.112:44242] AH00529: /var/www/vhosts/saratogahistory.com/httpdocs/phpBB/.htaccess pcfg_openfile: unable to check htaccess file, ensure it is readable and that '/var/www/vhosts/saratogahistory.com/httpdocs/phpBB/' is executable
[Thu Sep 03 21:44:16.712581 2020] [core:crit] [pid 6888:tid 140619292833536] (13)Permission denied: [client 203.133.169.112:44340] AH00529: /var/www/vhosts/saratogahistory.com/httpdocs/phpBB/.htaccess pcfg_openfile: unable to check htaccess file, ensure it is readable and that '/var/www/vhosts/saratogahistory.com/httpdocs/phpBB/' is executable
[Thu Sep 03 21:44:21.594202 2020] [core:crit] [pid 6888:tid 140619376752384] (13)Permission denied: [client 203.133.169.112:44476] AH00529: /var/www/vhosts/saratogahistory.com/httpdocs/phpBB/.htaccess pcfg_openfile: unable to check htaccess file, ensure it is readable and that '/var/www/vhosts/saratogahistory.com/httpdocs/phpBB/' is executable
[Thu Sep 03 21:44:26.606008 2020] [core:crit] [pid 32352:tid 140619261363968] (13)Permission denied: [client 203.133.169.112:44642] AH00529: /var/www/vhosts/saratogahistory.com/httpdocs/phpBB/.htaccess pcfg_openfile: unable to check htaccess file, ensure it is readable and that '/var/www/vhosts/saratogahistory.com/httpdocs/phpBB/' is executable
[Thu Sep 03 21:44:31.489669 2020] [core:crit] [pid 6888:tid 140619334792960] (13)Permission denied: [client 203.133.169.112:44804] AH00529: /var/www/vhosts/saratogahistory.com/httpdocs/phpBB/.htaccess pcfg_openfile: unable to check htaccess file, ensure it is readable and that '/var/www/vhosts/saratogahistory.com/httpdocs/phpBB/' is executable
[Thu Sep 03 21:44:36.623181 2020] [core:crit] [pid 6888:tid 140619313813248] (13)Permission denied: [client 203.133.169.112:45030] AH00529: /var/www/vhosts/saratogahistory.com/httpdocs/phpBB/.htaccess pcfg_openfile: unable to check htaccess file, ensure it is readable and that '/var/www/vhosts/saratogahistory.com/httpdocs/phpBB/' is executable
[Thu Sep 03 21:44:41.529367 2020] [core:crit] [pid 32352:tid 140619240384256] (13)Permission denied: [client 203.133.169.112:45144] AH00529: /var/www/vhosts/saratogahistory.com/httpdocs/phpBB/.htaccess pcfg_openfile: unable to check htaccess file, ensure it is readable and that '/var/www/vhosts/saratogahistory.com/httpdocs/phpBB/' is executable
[Thu Sep 03 21:44:46.509153 2020] [core:crit] [pid 6888:tid 140619271853824] (13)Permission denied: [client 203.133.169.112:45280] AH00529: /var/www/vhosts/saratogahistory.com/httpdocs/phpBB/.htaccess pcfg_openfile: unable to check htaccess file, ensure it is readable and that '/var/www/vhosts/saratogahistory.com/httpdocs/phpBB/' is executable
[Thu Sep 03 21:44:51.490965 2020] [core:crit] [pid 6888:tid 140619303323392] (13)Permission denied: [client 203.133.169.112:45466] AH00529: /var/www/vhosts/saratogahistory.com/httpdocs/phpBB/.htaccess pcfg_openfile: unable to check htaccess file, ensure it is readable and that '/var/www/vhosts/saratogahistory.com/httpdocs/phpBB/' is executable
[Thu Sep 03 21:44:56.484323 2020] [core:crit] [pid 32352:tid 140619355772672] (13)Permission denied: [client 203.133.169.112:45650] AH00529: /var/www/vhosts/saratogahistory.com/httpdocs/phpBB/.htaccess pcfg_openfile: unable to check htaccess file, ensure it is readable and that '/var/www/vhosts/saratogahistory.com/httpdocs/phpBB/' is executable
[Thu Sep 03 21:45:01.466736 2020] [core:crit] [pid 6888:tid 140619198424832] (13)Permission denied: [client 203.133.169.112:45916] AH00529: /var/www/vhosts/saratogahistory.com/httpdocs/phpBB/.htaccess pcfg_openfile: unable to check htaccess file, ensure it is readable and that '/var/www/vhosts/saratogahistory.com/httpdocs/phpBB/' is executable
[Thu Sep 03 21:45:06.463278 2020] [core:crit] [pid 6888:tid 140619345282816] (13)Permission denied: [client 203.133.169.112:46232] AH00529: /var/www/vhosts/saratogahistory.com/httpdocs/phpBB/.htaccess pcfg_openfile: unable to check htaccess file, ensure it is readable and that '/var/www/vhosts/saratogahistory.com/httpdocs/phpBB/' is executable
[Thu Sep 03 21:45:11.726531 2020] [core:crit] [pid 32352:tid 140619208914688] (13)Permission denied: [client 203.133.169.112:46484] AH00529: /var/www/vhosts/saratogahistory.com/httpdocs/phpBB/.htaccess pcfg_openfile: unable to check htaccess file, ensure it is readable and that '/var/www/vhosts/saratogahistory.com/httpdocs/phpBB/' is executable
[Thu Sep 03 21:45:16.720219 2020] [core:crit] [pid 6888:tid 140619282343680] (13)Permission denied: [client 203.133.169.112:46734] AH00529: /var/www/vhosts/saratogahistory.com/httpdocs/phpBB/.htaccess pcfg_openfile: unable to check htaccess file, ensure it is readable and that '/var/www/vhosts/saratogahistory.com/httpdocs/phpBB/' is executable
[Thu Sep 03 21:45:21.774761 2020] [core:crit] [pid 6888:tid 140619250874112] (13)Permission denied: [client 203.133.169.112:46924] AH00529: /var/www/vhosts/saratogahistory.com/httpdocs/phpBB/.htaccess pcfg_openfile: unable to check htaccess file, ensure it is readable and that '/var/www/vhosts/saratogahistory.com/httpdocs/phpBB/' is executable
[Thu Sep 03 22:30:03.901981 2020] [core:crit] [pid 6888:tid 140619145975552] (13)Permission denied: [client 92.38.136.69:60950] AH00529: /var/www/vhosts/saratogahistory.com/httpdocs/phpBB/.htaccess pcfg_openfile: unable to check htaccess file, ensure it is readable and that '/var/www/vhosts/saratogahistory.com/httpdocs/phpBB/' is executable, referer: http://www.saratogahistory.com/phpBB/index.php
[Thu Sep 03 22:30:03.907945 2020] [core:crit] [pid 6888:tid 140619145975552] (13)Permission denied: [client 92.38.136.69:60954] AH00529: /var/www/vhosts/saratogahistory.com/httpdocs/phpBB/.htaccess pcfg_openfile: unable to check htaccess file, ensure it is readable and that '/var/www/vhosts/saratogahistory.com/httpdocs/phpBB/' is executable, referer: http://www.saratogahistory.com/phpBB/index.php
[Thu Sep 03 23:19:01.418885 2020] [core:crit] [pid 32352:tid 140619219404544] (13)Permission denied: [client 38.81.163.3:48208] AH00529: /var/www/vhosts/saratogahistory.com/httpdocs/phpBB/.htaccess pcfg_openfile: unable to check htaccess file, ensure it is readable and that '/var/www/vhosts/saratogahistory.com/httpdocs/phpBB/' is executable, referer: http://www.saratogahistory.com/phpBB/index.php
[Thu Sep 03 23:29:10.872170 2020] [core:crit] [pid 6888:tid 140619282343680] (13)Permission denied: [client 185.25.35.14:50462] AH00529: /var/www/vhosts/saratogahistory.com/httpdocs/phpBB/.htaccess pcfg_openfile: unable to check htaccess file, ensure it is readable and that '/var/www/vhosts/saratogahistory.com/httpdocs/phpBB/' is executable
[Thu Sep 03 23:37:01.986130 2020] [core:crit] [pid 6888:tid 140619334792960] (13)Permission denied: [client 185.220.101.12:45280] AH00529: /var/www/vhosts/saratogahistory.com/httpdocs/phpBB/.htaccess pcfg_openfile: unable to check htaccess file, ensure it is readable and that '/var/www/vhosts/saratogahistory.com/httpdocs/phpBB/' is executable, referer: http://www.saratogahistory.com/phpBB/index.php
[Fri Sep 04 00:21:21.635883 2020] [core:crit] [pid 32325:tid 140619282343680] (13)Permission denied: [client 185.25.35.8:42390] AH00529: /var/www/vhosts/saratogahistory.com/httpdocs/phpBB/.htaccess pcfg_openfile: unable to check htaccess file, ensure it is readable and that '/var/www/vhosts/saratogahistory.com/httpdocs/phpBB/' is executable
[Fri Sep 04 00:32:31.932501 2020] [core:crit] [pid 32352:tid 140619292833536] (13)Permission denied: [client 86.106.74.116:49082] AH00529: /var/www/vhosts/saratogahistory.com/httpdocs/phpBB/.htaccess pcfg_openfile: unable to check htaccess file, ensure it is readable and that '/var/www/vhosts/saratogahistory.com/httpdocs/phpBB/' is executable, referer: http://www.saratogahistory.com/phpBB/index.php
[Fri Sep 04 01:18:04.618649 2020] [core:crit] [pid 32325:tid 140619135485696] (13)Permission denied: [client 185.25.35.8:51080] AH00529: /var/www/vhosts/saratogahistory.com/httpdocs/phpBB/.htaccess pcfg_openfile: unable to check htaccess file, ensure it is readable and that '/var/www/vhosts/saratogahistory.com/httpdocs/phpBB/' is executable
[Fri Sep 04 01:18:28.025363 2020] [core:crit] [pid 6888:tid 140619303323392] (13)Permission denied: [client 203.133.169.112:52270] AH00529: /var/www/vhosts/saratogahistory.com/httpdocs/phpBB/.htaccess pcfg_openfile: unable to check htaccess file, ensure it is readable and that '/var/www/vhosts/saratogahistory.com/httpdocs/phpBB/' is executable
[Fri Sep 04 01:18:32.906327 2020] [core:crit] [pid 32352:tid 140619166955264] (13)Permission denied: [client 203.133.169.112:52568] AH00529: /var/www/vhosts/saratogahistory.com/httpdocs/phpBB/.htaccess pcfg_openfile: unable to check htaccess file, ensure it is readable and that '/var/www/vhosts/saratogahistory.com/httpdocs/phpBB/' is executable
[Fri Sep 04 01:18:37.935091 2020] [core:crit] [pid 32352:tid 140619135485696] (13)Permission denied: [client 203.133.169.112:52802] AH00529: /var/www/vhosts/saratogahistory.com/httpdocs/phpBB/.htaccess pcfg_openfile: unable to check htaccess file, ensure it is readable and that '/var/www/vhosts/saratogahistory.com/httpdocs/phpBB/' is executable
[Fri Sep 04 01:18:42.921249 2020] [core:crit] [pid 6888:tid 140619198424832] (13)Permission denied: [client 203.133.169.112:52992] AH00529: /var/www/vhosts/saratogahistory.com/httpdocs/phpBB/.htaccess pcfg_openfile: unable to check htaccess file, ensure it is readable and that '/var/www/vhosts/saratogahistory.com/httpdocs/phpBB/' is executable
[Fri Sep 04 01:18:47.925149 2020] [core:crit] [pid 6888:tid 140619345282816] (13)Permission denied: [client 203.133.169.112:53180] AH00529: /var/www/vhosts/saratogahistory.com/httpdocs/phpBB/.htaccess pcfg_openfile: unable to check htaccess file, ensure it is readable and that '/var/www/vhosts/saratogahistory.com/httpdocs/phpBB/' is executable
[Fri Sep 04 01:18:52.901348 2020] [core:crit] [pid 6888:tid 140619366262528] (13)Permission denied: [client 203.133.169.112:53446] AH00529: /var/www/vhosts/saratogahistory.com/httpdocs/phpBB/.htaccess pcfg_openfile: unable to check htaccess file, ensure it is readable and that '/var/www/vhosts/saratogahistory.com/httpdocs/phpBB/' is executable
[Fri Sep 04 01:18:58.135999 2020] [core:crit] [pid 32325:tid 140619324303104] (13)Permission denied: [client 203.133.169.112:53716] AH00529: /var/www/vhosts/saratogahistory.com/httpdocs/phpBB/.htaccess pcfg_openfile: unable to check htaccess file, ensure it is readable and that '/var/www/vhosts/saratogahistory.com/httpdocs/phpBB/' is executable
[Fri Sep 04 01:19:03.048242 2020] [core:crit] [pid 32325:tid 140619313813248] (13)Permission denied: [client 203.133.169.112:53986] AH00529: /var/www/vhosts/saratogahistory.com/httpdocs/phpBB/.htaccess pcfg_openfile: unable to check htaccess file, ensure it is readable and that '/var/www/vhosts/saratogahistory.com/httpdocs/phpBB/' is executable
[Fri Sep 04 01:19:07.928685 2020] [core:crit] [pid 6888:tid 140619324303104] (13)Permission denied: [client 203.133.169.112:54158] AH00529: /var/www/vhosts/saratogahistory.com/httpdocs/phpBB/.htaccess pcfg_openfile: unable to check htaccess file, ensure it is readable and that '/var/www/vhosts/saratogahistory.com/httpdocs/phpBB/' is executable
[Fri Sep 04 01:19:12.865339 2020] [core:crit] [pid 6888:tid 140619282343680] (13)Permission denied: [client 203.133.169.112:54398] AH00529: /var/www/vhosts/saratogahistory.com/httpdocs/phpBB/.htaccess pcfg_openfile: unable to check htaccess file, ensure it is readable and that '/var/www/vhosts/saratogahistory.com/httpdocs/phpBB/' is executable
[Fri Sep 04 01:19:17.764779 2020] [core:crit] [pid 6888:tid 140619261363968] (13)Permission denied: [client 203.133.169.112:54676] AH00529: /var/www/vhosts/saratogahistory.com/httpdocs/phpBB/.htaccess pcfg_openfile: unable to check htaccess file, ensure it is readable and that '/var/www/vhosts/saratogahistory.com/httpdocs/phpBB/' is executable
[Fri Sep 04 01:19:22.755283 2020] [core:crit] [pid 32325:tid 140619303323392] (13)Permission denied: [client 203.133.169.112:54856] AH00529: /var/www/vhosts/saratogahistory.com/httpdocs/phpBB/.htaccess pcfg_openfile: unable to check htaccess file, ensure it is readable and that '/var/www/vhosts/saratogahistory.com/httpdocs/phpBB/' is executable
[Fri Sep 04 01:19:27.746798 2020] [core:crit] [pid 32322:tid 140619198424832] (13)Permission denied: [client 203.133.169.112:55026] AH00529: /var/www/vhosts/saratogahistory.com/httpdocs/phpBB/.htaccess pcfg_openfile: unable to check htaccess file, ensure it is readable and that '/var/www/vhosts/saratogahistory.com/httpdocs/phpBB/' is executable
[Fri Sep 04 01:19:32.861335 2020] [core:crit] [pid 32352:tid 140619198424832] (13)Permission denied: [client 203.133.169.112:55272] AH00529: /var/www/vhosts/saratogahistory.com/httpdocs/phpBB/.htaccess pcfg_openfile: unable to check htaccess file, ensure it is readable and that '/var/www/vhosts/saratogahistory.com/httpdocs/phpBB/' is executable
[Fri Sep 04 01:19:37.898483 2020] [core:crit] [pid 6888:tid 140619208914688] (13)Permission denied: [client 203.133.169.112:55454] AH00529: /var/www/vhosts/saratogahistory.com/httpdocs/phpBB/.htaccess pcfg_openfile: unable to check htaccess file, ensure it is readable and that '/var/www/vhosts/saratogahistory.com/httpdocs/phpBB/' is executable
[Fri Sep 04 01:19:42.883950 2020] [core:crit] [pid 32325:tid 140619292833536] (13)Permission denied: [client 203.133.169.112:55636] AH00529: /var/www/vhosts/saratogahistory.com/httpdocs/phpBB/.htaccess pcfg_openfile: unable to check htaccess file, ensure it is readable and that '/var/www/vhosts/saratogahistory.com/httpdocs/phpBB/' is executable
[Fri Sep 04 01:19:47.875091 2020] [core:crit] [pid 6888:tid 140619240384256] (13)Permission denied: [client 203.133.169.112:55898] AH00529: /var/www/vhosts/saratogahistory.com/httpdocs/phpBB/.htaccess pcfg_openfile: unable to check htaccess file, ensure it is readable and that '/var/www/vhosts/saratogahistory.com/httpdocs/phpBB/' is executable
[Fri Sep 04 01:19:52.919683 2020] [core:crit] [pid 32352:tid 140619292833536] (13)Permission denied: [client 203.133.169.112:56102] AH00529: /var/www/vhosts/saratogahistory.com/httpdocs/phpBB/.htaccess pcfg_openfile: unable to check htaccess file, ensure it is readable and that '/var/www/vhosts/saratogahistory.com/httpdocs/phpBB/' is executable
[Fri Sep 04 01:19:57.891732 2020] [core:crit] [pid 6888:tid 140619219404544] (13)Permission denied: [client 203.133.169.112:56440] AH00529: /var/www/vhosts/saratogahistory.com/httpdocs/phpBB/.htaccess pcfg_openfile: unable to check htaccess file, ensure it is readable and that '/var/www/vhosts/saratogahistory.com/httpdocs/phpBB/' is executable
[Fri Sep 04 01:20:02.908151 2020] [core:crit] [pid 6888:tid 140619355772672] (13)Permission denied: [client 203.133.169.112:56808] AH00529: /var/www/vhosts/saratogahistory.com/httpdocs/phpBB/.htaccess pcfg_openfile: unable to check htaccess file, ensure it is readable and that '/var/www/vhosts/saratogahistory.com/httpdocs/phpBB/' is executable
[Fri Sep 04 01:20:08.004807 2020] [core:crit] [pid 6888:tid 140619166955264] (13)Permission denied: [client 203.133.169.112:57082] AH00529: /var/www/vhosts/saratogahistory.com/httpdocs/phpBB/.htaccess pcfg_openfile: unable to check htaccess file, ensure it is readable and that '/var/www/vhosts/saratogahistory.com/httpdocs/phpBB/' is executable
[Fri Sep 04 01:20:12.890139 2020] [core:crit] [pid 6888:tid 140619124995840] (13)Permission denied: [client 203.133.169.112:57254] AH00529: /var/www/vhosts/saratogahistory.com/httpdocs/phpBB/.htaccess pcfg_openfile: unable to check htaccess file, ensure it is readable and that '/var/www/vhosts/saratogahistory.com/httpdocs/phpBB/' is executable
[Fri Sep 04 01:20:17.863152 2020] [core:crit] [pid 6888:tid 140619156465408] (13)Permission denied: [client 203.133.169.112:57520] AH00529: /var/www/vhosts/saratogahistory.com/httpdocs/phpBB/.htaccess pcfg_openfile: unable to check htaccess file, ensure it is readable and that '/var/www/vhosts/saratogahistory.com/httpdocs/phpBB/' is executable
[Fri Sep 04 01:20:22.874194 2020] [core:crit] [pid 32352:tid 140619303323392] (13)Permission denied: [client 203.133.169.112:57820] AH00529: /var/www/vhosts/saratogahistory.com/httpdocs/phpBB/.htaccess pcfg_openfile: unable to check htaccess file, ensure it is readable and that '/var/www/vhosts/saratogahistory.com/httpdocs/phpBB/' is executable
[Fri Sep 04 01:20:27.824877 2020] [core:crit] [pid 32325:tid 140619282343680] (13)Permission denied: [client 203.133.169.112:58206] AH00529: /var/www/vhosts/saratogahistory.com/httpdocs/phpBB/.htaccess pcfg_openfile: unable to check htaccess file, ensure it is readable and that '/var/www/vhosts/saratogahistory.com/httpdocs/phpBB/' is executable
[Fri Sep 04 01:20:32.725711 2020] [core:crit] [pid 6888:tid 140619177445120] (13)Permission denied: [client 203.133.169.112:58512] AH00529: /var/www/vhosts/saratogahistory.com/httpdocs/phpBB/.htaccess pcfg_openfile: unable to check htaccess file, ensure it is readable and that '/var/www/vhosts/saratogahistory.com/httpdocs/phpBB/' is executable
[Fri Sep 04 01:20:37.762435 2020] [core:crit] [pid 32352:tid 140619156465408] (13)Permission denied: [client 203.133.169.112:58790] AH00529: /var/www/vhosts/saratogahistory.com/httpdocs/phpBB/.htaccess pcfg_openfile: unable to check htaccess file, ensure it is readable and that '/var/www/vhosts/saratogahistory.com/httpdocs/phpBB/' is executable
[Fri Sep 04 01:20:42.752674 2020] [core:crit] [pid 32325:tid 140619250874112] (13)Permission denied: [client 203.133.169.112:59116] AH00529: /var/www/vhosts/saratogahistory.com/httpdocs/phpBB/.htaccess pcfg_openfile: unable to check htaccess file, ensure it is readable and that '/var/www/vhosts/saratogahistory.com/httpdocs/phpBB/' is executable
[Fri Sep 04 01:20:47.629696 2020] [core:crit] [pid 32322:tid 140619187934976] (13)Permission denied: [client 203.133.169.112:59336] AH00529: /var/www/vhosts/saratogahistory.com/httpdocs/phpBB/.htaccess pcfg_openfile: unable to check htaccess file, ensure it is readable and that '/var/www/vhosts/saratogahistory.com/httpdocs/phpBB/' is executable
[Fri Sep 04 01:20:52.602940 2020] [core:crit] [pid 6888:tid 140619135485696] (13)Permission denied: [client 203.133.169.112:59572] AH00529: /var/www/vhosts/saratogahistory.com/httpdocs/phpBB/.htaccess pcfg_openfile: unable to check htaccess file, ensure it is readable and that '/var/www/vhosts/saratogahistory.com/httpdocs/phpBB/' is executable
[Fri Sep 04 01:20:57.471330 2020] [core:crit] [pid 6888:tid 140619292833536] (13)Permission denied: [client 203.133.169.112:59812] AH00529: /var/www/vhosts/saratogahistory.com/httpdocs/phpBB/.htaccess pcfg_openfile: unable to check htaccess file, ensure it is readable and that '/var/www/vhosts/saratogahistory.com/httpdocs/phpBB/' is executable
[Fri Sep 04 01:21:02.520255 2020] [core:crit] [pid 6888:tid 140619376752384] (13)Permission denied: [client 203.133.169.112:60098] AH00529: /var/www/vhosts/saratogahistory.com/httpdocs/phpBB/.htaccess pcfg_openfile: unable to check htaccess file, ensure it is readable and that '/var/www/vhosts/saratogahistory.com/httpdocs/phpBB/' is executable
[Fri Sep 04 01:21:07.453871 2020] [core:crit] [pid 6888:tid 140619334792960] (13)Permission denied: [client 203.133.169.112:60434] AH00529: /var/www/vhosts/saratogahistory.com/httpdocs/phpBB/.htaccess pcfg_openfile: unable to check htaccess file, ensure it is readable and that '/var/www/vhosts/saratogahistory.com/httpdocs/phpBB/' is executable
[Fri Sep 04 01:21:08.389209 2020] [core:crit] [pid 6888:tid 140619313813248] (13)Permission denied: [client 66.249.69.155:60512] AH00529: /var/www/vhosts/saratogahistory.com/httpdocs/phpBB/.htaccess pcfg_openfile: unable to check htaccess file, ensure it is readable and that '/var/www/vhosts/saratogahistory.com/httpdocs/phpBB/' is executable
[Fri Sep 04 01:21:12.336177 2020] [core:crit] [pid 6888:tid 140619271853824] (13)Permission denied: [client 203.133.169.112:60752] AH00529: /var/www/vhosts/saratogahistory.com/httpdocs/phpBB/.htaccess pcfg_openfile: unable to check htaccess file, ensure it is readable and that '/var/www/vhosts/saratogahistory.com/httpdocs/phpBB/' is executable
[Fri Sep 04 01:21:14.241838 2020] [core:crit] [pid 32352:tid 140619282343680] (13)Permission denied: [client 66.249.69.154:60878] AH00529: /var/www/vhosts/saratogahistory.com/httpdocs/phpBB/.htaccess pcfg_openfile: unable to check htaccess file, ensure it is readable and that '/var/www/vhosts/saratogahistory.com/httpdocs/phpBB/' is executable
[Fri Sep 04 01:21:17.328228 2020] [core:crit] [pid 32352:tid 140619271853824] (13)Permission denied: [client 203.133.169.112:32842] AH00529: /var/www/vhosts/saratogahistory.com/httpdocs/phpBB/.htaccess pcfg_openfile: unable to check htaccess file, ensure it is readable and that '/var/www/vhosts/saratogahistory.com/httpdocs/phpBB/' is executable
[Fri Sep 04 01:21:22.220203 2020] [core:crit] [pid 6888:tid 140619198424832] (13)Permission denied: [client 203.133.169.112:33102] AH00529: /var/www/vhosts/saratogahistory.com/httpdocs/phpBB/.htaccess pcfg_openfile: unable to check htaccess file, ensure it is readable and that '/var/www/vhosts/saratogahistory.com/httpdocs/phpBB/' is executable
[Fri Sep 04 01:21:24.135055 2020] [core:crit] [pid 6888:tid 140619324303104] (13)Permission denied: [client 66.249.69.154:33200] AH00529: /var/www/vhosts/saratogahistory.com/httpdocs/phpBB/.htaccess pcfg_openfile: unable to check htaccess file, ensure it is readable and that '/var/www/vhosts/saratogahistory.com/httpdocs/phpBB/' is executable
[Fri Sep 04 01:21:27.208454 2020] [core:crit] [pid 6888:tid 140619282343680] (13)Permission denied: [client 203.133.169.112:33388] AH00529: /var/www/vhosts/saratogahistory.com/httpdocs/phpBB/.htaccess pcfg_openfile: unable to check htaccess file, ensure it is readable and that '/var/www/vhosts/saratogahistory.com/httpdocs/phpBB/' is executable
[Fri Sep 04 01:21:32.200567 2020] [core:crit] [pid 32352:tid 140619313813248] (13)Permission denied: [client 203.133.169.112:33570] AH00529: /var/www/vhosts/saratogahistory.com/httpdocs/phpBB/.htaccess pcfg_openfile: unable to check htaccess file, ensure it is readable and that '/var/www/vhosts/saratogahistory.com/httpdocs/phpBB/' is executable
[Fri Sep 04 01:21:33.790653 2020] [core:crit] [pid 32352:tid 140619324303104] (13)Permission denied: [client 66.249.69.154:33642] AH00529: /var/www/vhosts/saratogahistory.com/httpdocs/phpBB/.htaccess pcfg_openfile: unable to check htaccess file, ensure it is readable and that '/var/www/vhosts/saratogahistory.com/httpdocs/phpBB/' is executable
[Fri Sep 04 01:21:37.106961 2020] [core:crit] [pid 32352:tid 140619261363968] (13)Permission denied: [client 203.133.169.112:33806] AH00529: /var/www/vhosts/saratogahistory.com/httpdocs/phpBB/.htaccess pcfg_openfile: unable to check htaccess file, ensure it is readable and that '/var/www/vhosts/saratogahistory.com/httpdocs/phpBB/' is executable
[Fri Sep 04 01:21:42.024170 2020] [core:crit] [pid 6888:tid 140619250874112] (13)Permission denied: [client 203.133.169.112:34074] AH00529: /var/www/vhosts/saratogahistory.com/httpdocs/phpBB/.htaccess pcfg_openfile: unable to check htaccess file, ensure it is readable and that '/var/www/vhosts/saratogahistory.com/httpdocs/phpBB/' is executable
[Fri Sep 04 01:21:43.470460 2020] [core:crit] [pid 6888:tid 140619229894400] (13)Permission denied: [client 66.249.69.155:34134] AH00529: /var/www/vhosts/saratogahistory.com/httpdocs/phpBB/.htaccess pcfg_openfile: unable to check htaccess file, ensure it is readable and that '/var/www/vhosts/saratogahistory.com/httpdocs/phpBB/' is executable
[Fri Sep 04 01:21:47.012409 2020] [core:crit] [pid 32352:tid 140619240384256] (13)Permission denied: [client 203.133.169.112:34294] AH00529: /var/www/vhosts/saratogahistory.com/httpdocs/phpBB/.htaccess pcfg_openfile: unable to check htaccess file, ensure it is readable and that '/var/www/vhosts/saratogahistory.com/httpdocs/phpBB/' is executable
[Fri Sep 04 01:21:52.177457 2020] [core:crit] [pid 32352:tid 140619355772672] (13)Permission denied: [client 203.133.169.112:34682] AH00529: /var/www/vhosts/saratogahistory.com/httpdocs/phpBB/.htaccess pcfg_openfile: unable to check htaccess file, ensure it is readable and that '/var/www/vhosts/saratogahistory.com/httpdocs/phpBB/' is executable
[Fri Sep 04 01:21:53.150190 2020] [core:crit] [pid 32352:tid 140619208914688] (13)Permission denied: [client 66.249.69.155:34740] AH00529: /var/www/vhosts/saratogahistory.com/httpdocs/phpBB/.htaccess pcfg_openfile: unable to check htaccess file, ensure it is readable and that '/var/www/vhosts/saratogahistory.com/httpdocs/phpBB/' is executable
[Fri Sep 04 01:21:57.172314 2020] [core:crit] [pid 32325:tid 140619345282816] (13)Permission denied: [client 203.133.169.112:35040] AH00529: /var/www/vhosts/saratogahistory.com/httpdocs/phpBB/.htaccess pcfg_openfile: unable to check htaccess file, ensure it is readable and that '/var/www/vhosts/saratogahistory.com/httpdocs/phpBB/' is executable
[Fri Sep 04 01:22:02.193802 2020] [core:crit] [pid 6888:tid 140619261363968] (13)Permission denied: [client 203.133.169.112:35322] AH00529: /var/www/vhosts/saratogahistory.com/httpdocs/phpBB/.htaccess pcfg_openfile: unable to check htaccess file, ensure it is readable and that '/var/www/vhosts/saratogahistory.com/httpdocs/phpBB/' is executable
[Fri Sep 04 01:22:02.828988 2020] [core:crit] [pid 32325:tid 140619334792960] (13)Permission denied: [client 66.249.69.154:35374] AH00529: /var/www/vhosts/saratogahistory.com/httpdocs/phpBB/.htaccess pcfg_openfile: unable to check htaccess file, ensure it is readable and that '/var/www/vhosts/saratogahistory.com/httpdocs/phpBB/' is executable
[Fri Sep 04 01:22:07.105665 2020] [core:crit] [pid 32325:tid 140619366262528] (13)Permission denied: [client 203.133.169.112:35656] AH00529: /var/www/vhosts/saratogahistory.com/httpdocs/phpBB/.htaccess pcfg_openfile: unable to check htaccess file, ensure it is readable and that '/var/www/vhosts/saratogahistory.com/httpdocs/phpBB/' is executable
[Fri Sep 04 01:22:12.105773 2020] [core:crit] [pid 6888:tid 140619187934976] (13)Permission denied: [client 203.133.169.112:35918] AH00529: /var/www/vhosts/saratogahistory.com/httpdocs/phpBB/.htaccess pcfg_openfile: unable to check htaccess file, ensure it is readable and that '/var/www/vhosts/saratogahistory.com/httpdocs/phpBB/' is executable
[Fri Sep 04 01:22:12.525431 2020] [core:crit] [pid 32325:tid 140619208914688] (13)Permission denied: [client 66.249.69.154:35944] AH00529: /var/www/vhosts/saratogahistory.com/httpdocs/phpBB/.htaccess pcfg_openfile: unable to check htaccess file, ensure it is readable and that '/var/www/vhosts/saratogahistory.com/httpdocs/phpBB/' is executable
[Fri Sep 04 01:22:17.047146 2020] [core:crit] [pid 32325:tid 140619376752384] (13)Permission denied: [client 203.133.169.112:36192] AH00529: /var/www/vhosts/saratogahistory.com/httpdocs/phpBB/.htaccess pcfg_openfile: unable to check htaccess file, ensure it is readable and that '/var/www/vhosts/saratogahistory.com/httpdocs/phpBB/' is executable
[Fri Sep 04 01:22:21.927916 2020] [core:crit] [pid 32325:tid 140619261363968] (13)Permission denied: [client 203.133.169.112:36546] AH00529: /var/www/vhosts/saratogahistory.com/httpdocs/phpBB/.htaccess pcfg_openfile: unable to check htaccess file, ensure it is readable and that '/var/www/vhosts/saratogahistory.com/httpdocs/phpBB/' is executable
[Fri Sep 04 01:22:22.224716 2020] [core:crit] [pid 6888:tid 140619208914688] (13)Permission denied: [client 66.249.69.154:36574] AH00529: /var/www/vhosts/saratogahistory.com/httpdocs/phpBB/.htaccess pcfg_openfile: unable to check htaccess file, ensure it is readable and that '/var/www/vhosts/saratogahistory.com/httpdocs/phpBB/' is executable
[Fri Sep 04 01:22:27.172673 2020] [core:crit] [pid 32322:tid 140619208914688] (13)Permission denied: [client 203.133.169.112:36912] AH00529: /var/www/vhosts/saratogahistory.com/httpdocs/phpBB/.htaccess pcfg_openfile: unable to check htaccess file, ensure it is readable and that '/var/www/vhosts/saratogahistory.com/httpdocs/phpBB/' is executable
[Fri Sep 04 01:22:31.937671 2020] [core:crit] [pid 32325:tid 140619355772672] (13)Permission denied: [client 66.249.69.154:37260] AH00529: /var/www/vhosts/saratogahistory.com/httpdocs/phpBB/.htaccess pcfg_openfile: unable to check htaccess file, ensure it is readable and that '/var/www/vhosts/saratogahistory.com/httpdocs/phpBB/' is executable
[Fri Sep 04 01:22:32.169144 2020] [core:crit] [pid 32325:tid 140619198424832] (13)Permission denied: [client 203.133.169.112:37270] AH00529: /var/www/vhosts/saratogahistory.com/httpdocs/phpBB/.htaccess pcfg_openfile: unable to check htaccess file, ensure it is readable and that '/var/www/vhosts/saratogahistory.com/httpdocs/phpBB/' is executable
[Fri Sep 04 01:22:37.246387 2020] [core:crit] [pid 32325:tid 140619187934976] (13)Permission denied: [client 203.133.169.112:37520] AH00529: /var/www/vhosts/saratogahistory.com/httpdocs/phpBB/.htaccess pcfg_openfile: unable to check htaccess file, ensure it is readable and that '/var/www/vhosts/saratogahistory.com/httpdocs/phpBB/' is executable
[Fri Sep 04 01:22:41.663126 2020] [core:crit] [pid 6888:tid 140619240384256] (13)Permission denied: [client 66.249.69.154:37740] AH00529: /var/www/vhosts/saratogahistory.com/httpdocs/phpBB/.htaccess pcfg_openfile: unable to check htaccess file, ensure it is readable and that '/var/www/vhosts/saratogahistory.com/httpdocs/phpBB/' is executable
[Fri Sep 04 01:22:42.252827 2020] [core:crit] [pid 32352:tid 140619366262528] (13)Permission denied: [client 203.133.169.112:37774] AH00529: /var/www/vhosts/saratogahistory.com/httpdocs/phpBB/.htaccess pcfg_openfile: unable to check htaccess file, ensure it is readable and that '/var/www/vhosts/saratogahistory.com/httpdocs/phpBB/' is executable
[Fri Sep 04 01:22:47.137617 2020] [core:crit] [pid 32352:tid 140619376752384] (13)Permission denied: [client 203.133.169.112:38138] AH00529: /var/www/vhosts/saratogahistory.com/httpdocs/phpBB/.htaccess pcfg_openfile: unable to check htaccess file, ensure it is readable and that '/var/www/vhosts/saratogahistory.com/httpdocs/phpBB/' is executable
[Fri Sep 04 01:22:51.432773 2020] [core:crit] [pid 6888:tid 140619145975552] (13)Permission denied: [client 66.249.69.154:38444] AH00529: /var/www/vhosts/saratogahistory.com/httpdocs/phpBB/.htaccess pcfg_openfile: unable to check htaccess file, ensure it is readable and that '/var/www/vhosts/saratogahistory.com/httpdocs/phpBB/' is executable
[Fri Sep 04 01:22:52.126012 2020] [core:crit] [pid 6888:tid 140619219404544] (13)Permission denied: [client 203.133.169.112:38496] AH00529: /var/www/vhosts/saratogahistory.com/httpdocs/phpBB/.htaccess pcfg_openfile: unable to check htaccess file, ensure it is readable and that '/var/www/vhosts/saratogahistory.com/httpdocs/phpBB/' is executable
[Fri Sep 04 01:22:57.053377 2020] [core:crit] [pid 32352:tid 140619229894400] (13)Permission denied: [client 203.133.169.112:38734] AH00529: /var/www/vhosts/saratogahistory.com/httpdocs/phpBB/.htaccess pcfg_openfile: unable to check htaccess file, ensure it is readable and that '/var/www/vhosts/saratogahistory.com/httpdocs/phpBB/' is executable
[Fri Sep 04 01:23:01.223406 2020] [core:crit] [pid 32352:tid 140619187934976] (13)Permission denied: [client 66.249.69.154:38952] AH00529: /var/www/vhosts/saratogahistory.com/httpdocs/phpBB/.htaccess pcfg_openfile: unable to check htaccess file, ensure it is readable and that '/var/www/vhosts/saratogahistory.com/httpdocs/phpBB/' is executable
[Fri Sep 04 01:23:02.073179 2020] [core:crit] [pid 32325:tid 140619219404544] (13)Permission denied: [client 203.133.169.112:38990] AH00529: /var/www/vhosts/saratogahistory.com/httpdocs/phpBB/.htaccess pcfg_openfile: unable to check htaccess file, ensure it is readable and that '/var/www/vhosts/saratogahistory.com/httpdocs/phpBB/' is executable
[Fri Sep 04 01:23:07.044307 2020] [core:crit] [pid 32325:tid 140619229894400] (13)Permission denied: [client 203.133.169.112:39270] AH00529: /var/www/vhosts/saratogahistory.com/httpdocs/phpBB/.htaccess pcfg_openfile: unable to check htaccess file, ensure it is readable and that '/var/www/vhosts/saratogahistory.com/httpdocs/phpBB/' is executable
[Fri Sep 04 01:23:11.097052 2020] [core:crit] [pid 6888:tid 140619355772672] (13)Permission denied: [client 66.249.69.154:39474] AH00529: /var/www/vhosts/saratogahistory.com/httpdocs/phpBB/.htaccess pcfg_openfile: unable to check htaccess file, ensure it is readable and that '/var/www/vhosts/saratogahistory.com/httpdocs/phpBB/' is executable
[Fri Sep 04 01:23:21.217540 2020] [core:crit] [pid 6888:tid 140619166955264] (13)Permission denied: [client 66.249.69.154:40034] AH00529: /var/www/vhosts/saratogahistory.com/httpdocs/phpBB/.htaccess pcfg_openfile: unable to check htaccess file, ensure it is readable and that '/var/www/vhosts/saratogahistory.com/httpdocs/phpBB/' is executable
[Fri Sep 04 01:24:25.682219 2020] [core:crit] [pid 6888:tid 140619334792960] (13)Permission denied: [client 66.249.69.156:43254] AH00529: /var/www/vhosts/saratogahistory.com/httpdocs/phpBB/.htaccess pcfg_openfile: unable to check htaccess file, ensure it is readable and that '/var/www/vhosts/saratogahistory.com/httpdocs/phpBB/' is executable
[Fri Sep 04 01:25:51.244933 2020] [core:crit] [pid 6888:tid 140619303323392] (13)Permission denied: [client 40.77.167.150:47732] AH00529: /var/www/vhosts/saratogahistory.com/httpdocs/phpBB/.htaccess pcfg_openfile: unable to check htaccess file, ensure it is readable and that '/var/www/vhosts/saratogahistory.com/httpdocs/phpBB/' is executable
[Fri Sep 04 01:29:04.693097 2020] [core:crit] [pid 6888:tid 140619282343680] (13)Permission denied: [client 185.25.35.10:57262] AH00529: /var/www/vhosts/saratogahistory.com/httpdocs/phpBB/.htaccess pcfg_openfile: unable to check htaccess file, ensure it is readable and that '/var/www/vhosts/saratogahistory.com/httpdocs/phpBB/' is executable
[Fri Sep 04 01:39:06.012504 2020] [core:crit] [pid 6888:tid 140619271853824] (13)Permission denied: [client 162.247.74.201:33520] AH00529: /var/www/vhosts/saratogahistory.com/httpdocs/phpBB/.htaccess pcfg_openfile: unable to check htaccess file, ensure it is readable and that '/var/www/vhosts/saratogahistory.com/httpdocs/phpBB/' is executable, referer: http://www.saratogahistory.com/phpBB/index.php
[Fri Sep 04 02:32:32.392306 2020] [core:crit] [pid 6888:tid 140619135485696] (13)Permission denied: [client 109.195.38.201:55362] AH00529: /var/www/vhosts/saratogahistory.com/httpdocs/phpBB/.htaccess pcfg_openfile: unable to check htaccess file, ensure it is readable and that '/var/www/vhosts/saratogahistory.com/httpdocs/phpBB/' is executable, referer: http://www.saratogahistory.com/phpBB/index.php
[Fri Sep 04 02:32:33.724493 2020] [proxy_fcgi:error] [pid 6888:tid 140619334792960] [client 109.195.38.201:55476] AH01071: Got error 'Primary script unknown\n', referer: http://www.saratogahistory.com/index.php
[Fri Sep 04 02:32:34.101797 2020] [proxy_fcgi:error] [pid 32322:tid 140619324303104] [client 109.195.38.201:55520] AH01071: Got error 'Primary script unknown\n', referer: http://www.saratogahistory.com/index.php
[Fri Sep 04 02:32:34.471878 2020] [proxy_fcgi:error] [pid 32325:tid 140619135485696] [client 109.195.38.201:55562] AH01071: Got error 'Primary script unknown\n', referer: http://www.saratogahistory.com/index.php
[Fri Sep 04 02:33:47.350612 2020] [core:crit] [pid 6888:tid 140619355772672] (13)Permission denied: [client 77.247.181.162:59564] AH00529: /var/www/vhosts/saratogahistory.com/httpdocs/phpBB/.htaccess pcfg_openfile: unable to check htaccess file, ensure it is readable and that '/var/www/vhosts/saratogahistory.com/httpdocs/phpBB/' is executable, referer: http://www.saratogahistory.com/phpBB/index.php
[Fri Sep 04 03:38:05.362348 2020] [core:crit] [pid 32325:tid 140619229894400] (13)Permission denied: [client 185.220.101.5:58922] AH00529: /var/www/vhosts/saratogahistory.com/httpdocs/phpBB/.htaccess pcfg_openfile: unable to check htaccess file, ensure it is readable and that '/var/www/vhosts/saratogahistory.com/httpdocs/phpBB/' is executable, referer: http://www.saratogahistory.com/phpBB/index.php
[Fri Sep 04 04:09:58.616338 2020] [core:crit] [pid 32325:tid 140619292833536] (13)Permission denied: [client 5.62.19.70:45812] AH00529: /var/www/vhosts/saratogahistory.com/httpdocs/phpBB/.htaccess pcfg_openfile: unable to check htaccess file, ensure it is readable and that '/var/www/vhosts/saratogahistory.com/httpdocs/phpBB/' is executable, referer: http://www.saratogahistory.com/phpBB/index.php
[Fri Sep 04 05:30:34.318148 2020] [core:crit] [pid 6888:tid 140619124995840] (13)Permission denied: [client 185.25.35.9:46924] AH00529: /var/www/vhosts/saratogahistory.com/httpdocs/phpBB/.htaccess pcfg_openfile: unable to check htaccess file, ensure it is readable and that '/var/www/vhosts/saratogahistory.com/httpdocs/phpBB/' is executable
[Fri Sep 04 05:40:18.578920 2020] [core:crit] [pid 32352:tid 140619334792960] (13)Permission denied: [client 109.70.100.41:49480] AH00529: /var/www/vhosts/saratogahistory.com/httpdocs/phpBB/.htaccess pcfg_openfile: unable to check htaccess file, ensure it is readable and that '/var/www/vhosts/saratogahistory.com/httpdocs/phpBB/' is executable, referer: http://www.saratogahistory.com/phpBB/index.php
[Fri Sep 04 05:52:31.738613 2020] [core:crit] [pid 32352:tid 140619219404544] (13)Permission denied: [client 203.133.169.112:57626] AH00529: /var/www/vhosts/saratogahistory.com/httpdocs/phpBB/.htaccess pcfg_openfile: unable to check htaccess file, ensure it is readable and that '/var/www/vhosts/saratogahistory.com/httpdocs/phpBB/' is executable
[Fri Sep 04 05:52:36.653579 2020] [core:crit] [pid 6888:tid 140619198424832] (13)Permission denied: [client 203.133.169.112:57872] AH00529: /var/www/vhosts/saratogahistory.com/httpdocs/phpBB/.htaccess pcfg_openfile: unable to check htaccess file, ensure it is readable and that '/var/www/vhosts/saratogahistory.com/httpdocs/phpBB/' is executable
[Fri Sep 04 05:52:41.573888 2020] [core:crit] [pid 32325:tid 140619177445120] (13)Permission denied: [client 203.133.169.112:58092] AH00529: /var/www/vhosts/saratogahistory.com/httpdocs/phpBB/.htaccess pcfg_openfile: unable to check htaccess file, ensure it is readable and that '/var/www/vhosts/saratogahistory.com/httpdocs/phpBB/' is executable
[Fri Sep 04 05:52:46.595288 2020] [core:crit] [pid 6888:tid 140619366262528] (13)Permission denied: [client 203.133.169.112:58356] AH00529: /var/www/vhosts/saratogahistory.com/httpdocs/phpBB/.htaccess pcfg_openfile: unable to check htaccess file, ensure it is readable and that '/var/www/vhosts/saratogahistory.com/httpdocs/phpBB/' is executable
[Fri Sep 04 05:52:51.489408 2020] [core:crit] [pid 6888:tid 140619324303104] (13)Permission denied: [client 203.133.169.112:58718] AH00529: /var/www/vhosts/saratogahistory.com/httpdocs/phpBB/.htaccess pcfg_openfile: unable to check htaccess file, ensure it is readable and that '/var/www/vhosts/saratogahistory.com/httpdocs/phpBB/' is executable
[Fri Sep 04 05:52:56.402345 2020] [core:crit] [pid 6888:tid 140619282343680] (13)Permission denied: [client 203.133.169.112:59068] AH00529: /var/www/vhosts/saratogahistory.com/httpdocs/phpBB/.htaccess pcfg_openfile: unable to check htaccess file, ensure it is readable and that '/var/www/vhosts/saratogahistory.com/httpdocs/phpBB/' is executable
[Fri Sep 04 05:53:01.306815 2020] [core:crit] [pid 32325:tid 140619124995840] (13)Permission denied: [client 203.133.169.112:59314] AH00529: /var/www/vhosts/saratogahistory.com/httpdocs/phpBB/.htaccess pcfg_openfile: unable to check htaccess file, ensure it is readable and that '/var/www/vhosts/saratogahistory.com/httpdocs/phpBB/' is executable
[Fri Sep 04 05:53:06.201959 2020] [core:crit] [pid 6888:tid 140619250874112] (13)Permission denied: [client 203.133.169.112:59612] AH00529: /var/www/vhosts/saratogahistory.com/httpdocs/phpBB/.htaccess pcfg_openfile: unable to check htaccess file, ensure it is readable and that '/var/www/vhosts/saratogahistory.com/httpdocs/phpBB/' is executable
[Fri Sep 04 05:53:11.135831 2020] [core:crit] [pid 32352:tid 140619345282816] (13)Permission denied: [client 203.133.169.112:59830] AH00529: /var/www/vhosts/saratogahistory.com/httpdocs/phpBB/.htaccess pcfg_openfile: unable to check htaccess file, ensure it is readable and that '/var/www/vhosts/saratogahistory.com/httpdocs/phpBB/' is executable
[Fri Sep 04 05:53:16.182812 2020] [core:crit] [pid 6888:tid 140619229894400] (13)Permission denied: [client 203.133.169.112:60162] AH00529: /var/www/vhosts/saratogahistory.com/httpdocs/phpBB/.htaccess pcfg_openfile: unable to check htaccess file, ensure it is readable and that '/var/www/vhosts/saratogahistory.com/httpdocs/phpBB/' is executable
[Fri Sep 04 05:53:21.193777 2020] [core:crit] [pid 6888:tid 140619187934976] (13)Permission denied: [client 203.133.169.112:60506] AH00529: /var/www/vhosts/saratogahistory.com/httpdocs/phpBB/.htaccess pcfg_openfile: unable to check htaccess file, ensure it is readable and that '/var/www/vhosts/saratogahistory.com/httpdocs/phpBB/' is executable
[Fri Sep 04 05:53:26.070358 2020] [core:crit] [pid 6888:tid 140619208914688] (13)Permission denied: [client 203.133.169.112:60860] AH00529: /var/www/vhosts/saratogahistory.com/httpdocs/phpBB/.htaccess pcfg_openfile: unable to check htaccess file, ensure it is readable and that '/var/www/vhosts/saratogahistory.com/httpdocs/phpBB/' is executable
[Fri Sep 04 05:53:30.950967 2020] [core:crit] [pid 32325:tid 140619156465408] (13)Permission denied: [client 203.133.169.112:32846] AH00529: /var/www/vhosts/saratogahistory.com/httpdocs/phpBB/.htaccess pcfg_openfile: unable to check htaccess file, ensure it is readable and that '/var/www/vhosts/saratogahistory.com/httpdocs/phpBB/' is executable
[Fri Sep 04 05:53:35.840124 2020] [core:crit] [pid 6888:tid 140619240384256] (13)Permission denied: [client 203.133.169.112:33080] AH00529: /var/www/vhosts/saratogahistory.com/httpdocs/phpBB/.htaccess pcfg_openfile: unable to check htaccess file, ensure it is readable and that '/var/www/vhosts/saratogahistory.com/httpdocs/phpBB/' is executable
[Fri Sep 04 05:53:41.053828 2020] [core:crit] [pid 6888:tid 140619145975552] (13)Permission denied: [client 203.133.169.112:33392] AH00529: /var/www/vhosts/saratogahistory.com/httpdocs/phpBB/.htaccess pcfg_openfile: unable to check htaccess file, ensure it is readable and that '/var/www/vhosts/saratogahistory.com/httpdocs/phpBB/' is executable
[Fri Sep 04 05:53:45.928258 2020] [core:crit] [pid 6888:tid 140619219404544] (13)Permission denied: [client 203.133.169.112:33710] AH00529: /var/www/vhosts/saratogahistory.com/httpdocs/phpBB/.htaccess pcfg_openfile: unable to check htaccess file, ensure it is readable and that '/var/www/vhosts/saratogahistory.com/httpdocs/phpBB/' is executable
[Fri Sep 04 05:53:50.921110 2020] [core:crit] [pid 6888:tid 140619355772672] (13)Permission denied: [client 203.133.169.112:34022] AH00529: /var/www/vhosts/saratogahistory.com/httpdocs/phpBB/.htaccess pcfg_openfile: unable to check htaccess file, ensure it is readable and that '/var/www/vhosts/saratogahistory.com/httpdocs/phpBB/' is executable
[Fri Sep 04 05:53:55.826367 2020] [core:crit] [pid 6888:tid 140619166955264] (13)Permission denied: [client 203.133.169.112:34240] AH00529: /var/www/vhosts/saratogahistory.com/httpdocs/phpBB/.htaccess pcfg_openfile: unable to check htaccess file, ensure it is readable and that '/var/www/vhosts/saratogahistory.com/httpdocs/phpBB/' is executable
[Fri Sep 04 05:54:00.853651 2020] [core:crit] [pid 32322:tid 140619229894400] (13)Permission denied: [client 203.133.169.112:34422] AH00529: /var/www/vhosts/saratogahistory.com/httpdocs/phpBB/.htaccess pcfg_openfile: unable to check htaccess file, ensure it is readable and that '/var/www/vhosts/saratogahistory.com/httpdocs/phpBB/' is executable
[Fri Sep 04 05:54:05.744422 2020] [core:crit] [pid 6888:tid 140619124995840] (13)Permission denied: [client 203.133.169.112:34628] AH00529: /var/www/vhosts/saratogahistory.com/httpdocs/phpBB/.htaccess pcfg_openfile: unable to check htaccess file, ensure it is readable and that '/var/www/vhosts/saratogahistory.com/httpdocs/phpBB/' is executable
[Fri Sep 04 05:54:10.768628 2020] [core:crit] [pid 6888:tid 140619156465408] (13)Permission denied: [client 203.133.169.112:34910] AH00529: /var/www/vhosts/saratogahistory.com/httpdocs/phpBB/.htaccess pcfg_openfile: unable to check htaccess file, ensure it is readable and that '/var/www/vhosts/saratogahistory.com/httpdocs/phpBB/' is executable
[Fri Sep 04 05:54:16.376312 2020] [core:crit] [pid 6888:tid 140619177445120] (13)Permission denied: [client 203.133.169.112:35156] AH00529: /var/www/vhosts/saratogahistory.com/httpdocs/phpBB/.htaccess pcfg_openfile: unable to check htaccess file, ensure it is readable and that '/var/www/vhosts/saratogahistory.com/httpdocs/phpBB/' is executable
[Fri Sep 04 05:54:21.394396 2020] [core:crit] [pid 32322:tid 140619198424832] (13)Permission denied: [client 203.133.169.112:35340] AH00529: /var/www/vhosts/saratogahistory.com/httpdocs/phpBB/.htaccess pcfg_openfile: unable to check htaccess file, ensure it is readable and that '/var/www/vhosts/saratogahistory.com/httpdocs/phpBB/' is executable
[Fri Sep 04 05:54:26.321652 2020] [core:crit] [pid 32325:tid 140619145975552] (13)Permission denied: [client 203.133.169.112:35520] AH00529: /var/www/vhosts/saratogahistory.com/httpdocs/phpBB/.htaccess pcfg_openfile: unable to check htaccess file, ensure it is readable and that '/var/www/vhosts/saratogahistory.com/httpdocs/phpBB/' is executable
[Fri Sep 04 05:54:31.377198 2020] [core:crit] [pid 32325:tid 140619135485696] (13)Permission denied: [client 203.133.169.112:35754] AH00529: /var/www/vhosts/saratogahistory.com/httpdocs/phpBB/.htaccess pcfg_openfile: unable to check htaccess file, ensure it is readable and that '/var/www/vhosts/saratogahistory.com/httpdocs/phpBB/' is executable
[Fri Sep 04 05:54:36.250738 2020] [core:crit] [pid 32325:tid 140619324303104] (13)Permission denied: [client 203.133.169.112:35920] AH00529: /var/www/vhosts/saratogahistory.com/httpdocs/phpBB/.htaccess pcfg_openfile: unable to check htaccess file, ensure it is readable and that '/var/www/vhosts/saratogahistory.com/httpdocs/phpBB/' is executable
[Fri Sep 04 05:54:41.148126 2020] [core:crit] [pid 32352:tid 140619145975552] (13)Permission denied: [client 203.133.169.112:36130] AH00529: /var/www/vhosts/saratogahistory.com/httpdocs/phpBB/.htaccess pcfg_openfile: unable to check htaccess file, ensure it is readable and that '/var/www/vhosts/saratogahistory.com/httpdocs/phpBB/' is executable
[Fri Sep 04 05:54:46.328807 2020] [core:crit] [pid 6888:tid 140619135485696] (13)Permission denied: [client 203.133.169.112:36416] AH00529: /var/www/vhosts/saratogahistory.com/httpdocs/phpBB/.htaccess pcfg_openfile: unable to check htaccess file, ensure it is readable and that '/var/www/vhosts/saratogahistory.com/httpdocs/phpBB/' is executable
[Fri Sep 04 05:54:51.346878 2020] [core:crit] [pid 6888:tid 140619292833536] (13)Permission denied: [client 203.133.169.112:36672] AH00529: /var/www/vhosts/saratogahistory.com/httpdocs/phpBB/.htaccess pcfg_openfile: unable to check htaccess file, ensure it is readable and that '/var/www/vhosts/saratogahistory.com/httpdocs/phpBB/' is executable
[Fri Sep 04 05:54:56.222721 2020] [core:crit] [pid 32322:tid 140619187934976] (13)Permission denied: [client 203.133.169.112:36884] AH00529: /var/www/vhosts/saratogahistory.com/httpdocs/phpBB/.htaccess pcfg_openfile: unable to check htaccess file, ensure it is readable and that '/var/www/vhosts/saratogahistory.com/httpdocs/phpBB/' is executable
[Fri Sep 04 05:55:02.245369 2020] [core:crit] [pid 32322:tid 140619208914688] (13)Permission denied: [client 203.133.169.112:37256] AH00529: /var/www/vhosts/saratogahistory.com/httpdocs/phpBB/.htaccess pcfg_openfile: unable to check htaccess file, ensure it is readable and that '/var/www/vhosts/saratogahistory.com/httpdocs/phpBB/' is executable
[Fri Sep 04 05:55:07.259115 2020] [core:crit] [pid 6888:tid 140619313813248] (13)Permission denied: [client 203.133.169.112:37578] AH00529: /var/www/vhosts/saratogahistory.com/httpdocs/phpBB/.htaccess pcfg_openfile: unable to check htaccess file, ensure it is readable and that '/var/www/vhosts/saratogahistory.com/httpdocs/phpBB/' is executable
[Fri Sep 04 05:55:12.289431 2020] [core:crit] [pid 6888:tid 140619376752384] (13)Permission denied: [client 203.133.169.112:37846] AH00529: /var/www/vhosts/saratogahistory.com/httpdocs/phpBB/.htaccess pcfg_openfile: unable to check htaccess file, ensure it is readable and that '/var/www/vhosts/saratogahistory.com/httpdocs/phpBB/' is executable
[Fri Sep 04 05:55:17.365800 2020] [core:crit] [pid 32322:tid 140619177445120] (13)Permission denied: [client 203.133.169.112:38076] AH00529: /var/www/vhosts/saratogahistory.com/httpdocs/phpBB/.htaccess pcfg_openfile: unable to check htaccess file, ensure it is readable and that '/var/www/vhosts/saratogahistory.com/httpdocs/phpBB/' is executable
[Fri Sep 04 05:55:22.262312 2020] [core:crit] [pid 32325:tid 140619313813248] (13)Permission denied: [client 203.133.169.112:38318] AH00529: /var/www/vhosts/saratogahistory.com/httpdocs/phpBB/.htaccess pcfg_openfile: unable to check htaccess file, ensure it is readable and that '/var/www/vhosts/saratogahistory.com/httpdocs/phpBB/' is executable
[Fri Sep 04 05:55:27.185017 2020] [core:crit] [pid 6888:tid 140619334792960] (13)Permission denied: [client 203.133.169.112:38600] AH00529: /var/www/vhosts/saratogahistory.com/httpdocs/phpBB/.htaccess pcfg_openfile: unable to check htaccess file, ensure it is readable and that '/var/www/vhosts/saratogahistory.com/httpdocs/phpBB/' is executable
[Fri Sep 04 05:55:32.192154 2020] [core:crit] [pid 32322:tid 140619166955264] (13)Permission denied: [client 203.133.169.112:38784] AH00529: /var/www/vhosts/saratogahistory.com/httpdocs/phpBB/.htaccess pcfg_openfile: unable to check htaccess file, ensure it is readable and that '/var/www/vhosts/saratogahistory.com/httpdocs/phpBB/' is executable
[Fri Sep 04 05:55:37.080496 2020] [core:crit] [pid 6888:tid 140619271853824] (13)Permission denied: [client 203.133.169.112:39070] AH00529: /var/www/vhosts/saratogahistory.com/httpdocs/phpBB/.htaccess pcfg_openfile: unable to check htaccess file, ensure it is readable and that '/var/www/vhosts/saratogahistory.com/httpdocs/phpBB/' is executable
[Fri Sep 04 06:07:30.554513 2020] [core:crit] [pid 32352:tid 140619135485696] (13)Permission denied: [client 104.244.72.203:44762] AH00529: /var/www/vhosts/saratogahistory.com/httpdocs/phpBB/.htaccess pcfg_openfile: unable to check htaccess file, ensure it is readable and that '/var/www/vhosts/saratogahistory.com/httpdocs/phpBB/' is executable, referer: http://www.saratogahistory.com/phpBB/index.php
[Fri Sep 04 06:18:51.489190 2020] [core:crit] [pid 6888:tid 140619366262528] (13)Permission denied: [client 185.25.35.8:49312] AH00529: /var/www/vhosts/saratogahistory.com/httpdocs/phpBB/.htaccess pcfg_openfile: unable to check htaccess file, ensure it is readable and that '/var/www/vhosts/saratogahistory.com/httpdocs/phpBB/' is executable
[Fri Sep 04 07:18:37.971538 2020] [core:crit] [pid 32352:tid 140619271853824] (13)Permission denied: [client 185.25.35.11:34270] AH00529: /var/www/vhosts/saratogahistory.com/httpdocs/phpBB/.htaccess pcfg_openfile: unable to check htaccess file, ensure it is readable and that '/var/www/vhosts/saratogahistory.com/httpdocs/phpBB/' is executable
[Fri Sep 04 07:31:16.556588 2020] [core:crit] [pid 32352:tid 140619145975552] (13)Permission denied: [client 185.25.35.13:44972] AH00529: /var/www/vhosts/saratogahistory.com/httpdocs/phpBB/.htaccess pcfg_openfile: unable to check htaccess file, ensure it is readable and that '/var/www/vhosts/saratogahistory.com/httpdocs/phpBB/' is executable
[Fri Sep 04 07:37:01.417379 2020] [core:crit] [pid 32325:tid 140619366262528] (13)Permission denied: [client 185.220.102.247:33480] AH00529: /var/www/vhosts/saratogahistory.com/httpdocs/phpBB/.htaccess pcfg_openfile: unable to check htaccess file, ensure it is readable and that '/var/www/vhosts/saratogahistory.com/httpdocs/phpBB/' is executable, referer: http://www.saratogahistory.com/phpBB/index.php
[Fri Sep 04 08:28:11.823763 2020] [core:crit] [pid 6888:tid 140619208914688] (13)Permission denied: [client 66.249.69.154:53132] AH00529: /var/www/vhosts/saratogahistory.com/httpdocs/phpBB/.htaccess pcfg_openfile: unable to check htaccess file, ensure it is readable and that '/var/www/vhosts/saratogahistory.com/httpdocs/phpBB/' is executable
[Fri Sep 04 08:39:44.787153 2020] [core:crit] [pid 6888:tid 140619313813248] (13)Permission denied: [client 178.214.249.236:34870] AH00529: /var/www/vhosts/saratogahistory.com/httpdocs/phpBB/.htaccess pcfg_openfile: unable to check htaccess file, ensure it is readable and that '/var/www/vhosts/saratogahistory.com/httpdocs/phpBB/' is executable, referer: http://www.saratogahistory.com/phpBB/index.php
[Fri Sep 04 08:46:20.475500 2020] [core:crit] [pid 32352:tid 140619156465408] (13)Permission denied: [client 66.249.69.156:56314] AH00529: /var/www/vhosts/saratogahistory.com/httpdocs/phpBB/.htaccess pcfg_openfile: unable to check htaccess file, ensure it is readable and that '/var/www/vhosts/saratogahistory.com/httpdocs/phpBB/' is executable
[Fri Sep 04 09:26:36.623138 2020] [core:crit] [pid 6888:tid 140619187934976] (13)Permission denied: [client 185.220.102.254:39832] AH00529: /var/www/vhosts/saratogahistory.com/httpdocs/phpBB/.htaccess pcfg_openfile: unable to check htaccess file, ensure it is readable and that '/var/www/vhosts/saratogahistory.com/httpdocs/phpBB/' is executable, referer: http://www.saratogahistory.com/phpBB/index.php
[Fri Sep 04 09:38:04.899276 2020] [core:crit] [pid 6888:tid 140619313813248] (13)Permission denied: [client 213.61.215.54:51610] AH00529: /var/www/vhosts/saratogahistory.com/httpdocs/phpBB/.htaccess pcfg_openfile: unable to check htaccess file, ensure it is readable and that '/var/www/vhosts/saratogahistory.com/httpdocs/phpBB/' is executable, referer: http://www.saratogahistory.com/phpBB/index.php
[Fri Sep 04 10:15:11.969207 2020] [core:crit] [pid 6888:tid 140619282343680] (13)Permission denied: [client 203.133.169.112:46594] AH00529: /var/www/vhosts/saratogahistory.com/httpdocs/phpBB/.htaccess pcfg_openfile: unable to check htaccess file, ensure it is readable and that '/var/www/vhosts/saratogahistory.com/httpdocs/phpBB/' is executable
[Fri Sep 04 10:15:16.995529 2020] [core:crit] [pid 32325:tid 140619219404544] (13)Permission denied: [client 203.133.169.112:46812] AH00529: /var/www/vhosts/saratogahistory.com/httpdocs/phpBB/.htaccess pcfg_openfile: unable to check htaccess file, ensure it is readable and that '/var/www/vhosts/saratogahistory.com/httpdocs/phpBB/' is executable
[Fri Sep 04 10:15:21.891545 2020] [core:crit] [pid 6888:tid 140619250874112] (13)Permission denied: [client 203.133.169.112:46982] AH00529: /var/www/vhosts/saratogahistory.com/httpdocs/phpBB/.htaccess pcfg_openfile: unable to check htaccess file, ensure it is readable and that '/var/www/vhosts/saratogahistory.com/httpdocs/phpBB/' is executable
[Fri Sep 04 10:15:26.914259 2020] [core:crit] [pid 6888:tid 140619229894400] (13)Permission denied: [client 203.133.169.112:47278] AH00529: /var/www/vhosts/saratogahistory.com/httpdocs/phpBB/.htaccess pcfg_openfile: unable to check htaccess file, ensure it is readable and that '/var/www/vhosts/saratogahistory.com/httpdocs/phpBB/' is executable
[Fri Sep 04 10:15:31.992731 2020] [core:crit] [pid 32325:tid 140619198424832] (13)Permission denied: [client 203.133.169.112:47514] AH00529: /var/www/vhosts/saratogahistory.com/httpdocs/phpBB/.htaccess pcfg_openfile: unable to check htaccess file, ensure it is readable and that '/var/www/vhosts/saratogahistory.com/httpdocs/phpBB/' is executable
[Fri Sep 04 10:15:37.006778 2020] [core:crit] [pid 32325:tid 140619355772672] (13)Permission denied: [client 203.133.169.112:47742] AH00529: /var/www/vhosts/saratogahistory.com/httpdocs/phpBB/.htaccess pcfg_openfile: unable to check htaccess file, ensure it is readable and that '/var/www/vhosts/saratogahistory.com/httpdocs/phpBB/' is executable
[Fri Sep 04 10:15:42.804828 2020] [core:crit] [pid 32352:tid 140619124995840] (13)Permission denied: [client 203.133.169.112:48014] AH00529: /var/www/vhosts/saratogahistory.com/httpdocs/phpBB/.htaccess pcfg_openfile: unable to check htaccess file, ensure it is readable and that '/var/www/vhosts/saratogahistory.com/httpdocs/phpBB/' is executable
[Fri Sep 04 10:15:53.763967 2020] [core:crit] [pid 32352:tid 140619313813248] (13)Permission denied: [client 203.133.169.112:48386] AH00529: /var/www/vhosts/saratogahistory.com/httpdocs/phpBB/.htaccess pcfg_openfile: unable to check htaccess file, ensure it is readable and that '/var/www/vhosts/saratogahistory.com/httpdocs/phpBB/' is executable
[Fri Sep 04 10:15:58.871431 2020] [core:crit] [pid 6888:tid 140619187934976] (13)Permission denied: [client 203.133.169.112:48634] AH00529: /var/www/vhosts/saratogahistory.com/httpdocs/phpBB/.htaccess pcfg_openfile: unable to check htaccess file, ensure it is readable and that '/var/www/vhosts/saratogahistory.com/httpdocs/phpBB/' is executable
[Fri Sep 04 10:16:03.776917 2020] [core:crit] [pid 32352:tid 140619324303104] (13)Permission denied: [client 203.133.169.112:48870] AH00529: /var/www/vhosts/saratogahistory.com/httpdocs/phpBB/.htaccess pcfg_openfile: unable to check htaccess file, ensure it is readable and that '/var/www/vhosts/saratogahistory.com/httpdocs/phpBB/' is executable
[Fri Sep 04 10:16:08.729522 2020] [core:crit] [pid 32352:tid 140619261363968] (13)Permission denied: [client 203.133.169.112:49056] AH00529: /var/www/vhosts/saratogahistory.com/httpdocs/phpBB/.htaccess pcfg_openfile: unable to check htaccess file, ensure it is readable and that '/var/www/vhosts/saratogahistory.com/httpdocs/phpBB/' is executable
[Fri Sep 04 10:16:14.029914 2020] [core:crit] [pid 6888:tid 140619208914688] (13)Permission denied: [client 203.133.169.112:49232] AH00529: /var/www/vhosts/saratogahistory.com/httpdocs/phpBB/.htaccess pcfg_openfile: unable to check htaccess file, ensure it is readable and that '/var/www/vhosts/saratogahistory.com/httpdocs/phpBB/' is executable
[Fri Sep 04 10:16:18.922500 2020] [core:crit] [pid 6888:tid 140619240384256] (13)Permission denied: [client 203.133.169.112:49416] AH00529: /var/www/vhosts/saratogahistory.com/httpdocs/phpBB/.htaccess pcfg_openfile: unable to check htaccess file, ensure it is readable and that '/var/www/vhosts/saratogahistory.com/httpdocs/phpBB/' is executable
[Fri Sep 04 10:16:23.805435 2020] [core:crit] [pid 6888:tid 140619145975552] (13)Permission denied: [client 203.133.169.112:49578] AH00529: /var/www/vhosts/saratogahistory.com/httpdocs/phpBB/.htaccess pcfg_openfile: unable to check htaccess file, ensure it is readable and that '/var/www/vhosts/saratogahistory.com/httpdocs/phpBB/' is executable
[Fri Sep 04 10:16:28.734807 2020] [core:crit] [pid 32325:tid 140619229894400] (13)Permission denied: [client 203.133.169.112:49800] AH00529: /var/www/vhosts/saratogahistory.com/httpdocs/phpBB/.htaccess pcfg_openfile: unable to check htaccess file, ensure it is readable and that '/var/www/vhosts/saratogahistory.com/httpdocs/phpBB/' is executable
[Fri Sep 04 10:16:34.743989 2020] [core:crit] [pid 6888:tid 140619219404544] (13)Permission denied: [client 203.133.169.112:50102] AH00529: /var/www/vhosts/saratogahistory.com/httpdocs/phpBB/.htaccess pcfg_openfile: unable to check htaccess file, ensure it is readable and that '/var/www/vhosts/saratogahistory.com/httpdocs/phpBB/' is executable
[Fri Sep 04 10:16:39.766818 2020] [core:crit] [pid 6888:tid 140619355772672] (13)Permission denied: [client 203.133.169.112:50320] AH00529: /var/www/vhosts/saratogahistory.com/httpdocs/phpBB/.htaccess pcfg_openfile: unable to check htaccess file, ensure it is readable and that '/var/www/vhosts/saratogahistory.com/httpdocs/phpBB/' is executable
[Fri Sep 04 10:55:34.021625 2020] [core:crit] [pid 32322:tid 140619177445120] (13)Permission denied: [client 95.111.240.199:42946] AH00529: /var/www/vhosts/saratogahistory.com/httpdocs/phpBB/.htaccess pcfg_openfile: unable to check htaccess file, ensure it is readable and that '/var/www/vhosts/saratogahistory.com/httpdocs/phpBB/' is executable, referer: http://www.saratogahistory.com/phpBB/index.php
[Fri Sep 04 10:55:34.876922 2020] [proxy_fcgi:error] [pid 6888:tid 140619156465408] [client 95.111.240.199:42990] AH01071: Got error 'Primary script unknown\n', referer: http://www.saratogahistory.com/index.php
[Fri Sep 04 10:55:35.101793 2020] [proxy_fcgi:error] [pid 32322:tid 140619166955264] [client 95.111.240.199:42996] AH01071: Got error 'Primary script unknown\n', referer: http://www.saratogahistory.com/index.php
[Fri Sep 04 10:55:35.334551 2020] [proxy_fcgi:error] [pid 6888:tid 140619124995840] [client 95.111.240.199:43016] AH01071: Got error 'Primary script unknown\n', referer: http://www.saratogahistory.com/index.php
[Fri Sep 04 11:14:14.500638 2020] [core:crit] [pid 6888:tid 140619366262528] (13)Permission denied: [client 62.173.154.183:41652] AH00529: /var/www/vhosts/saratogahistory.com/httpdocs/phpBB/.htaccess pcfg_openfile: unable to check htaccess file, ensure it is readable and that '/var/www/vhosts/saratogahistory.com/httpdocs/phpBB/' is executable, referer: http://www.saratogahistory.com/phpBB/index.php
[Fri Sep 04 11:14:15.887532 2020] [proxy_fcgi:error] [pid 6888:tid 140619324303104] [client 62.173.154.183:41714] AH01071: Got error 'Primary script unknown\n', referer: http://www.saratogahistory.com/index.php
[Fri Sep 04 11:14:17.247070 2020] [proxy_fcgi:error] [pid 6888:tid 140619282343680] [client 62.173.154.183:41780] AH01071: Got error 'Primary script unknown\n', referer: http://www.saratogahistory.com/index.php
[Fri Sep 04 11:14:18.484041 2020] [proxy_fcgi:error] [pid 32322:tid 140619355772672] [client 62.173.154.183:41816] AH01071: Got error 'Primary script unknown\n', referer: http://www.saratogahistory.com/index.php
[Fri Sep 04 11:36:59.725401 2020] [core:crit] [pid 32352:tid 140619313813248] (13)Permission denied: [client 5.2.72.110:57304] AH00529: /var/www/vhosts/saratogahistory.com/httpdocs/phpBB/.htaccess pcfg_openfile: unable to check htaccess file, ensure it is readable and that '/var/www/vhosts/saratogahistory.com/httpdocs/phpBB/' is executable, referer: http://www.saratogahistory.com/phpBB/index.php
[Fri Sep 04 11:50:32.162640 2020] [core:crit] [pid 32352:tid 140619208914688] (13)Permission denied: [client 46.119.125.135:55102] AH00529: /var/www/vhosts/saratogahistory.com/httpdocs/phpBB/.htaccess pcfg_openfile: unable to check htaccess file, ensure it is readable and that '/var/www/vhosts/saratogahistory.com/httpdocs/phpBB/' is executable, referer: http://www.saratogahistory.com/phpBB/index.php
[Fri Sep 04 12:05:56.471358 2020] [core:crit] [pid 6888:tid 140619198424832] (13)Permission denied: [client 185.25.35.13:55978] AH00529: /var/www/vhosts/saratogahistory.com/httpdocs/phpBB/.htaccess pcfg_openfile: unable to check htaccess file, ensure it is readable and that '/var/www/vhosts/saratogahistory.com/httpdocs/phpBB/' is executable
[Fri Sep 04 12:08:31.557969 2020] [proxy_fcgi:error] [pid 6888:tid 140619250874112] [client 192.227.235.169:60166] AH01071: Got error 'Primary script unknown\n'
[Fri Sep 04 12:54:31.785666 2020] [core:crit] [pid 6888:tid 140619261363968] (13)Permission denied: [client 31.220.3.107:39860] AH00529: /var/www/vhosts/saratogahistory.com/httpdocs/phpBB/.htaccess pcfg_openfile: unable to check htaccess file, ensure it is readable and that '/var/www/vhosts/saratogahistory.com/httpdocs/phpBB/' is executable, referer: http://www.saratogahistory.com/phpBB/index.php
[Fri Sep 04 13:02:51.602456 2020] [core:crit] [pid 6888:tid 140619313813248] (13)Permission denied: [client 185.25.35.13:56600] AH00529: /var/www/vhosts/saratogahistory.com/httpdocs/phpBB/.htaccess pcfg_openfile: unable to check htaccess file, ensure it is readable and that '/var/www/vhosts/saratogahistory.com/httpdocs/phpBB/' is executable
[Fri Sep 04 13:14:53.460098 2020] [core:crit] [pid 6888:tid 140619303323392] (13)Permission denied: [client 66.249.69.156:53952] AH00529: /var/www/vhosts/saratogahistory.com/httpdocs/phpBB/.htaccess pcfg_openfile: unable to check htaccess file, ensure it is readable and that '/var/www/vhosts/saratogahistory.com/httpdocs/phpBB/' is executable
[Fri Sep 04 13:46:48.924688 2020] [core:crit] [pid 32352:tid 140619187934976] (13)Permission denied: [client 109.70.100.39:35894] AH00529: /var/www/vhosts/saratogahistory.com/httpdocs/phpBB/.htaccess pcfg_openfile: unable to check htaccess file, ensure it is readable and that '/var/www/vhosts/saratogahistory.com/httpdocs/phpBB/' is executable, referer: http://www.saratogahistory.com/phpBB/index.php
[Fri Sep 04 13:50:58.524084 2020] [core:crit] [pid 6888:tid 140619324303104] (13)Permission denied: [client 185.220.100.242:44924] AH00529: /var/www/vhosts/saratogahistory.com/httpdocs/phpBB/.htaccess pcfg_openfile: unable to check htaccess file, ensure it is readable and that '/var/www/vhosts/saratogahistory.com/httpdocs/phpBB/' is executable, referer: http://www.saratogahistory.com/phpBB/index.php
[Fri Sep 04 14:01:29.149085 2020] [core:crit] [pid 32352:tid 140619156465408] (13)Permission denied: [client 185.25.35.15:39534] AH00529: /var/www/vhosts/saratogahistory.com/httpdocs/phpBB/.htaccess pcfg_openfile: unable to check htaccess file, ensure it is readable and that '/var/www/vhosts/saratogahistory.com/httpdocs/phpBB/' is executable
[Fri Sep 04 14:05:05.497941 2020] [core:crit] [pid 32352:tid 140619124995840] (13)Permission denied: [client 5.188.84.230:47940] AH00529: /var/www/vhosts/saratogahistory.com/httpdocs/phpBB/.htaccess pcfg_openfile: unable to check htaccess file, ensure it is readable and that '/var/www/vhosts/saratogahistory.com/httpdocs/phpBB/' is executable, referer: http://www.saratogahistory.com/phpBB/index.php
[Fri Sep 04 14:11:29.058493 2020] [core:crit] [pid 6888:tid 140619355772672] (13)Permission denied: [client 203.133.169.112:33912] AH00529: /var/www/vhosts/saratogahistory.com/httpdocs/phpBB/.htaccess pcfg_openfile: unable to check htaccess file, ensure it is readable and that '/var/www/vhosts/saratogahistory.com/httpdocs/phpBB/' is executable
[Fri Sep 04 14:11:33.947559 2020] [core:crit] [pid 6888:tid 140619166955264] (13)Permission denied: [client 203.133.169.112:34034] AH00529: /var/www/vhosts/saratogahistory.com/httpdocs/phpBB/.htaccess pcfg_openfile: unable to check htaccess file, ensure it is readable and that '/var/www/vhosts/saratogahistory.com/httpdocs/phpBB/' is executable
[Fri Sep 04 14:11:38.956809 2020] [core:crit] [pid 6888:tid 140619156465408] (13)Permission denied: [client 203.133.169.112:34134] AH00529: /var/www/vhosts/saratogahistory.com/httpdocs/phpBB/.htaccess pcfg_openfile: unable to check htaccess file, ensure it is readable and that '/var/www/vhosts/saratogahistory.com/httpdocs/phpBB/' is executable
[Fri Sep 04 14:11:43.838846 2020] [core:crit] [pid 6888:tid 140619124995840] (13)Permission denied: [client 203.133.169.112:34346] AH00529: /var/www/vhosts/saratogahistory.com/httpdocs/phpBB/.htaccess pcfg_openfile: unable to check htaccess file, ensure it is readable and that '/var/www/vhosts/saratogahistory.com/httpdocs/phpBB/' is executable
[Fri Sep 04 14:11:48.899203 2020] [core:crit] [pid 6888:tid 140619177445120] (13)Permission denied: [client 203.133.169.112:34662] AH00529: /var/www/vhosts/saratogahistory.com/httpdocs/phpBB/.htaccess pcfg_openfile: unable to check htaccess file, ensure it is readable and that '/var/www/vhosts/saratogahistory.com/httpdocs/phpBB/' is executable
[Fri Sep 04 14:11:54.088434 2020] [core:crit] [pid 32325:tid 140619324303104] (13)Permission denied: [client 203.133.169.112:35014] AH00529: /var/www/vhosts/saratogahistory.com/httpdocs/phpBB/.htaccess pcfg_openfile: unable to check htaccess file, ensure it is readable and that '/var/www/vhosts/saratogahistory.com/httpdocs/phpBB/' is executable
[Fri Sep 04 14:11:58.984163 2020] [core:crit] [pid 32325:tid 140619166955264] (13)Permission denied: [client 203.133.169.112:35194] AH00529: /var/www/vhosts/saratogahistory.com/httpdocs/phpBB/.htaccess pcfg_openfile: unable to check htaccess file, ensure it is readable and that '/var/www/vhosts/saratogahistory.com/httpdocs/phpBB/' is executable
[Fri Sep 04 14:12:03.891046 2020] [core:crit] [pid 32352:tid 140619324303104] (13)Permission denied: [client 203.133.169.112:35470] AH00529: /var/www/vhosts/saratogahistory.com/httpdocs/phpBB/.htaccess pcfg_openfile: unable to check htaccess file, ensure it is readable and that '/var/www/vhosts/saratogahistory.com/httpdocs/phpBB/' is executable
[Fri Sep 04 14:12:09.921828 2020] [core:crit] [pid 6888:tid 140619135485696] (13)Permission denied: [client 203.133.169.112:35730] AH00529: /var/www/vhosts/saratogahistory.com/httpdocs/phpBB/.htaccess pcfg_openfile: unable to check htaccess file, ensure it is readable and that '/var/www/vhosts/saratogahistory.com/httpdocs/phpBB/' is executable
[Fri Sep 04 14:12:14.944746 2020] [core:crit] [pid 6888:tid 140619292833536] (13)Permission denied: [client 203.133.169.112:35988] AH00529: /var/www/vhosts/saratogahistory.com/httpdocs/phpBB/.htaccess pcfg_openfile: unable to check htaccess file, ensure it is readable and that '/var/www/vhosts/saratogahistory.com/httpdocs/phpBB/' is executable
[Fri Sep 04 14:12:19.971407 2020] [core:crit] [pid 6888:tid 140619313813248] (13)Permission denied: [client 203.133.169.112:36232] AH00529: /var/www/vhosts/saratogahistory.com/httpdocs/phpBB/.htaccess pcfg_openfile: unable to check htaccess file, ensure it is readable and that '/var/www/vhosts/saratogahistory.com/httpdocs/phpBB/' is executable
[Fri Sep 04 14:12:25.254016 2020] [core:crit] [pid 32325:tid 140619303323392] (13)Permission denied: [client 203.133.169.112:36414] AH00529: /var/www/vhosts/saratogahistory.com/httpdocs/phpBB/.htaccess pcfg_openfile: unable to check htaccess file, ensure it is readable and that '/var/www/vhosts/saratogahistory.com/httpdocs/phpBB/' is executable
[Fri Sep 04 14:12:30.162178 2020] [core:crit] [pid 32352:tid 140619261363968] (13)Permission denied: [client 203.133.169.112:36602] AH00529: /var/www/vhosts/saratogahistory.com/httpdocs/phpBB/.htaccess pcfg_openfile: unable to check htaccess file, ensure it is readable and that '/var/www/vhosts/saratogahistory.com/httpdocs/phpBB/' is executable
[Fri Sep 04 14:12:35.094380 2020] [core:crit] [pid 6888:tid 140619376752384] (13)Permission denied: [client 203.133.169.112:36812] AH00529: /var/www/vhosts/saratogahistory.com/httpdocs/phpBB/.htaccess pcfg_openfile: unable to check htaccess file, ensure it is readable and that '/var/www/vhosts/saratogahistory.com/httpdocs/phpBB/' is executable
[Fri Sep 04 14:12:40.112751 2020] [core:crit] [pid 32325:tid 140619292833536] (13)Permission denied: [client 203.133.169.112:36996] AH00529: /var/www/vhosts/saratogahistory.com/httpdocs/phpBB/.htaccess pcfg_openfile: unable to check htaccess file, ensure it is readable and that '/var/www/vhosts/saratogahistory.com/httpdocs/phpBB/' is executable
[Fri Sep 04 14:12:45.074347 2020] [core:crit] [pid 32325:tid 140619240384256] (13)Permission denied: [client 203.133.169.112:37152] AH00529: /var/www/vhosts/saratogahistory.com/httpdocs/phpBB/.htaccess pcfg_openfile: unable to check htaccess file, ensure it is readable and that '/var/www/vhosts/saratogahistory.com/httpdocs/phpBB/' is executable
[Fri Sep 04 14:12:49.414540 2020] [core:crit] [pid 6888:tid 140619271853824] (13)Permission denied: [client 185.25.35.11:37296] AH00529: /var/www/vhosts/saratogahistory.com/httpdocs/phpBB/.htaccess pcfg_openfile: unable to check htaccess file, ensure it is readable and that '/var/www/vhosts/saratogahistory.com/httpdocs/phpBB/' is executable
[Fri Sep 04 14:12:49.964259 2020] [core:crit] [pid 32352:tid 140619240384256] (13)Permission denied: [client 203.133.169.112:37334] AH00529: /var/www/vhosts/saratogahistory.com/httpdocs/phpBB/.htaccess pcfg_openfile: unable to check htaccess file, ensure it is readable and that '/var/www/vhosts/saratogahistory.com/httpdocs/phpBB/' is executable
[Fri Sep 04 14:12:54.844654 2020] [core:crit] [pid 32352:tid 140619355772672] (13)Permission denied: [client 203.133.169.112:37596] AH00529: /var/www/vhosts/saratogahistory.com/httpdocs/phpBB/.htaccess pcfg_openfile: unable to check htaccess file, ensure it is readable and that '/var/www/vhosts/saratogahistory.com/httpdocs/phpBB/' is executable
[Fri Sep 04 14:13:01.108862 2020] [core:crit] [pid 6888:tid 140619303323392] (13)Permission denied: [client 203.133.169.112:37822] AH00529: /var/www/vhosts/saratogahistory.com/httpdocs/phpBB/.htaccess pcfg_openfile: unable to check htaccess file, ensure it is readable and that '/var/www/vhosts/saratogahistory.com/httpdocs/phpBB/' is executable
[Fri Sep 04 14:13:06.115139 2020] [core:crit] [pid 32352:tid 140619208914688] (13)Permission denied: [client 203.133.169.112:38050] AH00529: /var/www/vhosts/saratogahistory.com/httpdocs/phpBB/.htaccess pcfg_openfile: unable to check htaccess file, ensure it is readable and that '/var/www/vhosts/saratogahistory.com/httpdocs/phpBB/' is executable
[Fri Sep 04 14:13:11.138790 2020] [core:crit] [pid 6888:tid 140619345282816] (13)Permission denied: [client 203.133.169.112:38246] AH00529: /var/www/vhosts/saratogahistory.com/httpdocs/phpBB/.htaccess pcfg_openfile: unable to check htaccess file, ensure it is readable and that '/var/www/vhosts/saratogahistory.com/httpdocs/phpBB/' is executable
[Fri Sep 04 14:13:16.026720 2020] [core:crit] [pid 6888:tid 140619198424832] (13)Permission denied: [client 203.133.169.112:38378] AH00529: /var/www/vhosts/saratogahistory.com/httpdocs/phpBB/.htaccess pcfg_openfile: unable to check htaccess file, ensure it is readable and that '/var/www/vhosts/saratogahistory.com/httpdocs/phpBB/' is executable
[Fri Sep 04 14:13:26.708669 2020] [core:crit] [pid 6888:tid 140619324303104] (13)Permission denied: [client 203.133.169.112:38762] AH00529: /var/www/vhosts/saratogahistory.com/httpdocs/phpBB/.htaccess pcfg_openfile: unable to check htaccess file, ensure it is readable and that '/var/www/vhosts/saratogahistory.com/httpdocs/phpBB/' is executable
[Fri Sep 04 14:13:31.988970 2020] [core:crit] [pid 6888:tid 140619282343680] (13)Permission denied: [client 203.133.169.112:38952] AH00529: /var/www/vhosts/saratogahistory.com/httpdocs/phpBB/.htaccess pcfg_openfile: unable to check htaccess file, ensure it is readable and that '/var/www/vhosts/saratogahistory.com/httpdocs/phpBB/' is executable
[Fri Sep 04 14:13:36.907147 2020] [core:crit] [pid 6888:tid 140619250874112] (13)Permission denied: [client 203.133.169.112:39096] AH00529: /var/www/vhosts/saratogahistory.com/httpdocs/phpBB/.htaccess pcfg_openfile: unable to check htaccess file, ensure it is readable and that '/var/www/vhosts/saratogahistory.com/httpdocs/phpBB/' is executable
[Fri Sep 04 14:13:41.791892 2020] [core:crit] [pid 32352:tid 140619334792960] (13)Permission denied: [client 203.133.169.112:39306] AH00529: /var/www/vhosts/saratogahistory.com/httpdocs/phpBB/.htaccess pcfg_openfile: unable to check htaccess file, ensure it is readable and that '/var/www/vhosts/saratogahistory.com/httpdocs/phpBB/' is executable
[Fri Sep 04 14:13:46.809125 2020] [core:crit] [pid 32352:tid 140619250874112] (13)Permission denied: [client 203.133.169.112:39492] AH00529: /var/www/vhosts/saratogahistory.com/httpdocs/phpBB/.htaccess pcfg_openfile: unable to check htaccess file, ensure it is readable and that '/var/www/vhosts/saratogahistory.com/httpdocs/phpBB/' is executable
[Fri Sep 04 14:13:51.770887 2020] [core:crit] [pid 6888:tid 140619229894400] (13)Permission denied: [client 203.133.169.112:39664] AH00529: /var/www/vhosts/saratogahistory.com/httpdocs/phpBB/.htaccess pcfg_openfile: unable to check htaccess file, ensure it is readable and that '/var/www/vhosts/saratogahistory.com/httpdocs/phpBB/' is executable
[Fri Sep 04 14:13:56.813367 2020] [core:crit] [pid 6888:tid 140619261363968] (13)Permission denied: [client 203.133.169.112:39776] AH00529: /var/www/vhosts/saratogahistory.com/httpdocs/phpBB/.htaccess pcfg_openfile: unable to check htaccess file, ensure it is readable and that '/var/www/vhosts/saratogahistory.com/httpdocs/phpBB/' is executable
[Fri Sep 04 14:14:01.830027 2020] [core:crit] [pid 32352:tid 140619376752384] (13)Permission denied: [client 203.133.169.112:40024] AH00529: /var/www/vhosts/saratogahistory.com/httpdocs/phpBB/.htaccess pcfg_openfile: unable to check htaccess file, ensure it is readable and that '/var/www/vhosts/saratogahistory.com/httpdocs/phpBB/' is executable
[Fri Sep 04 14:14:07.117619 2020] [core:crit] [pid 32352:tid 140619366262528] (13)Permission denied: [client 203.133.169.112:40248] AH00529: /var/www/vhosts/saratogahistory.com/httpdocs/phpBB/.htaccess pcfg_openfile: unable to check htaccess file, ensure it is readable and that '/var/www/vhosts/saratogahistory.com/httpdocs/phpBB/' is executable
[Fri Sep 04 14:14:12.003962 2020] [core:crit] [pid 6888:tid 140619187934976] (13)Permission denied: [client 203.133.169.112:40390] AH00529: /var/www/vhosts/saratogahistory.com/httpdocs/phpBB/.htaccess pcfg_openfile: unable to check htaccess file, ensure it is readable and that '/var/www/vhosts/saratogahistory.com/httpdocs/phpBB/' is executable
[Fri Sep 04 14:14:17.020123 2020] [core:crit] [pid 32352:tid 140619219404544] (13)Permission denied: [client 203.133.169.112:40586] AH00529: /var/www/vhosts/saratogahistory.com/httpdocs/phpBB/.htaccess pcfg_openfile: unable to check htaccess file, ensure it is readable and that '/var/www/vhosts/saratogahistory.com/httpdocs/phpBB/' is executable
[Fri Sep 04 14:14:22.048555 2020] [core:crit] [pid 6888:tid 140619208914688] (13)Permission denied: [client 203.133.169.112:40698] AH00529: /var/www/vhosts/saratogahistory.com/httpdocs/phpBB/.htaccess pcfg_openfile: unable to check htaccess file, ensure it is readable and that '/var/www/vhosts/saratogahistory.com/httpdocs/phpBB/' is executable
[Fri Sep 04 14:14:27.173059 2020] [core:crit] [pid 32325:tid 140619282343680] (13)Permission denied: [client 203.133.169.112:40856] AH00529: /var/www/vhosts/saratogahistory.com/httpdocs/phpBB/.htaccess pcfg_openfile: unable to check htaccess file, ensure it is readable and that '/var/www/vhosts/saratogahistory.com/httpdocs/phpBB/' is executable
[Fri Sep 04 14:14:32.081897 2020] [core:crit] [pid 32352:tid 140619345282816] (13)Permission denied: [client 203.133.169.112:41014] AH00529: /var/www/vhosts/saratogahistory.com/httpdocs/phpBB/.htaccess pcfg_openfile: unable to check htaccess file, ensure it is readable and that '/var/www/vhosts/saratogahistory.com/httpdocs/phpBB/' is executable
[Fri Sep 04 14:14:37.133548 2020] [core:crit] [pid 32352:tid 140619145975552] (13)Permission denied: [client 203.133.169.112:41158] AH00529: /var/www/vhosts/saratogahistory.com/httpdocs/phpBB/.htaccess pcfg_openfile: unable to check htaccess file, ensure it is readable and that '/var/www/vhosts/saratogahistory.com/httpdocs/phpBB/' is executable
[Fri Sep 04 14:14:42.148136 2020] [core:crit] [pid 6888:tid 140619240384256] (13)Permission denied: [client 203.133.169.112:41358] AH00529: /var/www/vhosts/saratogahistory.com/httpdocs/phpBB/.htaccess pcfg_openfile: unable to check htaccess file, ensure it is readable and that '/var/www/vhosts/saratogahistory.com/httpdocs/phpBB/' is executable
[Fri Sep 04 14:14:47.080976 2020] [core:crit] [pid 6888:tid 140619145975552] (13)Permission denied: [client 203.133.169.112:41516] AH00529: /var/www/vhosts/saratogahistory.com/httpdocs/phpBB/.htaccess pcfg_openfile: unable to check htaccess file, ensure it is readable and that '/var/www/vhosts/saratogahistory.com/httpdocs/phpBB/' is executable
[Fri Sep 04 14:14:51.988193 2020] [core:crit] [pid 32352:tid 140619177445120] (13)Permission denied: [client 203.133.169.112:41700] AH00529: /var/www/vhosts/saratogahistory.com/httpdocs/phpBB/.htaccess pcfg_openfile: unable to check htaccess file, ensure it is readable and that '/var/www/vhosts/saratogahistory.com/httpdocs/phpBB/' is executable
[Fri Sep 04 14:14:57.038414 2020] [core:crit] [pid 32325:tid 140619250874112] (13)Permission denied: [client 203.133.169.112:41870] AH00529: /var/www/vhosts/saratogahistory.com/httpdocs/phpBB/.htaccess pcfg_openfile: unable to check htaccess file, ensure it is readable and that '/var/www/vhosts/saratogahistory.com/httpdocs/phpBB/' is executable
[Fri Sep 04 14:15:01.927879 2020] [core:crit] [pid 32325:tid 140619271853824] (13)Permission denied: [client 203.133.169.112:42092] AH00529: /var/www/vhosts/saratogahistory.com/httpdocs/phpBB/.htaccess pcfg_openfile: unable to check htaccess file, ensure it is readable and that '/var/www/vhosts/saratogahistory.com/httpdocs/phpBB/' is executable
[Fri Sep 04 14:15:06.914304 2020] [core:crit] [pid 6888:tid 140619219404544] (13)Permission denied: [client 203.133.169.112:42432] AH00529: /var/www/vhosts/saratogahistory.com/httpdocs/phpBB/.htaccess pcfg_openfile: unable to check htaccess file, ensure it is readable and that '/var/www/vhosts/saratogahistory.com/httpdocs/phpBB/' is executable
[Fri Sep 04 14:15:11.812703 2020] [core:crit] [pid 6888:tid 140619355772672] (13)Permission denied: [client 203.133.169.112:42640] AH00529: /var/www/vhosts/saratogahistory.com/httpdocs/phpBB/.htaccess pcfg_openfile: unable to check htaccess file, ensure it is readable and that '/var/www/vhosts/saratogahistory.com/httpdocs/phpBB/' is executable
[Fri Sep 04 14:17:48.563063 2020] [core:crit] [pid 6888:tid 140619166955264] (13)Permission denied: [client 40.77.167.72:48084] AH00529: /var/www/vhosts/saratogahistory.com/httpdocs/phpBB/.htaccess pcfg_openfile: unable to check htaccess file, ensure it is readable and that '/var/www/vhosts/saratogahistory.com/httpdocs/phpBB/' is executable
[Fri Sep 04 14:34:18.953989 2020] [core:crit] [pid 6888:tid 140619177445120] (13)Permission denied: [client 134.249.147.157:57942] AH00529: /var/www/vhosts/saratogahistory.com/httpdocs/phpBB/.htaccess pcfg_openfile: unable to check htaccess file, ensure it is readable and that '/var/www/vhosts/saratogahistory.com/httpdocs/phpBB/' is executable, referer: http://www.saratogahistory.com/phpBB/index.php
[Fri Sep 04 14:49:30.350450 2020] [core:crit] [pid 32352:tid 140619219404544] (13)Permission denied: [client 203.133.169.181:36816] AH00529: /var/www/vhosts/saratogahistory.com/httpdocs/phpBB/.htaccess pcfg_openfile: unable to check htaccess file, ensure it is readable and that '/var/www/vhosts/saratogahistory.com/httpdocs/phpBB/' is executable
[Fri Sep 04 15:42:10.520719 2020] [core:crit] [pid 6888:tid 140619261363968] (13)Permission denied: [client 104.244.75.153:44616] AH00529: /var/www/vhosts/saratogahistory.com/httpdocs/phpBB/.htaccess pcfg_openfile: unable to check htaccess file, ensure it is readable and that '/var/www/vhosts/saratogahistory.com/httpdocs/phpBB/' is executable, referer: http://www.saratogahistory.com/phpBB/index.php
[Fri Sep 04 16:26:23.860012 2020] [core:crit] [pid 32352:tid 140619177445120] (13)Permission denied: [client 109.70.100.38:39542] AH00529: /var/www/vhosts/saratogahistory.com/httpdocs/phpBB/.htaccess pcfg_openfile: unable to check htaccess file, ensure it is readable and that '/var/www/vhosts/saratogahistory.com/httpdocs/phpBB/' is executable, referer: http://www.saratogahistory.com/phpBB/index.php
[Fri Sep 04 16:55:27.711967 2020] [core:crit] [pid 6888:tid 140619250874112] (13)Permission denied: [client 134.249.124.67:51356] AH00529: /var/www/vhosts/saratogahistory.com/httpdocs/phpBB/.htaccess pcfg_openfile: unable to check htaccess file, ensure it is readable and that '/var/www/vhosts/saratogahistory.com/httpdocs/phpBB/' is executable, referer: http://www.saratogahistory.com/phpBB/index.php
[Fri Sep 04 17:36:52.254681 2020] [core:crit] [pid 6888:tid 140619334792960] (13)Permission denied: [client 51.255.45.144:33478] AH00529: /var/www/vhosts/saratogahistory.com/httpdocs/phpBB/.htaccess pcfg_openfile: unable to check htaccess file, ensure it is readable and that '/var/www/vhosts/saratogahistory.com/httpdocs/phpBB/' is executable, referer: http://www.saratogahistory.com/phpBB/index.php
[Fri Sep 04 17:50:56.866611 2020] [core:crit] [pid 6888:tid 140619313813248] (13)Permission denied: [client 203.133.169.112:37032] AH00529: /var/www/vhosts/saratogahistory.com/httpdocs/phpBB/.htaccess pcfg_openfile: unable to check htaccess file, ensure it is readable and that '/var/www/vhosts/saratogahistory.com/httpdocs/phpBB/' is executable
[Fri Sep 04 17:51:01.787865 2020] [core:crit] [pid 6888:tid 140619376752384] (13)Permission denied: [client 203.133.169.112:37250] AH00529: /var/www/vhosts/saratogahistory.com/httpdocs/phpBB/.htaccess pcfg_openfile: unable to check htaccess file, ensure it is readable and that '/var/www/vhosts/saratogahistory.com/httpdocs/phpBB/' is executable
[Fri Sep 04 17:51:06.791204 2020] [core:crit] [pid 32352:tid 140619303323392] (13)Permission denied: [client 203.133.169.112:37524] AH00529: /var/www/vhosts/saratogahistory.com/httpdocs/phpBB/.htaccess pcfg_openfile: unable to check htaccess file, ensure it is readable and that '/var/www/vhosts/saratogahistory.com/httpdocs/phpBB/' is executable
[Fri Sep 04 17:51:11.697950 2020] [core:crit] [pid 32352:tid 140619156465408] (13)Permission denied: [client 203.133.169.112:37850] AH00529: /var/www/vhosts/saratogahistory.com/httpdocs/phpBB/.htaccess pcfg_openfile: unable to check htaccess file, ensure it is readable and that '/var/www/vhosts/saratogahistory.com/httpdocs/phpBB/' is executable
[Fri Sep 04 17:51:16.590748 2020] [core:crit] [pid 6888:tid 140619271853824] (13)Permission denied: [client 203.133.169.112:38040] AH00529: /var/www/vhosts/saratogahistory.com/httpdocs/phpBB/.htaccess pcfg_openfile: unable to check htaccess file, ensure it is readable and that '/var/www/vhosts/saratogahistory.com/httpdocs/phpBB/' is executable
[Fri Sep 04 17:51:21.593623 2020] [core:crit] [pid 6888:tid 140619303323392] (13)Permission denied: [client 203.133.169.112:38258] AH00529: /var/www/vhosts/saratogahistory.com/httpdocs/phpBB/.htaccess pcfg_openfile: unable to check htaccess file, ensure it is readable and that '/var/www/vhosts/saratogahistory.com/httpdocs/phpBB/' is executable
[Fri Sep 04 17:51:26.700933 2020] [core:crit] [pid 6888:tid 140619345282816] (13)Permission denied: [client 203.133.169.112:38452] AH00529: /var/www/vhosts/saratogahistory.com/httpdocs/phpBB/.htaccess pcfg_openfile: unable to check htaccess file, ensure it is readable and that '/var/www/vhosts/saratogahistory.com/httpdocs/phpBB/' is executable
[Fri Sep 04 17:51:31.722395 2020] [core:crit] [pid 6888:tid 140619198424832] (13)Permission denied: [client 203.133.169.112:38714] AH00529: /var/www/vhosts/saratogahistory.com/httpdocs/phpBB/.htaccess pcfg_openfile: unable to check htaccess file, ensure it is readable and that '/var/www/vhosts/saratogahistory.com/httpdocs/phpBB/' is executable
[Fri Sep 04 17:51:36.751350 2020] [core:crit] [pid 32325:tid 140619261363968] (13)Permission denied: [client 203.133.169.112:38898] AH00529: /var/www/vhosts/saratogahistory.com/httpdocs/phpBB/.htaccess pcfg_openfile: unable to check htaccess file, ensure it is readable and that '/var/www/vhosts/saratogahistory.com/httpdocs/phpBB/' is executable
[Fri Sep 04 17:51:41.680702 2020] [core:crit] [pid 6888:tid 140619366262528] (13)Permission denied: [client 203.133.169.112:39106] AH00529: /var/www/vhosts/saratogahistory.com/httpdocs/phpBB/.htaccess pcfg_openfile: unable to check htaccess file, ensure it is readable and that '/var/www/vhosts/saratogahistory.com/httpdocs/phpBB/' is executable
[Fri Sep 04 17:51:49.472245 2020] [core:crit] [pid 32352:tid 140619124995840] (13)Permission denied: [client 40.77.167.130:39368] AH00529: /var/www/vhosts/saratogahistory.com/httpdocs/phpBB/.htaccess pcfg_openfile: unable to check htaccess file, ensure it is readable and that '/var/www/vhosts/saratogahistory.com/httpdocs/phpBB/' is executable
[Fri Sep 04 17:51:52.809813 2020] [core:crit] [pid 6888:tid 140619282343680] (13)Permission denied: [client 203.133.169.112:39558] AH00529: /var/www/vhosts/saratogahistory.com/httpdocs/phpBB/.htaccess pcfg_openfile: unable to check htaccess file, ensure it is readable and that '/var/www/vhosts/saratogahistory.com/httpdocs/phpBB/' is executable
[Fri Sep 04 17:51:58.001281 2020] [core:crit] [pid 6888:tid 140619250874112] (13)Permission denied: [client 203.133.169.112:39744] AH00529: /var/www/vhosts/saratogahistory.com/httpdocs/phpBB/.htaccess pcfg_openfile: unable to check htaccess file, ensure it is readable and that '/var/www/vhosts/saratogahistory.com/httpdocs/phpBB/' is executable
[Fri Sep 04 17:52:02.889026 2020] [core:crit] [pid 6888:tid 140619229894400] (13)Permission denied: [client 203.133.169.112:39904] AH00529: /var/www/vhosts/saratogahistory.com/httpdocs/phpBB/.htaccess pcfg_openfile: unable to check htaccess file, ensure it is readable and that '/var/www/vhosts/saratogahistory.com/httpdocs/phpBB/' is executable
[Fri Sep 04 17:52:07.789681 2020] [core:crit] [pid 32352:tid 140619313813248] (13)Permission denied: [client 203.133.169.112:40096] AH00529: /var/www/vhosts/saratogahistory.com/httpdocs/phpBB/.htaccess pcfg_openfile: unable to check htaccess file, ensure it is readable and that '/var/www/vhosts/saratogahistory.com/httpdocs/phpBB/' is executable
[Fri Sep 04 17:52:12.806771 2020] [core:crit] [pid 6888:tid 140619261363968] (13)Permission denied: [client 203.133.169.112:40278] AH00529: /var/www/vhosts/saratogahistory.com/httpdocs/phpBB/.htaccess pcfg_openfile: unable to check htaccess file, ensure it is readable and that '/var/www/vhosts/saratogahistory.com/httpdocs/phpBB/' is executable
[Fri Sep 04 17:52:17.833187 2020] [core:crit] [pid 6888:tid 140619187934976] (13)Permission denied: [client 203.133.169.112:40446] AH00529: /var/www/vhosts/saratogahistory.com/httpdocs/phpBB/.htaccess pcfg_openfile: unable to check htaccess file, ensure it is readable and that '/var/www/vhosts/saratogahistory.com/httpdocs/phpBB/' is executable
[Fri Sep 04 17:52:22.901635 2020] [core:crit] [pid 32325:tid 140619187934976] (13)Permission denied: [client 203.133.169.112:40558] AH00529: /var/www/vhosts/saratogahistory.com/httpdocs/phpBB/.htaccess pcfg_openfile: unable to check htaccess file, ensure it is readable and that '/var/www/vhosts/saratogahistory.com/httpdocs/phpBB/' is executable
[Fri Sep 04 18:05:02.549022 2020] [core:crit] [pid 6888:tid 140619156465408] (13)Permission denied: [client 185.25.35.11:38724] AH00529: /var/www/vhosts/saratogahistory.com/httpdocs/phpBB/.htaccess pcfg_openfile: unable to check htaccess file, ensure it is readable and that '/var/www/vhosts/saratogahistory.com/httpdocs/phpBB/' is executable
[Fri Sep 04 18:38:14.189617 2020] [core:crit] [pid 6888:tid 140619303323392] (13)Permission denied: [client 185.25.35.11:57014] AH00529: /var/www/vhosts/saratogahistory.com/httpdocs/phpBB/.htaccess pcfg_openfile: unable to check htaccess file, ensure it is readable and that '/var/www/vhosts/saratogahistory.com/httpdocs/phpBB/' is executable
[Fri Sep 04 19:03:54.214194 2020] [core:crit] [pid 32352:tid 140619282343680] (13)Permission denied: [client 66.249.69.155:56642] AH00529: /var/www/vhosts/saratogahistory.com/httpdocs/phpBB/.htaccess pcfg_openfile: unable to check htaccess file, ensure it is readable and that '/var/www/vhosts/saratogahistory.com/httpdocs/phpBB/' is executable
[Fri Sep 04 19:19:08.163366 2020] [proxy_fcgi:error] [pid 6888:tid 140619156465408] [client 104.238.116.152:36430] AH01071: Got error 'Primary script unknown\n', referer: http://saratogahistory.com/wp-login.php
[Fri Sep 04 19:21:38.300842 2020] [core:crit] [pid 6888:tid 140619355772672] (13)Permission denied: [client 93.85.188.72:41944] AH00529: /var/www/vhosts/saratogahistory.com/httpdocs/phpBB/.htaccess pcfg_openfile: unable to check htaccess file, ensure it is readable and that '/var/www/vhosts/saratogahistory.com/httpdocs/phpBB/' is executable, referer: http://www.saratogahistory.com/phpBB/index.php
[Fri Sep 04 19:21:39.322038 2020] [proxy_fcgi:error] [pid 6888:tid 140619124995840] [client 93.85.188.72:41974] AH01071: Got error 'Primary script unknown\n', referer: http://www.saratogahistory.com/index.php
[Fri Sep 04 19:21:39.611709 2020] [proxy_fcgi:error] [pid 6888:tid 140619177445120] [client 93.85.188.72:41984] AH01071: Got error 'Primary script unknown\n', referer: http://www.saratogahistory.com/index.php
[Fri Sep 04 19:21:39.901324 2020] [proxy_fcgi:error] [pid 6888:tid 140619135485696] [client 93.85.188.72:42012] AH01071: Got error 'Primary script unknown\n', referer: http://www.saratogahistory.com/index.php
[Fri Sep 04 19:33:07.368838 2020] [core:crit] [pid 32352:tid 140619261363968] (13)Permission denied: [client 2.92.250.167:39390] AH00529: /var/www/vhosts/saratogahistory.com/httpdocs/phpBB/.htaccess pcfg_openfile: unable to check htaccess file, ensure it is readable and that '/var/www/vhosts/saratogahistory.com/httpdocs/phpBB/' is executable, referer: http://www.saratogahistory.com/phpBB/index.php
[Fri Sep 04 19:33:08.437483 2020] [proxy_fcgi:error] [pid 6888:tid 140619313813248] [client 2.92.250.167:39424] AH01071: Got error 'Primary script unknown\n', referer: http://www.saratogahistory.com/index.php
[Fri Sep 04 19:33:08.754098 2020] [proxy_fcgi:error] [pid 6888:tid 140619376752384] [client 2.92.250.167:39434] AH01071: Got error 'Primary script unknown\n', referer: http://www.saratogahistory.com/index.php
[Fri Sep 04 19:33:09.064709 2020] [proxy_fcgi:error] [pid 6888:tid 140619334792960] [client 2.92.250.167:39444] AH01071: Got error 'Primary script unknown\n', referer: http://www.saratogahistory.com/index.php
[Fri Sep 04 19:34:10.119970 2020] [core:crit] [pid 6888:tid 140619271853824] (13)Permission denied: [client 199.167.138.22:41700] AH00529: /var/www/vhosts/saratogahistory.com/httpdocs/phpBB/.htaccess pcfg_openfile: unable to check htaccess file, ensure it is readable and that '/var/www/vhosts/saratogahistory.com/httpdocs/phpBB/' is executable, referer: http://www.saratogahistory.com/phpBB/index.php
[Fri Sep 04 19:39:06.417576 2020] [core:crit] [pid 32352:tid 140619366262528] (13)Permission denied: [client 31.220.3.108:52740] AH00529: /var/www/vhosts/saratogahistory.com/httpdocs/phpBB/.htaccess pcfg_openfile: unable to check htaccess file, ensure it is readable and that '/var/www/vhosts/saratogahistory.com/httpdocs/phpBB/' is executable, referer: http://www.saratogahistory.com/phpBB/index.php
[Fri Sep 04 19:56:42.121659 2020] [core:crit] [pid 32352:tid 140619177445120] (13)Permission denied: [client 66.249.69.154:33768] AH00529: /var/www/vhosts/saratogahistory.com/httpdocs/phpBB/.htaccess pcfg_openfile: unable to check htaccess file, ensure it is readable and that '/var/www/vhosts/saratogahistory.com/httpdocs/phpBB/' is executable
[Fri Sep 04 19:58:02.090911 2020] [core:crit] [pid 6888:tid 140619345282816] (13)Permission denied: [client 185.191.126.212:36390] AH00529: /var/www/vhosts/saratogahistory.com/httpdocs/phpBB/.htaccess pcfg_openfile: unable to check htaccess file, ensure it is readable and that '/var/www/vhosts/saratogahistory.com/httpdocs/phpBB/' is executable, referer: http://www.saratogahistory.com/phpBB/index.php
[Fri Sep 04 19:58:35.486000 2020] [core:crit] [pid 32322:tid 140619198424832] (13)Permission denied: [client 175.126.37.187:37470] AH00529: /var/www/vhosts/saratogahistory.com/httpdocs/phpBB/.htaccess pcfg_openfile: unable to check htaccess file, ensure it is readable and that '/var/www/vhosts/saratogahistory.com/httpdocs/phpBB/' is executable, referer: http://www.saratogahistory.com/phpBB/index.php
[Fri Sep 04 19:58:57.804030 2020] [core:crit] [pid 6888:tid 140619250874112] (13)Permission denied: [client 185.25.35.8:38238] AH00529: /var/www/vhosts/saratogahistory.com/httpdocs/phpBB/.htaccess pcfg_openfile: unable to check htaccess file, ensure it is readable and that '/var/www/vhosts/saratogahistory.com/httpdocs/phpBB/' is executable
[Fri Sep 04 20:09:35.293724 2020] [core:crit] [pid 6888:tid 140619219404544] (13)Permission denied: [client 178.71.184.240:60254] AH00529: /var/www/vhosts/saratogahistory.com/httpdocs/phpBB/.htaccess pcfg_openfile: unable to check htaccess file, ensure it is readable and that '/var/www/vhosts/saratogahistory.com/httpdocs/phpBB/' is executable, referer: http://www.saratogahistory.com/phpBB/index.php
[Fri Sep 04 20:10:19.479009 2020] [core:crit] [pid 6888:tid 140619376752384] (13)Permission denied: [client 185.25.35.11:33752] AH00529: /var/www/vhosts/saratogahistory.com/httpdocs/phpBB/.htaccess pcfg_openfile: unable to check htaccess file, ensure it is readable and that '/var/www/vhosts/saratogahistory.com/httpdocs/phpBB/' is executable
[Fri Sep 04 20:46:02.279843 2020] [core:crit] [pid 6888:tid 140619187934976] (13)Permission denied: [client 66.249.69.156:55256] AH00529: /var/www/vhosts/saratogahistory.com/httpdocs/phpBB/.htaccess pcfg_openfile: unable to check htaccess file, ensure it is readable and that '/var/www/vhosts/saratogahistory.com/httpdocs/phpBB/' is executable
[Fri Sep 04 20:56:21.122963 2020] [core:crit] [pid 6888:tid 140619145975552] (13)Permission denied: [client 66.249.69.156:48720] AH00529: /var/www/vhosts/saratogahistory.com/httpdocs/phpBB/.htaccess pcfg_openfile: unable to check htaccess file, ensure it is readable and that '/var/www/vhosts/saratogahistory.com/httpdocs/phpBB/' is executable
[Fri Sep 04 21:16:02.576046 2020] [proxy_fcgi:error] [pid 6888:tid 140619324303104] [client 158.69.158.103:33664] AH01071: Got error 'Primary script unknown\n'
[Fri Sep 04 21:17:21.414182 2020] [core:crit] [pid 6888:tid 140619187934976] (13)Permission denied: [client 66.249.69.154:36816] AH00529: /var/www/vhosts/saratogahistory.com/httpdocs/phpBB/.htaccess pcfg_openfile: unable to check htaccess file, ensure it is readable and that '/var/www/vhosts/saratogahistory.com/httpdocs/phpBB/' is executable
[Fri Sep 04 21:38:10.934483 2020] [core:crit] [pid 6888:tid 140619124995840] (13)Permission denied: [client 185.220.101.148:53610] AH00529: /var/www/vhosts/saratogahistory.com/httpdocs/phpBB/.htaccess pcfg_openfile: unable to check htaccess file, ensure it is readable and that '/var/www/vhosts/saratogahistory.com/httpdocs/phpBB/' is executable, referer: http://www.saratogahistory.com/phpBB/index.php
[Fri Sep 04 21:46:47.615572 2020] [core:crit] [pid 6888:tid 140619240384256] (13)Permission denied: [client 178.159.37.58:43086] AH00529: /var/www/vhosts/saratogahistory.com/httpdocs/phpBB/.htaccess pcfg_openfile: unable to check htaccess file, ensure it is readable and that '/var/www/vhosts/saratogahistory.com/httpdocs/phpBB/' is executable, referer: http://www.saratogahistory.com/phpBB/index.php
[Fri Sep 04 21:51:16.395640 2020] [core:crit] [pid 32352:tid 140619145975552] (13)Permission denied: [client 203.133.169.112:51760] AH00529: /var/www/vhosts/saratogahistory.com/httpdocs/phpBB/.htaccess pcfg_openfile: unable to check htaccess file, ensure it is readable and that '/var/www/vhosts/saratogahistory.com/httpdocs/phpBB/' is executable
[Fri Sep 04 21:51:21.408020 2020] [core:crit] [pid 32352:tid 140619177445120] (13)Permission denied: [client 203.133.169.112:51966] AH00529: /var/www/vhosts/saratogahistory.com/httpdocs/phpBB/.htaccess pcfg_openfile: unable to check htaccess file, ensure it is readable and that '/var/www/vhosts/saratogahistory.com/httpdocs/phpBB/' is executable
[Fri Sep 04 21:51:26.285734 2020] [core:crit] [pid 32325:tid 140619145975552] (13)Permission denied: [client 203.133.169.112:52184] AH00529: /var/www/vhosts/saratogahistory.com/httpdocs/phpBB/.htaccess pcfg_openfile: unable to check htaccess file, ensure it is readable and that '/var/www/vhosts/saratogahistory.com/httpdocs/phpBB/' is executable
[Fri Sep 04 21:51:31.167880 2020] [core:crit] [pid 6888:tid 140619282343680] (13)Permission denied: [client 203.133.169.112:52334] AH00529: /var/www/vhosts/saratogahistory.com/httpdocs/phpBB/.htaccess pcfg_openfile: unable to check htaccess file, ensure it is readable and that '/var/www/vhosts/saratogahistory.com/httpdocs/phpBB/' is executable
[Fri Sep 04 21:51:36.162193 2020] [core:crit] [pid 6888:tid 140619250874112] (13)Permission denied: [client 203.133.169.112:52524] AH00529: /var/www/vhosts/saratogahistory.com/httpdocs/phpBB/.htaccess pcfg_openfile: unable to check htaccess file, ensure it is readable and that '/var/www/vhosts/saratogahistory.com/httpdocs/phpBB/' is executable
[Fri Sep 04 21:51:41.147203 2020] [core:crit] [pid 32352:tid 140619135485696] (13)Permission denied: [client 203.133.169.112:52708] AH00529: /var/www/vhosts/saratogahistory.com/httpdocs/phpBB/.htaccess pcfg_openfile: unable to check htaccess file, ensure it is readable and that '/var/www/vhosts/saratogahistory.com/httpdocs/phpBB/' is executable
[Fri Sep 04 21:51:46.240024 2020] [core:crit] [pid 6888:tid 140619229894400] (13)Permission denied: [client 203.133.169.112:52858] AH00529: /var/www/vhosts/saratogahistory.com/httpdocs/phpBB/.htaccess pcfg_openfile: unable to check htaccess file, ensure it is readable and that '/var/www/vhosts/saratogahistory.com/httpdocs/phpBB/' is executable
[Fri Sep 04 21:51:51.239252 2020] [core:crit] [pid 32325:tid 140619313813248] (13)Permission denied: [client 203.133.169.112:53052] AH00529: /var/www/vhosts/saratogahistory.com/httpdocs/phpBB/.htaccess pcfg_openfile: unable to check htaccess file, ensure it is readable and that '/var/www/vhosts/saratogahistory.com/httpdocs/phpBB/' is executable
[Fri Sep 04 21:51:56.151699 2020] [core:crit] [pid 32325:tid 140619324303104] (13)Permission denied: [client 203.133.169.112:53260] AH00529: /var/www/vhosts/saratogahistory.com/httpdocs/phpBB/.htaccess pcfg_openfile: unable to check htaccess file, ensure it is readable and that '/var/www/vhosts/saratogahistory.com/httpdocs/phpBB/' is executable
[Fri Sep 04 21:52:01.053253 2020] [core:crit] [pid 6888:tid 140619261363968] (13)Permission denied: [client 203.133.169.112:53512] AH00529: /var/www/vhosts/saratogahistory.com/httpdocs/phpBB/.htaccess pcfg_openfile: unable to check htaccess file, ensure it is readable and that '/var/www/vhosts/saratogahistory.com/httpdocs/phpBB/' is executable
[Fri Sep 04 21:52:06.046976 2020] [core:crit] [pid 32352:tid 140619198424832] (13)Permission denied: [client 203.133.169.112:53862] AH00529: /var/www/vhosts/saratogahistory.com/httpdocs/phpBB/.htaccess pcfg_openfile: unable to check htaccess file, ensure it is readable and that '/var/www/vhosts/saratogahistory.com/httpdocs/phpBB/' is executable
[Fri Sep 04 21:52:11.040249 2020] [core:crit] [pid 32352:tid 140619292833536] (13)Permission denied: [client 203.133.169.112:54078] AH00529: /var/www/vhosts/saratogahistory.com/httpdocs/phpBB/.htaccess pcfg_openfile: unable to check htaccess file, ensure it is readable and that '/var/www/vhosts/saratogahistory.com/httpdocs/phpBB/' is executable
[Fri Sep 04 21:52:15.955712 2020] [core:crit] [pid 6888:tid 140619187934976] (13)Permission denied: [client 203.133.169.112:54272] AH00529: /var/www/vhosts/saratogahistory.com/httpdocs/phpBB/.htaccess pcfg_openfile: unable to check htaccess file, ensure it is readable and that '/var/www/vhosts/saratogahistory.com/httpdocs/phpBB/' is executable
[Fri Sep 04 21:52:20.951537 2020] [core:crit] [pid 6888:tid 140619208914688] (13)Permission denied: [client 203.133.169.112:54450] AH00529: /var/www/vhosts/saratogahistory.com/httpdocs/phpBB/.htaccess pcfg_openfile: unable to check htaccess file, ensure it is readable and that '/var/www/vhosts/saratogahistory.com/httpdocs/phpBB/' is executable
[Fri Sep 04 21:52:25.831880 2020] [core:crit] [pid 6888:tid 140619219404544] (13)Permission denied: [client 203.133.169.112:54652] AH00529: /var/www/vhosts/saratogahistory.com/httpdocs/phpBB/.htaccess pcfg_openfile: unable to check htaccess file, ensure it is readable and that '/var/www/vhosts/saratogahistory.com/httpdocs/phpBB/' is executable
[Fri Sep 04 21:52:30.832966 2020] [core:crit] [pid 6888:tid 140619156465408] (13)Permission denied: [client 203.133.169.112:54860] AH00529: /var/www/vhosts/saratogahistory.com/httpdocs/phpBB/.htaccess pcfg_openfile: unable to check htaccess file, ensure it is readable and that '/var/www/vhosts/saratogahistory.com/httpdocs/phpBB/' is executable
[Fri Sep 04 21:52:35.965063 2020] [core:crit] [pid 32352:tid 140619303323392] (13)Permission denied: [client 203.133.169.112:55066] AH00529: /var/www/vhosts/saratogahistory.com/httpdocs/phpBB/.htaccess pcfg_openfile: unable to check htaccess file, ensure it is readable and that '/var/www/vhosts/saratogahistory.com/httpdocs/phpBB/' is executable
[Fri Sep 04 21:52:40.887968 2020] [core:crit] [pid 6888:tid 140619355772672] (13)Permission denied: [client 203.133.169.112:55276] AH00529: /var/www/vhosts/saratogahistory.com/httpdocs/phpBB/.htaccess pcfg_openfile: unable to check htaccess file, ensure it is readable and that '/var/www/vhosts/saratogahistory.com/httpdocs/phpBB/' is executable
[Fri Sep 04 21:52:45.768902 2020] [core:crit] [pid 32352:tid 140619156465408] (13)Permission denied: [client 203.133.169.112:55400] AH00529: /var/www/vhosts/saratogahistory.com/httpdocs/phpBB/.htaccess pcfg_openfile: unable to check htaccess file, ensure it is readable and that '/var/www/vhosts/saratogahistory.com/httpdocs/phpBB/' is executable
[Fri Sep 04 21:52:50.752976 2020] [core:crit] [pid 32352:tid 140619271853824] (13)Permission denied: [client 203.133.169.112:55642] AH00529: /var/www/vhosts/saratogahistory.com/httpdocs/phpBB/.htaccess pcfg_openfile: unable to check htaccess file, ensure it is readable and that '/var/www/vhosts/saratogahistory.com/httpdocs/phpBB/' is executable
[Fri Sep 04 21:52:55.921756 2020] [core:crit] [pid 6888:tid 140619166955264] (13)Permission denied: [client 203.133.169.112:55826] AH00529: /var/www/vhosts/saratogahistory.com/httpdocs/phpBB/.htaccess pcfg_openfile: unable to check htaccess file, ensure it is readable and that '/var/www/vhosts/saratogahistory.com/httpdocs/phpBB/' is executable
[Fri Sep 04 21:53:00.807788 2020] [core:crit] [pid 32322:tid 140619145975552] (13)Permission denied: [client 203.133.169.112:56016] AH00529: /var/www/vhosts/saratogahistory.com/httpdocs/phpBB/.htaccess pcfg_openfile: unable to check htaccess file, ensure it is readable and that '/var/www/vhosts/saratogahistory.com/httpdocs/phpBB/' is executable
[Fri Sep 04 21:53:05.710367 2020] [core:crit] [pid 32352:tid 140619282343680] (13)Permission denied: [client 203.133.169.112:56206] AH00529: /var/www/vhosts/saratogahistory.com/httpdocs/phpBB/.htaccess pcfg_openfile: unable to check htaccess file, ensure it is readable and that '/var/www/vhosts/saratogahistory.com/httpdocs/phpBB/' is executable
[Fri Sep 04 21:53:10.716083 2020] [core:crit] [pid 32352:tid 140619124995840] (13)Permission denied: [client 203.133.169.112:56446] AH00529: /var/www/vhosts/saratogahistory.com/httpdocs/phpBB/.htaccess pcfg_openfile: unable to check htaccess file, ensure it is readable and that '/var/www/vhosts/saratogahistory.com/httpdocs/phpBB/' is executable
[Fri Sep 04 21:53:15.594127 2020] [core:crit] [pid 32352:tid 140619313813248] (13)Permission denied: [client 203.133.169.112:56622] AH00529: /var/www/vhosts/saratogahistory.com/httpdocs/phpBB/.htaccess pcfg_openfile: unable to check htaccess file, ensure it is readable and that '/var/www/vhosts/saratogahistory.com/httpdocs/phpBB/' is executable
[Fri Sep 04 21:53:20.596453 2020] [core:crit] [pid 32352:tid 140619208914688] (13)Permission denied: [client 203.133.169.112:56802] AH00529: /var/www/vhosts/saratogahistory.com/httpdocs/phpBB/.htaccess pcfg_openfile: unable to check htaccess file, ensure it is readable and that '/var/www/vhosts/saratogahistory.com/httpdocs/phpBB/' is executable
[Fri Sep 04 21:53:25.494301 2020] [core:crit] [pid 32352:tid 140619334792960] (13)Permission denied: [client 203.133.169.112:56966] AH00529: /var/www/vhosts/saratogahistory.com/httpdocs/phpBB/.htaccess pcfg_openfile: unable to check htaccess file, ensure it is readable and that '/var/www/vhosts/saratogahistory.com/httpdocs/phpBB/' is executable
[Fri Sep 04 21:53:30.418412 2020] [core:crit] [pid 6888:tid 140619376752384] (13)Permission denied: [client 203.133.169.112:57102] AH00529: /var/www/vhosts/saratogahistory.com/httpdocs/phpBB/.htaccess pcfg_openfile: unable to check htaccess file, ensure it is readable and that '/var/www/vhosts/saratogahistory.com/httpdocs/phpBB/' is executable
[Fri Sep 04 22:12:26.856365 2020] [core:crit] [pid 32352:tid 140619156465408] (13)Permission denied: [client 188.122.82.146:42470] AH00529: /var/www/vhosts/saratogahistory.com/httpdocs/phpBB/.htaccess pcfg_openfile: unable to check htaccess file, ensure it is readable and that '/var/www/vhosts/saratogahistory.com/httpdocs/phpBB/' is executable, referer: http://www.saratogahistory.com/phpBB/index.php
[Fri Sep 04 22:54:38.915390 2020] [core:crit] [pid 6888:tid 140619166955264] (13)Permission denied: [client 5.188.210.18:52126] AH00529: /var/www/vhosts/saratogahistory.com/httpdocs/phpBB/.htaccess pcfg_openfile: unable to check htaccess file, ensure it is readable and that '/var/www/vhosts/saratogahistory.com/httpdocs/phpBB/' is executable, referer: http://www.saratogahistory.com/phpBB/index.php
[Fri Sep 04 23:38:54.729329 2020] [core:crit] [pid 32352:tid 140619345282816] (13)Permission denied: [client 176.10.99.200:39300] AH00529: /var/www/vhosts/saratogahistory.com/httpdocs/phpBB/.htaccess pcfg_openfile: unable to check htaccess file, ensure it is readable and that '/var/www/vhosts/saratogahistory.com/httpdocs/phpBB/' is executable, referer: http://www.saratogahistory.com/phpBB/index.php
[Fri Sep 04 23:39:36.908992 2020] [core:crit] [pid 6888:tid 140619355772672] (13)Permission denied: [client 185.220.100.254:40356] AH00529: /var/www/vhosts/saratogahistory.com/httpdocs/phpBB/.htaccess pcfg_openfile: unable to check htaccess file, ensure it is readable and that '/var/www/vhosts/saratogahistory.com/httpdocs/phpBB/' is executable, referer: http://www.saratogahistory.com/phpBB/index.php
[Sat Sep 05 00:09:23.380352 2020] [core:crit] [pid 6888:tid 140619156465408] (13)Permission denied: [client 185.25.35.15:56086] AH00529: /var/www/vhosts/saratogahistory.com/httpdocs/phpBB/.htaccess pcfg_openfile: unable to check htaccess file, ensure it is readable and that '/var/www/vhosts/saratogahistory.com/httpdocs/phpBB/' is executable
[Sat Sep 05 00:43:57.759651 2020] [core:crit] [pid 32352:tid 140619345282816] (13)Permission denied: [client 185.25.35.8:56344] AH00529: /var/www/vhosts/saratogahistory.com/httpdocs/phpBB/.htaccess pcfg_openfile: unable to check htaccess file, ensure it is readable and that '/var/www/vhosts/saratogahistory.com/httpdocs/phpBB/' is executable
[Sat Sep 05 01:29:17.161093 2020] [core:crit] [pid 6888:tid 140619166955264] (13)Permission denied: [client 203.133.169.112:44032] AH00529: /var/www/vhosts/saratogahistory.com/httpdocs/phpBB/.htaccess pcfg_openfile: unable to check htaccess file, ensure it is readable and that '/var/www/vhosts/saratogahistory.com/httpdocs/phpBB/' is executable
[Sat Sep 05 01:29:22.145999 2020] [core:crit] [pid 32325:tid 140619177445120] (13)Permission denied: [client 203.133.169.112:44252] AH00529: /var/www/vhosts/saratogahistory.com/httpdocs/phpBB/.htaccess pcfg_openfile: unable to check htaccess file, ensure it is readable and that '/var/www/vhosts/saratogahistory.com/httpdocs/phpBB/' is executable
[Sat Sep 05 01:29:27.053680 2020] [core:crit] [pid 6888:tid 140619124995840] (13)Permission denied: [client 203.133.169.112:44428] AH00529: /var/www/vhosts/saratogahistory.com/httpdocs/phpBB/.htaccess pcfg_openfile: unable to check htaccess file, ensure it is readable and that '/var/www/vhosts/saratogahistory.com/httpdocs/phpBB/' is executable
[Sat Sep 05 01:29:31.964196 2020] [core:crit] [pid 6888:tid 140619177445120] (13)Permission denied: [client 203.133.169.112:44610] AH00529: /var/www/vhosts/saratogahistory.com/httpdocs/phpBB/.htaccess pcfg_openfile: unable to check htaccess file, ensure it is readable and that '/var/www/vhosts/saratogahistory.com/httpdocs/phpBB/' is executable
[Sat Sep 05 01:29:36.964365 2020] [core:crit] [pid 6888:tid 140619135485696] (13)Permission denied: [client 203.133.169.112:44824] AH00529: /var/www/vhosts/saratogahistory.com/httpdocs/phpBB/.htaccess pcfg_openfile: unable to check htaccess file, ensure it is readable and that '/var/www/vhosts/saratogahistory.com/httpdocs/phpBB/' is executable
[Sat Sep 05 01:29:42.177752 2020] [core:crit] [pid 6888:tid 140619292833536] (13)Permission denied: [client 203.133.169.112:44988] AH00529: /var/www/vhosts/saratogahistory.com/httpdocs/phpBB/.htaccess pcfg_openfile: unable to check htaccess file, ensure it is readable and that '/var/www/vhosts/saratogahistory.com/httpdocs/phpBB/' is executable
[Sat Sep 05 01:29:47.171541 2020] [core:crit] [pid 6888:tid 140619313813248] (13)Permission denied: [client 203.133.169.112:45198] AH00529: /var/www/vhosts/saratogahistory.com/httpdocs/phpBB/.htaccess pcfg_openfile: unable to check htaccess file, ensure it is readable and that '/var/www/vhosts/saratogahistory.com/httpdocs/phpBB/' is executable
[Sat Sep 05 01:29:52.063692 2020] [core:crit] [pid 6888:tid 140619376752384] (13)Permission denied: [client 203.133.169.112:45502] AH00529: /var/www/vhosts/saratogahistory.com/httpdocs/phpBB/.htaccess pcfg_openfile: unable to check htaccess file, ensure it is readable and that '/var/www/vhosts/saratogahistory.com/httpdocs/phpBB/' is executable
[Sat Sep 05 01:29:56.948633 2020] [core:crit] [pid 6888:tid 140619334792960] (13)Permission denied: [client 203.133.169.112:45684] AH00529: /var/www/vhosts/saratogahistory.com/httpdocs/phpBB/.htaccess pcfg_openfile: unable to check htaccess file, ensure it is readable and that '/var/www/vhosts/saratogahistory.com/httpdocs/phpBB/' is executable
[Sat Sep 05 01:30:01.937346 2020] [core:crit] [pid 32325:tid 140619156465408] (13)Permission denied: [client 203.133.169.112:45948] AH00529: /var/www/vhosts/saratogahistory.com/httpdocs/phpBB/.htaccess pcfg_openfile: unable to check htaccess file, ensure it is readable and that '/var/www/vhosts/saratogahistory.com/httpdocs/phpBB/' is executable
[Sat Sep 05 01:30:06.826348 2020] [core:crit] [pid 32352:tid 140619366262528] (13)Permission denied: [client 203.133.169.112:46236] AH00529: /var/www/vhosts/saratogahistory.com/httpdocs/phpBB/.htaccess pcfg_openfile: unable to check htaccess file, ensure it is readable and that '/var/www/vhosts/saratogahistory.com/httpdocs/phpBB/' is executable
[Sat Sep 05 01:30:11.838394 2020] [core:crit] [pid 6888:tid 140619271853824] (13)Permission denied: [client 203.133.169.112:46416] AH00529: /var/www/vhosts/saratogahistory.com/httpdocs/phpBB/.htaccess pcfg_openfile: unable to check htaccess file, ensure it is readable and that '/var/www/vhosts/saratogahistory.com/httpdocs/phpBB/' is executable
[Sat Sep 05 01:30:16.836469 2020] [core:crit] [pid 6888:tid 140619303323392] (13)Permission denied: [client 203.133.169.112:46556] AH00529: /var/www/vhosts/saratogahistory.com/httpdocs/phpBB/.htaccess pcfg_openfile: unable to check htaccess file, ensure it is readable and that '/var/www/vhosts/saratogahistory.com/httpdocs/phpBB/' is executable
[Sat Sep 05 01:30:21.726056 2020] [core:crit] [pid 6888:tid 140619366262528] (13)Permission denied: [client 203.133.169.112:46704] AH00529: /var/www/vhosts/saratogahistory.com/httpdocs/phpBB/.htaccess pcfg_openfile: unable to check htaccess file, ensure it is readable and that '/var/www/vhosts/saratogahistory.com/httpdocs/phpBB/' is executable
[Sat Sep 05 01:30:26.735809 2020] [core:crit] [pid 6888:tid 140619345282816] (13)Permission denied: [client 203.133.169.112:46900] AH00529: /var/www/vhosts/saratogahistory.com/httpdocs/phpBB/.htaccess pcfg_openfile: unable to check htaccess file, ensure it is readable and that '/var/www/vhosts/saratogahistory.com/httpdocs/phpBB/' is executable
[Sat Sep 05 01:30:31.627099 2020] [core:crit] [pid 32352:tid 140619229894400] (13)Permission denied: [client 203.133.169.112:47044] AH00529: /var/www/vhosts/saratogahistory.com/httpdocs/phpBB/.htaccess pcfg_openfile: unable to check htaccess file, ensure it is readable and that '/var/www/vhosts/saratogahistory.com/httpdocs/phpBB/' is executable
[Sat Sep 05 01:30:42.058313 2020] [core:crit] [pid 32352:tid 140619219404544] (13)Permission denied: [client 203.133.169.112:47432] AH00529: /var/www/vhosts/saratogahistory.com/httpdocs/phpBB/.htaccess pcfg_openfile: unable to check htaccess file, ensure it is readable and that '/var/www/vhosts/saratogahistory.com/httpdocs/phpBB/' is executable
[Sat Sep 05 01:30:46.958104 2020] [core:crit] [pid 6888:tid 140619324303104] (13)Permission denied: [client 203.133.169.112:47570] AH00529: /var/www/vhosts/saratogahistory.com/httpdocs/phpBB/.htaccess pcfg_openfile: unable to check htaccess file, ensure it is readable and that '/var/www/vhosts/saratogahistory.com/httpdocs/phpBB/' is executable
[Sat Sep 05 01:30:51.944241 2020] [core:crit] [pid 6888:tid 140619282343680] (13)Permission denied: [client 203.133.169.112:47712] AH00529: /var/www/vhosts/saratogahistory.com/httpdocs/phpBB/.htaccess pcfg_openfile: unable to check htaccess file, ensure it is readable and that '/var/www/vhosts/saratogahistory.com/httpdocs/phpBB/' is executable
[Sat Sep 05 01:30:56.942227 2020] [core:crit] [pid 32352:tid 140619345282816] (13)Permission denied: [client 203.133.169.112:47842] AH00529: /var/www/vhosts/saratogahistory.com/httpdocs/phpBB/.htaccess pcfg_openfile: unable to check htaccess file, ensure it is readable and that '/var/www/vhosts/saratogahistory.com/httpdocs/phpBB/' is executable
[Sat Sep 05 01:31:01.968377 2020] [core:crit] [pid 32352:tid 140619166955264] (13)Permission denied: [client 203.133.169.112:48014] AH00529: /var/www/vhosts/saratogahistory.com/httpdocs/phpBB/.htaccess pcfg_openfile: unable to check htaccess file, ensure it is readable and that '/var/www/vhosts/saratogahistory.com/httpdocs/phpBB/' is executable
[Sat Sep 05 01:31:06.968048 2020] [core:crit] [pid 32325:tid 140619135485696] (13)Permission denied: [client 203.133.169.112:48192] AH00529: /var/www/vhosts/saratogahistory.com/httpdocs/phpBB/.htaccess pcfg_openfile: unable to check htaccess file, ensure it is readable and that '/var/www/vhosts/saratogahistory.com/httpdocs/phpBB/' is executable
[Sat Sep 05 01:31:11.883671 2020] [core:crit] [pid 6888:tid 140619250874112] (13)Permission denied: [client 203.133.169.112:48332] AH00529: /var/www/vhosts/saratogahistory.com/httpdocs/phpBB/.htaccess pcfg_openfile: unable to check htaccess file, ensure it is readable and that '/var/www/vhosts/saratogahistory.com/httpdocs/phpBB/' is executable
[Sat Sep 05 01:31:16.878470 2020] [core:crit] [pid 6888:tid 140619229894400] (13)Permission denied: [client 203.133.169.112:48572] AH00529: /var/www/vhosts/saratogahistory.com/httpdocs/phpBB/.htaccess pcfg_openfile: unable to check htaccess file, ensure it is readable and that '/var/www/vhosts/saratogahistory.com/httpdocs/phpBB/' is executable
[Sat Sep 05 01:31:22.070581 2020] [core:crit] [pid 6888:tid 140619261363968] (13)Permission denied: [client 203.133.169.112:48782] AH00529: /var/www/vhosts/saratogahistory.com/httpdocs/phpBB/.htaccess pcfg_openfile: unable to check htaccess file, ensure it is readable and that '/var/www/vhosts/saratogahistory.com/httpdocs/phpBB/' is executable
[Sat Sep 05 01:31:27.069613 2020] [core:crit] [pid 6888:tid 140619187934976] (13)Permission denied: [client 203.133.169.112:49040] AH00529: /var/www/vhosts/saratogahistory.com/httpdocs/phpBB/.htaccess pcfg_openfile: unable to check htaccess file, ensure it is readable and that '/var/www/vhosts/saratogahistory.com/httpdocs/phpBB/' is executable
[Sat Sep 05 01:31:31.948250 2020] [core:crit] [pid 32352:tid 140619145975552] (13)Permission denied: [client 203.133.169.112:49216] AH00529: /var/www/vhosts/saratogahistory.com/httpdocs/phpBB/.htaccess pcfg_openfile: unable to check htaccess file, ensure it is readable and that '/var/www/vhosts/saratogahistory.com/httpdocs/phpBB/' is executable
[Sat Sep 05 01:31:36.827957 2020] [core:crit] [pid 32325:tid 140619313813248] (13)Permission denied: [client 203.133.169.112:49394] AH00529: /var/www/vhosts/saratogahistory.com/httpdocs/phpBB/.htaccess pcfg_openfile: unable to check htaccess file, ensure it is readable and that '/var/www/vhosts/saratogahistory.com/httpdocs/phpBB/' is executable
[Sat Sep 05 01:31:41.753090 2020] [core:crit] [pid 6888:tid 140619240384256] (13)Permission denied: [client 203.133.169.112:49584] AH00529: /var/www/vhosts/saratogahistory.com/httpdocs/phpBB/.htaccess pcfg_openfile: unable to check htaccess file, ensure it is readable and that '/var/www/vhosts/saratogahistory.com/httpdocs/phpBB/' is executable
[Sat Sep 05 01:31:46.752758 2020] [core:crit] [pid 6888:tid 140619208914688] (13)Permission denied: [client 203.133.169.112:49840] AH00529: /var/www/vhosts/saratogahistory.com/httpdocs/phpBB/.htaccess pcfg_openfile: unable to check htaccess file, ensure it is readable and that '/var/www/vhosts/saratogahistory.com/httpdocs/phpBB/' is executable
[Sat Sep 05 01:31:51.733330 2020] [core:crit] [pid 6888:tid 140619145975552] (13)Permission denied: [client 203.133.169.112:50036] AH00529: /var/www/vhosts/saratogahistory.com/httpdocs/phpBB/.htaccess pcfg_openfile: unable to check htaccess file, ensure it is readable and that '/var/www/vhosts/saratogahistory.com/httpdocs/phpBB/' is executable
[Sat Sep 05 01:31:56.756791 2020] [core:crit] [pid 6888:tid 140619219404544] (13)Permission denied: [client 203.133.169.112:50286] AH00529: /var/www/vhosts/saratogahistory.com/httpdocs/phpBB/.htaccess pcfg_openfile: unable to check htaccess file, ensure it is readable and that '/var/www/vhosts/saratogahistory.com/httpdocs/phpBB/' is executable
[Sat Sep 05 01:32:07.166627 2020] [core:crit] [pid 32352:tid 140619135485696] (13)Permission denied: [client 203.133.169.112:50942] AH00529: /var/www/vhosts/saratogahistory.com/httpdocs/phpBB/.htaccess pcfg_openfile: unable to check htaccess file, ensure it is readable and that '/var/www/vhosts/saratogahistory.com/httpdocs/phpBB/' is executable
[Sat Sep 05 01:32:12.169395 2020] [core:crit] [pid 6888:tid 140619156465408] (13)Permission denied: [client 203.133.169.112:51174] AH00529: /var/www/vhosts/saratogahistory.com/httpdocs/phpBB/.htaccess pcfg_openfile: unable to check htaccess file, ensure it is readable and that '/var/www/vhosts/saratogahistory.com/httpdocs/phpBB/' is executable
[Sat Sep 05 01:32:17.165647 2020] [core:crit] [pid 6888:tid 140619355772672] (13)Permission denied: [client 203.133.169.112:51388] AH00529: /var/www/vhosts/saratogahistory.com/httpdocs/phpBB/.htaccess pcfg_openfile: unable to check htaccess file, ensure it is readable and that '/var/www/vhosts/saratogahistory.com/httpdocs/phpBB/' is executable
[Sat Sep 05 01:32:22.049119 2020] [core:crit] [pid 32352:tid 140619198424832] (13)Permission denied: [client 203.133.169.112:51554] AH00529: /var/www/vhosts/saratogahistory.com/httpdocs/phpBB/.htaccess pcfg_openfile: unable to check htaccess file, ensure it is readable and that '/var/www/vhosts/saratogahistory.com/httpdocs/phpBB/' is executable
[Sat Sep 05 01:32:27.678842 2020] [core:crit] [pid 32352:tid 140619292833536] (13)Permission denied: [client 203.133.169.112:51682] AH00529: /var/www/vhosts/saratogahistory.com/httpdocs/phpBB/.htaccess pcfg_openfile: unable to check htaccess file, ensure it is readable and that '/var/www/vhosts/saratogahistory.com/httpdocs/phpBB/' is executable
[Sat Sep 05 01:32:32.657195 2020] [core:crit] [pid 6888:tid 140619177445120] (13)Permission denied: [client 203.133.169.112:51896] AH00529: /var/www/vhosts/saratogahistory.com/httpdocs/phpBB/.htaccess pcfg_openfile: unable to check htaccess file, ensure it is readable and that '/var/www/vhosts/saratogahistory.com/httpdocs/phpBB/' is executable
[Sat Sep 05 01:32:37.575112 2020] [core:crit] [pid 6888:tid 140619135485696] (13)Permission denied: [client 203.133.169.112:52132] AH00529: /var/www/vhosts/saratogahistory.com/httpdocs/phpBB/.htaccess pcfg_openfile: unable to check htaccess file, ensure it is readable and that '/var/www/vhosts/saratogahistory.com/httpdocs/phpBB/' is executable
[Sat Sep 05 01:32:42.517420 2020] [core:crit] [pid 6888:tid 140619292833536] (13)Permission denied: [client 203.133.169.112:52422] AH00529: /var/www/vhosts/saratogahistory.com/httpdocs/phpBB/.htaccess pcfg_openfile: unable to check htaccess file, ensure it is readable and that '/var/www/vhosts/saratogahistory.com/httpdocs/phpBB/' is executable
[Sat Sep 05 01:32:47.566230 2020] [core:crit] [pid 32352:tid 140619303323392] (13)Permission denied: [client 203.133.169.112:52632] AH00529: /var/www/vhosts/saratogahistory.com/httpdocs/phpBB/.htaccess pcfg_openfile: unable to check htaccess file, ensure it is readable and that '/var/www/vhosts/saratogahistory.com/httpdocs/phpBB/' is executable
[Sat Sep 05 01:32:52.522191 2020] [core:crit] [pid 6888:tid 140619313813248] (13)Permission denied: [client 203.133.169.112:52840] AH00529: /var/www/vhosts/saratogahistory.com/httpdocs/phpBB/.htaccess pcfg_openfile: unable to check htaccess file, ensure it is readable and that '/var/www/vhosts/saratogahistory.com/httpdocs/phpBB/' is executable
[Sat Sep 05 01:32:57.531719 2020] [core:crit] [pid 6888:tid 140619376752384] (13)Permission denied: [client 203.133.169.112:53064] AH00529: /var/www/vhosts/saratogahistory.com/httpdocs/phpBB/.htaccess pcfg_openfile: unable to check htaccess file, ensure it is readable and that '/var/www/vhosts/saratogahistory.com/httpdocs/phpBB/' is executable
[Sat Sep 05 01:33:02.624649 2020] [core:crit] [pid 32325:tid 140619324303104] (13)Permission denied: [client 203.133.169.112:53228] AH00529: /var/www/vhosts/saratogahistory.com/httpdocs/phpBB/.htaccess pcfg_openfile: unable to check htaccess file, ensure it is readable and that '/var/www/vhosts/saratogahistory.com/httpdocs/phpBB/' is executable
[Sat Sep 05 01:33:07.524570 2020] [core:crit] [pid 32352:tid 140619156465408] (13)Permission denied: [client 203.133.169.112:53448] AH00529: /var/www/vhosts/saratogahistory.com/httpdocs/phpBB/.htaccess pcfg_openfile: unable to check htaccess file, ensure it is readable and that '/var/www/vhosts/saratogahistory.com/httpdocs/phpBB/' is executable
[Sat Sep 05 01:33:12.541750 2020] [core:crit] [pid 32325:tid 140619166955264] (13)Permission denied: [client 203.133.169.112:53660] AH00529: /var/www/vhosts/saratogahistory.com/httpdocs/phpBB/.htaccess pcfg_openfile: unable to check htaccess file, ensure it is readable and that '/var/www/vhosts/saratogahistory.com/httpdocs/phpBB/' is executable
[Sat Sep 05 01:33:17.428332 2020] [core:crit] [pid 6888:tid 140619334792960] (13)Permission denied: [client 203.133.169.112:53818] AH00529: /var/www/vhosts/saratogahistory.com/httpdocs/phpBB/.htaccess pcfg_openfile: unable to check htaccess file, ensure it is readable and that '/var/www/vhosts/saratogahistory.com/httpdocs/phpBB/' is executable
[Sat Sep 05 01:33:22.409237 2020] [core:crit] [pid 32352:tid 140619271853824] (13)Permission denied: [client 203.133.169.112:54020] AH00529: /var/www/vhosts/saratogahistory.com/httpdocs/phpBB/.htaccess pcfg_openfile: unable to check htaccess file, ensure it is readable and that '/var/www/vhosts/saratogahistory.com/httpdocs/phpBB/' is executable
[Sat Sep 05 01:36:32.875404 2020] [core:crit] [pid 6888:tid 140619282343680] (13)Permission denied: [client 107.189.10.101:60824] AH00529: /var/www/vhosts/saratogahistory.com/httpdocs/phpBB/.htaccess pcfg_openfile: unable to check htaccess file, ensure it is readable and that '/var/www/vhosts/saratogahistory.com/httpdocs/phpBB/' is executable, referer: http://www.saratogahistory.com/phpBB/index.php
[Sat Sep 05 02:02:30.104531 2020] [core:crit] [pid 32352:tid 140619156465408] (13)Permission denied: [client 185.25.35.12:39834] AH00529: /var/www/vhosts/saratogahistory.com/httpdocs/phpBB/.htaccess pcfg_openfile: unable to check htaccess file, ensure it is readable and that '/var/www/vhosts/saratogahistory.com/httpdocs/phpBB/' is executable
[Sat Sep 05 02:14:02.720875 2020] [core:crit] [pid 6888:tid 140619313813248] (13)Permission denied: [client 185.25.35.14:40224] AH00529: /var/www/vhosts/saratogahistory.com/httpdocs/phpBB/.htaccess pcfg_openfile: unable to check htaccess file, ensure it is readable and that '/var/www/vhosts/saratogahistory.com/httpdocs/phpBB/' is executable
[Sat Sep 05 03:11:00.116869 2020] [core:crit] [pid 6888:tid 140619303323392] (13)Permission denied: [client 185.220.100.255:59672] AH00529: /var/www/vhosts/saratogahistory.com/httpdocs/phpBB/.htaccess pcfg_openfile: unable to check htaccess file, ensure it is readable and that '/var/www/vhosts/saratogahistory.com/httpdocs/phpBB/' is executable, referer: http://www.saratogahistory.com/phpBB/index.php
[Sat Sep 05 03:37:24.477992 2020] [core:crit] [pid 32325:tid 140619250874112] (13)Permission denied: [client 162.247.74.204:33996] AH00529: /var/www/vhosts/saratogahistory.com/httpdocs/phpBB/.htaccess pcfg_openfile: unable to check htaccess file, ensure it is readable and that '/var/www/vhosts/saratogahistory.com/httpdocs/phpBB/' is executable, referer: http://www.saratogahistory.com/phpBB/index.php
[Sat Sep 05 04:23:54.030609 2020] [core:crit] [pid 6888:tid 140619166955264] (13)Permission denied: [client 85.10.56.252:56528] AH00529: /var/www/vhosts/saratogahistory.com/httpdocs/phpBB/.htaccess pcfg_openfile: unable to check htaccess file, ensure it is readable and that '/var/www/vhosts/saratogahistory.com/httpdocs/phpBB/' is executable, referer: http://www.saratogahistory.com/phpBB/index.php
[Sat Sep 05 05:17:52.155103 2020] [proxy_fcgi:error] [pid 6888:tid 140619240384256] [client 49.205.255.246:56462] AH01071: Got error 'Primary script unknown\n'
[Sat Sep 05 05:37:41.504056 2020] [core:crit] [pid 32325:tid 140619229894400] (13)Permission denied: [client 203.133.169.112:42010] AH00529: /var/www/vhosts/saratogahistory.com/httpdocs/phpBB/.htaccess pcfg_openfile: unable to check htaccess file, ensure it is readable and that '/var/www/vhosts/saratogahistory.com/httpdocs/phpBB/' is executable
[Sat Sep 05 05:37:46.559764 2020] [core:crit] [pid 6888:tid 140619135485696] (13)Permission denied: [client 203.133.169.112:42206] AH00529: /var/www/vhosts/saratogahistory.com/httpdocs/phpBB/.htaccess pcfg_openfile: unable to check htaccess file, ensure it is readable and that '/var/www/vhosts/saratogahistory.com/httpdocs/phpBB/' is executable
[Sat Sep 05 05:37:51.459209 2020] [core:crit] [pid 6888:tid 140619292833536] (13)Permission denied: [client 203.133.169.112:42388] AH00529: /var/www/vhosts/saratogahistory.com/httpdocs/phpBB/.htaccess pcfg_openfile: unable to check htaccess file, ensure it is readable and that '/var/www/vhosts/saratogahistory.com/httpdocs/phpBB/' is executable
[Sat Sep 05 05:37:57.103854 2020] [core:crit] [pid 6888:tid 140619313813248] (13)Permission denied: [client 203.133.169.112:42568] AH00529: /var/www/vhosts/saratogahistory.com/httpdocs/phpBB/.htaccess pcfg_openfile: unable to check htaccess file, ensure it is readable and that '/var/www/vhosts/saratogahistory.com/httpdocs/phpBB/' is executable
[Sat Sep 05 05:38:01.987371 2020] [core:crit] [pid 6888:tid 140619376752384] (13)Permission denied: [client 203.133.169.112:42744] AH00529: /var/www/vhosts/saratogahistory.com/httpdocs/phpBB/.htaccess pcfg_openfile: unable to check htaccess file, ensure it is readable and that '/var/www/vhosts/saratogahistory.com/httpdocs/phpBB/' is executable
[Sat Sep 05 05:38:06.998812 2020] [core:crit] [pid 6888:tid 140619334792960] (13)Permission denied: [client 203.133.169.112:42882] AH00529: /var/www/vhosts/saratogahistory.com/httpdocs/phpBB/.htaccess pcfg_openfile: unable to check htaccess file, ensure it is readable and that '/var/www/vhosts/saratogahistory.com/httpdocs/phpBB/' is executable
[Sat Sep 05 05:38:12.210270 2020] [core:crit] [pid 6888:tid 140619271853824] (13)Permission denied: [client 203.133.169.112:43012] AH00529: /var/www/vhosts/saratogahistory.com/httpdocs/phpBB/.htaccess pcfg_openfile: unable to check htaccess file, ensure it is readable and that '/var/www/vhosts/saratogahistory.com/httpdocs/phpBB/' is executable
[Sat Sep 05 05:38:17.218218 2020] [core:crit] [pid 6888:tid 140619303323392] (13)Permission denied: [client 203.133.169.112:43118] AH00529: /var/www/vhosts/saratogahistory.com/httpdocs/phpBB/.htaccess pcfg_openfile: unable to check htaccess file, ensure it is readable and that '/var/www/vhosts/saratogahistory.com/httpdocs/phpBB/' is executable
[Sat Sep 05 05:38:22.103344 2020] [core:crit] [pid 6888:tid 140619366262528] (13)Permission denied: [client 203.133.169.112:43246] AH00529: /var/www/vhosts/saratogahistory.com/httpdocs/phpBB/.htaccess pcfg_openfile: unable to check htaccess file, ensure it is readable and that '/var/www/vhosts/saratogahistory.com/httpdocs/phpBB/' is executable
[Sat Sep 05 05:38:26.999506 2020] [core:crit] [pid 6888:tid 140619345282816] (13)Permission denied: [client 203.133.169.112:43474] AH00529: /var/www/vhosts/saratogahistory.com/httpdocs/phpBB/.htaccess pcfg_openfile: unable to check htaccess file, ensure it is readable and that '/var/www/vhosts/saratogahistory.com/httpdocs/phpBB/' is executable
[Sat Sep 05 05:38:32.039591 2020] [core:crit] [pid 32352:tid 140619135485696] (13)Permission denied: [client 203.133.169.112:43724] AH00529: /var/www/vhosts/saratogahistory.com/httpdocs/phpBB/.htaccess pcfg_openfile: unable to check htaccess file, ensure it is readable and that '/var/www/vhosts/saratogahistory.com/httpdocs/phpBB/' is executable
[Sat Sep 05 05:38:37.073103 2020] [core:crit] [pid 32352:tid 140619198424832] (13)Permission denied: [client 203.133.169.112:43942] AH00529: /var/www/vhosts/saratogahistory.com/httpdocs/phpBB/.htaccess pcfg_openfile: unable to check htaccess file, ensure it is readable and that '/var/www/vhosts/saratogahistory.com/httpdocs/phpBB/' is executable
[Sat Sep 05 05:38:42.092144 2020] [core:crit] [pid 6888:tid 140619198424832] (13)Permission denied: [client 203.133.169.112:44136] AH00529: /var/www/vhosts/saratogahistory.com/httpdocs/phpBB/.htaccess pcfg_openfile: unable to check htaccess file, ensure it is readable and that '/var/www/vhosts/saratogahistory.com/httpdocs/phpBB/' is executable
[Sat Sep 05 05:38:47.896227 2020] [core:crit] [pid 6888:tid 140619324303104] (13)Permission denied: [client 203.133.169.112:44394] AH00529: /var/www/vhosts/saratogahistory.com/httpdocs/phpBB/.htaccess pcfg_openfile: unable to check htaccess file, ensure it is readable and that '/var/www/vhosts/saratogahistory.com/httpdocs/phpBB/' is executable
[Sat Sep 05 05:38:52.914133 2020] [core:crit] [pid 6888:tid 140619282343680] (13)Permission denied: [client 203.133.169.112:44668] AH00529: /var/www/vhosts/saratogahistory.com/httpdocs/phpBB/.htaccess pcfg_openfile: unable to check htaccess file, ensure it is readable and that '/var/www/vhosts/saratogahistory.com/httpdocs/phpBB/' is executable
[Sat Sep 05 05:38:57.924080 2020] [core:crit] [pid 6888:tid 140619250874112] (13)Permission denied: [client 203.133.169.112:44852] AH00529: /var/www/vhosts/saratogahistory.com/httpdocs/phpBB/.htaccess pcfg_openfile: unable to check htaccess file, ensure it is readable and that '/var/www/vhosts/saratogahistory.com/httpdocs/phpBB/' is executable
[Sat Sep 05 05:39:02.992091 2020] [core:crit] [pid 6888:tid 140619229894400] (13)Permission denied: [client 203.133.169.112:45024] AH00529: /var/www/vhosts/saratogahistory.com/httpdocs/phpBB/.htaccess pcfg_openfile: unable to check htaccess file, ensure it is readable and that '/var/www/vhosts/saratogahistory.com/httpdocs/phpBB/' is executable
[Sat Sep 05 05:39:07.936106 2020] [core:crit] [pid 32325:tid 140619124995840] (13)Permission denied: [client 203.133.169.112:45184] AH00529: /var/www/vhosts/saratogahistory.com/httpdocs/phpBB/.htaccess pcfg_openfile: unable to check htaccess file, ensure it is readable and that '/var/www/vhosts/saratogahistory.com/httpdocs/phpBB/' is executable
[Sat Sep 05 05:39:12.867355 2020] [core:crit] [pid 6888:tid 140619261363968] (13)Permission denied: [client 203.133.169.112:45356] AH00529: /var/www/vhosts/saratogahistory.com/httpdocs/phpBB/.htaccess pcfg_openfile: unable to check htaccess file, ensure it is readable and that '/var/www/vhosts/saratogahistory.com/httpdocs/phpBB/' is executable
[Sat Sep 05 05:39:17.870489 2020] [core:crit] [pid 32352:tid 140619292833536] (13)Permission denied: [client 203.133.169.112:45560] AH00529: /var/www/vhosts/saratogahistory.com/httpdocs/phpBB/.htaccess pcfg_openfile: unable to check htaccess file, ensure it is readable and that '/var/www/vhosts/saratogahistory.com/httpdocs/phpBB/' is executable
[Sat Sep 05 05:39:23.053174 2020] [core:crit] [pid 6888:tid 140619187934976] (13)Permission denied: [client 203.133.169.112:45774] AH00529: /var/www/vhosts/saratogahistory.com/httpdocs/phpBB/.htaccess pcfg_openfile: unable to check htaccess file, ensure it is readable and that '/var/www/vhosts/saratogahistory.com/httpdocs/phpBB/' is executable
[Sat Sep 05 05:39:28.108298 2020] [core:crit] [pid 6888:tid 140619240384256] (13)Permission denied: [client 203.133.169.112:46002] AH00529: /var/www/vhosts/saratogahistory.com/httpdocs/phpBB/.htaccess pcfg_openfile: unable to check htaccess file, ensure it is readable and that '/var/www/vhosts/saratogahistory.com/httpdocs/phpBB/' is executable
[Sat Sep 05 05:39:33.110917 2020] [core:crit] [pid 32352:tid 140619303323392] (13)Permission denied: [client 203.133.169.112:46232] AH00529: /var/www/vhosts/saratogahistory.com/httpdocs/phpBB/.htaccess pcfg_openfile: unable to check htaccess file, ensure it is readable and that '/var/www/vhosts/saratogahistory.com/httpdocs/phpBB/' is executable
[Sat Sep 05 05:39:38.029945 2020] [core:crit] [pid 6888:tid 140619208914688] (13)Permission denied: [client 203.133.169.112:46380] AH00529: /var/www/vhosts/saratogahistory.com/httpdocs/phpBB/.htaccess pcfg_openfile: unable to check htaccess file, ensure it is readable and that '/var/www/vhosts/saratogahistory.com/httpdocs/phpBB/' is executable
[Sat Sep 05 05:39:42.920949 2020] [core:crit] [pid 32352:tid 140619156465408] (13)Permission denied: [client 203.133.169.112:46496] AH00529: /var/www/vhosts/saratogahistory.com/httpdocs/phpBB/.htaccess pcfg_openfile: unable to check htaccess file, ensure it is readable and that '/var/www/vhosts/saratogahistory.com/httpdocs/phpBB/' is executable
[Sat Sep 05 05:39:47.966852 2020] [core:crit] [pid 6888:tid 140619145975552] (13)Permission denied: [client 203.133.169.112:46596] AH00529: /var/www/vhosts/saratogahistory.com/httpdocs/phpBB/.htaccess pcfg_openfile: unable to check htaccess file, ensure it is readable and that '/var/www/vhosts/saratogahistory.com/httpdocs/phpBB/' is executable
[Sat Sep 05 05:39:52.992028 2020] [core:crit] [pid 6888:tid 140619219404544] (13)Permission denied: [client 203.133.169.112:46760] AH00529: /var/www/vhosts/saratogahistory.com/httpdocs/phpBB/.htaccess pcfg_openfile: unable to check htaccess file, ensure it is readable and that '/var/www/vhosts/saratogahistory.com/httpdocs/phpBB/' is executable
[Sat Sep 05 05:39:57.889139 2020] [core:crit] [pid 6888:tid 140619156465408] (13)Permission denied: [client 203.133.169.112:46884] AH00529: /var/www/vhosts/saratogahistory.com/httpdocs/phpBB/.htaccess pcfg_openfile: unable to check htaccess file, ensure it is readable and that '/var/www/vhosts/saratogahistory.com/httpdocs/phpBB/' is executable
[Sat Sep 05 05:40:02.949216 2020] [core:crit] [pid 6888:tid 140619355772672] (13)Permission denied: [client 203.133.169.112:47184] AH00529: /var/www/vhosts/saratogahistory.com/httpdocs/phpBB/.htaccess pcfg_openfile: unable to check htaccess file, ensure it is readable and that '/var/www/vhosts/saratogahistory.com/httpdocs/phpBB/' is executable
[Sat Sep 05 05:40:07.898197 2020] [core:crit] [pid 32352:tid 140619271853824] (13)Permission denied: [client 203.133.169.112:47300] AH00529: /var/www/vhosts/saratogahistory.com/httpdocs/phpBB/.htaccess pcfg_openfile: unable to check htaccess file, ensure it is readable and that '/var/www/vhosts/saratogahistory.com/httpdocs/phpBB/' is executable
[Sat Sep 05 05:40:12.971865 2020] [core:crit] [pid 6888:tid 140619166955264] (13)Permission denied: [client 203.133.169.112:47478] AH00529: /var/www/vhosts/saratogahistory.com/httpdocs/phpBB/.htaccess pcfg_openfile: unable to check htaccess file, ensure it is readable and that '/var/www/vhosts/saratogahistory.com/httpdocs/phpBB/' is executable
[Sat Sep 05 05:40:18.032792 2020] [core:crit] [pid 32352:tid 140619282343680] (13)Permission denied: [client 203.133.169.112:47654] AH00529: /var/www/vhosts/saratogahistory.com/httpdocs/phpBB/.htaccess pcfg_openfile: unable to check htaccess file, ensure it is readable and that '/var/www/vhosts/saratogahistory.com/httpdocs/phpBB/' is executable
[Sat Sep 05 05:46:20.610855 2020] [core:crit] [pid 6888:tid 140619292833536] (13)Permission denied: [client 185.220.101.201:60684] AH00529: /var/www/vhosts/saratogahistory.com/httpdocs/phpBB/.htaccess pcfg_openfile: unable to check htaccess file, ensure it is readable and that '/var/www/vhosts/saratogahistory.com/httpdocs/phpBB/' is executable, referer: http://www.saratogahistory.com/phpBB/index.php
[Sat Sep 05 06:08:52.326720 2020] [core:crit] [pid 6888:tid 140619240384256] (13)Permission denied: [client 93.84.174.164:55776] AH00529: /var/www/vhosts/saratogahistory.com/httpdocs/phpBB/.htaccess pcfg_openfile: unable to check htaccess file, ensure it is readable and that '/var/www/vhosts/saratogahistory.com/httpdocs/phpBB/' is executable, referer: http://www.saratogahistory.com/phpBB/index.php
[Sat Sep 05 06:08:58.378683 2020] [proxy_fcgi:error] [pid 6888:tid 140619208914688] [client 93.84.174.164:56014] AH01071: Got error 'Primary script unknown\n', referer: http://www.saratogahistory.com/index.php
[Sat Sep 05 06:08:58.672226 2020] [proxy_fcgi:error] [pid 32352:tid 140619282343680] [client 93.84.174.164:56018] AH01071: Got error 'Primary script unknown\n', referer: http://www.saratogahistory.com/index.php
[Sat Sep 05 06:14:33.483701 2020] [core:crit] [pid 6888:tid 140619166955264] (13)Permission denied: [client 185.25.35.12:40018] AH00529: /var/www/vhosts/saratogahistory.com/httpdocs/phpBB/.htaccess pcfg_openfile: unable to check htaccess file, ensure it is readable and that '/var/www/vhosts/saratogahistory.com/httpdocs/phpBB/' is executable
[Sat Sep 05 06:43:05.911839 2020] [core:crit] [pid 32322:tid 140619208914688] (13)Permission denied: [client 179.43.160.236:52482] AH00529: /var/www/vhosts/saratogahistory.com/httpdocs/phpBB/.htaccess pcfg_openfile: unable to check htaccess file, ensure it is readable and that '/var/www/vhosts/saratogahistory.com/httpdocs/phpBB/' is executable, referer: http://www.saratogahistory.com/phpBB/index.php
[Sat Sep 05 06:44:15.221887 2020] [core:crit] [pid 6888:tid 140619250874112] (13)Permission denied: [client 185.25.35.13:55652] AH00529: /var/www/vhosts/saratogahistory.com/httpdocs/phpBB/.htaccess pcfg_openfile: unable to check htaccess file, ensure it is readable and that '/var/www/vhosts/saratogahistory.com/httpdocs/phpBB/' is executable
[Sat Sep 05 07:21:28.502209 2020] [core:crit] [pid 32352:tid 140619282343680] (13)Permission denied: [client 77.222.112.200:53092] AH00529: /var/www/vhosts/saratogahistory.com/httpdocs/phpBB/.htaccess pcfg_openfile: unable to check htaccess file, ensure it is readable and that '/var/www/vhosts/saratogahistory.com/httpdocs/phpBB/' is executable, referer: http://www.saratogahistory.com/phpBB/index.php
[Sat Sep 05 07:38:59.135400 2020] [core:crit] [pid 32352:tid 140619334792960] (13)Permission denied: [client 185.191.126.242:36176] AH00529: /var/www/vhosts/saratogahistory.com/httpdocs/phpBB/.htaccess pcfg_openfile: unable to check htaccess file, ensure it is readable and that '/var/www/vhosts/saratogahistory.com/httpdocs/phpBB/' is executable, referer: http://www.saratogahistory.com/phpBB/index.php
[Sat Sep 05 07:56:33.588360 2020] [core:crit] [pid 6888:tid 140619271853824] (13)Permission denied: [client 185.25.35.10:46438] AH00529: /var/www/vhosts/saratogahistory.com/httpdocs/phpBB/.htaccess pcfg_openfile: unable to check htaccess file, ensure it is readable and that '/var/www/vhosts/saratogahistory.com/httpdocs/phpBB/' is executable
[Sat Sep 05 08:09:29.157835 2020] [core:crit] [pid 6888:tid 140619250874112] (13)Permission denied: [client 185.25.35.14:48708] AH00529: /var/www/vhosts/saratogahistory.com/httpdocs/phpBB/.htaccess pcfg_openfile: unable to check htaccess file, ensure it is readable and that '/var/www/vhosts/saratogahistory.com/httpdocs/phpBB/' is executable
[Sat Sep 05 09:23:44.169502 2020] [core:crit] [pid 6888:tid 140619324303104] (13)Permission denied: [client 45.238.123.221:51854] AH00529: /var/www/vhosts/saratogahistory.com/httpdocs/phpBB/.htaccess pcfg_openfile: unable to check htaccess file, ensure it is readable and that '/var/www/vhosts/saratogahistory.com/httpdocs/phpBB/' is executable, referer: http://www.saratogahistory.com/phpBB/index.php
[Sat Sep 05 09:23:51.328989 2020] [proxy_fcgi:error] [pid 6888:tid 140619229894400] [client 45.238.123.221:52118] AH01071: Got error 'Primary script unknown\n', referer: http://www.saratogahistory.com/index.php
[Sat Sep 05 09:23:53.426209 2020] [proxy_fcgi:error] [pid 32352:tid 140619198424832] [client 45.238.123.221:52220] AH01071: Got error 'Primary script unknown\n', referer: http://www.saratogahistory.com/index.php
[Sat Sep 05 09:23:54.855654 2020] [proxy_fcgi:error] [pid 32352:tid 140619292833536] [client 45.238.123.221:52258] AH01071: Got error 'Primary script unknown\n', referer: http://www.saratogahistory.com/index.php
[Sat Sep 05 09:28:54.780959 2020] [core:crit] [pid 32325:tid 140619292833536] (13)Permission denied: [client 203.133.169.112:34894] AH00529: /var/www/vhosts/saratogahistory.com/httpdocs/phpBB/.htaccess pcfg_openfile: unable to check htaccess file, ensure it is readable and that '/var/www/vhosts/saratogahistory.com/httpdocs/phpBB/' is executable
[Sat Sep 05 09:28:59.692549 2020] [core:crit] [pid 6888:tid 140619240384256] (13)Permission denied: [client 203.133.169.112:35078] AH00529: /var/www/vhosts/saratogahistory.com/httpdocs/phpBB/.htaccess pcfg_openfile: unable to check htaccess file, ensure it is readable and that '/var/www/vhosts/saratogahistory.com/httpdocs/phpBB/' is executable
[Sat Sep 05 09:29:04.590112 2020] [core:crit] [pid 32352:tid 140619156465408] (13)Permission denied: [client 203.133.169.112:35216] AH00529: /var/www/vhosts/saratogahistory.com/httpdocs/phpBB/.htaccess pcfg_openfile: unable to check htaccess file, ensure it is readable and that '/var/www/vhosts/saratogahistory.com/httpdocs/phpBB/' is executable
[Sat Sep 05 09:29:09.503724 2020] [core:crit] [pid 6888:tid 140619145975552] (13)Permission denied: [client 203.133.169.112:35390] AH00529: /var/www/vhosts/saratogahistory.com/httpdocs/phpBB/.htaccess pcfg_openfile: unable to check htaccess file, ensure it is readable and that '/var/www/vhosts/saratogahistory.com/httpdocs/phpBB/' is executable
[Sat Sep 05 09:29:14.412224 2020] [core:crit] [pid 32352:tid 140619282343680] (13)Permission denied: [client 203.133.169.112:35624] AH00529: /var/www/vhosts/saratogahistory.com/httpdocs/phpBB/.htaccess pcfg_openfile: unable to check htaccess file, ensure it is readable and that '/var/www/vhosts/saratogahistory.com/httpdocs/phpBB/' is executable
[Sat Sep 05 09:29:19.575650 2020] [core:crit] [pid 32352:tid 140619124995840] (13)Permission denied: [client 203.133.169.112:35922] AH00529: /var/www/vhosts/saratogahistory.com/httpdocs/phpBB/.htaccess pcfg_openfile: unable to check htaccess file, ensure it is readable and that '/var/www/vhosts/saratogahistory.com/httpdocs/phpBB/' is executable
[Sat Sep 05 09:29:24.505918 2020] [core:crit] [pid 32352:tid 140619313813248] (13)Permission denied: [client 203.133.169.112:36092] AH00529: /var/www/vhosts/saratogahistory.com/httpdocs/phpBB/.htaccess pcfg_openfile: unable to check htaccess file, ensure it is readable and that '/var/www/vhosts/saratogahistory.com/httpdocs/phpBB/' is executable
[Sat Sep 05 09:29:29.400860 2020] [core:crit] [pid 32352:tid 140619240384256] (13)Permission denied: [client 203.133.169.112:36244] AH00529: /var/www/vhosts/saratogahistory.com/httpdocs/phpBB/.htaccess pcfg_openfile: unable to check htaccess file, ensure it is readable and that '/var/www/vhosts/saratogahistory.com/httpdocs/phpBB/' is executable
[Sat Sep 05 09:29:34.281251 2020] [core:crit] [pid 32352:tid 140619261363968] (13)Permission denied: [client 203.133.169.112:36336] AH00529: /var/www/vhosts/saratogahistory.com/httpdocs/phpBB/.htaccess pcfg_openfile: unable to check htaccess file, ensure it is readable and that '/var/www/vhosts/saratogahistory.com/httpdocs/phpBB/' is executable
[Sat Sep 05 09:29:39.305795 2020] [core:crit] [pid 32352:tid 140619355772672] (13)Permission denied: [client 203.133.169.112:36484] AH00529: /var/www/vhosts/saratogahistory.com/httpdocs/phpBB/.htaccess pcfg_openfile: unable to check htaccess file, ensure it is readable and that '/var/www/vhosts/saratogahistory.com/httpdocs/phpBB/' is executable
[Sat Sep 05 09:29:44.187130 2020] [core:crit] [pid 6888:tid 140619219404544] (13)Permission denied: [client 203.133.169.112:36584] AH00529: /var/www/vhosts/saratogahistory.com/httpdocs/phpBB/.htaccess pcfg_openfile: unable to check htaccess file, ensure it is readable and that '/var/www/vhosts/saratogahistory.com/httpdocs/phpBB/' is executable
[Sat Sep 05 09:29:49.242609 2020] [core:crit] [pid 32352:tid 140619208914688] (13)Permission denied: [client 203.133.169.112:36688] AH00529: /var/www/vhosts/saratogahistory.com/httpdocs/phpBB/.htaccess pcfg_openfile: unable to check htaccess file, ensure it is readable and that '/var/www/vhosts/saratogahistory.com/httpdocs/phpBB/' is executable
[Sat Sep 05 09:29:54.369313 2020] [core:crit] [pid 32352:tid 140619334792960] (13)Permission denied: [client 203.133.169.112:36852] AH00529: /var/www/vhosts/saratogahistory.com/httpdocs/phpBB/.htaccess pcfg_openfile: unable to check htaccess file, ensure it is readable and that '/var/www/vhosts/saratogahistory.com/httpdocs/phpBB/' is executable
[Sat Sep 05 09:29:59.396518 2020] [core:crit] [pid 32352:tid 140619250874112] (13)Permission denied: [client 203.133.169.112:36986] AH00529: /var/www/vhosts/saratogahistory.com/httpdocs/phpBB/.htaccess pcfg_openfile: unable to check htaccess file, ensure it is readable and that '/var/www/vhosts/saratogahistory.com/httpdocs/phpBB/' is executable
[Sat Sep 05 09:30:04.544568 2020] [core:crit] [pid 32352:tid 140619376752384] (13)Permission denied: [client 203.133.169.112:37354] AH00529: /var/www/vhosts/saratogahistory.com/httpdocs/phpBB/.htaccess pcfg_openfile: unable to check htaccess file, ensure it is readable and that '/var/www/vhosts/saratogahistory.com/httpdocs/phpBB/' is executable
[Sat Sep 05 09:30:09.565725 2020] [core:crit] [pid 6888:tid 140619166955264] (13)Permission denied: [client 203.133.169.112:37492] AH00529: /var/www/vhosts/saratogahistory.com/httpdocs/phpBB/.htaccess pcfg_openfile: unable to check htaccess file, ensure it is readable and that '/var/www/vhosts/saratogahistory.com/httpdocs/phpBB/' is executable
[Sat Sep 05 09:30:15.202441 2020] [core:crit] [pid 6888:tid 140619124995840] (13)Permission denied: [client 203.133.169.112:37714] AH00529: /var/www/vhosts/saratogahistory.com/httpdocs/phpBB/.htaccess pcfg_openfile: unable to check htaccess file, ensure it is readable and that '/var/www/vhosts/saratogahistory.com/httpdocs/phpBB/' is executable
[Sat Sep 05 09:30:20.305569 2020] [core:crit] [pid 6888:tid 140619177445120] (13)Permission denied: [client 203.133.169.112:37866] AH00529: /var/www/vhosts/saratogahistory.com/httpdocs/phpBB/.htaccess pcfg_openfile: unable to check htaccess file, ensure it is readable and that '/var/www/vhosts/saratogahistory.com/httpdocs/phpBB/' is executable
[Sat Sep 05 09:30:25.411847 2020] [core:crit] [pid 6888:tid 140619135485696] (13)Permission denied: [client 203.133.169.112:38014] AH00529: /var/www/vhosts/saratogahistory.com/httpdocs/phpBB/.htaccess pcfg_openfile: unable to check htaccess file, ensure it is readable and that '/var/www/vhosts/saratogahistory.com/httpdocs/phpBB/' is executable
[Sat Sep 05 09:30:30.291046 2020] [core:crit] [pid 6888:tid 140619292833536] (13)Permission denied: [client 203.133.169.112:38178] AH00529: /var/www/vhosts/saratogahistory.com/httpdocs/phpBB/.htaccess pcfg_openfile: unable to check htaccess file, ensure it is readable and that '/var/www/vhosts/saratogahistory.com/httpdocs/phpBB/' is executable
[Sat Sep 05 09:30:40.344839 2020] [core:crit] [pid 32325:tid 140619240384256] (13)Permission denied: [client 203.133.169.112:38420] AH00529: /var/www/vhosts/saratogahistory.com/httpdocs/phpBB/.htaccess pcfg_openfile: unable to check htaccess file, ensure it is readable and that '/var/www/vhosts/saratogahistory.com/httpdocs/phpBB/' is executable
[Sat Sep 05 09:30:45.373627 2020] [core:crit] [pid 32352:tid 140619229894400] (13)Permission denied: [client 203.133.169.112:38516] AH00529: /var/www/vhosts/saratogahistory.com/httpdocs/phpBB/.htaccess pcfg_openfile: unable to check htaccess file, ensure it is readable and that '/var/www/vhosts/saratogahistory.com/httpdocs/phpBB/' is executable
[Sat Sep 05 09:30:50.262126 2020] [core:crit] [pid 32352:tid 140619187934976] (13)Permission denied: [client 203.133.169.112:38592] AH00529: /var/www/vhosts/saratogahistory.com/httpdocs/phpBB/.htaccess pcfg_openfile: unable to check htaccess file, ensure it is readable and that '/var/www/vhosts/saratogahistory.com/httpdocs/phpBB/' is executable
[Sat Sep 05 09:30:55.140513 2020] [core:crit] [pid 32325:tid 140619282343680] (13)Permission denied: [client 203.133.169.112:38696] AH00529: /var/www/vhosts/saratogahistory.com/httpdocs/phpBB/.htaccess pcfg_openfile: unable to check htaccess file, ensure it is readable and that '/var/www/vhosts/saratogahistory.com/httpdocs/phpBB/' is executable
[Sat Sep 05 09:31:00.175572 2020] [core:crit] [pid 6888:tid 140619313813248] (13)Permission denied: [client 203.133.169.112:38806] AH00529: /var/www/vhosts/saratogahistory.com/httpdocs/phpBB/.htaccess pcfg_openfile: unable to check htaccess file, ensure it is readable and that '/var/www/vhosts/saratogahistory.com/httpdocs/phpBB/' is executable
[Sat Sep 05 09:31:05.071969 2020] [core:crit] [pid 32352:tid 140619219404544] (13)Permission denied: [client 203.133.169.112:38944] AH00529: /var/www/vhosts/saratogahistory.com/httpdocs/phpBB/.htaccess pcfg_openfile: unable to check htaccess file, ensure it is readable and that '/var/www/vhosts/saratogahistory.com/httpdocs/phpBB/' is executable
[Sat Sep 05 09:31:10.003703 2020] [core:crit] [pid 6888:tid 140619376752384] (13)Permission denied: [client 203.133.169.112:39038] AH00529: /var/www/vhosts/saratogahistory.com/httpdocs/phpBB/.htaccess pcfg_openfile: unable to check htaccess file, ensure it is readable and that '/var/www/vhosts/saratogahistory.com/httpdocs/phpBB/' is executable
[Sat Sep 05 09:31:15.032201 2020] [core:crit] [pid 32352:tid 140619345282816] (13)Permission denied: [client 203.133.169.112:39178] AH00529: /var/www/vhosts/saratogahistory.com/httpdocs/phpBB/.htaccess pcfg_openfile: unable to check htaccess file, ensure it is readable and that '/var/www/vhosts/saratogahistory.com/httpdocs/phpBB/' is executable
[Sat Sep 05 09:31:20.075218 2020] [core:crit] [pid 32352:tid 140619166955264] (13)Permission denied: [client 203.133.169.112:39322] AH00529: /var/www/vhosts/saratogahistory.com/httpdocs/phpBB/.htaccess pcfg_openfile: unable to check htaccess file, ensure it is readable and that '/var/www/vhosts/saratogahistory.com/httpdocs/phpBB/' is executable
[Sat Sep 05 09:31:24.987268 2020] [core:crit] [pid 6888:tid 140619334792960] (13)Permission denied: [client 203.133.169.112:39466] AH00529: /var/www/vhosts/saratogahistory.com/httpdocs/phpBB/.htaccess pcfg_openfile: unable to check htaccess file, ensure it is readable and that '/var/www/vhosts/saratogahistory.com/httpdocs/phpBB/' is executable
[Sat Sep 05 09:31:29.883918 2020] [core:crit] [pid 6888:tid 140619271853824] (13)Permission denied: [client 203.133.169.112:39576] AH00529: /var/www/vhosts/saratogahistory.com/httpdocs/phpBB/.htaccess pcfg_openfile: unable to check htaccess file, ensure it is readable and that '/var/www/vhosts/saratogahistory.com/httpdocs/phpBB/' is executable
[Sat Sep 05 09:31:34.889095 2020] [core:crit] [pid 6888:tid 140619303323392] (13)Permission denied: [client 203.133.169.112:39690] AH00529: /var/www/vhosts/saratogahistory.com/httpdocs/phpBB/.htaccess pcfg_openfile: unable to check htaccess file, ensure it is readable and that '/var/www/vhosts/saratogahistory.com/httpdocs/phpBB/' is executable
[Sat Sep 05 09:31:39.942673 2020] [core:crit] [pid 32352:tid 140619145975552] (13)Permission denied: [client 203.133.169.112:39814] AH00529: /var/www/vhosts/saratogahistory.com/httpdocs/phpBB/.htaccess pcfg_openfile: unable to check htaccess file, ensure it is readable and that '/var/www/vhosts/saratogahistory.com/httpdocs/phpBB/' is executable
[Sat Sep 05 09:31:44.864473 2020] [core:crit] [pid 6888:tid 140619366262528] (13)Permission denied: [client 203.133.169.112:39946] AH00529: /var/www/vhosts/saratogahistory.com/httpdocs/phpBB/.htaccess pcfg_openfile: unable to check htaccess file, ensure it is readable and that '/var/www/vhosts/saratogahistory.com/httpdocs/phpBB/' is executable
[Sat Sep 05 09:31:49.938699 2020] [core:crit] [pid 32352:tid 140619177445120] (13)Permission denied: [client 203.133.169.112:40064] AH00529: /var/www/vhosts/saratogahistory.com/httpdocs/phpBB/.htaccess pcfg_openfile: unable to check htaccess file, ensure it is readable and that '/var/www/vhosts/saratogahistory.com/httpdocs/phpBB/' is executable
[Sat Sep 05 09:31:54.838728 2020] [core:crit] [pid 6888:tid 140619345282816] (13)Permission denied: [client 203.133.169.112:40230] AH00529: /var/www/vhosts/saratogahistory.com/httpdocs/phpBB/.htaccess pcfg_openfile: unable to check htaccess file, ensure it is readable and that '/var/www/vhosts/saratogahistory.com/httpdocs/phpBB/' is executable
[Sat Sep 05 09:31:59.721966 2020] [core:crit] [pid 6888:tid 140619261363968] (13)Permission denied: [client 203.133.169.112:40346] AH00529: /var/www/vhosts/saratogahistory.com/httpdocs/phpBB/.htaccess pcfg_openfile: unable to check htaccess file, ensure it is readable and that '/var/www/vhosts/saratogahistory.com/httpdocs/phpBB/' is executable
[Sat Sep 05 09:32:04.716190 2020] [core:crit] [pid 6888:tid 140619187934976] (13)Permission denied: [client 203.133.169.112:40550] AH00529: /var/www/vhosts/saratogahistory.com/httpdocs/phpBB/.htaccess pcfg_openfile: unable to check htaccess file, ensure it is readable and that '/var/www/vhosts/saratogahistory.com/httpdocs/phpBB/' is executable
[Sat Sep 05 09:32:09.855029 2020] [core:crit] [pid 6888:tid 140619240384256] (13)Permission denied: [client 203.133.169.112:40700] AH00529: /var/www/vhosts/saratogahistory.com/httpdocs/phpBB/.htaccess pcfg_openfile: unable to check htaccess file, ensure it is readable and that '/var/www/vhosts/saratogahistory.com/httpdocs/phpBB/' is executable
[Sat Sep 05 09:32:14.864131 2020] [core:crit] [pid 32352:tid 140619198424832] (13)Permission denied: [client 203.133.169.112:40888] AH00529: /var/www/vhosts/saratogahistory.com/httpdocs/phpBB/.htaccess pcfg_openfile: unable to check htaccess file, ensure it is readable and that '/var/www/vhosts/saratogahistory.com/httpdocs/phpBB/' is executable
[Sat Sep 05 09:32:25.095895 2020] [core:crit] [pid 6888:tid 140619145975552] (13)Permission denied: [client 203.133.169.112:41222] AH00529: /var/www/vhosts/saratogahistory.com/httpdocs/phpBB/.htaccess pcfg_openfile: unable to check htaccess file, ensure it is readable and that '/var/www/vhosts/saratogahistory.com/httpdocs/phpBB/' is executable
[Sat Sep 05 09:32:30.120351 2020] [core:crit] [pid 32325:tid 140619271853824] (13)Permission denied: [client 203.133.169.112:41394] AH00529: /var/www/vhosts/saratogahistory.com/httpdocs/phpBB/.htaccess pcfg_openfile: unable to check htaccess file, ensure it is readable and that '/var/www/vhosts/saratogahistory.com/httpdocs/phpBB/' is executable
[Sat Sep 05 09:32:35.104855 2020] [core:crit] [pid 6888:tid 140619219404544] (13)Permission denied: [client 203.133.169.112:41528] AH00529: /var/www/vhosts/saratogahistory.com/httpdocs/phpBB/.htaccess pcfg_openfile: unable to check htaccess file, ensure it is readable and that '/var/www/vhosts/saratogahistory.com/httpdocs/phpBB/' is executable
[Sat Sep 05 09:32:40.112680 2020] [core:crit] [pid 32352:tid 140619292833536] (13)Permission denied: [client 203.133.169.112:41702] AH00529: /var/www/vhosts/saratogahistory.com/httpdocs/phpBB/.htaccess pcfg_openfile: unable to check htaccess file, ensure it is readable and that '/var/www/vhosts/saratogahistory.com/httpdocs/phpBB/' is executable
[Sat Sep 05 09:32:45.131875 2020] [core:crit] [pid 6888:tid 140619156465408] (13)Permission denied: [client 203.133.169.112:41884] AH00529: /var/www/vhosts/saratogahistory.com/httpdocs/phpBB/.htaccess pcfg_openfile: unable to check htaccess file, ensure it is readable and that '/var/www/vhosts/saratogahistory.com/httpdocs/phpBB/' is executable
[Sat Sep 05 09:32:50.135148 2020] [core:crit] [pid 6888:tid 140619355772672] (13)Permission denied: [client 203.133.169.112:42030] AH00529: /var/www/vhosts/saratogahistory.com/httpdocs/phpBB/.htaccess pcfg_openfile: unable to check htaccess file, ensure it is readable and that '/var/www/vhosts/saratogahistory.com/httpdocs/phpBB/' is executable
[Sat Sep 05 09:32:55.048385 2020] [core:crit] [pid 6888:tid 140619166955264] (13)Permission denied: [client 203.133.169.112:42190] AH00529: /var/www/vhosts/saratogahistory.com/httpdocs/phpBB/.htaccess pcfg_openfile: unable to check htaccess file, ensure it is readable and that '/var/www/vhosts/saratogahistory.com/httpdocs/phpBB/' is executable
[Sat Sep 05 09:33:00.080177 2020] [core:crit] [pid 6888:tid 140619124995840] (13)Permission denied: [client 203.133.169.112:42370] AH00529: /var/www/vhosts/saratogahistory.com/httpdocs/phpBB/.htaccess pcfg_openfile: unable to check htaccess file, ensure it is readable and that '/var/www/vhosts/saratogahistory.com/httpdocs/phpBB/' is executable
[Sat Sep 05 09:33:04.987688 2020] [core:crit] [pid 6888:tid 140619177445120] (13)Permission denied: [client 203.133.169.112:42642] AH00529: /var/www/vhosts/saratogahistory.com/httpdocs/phpBB/.htaccess pcfg_openfile: unable to check htaccess file, ensure it is readable and that '/var/www/vhosts/saratogahistory.com/httpdocs/phpBB/' is executable
[Sat Sep 05 09:33:10.055674 2020] [core:crit] [pid 6888:tid 140619135485696] (13)Permission denied: [client 203.133.169.112:42792] AH00529: /var/www/vhosts/saratogahistory.com/httpdocs/phpBB/.htaccess pcfg_openfile: unable to check htaccess file, ensure it is readable and that '/var/www/vhosts/saratogahistory.com/httpdocs/phpBB/' is executable
[Sat Sep 05 09:33:16.065715 2020] [core:crit] [pid 6888:tid 140619292833536] (13)Permission denied: [client 203.133.169.112:43002] AH00529: /var/www/vhosts/saratogahistory.com/httpdocs/phpBB/.htaccess pcfg_openfile: unable to check htaccess file, ensure it is readable and that '/var/www/vhosts/saratogahistory.com/httpdocs/phpBB/' is executable
[Sat Sep 05 09:33:21.718328 2020] [core:crit] [pid 6888:tid 140619313813248] (13)Permission denied: [client 203.133.169.112:43234] AH00529: /var/www/vhosts/saratogahistory.com/httpdocs/phpBB/.htaccess pcfg_openfile: unable to check htaccess file, ensure it is readable and that '/var/www/vhosts/saratogahistory.com/httpdocs/phpBB/' is executable
[Sat Sep 05 09:33:26.729128 2020] [core:crit] [pid 6888:tid 140619376752384] (13)Permission denied: [client 203.133.169.112:43468] AH00529: /var/www/vhosts/saratogahistory.com/httpdocs/phpBB/.htaccess pcfg_openfile: unable to check htaccess file, ensure it is readable and that '/var/www/vhosts/saratogahistory.com/httpdocs/phpBB/' is executable
[Sat Sep 05 09:33:31.749022 2020] [core:crit] [pid 6888:tid 140619334792960] (13)Permission denied: [client 203.133.169.112:43666] AH00529: /var/www/vhosts/saratogahistory.com/httpdocs/phpBB/.htaccess pcfg_openfile: unable to check htaccess file, ensure it is readable and that '/var/www/vhosts/saratogahistory.com/httpdocs/phpBB/' is executable
[Sat Sep 05 09:33:36.651085 2020] [core:crit] [pid 6888:tid 140619271853824] (13)Permission denied: [client 203.133.169.112:43840] AH00529: /var/www/vhosts/saratogahistory.com/httpdocs/phpBB/.htaccess pcfg_openfile: unable to check htaccess file, ensure it is readable and that '/var/www/vhosts/saratogahistory.com/httpdocs/phpBB/' is executable
[Sat Sep 05 09:33:41.671350 2020] [core:crit] [pid 6888:tid 140619303323392] (13)Permission denied: [client 203.133.169.112:44040] AH00529: /var/www/vhosts/saratogahistory.com/httpdocs/phpBB/.htaccess pcfg_openfile: unable to check htaccess file, ensure it is readable and that '/var/www/vhosts/saratogahistory.com/httpdocs/phpBB/' is executable
[Sat Sep 05 09:33:46.685375 2020] [core:crit] [pid 32322:tid 140619345282816] (13)Permission denied: [client 203.133.169.112:44184] AH00529: /var/www/vhosts/saratogahistory.com/httpdocs/phpBB/.htaccess pcfg_openfile: unable to check htaccess file, ensure it is readable and that '/var/www/vhosts/saratogahistory.com/httpdocs/phpBB/' is executable
[Sat Sep 05 09:33:51.616651 2020] [core:crit] [pid 6888:tid 140619366262528] (13)Permission denied: [client 203.133.169.112:44356] AH00529: /var/www/vhosts/saratogahistory.com/httpdocs/phpBB/.htaccess pcfg_openfile: unable to check htaccess file, ensure it is readable and that '/var/www/vhosts/saratogahistory.com/httpdocs/phpBB/' is executable
[Sat Sep 05 09:33:56.641974 2020] [core:crit] [pid 6888:tid 140619345282816] (13)Permission denied: [client 203.133.169.112:44536] AH00529: /var/www/vhosts/saratogahistory.com/httpdocs/phpBB/.htaccess pcfg_openfile: unable to check htaccess file, ensure it is readable and that '/var/www/vhosts/saratogahistory.com/httpdocs/phpBB/' is executable
[Sat Sep 05 09:34:01.535712 2020] [core:crit] [pid 6888:tid 140619198424832] (13)Permission denied: [client 203.133.169.112:44674] AH00529: /var/www/vhosts/saratogahistory.com/httpdocs/phpBB/.htaccess pcfg_openfile: unable to check htaccess file, ensure it is readable and that '/var/www/vhosts/saratogahistory.com/httpdocs/phpBB/' is executable
[Sat Sep 05 09:37:25.978458 2020] [core:crit] [pid 6888:tid 140619229894400] (13)Permission denied: [client 158.69.35.227:52378] AH00529: /var/www/vhosts/saratogahistory.com/httpdocs/phpBB/.htaccess pcfg_openfile: unable to check htaccess file, ensure it is readable and that '/var/www/vhosts/saratogahistory.com/httpdocs/phpBB/' is executable, referer: http://www.saratogahistory.com/phpBB/index.php
[Sat Sep 05 09:40:55.423063 2020] [core:crit] [pid 6888:tid 140619366262528] (13)Permission denied: [client 34.77.72.31:33258] AH00529: /var/www/vhosts/saratogahistory.com/httpdocs/phpBB/.htaccess pcfg_openfile: unable to check htaccess file, ensure it is readable and that '/var/www/vhosts/saratogahistory.com/httpdocs/phpBB/' is executable
[Sat Sep 05 09:41:02.008142 2020] [proxy_fcgi:error] [pid 32325:tid 140619219404544] [client 34.77.72.31:33472] AH01071: Got error 'Primary script unknown\n'
[Sat Sep 05 10:10:19.457437 2020] [core:crit] [pid 6888:tid 140619355772672] (13)Permission denied: [client 185.220.102.240:40448] AH00529: /var/www/vhosts/saratogahistory.com/httpdocs/phpBB/.htaccess pcfg_openfile: unable to check htaccess file, ensure it is readable and that '/var/www/vhosts/saratogahistory.com/httpdocs/phpBB/' is executable, referer: http://www.saratogahistory.com/phpBB/index.php
[Sat Sep 05 11:36:28.941646 2020] [core:crit] [pid 32352:tid 140619250874112] (13)Permission denied: [client 198.98.54.170:44588] AH00529: /var/www/vhosts/saratogahistory.com/httpdocs/phpBB/.htaccess pcfg_openfile: unable to check htaccess file, ensure it is readable and that '/var/www/vhosts/saratogahistory.com/httpdocs/phpBB/' is executable, referer: http://www.saratogahistory.com/phpBB/index.php
[Sat Sep 05 12:04:27.077935 2020] [core:crit] [pid 6888:tid 140619345282816] (13)Permission denied: [client 185.25.35.9:52162] AH00529: /var/www/vhosts/saratogahistory.com/httpdocs/phpBB/.htaccess pcfg_openfile: unable to check htaccess file, ensure it is readable and that '/var/www/vhosts/saratogahistory.com/httpdocs/phpBB/' is executable
[Sat Sep 05 12:37:22.962304 2020] [core:crit] [pid 6888:tid 140619219404544] (13)Permission denied: [client 185.25.35.13:42464] AH00529: /var/www/vhosts/saratogahistory.com/httpdocs/phpBB/.htaccess pcfg_openfile: unable to check htaccess file, ensure it is readable and that '/var/www/vhosts/saratogahistory.com/httpdocs/phpBB/' is executable
[Sat Sep 05 12:39:44.313819 2020] [core:crit] [pid 6888:tid 140619355772672] (13)Permission denied: [client 23.129.64.203:47928] AH00529: /var/www/vhosts/saratogahistory.com/httpdocs/phpBB/.htaccess pcfg_openfile: unable to check htaccess file, ensure it is readable and that '/var/www/vhosts/saratogahistory.com/httpdocs/phpBB/' is executable, referer: http://www.saratogahistory.com/phpBB/index.php
[Sat Sep 05 13:17:40.554834 2020] [core:crit] [pid 32352:tid 140619124995840] (13)Permission denied: [client 203.133.169.112:48842] AH00529: /var/www/vhosts/saratogahistory.com/httpdocs/phpBB/.htaccess pcfg_openfile: unable to check htaccess file, ensure it is readable and that '/var/www/vhosts/saratogahistory.com/httpdocs/phpBB/' is executable
[Sat Sep 05 13:17:45.456091 2020] [core:crit] [pid 32325:tid 140619198424832] (13)Permission denied: [client 203.133.169.112:49044] AH00529: /var/www/vhosts/saratogahistory.com/httpdocs/phpBB/.htaccess pcfg_openfile: unable to check htaccess file, ensure it is readable and that '/var/www/vhosts/saratogahistory.com/httpdocs/phpBB/' is executable
[Sat Sep 05 13:17:50.361537 2020] [core:crit] [pid 6888:tid 140619324303104] (13)Permission denied: [client 203.133.169.112:49206] AH00529: /var/www/vhosts/saratogahistory.com/httpdocs/phpBB/.htaccess pcfg_openfile: unable to check htaccess file, ensure it is readable and that '/var/www/vhosts/saratogahistory.com/httpdocs/phpBB/' is executable
[Sat Sep 05 13:17:55.382098 2020] [core:crit] [pid 6888:tid 140619250874112] (13)Permission denied: [client 203.133.169.112:49404] AH00529: /var/www/vhosts/saratogahistory.com/httpdocs/phpBB/.htaccess pcfg_openfile: unable to check htaccess file, ensure it is readable and that '/var/www/vhosts/saratogahistory.com/httpdocs/phpBB/' is executable
[Sat Sep 05 13:18:00.457071 2020] [core:crit] [pid 32352:tid 140619324303104] (13)Permission denied: [client 203.133.169.112:49656] AH00529: /var/www/vhosts/saratogahistory.com/httpdocs/phpBB/.htaccess pcfg_openfile: unable to check htaccess file, ensure it is readable and that '/var/www/vhosts/saratogahistory.com/httpdocs/phpBB/' is executable
[Sat Sep 05 13:18:05.493030 2020] [core:crit] [pid 32352:tid 140619313813248] (13)Permission denied: [client 203.133.169.112:49896] AH00529: /var/www/vhosts/saratogahistory.com/httpdocs/phpBB/.htaccess pcfg_openfile: unable to check htaccess file, ensure it is readable and that '/var/www/vhosts/saratogahistory.com/httpdocs/phpBB/' is executable
[Sat Sep 05 13:18:11.352908 2020] [core:crit] [pid 32325:tid 140619355772672] (13)Permission denied: [client 203.133.169.112:50184] AH00529: /var/www/vhosts/saratogahistory.com/httpdocs/phpBB/.htaccess pcfg_openfile: unable to check htaccess file, ensure it is readable and that '/var/www/vhosts/saratogahistory.com/httpdocs/phpBB/' is executable
[Sat Sep 05 13:18:17.441764 2020] [core:crit] [pid 6888:tid 140619229894400] (13)Permission denied: [client 203.133.169.112:50450] AH00529: /var/www/vhosts/saratogahistory.com/httpdocs/phpBB/.htaccess pcfg_openfile: unable to check htaccess file, ensure it is readable and that '/var/www/vhosts/saratogahistory.com/httpdocs/phpBB/' is executable
[Sat Sep 05 13:18:22.332034 2020] [core:crit] [pid 6888:tid 140619282343680] (13)Permission denied: [client 203.133.169.112:50626] AH00529: /var/www/vhosts/saratogahistory.com/httpdocs/phpBB/.htaccess pcfg_openfile: unable to check htaccess file, ensure it is readable and that '/var/www/vhosts/saratogahistory.com/httpdocs/phpBB/' is executable
[Sat Sep 05 13:18:28.374422 2020] [core:crit] [pid 6888:tid 140619261363968] (13)Permission denied: [client 203.133.169.112:50836] AH00529: /var/www/vhosts/saratogahistory.com/httpdocs/phpBB/.htaccess pcfg_openfile: unable to check htaccess file, ensure it is readable and that '/var/www/vhosts/saratogahistory.com/httpdocs/phpBB/' is executable
[Sat Sep 05 13:18:33.387997 2020] [core:crit] [pid 32352:tid 140619240384256] (13)Permission denied: [client 203.133.169.112:51036] AH00529: /var/www/vhosts/saratogahistory.com/httpdocs/phpBB/.htaccess pcfg_openfile: unable to check htaccess file, ensure it is readable and that '/var/www/vhosts/saratogahistory.com/httpdocs/phpBB/' is executable
[Sat Sep 05 13:18:38.284203 2020] [core:crit] [pid 6888:tid 140619187934976] (13)Permission denied: [client 203.133.169.112:51212] AH00529: /var/www/vhosts/saratogahistory.com/httpdocs/phpBB/.htaccess pcfg_openfile: unable to check htaccess file, ensure it is readable and that '/var/www/vhosts/saratogahistory.com/httpdocs/phpBB/' is executable
[Sat Sep 05 13:18:43.491747 2020] [core:crit] [pid 6888:tid 140619240384256] (13)Permission denied: [client 203.133.169.112:51386] AH00529: /var/www/vhosts/saratogahistory.com/httpdocs/phpBB/.htaccess pcfg_openfile: unable to check htaccess file, ensure it is readable and that '/var/www/vhosts/saratogahistory.com/httpdocs/phpBB/' is executable
[Sat Sep 05 13:18:48.517782 2020] [core:crit] [pid 32325:tid 140619229894400] (13)Permission denied: [client 203.133.169.112:51548] AH00529: /var/www/vhosts/saratogahistory.com/httpdocs/phpBB/.htaccess pcfg_openfile: unable to check htaccess file, ensure it is readable and that '/var/www/vhosts/saratogahistory.com/httpdocs/phpBB/' is executable
[Sat Sep 05 13:18:53.408242 2020] [core:crit] [pid 6888:tid 140619208914688] (13)Permission denied: [client 203.133.169.112:51730] AH00529: /var/www/vhosts/saratogahistory.com/httpdocs/phpBB/.htaccess pcfg_openfile: unable to check htaccess file, ensure it is readable and that '/var/www/vhosts/saratogahistory.com/httpdocs/phpBB/' is executable
[Sat Sep 05 13:18:58.436609 2020] [core:crit] [pid 32325:tid 140619124995840] (13)Permission denied: [client 203.133.169.112:51948] AH00529: /var/www/vhosts/saratogahistory.com/httpdocs/phpBB/.htaccess pcfg_openfile: unable to check htaccess file, ensure it is readable and that '/var/www/vhosts/saratogahistory.com/httpdocs/phpBB/' is executable
[Sat Sep 05 13:19:03.457375 2020] [core:crit] [pid 6888:tid 140619145975552] (13)Permission denied: [client 203.133.169.112:52134] AH00529: /var/www/vhosts/saratogahistory.com/httpdocs/phpBB/.htaccess pcfg_openfile: unable to check htaccess file, ensure it is readable and that '/var/www/vhosts/saratogahistory.com/httpdocs/phpBB/' is executable
[Sat Sep 05 13:19:08.348588 2020] [core:crit] [pid 32352:tid 140619261363968] (13)Permission denied: [client 203.133.169.112:52402] AH00529: /var/www/vhosts/saratogahistory.com/httpdocs/phpBB/.htaccess pcfg_openfile: unable to check htaccess file, ensure it is readable and that '/var/www/vhosts/saratogahistory.com/httpdocs/phpBB/' is executable
[Sat Sep 05 13:19:13.249379 2020] [core:crit] [pid 6888:tid 140619219404544] (13)Permission denied: [client 203.133.169.112:52626] AH00529: /var/www/vhosts/saratogahistory.com/httpdocs/phpBB/.htaccess pcfg_openfile: unable to check htaccess file, ensure it is readable and that '/var/www/vhosts/saratogahistory.com/httpdocs/phpBB/' is executable
[Sat Sep 05 13:19:18.403546 2020] [core:crit] [pid 6888:tid 140619355772672] (13)Permission denied: [client 203.133.169.112:52900] AH00529: /var/www/vhosts/saratogahistory.com/httpdocs/phpBB/.htaccess pcfg_openfile: unable to check htaccess file, ensure it is readable and that '/var/www/vhosts/saratogahistory.com/httpdocs/phpBB/' is executable
[Sat Sep 05 13:19:23.298964 2020] [core:crit] [pid 6888:tid 140619156465408] (13)Permission denied: [client 203.133.169.112:53100] AH00529: /var/www/vhosts/saratogahistory.com/httpdocs/phpBB/.htaccess pcfg_openfile: unable to check htaccess file, ensure it is readable and that '/var/www/vhosts/saratogahistory.com/httpdocs/phpBB/' is executable
[Sat Sep 05 13:19:28.308076 2020] [core:crit] [pid 6888:tid 140619166955264] (13)Permission denied: [client 203.133.169.112:53256] AH00529: /var/www/vhosts/saratogahistory.com/httpdocs/phpBB/.htaccess pcfg_openfile: unable to check htaccess file, ensure it is readable and that '/var/www/vhosts/saratogahistory.com/httpdocs/phpBB/' is executable
[Sat Sep 05 13:19:33.325688 2020] [core:crit] [pid 32352:tid 140619355772672] (13)Permission denied: [client 203.133.169.112:53424] AH00529: /var/www/vhosts/saratogahistory.com/httpdocs/phpBB/.htaccess pcfg_openfile: unable to check htaccess file, ensure it is readable and that '/var/www/vhosts/saratogahistory.com/httpdocs/phpBB/' is executable
[Sat Sep 05 13:19:38.346321 2020] [core:crit] [pid 6888:tid 140619124995840] (13)Permission denied: [client 203.133.169.112:53616] AH00529: /var/www/vhosts/saratogahistory.com/httpdocs/phpBB/.htaccess pcfg_openfile: unable to check htaccess file, ensure it is readable and that '/var/www/vhosts/saratogahistory.com/httpdocs/phpBB/' is executable
[Sat Sep 05 13:19:43.246131 2020] [core:crit] [pid 32352:tid 140619208914688] (13)Permission denied: [client 203.133.169.112:53778] AH00529: /var/www/vhosts/saratogahistory.com/httpdocs/phpBB/.htaccess pcfg_openfile: unable to check htaccess file, ensure it is readable and that '/var/www/vhosts/saratogahistory.com/httpdocs/phpBB/' is executable
[Sat Sep 05 13:19:48.118567 2020] [core:crit] [pid 32322:tid 140619219404544] (13)Permission denied: [client 203.133.169.112:53942] AH00529: /var/www/vhosts/saratogahistory.com/httpdocs/phpBB/.htaccess pcfg_openfile: unable to check htaccess file, ensure it is readable and that '/var/www/vhosts/saratogahistory.com/httpdocs/phpBB/' is executable
[Sat Sep 05 13:19:53.019167 2020] [core:crit] [pid 32352:tid 140619334792960] (13)Permission denied: [client 203.133.169.112:54116] AH00529: /var/www/vhosts/saratogahistory.com/httpdocs/phpBB/.htaccess pcfg_openfile: unable to check htaccess file, ensure it is readable and that '/var/www/vhosts/saratogahistory.com/httpdocs/phpBB/' is executable
[Sat Sep 05 13:19:58.049113 2020] [core:crit] [pid 32325:tid 140619177445120] (13)Permission denied: [client 203.133.169.112:54328] AH00529: /var/www/vhosts/saratogahistory.com/httpdocs/phpBB/.htaccess pcfg_openfile: unable to check htaccess file, ensure it is readable and that '/var/www/vhosts/saratogahistory.com/httpdocs/phpBB/' is executable
[Sat Sep 05 13:20:03.056431 2020] [core:crit] [pid 32322:tid 140619229894400] (13)Permission denied: [client 203.133.169.112:54700] AH00529: /var/www/vhosts/saratogahistory.com/httpdocs/phpBB/.htaccess pcfg_openfile: unable to check htaccess file, ensure it is readable and that '/var/www/vhosts/saratogahistory.com/httpdocs/phpBB/' is executable
[Sat Sep 05 13:20:07.981246 2020] [core:crit] [pid 6888:tid 140619376752384] (13)Permission denied: [client 203.133.169.112:55070] AH00529: /var/www/vhosts/saratogahistory.com/httpdocs/phpBB/.htaccess pcfg_openfile: unable to check htaccess file, ensure it is readable and that '/var/www/vhosts/saratogahistory.com/httpdocs/phpBB/' is executable
[Sat Sep 05 13:20:12.985695 2020] [core:crit] [pid 6888:tid 140619313813248] (13)Permission denied: [client 203.133.169.112:55306] AH00529: /var/www/vhosts/saratogahistory.com/httpdocs/phpBB/.htaccess pcfg_openfile: unable to check htaccess file, ensure it is readable and that '/var/www/vhosts/saratogahistory.com/httpdocs/phpBB/' is executable
[Sat Sep 05 13:20:17.999767 2020] [core:crit] [pid 6888:tid 140619334792960] (13)Permission denied: [client 203.133.169.112:55512] AH00529: /var/www/vhosts/saratogahistory.com/httpdocs/phpBB/.htaccess pcfg_openfile: unable to check htaccess file, ensure it is readable and that '/var/www/vhosts/saratogahistory.com/httpdocs/phpBB/' is executable
[Sat Sep 05 13:20:22.886585 2020] [core:crit] [pid 6888:tid 140619271853824] (13)Permission denied: [client 203.133.169.112:55742] AH00529: /var/www/vhosts/saratogahistory.com/httpdocs/phpBB/.htaccess pcfg_openfile: unable to check htaccess file, ensure it is readable and that '/var/www/vhosts/saratogahistory.com/httpdocs/phpBB/' is executable
[Sat Sep 05 13:20:28.094587 2020] [core:crit] [pid 6888:tid 140619303323392] (13)Permission denied: [client 203.133.169.112:55958] AH00529: /var/www/vhosts/saratogahistory.com/httpdocs/phpBB/.htaccess pcfg_openfile: unable to check htaccess file, ensure it is readable and that '/var/www/vhosts/saratogahistory.com/httpdocs/phpBB/' is executable
[Sat Sep 05 13:20:32.978794 2020] [core:crit] [pid 6888:tid 140619366262528] (13)Permission denied: [client 203.133.169.112:56146] AH00529: /var/www/vhosts/saratogahistory.com/httpdocs/phpBB/.htaccess pcfg_openfile: unable to check htaccess file, ensure it is readable and that '/var/www/vhosts/saratogahistory.com/httpdocs/phpBB/' is executable
[Sat Sep 05 13:20:38.130989 2020] [core:crit] [pid 32352:tid 140619250874112] (13)Permission denied: [client 203.133.169.112:56320] AH00529: /var/www/vhosts/saratogahistory.com/httpdocs/phpBB/.htaccess pcfg_openfile: unable to check htaccess file, ensure it is readable and that '/var/www/vhosts/saratogahistory.com/httpdocs/phpBB/' is executable
[Sat Sep 05 13:20:43.025972 2020] [core:crit] [pid 6888:tid 140619345282816] (13)Permission denied: [client 203.133.169.112:56472] AH00529: /var/www/vhosts/saratogahistory.com/httpdocs/phpBB/.htaccess pcfg_openfile: unable to check htaccess file, ensure it is readable and that '/var/www/vhosts/saratogahistory.com/httpdocs/phpBB/' is executable
[Sat Sep 05 13:20:48.064946 2020] [core:crit] [pid 6888:tid 140619198424832] (13)Permission denied: [client 203.133.169.112:56646] AH00529: /var/www/vhosts/saratogahistory.com/httpdocs/phpBB/.htaccess pcfg_openfile: unable to check htaccess file, ensure it is readable and that '/var/www/vhosts/saratogahistory.com/httpdocs/phpBB/' is executable
[Sat Sep 05 13:20:53.090229 2020] [core:crit] [pid 6888:tid 140619324303104] (13)Permission denied: [client 203.133.169.112:56810] AH00529: /var/www/vhosts/saratogahistory.com/httpdocs/phpBB/.htaccess pcfg_openfile: unable to check htaccess file, ensure it is readable and that '/var/www/vhosts/saratogahistory.com/httpdocs/phpBB/' is executable
[Sat Sep 05 13:20:57.997087 2020] [core:crit] [pid 6888:tid 140619250874112] (13)Permission denied: [client 203.133.169.112:56962] AH00529: /var/www/vhosts/saratogahistory.com/httpdocs/phpBB/.htaccess pcfg_openfile: unable to check htaccess file, ensure it is readable and that '/var/www/vhosts/saratogahistory.com/httpdocs/phpBB/' is executable
[Sat Sep 05 13:21:02.889197 2020] [core:crit] [pid 32352:tid 140619376752384] (13)Permission denied: [client 203.133.169.112:57250] AH00529: /var/www/vhosts/saratogahistory.com/httpdocs/phpBB/.htaccess pcfg_openfile: unable to check htaccess file, ensure it is readable and that '/var/www/vhosts/saratogahistory.com/httpdocs/phpBB/' is executable
[Sat Sep 05 13:21:07.782406 2020] [core:crit] [pid 6888:tid 140619229894400] (13)Permission denied: [client 203.133.169.112:57424] AH00529: /var/www/vhosts/saratogahistory.com/httpdocs/phpBB/.htaccess pcfg_openfile: unable to check htaccess file, ensure it is readable and that '/var/www/vhosts/saratogahistory.com/httpdocs/phpBB/' is executable
[Sat Sep 05 13:21:12.810458 2020] [core:crit] [pid 32325:tid 140619156465408] (13)Permission denied: [client 203.133.169.112:57576] AH00529: /var/www/vhosts/saratogahistory.com/httpdocs/phpBB/.htaccess pcfg_openfile: unable to check htaccess file, ensure it is readable and that '/var/www/vhosts/saratogahistory.com/httpdocs/phpBB/' is executable
[Sat Sep 05 13:21:17.814562 2020] [core:crit] [pid 6888:tid 140619282343680] (13)Permission denied: [client 203.133.169.112:57746] AH00529: /var/www/vhosts/saratogahistory.com/httpdocs/phpBB/.htaccess pcfg_openfile: unable to check htaccess file, ensure it is readable and that '/var/www/vhosts/saratogahistory.com/httpdocs/phpBB/' is executable
[Sat Sep 05 13:21:22.736686 2020] [core:crit] [pid 6888:tid 140619261363968] (13)Permission denied: [client 203.133.169.112:57928] AH00529: /var/www/vhosts/saratogahistory.com/httpdocs/phpBB/.htaccess pcfg_openfile: unable to check htaccess file, ensure it is readable and that '/var/www/vhosts/saratogahistory.com/httpdocs/phpBB/' is executable
[Sat Sep 05 13:21:27.673718 2020] [core:crit] [pid 32352:tid 140619366262528] (13)Permission denied: [client 203.133.169.112:58084] AH00529: /var/www/vhosts/saratogahistory.com/httpdocs/phpBB/.htaccess pcfg_openfile: unable to check htaccess file, ensure it is readable and that '/var/www/vhosts/saratogahistory.com/httpdocs/phpBB/' is executable
[Sat Sep 05 13:21:32.568370 2020] [core:crit] [pid 32352:tid 140619229894400] (13)Permission denied: [client 203.133.169.112:58264] AH00529: /var/www/vhosts/saratogahistory.com/httpdocs/phpBB/.htaccess pcfg_openfile: unable to check htaccess file, ensure it is readable and that '/var/www/vhosts/saratogahistory.com/httpdocs/phpBB/' is executable
[Sat Sep 05 13:21:37.584343 2020] [core:crit] [pid 6888:tid 140619187934976] (13)Permission denied: [client 203.133.169.112:58396] AH00529: /var/www/vhosts/saratogahistory.com/httpdocs/phpBB/.htaccess pcfg_openfile: unable to check htaccess file, ensure it is readable and that '/var/www/vhosts/saratogahistory.com/httpdocs/phpBB/' is executable
[Sat Sep 05 13:21:42.514099 2020] [core:crit] [pid 6888:tid 140619240384256] (13)Permission denied: [client 203.133.169.112:58532] AH00529: /var/www/vhosts/saratogahistory.com/httpdocs/phpBB/.htaccess pcfg_openfile: unable to check htaccess file, ensure it is readable and that '/var/www/vhosts/saratogahistory.com/httpdocs/phpBB/' is executable
[Sat Sep 05 13:21:47.544624 2020] [core:crit] [pid 32352:tid 140619187934976] (13)Permission denied: [client 203.133.169.112:58720] AH00529: /var/www/vhosts/saratogahistory.com/httpdocs/phpBB/.htaccess pcfg_openfile: unable to check htaccess file, ensure it is readable and that '/var/www/vhosts/saratogahistory.com/httpdocs/phpBB/' is executable
[Sat Sep 05 13:21:52.584866 2020] [core:crit] [pid 32352:tid 140619219404544] (13)Permission denied: [client 203.133.169.112:58888] AH00529: /var/www/vhosts/saratogahistory.com/httpdocs/phpBB/.htaccess pcfg_openfile: unable to check htaccess file, ensure it is readable and that '/var/www/vhosts/saratogahistory.com/httpdocs/phpBB/' is executable
[Sat Sep 05 13:21:57.482699 2020] [core:crit] [pid 6888:tid 140619208914688] (13)Permission denied: [client 203.133.169.112:59068] AH00529: /var/www/vhosts/saratogahistory.com/httpdocs/phpBB/.htaccess pcfg_openfile: unable to check htaccess file, ensure it is readable and that '/var/www/vhosts/saratogahistory.com/httpdocs/phpBB/' is executable
[Sat Sep 05 13:38:42.019198 2020] [core:crit] [pid 32352:tid 140619292833536] (13)Permission denied: [client 89.31.57.5:42210] AH00529: /var/www/vhosts/saratogahistory.com/httpdocs/phpBB/.htaccess pcfg_openfile: unable to check htaccess file, ensure it is readable and that '/var/www/vhosts/saratogahistory.com/httpdocs/phpBB/' is executable, referer: http://www.saratogahistory.com/phpBB/index.php
[Sat Sep 05 13:41:33.250312 2020] [core:crit] [pid 6888:tid 140619282343680] (13)Permission denied: [client 37.115.152.160:48910] AH00529: /var/www/vhosts/saratogahistory.com/httpdocs/phpBB/.htaccess pcfg_openfile: unable to check htaccess file, ensure it is readable and that '/var/www/vhosts/saratogahistory.com/httpdocs/phpBB/' is executable, referer: http://www.saratogahistory.com/phpBB/index.php
[Sat Sep 05 13:48:11.639908 2020] [core:crit] [pid 6888:tid 140619177445120] (13)Permission denied: [client 217.107.194.74:36648] AH00529: /var/www/vhosts/saratogahistory.com/httpdocs/phpBB/.htaccess pcfg_openfile: unable to check htaccess file, ensure it is readable and that '/var/www/vhosts/saratogahistory.com/httpdocs/phpBB/' is executable, referer: http://www.saratogahistory.com/phpBB/index.php
[Sat Sep 05 13:48:13.823128 2020] [proxy_fcgi:error] [pid 32352:tid 140619240384256] [client 217.107.194.74:36750] AH01071: Got error 'Primary script unknown\n', referer: http://www.saratogahistory.com/index.php
[Sat Sep 05 13:48:14.293913 2020] [proxy_fcgi:error] [pid 6888:tid 140619292833536] [client 217.107.194.74:36766] AH01071: Got error 'Primary script unknown\n', referer: http://www.saratogahistory.com/index.php
[Sat Sep 05 13:48:14.797571 2020] [proxy_fcgi:error] [pid 32352:tid 140619261363968] [client 217.107.194.74:36800] AH01071: Got error 'Primary script unknown\n', referer: http://www.saratogahistory.com/index.php
[Sat Sep 05 13:55:50.601089 2020] [core:crit] [pid 6888:tid 140619271853824] (13)Permission denied: [client 185.25.35.8:53592] AH00529: /var/www/vhosts/saratogahistory.com/httpdocs/phpBB/.htaccess pcfg_openfile: unable to check htaccess file, ensure it is readable and that '/var/www/vhosts/saratogahistory.com/httpdocs/phpBB/' is executable
[Sat Sep 05 13:57:40.895334 2020] [core:crit] [pid 6888:tid 140619198424832] (13)Permission denied: [client 81.17.16.148:56906] AH00529: /var/www/vhosts/saratogahistory.com/httpdocs/phpBB/.htaccess pcfg_openfile: unable to check htaccess file, ensure it is readable and that '/var/www/vhosts/saratogahistory.com/httpdocs/phpBB/' is executable, referer: http://www.saratogahistory.com/phpBB/index.php
[Sat Sep 05 14:06:32.607295 2020] [core:crit] [pid 6888:tid 140619187934976] (13)Permission denied: [client 178.70.109.15:49228] AH00529: /var/www/vhosts/saratogahistory.com/httpdocs/phpBB/.htaccess pcfg_openfile: unable to check htaccess file, ensure it is readable and that '/var/www/vhosts/saratogahistory.com/httpdocs/phpBB/' is executable, referer: http://www.saratogahistory.com/phpBB/index.php
[Sat Sep 05 14:06:33.829861 2020] [proxy_fcgi:error] [pid 32352:tid 140619135485696] [client 178.70.109.15:49284] AH01071: Got error 'Primary script unknown\n', referer: http://www.saratogahistory.com/index.php
[Sat Sep 05 14:06:34.143534 2020] [proxy_fcgi:error] [pid 32352:tid 140619198424832] [client 178.70.109.15:49316] AH01071: Got error 'Primary script unknown\n', referer: http://www.saratogahistory.com/index.php
[Sat Sep 05 14:06:34.438874 2020] [proxy_fcgi:error] [pid 32352:tid 140619292833536] [client 178.70.109.15:49338] AH01071: Got error 'Primary script unknown\n', referer: http://www.saratogahistory.com/index.php
[Sat Sep 05 14:07:08.906601 2020] [core:crit] [pid 6888:tid 140619219404544] (13)Permission denied: [client 185.25.35.13:50478] AH00529: /var/www/vhosts/saratogahistory.com/httpdocs/phpBB/.htaccess pcfg_openfile: unable to check htaccess file, ensure it is readable and that '/var/www/vhosts/saratogahistory.com/httpdocs/phpBB/' is executable
[Sat Sep 05 14:30:45.878211 2020] [proxy_fcgi:error] [pid 6888:tid 140619261363968] [client 5.39.87.36:48272] AH01071: Got error 'Primary script unknown\n', referer: http://saratogahistory.com/wp-login.php
[Sat Sep 05 15:48:48.885857 2020] [core:crit] [pid 32352:tid 140619229894400] (13)Permission denied: [client 203.133.169.112:52364] AH00529: /var/www/vhosts/saratogahistory.com/httpdocs/phpBB/.htaccess pcfg_openfile: unable to check htaccess file, ensure it is readable and that '/var/www/vhosts/saratogahistory.com/httpdocs/phpBB/' is executable
[Sat Sep 05 15:48:53.904353 2020] [core:crit] [pid 32322:tid 140619355772672] (13)Permission denied: [client 203.133.169.112:52518] AH00529: /var/www/vhosts/saratogahistory.com/httpdocs/phpBB/.htaccess pcfg_openfile: unable to check htaccess file, ensure it is readable and that '/var/www/vhosts/saratogahistory.com/httpdocs/phpBB/' is executable
[Sat Sep 05 15:48:58.937997 2020] [core:crit] [pid 32325:tid 140619124995840] (13)Permission denied: [client 203.133.169.112:52638] AH00529: /var/www/vhosts/saratogahistory.com/httpdocs/phpBB/.htaccess pcfg_openfile: unable to check htaccess file, ensure it is readable and that '/var/www/vhosts/saratogahistory.com/httpdocs/phpBB/' is executable
[Sat Sep 05 15:49:03.829758 2020] [core:crit] [pid 6888:tid 140619124995840] (13)Permission denied: [client 203.133.169.112:52800] AH00529: /var/www/vhosts/saratogahistory.com/httpdocs/phpBB/.htaccess pcfg_openfile: unable to check htaccess file, ensure it is readable and that '/var/www/vhosts/saratogahistory.com/httpdocs/phpBB/' is executable
[Sat Sep 05 15:49:08.896890 2020] [core:crit] [pid 6888:tid 140619292833536] (13)Permission denied: [client 203.133.169.112:53044] AH00529: /var/www/vhosts/saratogahistory.com/httpdocs/phpBB/.htaccess pcfg_openfile: unable to check htaccess file, ensure it is readable and that '/var/www/vhosts/saratogahistory.com/httpdocs/phpBB/' is executable
[Sat Sep 05 15:49:14.143398 2020] [core:crit] [pid 32325:tid 140619177445120] (13)Permission denied: [client 203.133.169.112:53290] AH00529: /var/www/vhosts/saratogahistory.com/httpdocs/phpBB/.htaccess pcfg_openfile: unable to check htaccess file, ensure it is readable and that '/var/www/vhosts/saratogahistory.com/httpdocs/phpBB/' is executable
[Sat Sep 05 15:49:20.220527 2020] [core:crit] [pid 6888:tid 140619376752384] (13)Permission denied: [client 203.133.169.112:53526] AH00529: /var/www/vhosts/saratogahistory.com/httpdocs/phpBB/.htaccess pcfg_openfile: unable to check htaccess file, ensure it is readable and that '/var/www/vhosts/saratogahistory.com/httpdocs/phpBB/' is executable
[Sat Sep 05 15:49:25.092064 2020] [core:crit] [pid 32325:tid 140619156465408] (13)Permission denied: [client 203.133.169.112:53658] AH00529: /var/www/vhosts/saratogahistory.com/httpdocs/phpBB/.htaccess pcfg_openfile: unable to check htaccess file, ensure it is readable and that '/var/www/vhosts/saratogahistory.com/httpdocs/phpBB/' is executable
[Sat Sep 05 15:49:30.142954 2020] [core:crit] [pid 6888:tid 140619313813248] (13)Permission denied: [client 203.133.169.112:53856] AH00529: /var/www/vhosts/saratogahistory.com/httpdocs/phpBB/.htaccess pcfg_openfile: unable to check htaccess file, ensure it is readable and that '/var/www/vhosts/saratogahistory.com/httpdocs/phpBB/' is executable
[Sat Sep 05 15:49:35.068024 2020] [core:crit] [pid 6888:tid 140619334792960] (13)Permission denied: [client 203.133.169.112:54072] AH00529: /var/www/vhosts/saratogahistory.com/httpdocs/phpBB/.htaccess pcfg_openfile: unable to check htaccess file, ensure it is readable and that '/var/www/vhosts/saratogahistory.com/httpdocs/phpBB/' is executable
[Sat Sep 05 15:49:39.949360 2020] [core:crit] [pid 6888:tid 140619271853824] (13)Permission denied: [client 203.133.169.112:54278] AH00529: /var/www/vhosts/saratogahistory.com/httpdocs/phpBB/.htaccess pcfg_openfile: unable to check htaccess file, ensure it is readable and that '/var/www/vhosts/saratogahistory.com/httpdocs/phpBB/' is executable
[Sat Sep 05 15:49:44.972151 2020] [core:crit] [pid 32352:tid 140619187934976] (13)Permission denied: [client 203.133.169.112:54518] AH00529: /var/www/vhosts/saratogahistory.com/httpdocs/phpBB/.htaccess pcfg_openfile: unable to check htaccess file, ensure it is readable and that '/var/www/vhosts/saratogahistory.com/httpdocs/phpBB/' is executable
[Sat Sep 05 15:49:49.854960 2020] [core:crit] [pid 6888:tid 140619303323392] (13)Permission denied: [client 203.133.169.112:54766] AH00529: /var/www/vhosts/saratogahistory.com/httpdocs/phpBB/.htaccess pcfg_openfile: unable to check htaccess file, ensure it is readable and that '/var/www/vhosts/saratogahistory.com/httpdocs/phpBB/' is executable
[Sat Sep 05 15:49:55.094404 2020] [core:crit] [pid 6888:tid 140619366262528] (13)Permission denied: [client 203.133.169.112:55030] AH00529: /var/www/vhosts/saratogahistory.com/httpdocs/phpBB/.htaccess pcfg_openfile: unable to check htaccess file, ensure it is readable and that '/var/www/vhosts/saratogahistory.com/httpdocs/phpBB/' is executable
[Sat Sep 05 15:49:59.997529 2020] [core:crit] [pid 6888:tid 140619345282816] (13)Permission denied: [client 203.133.169.112:55236] AH00529: /var/www/vhosts/saratogahistory.com/httpdocs/phpBB/.htaccess pcfg_openfile: unable to check htaccess file, ensure it is readable and that '/var/www/vhosts/saratogahistory.com/httpdocs/phpBB/' is executable
[Sat Sep 05 15:50:04.882726 2020] [core:crit] [pid 32352:tid 140619219404544] (13)Permission denied: [client 203.133.169.112:55592] AH00529: /var/www/vhosts/saratogahistory.com/httpdocs/phpBB/.htaccess pcfg_openfile: unable to check htaccess file, ensure it is readable and that '/var/www/vhosts/saratogahistory.com/httpdocs/phpBB/' is executable
[Sat Sep 05 15:50:09.761677 2020] [core:crit] [pid 32352:tid 140619345282816] (13)Permission denied: [client 203.133.169.112:55838] AH00529: /var/www/vhosts/saratogahistory.com/httpdocs/phpBB/.htaccess pcfg_openfile: unable to check htaccess file, ensure it is readable and that '/var/www/vhosts/saratogahistory.com/httpdocs/phpBB/' is executable
[Sat Sep 05 15:50:14.795781 2020] [core:crit] [pid 32352:tid 140619166955264] (13)Permission denied: [client 203.133.169.112:56120] AH00529: /var/www/vhosts/saratogahistory.com/httpdocs/phpBB/.htaccess pcfg_openfile: unable to check htaccess file, ensure it is readable and that '/var/www/vhosts/saratogahistory.com/httpdocs/phpBB/' is executable
[Sat Sep 05 15:50:19.812021 2020] [core:crit] [pid 6888:tid 140619198424832] (13)Permission denied: [client 203.133.169.112:56290] AH00529: /var/www/vhosts/saratogahistory.com/httpdocs/phpBB/.htaccess pcfg_openfile: unable to check htaccess file, ensure it is readable and that '/var/www/vhosts/saratogahistory.com/httpdocs/phpBB/' is executable
[Sat Sep 05 15:50:24.704051 2020] [core:crit] [pid 6888:tid 140619324303104] (13)Permission denied: [client 203.133.169.112:56478] AH00529: /var/www/vhosts/saratogahistory.com/httpdocs/phpBB/.htaccess pcfg_openfile: unable to check htaccess file, ensure it is readable and that '/var/www/vhosts/saratogahistory.com/httpdocs/phpBB/' is executable
[Sat Sep 05 15:50:29.800849 2020] [core:crit] [pid 6888:tid 140619250874112] (13)Permission denied: [client 203.133.169.112:56748] AH00529: /var/www/vhosts/saratogahistory.com/httpdocs/phpBB/.htaccess pcfg_openfile: unable to check htaccess file, ensure it is readable and that '/var/www/vhosts/saratogahistory.com/httpdocs/phpBB/' is executable
[Sat Sep 05 15:50:34.695900 2020] [core:crit] [pid 6888:tid 140619229894400] (13)Permission denied: [client 203.133.169.112:57022] AH00529: /var/www/vhosts/saratogahistory.com/httpdocs/phpBB/.htaccess pcfg_openfile: unable to check htaccess file, ensure it is readable and that '/var/www/vhosts/saratogahistory.com/httpdocs/phpBB/' is executable
[Sat Sep 05 15:50:39.735930 2020] [core:crit] [pid 6888:tid 140619282343680] (13)Permission denied: [client 203.133.169.112:57226] AH00529: /var/www/vhosts/saratogahistory.com/httpdocs/phpBB/.htaccess pcfg_openfile: unable to check htaccess file, ensure it is readable and that '/var/www/vhosts/saratogahistory.com/httpdocs/phpBB/' is executable
[Sat Sep 05 15:50:44.625392 2020] [core:crit] [pid 32325:tid 140619145975552] (13)Permission denied: [client 203.133.169.112:57372] AH00529: /var/www/vhosts/saratogahistory.com/httpdocs/phpBB/.htaccess pcfg_openfile: unable to check htaccess file, ensure it is readable and that '/var/www/vhosts/saratogahistory.com/httpdocs/phpBB/' is executable
[Sat Sep 05 15:50:49.540938 2020] [core:crit] [pid 6888:tid 140619240384256] (13)Permission denied: [client 203.133.169.112:57490] AH00529: /var/www/vhosts/saratogahistory.com/httpdocs/phpBB/.htaccess pcfg_openfile: unable to check htaccess file, ensure it is readable and that '/var/www/vhosts/saratogahistory.com/httpdocs/phpBB/' is executable
[Sat Sep 05 15:50:54.446689 2020] [core:crit] [pid 32352:tid 140619145975552] (13)Permission denied: [client 203.133.169.112:57724] AH00529: /var/www/vhosts/saratogahistory.com/httpdocs/phpBB/.htaccess pcfg_openfile: unable to check htaccess file, ensure it is readable and that '/var/www/vhosts/saratogahistory.com/httpdocs/phpBB/' is executable
[Sat Sep 05 15:50:59.463238 2020] [core:crit] [pid 6888:tid 140619208914688] (13)Permission denied: [client 203.133.169.112:57866] AH00529: /var/www/vhosts/saratogahistory.com/httpdocs/phpBB/.htaccess pcfg_openfile: unable to check htaccess file, ensure it is readable and that '/var/www/vhosts/saratogahistory.com/httpdocs/phpBB/' is executable
[Sat Sep 05 15:51:04.688069 2020] [core:crit] [pid 6888:tid 140619145975552] (13)Permission denied: [client 203.133.169.112:58058] AH00529: /var/www/vhosts/saratogahistory.com/httpdocs/phpBB/.htaccess pcfg_openfile: unable to check htaccess file, ensure it is readable and that '/var/www/vhosts/saratogahistory.com/httpdocs/phpBB/' is executable
[Sat Sep 05 15:51:09.702467 2020] [core:crit] [pid 6888:tid 140619219404544] (13)Permission denied: [client 203.133.169.112:58222] AH00529: /var/www/vhosts/saratogahistory.com/httpdocs/phpBB/.htaccess pcfg_openfile: unable to check htaccess file, ensure it is readable and that '/var/www/vhosts/saratogahistory.com/httpdocs/phpBB/' is executable
[Sat Sep 05 15:51:14.730789 2020] [core:crit] [pid 32322:tid 140619135485696] (13)Permission denied: [client 203.133.169.112:58366] AH00529: /var/www/vhosts/saratogahistory.com/httpdocs/phpBB/.htaccess pcfg_openfile: unable to check htaccess file, ensure it is readable and that '/var/www/vhosts/saratogahistory.com/httpdocs/phpBB/' is executable
[Sat Sep 05 15:51:19.623479 2020] [core:crit] [pid 6888:tid 140619355772672] (13)Permission denied: [client 203.133.169.112:58646] AH00529: /var/www/vhosts/saratogahistory.com/httpdocs/phpBB/.htaccess pcfg_openfile: unable to check htaccess file, ensure it is readable and that '/var/www/vhosts/saratogahistory.com/httpdocs/phpBB/' is executable
[Sat Sep 05 15:51:24.517598 2020] [core:crit] [pid 32352:tid 140619177445120] (13)Permission denied: [client 203.133.169.112:58808] AH00529: /var/www/vhosts/saratogahistory.com/httpdocs/phpBB/.htaccess pcfg_openfile: unable to check htaccess file, ensure it is readable and that '/var/www/vhosts/saratogahistory.com/httpdocs/phpBB/' is executable
[Sat Sep 05 15:51:29.390631 2020] [core:crit] [pid 32352:tid 140619135485696] (13)Permission denied: [client 203.133.169.112:59006] AH00529: /var/www/vhosts/saratogahistory.com/httpdocs/phpBB/.htaccess pcfg_openfile: unable to check htaccess file, ensure it is readable and that '/var/www/vhosts/saratogahistory.com/httpdocs/phpBB/' is executable
[Sat Sep 05 15:51:34.401931 2020] [core:crit] [pid 6888:tid 140619166955264] (13)Permission denied: [client 203.133.169.112:59160] AH00529: /var/www/vhosts/saratogahistory.com/httpdocs/phpBB/.htaccess pcfg_openfile: unable to check htaccess file, ensure it is readable and that '/var/www/vhosts/saratogahistory.com/httpdocs/phpBB/' is executable
[Sat Sep 05 15:56:36.141620 2020] [core:crit] [pid 32352:tid 140619124995840] (13)Permission denied: [client 85.248.227.164:42176] AH00529: /var/www/vhosts/saratogahistory.com/httpdocs/phpBB/.htaccess pcfg_openfile: unable to check htaccess file, ensure it is readable and that '/var/www/vhosts/saratogahistory.com/httpdocs/phpBB/' is executable, referer: http://www.saratogahistory.com/phpBB/index.php
[Sat Sep 05 17:16:14.342890 2020] [core:crit] [pid 6888:tid 140619345282816] (13)Permission denied: [client 162.247.74.201:58770] AH00529: /var/www/vhosts/saratogahistory.com/httpdocs/phpBB/.htaccess pcfg_openfile: unable to check htaccess file, ensure it is readable and that '/var/www/vhosts/saratogahistory.com/httpdocs/phpBB/' is executable, referer: http://www.saratogahistory.com/phpBB/index.php
[Sat Sep 05 17:42:55.836222 2020] [core:crit] [pid 6888:tid 140619282343680] (13)Permission denied: [client 203.133.169.112:33406] AH00529: /var/www/vhosts/saratogahistory.com/httpdocs/phpBB/.htaccess pcfg_openfile: unable to check htaccess file, ensure it is readable and that '/var/www/vhosts/saratogahistory.com/httpdocs/phpBB/' is executable
[Sat Sep 05 17:43:00.824300 2020] [core:crit] [pid 6888:tid 140619261363968] (13)Permission denied: [client 203.133.169.112:33538] AH00529: /var/www/vhosts/saratogahistory.com/httpdocs/phpBB/.htaccess pcfg_openfile: unable to check htaccess file, ensure it is readable and that '/var/www/vhosts/saratogahistory.com/httpdocs/phpBB/' is executable
[Sat Sep 05 17:43:05.703983 2020] [core:crit] [pid 32352:tid 140619366262528] (13)Permission denied: [client 203.133.169.112:33760] AH00529: /var/www/vhosts/saratogahistory.com/httpdocs/phpBB/.htaccess pcfg_openfile: unable to check htaccess file, ensure it is readable and that '/var/www/vhosts/saratogahistory.com/httpdocs/phpBB/' is executable
[Sat Sep 05 17:43:10.580248 2020] [core:crit] [pid 6888:tid 140619187934976] (13)Permission denied: [client 203.133.169.112:33944] AH00529: /var/www/vhosts/saratogahistory.com/httpdocs/phpBB/.htaccess pcfg_openfile: unable to check htaccess file, ensure it is readable and that '/var/www/vhosts/saratogahistory.com/httpdocs/phpBB/' is executable
[Sat Sep 05 17:43:15.604246 2020] [core:crit] [pid 6888:tid 140619240384256] (13)Permission denied: [client 203.133.169.112:34140] AH00529: /var/www/vhosts/saratogahistory.com/httpdocs/phpBB/.htaccess pcfg_openfile: unable to check htaccess file, ensure it is readable and that '/var/www/vhosts/saratogahistory.com/httpdocs/phpBB/' is executable
[Sat Sep 05 17:43:20.532347 2020] [core:crit] [pid 6888:tid 140619208914688] (13)Permission denied: [client 203.133.169.112:34318] AH00529: /var/www/vhosts/saratogahistory.com/httpdocs/phpBB/.htaccess pcfg_openfile: unable to check htaccess file, ensure it is readable and that '/var/www/vhosts/saratogahistory.com/httpdocs/phpBB/' is executable
[Sat Sep 05 17:43:25.413693 2020] [core:crit] [pid 6888:tid 140619145975552] (13)Permission denied: [client 203.133.169.112:34450] AH00529: /var/www/vhosts/saratogahistory.com/httpdocs/phpBB/.htaccess pcfg_openfile: unable to check htaccess file, ensure it is readable and that '/var/www/vhosts/saratogahistory.com/httpdocs/phpBB/' is executable
[Sat Sep 05 17:43:30.634639 2020] [core:crit] [pid 32352:tid 140619219404544] (13)Permission denied: [client 203.133.169.112:34700] AH00529: /var/www/vhosts/saratogahistory.com/httpdocs/phpBB/.htaccess pcfg_openfile: unable to check htaccess file, ensure it is readable and that '/var/www/vhosts/saratogahistory.com/httpdocs/phpBB/' is executable
[Sat Sep 05 17:43:36.637834 2020] [core:crit] [pid 6888:tid 140619219404544] (13)Permission denied: [client 203.133.169.112:34928] AH00529: /var/www/vhosts/saratogahistory.com/httpdocs/phpBB/.htaccess pcfg_openfile: unable to check htaccess file, ensure it is readable and that '/var/www/vhosts/saratogahistory.com/httpdocs/phpBB/' is executable
[Sat Sep 05 17:43:41.523881 2020] [core:crit] [pid 6888:tid 140619355772672] (13)Permission denied: [client 203.133.169.112:35100] AH00529: /var/www/vhosts/saratogahistory.com/httpdocs/phpBB/.htaccess pcfg_openfile: unable to check htaccess file, ensure it is readable and that '/var/www/vhosts/saratogahistory.com/httpdocs/phpBB/' is executable
[Sat Sep 05 17:43:46.548406 2020] [core:crit] [pid 6888:tid 140619166955264] (13)Permission denied: [client 203.133.169.112:35244] AH00529: /var/www/vhosts/saratogahistory.com/httpdocs/phpBB/.htaccess pcfg_openfile: unable to check htaccess file, ensure it is readable and that '/var/www/vhosts/saratogahistory.com/httpdocs/phpBB/' is executable
[Sat Sep 05 17:43:51.468249 2020] [core:crit] [pid 6888:tid 140619156465408] (13)Permission denied: [client 203.133.169.112:35412] AH00529: /var/www/vhosts/saratogahistory.com/httpdocs/phpBB/.htaccess pcfg_openfile: unable to check htaccess file, ensure it is readable and that '/var/www/vhosts/saratogahistory.com/httpdocs/phpBB/' is executable
[Sat Sep 05 17:43:56.479095 2020] [core:crit] [pid 6888:tid 140619124995840] (13)Permission denied: [client 203.133.169.112:35582] AH00529: /var/www/vhosts/saratogahistory.com/httpdocs/phpBB/.htaccess pcfg_openfile: unable to check htaccess file, ensure it is readable and that '/var/www/vhosts/saratogahistory.com/httpdocs/phpBB/' is executable
[Sat Sep 05 17:44:01.691403 2020] [core:crit] [pid 6888:tid 140619177445120] (13)Permission denied: [client 203.133.169.112:35812] AH00529: /var/www/vhosts/saratogahistory.com/httpdocs/phpBB/.htaccess pcfg_openfile: unable to check htaccess file, ensure it is readable and that '/var/www/vhosts/saratogahistory.com/httpdocs/phpBB/' is executable
[Sat Sep 05 17:44:06.622854 2020] [core:crit] [pid 6888:tid 140619135485696] (13)Permission denied: [client 203.133.169.112:35970] AH00529: /var/www/vhosts/saratogahistory.com/httpdocs/phpBB/.htaccess pcfg_openfile: unable to check htaccess file, ensure it is readable and that '/var/www/vhosts/saratogahistory.com/httpdocs/phpBB/' is executable
[Sat Sep 05 17:44:11.532965 2020] [core:crit] [pid 32325:tid 140619219404544] (13)Permission denied: [client 203.133.169.112:36134] AH00529: /var/www/vhosts/saratogahistory.com/httpdocs/phpBB/.htaccess pcfg_openfile: unable to check htaccess file, ensure it is readable and that '/var/www/vhosts/saratogahistory.com/httpdocs/phpBB/' is executable
[Sat Sep 05 17:44:16.421948 2020] [core:crit] [pid 32352:tid 140619345282816] (13)Permission denied: [client 203.133.169.112:36298] AH00529: /var/www/vhosts/saratogahistory.com/httpdocs/phpBB/.htaccess pcfg_openfile: unable to check htaccess file, ensure it is readable and that '/var/www/vhosts/saratogahistory.com/httpdocs/phpBB/' is executable
[Sat Sep 05 17:44:21.311617 2020] [core:crit] [pid 32352:tid 140619166955264] (13)Permission denied: [client 203.133.169.112:36400] AH00529: /var/www/vhosts/saratogahistory.com/httpdocs/phpBB/.htaccess pcfg_openfile: unable to check htaccess file, ensure it is readable and that '/var/www/vhosts/saratogahistory.com/httpdocs/phpBB/' is executable
[Sat Sep 05 17:47:53.546417 2020] [core:crit] [pid 6888:tid 140619303323392] (13)Permission denied: [client 185.191.126.241:45446] AH00529: /var/www/vhosts/saratogahistory.com/httpdocs/phpBB/.htaccess pcfg_openfile: unable to check htaccess file, ensure it is readable and that '/var/www/vhosts/saratogahistory.com/httpdocs/phpBB/' is executable, referer: http://www.saratogahistory.com/phpBB/index.php
[Sat Sep 05 17:57:20.041799 2020] [core:crit] [pid 6888:tid 140619282343680] (13)Permission denied: [client 185.25.35.15:39398] AH00529: /var/www/vhosts/saratogahistory.com/httpdocs/phpBB/.htaccess pcfg_openfile: unable to check htaccess file, ensure it is readable and that '/var/www/vhosts/saratogahistory.com/httpdocs/phpBB/' is executable
[Sat Sep 05 18:30:32.327574 2020] [core:crit] [pid 6888:tid 140619219404544] (13)Permission denied: [client 185.25.35.12:37148] AH00529: /var/www/vhosts/saratogahistory.com/httpdocs/phpBB/.htaccess pcfg_openfile: unable to check htaccess file, ensure it is readable and that '/var/www/vhosts/saratogahistory.com/httpdocs/phpBB/' is executable
[Sat Sep 05 19:41:07.065515 2020] [core:crit] [pid 6888:tid 140619240384256] (13)Permission denied: [client 178.184.107.133:53258] AH00529: /var/www/vhosts/saratogahistory.com/httpdocs/phpBB/.htaccess pcfg_openfile: unable to check htaccess file, ensure it is readable and that '/var/www/vhosts/saratogahistory.com/httpdocs/phpBB/' is executable, referer: http://www.saratogahistory.com/phpBB/index.php
[Sat Sep 05 19:48:07.184700 2020] [core:crit] [pid 6888:tid 140619303323392] (13)Permission denied: [client 185.25.35.10:39506] AH00529: /var/www/vhosts/saratogahistory.com/httpdocs/phpBB/.htaccess pcfg_openfile: unable to check htaccess file, ensure it is readable and that '/var/www/vhosts/saratogahistory.com/httpdocs/phpBB/' is executable
[Sat Sep 05 19:58:08.465927 2020] [core:crit] [pid 6888:tid 140619229894400] (13)Permission denied: [client 185.220.101.214:33244] AH00529: /var/www/vhosts/saratogahistory.com/httpdocs/phpBB/.htaccess pcfg_openfile: unable to check htaccess file, ensure it is readable and that '/var/www/vhosts/saratogahistory.com/httpdocs/phpBB/' is executable, referer: http://www.saratogahistory.com/phpBB/index.php
[Sat Sep 05 19:59:39.607433 2020] [core:crit] [pid 32352:tid 140619229894400] (13)Permission denied: [client 185.25.35.12:36280] AH00529: /var/www/vhosts/saratogahistory.com/httpdocs/phpBB/.htaccess pcfg_openfile: unable to check htaccess file, ensure it is readable and that '/var/www/vhosts/saratogahistory.com/httpdocs/phpBB/' is executable
[Sat Sep 05 20:13:59.981380 2020] [core:crit] [pid 6888:tid 140619219404544] (13)Permission denied: [client 203.133.169.112:37912] AH00529: /var/www/vhosts/saratogahistory.com/httpdocs/phpBB/.htaccess pcfg_openfile: unable to check htaccess file, ensure it is readable and that '/var/www/vhosts/saratogahistory.com/httpdocs/phpBB/' is executable
[Sat Sep 05 20:14:04.975583 2020] [core:crit] [pid 32325:tid 140619135485696] (13)Permission denied: [client 203.133.169.112:38110] AH00529: /var/www/vhosts/saratogahistory.com/httpdocs/phpBB/.htaccess pcfg_openfile: unable to check htaccess file, ensure it is readable and that '/var/www/vhosts/saratogahistory.com/httpdocs/phpBB/' is executable
[Sat Sep 05 20:14:09.966975 2020] [core:crit] [pid 32352:tid 140619303323392] (13)Permission denied: [client 203.133.169.112:38354] AH00529: /var/www/vhosts/saratogahistory.com/httpdocs/phpBB/.htaccess pcfg_openfile: unable to check htaccess file, ensure it is readable and that '/var/www/vhosts/saratogahistory.com/httpdocs/phpBB/' is executable
[Sat Sep 05 20:14:14.869065 2020] [core:crit] [pid 32352:tid 140619156465408] (13)Permission denied: [client 203.133.169.112:38556] AH00529: /var/www/vhosts/saratogahistory.com/httpdocs/phpBB/.htaccess pcfg_openfile: unable to check htaccess file, ensure it is readable and that '/var/www/vhosts/saratogahistory.com/httpdocs/phpBB/' is executable
[Sat Sep 05 20:14:19.778021 2020] [core:crit] [pid 32325:tid 140619313813248] (13)Permission denied: [client 203.133.169.112:38782] AH00529: /var/www/vhosts/saratogahistory.com/httpdocs/phpBB/.htaccess pcfg_openfile: unable to check htaccess file, ensure it is readable and that '/var/www/vhosts/saratogahistory.com/httpdocs/phpBB/' is executable
[Sat Sep 05 20:14:24.770540 2020] [core:crit] [pid 6888:tid 140619355772672] (13)Permission denied: [client 203.133.169.112:38898] AH00529: /var/www/vhosts/saratogahistory.com/httpdocs/phpBB/.htaccess pcfg_openfile: unable to check htaccess file, ensure it is readable and that '/var/www/vhosts/saratogahistory.com/httpdocs/phpBB/' is executable
[Sat Sep 05 20:14:29.895359 2020] [core:crit] [pid 6888:tid 140619166955264] (13)Permission denied: [client 203.133.169.112:39110] AH00529: /var/www/vhosts/saratogahistory.com/httpdocs/phpBB/.htaccess pcfg_openfile: unable to check htaccess file, ensure it is readable and that '/var/www/vhosts/saratogahistory.com/httpdocs/phpBB/' is executable
[Sat Sep 05 20:14:34.804292 2020] [core:crit] [pid 6888:tid 140619156465408] (13)Permission denied: [client 203.133.169.112:39302] AH00529: /var/www/vhosts/saratogahistory.com/httpdocs/phpBB/.htaccess pcfg_openfile: unable to check htaccess file, ensure it is readable and that '/var/www/vhosts/saratogahistory.com/httpdocs/phpBB/' is executable
[Sat Sep 05 20:14:39.690236 2020] [core:crit] [pid 32352:tid 140619271853824] (13)Permission denied: [client 203.133.169.112:39424] AH00529: /var/www/vhosts/saratogahistory.com/httpdocs/phpBB/.htaccess pcfg_openfile: unable to check htaccess file, ensure it is readable and that '/var/www/vhosts/saratogahistory.com/httpdocs/phpBB/' is executable
[Sat Sep 05 20:14:44.687857 2020] [core:crit] [pid 32352:tid 140619282343680] (13)Permission denied: [client 203.133.169.112:39568] AH00529: /var/www/vhosts/saratogahistory.com/httpdocs/phpBB/.htaccess pcfg_openfile: unable to check htaccess file, ensure it is readable and that '/var/www/vhosts/saratogahistory.com/httpdocs/phpBB/' is executable
[Sat Sep 05 20:14:49.578354 2020] [core:crit] [pid 6888:tid 140619124995840] (13)Permission denied: [client 203.133.169.112:39718] AH00529: /var/www/vhosts/saratogahistory.com/httpdocs/phpBB/.htaccess pcfg_openfile: unable to check htaccess file, ensure it is readable and that '/var/www/vhosts/saratogahistory.com/httpdocs/phpBB/' is executable
[Sat Sep 05 20:14:54.638680 2020] [core:crit] [pid 6888:tid 140619177445120] (13)Permission denied: [client 203.133.169.112:39844] AH00529: /var/www/vhosts/saratogahistory.com/httpdocs/phpBB/.htaccess pcfg_openfile: unable to check htaccess file, ensure it is readable and that '/var/www/vhosts/saratogahistory.com/httpdocs/phpBB/' is executable
[Sat Sep 05 20:14:59.654926 2020] [core:crit] [pid 6888:tid 140619292833536] (13)Permission denied: [client 203.133.169.112:39990] AH00529: /var/www/vhosts/saratogahistory.com/httpdocs/phpBB/.htaccess pcfg_openfile: unable to check htaccess file, ensure it is readable and that '/var/www/vhosts/saratogahistory.com/httpdocs/phpBB/' is executable
[Sat Sep 05 20:15:04.903411 2020] [core:crit] [pid 6888:tid 140619135485696] (13)Permission denied: [client 203.133.169.112:40408] AH00529: /var/www/vhosts/saratogahistory.com/httpdocs/phpBB/.htaccess pcfg_openfile: unable to check htaccess file, ensure it is readable and that '/var/www/vhosts/saratogahistory.com/httpdocs/phpBB/' is executable
[Sat Sep 05 20:15:09.809887 2020] [core:crit] [pid 6888:tid 140619376752384] (13)Permission denied: [client 203.133.169.112:40676] AH00529: /var/www/vhosts/saratogahistory.com/httpdocs/phpBB/.htaccess pcfg_openfile: unable to check htaccess file, ensure it is readable and that '/var/www/vhosts/saratogahistory.com/httpdocs/phpBB/' is executable
[Sat Sep 05 20:15:14.795605 2020] [core:crit] [pid 6888:tid 140619334792960] (13)Permission denied: [client 203.133.169.112:40792] AH00529: /var/www/vhosts/saratogahistory.com/httpdocs/phpBB/.htaccess pcfg_openfile: unable to check htaccess file, ensure it is readable and that '/var/www/vhosts/saratogahistory.com/httpdocs/phpBB/' is executable
[Sat Sep 05 20:15:19.701281 2020] [core:crit] [pid 6888:tid 140619313813248] (13)Permission denied: [client 203.133.169.112:40980] AH00529: /var/www/vhosts/saratogahistory.com/httpdocs/phpBB/.htaccess pcfg_openfile: unable to check htaccess file, ensure it is readable and that '/var/www/vhosts/saratogahistory.com/httpdocs/phpBB/' is executable
[Sat Sep 05 20:15:24.647053 2020] [core:crit] [pid 6888:tid 140619271853824] (13)Permission denied: [client 203.133.169.112:41146] AH00529: /var/www/vhosts/saratogahistory.com/httpdocs/phpBB/.htaccess pcfg_openfile: unable to check htaccess file, ensure it is readable and that '/var/www/vhosts/saratogahistory.com/httpdocs/phpBB/' is executable
[Sat Sep 05 20:15:29.565656 2020] [core:crit] [pid 6888:tid 140619303323392] (13)Permission denied: [client 203.133.169.112:41306] AH00529: /var/www/vhosts/saratogahistory.com/httpdocs/phpBB/.htaccess pcfg_openfile: unable to check htaccess file, ensure it is readable and that '/var/www/vhosts/saratogahistory.com/httpdocs/phpBB/' is executable
[Sat Sep 05 20:34:12.325157 2020] [core:crit] [pid 6888:tid 140619334792960] (13)Permission denied: [client 185.220.100.241:53672] AH00529: /var/www/vhosts/saratogahistory.com/httpdocs/phpBB/.htaccess pcfg_openfile: unable to check htaccess file, ensure it is readable and that '/var/www/vhosts/saratogahistory.com/httpdocs/phpBB/' is executable, referer: http://www.saratogahistory.com/phpBB/index.php
[Sat Sep 05 21:43:04.349614 2020] [core:crit] [pid 6888:tid 140619376752384] (13)Permission denied: [client 178.159.37.88:33492] AH00529: /var/www/vhosts/saratogahistory.com/httpdocs/phpBB/.htaccess pcfg_openfile: unable to check htaccess file, ensure it is readable and that '/var/www/vhosts/saratogahistory.com/httpdocs/phpBB/' is executable, referer: http://www.saratogahistory.com/phpBB/index.php
[Sat Sep 05 21:43:05.481801 2020] [proxy_fcgi:error] [pid 6888:tid 140619313813248] [client 178.159.37.88:33532] AH01071: Got error 'Primary script unknown\n', referer: http://www.saratogahistory.com/index.php
[Sat Sep 05 21:43:05.762349 2020] [proxy_fcgi:error] [pid 6888:tid 140619271853824] [client 178.159.37.88:33550] AH01071: Got error 'Primary script unknown\n', referer: http://www.saratogahistory.com/index.php
[Sat Sep 05 21:43:06.081152 2020] [proxy_fcgi:error] [pid 32352:tid 140619355772672] [client 178.159.37.88:33564] AH01071: Got error 'Primary script unknown\n', referer: http://www.saratogahistory.com/index.php
[Sat Sep 05 22:34:38.003574 2020] [core:crit] [pid 6888:tid 140619261363968] (13)Permission denied: [client 54.38.81.231:34182] AH00529: /var/www/vhosts/saratogahistory.com/httpdocs/phpBB/.htaccess pcfg_openfile: unable to check htaccess file, ensure it is readable and that '/var/www/vhosts/saratogahistory.com/httpdocs/phpBB/' is executable, referer: http://www.saratogahistory.com/phpBB/index.php
[Sat Sep 05 23:19:16.576253 2020] [core:crit] [pid 6888:tid 140619376752384] (13)Permission denied: [client 203.133.169.112:42602] AH00529: /var/www/vhosts/saratogahistory.com/httpdocs/phpBB/.htaccess pcfg_openfile: unable to check htaccess file, ensure it is readable and that '/var/www/vhosts/saratogahistory.com/httpdocs/phpBB/' is executable
[Sat Sep 05 23:19:21.457464 2020] [core:crit] [pid 6888:tid 140619334792960] (13)Permission denied: [client 203.133.169.112:42834] AH00529: /var/www/vhosts/saratogahistory.com/httpdocs/phpBB/.htaccess pcfg_openfile: unable to check htaccess file, ensure it is readable and that '/var/www/vhosts/saratogahistory.com/httpdocs/phpBB/' is executable
[Sat Sep 05 23:19:26.350516 2020] [core:crit] [pid 32352:tid 140619250874112] (13)Permission denied: [client 203.133.169.112:42994] AH00529: /var/www/vhosts/saratogahistory.com/httpdocs/phpBB/.htaccess pcfg_openfile: unable to check htaccess file, ensure it is readable and that '/var/www/vhosts/saratogahistory.com/httpdocs/phpBB/' is executable
[Sat Sep 05 23:19:31.244910 2020] [core:crit] [pid 32352:tid 140619376752384] (13)Permission denied: [client 203.133.169.112:43152] AH00529: /var/www/vhosts/saratogahistory.com/httpdocs/phpBB/.htaccess pcfg_openfile: unable to check htaccess file, ensure it is readable and that '/var/www/vhosts/saratogahistory.com/httpdocs/phpBB/' is executable
[Sat Sep 05 23:19:36.226964 2020] [core:crit] [pid 6888:tid 140619313813248] (13)Permission denied: [client 203.133.169.112:43326] AH00529: /var/www/vhosts/saratogahistory.com/httpdocs/phpBB/.htaccess pcfg_openfile: unable to check htaccess file, ensure it is readable and that '/var/www/vhosts/saratogahistory.com/httpdocs/phpBB/' is executable
[Sat Sep 05 23:19:41.167200 2020] [core:crit] [pid 32325:tid 140619282343680] (13)Permission denied: [client 203.133.169.112:43484] AH00529: /var/www/vhosts/saratogahistory.com/httpdocs/phpBB/.htaccess pcfg_openfile: unable to check htaccess file, ensure it is readable and that '/var/www/vhosts/saratogahistory.com/httpdocs/phpBB/' is executable
[Sat Sep 05 23:19:46.241684 2020] [core:crit] [pid 6888:tid 140619271853824] (13)Permission denied: [client 203.133.169.112:43624] AH00529: /var/www/vhosts/saratogahistory.com/httpdocs/phpBB/.htaccess pcfg_openfile: unable to check htaccess file, ensure it is readable and that '/var/www/vhosts/saratogahistory.com/httpdocs/phpBB/' is executable
[Sat Sep 05 23:19:51.127636 2020] [core:crit] [pid 6888:tid 140619303323392] (13)Permission denied: [client 203.133.169.112:43838] AH00529: /var/www/vhosts/saratogahistory.com/httpdocs/phpBB/.htaccess pcfg_openfile: unable to check htaccess file, ensure it is readable and that '/var/www/vhosts/saratogahistory.com/httpdocs/phpBB/' is executable
[Sat Sep 05 23:19:56.014299 2020] [core:crit] [pid 32352:tid 140619366262528] (13)Permission denied: [client 203.133.169.112:44088] AH00529: /var/www/vhosts/saratogahistory.com/httpdocs/phpBB/.htaccess pcfg_openfile: unable to check htaccess file, ensure it is readable and that '/var/www/vhosts/saratogahistory.com/httpdocs/phpBB/' is executable
[Sat Sep 05 23:20:01.004849 2020] [core:crit] [pid 6888:tid 140619366262528] (13)Permission denied: [client 203.133.169.112:44246] AH00529: /var/www/vhosts/saratogahistory.com/httpdocs/phpBB/.htaccess pcfg_openfile: unable to check htaccess file, ensure it is readable and that '/var/www/vhosts/saratogahistory.com/httpdocs/phpBB/' is executable
[Sat Sep 05 23:20:05.891803 2020] [core:crit] [pid 32322:tid 140619135485696] (13)Permission denied: [client 203.133.169.112:44638] AH00529: /var/www/vhosts/saratogahistory.com/httpdocs/phpBB/.htaccess pcfg_openfile: unable to check htaccess file, ensure it is readable and that '/var/www/vhosts/saratogahistory.com/httpdocs/phpBB/' is executable
[Sat Sep 05 23:20:10.874431 2020] [core:crit] [pid 6888:tid 140619345282816] (13)Permission denied: [client 203.133.169.112:44788] AH00529: /var/www/vhosts/saratogahistory.com/httpdocs/phpBB/.htaccess pcfg_openfile: unable to check htaccess file, ensure it is readable and that '/var/www/vhosts/saratogahistory.com/httpdocs/phpBB/' is executable
[Sat Sep 05 23:20:15.775269 2020] [core:crit] [pid 32352:tid 140619229894400] (13)Permission denied: [client 203.133.169.112:44950] AH00529: /var/www/vhosts/saratogahistory.com/httpdocs/phpBB/.htaccess pcfg_openfile: unable to check htaccess file, ensure it is readable and that '/var/www/vhosts/saratogahistory.com/httpdocs/phpBB/' is executable
[Sat Sep 05 23:20:20.904364 2020] [core:crit] [pid 6888:tid 140619198424832] (13)Permission denied: [client 203.133.169.112:45218] AH00529: /var/www/vhosts/saratogahistory.com/httpdocs/phpBB/.htaccess pcfg_openfile: unable to check htaccess file, ensure it is readable and that '/var/www/vhosts/saratogahistory.com/httpdocs/phpBB/' is executable
[Sat Sep 05 23:20:25.928322 2020] [core:crit] [pid 32352:tid 140619187934976] (13)Permission denied: [client 203.133.169.112:45354] AH00529: /var/www/vhosts/saratogahistory.com/httpdocs/phpBB/.htaccess pcfg_openfile: unable to check htaccess file, ensure it is readable and that '/var/www/vhosts/saratogahistory.com/httpdocs/phpBB/' is executable
[Sat Sep 05 23:20:30.926291 2020] [core:crit] [pid 6888:tid 140619324303104] (13)Permission denied: [client 203.133.169.112:45458] AH00529: /var/www/vhosts/saratogahistory.com/httpdocs/phpBB/.htaccess pcfg_openfile: unable to check htaccess file, ensure it is readable and that '/var/www/vhosts/saratogahistory.com/httpdocs/phpBB/' is executable
[Sat Sep 05 23:20:35.812750 2020] [core:crit] [pid 6888:tid 140619250874112] (13)Permission denied: [client 203.133.169.112:45648] AH00529: /var/www/vhosts/saratogahistory.com/httpdocs/phpBB/.htaccess pcfg_openfile: unable to check htaccess file, ensure it is readable and that '/var/www/vhosts/saratogahistory.com/httpdocs/phpBB/' is executable
[Sat Sep 05 23:20:40.832899 2020] [core:crit] [pid 32352:tid 140619219404544] (13)Permission denied: [client 203.133.169.112:45876] AH00529: /var/www/vhosts/saratogahistory.com/httpdocs/phpBB/.htaccess pcfg_openfile: unable to check htaccess file, ensure it is readable and that '/var/www/vhosts/saratogahistory.com/httpdocs/phpBB/' is executable
[Sat Sep 05 23:20:45.721179 2020] [core:crit] [pid 6888:tid 140619229894400] (13)Permission denied: [client 203.133.169.112:46086] AH00529: /var/www/vhosts/saratogahistory.com/httpdocs/phpBB/.htaccess pcfg_openfile: unable to check htaccess file, ensure it is readable and that '/var/www/vhosts/saratogahistory.com/httpdocs/phpBB/' is executable
[Sat Sep 05 23:20:50.760817 2020] [core:crit] [pid 32325:tid 140619250874112] (13)Permission denied: [client 203.133.169.112:46294] AH00529: /var/www/vhosts/saratogahistory.com/httpdocs/phpBB/.htaccess pcfg_openfile: unable to check htaccess file, ensure it is readable and that '/var/www/vhosts/saratogahistory.com/httpdocs/phpBB/' is executable
[Sat Sep 05 23:20:55.641935 2020] [core:crit] [pid 6888:tid 140619282343680] (13)Permission denied: [client 203.133.169.112:46408] AH00529: /var/www/vhosts/saratogahistory.com/httpdocs/phpBB/.htaccess pcfg_openfile: unable to check htaccess file, ensure it is readable and that '/var/www/vhosts/saratogahistory.com/httpdocs/phpBB/' is executable
[Sat Sep 05 23:21:00.623075 2020] [core:crit] [pid 32352:tid 140619345282816] (13)Permission denied: [client 203.133.169.112:46594] AH00529: /var/www/vhosts/saratogahistory.com/httpdocs/phpBB/.htaccess pcfg_openfile: unable to check htaccess file, ensure it is readable and that '/var/www/vhosts/saratogahistory.com/httpdocs/phpBB/' is executable
[Sat Sep 05 23:26:32.347184 2020] [core:crit] [pid 32352:tid 140619145975552] (13)Permission denied: [client 91.235.241.141:58496] AH00529: /var/www/vhosts/saratogahistory.com/httpdocs/phpBB/.htaccess pcfg_openfile: unable to check htaccess file, ensure it is readable and that '/var/www/vhosts/saratogahistory.com/httpdocs/phpBB/' is executable, referer: http://www.saratogahistory.com/phpBB/index.php
[Sat Sep 05 23:45:43.842194 2020] [core:crit] [pid 6888:tid 140619250874112] (13)Permission denied: [client 185.25.35.9:44692] AH00529: /var/www/vhosts/saratogahistory.com/httpdocs/phpBB/.htaccess pcfg_openfile: unable to check htaccess file, ensure it is readable and that '/var/www/vhosts/saratogahistory.com/httpdocs/phpBB/' is executable
[Sun Sep 06 00:03:18.321917 2020] [core:crit] [pid 6888:tid 140619376752384] (13)Permission denied: [client 185.220.102.241:56390] AH00529: /var/www/vhosts/saratogahistory.com/httpdocs/phpBB/.htaccess pcfg_openfile: unable to check htaccess file, ensure it is readable and that '/var/www/vhosts/saratogahistory.com/httpdocs/phpBB/' is executable, referer: http://www.saratogahistory.com/phpBB/index.php
[Sun Sep 06 00:17:19.079633 2020] [core:crit] [pid 6888:tid 140619261363968] (13)Permission denied: [client 185.25.35.8:56550] AH00529: /var/www/vhosts/saratogahistory.com/httpdocs/phpBB/.htaccess pcfg_openfile: unable to check htaccess file, ensure it is readable and that '/var/www/vhosts/saratogahistory.com/httpdocs/phpBB/' is executable
[Sun Sep 06 00:33:35.418508 2020] [core:crit] [pid 6888:tid 140619292833536] (13)Permission denied: [client 185.220.102.248:60062] AH00529: /var/www/vhosts/saratogahistory.com/httpdocs/phpBB/.htaccess pcfg_openfile: unable to check htaccess file, ensure it is readable and that '/var/www/vhosts/saratogahistory.com/httpdocs/phpBB/' is executable, referer: http://www.saratogahistory.com/phpBB/index.php
[Sun Sep 06 01:11:01.269928 2020] [core:crit] [pid 6888:tid 140619324303104] (13)Permission denied: [client 185.142.239.49:56516] AH00529: /var/www/vhosts/saratogahistory.com/httpdocs/phpBB/.htaccess pcfg_openfile: unable to check htaccess file, ensure it is readable and that '/var/www/vhosts/saratogahistory.com/httpdocs/phpBB/' is executable, referer: http://www.saratogahistory.com/phpBB/index.php
[Sun Sep 06 01:33:57.843480 2020] [core:crit] [pid 6888:tid 140619156465408] (13)Permission denied: [client 185.25.35.8:48384] AH00529: /var/www/vhosts/saratogahistory.com/httpdocs/phpBB/.htaccess pcfg_openfile: unable to check htaccess file, ensure it is readable and that '/var/www/vhosts/saratogahistory.com/httpdocs/phpBB/' is executable
[Sun Sep 06 01:46:26.836522 2020] [core:crit] [pid 6888:tid 140619334792960] (13)Permission denied: [client 185.25.35.9:53368] AH00529: /var/www/vhosts/saratogahistory.com/httpdocs/phpBB/.htaccess pcfg_openfile: unable to check htaccess file, ensure it is readable and that '/var/www/vhosts/saratogahistory.com/httpdocs/phpBB/' is executable
[Sun Sep 06 02:26:30.609541 2020] [core:crit] [pid 6888:tid 140619324303104] (13)Permission denied: [client 203.133.169.112:34370] AH00529: /var/www/vhosts/saratogahistory.com/httpdocs/phpBB/.htaccess pcfg_openfile: unable to check htaccess file, ensure it is readable and that '/var/www/vhosts/saratogahistory.com/httpdocs/phpBB/' is executable
[Sun Sep 06 02:26:35.614388 2020] [core:crit] [pid 32352:tid 140619250874112] (13)Permission denied: [client 203.133.169.112:34496] AH00529: /var/www/vhosts/saratogahistory.com/httpdocs/phpBB/.htaccess pcfg_openfile: unable to check htaccess file, ensure it is readable and that '/var/www/vhosts/saratogahistory.com/httpdocs/phpBB/' is executable
[Sun Sep 06 02:26:40.520243 2020] [core:crit] [pid 6888:tid 140619250874112] (13)Permission denied: [client 203.133.169.112:34642] AH00529: /var/www/vhosts/saratogahistory.com/httpdocs/phpBB/.htaccess pcfg_openfile: unable to check htaccess file, ensure it is readable and that '/var/www/vhosts/saratogahistory.com/httpdocs/phpBB/' is executable
[Sun Sep 06 02:26:45.526652 2020] [core:crit] [pid 6888:tid 140619229894400] (13)Permission denied: [client 203.133.169.112:34828] AH00529: /var/www/vhosts/saratogahistory.com/httpdocs/phpBB/.htaccess pcfg_openfile: unable to check htaccess file, ensure it is readable and that '/var/www/vhosts/saratogahistory.com/httpdocs/phpBB/' is executable
[Sun Sep 06 02:26:50.525958 2020] [core:crit] [pid 6888:tid 140619282343680] (13)Permission denied: [client 203.133.169.112:34990] AH00529: /var/www/vhosts/saratogahistory.com/httpdocs/phpBB/.htaccess pcfg_openfile: unable to check htaccess file, ensure it is readable and that '/var/www/vhosts/saratogahistory.com/httpdocs/phpBB/' is executable
[Sun Sep 06 02:26:55.584318 2020] [core:crit] [pid 32352:tid 140619376752384] (13)Permission denied: [client 203.133.169.112:35142] AH00529: /var/www/vhosts/saratogahistory.com/httpdocs/phpBB/.htaccess pcfg_openfile: unable to check htaccess file, ensure it is readable and that '/var/www/vhosts/saratogahistory.com/httpdocs/phpBB/' is executable
[Sun Sep 06 02:26:59.230993 2020] [core:crit] [pid 6888:tid 140619261363968] (13)Permission denied: [client 185.107.70.202:35356] AH00529: /var/www/vhosts/saratogahistory.com/httpdocs/phpBB/.htaccess pcfg_openfile: unable to check htaccess file, ensure it is readable and that '/var/www/vhosts/saratogahistory.com/httpdocs/phpBB/' is executable, referer: http://www.saratogahistory.com/phpBB/index.php
[Sun Sep 06 02:27:00.646297 2020] [core:crit] [pid 32352:tid 140619229894400] (13)Permission denied: [client 203.133.169.112:35412] AH00529: /var/www/vhosts/saratogahistory.com/httpdocs/phpBB/.htaccess pcfg_openfile: unable to check htaccess file, ensure it is readable and that '/var/www/vhosts/saratogahistory.com/httpdocs/phpBB/' is executable
[Sun Sep 06 02:27:05.525042 2020] [core:crit] [pid 32325:tid 140619177445120] (13)Permission denied: [client 203.133.169.112:35606] AH00529: /var/www/vhosts/saratogahistory.com/httpdocs/phpBB/.htaccess pcfg_openfile: unable to check htaccess file, ensure it is readable and that '/var/www/vhosts/saratogahistory.com/httpdocs/phpBB/' is executable
[Sun Sep 06 02:27:10.407404 2020] [core:crit] [pid 6888:tid 140619208914688] (13)Permission denied: [client 203.133.169.112:35758] AH00529: /var/www/vhosts/saratogahistory.com/httpdocs/phpBB/.htaccess pcfg_openfile: unable to check htaccess file, ensure it is readable and that '/var/www/vhosts/saratogahistory.com/httpdocs/phpBB/' is executable
[Sun Sep 06 02:27:15.288968 2020] [core:crit] [pid 32325:tid 140619156465408] (13)Permission denied: [client 203.133.169.112:35932] AH00529: /var/www/vhosts/saratogahistory.com/httpdocs/phpBB/.htaccess pcfg_openfile: unable to check htaccess file, ensure it is readable and that '/var/www/vhosts/saratogahistory.com/httpdocs/phpBB/' is executable
[Sun Sep 06 02:27:20.164664 2020] [core:crit] [pid 6888:tid 140619145975552] (13)Permission denied: [client 203.133.169.112:36108] AH00529: /var/www/vhosts/saratogahistory.com/httpdocs/phpBB/.htaccess pcfg_openfile: unable to check htaccess file, ensure it is readable and that '/var/www/vhosts/saratogahistory.com/httpdocs/phpBB/' is executable
[Sun Sep 06 02:27:25.238734 2020] [core:crit] [pid 6888:tid 140619219404544] (13)Permission denied: [client 203.133.169.112:36282] AH00529: /var/www/vhosts/saratogahistory.com/httpdocs/phpBB/.htaccess pcfg_openfile: unable to check htaccess file, ensure it is readable and that '/var/www/vhosts/saratogahistory.com/httpdocs/phpBB/' is executable
[Sun Sep 06 02:27:30.229212 2020] [core:crit] [pid 6888:tid 140619166955264] (13)Permission denied: [client 203.133.169.112:36528] AH00529: /var/www/vhosts/saratogahistory.com/httpdocs/phpBB/.htaccess pcfg_openfile: unable to check htaccess file, ensure it is readable and that '/var/www/vhosts/saratogahistory.com/httpdocs/phpBB/' is executable
[Sun Sep 06 02:27:35.440137 2020] [core:crit] [pid 6888:tid 140619156465408] (13)Permission denied: [client 203.133.169.112:36810] AH00529: /var/www/vhosts/saratogahistory.com/httpdocs/phpBB/.htaccess pcfg_openfile: unable to check htaccess file, ensure it is readable and that '/var/www/vhosts/saratogahistory.com/httpdocs/phpBB/' is executable
[Sun Sep 06 02:27:40.342966 2020] [core:crit] [pid 32352:tid 140619187934976] (13)Permission denied: [client 203.133.169.112:37056] AH00529: /var/www/vhosts/saratogahistory.com/httpdocs/phpBB/.htaccess pcfg_openfile: unable to check htaccess file, ensure it is readable and that '/var/www/vhosts/saratogahistory.com/httpdocs/phpBB/' is executable
[Sun Sep 06 02:27:45.358093 2020] [core:crit] [pid 6888:tid 140619355772672] (13)Permission denied: [client 203.133.169.112:37228] AH00529: /var/www/vhosts/saratogahistory.com/httpdocs/phpBB/.htaccess pcfg_openfile: unable to check htaccess file, ensure it is readable and that '/var/www/vhosts/saratogahistory.com/httpdocs/phpBB/' is executable
[Sun Sep 06 02:27:50.247443 2020] [core:crit] [pid 6888:tid 140619124995840] (13)Permission denied: [client 203.133.169.112:37436] AH00529: /var/www/vhosts/saratogahistory.com/httpdocs/phpBB/.htaccess pcfg_openfile: unable to check htaccess file, ensure it is readable and that '/var/www/vhosts/saratogahistory.com/httpdocs/phpBB/' is executable
[Sun Sep 06 02:27:55.285259 2020] [core:crit] [pid 6888:tid 140619135485696] (13)Permission denied: [client 203.133.169.112:37610] AH00529: /var/www/vhosts/saratogahistory.com/httpdocs/phpBB/.htaccess pcfg_openfile: unable to check htaccess file, ensure it is readable and that '/var/www/vhosts/saratogahistory.com/httpdocs/phpBB/' is executable
[Sun Sep 06 02:28:00.187502 2020] [core:crit] [pid 32325:tid 140619145975552] (13)Permission denied: [client 203.133.169.112:37758] AH00529: /var/www/vhosts/saratogahistory.com/httpdocs/phpBB/.htaccess pcfg_openfile: unable to check htaccess file, ensure it is readable and that '/var/www/vhosts/saratogahistory.com/httpdocs/phpBB/' is executable
[Sun Sep 06 02:28:05.066505 2020] [core:crit] [pid 6888:tid 140619376752384] (13)Permission denied: [client 203.133.169.112:37934] AH00529: /var/www/vhosts/saratogahistory.com/httpdocs/phpBB/.htaccess pcfg_openfile: unable to check htaccess file, ensure it is readable and that '/var/www/vhosts/saratogahistory.com/httpdocs/phpBB/' is executable
[Sun Sep 06 02:28:10.103803 2020] [core:crit] [pid 32352:tid 140619219404544] (13)Permission denied: [client 203.133.169.112:38090] AH00529: /var/www/vhosts/saratogahistory.com/httpdocs/phpBB/.htaccess pcfg_openfile: unable to check htaccess file, ensure it is readable and that '/var/www/vhosts/saratogahistory.com/httpdocs/phpBB/' is executable
[Sun Sep 06 02:28:14.984911 2020] [core:crit] [pid 32325:tid 140619135485696] (13)Permission denied: [client 203.133.169.112:38262] AH00529: /var/www/vhosts/saratogahistory.com/httpdocs/phpBB/.htaccess pcfg_openfile: unable to check htaccess file, ensure it is readable and that '/var/www/vhosts/saratogahistory.com/httpdocs/phpBB/' is executable
[Sun Sep 06 02:28:19.978411 2020] [core:crit] [pid 6888:tid 140619334792960] (13)Permission denied: [client 203.133.169.112:38458] AH00529: /var/www/vhosts/saratogahistory.com/httpdocs/phpBB/.htaccess pcfg_openfile: unable to check htaccess file, ensure it is readable and that '/var/www/vhosts/saratogahistory.com/httpdocs/phpBB/' is executable
[Sun Sep 06 02:28:24.990196 2020] [core:crit] [pid 6888:tid 140619313813248] (13)Permission denied: [client 203.133.169.112:38654] AH00529: /var/www/vhosts/saratogahistory.com/httpdocs/phpBB/.htaccess pcfg_openfile: unable to check htaccess file, ensure it is readable and that '/var/www/vhosts/saratogahistory.com/httpdocs/phpBB/' is executable
[Sun Sep 06 02:28:30.007749 2020] [core:crit] [pid 6888:tid 140619366262528] (13)Permission denied: [client 203.133.169.112:38834] AH00529: /var/www/vhosts/saratogahistory.com/httpdocs/phpBB/.htaccess pcfg_openfile: unable to check htaccess file, ensure it is readable and that '/var/www/vhosts/saratogahistory.com/httpdocs/phpBB/' is executable
[Sun Sep 06 02:28:34.902613 2020] [core:crit] [pid 6888:tid 140619345282816] (13)Permission denied: [client 203.133.169.112:39018] AH00529: /var/www/vhosts/saratogahistory.com/httpdocs/phpBB/.htaccess pcfg_openfile: unable to check htaccess file, ensure it is readable and that '/var/www/vhosts/saratogahistory.com/httpdocs/phpBB/' is executable
[Sun Sep 06 02:28:39.791246 2020] [core:crit] [pid 6888:tid 140619198424832] (13)Permission denied: [client 203.133.169.112:39134] AH00529: /var/www/vhosts/saratogahistory.com/httpdocs/phpBB/.htaccess pcfg_openfile: unable to check htaccess file, ensure it is readable and that '/var/www/vhosts/saratogahistory.com/httpdocs/phpBB/' is executable
[Sun Sep 06 02:28:44.871522 2020] [core:crit] [pid 6888:tid 140619324303104] (13)Permission denied: [client 203.133.169.112:39372] AH00529: /var/www/vhosts/saratogahistory.com/httpdocs/phpBB/.htaccess pcfg_openfile: unable to check htaccess file, ensure it is readable and that '/var/www/vhosts/saratogahistory.com/httpdocs/phpBB/' is executable
[Sun Sep 06 02:28:49.757999 2020] [core:crit] [pid 6888:tid 140619250874112] (13)Permission denied: [client 203.133.169.112:39622] AH00529: /var/www/vhosts/saratogahistory.com/httpdocs/phpBB/.htaccess pcfg_openfile: unable to check htaccess file, ensure it is readable and that '/var/www/vhosts/saratogahistory.com/httpdocs/phpBB/' is executable
[Sun Sep 06 02:28:54.788484 2020] [core:crit] [pid 6888:tid 140619229894400] (13)Permission denied: [client 203.133.169.112:39876] AH00529: /var/www/vhosts/saratogahistory.com/httpdocs/phpBB/.htaccess pcfg_openfile: unable to check htaccess file, ensure it is readable and that '/var/www/vhosts/saratogahistory.com/httpdocs/phpBB/' is executable
[Sun Sep 06 02:32:13.721126 2020] [core:crit] [pid 32352:tid 140619166955264] (13)Permission denied: [client 185.220.101.133:47420] AH00529: /var/www/vhosts/saratogahistory.com/httpdocs/phpBB/.htaccess pcfg_openfile: unable to check htaccess file, ensure it is readable and that '/var/www/vhosts/saratogahistory.com/httpdocs/phpBB/' is executable, referer: http://www.saratogahistory.com/phpBB/index.php
[Sun Sep 06 02:36:29.279791 2020] [core:crit] [pid 32352:tid 140619292833536] (13)Permission denied: [client 66.249.68.57:57832] AH00529: /var/www/vhosts/saratogahistory.com/httpdocs/phpBB/.htaccess pcfg_openfile: unable to check htaccess file, ensure it is readable and that '/var/www/vhosts/saratogahistory.com/httpdocs/phpBB/' is executable
[Sun Sep 06 02:46:14.628817 2020] [core:crit] [pid 32322:tid 140619261363968] (13)Permission denied: [client 66.249.68.55:52410] AH00529: /var/www/vhosts/saratogahistory.com/httpdocs/phpBB/.htaccess pcfg_openfile: unable to check htaccess file, ensure it is readable and that '/var/www/vhosts/saratogahistory.com/httpdocs/phpBB/' is executable
[Sun Sep 06 02:51:43.640405 2020] [proxy_fcgi:error] [pid 6888:tid 140619250874112] [client 46.118.114.118:36860] AH01071: Got error 'Primary script unknown\n'
[Sun Sep 06 03:15:46.172176 2020] [core:crit] [pid 6888:tid 140619345282816] (13)Permission denied: [client 185.220.101.216:35706] AH00529: /var/www/vhosts/saratogahistory.com/httpdocs/phpBB/.htaccess pcfg_openfile: unable to check htaccess file, ensure it is readable and that '/var/www/vhosts/saratogahistory.com/httpdocs/phpBB/' is executable, referer: http://www.saratogahistory.com/phpBB/index.php
[Sun Sep 06 03:16:14.720785 2020] [core:crit] [pid 6888:tid 140619229894400] (13)Permission denied: [client 66.249.68.53:36846] AH00529: /var/www/vhosts/saratogahistory.com/httpdocs/phpBB/.htaccess pcfg_openfile: unable to check htaccess file, ensure it is readable and that '/var/www/vhosts/saratogahistory.com/httpdocs/phpBB/' is executable
[Sun Sep 06 04:27:04.165623 2020] [core:crit] [pid 6888:tid 140619229894400] (13)Permission denied: [client 185.220.101.20:33690] AH00529: /var/www/vhosts/saratogahistory.com/httpdocs/phpBB/.htaccess pcfg_openfile: unable to check htaccess file, ensure it is readable and that '/var/www/vhosts/saratogahistory.com/httpdocs/phpBB/' is executable, referer: http://www.saratogahistory.com/phpBB/index.php
[Sun Sep 06 05:25:09.379731 2020] [core:crit] [pid 32325:tid 140619166955264] (13)Permission denied: [client 66.249.68.57:44486] AH00529: /var/www/vhosts/saratogahistory.com/httpdocs/phpBB/.htaccess pcfg_openfile: unable to check htaccess file, ensure it is readable and that '/var/www/vhosts/saratogahistory.com/httpdocs/phpBB/' is executable
[Sun Sep 06 05:32:14.913535 2020] [core:crit] [pid 32352:tid 140619229894400] (13)Permission denied: [client 203.133.169.112:59862] AH00529: /var/www/vhosts/saratogahistory.com/httpdocs/phpBB/.htaccess pcfg_openfile: unable to check htaccess file, ensure it is readable and that '/var/www/vhosts/saratogahistory.com/httpdocs/phpBB/' is executable
[Sun Sep 06 05:32:19.841186 2020] [core:crit] [pid 32325:tid 140619303323392] (13)Permission denied: [client 203.133.169.112:60038] AH00529: /var/www/vhosts/saratogahistory.com/httpdocs/phpBB/.htaccess pcfg_openfile: unable to check htaccess file, ensure it is readable and that '/var/www/vhosts/saratogahistory.com/httpdocs/phpBB/' is executable
[Sun Sep 06 05:32:24.849939 2020] [core:crit] [pid 6888:tid 140619282343680] (13)Permission denied: [client 203.133.169.112:60210] AH00529: /var/www/vhosts/saratogahistory.com/httpdocs/phpBB/.htaccess pcfg_openfile: unable to check htaccess file, ensure it is readable and that '/var/www/vhosts/saratogahistory.com/httpdocs/phpBB/' is executable
[Sun Sep 06 05:32:29.855983 2020] [core:crit] [pid 6888:tid 140619261363968] (13)Permission denied: [client 203.133.169.112:60444] AH00529: /var/www/vhosts/saratogahistory.com/httpdocs/phpBB/.htaccess pcfg_openfile: unable to check htaccess file, ensure it is readable and that '/var/www/vhosts/saratogahistory.com/httpdocs/phpBB/' is executable
[Sun Sep 06 05:32:34.756683 2020] [core:crit] [pid 6888:tid 140619187934976] (13)Permission denied: [client 203.133.169.112:60636] AH00529: /var/www/vhosts/saratogahistory.com/httpdocs/phpBB/.htaccess pcfg_openfile: unable to check htaccess file, ensure it is readable and that '/var/www/vhosts/saratogahistory.com/httpdocs/phpBB/' is executable
[Sun Sep 06 05:32:39.775132 2020] [core:crit] [pid 6888:tid 140619240384256] (13)Permission denied: [client 203.133.169.112:60828] AH00529: /var/www/vhosts/saratogahistory.com/httpdocs/phpBB/.htaccess pcfg_openfile: unable to check htaccess file, ensure it is readable and that '/var/www/vhosts/saratogahistory.com/httpdocs/phpBB/' is executable
[Sun Sep 06 05:32:45.050703 2020] [core:crit] [pid 32352:tid 140619187934976] (13)Permission denied: [client 203.133.169.112:32772] AH00529: /var/www/vhosts/saratogahistory.com/httpdocs/phpBB/.htaccess pcfg_openfile: unable to check htaccess file, ensure it is readable and that '/var/www/vhosts/saratogahistory.com/httpdocs/phpBB/' is executable
[Sun Sep 06 05:32:49.943984 2020] [core:crit] [pid 6888:tid 140619145975552] (13)Permission denied: [client 203.133.169.112:32956] AH00529: /var/www/vhosts/saratogahistory.com/httpdocs/phpBB/.htaccess pcfg_openfile: unable to check htaccess file, ensure it is readable and that '/var/www/vhosts/saratogahistory.com/httpdocs/phpBB/' is executable
[Sun Sep 06 05:32:54.836714 2020] [core:crit] [pid 6888:tid 140619219404544] (13)Permission denied: [client 203.133.169.112:33172] AH00529: /var/www/vhosts/saratogahistory.com/httpdocs/phpBB/.htaccess pcfg_openfile: unable to check htaccess file, ensure it is readable and that '/var/www/vhosts/saratogahistory.com/httpdocs/phpBB/' is executable
[Sun Sep 06 05:32:59.883528 2020] [core:crit] [pid 32352:tid 140619219404544] (13)Permission denied: [client 203.133.169.112:33388] AH00529: /var/www/vhosts/saratogahistory.com/httpdocs/phpBB/.htaccess pcfg_openfile: unable to check htaccess file, ensure it is readable and that '/var/www/vhosts/saratogahistory.com/httpdocs/phpBB/' is executable
[Sun Sep 06 05:33:04.812391 2020] [core:crit] [pid 6888:tid 140619166955264] (13)Permission denied: [client 203.133.169.112:33590] AH00529: /var/www/vhosts/saratogahistory.com/httpdocs/phpBB/.htaccess pcfg_openfile: unable to check htaccess file, ensure it is readable and that '/var/www/vhosts/saratogahistory.com/httpdocs/phpBB/' is executable
[Sun Sep 06 05:33:09.825633 2020] [core:crit] [pid 32352:tid 140619345282816] (13)Permission denied: [client 203.133.169.112:33854] AH00529: /var/www/vhosts/saratogahistory.com/httpdocs/phpBB/.htaccess pcfg_openfile: unable to check htaccess file, ensure it is readable and that '/var/www/vhosts/saratogahistory.com/httpdocs/phpBB/' is executable
[Sun Sep 06 05:33:14.714644 2020] [core:crit] [pid 6888:tid 140619156465408] (13)Permission denied: [client 203.133.169.112:34156] AH00529: /var/www/vhosts/saratogahistory.com/httpdocs/phpBB/.htaccess pcfg_openfile: unable to check htaccess file, ensure it is readable and that '/var/www/vhosts/saratogahistory.com/httpdocs/phpBB/' is executable
[Sun Sep 06 05:33:19.732643 2020] [core:crit] [pid 32352:tid 140619166955264] (13)Permission denied: [client 203.133.169.112:34450] AH00529: /var/www/vhosts/saratogahistory.com/httpdocs/phpBB/.htaccess pcfg_openfile: unable to check htaccess file, ensure it is readable and that '/var/www/vhosts/saratogahistory.com/httpdocs/phpBB/' is executable
[Sun Sep 06 05:33:24.655759 2020] [core:crit] [pid 6888:tid 140619355772672] (13)Permission denied: [client 203.133.169.112:34680] AH00529: /var/www/vhosts/saratogahistory.com/httpdocs/phpBB/.htaccess pcfg_openfile: unable to check htaccess file, ensure it is readable and that '/var/www/vhosts/saratogahistory.com/httpdocs/phpBB/' is executable
[Sun Sep 06 05:33:29.544424 2020] [core:crit] [pid 6888:tid 140619124995840] (13)Permission denied: [client 203.133.169.112:34868] AH00529: /var/www/vhosts/saratogahistory.com/httpdocs/phpBB/.htaccess pcfg_openfile: unable to check htaccess file, ensure it is readable and that '/var/www/vhosts/saratogahistory.com/httpdocs/phpBB/' is executable
[Sun Sep 06 05:44:33.826245 2020] [core:crit] [pid 32352:tid 140619324303104] (13)Permission denied: [client 185.25.35.10:60394] AH00529: /var/www/vhosts/saratogahistory.com/httpdocs/phpBB/.htaccess pcfg_openfile: unable to check htaccess file, ensure it is readable and that '/var/www/vhosts/saratogahistory.com/httpdocs/phpBB/' is executable
[Sun Sep 06 06:06:58.539871 2020] [core:crit] [pid 6888:tid 140619124995840] (13)Permission denied: [client 184.105.146.50:51894] AH00529: /var/www/vhosts/saratogahistory.com/httpdocs/phpBB/.htaccess pcfg_openfile: unable to check htaccess file, ensure it is readable and that '/var/www/vhosts/saratogahistory.com/httpdocs/phpBB/' is executable, referer: http://www.saratogahistory.com/phpBB/index.php
[Sun Sep 06 06:18:32.354316 2020] [core:crit] [pid 6888:tid 140619198424832] (13)Permission denied: [client 185.25.35.12:51526] AH00529: /var/www/vhosts/saratogahistory.com/httpdocs/phpBB/.htaccess pcfg_openfile: unable to check htaccess file, ensure it is readable and that '/var/www/vhosts/saratogahistory.com/httpdocs/phpBB/' is executable
[Sun Sep 06 06:40:35.409652 2020] [core:crit] [pid 6888:tid 140619166955264] (13)Permission denied: [client 185.220.102.249:45978] AH00529: /var/www/vhosts/saratogahistory.com/httpdocs/phpBB/.htaccess pcfg_openfile: unable to check htaccess file, ensure it is readable and that '/var/www/vhosts/saratogahistory.com/httpdocs/phpBB/' is executable, referer: http://www.saratogahistory.com/phpBB/index.php
[Sun Sep 06 07:07:10.177597 2020] [core:crit] [pid 6888:tid 140619376752384] (13)Permission denied: [client 89.163.143.8:47278] AH00529: /var/www/vhosts/saratogahistory.com/httpdocs/phpBB/.htaccess pcfg_openfile: unable to check htaccess file, ensure it is readable and that '/var/www/vhosts/saratogahistory.com/httpdocs/phpBB/' is executable, referer: http://www.saratogahistory.com/phpBB/index.php
[Sun Sep 06 07:33:33.434506 2020] [core:crit] [pid 32322:tid 140619198424832] (13)Permission denied: [client 185.25.35.13:50844] AH00529: /var/www/vhosts/saratogahistory.com/httpdocs/phpBB/.htaccess pcfg_openfile: unable to check htaccess file, ensure it is readable and that '/var/www/vhosts/saratogahistory.com/httpdocs/phpBB/' is executable
[Sun Sep 06 07:42:38.826870 2020] [core:crit] [pid 6888:tid 140619145975552] (13)Permission denied: [client 196.196.216.152:44974] AH00529: /var/www/vhosts/saratogahistory.com/httpdocs/phpBB/.htaccess pcfg_openfile: unable to check htaccess file, ensure it is readable and that '/var/www/vhosts/saratogahistory.com/httpdocs/phpBB/' is executable, referer: http://www.saratogahistory.com/phpBB/index.php
[Sun Sep 06 07:44:41.795685 2020] [core:crit] [pid 6888:tid 140619219404544] (13)Permission denied: [client 185.25.35.9:50958] AH00529: /var/www/vhosts/saratogahistory.com/httpdocs/phpBB/.htaccess pcfg_openfile: unable to check htaccess file, ensure it is readable and that '/var/www/vhosts/saratogahistory.com/httpdocs/phpBB/' is executable
[Sun Sep 06 08:03:42.428664 2020] [proxy_fcgi:error] [pid 32352:tid 140619156465408] [client 104.131.3.169:41978] AH01071: Got error 'Primary script unknown\n'
[Sun Sep 06 08:27:01.619514 2020] [core:crit] [pid 32352:tid 140619324303104] (13)Permission denied: [client 5.44.169.215:50400] AH00529: /var/www/vhosts/saratogahistory.com/httpdocs/phpBB/.htaccess pcfg_openfile: unable to check htaccess file, ensure it is readable and that '/var/www/vhosts/saratogahistory.com/httpdocs/phpBB/' is executable, referer: http://www.saratogahistory.com/phpBB/
[Sun Sep 06 08:34:04.786993 2020] [core:crit] [pid 6888:tid 140619334792960] (13)Permission denied: [client 185.220.100.254:41134] AH00529: /var/www/vhosts/saratogahistory.com/httpdocs/phpBB/.htaccess pcfg_openfile: unable to check htaccess file, ensure it is readable and that '/var/www/vhosts/saratogahistory.com/httpdocs/phpBB/' is executable, referer: http://www.saratogahistory.com/phpBB/index.php
[Sun Sep 06 09:05:47.110847 2020] [core:crit] [pid 6888:tid 140619219404544] (13)Permission denied: [client 203.133.169.112:38550] AH00529: /var/www/vhosts/saratogahistory.com/httpdocs/phpBB/.htaccess pcfg_openfile: unable to check htaccess file, ensure it is readable and that '/var/www/vhosts/saratogahistory.com/httpdocs/phpBB/' is executable
[Sun Sep 06 09:05:52.138049 2020] [core:crit] [pid 6888:tid 140619166955264] (13)Permission denied: [client 203.133.169.112:38728] AH00529: /var/www/vhosts/saratogahistory.com/httpdocs/phpBB/.htaccess pcfg_openfile: unable to check htaccess file, ensure it is readable and that '/var/www/vhosts/saratogahistory.com/httpdocs/phpBB/' is executable
[Sun Sep 06 09:05:57.036348 2020] [core:crit] [pid 6888:tid 140619156465408] (13)Permission denied: [client 203.133.169.112:38908] AH00529: /var/www/vhosts/saratogahistory.com/httpdocs/phpBB/.htaccess pcfg_openfile: unable to check htaccess file, ensure it is readable and that '/var/www/vhosts/saratogahistory.com/httpdocs/phpBB/' is executable
[Sun Sep 06 09:06:02.069550 2020] [core:crit] [pid 32352:tid 140619303323392] (13)Permission denied: [client 203.133.169.112:39116] AH00529: /var/www/vhosts/saratogahistory.com/httpdocs/phpBB/.htaccess pcfg_openfile: unable to check htaccess file, ensure it is readable and that '/var/www/vhosts/saratogahistory.com/httpdocs/phpBB/' is executable
[Sun Sep 06 09:06:06.946339 2020] [core:crit] [pid 6888:tid 140619355772672] (13)Permission denied: [client 203.133.169.112:39324] AH00529: /var/www/vhosts/saratogahistory.com/httpdocs/phpBB/.htaccess pcfg_openfile: unable to check htaccess file, ensure it is readable and that '/var/www/vhosts/saratogahistory.com/httpdocs/phpBB/' is executable
[Sun Sep 06 09:06:11.834300 2020] [core:crit] [pid 6888:tid 140619124995840] (13)Permission denied: [client 203.133.169.112:39504] AH00529: /var/www/vhosts/saratogahistory.com/httpdocs/phpBB/.htaccess pcfg_openfile: unable to check htaccess file, ensure it is readable and that '/var/www/vhosts/saratogahistory.com/httpdocs/phpBB/' is executable
[Sun Sep 06 09:06:17.057895 2020] [core:crit] [pid 6888:tid 140619177445120] (13)Permission denied: [client 203.133.169.112:39674] AH00529: /var/www/vhosts/saratogahistory.com/httpdocs/phpBB/.htaccess pcfg_openfile: unable to check htaccess file, ensure it is readable and that '/var/www/vhosts/saratogahistory.com/httpdocs/phpBB/' is executable
[Sun Sep 06 09:06:22.090883 2020] [core:crit] [pid 6888:tid 140619292833536] (13)Permission denied: [client 203.133.169.112:39842] AH00529: /var/www/vhosts/saratogahistory.com/httpdocs/phpBB/.htaccess pcfg_openfile: unable to check htaccess file, ensure it is readable and that '/var/www/vhosts/saratogahistory.com/httpdocs/phpBB/' is executable
[Sun Sep 06 09:06:26.972678 2020] [core:crit] [pid 6888:tid 140619135485696] (13)Permission denied: [client 203.133.169.112:40034] AH00529: /var/www/vhosts/saratogahistory.com/httpdocs/phpBB/.htaccess pcfg_openfile: unable to check htaccess file, ensure it is readable and that '/var/www/vhosts/saratogahistory.com/httpdocs/phpBB/' is executable
[Sun Sep 06 09:06:31.924574 2020] [core:crit] [pid 6888:tid 140619376752384] (13)Permission denied: [client 203.133.169.112:40198] AH00529: /var/www/vhosts/saratogahistory.com/httpdocs/phpBB/.htaccess pcfg_openfile: unable to check htaccess file, ensure it is readable and that '/var/www/vhosts/saratogahistory.com/httpdocs/phpBB/' is executable
[Sun Sep 06 09:06:36.810666 2020] [core:crit] [pid 6888:tid 140619334792960] (13)Permission denied: [client 203.133.169.112:40384] AH00529: /var/www/vhosts/saratogahistory.com/httpdocs/phpBB/.htaccess pcfg_openfile: unable to check htaccess file, ensure it is readable and that '/var/www/vhosts/saratogahistory.com/httpdocs/phpBB/' is executable
[Sun Sep 06 09:06:41.851047 2020] [core:crit] [pid 32352:tid 140619156465408] (13)Permission denied: [client 203.133.169.112:40512] AH00529: /var/www/vhosts/saratogahistory.com/httpdocs/phpBB/.htaccess pcfg_openfile: unable to check htaccess file, ensure it is readable and that '/var/www/vhosts/saratogahistory.com/httpdocs/phpBB/' is executable
[Sun Sep 06 09:06:46.859021 2020] [core:crit] [pid 6888:tid 140619313813248] (13)Permission denied: [client 203.133.169.112:40656] AH00529: /var/www/vhosts/saratogahistory.com/httpdocs/phpBB/.htaccess pcfg_openfile: unable to check htaccess file, ensure it is readable and that '/var/www/vhosts/saratogahistory.com/httpdocs/phpBB/' is executable
[Sun Sep 06 09:06:51.931723 2020] [core:crit] [pid 6888:tid 140619303323392] (13)Permission denied: [client 203.133.169.112:40796] AH00529: /var/www/vhosts/saratogahistory.com/httpdocs/phpBB/.htaccess pcfg_openfile: unable to check htaccess file, ensure it is readable and that '/var/www/vhosts/saratogahistory.com/httpdocs/phpBB/' is executable
[Sun Sep 06 09:06:56.960989 2020] [core:crit] [pid 32352:tid 140619282343680] (13)Permission denied: [client 203.133.169.112:40938] AH00529: /var/www/vhosts/saratogahistory.com/httpdocs/phpBB/.htaccess pcfg_openfile: unable to check htaccess file, ensure it is readable and that '/var/www/vhosts/saratogahistory.com/httpdocs/phpBB/' is executable
[Sun Sep 06 09:07:01.970766 2020] [core:crit] [pid 6888:tid 140619198424832] (13)Permission denied: [client 203.133.169.112:41082] AH00529: /var/www/vhosts/saratogahistory.com/httpdocs/phpBB/.htaccess pcfg_openfile: unable to check htaccess file, ensure it is readable and that '/var/www/vhosts/saratogahistory.com/httpdocs/phpBB/' is executable
[Sun Sep 06 09:07:07.026129 2020] [core:crit] [pid 6888:tid 140619282343680] (13)Permission denied: [client 203.133.169.112:41262] AH00529: /var/www/vhosts/saratogahistory.com/httpdocs/phpBB/.htaccess pcfg_openfile: unable to check htaccess file, ensure it is readable and that '/var/www/vhosts/saratogahistory.com/httpdocs/phpBB/' is executable
[Sun Sep 06 09:12:26.148938 2020] [core:crit] [pid 6888:tid 140619355772672] (13)Permission denied: [client 196.196.216.152:55234] AH00529: /var/www/vhosts/saratogahistory.com/httpdocs/phpBB/.htaccess pcfg_openfile: unable to check htaccess file, ensure it is readable and that '/var/www/vhosts/saratogahistory.com/httpdocs/phpBB/' is executable, referer: http://www.saratogahistory.com/phpBB/index.php
[Sun Sep 06 09:20:54.977389 2020] [core:crit] [pid 32352:tid 140619219404544] (13)Permission denied: [client 178.159.37.69:48792] AH00529: /var/www/vhosts/saratogahistory.com/httpdocs/phpBB/.htaccess pcfg_openfile: unable to check htaccess file, ensure it is readable and that '/var/www/vhosts/saratogahistory.com/httpdocs/phpBB/' is executable, referer: http://www.saratogahistory.com/phpBB/index.php
[Sun Sep 06 10:32:06.687748 2020] [core:crit] [pid 6888:tid 140619366262528] (13)Permission denied: [client 185.220.100.255:32846] AH00529: /var/www/vhosts/saratogahistory.com/httpdocs/phpBB/.htaccess pcfg_openfile: unable to check htaccess file, ensure it is readable and that '/var/www/vhosts/saratogahistory.com/httpdocs/phpBB/' is executable, referer: http://www.saratogahistory.com/phpBB/index.php
[Sun Sep 06 10:45:14.772772 2020] [core:crit] [pid 6888:tid 140619177445120] (13)Permission denied: [client 185.220.100.247:39712] AH00529: /var/www/vhosts/saratogahistory.com/httpdocs/phpBB/.htaccess pcfg_openfile: unable to check htaccess file, ensure it is readable and that '/var/www/vhosts/saratogahistory.com/httpdocs/phpBB/' is executable, referer: http://www.saratogahistory.com/phpBB/index.php
[Sun Sep 06 10:47:21.506376 2020] [core:crit] [pid 6888:tid 140619303323392] (13)Permission denied: [client 203.133.169.112:45496] AH00529: /var/www/vhosts/saratogahistory.com/httpdocs/phpBB/.htaccess pcfg_openfile: unable to check htaccess file, ensure it is readable and that '/var/www/vhosts/saratogahistory.com/httpdocs/phpBB/' is executable
[Sun Sep 06 10:47:26.560471 2020] [core:crit] [pid 6888:tid 140619345282816] (13)Permission denied: [client 203.133.169.112:45768] AH00529: /var/www/vhosts/saratogahistory.com/httpdocs/phpBB/.htaccess pcfg_openfile: unable to check htaccess file, ensure it is readable and that '/var/www/vhosts/saratogahistory.com/httpdocs/phpBB/' is executable
[Sun Sep 06 10:47:31.594566 2020] [core:crit] [pid 6888:tid 140619366262528] (13)Permission denied: [client 203.133.169.112:45988] AH00529: /var/www/vhosts/saratogahistory.com/httpdocs/phpBB/.htaccess pcfg_openfile: unable to check htaccess file, ensure it is readable and that '/var/www/vhosts/saratogahistory.com/httpdocs/phpBB/' is executable
[Sun Sep 06 10:47:36.603424 2020] [core:crit] [pid 6888:tid 140619198424832] (13)Permission denied: [client 203.133.169.112:46208] AH00529: /var/www/vhosts/saratogahistory.com/httpdocs/phpBB/.htaccess pcfg_openfile: unable to check htaccess file, ensure it is readable and that '/var/www/vhosts/saratogahistory.com/httpdocs/phpBB/' is executable
[Sun Sep 06 10:47:41.485530 2020] [core:crit] [pid 6888:tid 140619324303104] (13)Permission denied: [client 203.133.169.112:46444] AH00529: /var/www/vhosts/saratogahistory.com/httpdocs/phpBB/.htaccess pcfg_openfile: unable to check htaccess file, ensure it is readable and that '/var/www/vhosts/saratogahistory.com/httpdocs/phpBB/' is executable
[Sun Sep 06 10:47:46.426790 2020] [core:crit] [pid 32325:tid 140619187934976] (13)Permission denied: [client 203.133.169.112:46660] AH00529: /var/www/vhosts/saratogahistory.com/httpdocs/phpBB/.htaccess pcfg_openfile: unable to check htaccess file, ensure it is readable and that '/var/www/vhosts/saratogahistory.com/httpdocs/phpBB/' is executable
[Sun Sep 06 10:47:52.708819 2020] [core:crit] [pid 6888:tid 140619250874112] (13)Permission denied: [client 203.133.169.112:46990] AH00529: /var/www/vhosts/saratogahistory.com/httpdocs/phpBB/.htaccess pcfg_openfile: unable to check htaccess file, ensure it is readable and that '/var/www/vhosts/saratogahistory.com/httpdocs/phpBB/' is executable
[Sun Sep 06 10:47:57.626624 2020] [core:crit] [pid 6888:tid 140619229894400] (13)Permission denied: [client 203.133.169.112:47222] AH00529: /var/www/vhosts/saratogahistory.com/httpdocs/phpBB/.htaccess pcfg_openfile: unable to check htaccess file, ensure it is readable and that '/var/www/vhosts/saratogahistory.com/httpdocs/phpBB/' is executable
[Sun Sep 06 10:48:02.538599 2020] [core:crit] [pid 6888:tid 140619261363968] (13)Permission denied: [client 203.133.169.112:47434] AH00529: /var/www/vhosts/saratogahistory.com/httpdocs/phpBB/.htaccess pcfg_openfile: unable to check htaccess file, ensure it is readable and that '/var/www/vhosts/saratogahistory.com/httpdocs/phpBB/' is executable
[Sun Sep 06 10:48:07.437472 2020] [core:crit] [pid 6888:tid 140619187934976] (13)Permission denied: [client 203.133.169.112:47622] AH00529: /var/www/vhosts/saratogahistory.com/httpdocs/phpBB/.htaccess pcfg_openfile: unable to check htaccess file, ensure it is readable and that '/var/www/vhosts/saratogahistory.com/httpdocs/phpBB/' is executable
[Sun Sep 06 10:48:12.465397 2020] [core:crit] [pid 32325:tid 140619219404544] (13)Permission denied: [client 203.133.169.112:47838] AH00529: /var/www/vhosts/saratogahistory.com/httpdocs/phpBB/.htaccess pcfg_openfile: unable to check htaccess file, ensure it is readable and that '/var/www/vhosts/saratogahistory.com/httpdocs/phpBB/' is executable
[Sun Sep 06 10:48:17.565822 2020] [core:crit] [pid 32352:tid 140619177445120] (13)Permission denied: [client 203.133.169.112:48074] AH00529: /var/www/vhosts/saratogahistory.com/httpdocs/phpBB/.htaccess pcfg_openfile: unable to check htaccess file, ensure it is readable and that '/var/www/vhosts/saratogahistory.com/httpdocs/phpBB/' is executable
[Sun Sep 06 10:48:35.085058 2020] [core:crit] [pid 6888:tid 140619240384256] (13)Permission denied: [client 203.133.169.112:48966] AH00529: /var/www/vhosts/saratogahistory.com/httpdocs/phpBB/.htaccess pcfg_openfile: unable to check htaccess file, ensure it is readable and that '/var/www/vhosts/saratogahistory.com/httpdocs/phpBB/' is executable
[Sun Sep 06 10:48:39.981618 2020] [core:crit] [pid 32352:tid 140619145975552] (13)Permission denied: [client 203.133.169.112:49190] AH00529: /var/www/vhosts/saratogahistory.com/httpdocs/phpBB/.htaccess pcfg_openfile: unable to check htaccess file, ensure it is readable and that '/var/www/vhosts/saratogahistory.com/httpdocs/phpBB/' is executable
[Sun Sep 06 10:48:44.894253 2020] [core:crit] [pid 6888:tid 140619208914688] (13)Permission denied: [client 203.133.169.112:49384] AH00529: /var/www/vhosts/saratogahistory.com/httpdocs/phpBB/.htaccess pcfg_openfile: unable to check htaccess file, ensure it is readable and that '/var/www/vhosts/saratogahistory.com/httpdocs/phpBB/' is executable
[Sun Sep 06 10:48:49.782378 2020] [core:crit] [pid 6888:tid 140619145975552] (13)Permission denied: [client 203.133.169.112:49616] AH00529: /var/www/vhosts/saratogahistory.com/httpdocs/phpBB/.htaccess pcfg_openfile: unable to check htaccess file, ensure it is readable and that '/var/www/vhosts/saratogahistory.com/httpdocs/phpBB/' is executable
[Sun Sep 06 10:48:54.672184 2020] [core:crit] [pid 6888:tid 140619219404544] (13)Permission denied: [client 203.133.169.112:49778] AH00529: /var/www/vhosts/saratogahistory.com/httpdocs/phpBB/.htaccess pcfg_openfile: unable to check htaccess file, ensure it is readable and that '/var/www/vhosts/saratogahistory.com/httpdocs/phpBB/' is executable
[Sun Sep 06 10:48:59.699313 2020] [core:crit] [pid 6888:tid 140619166955264] (13)Permission denied: [client 203.133.169.112:49980] AH00529: /var/www/vhosts/saratogahistory.com/httpdocs/phpBB/.htaccess pcfg_openfile: unable to check htaccess file, ensure it is readable and that '/var/www/vhosts/saratogahistory.com/httpdocs/phpBB/' is executable
[Sun Sep 06 10:49:04.713746 2020] [core:crit] [pid 6888:tid 140619156465408] (13)Permission denied: [client 203.133.169.112:50168] AH00529: /var/www/vhosts/saratogahistory.com/httpdocs/phpBB/.htaccess pcfg_openfile: unable to check htaccess file, ensure it is readable and that '/var/www/vhosts/saratogahistory.com/httpdocs/phpBB/' is executable
[Sun Sep 06 11:36:56.848049 2020] [core:crit] [pid 32325:tid 140619156465408] (13)Permission denied: [client 185.25.35.10:58716] AH00529: /var/www/vhosts/saratogahistory.com/httpdocs/phpBB/.htaccess pcfg_openfile: unable to check htaccess file, ensure it is readable and that '/var/www/vhosts/saratogahistory.com/httpdocs/phpBB/' is executable
[Sun Sep 06 12:02:55.553551 2020] [core:crit] [pid 6888:tid 140619271853824] (13)Permission denied: [client 185.220.101.196:45410] AH00529: /var/www/vhosts/saratogahistory.com/httpdocs/phpBB/.htaccess pcfg_openfile: unable to check htaccess file, ensure it is readable and that '/var/www/vhosts/saratogahistory.com/httpdocs/phpBB/' is executable, referer: http://www.saratogahistory.com/phpBB/index.php
[Sun Sep 06 12:11:43.101949 2020] [core:crit] [pid 32352:tid 140619313813248] (13)Permission denied: [client 185.25.35.15:43400] AH00529: /var/www/vhosts/saratogahistory.com/httpdocs/phpBB/.htaccess pcfg_openfile: unable to check htaccess file, ensure it is readable and that '/var/www/vhosts/saratogahistory.com/httpdocs/phpBB/' is executable
[Sun Sep 06 12:19:54.142555 2020] [core:crit] [pid 32352:tid 140619208914688] (13)Permission denied: [client 207.244.70.35:38858] AH00529: /var/www/vhosts/saratogahistory.com/httpdocs/phpBB/.htaccess pcfg_openfile: unable to check htaccess file, ensure it is readable and that '/var/www/vhosts/saratogahistory.com/httpdocs/phpBB/' is executable, referer: http://www.saratogahistory.com/phpBB/index.php
[Sun Sep 06 12:31:02.329660 2020] [core:crit] [pid 6888:tid 140619324303104] (13)Permission denied: [client 162.247.74.74:43100] AH00529: /var/www/vhosts/saratogahistory.com/httpdocs/phpBB/.htaccess pcfg_openfile: unable to check htaccess file, ensure it is readable and that '/var/www/vhosts/saratogahistory.com/httpdocs/phpBB/' is executable, referer: http://www.saratogahistory.com/phpBB/index.php
[Sun Sep 06 12:55:57.572746 2020] [core:crit] [pid 6888:tid 140619345282816] (13)Permission denied: [client 89.187.165.104:33056] AH00529: /var/www/vhosts/saratogahistory.com/httpdocs/phpBB/.htaccess pcfg_openfile: unable to check htaccess file, ensure it is readable and that '/var/www/vhosts/saratogahistory.com/httpdocs/phpBB/' is executable, referer: http://www.saratogahistory.com/phpBB/
[Sun Sep 06 13:02:04.750643 2020] [core:crit] [pid 6888:tid 140619324303104] (13)Permission denied: [client 123.20.63.32:49194] AH00529: /var/www/vhosts/saratogahistory.com/httpdocs/phpBB/.htaccess pcfg_openfile: unable to check htaccess file, ensure it is readable and that '/var/www/vhosts/saratogahistory.com/httpdocs/phpBB/' is executable, referer: http://www.saratogahistory.com/phpBB/index.php
[Sun Sep 06 13:02:33.776094 2020] [proxy_fcgi:error] [pid 32352:tid 140619324303104] [client 123.20.63.32:50554] AH01071: Got error 'Primary script unknown\n', referer: http://www.saratogahistory.com/index.php
[Sun Sep 06 13:03:15.969773 2020] [proxy_fcgi:error] [pid 6888:tid 140619261363968] [client 222.252.110.42:52194] AH01071: Got error 'Primary script unknown\n', referer: http://www.saratogahistory.com/index.php
[Sun Sep 06 13:03:19.905501 2020] [proxy_fcgi:error] [pid 6888:tid 140619187934976] [client 222.252.110.42:52310] AH01071: Got error 'Primary script unknown\n', referer: http://www.saratogahistory.com/index.php
[Sun Sep 06 13:05:24.518991 2020] [core:crit] [pid 6888:tid 140619240384256] (13)Permission denied: [client 146.185.204.66:59040] AH00529: /var/www/vhosts/saratogahistory.com/httpdocs/phpBB/.htaccess pcfg_openfile: unable to check htaccess file, ensure it is readable and that '/var/www/vhosts/saratogahistory.com/httpdocs/phpBB/' is executable, referer: http://www.saratogahistory.com/phpBB/index.php
[Sun Sep 06 13:32:39.008569 2020] [core:crit] [pid 32352:tid 140619124995840] (13)Permission denied: [client 185.25.35.10:50810] AH00529: /var/www/vhosts/saratogahistory.com/httpdocs/phpBB/.htaccess pcfg_openfile: unable to check htaccess file, ensure it is readable and that '/var/www/vhosts/saratogahistory.com/httpdocs/phpBB/' is executable
[Sun Sep 06 13:50:49.231989 2020] [core:crit] [pid 32352:tid 140619145975552] (13)Permission denied: [client 185.25.35.15:43736] AH00529: /var/www/vhosts/saratogahistory.com/httpdocs/phpBB/.htaccess pcfg_openfile: unable to check htaccess file, ensure it is readable and that '/var/www/vhosts/saratogahistory.com/httpdocs/phpBB/' is executable
[Sun Sep 06 13:54:30.626014 2020] [core:crit] [pid 32352:tid 140619135485696] (13)Permission denied: [client 185.220.100.253:54222] AH00529: /var/www/vhosts/saratogahistory.com/httpdocs/phpBB/.htaccess pcfg_openfile: unable to check htaccess file, ensure it is readable and that '/var/www/vhosts/saratogahistory.com/httpdocs/phpBB/' is executable, referer: http://www.saratogahistory.com/phpBB/index.php
[Sun Sep 06 14:20:53.847775 2020] [core:crit] [pid 6888:tid 140619303323392] (13)Permission denied: [client 156.146.35.97:46562] AH00529: /var/www/vhosts/saratogahistory.com/httpdocs/phpBB/.htaccess pcfg_openfile: unable to check htaccess file, ensure it is readable and that '/var/www/vhosts/saratogahistory.com/httpdocs/phpBB/' is executable, referer: http://www.saratogahistory.com/phpBB/index.php
[Sun Sep 06 14:21:00.240103 2020] [proxy_fcgi:error] [pid 32325:tid 140619135485696] [client 156.146.35.97:46800] AH01071: Got error 'Primary script unknown\n', referer: http://www.saratogahistory.com/index.php
[Sun Sep 06 14:21:01.538758 2020] [proxy_fcgi:error] [pid 6888:tid 140619198424832] [client 156.146.35.97:46852] AH01071: Got error 'Primary script unknown\n', referer: http://www.saratogahistory.com/index.php
[Sun Sep 06 14:21:02.881782 2020] [proxy_fcgi:error] [pid 32352:tid 140619261363968] [client 156.146.35.97:46898] AH01071: Got error 'Primary script unknown\n', referer: http://www.saratogahistory.com/index.php
[Sun Sep 06 14:35:30.520547 2020] [core:crit] [pid 6888:tid 140619166955264] (13)Permission denied: [client 142.44.246.156:59014] AH00529: /var/www/vhosts/saratogahistory.com/httpdocs/phpBB/.htaccess pcfg_openfile: unable to check htaccess file, ensure it is readable and that '/var/www/vhosts/saratogahistory.com/httpdocs/phpBB/' is executable, referer: http://www.saratogahistory.com/phpBB/index.php
[Sun Sep 06 15:36:12.488542 2020] [proxy_fcgi:error] [pid 6888:tid 140619124995840] [client 185.171.90.167:38450] AH01071: Got error 'Primary script unknown\n', referer: http://saratogahistory.com/wp-login.php
[Sun Sep 06 16:38:25.861677 2020] [core:crit] [pid 32352:tid 140619282343680] (13)Permission denied: [client 203.133.169.112:36072] AH00529: /var/www/vhosts/saratogahistory.com/httpdocs/phpBB/.htaccess pcfg_openfile: unable to check htaccess file, ensure it is readable and that '/var/www/vhosts/saratogahistory.com/httpdocs/phpBB/' is executable
[Sun Sep 06 16:38:30.870797 2020] [core:crit] [pid 6888:tid 140619208914688] (13)Permission denied: [client 203.133.169.112:36246] AH00529: /var/www/vhosts/saratogahistory.com/httpdocs/phpBB/.htaccess pcfg_openfile: unable to check htaccess file, ensure it is readable and that '/var/www/vhosts/saratogahistory.com/httpdocs/phpBB/' is executable
[Sun Sep 06 16:38:35.876392 2020] [core:crit] [pid 32352:tid 140619324303104] (13)Permission denied: [client 203.133.169.112:36488] AH00529: /var/www/vhosts/saratogahistory.com/httpdocs/phpBB/.htaccess pcfg_openfile: unable to check htaccess file, ensure it is readable and that '/var/www/vhosts/saratogahistory.com/httpdocs/phpBB/' is executable
[Sun Sep 06 16:38:40.777396 2020] [core:crit] [pid 32352:tid 140619313813248] (13)Permission denied: [client 203.133.169.112:36782] AH00529: /var/www/vhosts/saratogahistory.com/httpdocs/phpBB/.htaccess pcfg_openfile: unable to check htaccess file, ensure it is readable and that '/var/www/vhosts/saratogahistory.com/httpdocs/phpBB/' is executable
[Sun Sep 06 16:38:45.786214 2020] [core:crit] [pid 32352:tid 140619187934976] (13)Permission denied: [client 203.133.169.112:37044] AH00529: /var/www/vhosts/saratogahistory.com/httpdocs/phpBB/.htaccess pcfg_openfile: unable to check htaccess file, ensure it is readable and that '/var/www/vhosts/saratogahistory.com/httpdocs/phpBB/' is executable
[Sun Sep 06 16:38:50.730427 2020] [core:crit] [pid 32325:tid 140619124995840] (13)Permission denied: [client 203.133.169.112:37308] AH00529: /var/www/vhosts/saratogahistory.com/httpdocs/phpBB/.htaccess pcfg_openfile: unable to check htaccess file, ensure it is readable and that '/var/www/vhosts/saratogahistory.com/httpdocs/phpBB/' is executable
[Sun Sep 06 16:38:56.011007 2020] [core:crit] [pid 32352:tid 140619229894400] (13)Permission denied: [client 203.133.169.112:37540] AH00529: /var/www/vhosts/saratogahistory.com/httpdocs/phpBB/.htaccess pcfg_openfile: unable to check htaccess file, ensure it is readable and that '/var/www/vhosts/saratogahistory.com/httpdocs/phpBB/' is executable
[Sun Sep 06 16:39:00.897652 2020] [core:crit] [pid 32352:tid 140619345282816] (13)Permission denied: [client 203.133.169.112:37824] AH00529: /var/www/vhosts/saratogahistory.com/httpdocs/phpBB/.htaccess pcfg_openfile: unable to check htaccess file, ensure it is readable and that '/var/www/vhosts/saratogahistory.com/httpdocs/phpBB/' is executable
[Sun Sep 06 16:39:05.908665 2020] [core:crit] [pid 32352:tid 140619219404544] (13)Permission denied: [client 203.133.169.112:38044] AH00529: /var/www/vhosts/saratogahistory.com/httpdocs/phpBB/.htaccess pcfg_openfile: unable to check htaccess file, ensure it is readable and that '/var/www/vhosts/saratogahistory.com/httpdocs/phpBB/' is executable
[Sun Sep 06 16:39:10.810268 2020] [core:crit] [pid 32352:tid 140619166955264] (13)Permission denied: [client 203.133.169.112:38250] AH00529: /var/www/vhosts/saratogahistory.com/httpdocs/phpBB/.htaccess pcfg_openfile: unable to check htaccess file, ensure it is readable and that '/var/www/vhosts/saratogahistory.com/httpdocs/phpBB/' is executable
[Sun Sep 06 16:39:15.696416 2020] [core:crit] [pid 32352:tid 140619145975552] (13)Permission denied: [client 203.133.169.112:38434] AH00529: /var/www/vhosts/saratogahistory.com/httpdocs/phpBB/.htaccess pcfg_openfile: unable to check htaccess file, ensure it is readable and that '/var/www/vhosts/saratogahistory.com/httpdocs/phpBB/' is executable
[Sun Sep 06 16:39:20.694253 2020] [core:crit] [pid 32352:tid 140619135485696] (13)Permission denied: [client 203.133.169.112:38688] AH00529: /var/www/vhosts/saratogahistory.com/httpdocs/phpBB/.htaccess pcfg_openfile: unable to check htaccess file, ensure it is readable and that '/var/www/vhosts/saratogahistory.com/httpdocs/phpBB/' is executable
[Sun Sep 06 16:39:25.704834 2020] [core:crit] [pid 32352:tid 140619198424832] (13)Permission denied: [client 203.133.169.112:38888] AH00529: /var/www/vhosts/saratogahistory.com/httpdocs/phpBB/.htaccess pcfg_openfile: unable to check htaccess file, ensure it is readable and that '/var/www/vhosts/saratogahistory.com/httpdocs/phpBB/' is executable
[Sun Sep 06 16:39:30.816115 2020] [core:crit] [pid 6888:tid 140619313813248] (13)Permission denied: [client 203.133.169.112:39082] AH00529: /var/www/vhosts/saratogahistory.com/httpdocs/phpBB/.htaccess pcfg_openfile: unable to check htaccess file, ensure it is readable and that '/var/www/vhosts/saratogahistory.com/httpdocs/phpBB/' is executable
[Sun Sep 06 16:39:35.696274 2020] [core:crit] [pid 32352:tid 140619292833536] (13)Permission denied: [client 203.133.169.112:39334] AH00529: /var/www/vhosts/saratogahistory.com/httpdocs/phpBB/.htaccess pcfg_openfile: unable to check htaccess file, ensure it is readable and that '/var/www/vhosts/saratogahistory.com/httpdocs/phpBB/' is executable
[Sun Sep 06 16:39:40.696971 2020] [core:crit] [pid 6888:tid 140619271853824] (13)Permission denied: [client 203.133.169.112:39542] AH00529: /var/www/vhosts/saratogahistory.com/httpdocs/phpBB/.htaccess pcfg_openfile: unable to check htaccess file, ensure it is readable and that '/var/www/vhosts/saratogahistory.com/httpdocs/phpBB/' is executable
[Sun Sep 06 16:39:45.595495 2020] [core:crit] [pid 6888:tid 140619303323392] (13)Permission denied: [client 203.133.169.112:39840] AH00529: /var/www/vhosts/saratogahistory.com/httpdocs/phpBB/.htaccess pcfg_openfile: unable to check htaccess file, ensure it is readable and that '/var/www/vhosts/saratogahistory.com/httpdocs/phpBB/' is executable
[Sun Sep 06 16:39:50.471317 2020] [core:crit] [pid 6888:tid 140619345282816] (13)Permission denied: [client 203.133.169.112:40044] AH00529: /var/www/vhosts/saratogahistory.com/httpdocs/phpBB/.htaccess pcfg_openfile: unable to check htaccess file, ensure it is readable and that '/var/www/vhosts/saratogahistory.com/httpdocs/phpBB/' is executable
[Sun Sep 06 16:39:55.371179 2020] [core:crit] [pid 6888:tid 140619198424832] (13)Permission denied: [client 203.133.169.112:40196] AH00529: /var/www/vhosts/saratogahistory.com/httpdocs/phpBB/.htaccess pcfg_openfile: unable to check htaccess file, ensure it is readable and that '/var/www/vhosts/saratogahistory.com/httpdocs/phpBB/' is executable
[Sun Sep 06 16:40:00.249639 2020] [core:crit] [pid 6888:tid 140619324303104] (13)Permission denied: [client 203.133.169.112:40424] AH00529: /var/www/vhosts/saratogahistory.com/httpdocs/phpBB/.htaccess pcfg_openfile: unable to check htaccess file, ensure it is readable and that '/var/www/vhosts/saratogahistory.com/httpdocs/phpBB/' is executable
[Sun Sep 06 16:40:05.480393 2020] [core:crit] [pid 6888:tid 140619250874112] (13)Permission denied: [client 203.133.169.112:40864] AH00529: /var/www/vhosts/saratogahistory.com/httpdocs/phpBB/.htaccess pcfg_openfile: unable to check htaccess file, ensure it is readable and that '/var/www/vhosts/saratogahistory.com/httpdocs/phpBB/' is executable
[Sun Sep 06 16:40:10.381009 2020] [core:crit] [pid 6888:tid 140619282343680] (13)Permission denied: [client 203.133.169.112:41026] AH00529: /var/www/vhosts/saratogahistory.com/httpdocs/phpBB/.htaccess pcfg_openfile: unable to check htaccess file, ensure it is readable and that '/var/www/vhosts/saratogahistory.com/httpdocs/phpBB/' is executable
[Sun Sep 06 16:40:15.256616 2020] [core:crit] [pid 6888:tid 140619261363968] (13)Permission denied: [client 203.133.169.112:41266] AH00529: /var/www/vhosts/saratogahistory.com/httpdocs/phpBB/.htaccess pcfg_openfile: unable to check htaccess file, ensure it is readable and that '/var/www/vhosts/saratogahistory.com/httpdocs/phpBB/' is executable
[Sun Sep 06 16:40:20.260726 2020] [core:crit] [pid 6888:tid 140619240384256] (13)Permission denied: [client 203.133.169.112:41534] AH00529: /var/www/vhosts/saratogahistory.com/httpdocs/phpBB/.htaccess pcfg_openfile: unable to check htaccess file, ensure it is readable and that '/var/www/vhosts/saratogahistory.com/httpdocs/phpBB/' is executable
[Sun Sep 06 16:40:25.159309 2020] [core:crit] [pid 6888:tid 140619187934976] (13)Permission denied: [client 203.133.169.112:41892] AH00529: /var/www/vhosts/saratogahistory.com/httpdocs/phpBB/.htaccess pcfg_openfile: unable to check htaccess file, ensure it is readable and that '/var/www/vhosts/saratogahistory.com/httpdocs/phpBB/' is executable
[Sun Sep 06 16:40:30.060990 2020] [core:crit] [pid 6888:tid 140619208914688] (13)Permission denied: [client 203.133.169.112:42200] AH00529: /var/www/vhosts/saratogahistory.com/httpdocs/phpBB/.htaccess pcfg_openfile: unable to check htaccess file, ensure it is readable and that '/var/www/vhosts/saratogahistory.com/httpdocs/phpBB/' is executable
[Sun Sep 06 16:40:35.099576 2020] [core:crit] [pid 32352:tid 140619303323392] (13)Permission denied: [client 203.133.169.112:42384] AH00529: /var/www/vhosts/saratogahistory.com/httpdocs/phpBB/.htaccess pcfg_openfile: unable to check htaccess file, ensure it is readable and that '/var/www/vhosts/saratogahistory.com/httpdocs/phpBB/' is executable
[Sun Sep 06 16:40:40.361437 2020] [core:crit] [pid 6888:tid 140619145975552] (13)Permission denied: [client 203.133.169.112:42624] AH00529: /var/www/vhosts/saratogahistory.com/httpdocs/phpBB/.htaccess pcfg_openfile: unable to check htaccess file, ensure it is readable and that '/var/www/vhosts/saratogahistory.com/httpdocs/phpBB/' is executable
[Sun Sep 06 16:43:58.374138 2020] [core:crit] [pid 32352:tid 140619187934976] (13)Permission denied: [client 139.28.36.20:52272] AH00529: /var/www/vhosts/saratogahistory.com/httpdocs/phpBB/.htaccess pcfg_openfile: unable to check htaccess file, ensure it is readable and that '/var/www/vhosts/saratogahistory.com/httpdocs/phpBB/' is executable, referer: http://www.saratogahistory.com/phpBB/index.php
[Sun Sep 06 16:47:19.184936 2020] [core:crit] [pid 6888:tid 140619282343680] (13)Permission denied: [client 184.178.172.28:35150] AH00529: /var/www/vhosts/saratogahistory.com/httpdocs/phpBB/.htaccess pcfg_openfile: unable to check htaccess file, ensure it is readable and that '/var/www/vhosts/saratogahistory.com/httpdocs/phpBB/' is executable, referer: http://www.saratogahistory.com/phpBB/index.php
[Sun Sep 06 17:19:34.346256 2020] [core:crit] [pid 32352:tid 140619282343680] (13)Permission denied: [client 185.220.102.251:49610] AH00529: /var/www/vhosts/saratogahistory.com/httpdocs/phpBB/.htaccess pcfg_openfile: unable to check htaccess file, ensure it is readable and that '/var/www/vhosts/saratogahistory.com/httpdocs/phpBB/' is executable, referer: http://www.saratogahistory.com/phpBB/index.php
[Sun Sep 06 17:50:05.799313 2020] [core:crit] [pid 6888:tid 140619282343680] (13)Permission denied: [client 185.25.35.8:55528] AH00529: /var/www/vhosts/saratogahistory.com/httpdocs/phpBB/.htaccess pcfg_openfile: unable to check htaccess file, ensure it is readable and that '/var/www/vhosts/saratogahistory.com/httpdocs/phpBB/' is executable
[Sun Sep 06 17:56:01.936279 2020] [proxy_fcgi:error] [pid 32322:tid 140619366262528] [client 45.118.144.77:44236] AH01071: Got error 'Primary script unknown\n', referer: http://saratogahistory.com/wp-login.php
[Sun Sep 06 18:01:49.143020 2020] [core:crit] [pid 6888:tid 140619135485696] (13)Permission denied: [client 134.249.124.67:59540] AH00529: /var/www/vhosts/saratogahistory.com/httpdocs/phpBB/.htaccess pcfg_openfile: unable to check htaccess file, ensure it is readable and that '/var/www/vhosts/saratogahistory.com/httpdocs/phpBB/' is executable, referer: http://www.saratogahistory.com/phpBB/index.php
[Sun Sep 06 18:03:17.164440 2020] [core:crit] [pid 6888:tid 140619313813248] (13)Permission denied: [client 185.220.100.255:35466] AH00529: /var/www/vhosts/saratogahistory.com/httpdocs/phpBB/.htaccess pcfg_openfile: unable to check htaccess file, ensure it is readable and that '/var/www/vhosts/saratogahistory.com/httpdocs/phpBB/' is executable, referer: http://www.saratogahistory.com/phpBB/index.php
[Sun Sep 06 18:17:22.611063 2020] [core:crit] [pid 6888:tid 140619219404544] (13)Permission denied: [client 185.25.35.14:47858] AH00529: /var/www/vhosts/saratogahistory.com/httpdocs/phpBB/.htaccess pcfg_openfile: unable to check htaccess file, ensure it is readable and that '/var/www/vhosts/saratogahistory.com/httpdocs/phpBB/' is executable
[Sun Sep 06 18:24:44.258073 2020] [core:crit] [pid 32325:tid 140619292833536] (13)Permission denied: [client 178.141.63.215:40098] AH00529: /var/www/vhosts/saratogahistory.com/httpdocs/phpBB/.htaccess pcfg_openfile: unable to check htaccess file, ensure it is readable and that '/var/www/vhosts/saratogahistory.com/httpdocs/phpBB/' is executable, referer: http://www.saratogahistory.com/phpBB/index.php
[Sun Sep 06 18:34:58.697610 2020] [core:crit] [pid 32352:tid 140619198424832] (13)Permission denied: [client 185.220.101.144:40744] AH00529: /var/www/vhosts/saratogahistory.com/httpdocs/phpBB/.htaccess pcfg_openfile: unable to check htaccess file, ensure it is readable and that '/var/www/vhosts/saratogahistory.com/httpdocs/phpBB/' is executable, referer: http://www.saratogahistory.com/phpBB/index.php
[Sun Sep 06 19:03:10.855490 2020] [core:crit] [pid 32352:tid 140619345282816] (13)Permission denied: [client 185.99.3.37:38060] AH00529: /var/www/vhosts/saratogahistory.com/httpdocs/phpBB/.htaccess pcfg_openfile: unable to check htaccess file, ensure it is readable and that '/var/www/vhosts/saratogahistory.com/httpdocs/phpBB/' is executable, referer: http://www.saratogahistory.com/phpBB/
[Sun Sep 06 19:13:37.135640 2020] [core:crit] [pid 6888:tid 140619229894400] (13)Permission denied: [client 46.187.25.61:40320] AH00529: /var/www/vhosts/saratogahistory.com/httpdocs/phpBB/.htaccess pcfg_openfile: unable to check htaccess file, ensure it is readable and that '/var/www/vhosts/saratogahistory.com/httpdocs/phpBB/' is executable, referer: http://www.saratogahistory.com/phpBB/index.php
[Sun Sep 06 19:13:38.375525 2020] [proxy_fcgi:error] [pid 32352:tid 140619124995840] [client 46.187.25.61:40404] AH01071: Got error 'Primary script unknown\n', referer: http://www.saratogahistory.com/index.php
[Sun Sep 06 19:13:38.680483 2020] [proxy_fcgi:error] [pid 32352:tid 140619324303104] [client 46.187.25.61:40422] AH01071: Got error 'Primary script unknown\n', referer: http://www.saratogahistory.com/index.php
[Sun Sep 06 19:13:38.986860 2020] [proxy_fcgi:error] [pid 6888:tid 140619187934976] [client 46.187.25.61:40432] AH01071: Got error 'Primary script unknown\n', referer: http://www.saratogahistory.com/index.php
[Sun Sep 06 19:32:20.111582 2020] [core:crit] [pid 32352:tid 140619303323392] (13)Permission denied: [client 185.25.35.12:35290] AH00529: /var/www/vhosts/saratogahistory.com/httpdocs/phpBB/.htaccess pcfg_openfile: unable to check htaccess file, ensure it is readable and that '/var/www/vhosts/saratogahistory.com/httpdocs/phpBB/' is executable
[Sun Sep 06 19:47:37.420540 2020] [core:crit] [pid 32325:tid 140619282343680] (13)Permission denied: [client 185.25.35.10:50300] AH00529: /var/www/vhosts/saratogahistory.com/httpdocs/phpBB/.htaccess pcfg_openfile: unable to check htaccess file, ensure it is readable and that '/var/www/vhosts/saratogahistory.com/httpdocs/phpBB/' is executable
[Sun Sep 06 19:49:47.221129 2020] [core:crit] [pid 32352:tid 140619208914688] (13)Permission denied: [client 188.126.89.158:56014] AH00529: /var/www/vhosts/saratogahistory.com/httpdocs/phpBB/.htaccess pcfg_openfile: unable to check htaccess file, ensure it is readable and that '/var/www/vhosts/saratogahistory.com/httpdocs/phpBB/' is executable, referer: http://www.saratogahistory.com/phpBB/index.php
[Sun Sep 06 19:49:48.957988 2020] [proxy_fcgi:error] [pid 32352:tid 140619334792960] [client 188.126.89.158:56074] AH01071: Got error 'Primary script unknown\n', referer: http://www.saratogahistory.com/index.php
[Sun Sep 06 19:49:49.415985 2020] [proxy_fcgi:error] [pid 32352:tid 140619250874112] [client 188.126.89.158:56084] AH01071: Got error 'Primary script unknown\n', referer: http://www.saratogahistory.com/index.php
[Sun Sep 06 19:49:49.887658 2020] [proxy_fcgi:error] [pid 6888:tid 140619303323392] [client 188.126.89.158:56098] AH01071: Got error 'Primary script unknown\n', referer: http://www.saratogahistory.com/index.php
[Sun Sep 06 20:33:00.744233 2020] [core:crit] [pid 32352:tid 140619366262528] (13)Permission denied: [client 185.220.102.247:36334] AH00529: /var/www/vhosts/saratogahistory.com/httpdocs/phpBB/.htaccess pcfg_openfile: unable to check htaccess file, ensure it is readable and that '/var/www/vhosts/saratogahistory.com/httpdocs/phpBB/' is executable, referer: http://www.saratogahistory.com/phpBB/index.php
[Sun Sep 06 20:52:17.671078 2020] [core:crit] [pid 32325:tid 140619124995840] (13)Permission denied: [client 185.82.219.109:60818] AH00529: /var/www/vhosts/saratogahistory.com/httpdocs/phpBB/.htaccess pcfg_openfile: unable to check htaccess file, ensure it is readable and that '/var/www/vhosts/saratogahistory.com/httpdocs/phpBB/' is executable, referer: http://www.saratogahistory.com/phpBB/index.php
[Sun Sep 06 21:28:51.531573 2020] [core:crit] [pid 6888:tid 140619261363968] (13)Permission denied: [client 203.133.169.112:52952] AH00529: /var/www/vhosts/saratogahistory.com/httpdocs/phpBB/.htaccess pcfg_openfile: unable to check htaccess file, ensure it is readable and that '/var/www/vhosts/saratogahistory.com/httpdocs/phpBB/' is executable
[Sun Sep 06 21:28:56.532131 2020] [core:crit] [pid 32352:tid 140619376752384] (13)Permission denied: [client 203.133.169.112:53184] AH00529: /var/www/vhosts/saratogahistory.com/httpdocs/phpBB/.htaccess pcfg_openfile: unable to check htaccess file, ensure it is readable and that '/var/www/vhosts/saratogahistory.com/httpdocs/phpBB/' is executable
[Sun Sep 06 21:29:01.537199 2020] [core:crit] [pid 6888:tid 140619187934976] (13)Permission denied: [client 203.133.169.112:53496] AH00529: /var/www/vhosts/saratogahistory.com/httpdocs/phpBB/.htaccess pcfg_openfile: unable to check htaccess file, ensure it is readable and that '/var/www/vhosts/saratogahistory.com/httpdocs/phpBB/' is executable
[Sun Sep 06 21:29:06.626588 2020] [core:crit] [pid 6888:tid 140619208914688] (13)Permission denied: [client 203.133.169.112:53686] AH00529: /var/www/vhosts/saratogahistory.com/httpdocs/phpBB/.htaccess pcfg_openfile: unable to check htaccess file, ensure it is readable and that '/var/www/vhosts/saratogahistory.com/httpdocs/phpBB/' is executable
[Sun Sep 06 21:29:11.631262 2020] [core:crit] [pid 6888:tid 140619145975552] (13)Permission denied: [client 203.133.169.112:53912] AH00529: /var/www/vhosts/saratogahistory.com/httpdocs/phpBB/.htaccess pcfg_openfile: unable to check htaccess file, ensure it is readable and that '/var/www/vhosts/saratogahistory.com/httpdocs/phpBB/' is executable
[Sun Sep 06 21:29:16.507278 2020] [core:crit] [pid 32352:tid 140619366262528] (13)Permission denied: [client 203.133.169.112:54110] AH00529: /var/www/vhosts/saratogahistory.com/httpdocs/phpBB/.htaccess pcfg_openfile: unable to check htaccess file, ensure it is readable and that '/var/www/vhosts/saratogahistory.com/httpdocs/phpBB/' is executable
[Sun Sep 06 21:29:21.672070 2020] [core:crit] [pid 32352:tid 140619187934976] (13)Permission denied: [client 203.133.169.112:54324] AH00529: /var/www/vhosts/saratogahistory.com/httpdocs/phpBB/.htaccess pcfg_openfile: unable to check htaccess file, ensure it is readable and that '/var/www/vhosts/saratogahistory.com/httpdocs/phpBB/' is executable
[Sun Sep 06 21:29:26.566582 2020] [core:crit] [pid 32352:tid 140619229894400] (13)Permission denied: [client 203.133.169.112:54498] AH00529: /var/www/vhosts/saratogahistory.com/httpdocs/phpBB/.htaccess pcfg_openfile: unable to check htaccess file, ensure it is readable and that '/var/www/vhosts/saratogahistory.com/httpdocs/phpBB/' is executable
[Sun Sep 06 21:29:31.493075 2020] [core:crit] [pid 32352:tid 140619345282816] (13)Permission denied: [client 203.133.169.112:54688] AH00529: /var/www/vhosts/saratogahistory.com/httpdocs/phpBB/.htaccess pcfg_openfile: unable to check htaccess file, ensure it is readable and that '/var/www/vhosts/saratogahistory.com/httpdocs/phpBB/' is executable
[Sun Sep 06 21:29:36.512474 2020] [core:crit] [pid 6888:tid 140619219404544] (13)Permission denied: [client 203.133.169.112:54900] AH00529: /var/www/vhosts/saratogahistory.com/httpdocs/phpBB/.htaccess pcfg_openfile: unable to check htaccess file, ensure it is readable and that '/var/www/vhosts/saratogahistory.com/httpdocs/phpBB/' is executable
[Sun Sep 06 21:29:41.505307 2020] [core:crit] [pid 6888:tid 140619156465408] (13)Permission denied: [client 203.133.169.112:55090] AH00529: /var/www/vhosts/saratogahistory.com/httpdocs/phpBB/.htaccess pcfg_openfile: unable to check htaccess file, ensure it is readable and that '/var/www/vhosts/saratogahistory.com/httpdocs/phpBB/' is executable
[Sun Sep 06 21:29:46.502205 2020] [core:crit] [pid 32352:tid 140619219404544] (13)Permission denied: [client 203.133.169.112:55260] AH00529: /var/www/vhosts/saratogahistory.com/httpdocs/phpBB/.htaccess pcfg_openfile: unable to check htaccess file, ensure it is readable and that '/var/www/vhosts/saratogahistory.com/httpdocs/phpBB/' is executable
[Sun Sep 06 21:29:51.494544 2020] [core:crit] [pid 6888:tid 140619166955264] (13)Permission denied: [client 203.133.169.112:55518] AH00529: /var/www/vhosts/saratogahistory.com/httpdocs/phpBB/.htaccess pcfg_openfile: unable to check htaccess file, ensure it is readable and that '/var/www/vhosts/saratogahistory.com/httpdocs/phpBB/' is executable
[Sun Sep 06 21:29:56.678189 2020] [core:crit] [pid 6888:tid 140619355772672] (13)Permission denied: [client 203.133.169.112:55804] AH00529: /var/www/vhosts/saratogahistory.com/httpdocs/phpBB/.htaccess pcfg_openfile: unable to check htaccess file, ensure it is readable and that '/var/www/vhosts/saratogahistory.com/httpdocs/phpBB/' is executable
[Sun Sep 06 21:30:01.570149 2020] [core:crit] [pid 32352:tid 140619166955264] (13)Permission denied: [client 203.133.169.112:56072] AH00529: /var/www/vhosts/saratogahistory.com/httpdocs/phpBB/.htaccess pcfg_openfile: unable to check htaccess file, ensure it is readable and that '/var/www/vhosts/saratogahistory.com/httpdocs/phpBB/' is executable
[Sun Sep 06 21:30:06.449999 2020] [core:crit] [pid 6888:tid 140619124995840] (13)Permission denied: [client 203.133.169.112:56462] AH00529: /var/www/vhosts/saratogahistory.com/httpdocs/phpBB/.htaccess pcfg_openfile: unable to check htaccess file, ensure it is readable and that '/var/www/vhosts/saratogahistory.com/httpdocs/phpBB/' is executable
[Sun Sep 06 21:30:11.435796 2020] [core:crit] [pid 32352:tid 140619177445120] (13)Permission denied: [client 203.133.169.112:56696] AH00529: /var/www/vhosts/saratogahistory.com/httpdocs/phpBB/.htaccess pcfg_openfile: unable to check htaccess file, ensure it is readable and that '/var/www/vhosts/saratogahistory.com/httpdocs/phpBB/' is executable
[Sun Sep 06 21:30:16.438603 2020] [core:crit] [pid 6888:tid 140619177445120] (13)Permission denied: [client 203.133.169.112:56956] AH00529: /var/www/vhosts/saratogahistory.com/httpdocs/phpBB/.htaccess pcfg_openfile: unable to check htaccess file, ensure it is readable and that '/var/www/vhosts/saratogahistory.com/httpdocs/phpBB/' is executable
[Sun Sep 06 21:30:21.420549 2020] [core:crit] [pid 6888:tid 140619292833536] (13)Permission denied: [client 203.133.169.112:57158] AH00529: /var/www/vhosts/saratogahistory.com/httpdocs/phpBB/.htaccess pcfg_openfile: unable to check htaccess file, ensure it is readable and that '/var/www/vhosts/saratogahistory.com/httpdocs/phpBB/' is executable
[Sun Sep 06 21:30:26.312058 2020] [core:crit] [pid 6888:tid 140619135485696] (13)Permission denied: [client 203.133.169.112:57426] AH00529: /var/www/vhosts/saratogahistory.com/httpdocs/phpBB/.htaccess pcfg_openfile: unable to check htaccess file, ensure it is readable and that '/var/www/vhosts/saratogahistory.com/httpdocs/phpBB/' is executable
[Sun Sep 06 22:23:18.326387 2020] [core:crit] [pid 6888:tid 140619208914688] (13)Permission denied: [client 178.159.37.58:45182] AH00529: /var/www/vhosts/saratogahistory.com/httpdocs/phpBB/.htaccess pcfg_openfile: unable to check htaccess file, ensure it is readable and that '/var/www/vhosts/saratogahistory.com/httpdocs/phpBB/' is executable, referer: http://www.saratogahistory.com/phpBB/index.php
[Sun Sep 06 22:27:06.027117 2020] [core:crit] [pid 6888:tid 140619177445120] (13)Permission denied: [client 162.247.74.7:56306] AH00529: /var/www/vhosts/saratogahistory.com/httpdocs/phpBB/.htaccess pcfg_openfile: unable to check htaccess file, ensure it is readable and that '/var/www/vhosts/saratogahistory.com/httpdocs/phpBB/' is executable, referer: http://www.saratogahistory.com/phpBB/index.php
[Sun Sep 06 23:07:30.420012 2020] [core:crit] [pid 6888:tid 140619208914688] (13)Permission denied: [client 66.249.68.53:48808] AH00529: /var/www/vhosts/saratogahistory.com/httpdocs/phpBB/.htaccess pcfg_openfile: unable to check htaccess file, ensure it is readable and that '/var/www/vhosts/saratogahistory.com/httpdocs/phpBB/' is executable
[Sun Sep 06 23:08:22.698154 2020] [core:crit] [pid 6888:tid 140619145975552] (13)Permission denied: [client 66.249.68.57:50686] AH00529: /var/www/vhosts/saratogahistory.com/httpdocs/phpBB/.htaccess pcfg_openfile: unable to check htaccess file, ensure it is readable and that '/var/www/vhosts/saratogahistory.com/httpdocs/phpBB/' is executable
[Sun Sep 06 23:09:32.418653 2020] [core:crit] [pid 32352:tid 140619240384256] (13)Permission denied: [client 66.249.68.55:53724] AH00529: /var/www/vhosts/saratogahistory.com/httpdocs/phpBB/.htaccess pcfg_openfile: unable to check htaccess file, ensure it is readable and that '/var/www/vhosts/saratogahistory.com/httpdocs/phpBB/' is executable
[Sun Sep 06 23:10:38.653907 2020] [core:crit] [pid 32352:tid 140619261363968] (13)Permission denied: [client 66.249.68.53:56476] AH00529: /var/www/vhosts/saratogahistory.com/httpdocs/phpBB/.htaccess pcfg_openfile: unable to check htaccess file, ensure it is readable and that '/var/www/vhosts/saratogahistory.com/httpdocs/phpBB/' is executable
[Sun Sep 06 23:11:48.947854 2020] [core:crit] [pid 6888:tid 140619166955264] (13)Permission denied: [client 66.249.68.55:59956] AH00529: /var/www/vhosts/saratogahistory.com/httpdocs/phpBB/.htaccess pcfg_openfile: unable to check htaccess file, ensure it is readable and that '/var/www/vhosts/saratogahistory.com/httpdocs/phpBB/' is executable
[Sun Sep 06 23:13:08.194637 2020] [core:crit] [pid 6888:tid 140619355772672] (13)Permission denied: [client 66.249.68.57:35590] AH00529: /var/www/vhosts/saratogahistory.com/httpdocs/phpBB/.htaccess pcfg_openfile: unable to check htaccess file, ensure it is readable and that '/var/www/vhosts/saratogahistory.com/httpdocs/phpBB/' is executable
[Sun Sep 06 23:26:54.793357 2020] [core:crit] [pid 32352:tid 140619219404544] (13)Permission denied: [client 185.99.3.25:45400] AH00529: /var/www/vhosts/saratogahistory.com/httpdocs/phpBB/.htaccess pcfg_openfile: unable to check htaccess file, ensure it is readable and that '/var/www/vhosts/saratogahistory.com/httpdocs/phpBB/' is executable, referer: http://www.saratogahistory.com/phpBB/
[Sun Sep 06 23:41:00.530461 2020] [core:crit] [pid 6888:tid 140619229894400] (13)Permission denied: [client 185.25.35.10:55750] AH00529: /var/www/vhosts/saratogahistory.com/httpdocs/phpBB/.htaccess pcfg_openfile: unable to check htaccess file, ensure it is readable and that '/var/www/vhosts/saratogahistory.com/httpdocs/phpBB/' is executable
[Mon Sep 07 00:13:02.815960 2020] [core:crit] [pid 32352:tid 140619313813248] (13)Permission denied: [client 185.25.35.11:57292] AH00529: /var/www/vhosts/saratogahistory.com/httpdocs/phpBB/.htaccess pcfg_openfile: unable to check htaccess file, ensure it is readable and that '/var/www/vhosts/saratogahistory.com/httpdocs/phpBB/' is executable
[Mon Sep 07 00:17:41.905731 2020] [core:crit] [pid 32352:tid 140619334792960] (13)Permission denied: [client 185.220.102.248:42992] AH00529: /var/www/vhosts/saratogahistory.com/httpdocs/phpBB/.htaccess pcfg_openfile: unable to check htaccess file, ensure it is readable and that '/var/www/vhosts/saratogahistory.com/httpdocs/phpBB/' is executable, referer: http://www.saratogahistory.com/phpBB/index.php
[Mon Sep 07 00:26:20.883599 2020] [core:crit] [pid 6888:tid 140619250874112] (13)Permission denied: [client 1.20.102.73:37814] AH00529: /var/www/vhosts/saratogahistory.com/httpdocs/phpBB/.htaccess pcfg_openfile: unable to check htaccess file, ensure it is readable and that '/var/www/vhosts/saratogahistory.com/httpdocs/phpBB/' is executable, referer: http://www.saratogahistory.com/
[Mon Sep 07 00:26:25.323286 2020] [core:crit] [pid 6888:tid 140619229894400] (13)Permission denied: [client 119.82.252.76:38008] AH00529: /var/www/vhosts/saratogahistory.com/httpdocs/phpBB/.htaccess pcfg_openfile: unable to check htaccess file, ensure it is readable and that '/var/www/vhosts/saratogahistory.com/httpdocs/phpBB/' is executable, referer: http://www.saratogahistory.com/
[Mon Sep 07 00:34:05.744244 2020] [core:crit] [pid 32352:tid 140619271853824] (13)Permission denied: [client 51.83.129.84:57466] AH00529: /var/www/vhosts/saratogahistory.com/httpdocs/phpBB/.htaccess pcfg_openfile: unable to check htaccess file, ensure it is readable and that '/var/www/vhosts/saratogahistory.com/httpdocs/phpBB/' is executable, referer: http://www.saratogahistory.com/phpBB/index.php
[Mon Sep 07 00:57:21.684669 2020] [core:crit] [pid 6888:tid 140619219404544] (13)Permission denied: [client 72.49.49.11:38072] AH00529: /var/www/vhosts/saratogahistory.com/httpdocs/phpBB/.htaccess pcfg_openfile: unable to check htaccess file, ensure it is readable and that '/var/www/vhosts/saratogahistory.com/httpdocs/phpBB/' is executable, referer: http://www.saratogahistory.com/phpBB/index.php
[Mon Sep 07 01:25:33.945038 2020] [core:crit] [pid 6888:tid 140619124995840] (13)Permission denied: [client 185.25.35.15:55054] AH00529: /var/www/vhosts/saratogahistory.com/httpdocs/phpBB/.htaccess pcfg_openfile: unable to check htaccess file, ensure it is readable and that '/var/www/vhosts/saratogahistory.com/httpdocs/phpBB/' is executable
[Mon Sep 07 01:40:14.427759 2020] [core:crit] [pid 32325:tid 140619219404544] (13)Permission denied: [client 185.25.35.14:39394] AH00529: /var/www/vhosts/saratogahistory.com/httpdocs/phpBB/.htaccess pcfg_openfile: unable to check htaccess file, ensure it is readable and that '/var/www/vhosts/saratogahistory.com/httpdocs/phpBB/' is executable
[Mon Sep 07 01:40:19.636975 2020] [core:crit] [pid 6888:tid 140619166955264] (13)Permission denied: [client 217.107.194.62:39620] AH00529: /var/www/vhosts/saratogahistory.com/httpdocs/phpBB/.htaccess pcfg_openfile: unable to check htaccess file, ensure it is readable and that '/var/www/vhosts/saratogahistory.com/httpdocs/phpBB/' is executable, referer: http://www.saratogahistory.com/phpBB/index.php
[Mon Sep 07 01:40:21.089987 2020] [proxy_fcgi:error] [pid 32322:tid 140619355772672] [client 217.107.194.62:39692] AH01071: Got error 'Primary script unknown\n', referer: http://www.saratogahistory.com/index.php
[Mon Sep 07 01:40:21.412694 2020] [proxy_fcgi:error] [pid 6888:tid 140619124995840] [client 217.107.194.62:39714] AH01071: Got error 'Primary script unknown\n', referer: http://www.saratogahistory.com/index.php
[Mon Sep 07 01:40:21.721822 2020] [proxy_fcgi:error] [pid 32322:tid 140619135485696] [client 217.107.194.62:39740] AH01071: Got error 'Primary script unknown\n', referer: http://www.saratogahistory.com/index.php
[Mon Sep 07 02:17:55.589740 2020] [core:crit] [pid 32352:tid 140619282343680] (13)Permission denied: [client 109.169.65.225:36006] AH00529: /var/www/vhosts/saratogahistory.com/httpdocs/phpBB/.htaccess pcfg_openfile: unable to check htaccess file, ensure it is readable and that '/var/www/vhosts/saratogahistory.com/httpdocs/phpBB/' is executable, referer: http://www.saratogahistory.com/phpBB/index.php
[Mon Sep 07 02:26:57.021831 2020] [core:crit] [pid 32352:tid 140619240384256] (13)Permission denied: [client 109.70.100.38:58442] AH00529: /var/www/vhosts/saratogahistory.com/httpdocs/phpBB/.htaccess pcfg_openfile: unable to check htaccess file, ensure it is readable and that '/var/www/vhosts/saratogahistory.com/httpdocs/phpBB/' is executable, referer: http://www.saratogahistory.com/phpBB/index.php
[Mon Sep 07 03:15:37.014420 2020] [core:crit] [pid 32352:tid 140619366262528] (13)Permission denied: [client 37.115.220.118:45594] AH00529: /var/www/vhosts/saratogahistory.com/httpdocs/phpBB/.htaccess pcfg_openfile: unable to check htaccess file, ensure it is readable and that '/var/www/vhosts/saratogahistory.com/httpdocs/phpBB/' is executable, referer: http://www.saratogahistory.com/phpBB/index.php
[Mon Sep 07 03:56:07.646652 2020] [core:crit] [pid 6888:tid 140619324303104] (13)Permission denied: [client 185.220.101.136:39358] AH00529: /var/www/vhosts/saratogahistory.com/httpdocs/phpBB/.htaccess pcfg_openfile: unable to check htaccess file, ensure it is readable and that '/var/www/vhosts/saratogahistory.com/httpdocs/phpBB/' is executable, referer: http://www.saratogahistory.com/phpBB/index.php
[Mon Sep 07 04:24:17.965409 2020] [core:crit] [pid 6888:tid 140619208914688] (13)Permission denied: [client 185.220.101.209:35716] AH00529: /var/www/vhosts/saratogahistory.com/httpdocs/phpBB/.htaccess pcfg_openfile: unable to check htaccess file, ensure it is readable and that '/var/www/vhosts/saratogahistory.com/httpdocs/phpBB/' is executable, referer: http://www.saratogahistory.com/phpBB/index.php
[Mon Sep 07 04:39:36.825408 2020] [core:crit] [pid 6888:tid 140619282343680] (13)Permission denied: [client 94.230.208.147:45274] AH00529: /var/www/vhosts/saratogahistory.com/httpdocs/phpBB/.htaccess pcfg_openfile: unable to check htaccess file, ensure it is readable and that '/var/www/vhosts/saratogahistory.com/httpdocs/phpBB/' is executable, referer: http://www.saratogahistory.com/phpBB/index.php
[Mon Sep 07 05:10:11.588415 2020] [core:crit] [pid 6888:tid 140619261363968] (13)Permission denied: [client 185.25.35.8:48728] AH00529: /var/www/vhosts/saratogahistory.com/httpdocs/phpBB/.htaccess pcfg_openfile: unable to check htaccess file, ensure it is readable and that '/var/www/vhosts/saratogahistory.com/httpdocs/phpBB/' is executable
[Mon Sep 07 05:42:59.170329 2020] [core:crit] [pid 6888:tid 140619250874112] (13)Permission denied: [client 185.25.35.13:59446] AH00529: /var/www/vhosts/saratogahistory.com/httpdocs/phpBB/.htaccess pcfg_openfile: unable to check htaccess file, ensure it is readable and that '/var/www/vhosts/saratogahistory.com/httpdocs/phpBB/' is executable
[Mon Sep 07 06:29:17.114349 2020] [core:crit] [pid 6888:tid 140619313813248] (13)Permission denied: [client 47.244.9.128:51356] AH00529: /var/www/vhosts/saratogahistory.com/httpdocs/phpBB/.htaccess pcfg_openfile: unable to check htaccess file, ensure it is readable and that '/var/www/vhosts/saratogahistory.com/httpdocs/phpBB/' is executable, referer: http://www.saratogahistory.com/phpBB/index.php
[Mon Sep 07 06:32:51.627173 2020] [core:crit] [pid 6888:tid 140619366262528] (13)Permission denied: [client 185.247.224.11:33100] AH00529: /var/www/vhosts/saratogahistory.com/httpdocs/phpBB/.htaccess pcfg_openfile: unable to check htaccess file, ensure it is readable and that '/var/www/vhosts/saratogahistory.com/httpdocs/phpBB/' is executable, referer: http://www.saratogahistory.com/phpBB/index.php
[Mon Sep 07 06:41:14.432535 2020] [core:crit] [pid 6888:tid 140619334792960] (13)Permission denied: [client 93.158.161.10:33292] AH00529: /var/www/vhosts/saratogahistory.com/httpdocs/phpBB/.htaccess pcfg_openfile: unable to check htaccess file, ensure it is readable and that '/var/www/vhosts/saratogahistory.com/httpdocs/phpBB/' is executable
[Mon Sep 07 07:00:03.861814 2020] [core:crit] [pid 32352:tid 140619124995840] (13)Permission denied: [client 185.25.35.11:54530] AH00529: /var/www/vhosts/saratogahistory.com/httpdocs/phpBB/.htaccess pcfg_openfile: unable to check htaccess file, ensure it is readable and that '/var/www/vhosts/saratogahistory.com/httpdocs/phpBB/' is executable
[Mon Sep 07 07:13:22.754094 2020] [core:crit] [pid 6888:tid 140619198424832] (13)Permission denied: [client 185.25.35.14:60974] AH00529: /var/www/vhosts/saratogahistory.com/httpdocs/phpBB/.htaccess pcfg_openfile: unable to check htaccess file, ensure it is readable and that '/var/www/vhosts/saratogahistory.com/httpdocs/phpBB/' is executable
[Mon Sep 07 07:29:27.417579 2020] [core:crit] [pid 32352:tid 140619166955264] (13)Permission denied: [client 185.220.102.253:49282] AH00529: /var/www/vhosts/saratogahistory.com/httpdocs/phpBB/.htaccess pcfg_openfile: unable to check htaccess file, ensure it is readable and that '/var/www/vhosts/saratogahistory.com/httpdocs/phpBB/' is executable, referer: http://www.saratogahistory.com/phpBB/index.php
[Mon Sep 07 07:34:54.138620 2020] [proxy_fcgi:error] [pid 32352:tid 140619303323392] [client 188.163.47.244:35534] AH01071: Got error 'Primary script unknown\n'
[Mon Sep 07 07:47:28.143957 2020] [core:crit] [pid 32325:tid 140619145975552] (13)Permission denied: [client 5.3.230.74:41152] AH00529: /var/www/vhosts/saratogahistory.com/httpdocs/phpBB/.htaccess pcfg_openfile: unable to check htaccess file, ensure it is readable and that '/var/www/vhosts/saratogahistory.com/httpdocs/phpBB/' is executable
[Mon Sep 07 08:10:14.241260 2020] [core:crit] [pid 6888:tid 140619292833536] (13)Permission denied: [client 77.88.5.246:50920] AH00529: /var/www/vhosts/saratogahistory.com/httpdocs/phpBB/.htaccess pcfg_openfile: unable to check htaccess file, ensure it is readable and that '/var/www/vhosts/saratogahistory.com/httpdocs/phpBB/' is executable
[Mon Sep 07 08:25:47.703709 2020] [core:crit] [pid 6888:tid 140619366262528] (13)Permission denied: [client 104.244.76.13:43530] AH00529: /var/www/vhosts/saratogahistory.com/httpdocs/phpBB/.htaccess pcfg_openfile: unable to check htaccess file, ensure it is readable and that '/var/www/vhosts/saratogahistory.com/httpdocs/phpBB/' is executable, referer: http://www.saratogahistory.com/phpBB/index.php
[Mon Sep 07 08:34:26.796239 2020] [core:crit] [pid 6888:tid 140619324303104] (13)Permission denied: [client 104.168.82.8:41360] AH00529: /var/www/vhosts/saratogahistory.com/httpdocs/phpBB/.htaccess pcfg_openfile: unable to check htaccess file, ensure it is readable and that '/var/www/vhosts/saratogahistory.com/httpdocs/phpBB/' is executable
[Mon Sep 07 08:36:46.531963 2020] [core:crit] [pid 6888:tid 140619145975552] (13)Permission denied: [client 54.38.81.231:47422] AH00529: /var/www/vhosts/saratogahistory.com/httpdocs/phpBB/.htaccess pcfg_openfile: unable to check htaccess file, ensure it is readable and that '/var/www/vhosts/saratogahistory.com/httpdocs/phpBB/' is executable, referer: http://www.saratogahistory.com/phpBB/index.php
[Mon Sep 07 09:33:41.941254 2020] [core:crit] [pid 6888:tid 140619166955264] (13)Permission denied: [client 62.210.103.67:58036] AH00529: /var/www/vhosts/saratogahistory.com/httpdocs/phpBB/.htaccess pcfg_openfile: unable to check htaccess file, ensure it is readable and that '/var/www/vhosts/saratogahistory.com/httpdocs/phpBB/' is executable, referer: http://www.saratogahistory.com/phpBB/index.php
[Mon Sep 07 09:38:52.116259 2020] [core:crit] [pid 6888:tid 140619334792960] (13)Permission denied: [client 104.238.36.15:43010] AH00529: /var/www/vhosts/saratogahistory.com/httpdocs/phpBB/.htaccess pcfg_openfile: unable to check htaccess file, ensure it is readable and that '/var/www/vhosts/saratogahistory.com/httpdocs/phpBB/' is executable, referer: http://www.saratogahistory.com/phpBB/index.php
[Mon Sep 07 10:04:16.792926 2020] [core:crit] [pid 6888:tid 140619355772672] (13)Permission denied: [client 45.41.134.141:45130] AH00529: /var/www/vhosts/saratogahistory.com/httpdocs/phpBB/.htaccess pcfg_openfile: unable to check htaccess file, ensure it is readable and that '/var/www/vhosts/saratogahistory.com/httpdocs/phpBB/' is executable, referer: http://www.saratogahistory.com/phpBB/index.php
[Mon Sep 07 10:16:21.269506 2020] [core:crit] [pid 6888:tid 140619313813248] (13)Permission denied: [client 185.220.101.6:41396] AH00529: /var/www/vhosts/saratogahistory.com/httpdocs/phpBB/.htaccess pcfg_openfile: unable to check htaccess file, ensure it is readable and that '/var/www/vhosts/saratogahistory.com/httpdocs/phpBB/' is executable, referer: http://www.saratogahistory.com/phpBB/index.php
[Mon Sep 07 10:28:18.520451 2020] [core:crit] [pid 6888:tid 140619324303104] (13)Permission denied: [client 45.141.156.17:32776] AH00529: /var/www/vhosts/saratogahistory.com/httpdocs/phpBB/.htaccess pcfg_openfile: unable to check htaccess file, ensure it is readable and that '/var/www/vhosts/saratogahistory.com/httpdocs/phpBB/' is executable, referer: http://www.saratogahistory.com/phpBB/
[Mon Sep 07 10:57:37.333507 2020] [core:crit] [pid 6888:tid 140619313813248] (13)Permission denied: [client 64.113.32.29:55070] AH00529: /var/www/vhosts/saratogahistory.com/httpdocs/phpBB/.htaccess pcfg_openfile: unable to check htaccess file, ensure it is readable and that '/var/www/vhosts/saratogahistory.com/httpdocs/phpBB/' is executable, referer: http://www.saratogahistory.com/phpBB/index.php
[Mon Sep 07 11:00:00.538999 2020] [core:crit] [pid 32352:tid 140619376752384] (13)Permission denied: [client 5.188.210.18:60050] AH00529: /var/www/vhosts/saratogahistory.com/httpdocs/phpBB/.htaccess pcfg_openfile: unable to check htaccess file, ensure it is readable and that '/var/www/vhosts/saratogahistory.com/httpdocs/phpBB/' is executable, referer: http://www.saratogahistory.com/phpBB/index.php
[Mon Sep 07 11:08:26.143136 2020] [core:crit] [pid 32352:tid 140619135485696] (13)Permission denied: [client 185.25.35.14:46384] AH00529: /var/www/vhosts/saratogahistory.com/httpdocs/phpBB/.htaccess pcfg_openfile: unable to check htaccess file, ensure it is readable and that '/var/www/vhosts/saratogahistory.com/httpdocs/phpBB/' is executable
[Mon Sep 07 11:44:14.903815 2020] [core:crit] [pid 32352:tid 140619261363968] (13)Permission denied: [client 185.25.35.10:52002] AH00529: /var/www/vhosts/saratogahistory.com/httpdocs/phpBB/.htaccess pcfg_openfile: unable to check htaccess file, ensure it is readable and that '/var/www/vhosts/saratogahistory.com/httpdocs/phpBB/' is executable
[Mon Sep 07 12:31:07.627132 2020] [core:crit] [pid 6888:tid 140619376752384] (13)Permission denied: [client 82.221.131.71:53310] AH00529: /var/www/vhosts/saratogahistory.com/httpdocs/phpBB/.htaccess pcfg_openfile: unable to check htaccess file, ensure it is readable and that '/var/www/vhosts/saratogahistory.com/httpdocs/phpBB/' is executable, referer: http://www.saratogahistory.com/phpBB/index.php
[Mon Sep 07 12:40:45.406576 2020] [core:crit] [pid 6888:tid 140619240384256] (13)Permission denied: [client 198.46.174.54:43990] AH00529: /var/www/vhosts/saratogahistory.com/httpdocs/phpBB/.htaccess pcfg_openfile: unable to check htaccess file, ensure it is readable and that '/var/www/vhosts/saratogahistory.com/httpdocs/phpBB/' is executable, referer: http://www.saratogahistory.com/
[Mon Sep 07 12:40:45.921137 2020] [core:crit] [pid 6888:tid 140619261363968] (13)Permission denied: [client 207.244.117.179:44012] AH00529: /var/www/vhosts/saratogahistory.com/httpdocs/phpBB/.htaccess pcfg_openfile: unable to check htaccess file, ensure it is readable and that '/var/www/vhosts/saratogahistory.com/httpdocs/phpBB/' is executable, referer: http://www.saratogahistory.com/
[Mon Sep 07 12:40:46.221619 2020] [core:crit] [pid 6888:tid 140619324303104] (13)Permission denied: [client 206.41.177.253:44020] AH00529: /var/www/vhosts/saratogahistory.com/httpdocs/phpBB/.htaccess pcfg_openfile: unable to check htaccess file, ensure it is readable and that '/var/www/vhosts/saratogahistory.com/httpdocs/phpBB/' is executable, referer: http://www.saratogahistory.com/
[Mon Sep 07 12:40:46.566645 2020] [core:crit] [pid 6888:tid 140619187934976] (13)Permission denied: [client 198.46.174.54:44024] AH00529: /var/www/vhosts/saratogahistory.com/httpdocs/phpBB/.htaccess pcfg_openfile: unable to check htaccess file, ensure it is readable and that '/var/www/vhosts/saratogahistory.com/httpdocs/phpBB/' is executable, referer: http://www.saratogahistory.com/
[Mon Sep 07 12:48:02.637163 2020] [core:crit] [pid 6888:tid 140619124995840] (13)Permission denied: [client 5.188.210.18:59210] AH00529: /var/www/vhosts/saratogahistory.com/httpdocs/phpBB/.htaccess pcfg_openfile: unable to check htaccess file, ensure it is readable and that '/var/www/vhosts/saratogahistory.com/httpdocs/phpBB/' is executable, referer: http://www.saratogahistory.com/phpBB/index.php
[Mon Sep 07 12:54:33.114342 2020] [core:crit] [pid 6888:tid 140619345282816] (13)Permission denied: [client 96.44.183.149:44418] AH00529: /var/www/vhosts/saratogahistory.com/httpdocs/phpBB/.htaccess pcfg_openfile: unable to check htaccess file, ensure it is readable and that '/var/www/vhosts/saratogahistory.com/httpdocs/phpBB/' is executable, referer: http://www.saratogahistory.com/phpBB/index.php
[Mon Sep 07 12:54:40.417310 2020] [proxy_fcgi:error] [pid 32352:tid 140619187934976] [client 96.44.183.149:44670] AH01071: Got error 'Primary script unknown\n', referer: http://www.saratogahistory.com/index.php
[Mon Sep 07 12:54:43.972114 2020] [proxy_fcgi:error] [pid 32352:tid 140619366262528] [client 96.44.183.149:44738] AH01071: Got error 'Primary script unknown\n', referer: http://www.saratogahistory.com/index.php
[Mon Sep 07 12:54:46.297962 2020] [proxy_fcgi:error] [pid 32352:tid 140619229894400] [client 96.44.183.149:44808] AH01071: Got error 'Primary script unknown\n', referer: http://www.saratogahistory.com/index.php
[Mon Sep 07 13:06:24.638390 2020] [core:crit] [pid 6888:tid 140619355772672] (13)Permission denied: [client 185.25.35.10:42630] AH00529: /var/www/vhosts/saratogahistory.com/httpdocs/phpBB/.htaccess pcfg_openfile: unable to check htaccess file, ensure it is readable and that '/var/www/vhosts/saratogahistory.com/httpdocs/phpBB/' is executable
[Mon Sep 07 13:19:24.017375 2020] [core:crit] [pid 6888:tid 140619135485696] (13)Permission denied: [client 185.25.35.13:41572] AH00529: /var/www/vhosts/saratogahistory.com/httpdocs/phpBB/.htaccess pcfg_openfile: unable to check htaccess file, ensure it is readable and that '/var/www/vhosts/saratogahistory.com/httpdocs/phpBB/' is executable
[Mon Sep 07 14:20:01.195368 2020] [core:crit] [pid 32352:tid 140619166955264] (13)Permission denied: [client 216.144.228.130:59840] AH00529: /var/www/vhosts/saratogahistory.com/httpdocs/phpBB/.htaccess pcfg_openfile: unable to check htaccess file, ensure it is readable and that '/var/www/vhosts/saratogahistory.com/httpdocs/phpBB/' is executable, referer: http://www.saratogahistory.com/phpBB/index.php
[Mon Sep 07 14:21:07.978733 2020] [proxy_fcgi:error] [pid 32352:tid 140619219404544] [client 69.61.200.104:34228] AH01071: Got error 'Primary script unknown\n', referer: http://www.saratogahistory.com/index.php
[Mon Sep 07 14:21:23.890218 2020] [proxy_fcgi:error] [pid 6888:tid 140619261363968] [client 69.61.200.104:34884] AH01071: Got error 'Primary script unknown\n', referer: http://www.saratogahistory.com/index.php
[Mon Sep 07 14:21:29.548481 2020] [proxy_fcgi:error] [pid 32352:tid 140619177445120] [client 69.61.200.104:35080] AH01071: Got error 'Primary script unknown\n', referer: http://www.saratogahistory.com/index.php
[Mon Sep 07 14:23:19.408971 2020] [core:crit] [pid 32352:tid 140619135485696] (13)Permission denied: [client 198.98.58.66:39264] AH00529: /var/www/vhosts/saratogahistory.com/httpdocs/phpBB/.htaccess pcfg_openfile: unable to check htaccess file, ensure it is readable and that '/var/www/vhosts/saratogahistory.com/httpdocs/phpBB/' is executable, referer: http://www.saratogahistory.com/phpBB/index.php
[Mon Sep 07 14:35:20.020383 2020] [core:crit] [pid 32352:tid 140619345282816] (13)Permission denied: [client 178.17.171.124:38378] AH00529: /var/www/vhosts/saratogahistory.com/httpdocs/phpBB/.htaccess pcfg_openfile: unable to check htaccess file, ensure it is readable and that '/var/www/vhosts/saratogahistory.com/httpdocs/phpBB/' is executable, referer: http://www.saratogahistory.com/phpBB/index.php
[Mon Sep 07 15:02:28.973579 2020] [core:crit] [pid 6888:tid 140619355772672] (13)Permission denied: [client 5.188.210.18:42130] AH00529: /var/www/vhosts/saratogahistory.com/httpdocs/phpBB/.htaccess pcfg_openfile: unable to check htaccess file, ensure it is readable and that '/var/www/vhosts/saratogahistory.com/httpdocs/phpBB/' is executable, referer: http://www.saratogahistory.com/phpBB/index.php
[Mon Sep 07 15:26:38.623727 2020] [core:crit] [pid 32352:tid 140619208914688] (13)Permission denied: [client 90.154.79.105:39486] AH00529: /var/www/vhosts/saratogahistory.com/httpdocs/phpBB/.htaccess pcfg_openfile: unable to check htaccess file, ensure it is readable and that '/var/www/vhosts/saratogahistory.com/httpdocs/phpBB/' is executable, referer: http://www.saratogahistory.com/phpBB/index.php
[Mon Sep 07 15:26:39.754901 2020] [proxy_fcgi:error] [pid 6888:tid 140619219404544] [client 90.154.79.105:39510] AH01071: Got error 'Primary script unknown\n', referer: http://www.saratogahistory.com/index.php
[Mon Sep 07 15:26:40.059303 2020] [proxy_fcgi:error] [pid 6888:tid 140619145975552] [client 90.154.79.105:39516] AH01071: Got error 'Primary script unknown\n', referer: http://www.saratogahistory.com/index.php
[Mon Sep 07 15:26:40.368522 2020] [proxy_fcgi:error] [pid 6888:tid 140619156465408] [client 90.154.79.105:39526] AH01071: Got error 'Primary script unknown\n', referer: http://www.saratogahistory.com/index.php
[Mon Sep 07 16:37:59.001997 2020] [core:crit] [pid 32322:tid 140619240384256] (13)Permission denied: [client 185.220.100.241:53606] AH00529: /var/www/vhosts/saratogahistory.com/httpdocs/phpBB/.htaccess pcfg_openfile: unable to check htaccess file, ensure it is readable and that '/var/www/vhosts/saratogahistory.com/httpdocs/phpBB/' is executable, referer: http://www.saratogahistory.com/phpBB/index.php
[Mon Sep 07 17:18:29.051665 2020] [core:crit] [pid 32325:tid 140619208914688] (13)Permission denied: [client 185.25.35.15:54722] AH00529: /var/www/vhosts/saratogahistory.com/httpdocs/phpBB/.htaccess pcfg_openfile: unable to check htaccess file, ensure it is readable and that '/var/www/vhosts/saratogahistory.com/httpdocs/phpBB/' is executable
[Mon Sep 07 17:39:02.780886 2020] [core:crit] [pid 6888:tid 140619366262528] (13)Permission denied: [client 206.41.177.253:41594] AH00529: /var/www/vhosts/saratogahistory.com/httpdocs/phpBB/.htaccess pcfg_openfile: unable to check htaccess file, ensure it is readable and that '/var/www/vhosts/saratogahistory.com/httpdocs/phpBB/' is executable, referer: http://www.saratogahistory.com/
[Mon Sep 07 17:39:03.090536 2020] [core:crit] [pid 6888:tid 140619250874112] (13)Permission denied: [client 206.41.177.133:41608] AH00529: /var/www/vhosts/saratogahistory.com/httpdocs/phpBB/.htaccess pcfg_openfile: unable to check htaccess file, ensure it is readable and that '/var/www/vhosts/saratogahistory.com/httpdocs/phpBB/' is executable, referer: http://www.saratogahistory.com/
[Mon Sep 07 17:39:03.534872 2020] [core:crit] [pid 6888:tid 140619229894400] (13)Permission denied: [client 207.244.117.179:41624] AH00529: /var/www/vhosts/saratogahistory.com/httpdocs/phpBB/.htaccess pcfg_openfile: unable to check htaccess file, ensure it is readable and that '/var/www/vhosts/saratogahistory.com/httpdocs/phpBB/' is executable, referer: http://www.saratogahistory.com/
[Mon Sep 07 17:39:03.897511 2020] [core:crit] [pid 6888:tid 140619240384256] (13)Permission denied: [client 206.41.178.111:41640] AH00529: /var/www/vhosts/saratogahistory.com/httpdocs/phpBB/.htaccess pcfg_openfile: unable to check htaccess file, ensure it is readable and that '/var/www/vhosts/saratogahistory.com/httpdocs/phpBB/' is executable, referer: http://www.saratogahistory.com/
[Mon Sep 07 17:50:44.987681 2020] [core:crit] [pid 32352:tid 140619355772672] (13)Permission denied: [client 185.25.35.8:37242] AH00529: /var/www/vhosts/saratogahistory.com/httpdocs/phpBB/.htaccess pcfg_openfile: unable to check htaccess file, ensure it is readable and that '/var/www/vhosts/saratogahistory.com/httpdocs/phpBB/' is executable
[Mon Sep 07 18:16:14.771012 2020] [core:crit] [pid 6888:tid 140619229894400] (13)Permission denied: [client 185.220.100.240:38914] AH00529: /var/www/vhosts/saratogahistory.com/httpdocs/phpBB/.htaccess pcfg_openfile: unable to check htaccess file, ensure it is readable and that '/var/www/vhosts/saratogahistory.com/httpdocs/phpBB/' is executable, referer: http://www.saratogahistory.com/phpBB/index.php
[Mon Sep 07 18:25:45.987702 2020] [core:crit] [pid 6888:tid 140619292833536] (13)Permission denied: [client 77.247.181.162:33338] AH00529: /var/www/vhosts/saratogahistory.com/httpdocs/phpBB/.htaccess pcfg_openfile: unable to check htaccess file, ensure it is readable and that '/var/www/vhosts/saratogahistory.com/httpdocs/phpBB/' is executable, referer: http://www.saratogahistory.com/phpBB/index.php
[Mon Sep 07 19:10:12.351218 2020] [core:crit] [pid 6888:tid 140619187934976] (13)Permission denied: [client 185.25.35.11:59262] AH00529: /var/www/vhosts/saratogahistory.com/httpdocs/phpBB/.htaccess pcfg_openfile: unable to check htaccess file, ensure it is readable and that '/var/www/vhosts/saratogahistory.com/httpdocs/phpBB/' is executable
[Mon Sep 07 19:21:28.899952 2020] [core:crit] [pid 6888:tid 140619261363968] (13)Permission denied: [client 185.25.35.10:60060] AH00529: /var/www/vhosts/saratogahistory.com/httpdocs/phpBB/.htaccess pcfg_openfile: unable to check htaccess file, ensure it is readable and that '/var/www/vhosts/saratogahistory.com/httpdocs/phpBB/' is executable
[Mon Sep 07 19:43:34.688362 2020] [core:crit] [pid 6888:tid 140619303323392] (13)Permission denied: [client 66.249.79.87:58632] AH00529: /var/www/vhosts/saratogahistory.com/httpdocs/phpBB/.htaccess pcfg_openfile: unable to check htaccess file, ensure it is readable and that '/var/www/vhosts/saratogahistory.com/httpdocs/phpBB/' is executable
[Mon Sep 07 19:44:05.397225 2020] [core:crit] [pid 32352:tid 140619145975552] (13)Permission denied: [client 144.76.162.206:59898] AH00529: /var/www/vhosts/saratogahistory.com/httpdocs/phpBB/.htaccess pcfg_openfile: unable to check htaccess file, ensure it is readable and that '/var/www/vhosts/saratogahistory.com/httpdocs/phpBB/' is executable
[Mon Sep 07 19:44:05.981155 2020] [core:crit] [pid 32325:tid 140619219404544] (13)Permission denied: [client 5.9.145.132:59930] AH00529: /var/www/vhosts/saratogahistory.com/httpdocs/phpBB/.htaccess pcfg_openfile: unable to check htaccess file, ensure it is readable and that '/var/www/vhosts/saratogahistory.com/httpdocs/phpBB/' is executable
[Mon Sep 07 19:57:20.890043 2020] [core:crit] [pid 32352:tid 140619156465408] (13)Permission denied: [client 185.112.82.230:34496] AH00529: /var/www/vhosts/saratogahistory.com/httpdocs/phpBB/.htaccess pcfg_openfile: unable to check htaccess file, ensure it is readable and that '/var/www/vhosts/saratogahistory.com/httpdocs/phpBB/' is executable, referer: http://www.saratogahistory.com/phpBB/index.php
[Mon Sep 07 19:57:22.227482 2020] [proxy_fcgi:error] [pid 32322:tid 140619355772672] [client 185.112.82.230:34566] AH01071: Got error 'Primary script unknown\n', referer: http://www.saratogahistory.com/index.php
[Mon Sep 07 19:57:22.598538 2020] [proxy_fcgi:error] [pid 6888:tid 140619219404544] [client 185.112.82.230:34592] AH01071: Got error 'Primary script unknown\n', referer: http://www.saratogahistory.com/index.php
[Mon Sep 07 19:57:22.971145 2020] [proxy_fcgi:error] [pid 32352:tid 140619282343680] [client 185.112.82.230:34604] AH01071: Got error 'Primary script unknown\n', referer: http://www.saratogahistory.com/index.php
[Mon Sep 07 20:40:45.747657 2020] [core:crit] [pid 6888:tid 140619345282816] (13)Permission denied: [client 46.165.245.154:52146] AH00529: /var/www/vhosts/saratogahistory.com/httpdocs/phpBB/.htaccess pcfg_openfile: unable to check htaccess file, ensure it is readable and that '/var/www/vhosts/saratogahistory.com/httpdocs/phpBB/' is executable, referer: http://www.saratogahistory.com/phpBB/index.php
[Mon Sep 07 21:21:16.348073 2020] [core:crit] [pid 32325:tid 140619366262528] (13)Permission denied: [client 178.214.249.236:48658] AH00529: /var/www/vhosts/saratogahistory.com/httpdocs/phpBB/.htaccess pcfg_openfile: unable to check htaccess file, ensure it is readable and that '/var/www/vhosts/saratogahistory.com/httpdocs/phpBB/' is executable, referer: http://www.saratogahistory.com/phpBB/index.php
[Mon Sep 07 21:28:46.889655 2020] [core:crit] [pid 32352:tid 140619271853824] (13)Permission denied: [client 5.188.84.251:36304] AH00529: /var/www/vhosts/saratogahistory.com/httpdocs/phpBB/.htaccess pcfg_openfile: unable to check htaccess file, ensure it is readable and that '/var/www/vhosts/saratogahistory.com/httpdocs/phpBB/' is executable, referer: http://www.saratogahistory.com/phpBB/index.php
[Mon Sep 07 21:37:12.782730 2020] [core:crit] [pid 6888:tid 140619219404544] (13)Permission denied: [client 188.165.232.202:54938] AH00529: /var/www/vhosts/saratogahistory.com/httpdocs/phpBB/.htaccess pcfg_openfile: unable to check htaccess file, ensure it is readable and that '/var/www/vhosts/saratogahistory.com/httpdocs/phpBB/' is executable, referer: http://www.saratogahistory.com/phpBB/index.php
[Mon Sep 07 21:37:13.729078 2020] [proxy_fcgi:error] [pid 32352:tid 140619324303104] [client 188.165.232.202:54960] AH01071: Got error 'Primary script unknown\n', referer: http://www.saratogahistory.com/index.php
[Mon Sep 07 21:37:13.958929 2020] [proxy_fcgi:error] [pid 32352:tid 140619313813248] [client 188.165.232.202:54968] AH01071: Got error 'Primary script unknown\n', referer: http://www.saratogahistory.com/index.php
[Mon Sep 07 21:37:14.167108 2020] [proxy_fcgi:error] [pid 6888:tid 140619355772672] [client 188.165.232.202:54978] AH01071: Got error 'Primary script unknown\n', referer: http://www.saratogahistory.com/index.php
[Mon Sep 07 21:50:04.763932 2020] [core:crit] [pid 6888:tid 140619250874112] (13)Permission denied: [client 62.171.144.155:52870] AH00529: /var/www/vhosts/saratogahistory.com/httpdocs/phpBB/.htaccess pcfg_openfile: unable to check htaccess file, ensure it is readable and that '/var/www/vhosts/saratogahistory.com/httpdocs/phpBB/' is executable, referer: http://www.saratogahistory.com/phpBB/index.php
[Mon Sep 07 22:30:53.003729 2020] [core:crit] [pid 32352:tid 140619324303104] (13)Permission denied: [client 185.220.101.134:52592] AH00529: /var/www/vhosts/saratogahistory.com/httpdocs/phpBB/.htaccess pcfg_openfile: unable to check htaccess file, ensure it is readable and that '/var/www/vhosts/saratogahistory.com/httpdocs/phpBB/' is executable, referer: http://www.saratogahistory.com/phpBB/index.php
[Mon Sep 07 22:41:09.715682 2020] [core:crit] [pid 6888:tid 140619376752384] (13)Permission denied: [client 178.214.249.236:45108] AH00529: /var/www/vhosts/saratogahistory.com/httpdocs/phpBB/.htaccess pcfg_openfile: unable to check htaccess file, ensure it is readable and that '/var/www/vhosts/saratogahistory.com/httpdocs/phpBB/' is executable, referer: http://www.saratogahistory.com/phpBB/index.php
[Mon Sep 07 23:12:11.018995 2020] [core:crit] [pid 6888:tid 140619324303104] (13)Permission denied: [client 185.25.35.11:53328] AH00529: /var/www/vhosts/saratogahistory.com/httpdocs/phpBB/.htaccess pcfg_openfile: unable to check htaccess file, ensure it is readable and that '/var/www/vhosts/saratogahistory.com/httpdocs/phpBB/' is executable
[Mon Sep 07 23:47:17.660520 2020] [core:crit] [pid 6888:tid 140619135485696] (13)Permission denied: [client 185.25.35.13:43694] AH00529: /var/www/vhosts/saratogahistory.com/httpdocs/phpBB/.htaccess pcfg_openfile: unable to check htaccess file, ensure it is readable and that '/var/www/vhosts/saratogahistory.com/httpdocs/phpBB/' is executable
[Mon Sep 07 23:55:01.235893 2020] [core:crit] [pid 6888:tid 140619334792960] (13)Permission denied: [client 178.214.249.236:59542] AH00529: /var/www/vhosts/saratogahistory.com/httpdocs/phpBB/.htaccess pcfg_openfile: unable to check htaccess file, ensure it is readable and that '/var/www/vhosts/saratogahistory.com/httpdocs/phpBB/' is executable, referer: http://www.saratogahistory.com/phpBB/index.php
[Tue Sep 08 00:26:15.631047 2020] [core:crit] [pid 32325:tid 140619334792960] (13)Permission denied: [client 185.220.102.253:41448] AH00529: /var/www/vhosts/saratogahistory.com/httpdocs/phpBB/.htaccess pcfg_openfile: unable to check htaccess file, ensure it is readable and that '/var/www/vhosts/saratogahistory.com/httpdocs/phpBB/' is executable, referer: http://www.saratogahistory.com/phpBB/index.php
[Tue Sep 08 00:29:29.948806 2020] [core:crit] [pid 6888:tid 140619271853824] (13)Permission denied: [client 178.175.130.253:47814] AH00529: /var/www/vhosts/saratogahistory.com/httpdocs/phpBB/.htaccess pcfg_openfile: unable to check htaccess file, ensure it is readable and that '/var/www/vhosts/saratogahistory.com/httpdocs/phpBB/' is executable, referer: https://hydra-dealer.net/
[Tue Sep 08 01:04:11.772624 2020] [core:crit] [pid 6888:tid 140619145975552] (13)Permission denied: [client 185.25.35.15:35178] AH00529: /var/www/vhosts/saratogahistory.com/httpdocs/phpBB/.htaccess pcfg_openfile: unable to check htaccess file, ensure it is readable and that '/var/www/vhosts/saratogahistory.com/httpdocs/phpBB/' is executable
[Tue Sep 08 01:15:11.297696 2020] [core:crit] [pid 32352:tid 140619177445120] (13)Permission denied: [client 206.41.177.253:59468] AH00529: /var/www/vhosts/saratogahistory.com/httpdocs/phpBB/.htaccess pcfg_openfile: unable to check htaccess file, ensure it is readable and that '/var/www/vhosts/saratogahistory.com/httpdocs/phpBB/' is executable, referer: http://www.saratogahistory.com/
[Tue Sep 08 01:15:11.757245 2020] [core:crit] [pid 32325:tid 140619313813248] (13)Permission denied: [client 207.244.117.179:59488] AH00529: /var/www/vhosts/saratogahistory.com/httpdocs/phpBB/.htaccess pcfg_openfile: unable to check htaccess file, ensure it is readable and that '/var/www/vhosts/saratogahistory.com/httpdocs/phpBB/' is executable, referer: http://www.saratogahistory.com/
[Tue Sep 08 01:15:15.159920 2020] [core:crit] [pid 32352:tid 140619219404544] (13)Permission denied: [client 206.41.178.111:59658] AH00529: /var/www/vhosts/saratogahistory.com/httpdocs/phpBB/.htaccess pcfg_openfile: unable to check htaccess file, ensure it is readable and that '/var/www/vhosts/saratogahistory.com/httpdocs/phpBB/' is executable, referer: http://www.saratogahistory.com/
[Tue Sep 08 01:15:15.461718 2020] [core:crit] [pid 6888:tid 140619376752384] (13)Permission denied: [client 206.41.177.253:59672] AH00529: /var/www/vhosts/saratogahistory.com/httpdocs/phpBB/.htaccess pcfg_openfile: unable to check htaccess file, ensure it is readable and that '/var/www/vhosts/saratogahistory.com/httpdocs/phpBB/' is executable, referer: http://www.saratogahistory.com/
[Tue Sep 08 01:16:22.945303 2020] [core:crit] [pid 6888:tid 140619313813248] (13)Permission denied: [client 185.25.35.15:33682] AH00529: /var/www/vhosts/saratogahistory.com/httpdocs/phpBB/.htaccess pcfg_openfile: unable to check htaccess file, ensure it is readable and that '/var/www/vhosts/saratogahistory.com/httpdocs/phpBB/' is executable
[Tue Sep 08 01:23:36.575057 2020] [core:crit] [pid 6888:tid 140619282343680] (13)Permission denied: [client 185.220.103.6:49462] AH00529: /var/www/vhosts/saratogahistory.com/httpdocs/phpBB/.htaccess pcfg_openfile: unable to check htaccess file, ensure it is readable and that '/var/www/vhosts/saratogahistory.com/httpdocs/phpBB/' is executable, referer: http://www.saratogahistory.com/phpBB/index.php
[Tue Sep 08 01:25:57.806259 2020] [core:crit] [pid 32352:tid 140619292833536] (13)Permission denied: [client 209.58.157.122:54976] AH00529: /var/www/vhosts/saratogahistory.com/httpdocs/phpBB/.htaccess pcfg_openfile: unable to check htaccess file, ensure it is readable and that '/var/www/vhosts/saratogahistory.com/httpdocs/phpBB/' is executable, referer: http://www.saratogahistory.com/
[Tue Sep 08 01:25:58.270737 2020] [core:crit] [pid 32352:tid 140619303323392] (13)Permission denied: [client 23.105.157.27:54990] AH00529: /var/www/vhosts/saratogahistory.com/httpdocs/phpBB/.htaccess pcfg_openfile: unable to check htaccess file, ensure it is readable and that '/var/www/vhosts/saratogahistory.com/httpdocs/phpBB/' is executable, referer: http://www.saratogahistory.com/
[Tue Sep 08 01:25:58.722191 2020] [core:crit] [pid 6888:tid 140619324303104] (13)Permission denied: [client 209.58.157.122:55004] AH00529: /var/www/vhosts/saratogahistory.com/httpdocs/phpBB/.htaccess pcfg_openfile: unable to check htaccess file, ensure it is readable and that '/var/www/vhosts/saratogahistory.com/httpdocs/phpBB/' is executable, referer: http://www.saratogahistory.com/
[Tue Sep 08 01:25:59.094038 2020] [core:crit] [pid 6888:tid 140619261363968] (13)Permission denied: [client 206.41.178.78:55022] AH00529: /var/www/vhosts/saratogahistory.com/httpdocs/phpBB/.htaccess pcfg_openfile: unable to check htaccess file, ensure it is readable and that '/var/www/vhosts/saratogahistory.com/httpdocs/phpBB/' is executable, referer: http://www.saratogahistory.com/
[Tue Sep 08 01:29:33.466571 2020] [core:crit] [pid 32352:tid 140619282343680] (13)Permission denied: [client 66.249.79.85:35826] AH00529: /var/www/vhosts/saratogahistory.com/httpdocs/phpBB/.htaccess pcfg_openfile: unable to check htaccess file, ensure it is readable and that '/var/www/vhosts/saratogahistory.com/httpdocs/phpBB/' is executable
[Tue Sep 08 01:46:16.716558 2020] [core:crit] [pid 32352:tid 140619208914688] (13)Permission denied: [client 66.249.79.89:47168] AH00529: /var/www/vhosts/saratogahistory.com/httpdocs/phpBB/.htaccess pcfg_openfile: unable to check htaccess file, ensure it is readable and that '/var/www/vhosts/saratogahistory.com/httpdocs/phpBB/' is executable
[Tue Sep 08 01:51:16.939430 2020] [core:crit] [pid 6888:tid 140619166955264] (13)Permission denied: [client 66.249.79.85:57972] AH00529: /var/www/vhosts/saratogahistory.com/httpdocs/phpBB/.htaccess pcfg_openfile: unable to check htaccess file, ensure it is readable and that '/var/www/vhosts/saratogahistory.com/httpdocs/phpBB/' is executable
[Tue Sep 08 01:51:22.638677 2020] [core:crit] [pid 6888:tid 140619355772672] (13)Permission denied: [client 5.188.84.251:58224] AH00529: /var/www/vhosts/saratogahistory.com/httpdocs/phpBB/.htaccess pcfg_openfile: unable to check htaccess file, ensure it is readable and that '/var/www/vhosts/saratogahistory.com/httpdocs/phpBB/' is executable, referer: http://www.saratogahistory.com/phpBB/index.php
[Tue Sep 08 01:55:22.059629 2020] [proxy_fcgi:error] [pid 6888:tid 140619261363968] [client 222.73.129.15:38710] AH01071: Got error 'Primary script unknown\n'
[Tue Sep 08 02:33:43.945165 2020] [core:crit] [pid 6888:tid 140619303323392] (13)Permission denied: [client 178.70.109.15:42164] AH00529: /var/www/vhosts/saratogahistory.com/httpdocs/phpBB/.htaccess pcfg_openfile: unable to check htaccess file, ensure it is readable and that '/var/www/vhosts/saratogahistory.com/httpdocs/phpBB/' is executable, referer: http://www.saratogahistory.com/phpBB/index.php
[Tue Sep 08 02:33:45.112506 2020] [proxy_fcgi:error] [pid 6888:tid 140619198424832] [client 178.70.109.15:42202] AH01071: Got error 'Primary script unknown\n', referer: http://www.saratogahistory.com/index.php
[Tue Sep 08 02:33:45.468225 2020] [proxy_fcgi:error] [pid 32352:tid 140619366262528] [client 178.70.109.15:42220] AH01071: Got error 'Primary script unknown\n', referer: http://www.saratogahistory.com/index.php
[Tue Sep 08 02:33:45.844467 2020] [proxy_fcgi:error] [pid 32325:tid 140619366262528] [client 178.70.109.15:42224] AH01071: Got error 'Primary script unknown\n', referer: http://www.saratogahistory.com/index.php
[Tue Sep 08 02:38:14.792779 2020] [core:crit] [pid 6888:tid 140619250874112] (13)Permission denied: [client 38.81.163.3:51074] AH00529: /var/www/vhosts/saratogahistory.com/httpdocs/phpBB/.htaccess pcfg_openfile: unable to check htaccess file, ensure it is readable and that '/var/www/vhosts/saratogahistory.com/httpdocs/phpBB/' is executable, referer: http://www.saratogahistory.com/phpBB/index.php
[Tue Sep 08 03:20:25.088157 2020] [core:crit] [pid 6888:tid 140619345282816] (13)Permission denied: [client 95.111.240.199:58242] AH00529: /var/www/vhosts/saratogahistory.com/httpdocs/phpBB/.htaccess pcfg_openfile: unable to check htaccess file, ensure it is readable and that '/var/www/vhosts/saratogahistory.com/httpdocs/phpBB/' is executable, referer: http://www.saratogahistory.com/phpBB/index.php
[Tue Sep 08 03:20:25.925045 2020] [proxy_fcgi:error] [pid 6888:tid 140619366262528] [client 95.111.240.199:58266] AH01071: Got error 'Primary script unknown\n', referer: http://www.saratogahistory.com/index.php
[Tue Sep 08 03:20:26.157714 2020] [proxy_fcgi:error] [pid 32325:tid 140619334792960] [client 95.111.240.199:58276] AH01071: Got error 'Primary script unknown\n', referer: http://www.saratogahistory.com/index.php
[Tue Sep 08 03:20:26.390102 2020] [proxy_fcgi:error] [pid 6888:tid 140619250874112] [client 95.111.240.199:58282] AH01071: Got error 'Primary script unknown\n', referer: http://www.saratogahistory.com/index.php
[Tue Sep 08 03:47:34.808000 2020] [core:crit] [pid 6888:tid 140619135485696] (13)Permission denied: [client 85.206.165.23:57630] AH00529: /var/www/vhosts/saratogahistory.com/httpdocs/phpBB/.htaccess pcfg_openfile: unable to check htaccess file, ensure it is readable and that '/var/www/vhosts/saratogahistory.com/httpdocs/phpBB/' is executable, referer: http://www.saratogahistory.com/phpBB/index.php
[Tue Sep 08 04:25:41.177571 2020] [core:crit] [pid 32325:tid 140619198424832] (13)Permission denied: [client 206.41.178.78:60090] AH00529: /var/www/vhosts/saratogahistory.com/httpdocs/phpBB/.htaccess pcfg_openfile: unable to check htaccess file, ensure it is readable and that '/var/www/vhosts/saratogahistory.com/httpdocs/phpBB/' is executable, referer: http://www.saratogahistory.com/
[Tue Sep 08 04:25:41.634635 2020] [core:crit] [pid 6888:tid 140619208914688] (13)Permission denied: [client 207.244.117.179:60104] AH00529: /var/www/vhosts/saratogahistory.com/httpdocs/phpBB/.htaccess pcfg_openfile: unable to check htaccess file, ensure it is readable and that '/var/www/vhosts/saratogahistory.com/httpdocs/phpBB/' is executable, referer: http://www.saratogahistory.com/
[Tue Sep 08 04:25:42.080784 2020] [core:crit] [pid 32325:tid 140619229894400] (13)Permission denied: [client 207.244.119.205:60118] AH00529: /var/www/vhosts/saratogahistory.com/httpdocs/phpBB/.htaccess pcfg_openfile: unable to check htaccess file, ensure it is readable and that '/var/www/vhosts/saratogahistory.com/httpdocs/phpBB/' is executable, referer: http://www.saratogahistory.com/
[Tue Sep 08 04:25:42.514405 2020] [core:crit] [pid 32352:tid 140619271853824] (13)Permission denied: [client 23.105.157.27:60136] AH00529: /var/www/vhosts/saratogahistory.com/httpdocs/phpBB/.htaccess pcfg_openfile: unable to check htaccess file, ensure it is readable and that '/var/www/vhosts/saratogahistory.com/httpdocs/phpBB/' is executable, referer: http://www.saratogahistory.com/
[Tue Sep 08 04:29:34.932628 2020] [core:crit] [pid 32352:tid 140619324303104] (13)Permission denied: [client 185.220.100.252:40070] AH00529: /var/www/vhosts/saratogahistory.com/httpdocs/phpBB/.htaccess pcfg_openfile: unable to check htaccess file, ensure it is readable and that '/var/www/vhosts/saratogahistory.com/httpdocs/phpBB/' is executable, referer: http://www.saratogahistory.com/phpBB/index.php
[Tue Sep 08 04:36:22.079149 2020] [core:crit] [pid 6888:tid 140619198424832] (13)Permission denied: [client 178.214.249.236:54186] AH00529: /var/www/vhosts/saratogahistory.com/httpdocs/phpBB/.htaccess pcfg_openfile: unable to check htaccess file, ensure it is readable and that '/var/www/vhosts/saratogahistory.com/httpdocs/phpBB/' is executable, referer: http://www.saratogahistory.com/phpBB/index.php
[Tue Sep 08 05:04:58.712962 2020] [core:crit] [pid 6888:tid 140619219404544] (13)Permission denied: [client 185.220.102.254:59608] AH00529: /var/www/vhosts/saratogahistory.com/httpdocs/phpBB/.htaccess pcfg_openfile: unable to check htaccess file, ensure it is readable and that '/var/www/vhosts/saratogahistory.com/httpdocs/phpBB/' is executable, referer: http://www.saratogahistory.com/phpBB/index.php
[Tue Sep 08 05:06:19.720406 2020] [core:crit] [pid 32352:tid 140619261363968] (13)Permission denied: [client 185.25.35.11:34198] AH00529: /var/www/vhosts/saratogahistory.com/httpdocs/phpBB/.htaccess pcfg_openfile: unable to check htaccess file, ensure it is readable and that '/var/www/vhosts/saratogahistory.com/httpdocs/phpBB/' is executable
[Tue Sep 08 05:39:20.027942 2020] [core:crit] [pid 32352:tid 140619135485696] (13)Permission denied: [client 185.25.35.14:50712] AH00529: /var/www/vhosts/saratogahistory.com/httpdocs/phpBB/.htaccess pcfg_openfile: unable to check htaccess file, ensure it is readable and that '/var/www/vhosts/saratogahistory.com/httpdocs/phpBB/' is executable
[Tue Sep 08 05:56:47.933607 2020] [core:crit] [pid 32325:tid 140619292833536] (13)Permission denied: [client 40.77.167.107:33664] AH00529: /var/www/vhosts/saratogahistory.com/httpdocs/phpBB/.htaccess pcfg_openfile: unable to check htaccess file, ensure it is readable and that '/var/www/vhosts/saratogahistory.com/httpdocs/phpBB/' is executable
[Tue Sep 08 06:08:25.459632 2020] [core:crit] [pid 32352:tid 140619177445120] (13)Permission denied: [client 109.248.11.172:33272] AH00529: /var/www/vhosts/saratogahistory.com/httpdocs/phpBB/.htaccess pcfg_openfile: unable to check htaccess file, ensure it is readable and that '/var/www/vhosts/saratogahistory.com/httpdocs/phpBB/' is executable, referer: http://www.saratogahistory.com/phpBB/index.php
[Tue Sep 08 06:08:26.534267 2020] [proxy_fcgi:error] [pid 32352:tid 140619145975552] [client 109.248.11.172:33308] AH01071: Got error 'Primary script unknown\n', referer: http://www.saratogahistory.com/index.php
[Tue Sep 08 06:08:26.849412 2020] [proxy_fcgi:error] [pid 32352:tid 140619135485696] [client 109.248.11.172:33318] AH01071: Got error 'Primary script unknown\n', referer: http://www.saratogahistory.com/index.php
[Tue Sep 08 06:08:27.143537 2020] [proxy_fcgi:error] [pid 6888:tid 140619366262528] [client 109.248.11.172:33324] AH01071: Got error 'Primary script unknown\n', referer: http://www.saratogahistory.com/index.php
[Tue Sep 08 06:15:15.511082 2020] [core:crit] [pid 6888:tid 140619250874112] (13)Permission denied: [client 178.214.249.236:47522] AH00529: /var/www/vhosts/saratogahistory.com/httpdocs/phpBB/.htaccess pcfg_openfile: unable to check htaccess file, ensure it is readable and that '/var/www/vhosts/saratogahistory.com/httpdocs/phpBB/' is executable, referer: http://www.saratogahistory.com/phpBB/index.php
[Tue Sep 08 06:28:25.956250 2020] [core:crit] [pid 6888:tid 140619187934976] (13)Permission denied: [client 185.220.102.254:47548] AH00529: /var/www/vhosts/saratogahistory.com/httpdocs/phpBB/.htaccess pcfg_openfile: unable to check htaccess file, ensure it is readable and that '/var/www/vhosts/saratogahistory.com/httpdocs/phpBB/' is executable, referer: http://www.saratogahistory.com/phpBB/index.php
[Tue Sep 08 06:55:06.439505 2020] [core:crit] [pid 6888:tid 140619313813248] (13)Permission denied: [client 185.25.35.10:53538] AH00529: /var/www/vhosts/saratogahistory.com/httpdocs/phpBB/.htaccess pcfg_openfile: unable to check htaccess file, ensure it is readable and that '/var/www/vhosts/saratogahistory.com/httpdocs/phpBB/' is executable
[Tue Sep 08 07:07:47.069692 2020] [core:crit] [pid 6888:tid 140619229894400] (13)Permission denied: [client 185.25.35.15:53702] AH00529: /var/www/vhosts/saratogahistory.com/httpdocs/phpBB/.htaccess pcfg_openfile: unable to check htaccess file, ensure it is readable and that '/var/www/vhosts/saratogahistory.com/httpdocs/phpBB/' is executable
[Tue Sep 08 07:11:03.014444 2020] [core:crit] [pid 6888:tid 140619187934976] (13)Permission denied: [client 176.105.254.141:60898] AH00529: /var/www/vhosts/saratogahistory.com/httpdocs/phpBB/.htaccess pcfg_openfile: unable to check htaccess file, ensure it is readable and that '/var/www/vhosts/saratogahistory.com/httpdocs/phpBB/' is executable
[Tue Sep 08 07:11:04.829990 2020] [core:crit] [pid 32352:tid 140619135485696] (13)Permission denied: [client 176.105.254.141:60986] AH00529: /var/www/vhosts/saratogahistory.com/httpdocs/phpBB/.htaccess pcfg_openfile: unable to check htaccess file, ensure it is readable and that '/var/www/vhosts/saratogahistory.com/httpdocs/phpBB/' is executable
[Tue Sep 08 08:36:23.180733 2020] [core:crit] [pid 6888:tid 140619261363968] (13)Permission denied: [client 185.213.155.169:35168] AH00529: /var/www/vhosts/saratogahistory.com/httpdocs/phpBB/.htaccess pcfg_openfile: unable to check htaccess file, ensure it is readable and that '/var/www/vhosts/saratogahistory.com/httpdocs/phpBB/' is executable, referer: http://www.saratogahistory.com/phpBB/index.php
[Tue Sep 08 08:44:34.121623 2020] [core:crit] [pid 6888:tid 140619156465408] (13)Permission denied: [client 178.165.72.177:53452] AH00529: /var/www/vhosts/saratogahistory.com/httpdocs/phpBB/.htaccess pcfg_openfile: unable to check htaccess file, ensure it is readable and that '/var/www/vhosts/saratogahistory.com/httpdocs/phpBB/' is executable, referer: http://www.saratogahistory.com/phpBB/index.php
[Tue Sep 08 08:53:39.054988 2020] [core:crit] [pid 6888:tid 140619229894400] (13)Permission denied: [client 62.210.188.222:43762] AH00529: /var/www/vhosts/saratogahistory.com/httpdocs/phpBB/.htaccess pcfg_openfile: unable to check htaccess file, ensure it is readable and that '/var/www/vhosts/saratogahistory.com/httpdocs/phpBB/' is executable
[Tue Sep 08 09:15:50.498850 2020] [core:crit] [pid 6888:tid 140619135485696] (13)Permission denied: [client 185.220.100.245:36052] AH00529: /var/www/vhosts/saratogahistory.com/httpdocs/phpBB/.htaccess pcfg_openfile: unable to check htaccess file, ensure it is readable and that '/var/www/vhosts/saratogahistory.com/httpdocs/phpBB/' is executable, referer: http://www.saratogahistory.com/phpBB/index.php
[Tue Sep 08 09:23:26.594459 2020] [core:crit] [pid 32352:tid 140619219404544] (13)Permission denied: [client 40.77.167.59:52774] AH00529: /var/www/vhosts/saratogahistory.com/httpdocs/phpBB/.htaccess pcfg_openfile: unable to check htaccess file, ensure it is readable and that '/var/www/vhosts/saratogahistory.com/httpdocs/phpBB/' is executable
[Tue Sep 08 10:34:06.992053 2020] [core:crit] [pid 32352:tid 140619208914688] (13)Permission denied: [client 185.220.102.252:53948] AH00529: /var/www/vhosts/saratogahistory.com/httpdocs/phpBB/.htaccess pcfg_openfile: unable to check htaccess file, ensure it is readable and that '/var/www/vhosts/saratogahistory.com/httpdocs/phpBB/' is executable, referer: http://www.saratogahistory.com/phpBB/index.php
[Tue Sep 08 11:12:41.727787 2020] [core:crit] [pid 6888:tid 140619261363968] (13)Permission denied: [client 185.25.35.12:57388] AH00529: /var/www/vhosts/saratogahistory.com/httpdocs/phpBB/.htaccess pcfg_openfile: unable to check htaccess file, ensure it is readable and that '/var/www/vhosts/saratogahistory.com/httpdocs/phpBB/' is executable
[Tue Sep 08 11:42:55.430589 2020] [core:crit] [pid 32325:tid 140619135485696] (13)Permission denied: [client 185.25.35.10:45692] AH00529: /var/www/vhosts/saratogahistory.com/httpdocs/phpBB/.htaccess pcfg_openfile: unable to check htaccess file, ensure it is readable and that '/var/www/vhosts/saratogahistory.com/httpdocs/phpBB/' is executable
[Tue Sep 08 11:49:25.959759 2020] [core:crit] [pid 32352:tid 140619124995840] (13)Permission denied: [client 95.65.81.152:33076] AH00529: /var/www/vhosts/saratogahistory.com/httpdocs/phpBB/.htaccess pcfg_openfile: unable to check htaccess file, ensure it is readable and that '/var/www/vhosts/saratogahistory.com/httpdocs/phpBB/' is executable, referer: http://www.saratogahistory.com/phpBB/index.php
[Tue Sep 08 12:09:38.722733 2020] [core:crit] [pid 32325:tid 140619324303104] (13)Permission denied: [client 77.247.181.162:49626] AH00529: /var/www/vhosts/saratogahistory.com/httpdocs/phpBB/.htaccess pcfg_openfile: unable to check htaccess file, ensure it is readable and that '/var/www/vhosts/saratogahistory.com/httpdocs/phpBB/' is executable, referer: http://www.saratogahistory.com/phpBB/index.php
[Tue Sep 08 12:45:17.885872 2020] [core:crit] [pid 6888:tid 140619366262528] (13)Permission denied: [client 62.102.148.69:46118] AH00529: /var/www/vhosts/saratogahistory.com/httpdocs/phpBB/.htaccess pcfg_openfile: unable to check htaccess file, ensure it is readable and that '/var/www/vhosts/saratogahistory.com/httpdocs/phpBB/' is executable, referer: http://www.saratogahistory.com/phpBB/index.php
[Tue Sep 08 12:56:24.818540 2020] [core:crit] [pid 6888:tid 140619261363968] (13)Permission denied: [client 185.25.35.15:43754] AH00529: /var/www/vhosts/saratogahistory.com/httpdocs/phpBB/.htaccess pcfg_openfile: unable to check htaccess file, ensure it is readable and that '/var/www/vhosts/saratogahistory.com/httpdocs/phpBB/' is executable
[Tue Sep 08 13:12:13.802331 2020] [core:crit] [pid 6888:tid 140619208914688] (13)Permission denied: [client 185.25.35.8:50650] AH00529: /var/www/vhosts/saratogahistory.com/httpdocs/phpBB/.htaccess pcfg_openfile: unable to check htaccess file, ensure it is readable and that '/var/www/vhosts/saratogahistory.com/httpdocs/phpBB/' is executable
[Tue Sep 08 13:54:27.319202 2020] [core:crit] [pid 32352:tid 140619135485696] (13)Permission denied: [client 178.159.37.69:40954] AH00529: /var/www/vhosts/saratogahistory.com/httpdocs/phpBB/.htaccess pcfg_openfile: unable to check htaccess file, ensure it is readable and that '/var/www/vhosts/saratogahistory.com/httpdocs/phpBB/' is executable
[Tue Sep 08 13:56:17.298188 2020] [core:crit] [pid 6888:tid 140619240384256] (13)Permission denied: [client 195.254.135.76:45510] AH00529: /var/www/vhosts/saratogahistory.com/httpdocs/phpBB/.htaccess pcfg_openfile: unable to check htaccess file, ensure it is readable and that '/var/www/vhosts/saratogahistory.com/httpdocs/phpBB/' is executable, referer: http://www.saratogahistory.com/phpBB/index.php
[Tue Sep 08 14:34:26.971319 2020] [core:crit] [pid 32352:tid 140619355772672] (13)Permission denied: [client 5.2.77.146:49512] AH00529: /var/www/vhosts/saratogahistory.com/httpdocs/phpBB/.htaccess pcfg_openfile: unable to check htaccess file, ensure it is readable and that '/var/www/vhosts/saratogahistory.com/httpdocs/phpBB/' is executable, referer: http://www.saratogahistory.com/phpBB/index.php
[Tue Sep 08 14:55:30.136029 2020] [core:crit] [pid 32352:tid 140619229894400] (13)Permission denied: [client 46.191.232.223:42022] AH00529: /var/www/vhosts/saratogahistory.com/httpdocs/phpBB/.htaccess pcfg_openfile: unable to check htaccess file, ensure it is readable and that '/var/www/vhosts/saratogahistory.com/httpdocs/phpBB/' is executable, referer: http://www.saratogahistory.com/phpBB/index.php
[Tue Sep 08 15:23:51.113796 2020] [core:crit] [pid 6888:tid 140619324303104] (13)Permission denied: [client 212.83.166.62:52810] AH00529: /var/www/vhosts/saratogahistory.com/httpdocs/phpBB/.htaccess pcfg_openfile: unable to check htaccess file, ensure it is readable and that '/var/www/vhosts/saratogahistory.com/httpdocs/phpBB/' is executable, referer: http://www.saratogahistory.com/phpBB/index.php
[Tue Sep 08 15:50:15.887545 2020] [core:crit] [pid 6888:tid 140619135485696] (13)Permission denied: [client 178.214.249.236:58364] AH00529: /var/www/vhosts/saratogahistory.com/httpdocs/phpBB/.htaccess pcfg_openfile: unable to check htaccess file, ensure it is readable and that '/var/www/vhosts/saratogahistory.com/httpdocs/phpBB/' is executable, referer: http://www.saratogahistory.com/phpBB/index.php
[Tue Sep 08 16:02:38.876244 2020] [core:crit] [pid 32352:tid 140619261363968] (13)Permission denied: [client 185.220.101.21:60736] AH00529: /var/www/vhosts/saratogahistory.com/httpdocs/phpBB/.htaccess pcfg_openfile: unable to check htaccess file, ensure it is readable and that '/var/www/vhosts/saratogahistory.com/httpdocs/phpBB/' is executable, referer: http://www.saratogahistory.com/phpBB/index.php
[Tue Sep 08 16:39:49.974063 2020] [core:crit] [pid 32352:tid 140619145975552] (13)Permission denied: [client 198.144.121.207:42690] AH00529: /var/www/vhosts/saratogahistory.com/httpdocs/phpBB/.htaccess pcfg_openfile: unable to check htaccess file, ensure it is readable and that '/var/www/vhosts/saratogahistory.com/httpdocs/phpBB/' is executable, referer: http://www.saratogahistory.com/phpBB/index.php
[Tue Sep 08 17:12:47.145909 2020] [core:crit] [pid 32352:tid 140619187934976] (13)Permission denied: [client 178.71.184.240:58048] AH00529: /var/www/vhosts/saratogahistory.com/httpdocs/phpBB/.htaccess pcfg_openfile: unable to check htaccess file, ensure it is readable and that '/var/www/vhosts/saratogahistory.com/httpdocs/phpBB/' is executable, referer: http://www.saratogahistory.com/phpBB/index.php
[Tue Sep 08 17:15:41.153237 2020] [core:crit] [pid 6888:tid 140619124995840] (13)Permission denied: [client 66.249.79.85:38010] AH00529: /var/www/vhosts/saratogahistory.com/httpdocs/phpBB/.htaccess pcfg_openfile: unable to check htaccess file, ensure it is readable and that '/var/www/vhosts/saratogahistory.com/httpdocs/phpBB/' is executable
[Tue Sep 08 17:16:37.470651 2020] [core:crit] [pid 6888:tid 140619303323392] (13)Permission denied: [client 185.25.35.8:40080] AH00529: /var/www/vhosts/saratogahistory.com/httpdocs/phpBB/.htaccess pcfg_openfile: unable to check htaccess file, ensure it is readable and that '/var/www/vhosts/saratogahistory.com/httpdocs/phpBB/' is executable
[Tue Sep 08 17:19:18.376290 2020] [core:crit] [pid 6888:tid 140619271853824] (13)Permission denied: [client 66.249.79.89:45646] AH00529: /var/www/vhosts/saratogahistory.com/httpdocs/phpBB/.htaccess pcfg_openfile: unable to check htaccess file, ensure it is readable and that '/var/www/vhosts/saratogahistory.com/httpdocs/phpBB/' is executable
[Tue Sep 08 17:22:05.594982 2020] [core:crit] [pid 32352:tid 140619166955264] (13)Permission denied: [client 66.249.79.87:50822] AH00529: /var/www/vhosts/saratogahistory.com/httpdocs/phpBB/.htaccess pcfg_openfile: unable to check htaccess file, ensure it is readable and that '/var/www/vhosts/saratogahistory.com/httpdocs/phpBB/' is executable
[Tue Sep 08 17:45:19.635685 2020] [core:crit] [pid 32352:tid 140619324303104] (13)Permission denied: [client 185.25.35.14:48924] AH00529: /var/www/vhosts/saratogahistory.com/httpdocs/phpBB/.htaccess pcfg_openfile: unable to check htaccess file, ensure it is readable and that '/var/www/vhosts/saratogahistory.com/httpdocs/phpBB/' is executable
[Tue Sep 08 18:11:54.093457 2020] [core:crit] [pid 6888:tid 140619345282816] (13)Permission denied: [client 185.253.217.89:52144] AH00529: /var/www/vhosts/saratogahistory.com/httpdocs/phpBB/.htaccess pcfg_openfile: unable to check htaccess file, ensure it is readable and that '/var/www/vhosts/saratogahistory.com/httpdocs/phpBB/' is executable, referer: http://www.saratogahistory.com/phpBB/index.php
[Tue Sep 08 18:22:07.022324 2020] [core:crit] [pid 32352:tid 140619177445120] (13)Permission denied: [client 185.220.102.245:47246] AH00529: /var/www/vhosts/saratogahistory.com/httpdocs/phpBB/.htaccess pcfg_openfile: unable to check htaccess file, ensure it is readable and that '/var/www/vhosts/saratogahistory.com/httpdocs/phpBB/' is executable, referer: http://www.saratogahistory.com/phpBB/index.php
[Tue Sep 08 18:39:49.048277 2020] [core:crit] [pid 6888:tid 140619313813248] (13)Permission denied: [client 217.107.194.62:60942] AH00529: /var/www/vhosts/saratogahistory.com/httpdocs/phpBB/.htaccess pcfg_openfile: unable to check htaccess file, ensure it is readable and that '/var/www/vhosts/saratogahistory.com/httpdocs/phpBB/' is executable, referer: http://www.saratogahistory.com/phpBB/index.php
[Tue Sep 08 19:02:47.407849 2020] [core:crit] [pid 32322:tid 140619292833536] (13)Permission denied: [client 185.25.35.15:53572] AH00529: /var/www/vhosts/saratogahistory.com/httpdocs/phpBB/.htaccess pcfg_openfile: unable to check htaccess file, ensure it is readable and that '/var/www/vhosts/saratogahistory.com/httpdocs/phpBB/' is executable
[Tue Sep 08 19:14:53.530880 2020] [core:crit] [pid 6888:tid 140619219404544] (13)Permission denied: [client 185.25.35.13:51660] AH00529: /var/www/vhosts/saratogahistory.com/httpdocs/phpBB/.htaccess pcfg_openfile: unable to check htaccess file, ensure it is readable and that '/var/www/vhosts/saratogahistory.com/httpdocs/phpBB/' is executable
[Tue Sep 08 19:28:04.725382 2020] [core:crit] [pid 6888:tid 140619271853824] (13)Permission denied: [client 66.249.79.89:54200] AH00529: /var/www/vhosts/saratogahistory.com/httpdocs/phpBB/.htaccess pcfg_openfile: unable to check htaccess file, ensure it is readable and that '/var/www/vhosts/saratogahistory.com/httpdocs/phpBB/' is executable
[Tue Sep 08 19:28:56.226276 2020] [core:crit] [pid 32352:tid 140619366262528] (13)Permission denied: [client 66.249.79.89:56408] AH00529: /var/www/vhosts/saratogahistory.com/httpdocs/phpBB/.htaccess pcfg_openfile: unable to check htaccess file, ensure it is readable and that '/var/www/vhosts/saratogahistory.com/httpdocs/phpBB/' is executable
[Tue Sep 08 19:31:04.610319 2020] [core:crit] [pid 6888:tid 140619250874112] (13)Permission denied: [client 66.249.79.87:32926] AH00529: /var/www/vhosts/saratogahistory.com/httpdocs/phpBB/.htaccess pcfg_openfile: unable to check htaccess file, ensure it is readable and that '/var/www/vhosts/saratogahistory.com/httpdocs/phpBB/' is executable
[Tue Sep 08 19:32:43.009910 2020] [core:crit] [pid 6888:tid 140619366262528] (13)Permission denied: [client 66.249.79.89:36426] AH00529: /var/www/vhosts/saratogahistory.com/httpdocs/phpBB/.htaccess pcfg_openfile: unable to check htaccess file, ensure it is readable and that '/var/www/vhosts/saratogahistory.com/httpdocs/phpBB/' is executable
[Tue Sep 08 19:47:28.463123 2020] [core:crit] [pid 6888:tid 140619156465408] (13)Permission denied: [client 178.214.249.236:40464] AH00529: /var/www/vhosts/saratogahistory.com/httpdocs/phpBB/.htaccess pcfg_openfile: unable to check htaccess file, ensure it is readable and that '/var/www/vhosts/saratogahistory.com/httpdocs/phpBB/' is executable, referer: http://www.saratogahistory.com/phpBB/index.php
[Tue Sep 08 19:58:43.766202 2020] [core:crit] [pid 6888:tid 140619303323392] (13)Permission denied: [client 51.83.139.56:35646] AH00529: /var/www/vhosts/saratogahistory.com/httpdocs/phpBB/.htaccess pcfg_openfile: unable to check htaccess file, ensure it is readable and that '/var/www/vhosts/saratogahistory.com/httpdocs/phpBB/' is executable, referer: http://www.saratogahistory.com/phpBB/index.php
[Tue Sep 08 20:37:20.394921 2020] [core:crit] [pid 6888:tid 140619366262528] (13)Permission denied: [client 195.37.209.9:56164] AH00529: /var/www/vhosts/saratogahistory.com/httpdocs/phpBB/.htaccess pcfg_openfile: unable to check htaccess file, ensure it is readable and that '/var/www/vhosts/saratogahistory.com/httpdocs/phpBB/' is executable, referer: http://www.saratogahistory.com/phpBB/index.php
[Tue Sep 08 20:54:52.267875 2020] [core:crit] [pid 6888:tid 140619166955264] (13)Permission denied: [client 104.218.63.119:34502] AH00529: /var/www/vhosts/saratogahistory.com/httpdocs/phpBB/.htaccess pcfg_openfile: unable to check htaccess file, ensure it is readable and that '/var/www/vhosts/saratogahistory.com/httpdocs/phpBB/' is executable, referer: http://www.saratogahistory.com/phpBB/index.php
[Tue Sep 08 22:25:22.119479 2020] [core:crit] [pid 32352:tid 140619208914688] (13)Permission denied: [client 159.224.225.228:41224] AH00529: /var/www/vhosts/saratogahistory.com/httpdocs/phpBB/.htaccess pcfg_openfile: unable to check htaccess file, ensure it is readable and that '/var/www/vhosts/saratogahistory.com/httpdocs/phpBB/' is executable
[Tue Sep 08 22:25:22.404677 2020] [core:crit] [pid 32352:tid 140619334792960] (13)Permission denied: [client 159.224.225.228:41234] AH00529: /var/www/vhosts/saratogahistory.com/httpdocs/phpBB/.htaccess pcfg_openfile: unable to check htaccess file, ensure it is readable and that '/var/www/vhosts/saratogahistory.com/httpdocs/phpBB/' is executable
[Tue Sep 08 22:25:22.669670 2020] [core:crit] [pid 32325:tid 140619240384256] (13)Permission denied: [client 159.224.225.228:41252] AH00529: /var/www/vhosts/saratogahistory.com/httpdocs/phpBB/.htaccess pcfg_openfile: unable to check htaccess file, ensure it is readable and that '/var/www/vhosts/saratogahistory.com/httpdocs/phpBB/' is executable
[Tue Sep 08 22:32:13.467343 2020] [core:crit] [pid 32325:tid 140619282343680] (13)Permission denied: [client 31.220.2.133:54958] AH00529: /var/www/vhosts/saratogahistory.com/httpdocs/phpBB/.htaccess pcfg_openfile: unable to check htaccess file, ensure it is readable and that '/var/www/vhosts/saratogahistory.com/httpdocs/phpBB/' is executable, referer: http://www.saratogahistory.com/phpBB/index.php
[Tue Sep 08 22:33:10.889025 2020] [core:crit] [pid 32352:tid 140619187934976] (13)Permission denied: [client 185.246.210.21:56962] AH00529: /var/www/vhosts/saratogahistory.com/httpdocs/phpBB/.htaccess pcfg_openfile: unable to check htaccess file, ensure it is readable and that '/var/www/vhosts/saratogahistory.com/httpdocs/phpBB/' is executable, referer: http://www.saratogahistory.com/phpBB/index.php
[Tue Sep 08 22:33:12.553506 2020] [proxy_fcgi:error] [pid 6888:tid 140619198424832] [client 185.246.210.21:57052] AH01071: Got error 'Primary script unknown\n', referer: http://www.saratogahistory.com/index.php
[Tue Sep 08 22:33:13.018153 2020] [proxy_fcgi:error] [pid 6888:tid 140619345282816] [client 185.246.210.21:57084] AH01071: Got error 'Primary script unknown\n', referer: http://www.saratogahistory.com/index.php
[Tue Sep 08 22:33:13.489556 2020] [proxy_fcgi:error] [pid 32322:tid 140619156465408] [client 185.246.210.21:57128] AH01071: Got error 'Primary script unknown\n', referer: http://www.saratogahistory.com/index.php
[Tue Sep 08 22:42:10.754776 2020] [core:crit] [pid 6888:tid 140619366262528] (13)Permission denied: [client 185.112.35.27:48564] AH00529: /var/www/vhosts/saratogahistory.com/httpdocs/phpBB/.htaccess pcfg_openfile: unable to check htaccess file, ensure it is readable and that '/var/www/vhosts/saratogahistory.com/httpdocs/phpBB/' is executable, referer: http://www.saratogahistory.com/
[Tue Sep 08 22:52:52.449343 2020] [core:crit] [pid 6888:tid 140619376752384] (13)Permission denied: [client 178.70.109.15:44562] AH00529: /var/www/vhosts/saratogahistory.com/httpdocs/phpBB/.htaccess pcfg_openfile: unable to check htaccess file, ensure it is readable and that '/var/www/vhosts/saratogahistory.com/httpdocs/phpBB/' is executable, referer: http://www.saratogahistory.com/phpBB/index.php
[Tue Sep 08 22:52:53.534489 2020] [proxy_fcgi:error] [pid 6888:tid 140619271853824] [client 178.70.109.15:44614] AH01071: Got error 'Primary script unknown\n', referer: http://www.saratogahistory.com/index.php
[Tue Sep 08 22:52:53.836689 2020] [proxy_fcgi:error] [pid 32352:tid 140619292833536] [client 178.70.109.15:44624] AH01071: Got error 'Primary script unknown\n', referer: http://www.saratogahistory.com/index.php
[Tue Sep 08 22:52:54.152654 2020] [proxy_fcgi:error] [pid 32352:tid 140619303323392] [client 178.70.109.15:44660] AH01071: Got error 'Primary script unknown\n', referer: http://www.saratogahistory.com/index.php
[Tue Sep 08 23:11:55.335172 2020] [core:crit] [pid 32352:tid 140619124995840] (13)Permission denied: [client 185.25.35.9:58118] AH00529: /var/www/vhosts/saratogahistory.com/httpdocs/phpBB/.htaccess pcfg_openfile: unable to check htaccess file, ensure it is readable and that '/var/www/vhosts/saratogahistory.com/httpdocs/phpBB/' is executable
[Tue Sep 08 23:20:35.549634 2020] [core:crit] [pid 6888:tid 140619187934976] (13)Permission denied: [client 216.244.66.235:51020] AH00529: /var/www/vhosts/saratogahistory.com/httpdocs/phpBB/.htaccess pcfg_openfile: unable to check htaccess file, ensure it is readable and that '/var/www/vhosts/saratogahistory.com/httpdocs/phpBB/' is executable
[Tue Sep 08 23:33:47.154500 2020] [core:crit] [pid 32352:tid 140619187934976] (13)Permission denied: [client 85.206.165.23:50250] AH00529: /var/www/vhosts/saratogahistory.com/httpdocs/phpBB/.htaccess pcfg_openfile: unable to check htaccess file, ensure it is readable and that '/var/www/vhosts/saratogahistory.com/httpdocs/phpBB/' is executable, referer: https://ananumous.ru
[Tue Sep 08 23:40:08.285232 2020] [core:crit] [pid 32352:tid 140619303323392] (13)Permission denied: [client 185.25.35.15:37690] AH00529: /var/www/vhosts/saratogahistory.com/httpdocs/phpBB/.htaccess pcfg_openfile: unable to check htaccess file, ensure it is readable and that '/var/www/vhosts/saratogahistory.com/httpdocs/phpBB/' is executable
[Tue Sep 08 23:41:55.783683 2020] [core:crit] [pid 32352:tid 140619156465408] (13)Permission denied: [client 216.244.66.235:41876] AH00529: /var/www/vhosts/saratogahistory.com/httpdocs/phpBB/.htaccess pcfg_openfile: unable to check htaccess file, ensure it is readable and that '/var/www/vhosts/saratogahistory.com/httpdocs/phpBB/' is executable
[Tue Sep 08 23:44:54.598102 2020] [core:crit] [pid 6888:tid 140619292833536] (13)Permission denied: [client 185.220.101.142:48038] AH00529: /var/www/vhosts/saratogahistory.com/httpdocs/phpBB/.htaccess pcfg_openfile: unable to check htaccess file, ensure it is readable and that '/var/www/vhosts/saratogahistory.com/httpdocs/phpBB/' is executable, referer: http://www.saratogahistory.com/phpBB/index.php
[Wed Sep 09 00:02:21.894830 2020] [core:crit] [pid 32352:tid 140619187934976] (13)Permission denied: [client 178.159.37.58:59244] AH00529: /var/www/vhosts/saratogahistory.com/httpdocs/phpBB/.htaccess pcfg_openfile: unable to check htaccess file, ensure it is readable and that '/var/www/vhosts/saratogahistory.com/httpdocs/phpBB/' is executable, referer: http://www.saratogahistory.com/phpBB/index.php
[Wed Sep 09 00:21:21.733081 2020] [core:crit] [pid 6888:tid 140619324303104] (13)Permission denied: [client 216.244.66.235:47490] AH00529: /var/www/vhosts/saratogahistory.com/httpdocs/phpBB/.htaccess pcfg_openfile: unable to check htaccess file, ensure it is readable and that '/var/www/vhosts/saratogahistory.com/httpdocs/phpBB/' is executable
[Wed Sep 09 00:29:57.409796 2020] [core:crit] [pid 6888:tid 140619145975552] (13)Permission denied: [client 109.70.100.51:37742] AH00529: /var/www/vhosts/saratogahistory.com/httpdocs/phpBB/.htaccess pcfg_openfile: unable to check htaccess file, ensure it is readable and that '/var/www/vhosts/saratogahistory.com/httpdocs/phpBB/' is executable, referer: http://www.saratogahistory.com/phpBB/index.php
[Wed Sep 09 00:44:11.027110 2020] [core:crit] [pid 32325:tid 140619135485696] (13)Permission denied: [client 66.249.79.85:38818] AH00529: /var/www/vhosts/saratogahistory.com/httpdocs/phpBB/.htaccess pcfg_openfile: unable to check htaccess file, ensure it is readable and that '/var/www/vhosts/saratogahistory.com/httpdocs/phpBB/' is executable
[Wed Sep 09 00:59:10.560011 2020] [core:crit] [pid 32352:tid 140619324303104] (13)Permission denied: [client 185.25.35.13:44136] AH00529: /var/www/vhosts/saratogahistory.com/httpdocs/phpBB/.htaccess pcfg_openfile: unable to check htaccess file, ensure it is readable and that '/var/www/vhosts/saratogahistory.com/httpdocs/phpBB/' is executable
[Wed Sep 09 00:59:20.855461 2020] [proxy_fcgi:error] [pid 32352:tid 140619261363968] [client 34.89.159.62:44446] AH01071: Got error 'Primary script unknown\n'
[Wed Sep 09 01:04:02.787795 2020] [core:crit] [pid 6888:tid 140619166955264] (13)Permission denied: [client 92.124.162.214:55500] AH00529: /var/www/vhosts/saratogahistory.com/httpdocs/phpBB/.htaccess pcfg_openfile: unable to check htaccess file, ensure it is readable and that '/var/www/vhosts/saratogahistory.com/httpdocs/phpBB/' is executable, referer: http://www.saratogahistory.com/phpBB/index.php
[Wed Sep 09 01:10:52.166819 2020] [core:crit] [pid 32352:tid 140619177445120] (13)Permission denied: [client 185.25.35.15:44786] AH00529: /var/www/vhosts/saratogahistory.com/httpdocs/phpBB/.htaccess pcfg_openfile: unable to check htaccess file, ensure it is readable and that '/var/www/vhosts/saratogahistory.com/httpdocs/phpBB/' is executable
[Wed Sep 09 01:19:05.893914 2020] [core:crit] [pid 32325:tid 140619156465408] (13)Permission denied: [client 93.120.167.107:36104] AH00529: /var/www/vhosts/saratogahistory.com/httpdocs/phpBB/.htaccess pcfg_openfile: unable to check htaccess file, ensure it is readable and that '/var/www/vhosts/saratogahistory.com/httpdocs/phpBB/' is executable, referer: http://www.saratogahistory.com/phpBB/index.php
[Wed Sep 09 01:21:10.689965 2020] [core:crit] [pid 6888:tid 140619282343680] (13)Permission denied: [client 173.231.59.213:41372] AH00529: /var/www/vhosts/saratogahistory.com/httpdocs/phpBB/.htaccess pcfg_openfile: unable to check htaccess file, ensure it is readable and that '/var/www/vhosts/saratogahistory.com/httpdocs/phpBB/' is executable, referer: http://www.saratogahistory.com/
[Wed Sep 09 02:23:29.845739 2020] [core:crit] [pid 6888:tid 140619271853824] (13)Permission denied: [client 192.166.245.176:47296] AH00529: /var/www/vhosts/saratogahistory.com/httpdocs/phpBB/.htaccess pcfg_openfile: unable to check htaccess file, ensure it is readable and that '/var/www/vhosts/saratogahistory.com/httpdocs/phpBB/' is executable, referer: http://www.saratogahistory.com/phpBB/index.php
[Wed Sep 09 02:25:11.166228 2020] [core:crit] [pid 32325:tid 140619219404544] (13)Permission denied: [client 216.244.66.235:51164] AH00529: /var/www/vhosts/saratogahistory.com/httpdocs/phpBB/.htaccess pcfg_openfile: unable to check htaccess file, ensure it is readable and that '/var/www/vhosts/saratogahistory.com/httpdocs/phpBB/' is executable
[Wed Sep 09 02:25:14.007712 2020] [core:crit] [pid 6888:tid 140619250874112] (13)Permission denied: [client 185.220.102.248:51272] AH00529: /var/www/vhosts/saratogahistory.com/httpdocs/phpBB/.htaccess pcfg_openfile: unable to check htaccess file, ensure it is readable and that '/var/www/vhosts/saratogahistory.com/httpdocs/phpBB/' is executable, referer: http://www.saratogahistory.com/phpBB/index.php
[Wed Sep 09 02:39:46.047647 2020] [core:crit] [pid 32325:tid 140619229894400] (13)Permission denied: [client 216.244.66.235:58966] AH00529: /var/www/vhosts/saratogahistory.com/httpdocs/phpBB/.htaccess pcfg_openfile: unable to check htaccess file, ensure it is readable and that '/var/www/vhosts/saratogahistory.com/httpdocs/phpBB/' is executable
[Wed Sep 09 02:46:40.276823 2020] [core:crit] [pid 6888:tid 140619229894400] (13)Permission denied: [client 216.244.66.235:45380] AH00529: /var/www/vhosts/saratogahistory.com/httpdocs/phpBB/.htaccess pcfg_openfile: unable to check htaccess file, ensure it is readable and that '/var/www/vhosts/saratogahistory.com/httpdocs/phpBB/' is executable
[Wed Sep 09 03:13:20.473257 2020] [core:crit] [pid 6888:tid 140619145975552] (13)Permission denied: [client 216.244.66.235:50794] AH00529: /var/www/vhosts/saratogahistory.com/httpdocs/phpBB/.htaccess pcfg_openfile: unable to check htaccess file, ensure it is readable and that '/var/www/vhosts/saratogahistory.com/httpdocs/phpBB/' is executable
[Wed Sep 09 03:13:34.821414 2020] [core:crit] [pid 32325:tid 140619145975552] (13)Permission denied: [client 178.214.249.236:51488] AH00529: /var/www/vhosts/saratogahistory.com/httpdocs/phpBB/.htaccess pcfg_openfile: unable to check htaccess file, ensure it is readable and that '/var/www/vhosts/saratogahistory.com/httpdocs/phpBB/' is executable, referer: http://www.saratogahistory.com/phpBB/index.php
[Wed Sep 09 03:25:39.598464 2020] [core:crit] [pid 6888:tid 140619366262528] (13)Permission denied: [client 178.214.249.236:49376] AH00529: /var/www/vhosts/saratogahistory.com/httpdocs/phpBB/.htaccess pcfg_openfile: unable to check htaccess file, ensure it is readable and that '/var/www/vhosts/saratogahistory.com/httpdocs/phpBB/' is executable, referer: http://www.saratogahistory.com/phpBB/index.php
[Wed Sep 09 03:51:41.651085 2020] [core:crit] [pid 6888:tid 140619145975552] (13)Permission denied: [client 81.17.16.146:53028] AH00529: /var/www/vhosts/saratogahistory.com/httpdocs/phpBB/.htaccess pcfg_openfile: unable to check htaccess file, ensure it is readable and that '/var/www/vhosts/saratogahistory.com/httpdocs/phpBB/' is executable, referer: http://www.saratogahistory.com/phpBB/index.php
[Wed Sep 09 04:21:33.687125 2020] [core:crit] [pid 6888:tid 140619208914688] (13)Permission denied: [client 163.172.151.47:42648] AH00529: /var/www/vhosts/saratogahistory.com/httpdocs/phpBB/.htaccess pcfg_openfile: unable to check htaccess file, ensure it is readable and that '/var/www/vhosts/saratogahistory.com/httpdocs/phpBB/' is executable, referer: http://www.saratogahistory.com/phpBB/index.php
[Wed Sep 09 04:55:54.165831 2020] [core:crit] [pid 32352:tid 140619156465408] (13)Permission denied: [client 216.244.66.235:33008] AH00529: /var/www/vhosts/saratogahistory.com/httpdocs/phpBB/.htaccess pcfg_openfile: unable to check htaccess file, ensure it is readable and that '/var/www/vhosts/saratogahistory.com/httpdocs/phpBB/' is executable
[Wed Sep 09 05:10:56.261028 2020] [core:crit] [pid 32352:tid 140619376752384] (13)Permission denied: [client 185.25.35.13:37958] AH00529: /var/www/vhosts/saratogahistory.com/httpdocs/phpBB/.htaccess pcfg_openfile: unable to check htaccess file, ensure it is readable and that '/var/www/vhosts/saratogahistory.com/httpdocs/phpBB/' is executable
[Wed Sep 09 05:24:35.391196 2020] [core:crit] [pid 6888:tid 140619198424832] (13)Permission denied: [client 199.21.113.254:40130] AH00529: /var/www/vhosts/saratogahistory.com/httpdocs/phpBB/.htaccess pcfg_openfile: unable to check htaccess file, ensure it is readable and that '/var/www/vhosts/saratogahistory.com/httpdocs/phpBB/' is executable, referer: http://www.saratogahistory.com/
[Wed Sep 09 05:24:35.569608 2020] [core:crit] [pid 6888:tid 140619345282816] (13)Permission denied: [client 104.144.213.107:40138] AH00529: /var/www/vhosts/saratogahistory.com/httpdocs/phpBB/.htaccess pcfg_openfile: unable to check htaccess file, ensure it is readable and that '/var/www/vhosts/saratogahistory.com/httpdocs/phpBB/' is executable, referer: http://www.saratogahistory.com/
[Wed Sep 09 05:24:35.798372 2020] [core:crit] [pid 6888:tid 140619250874112] (13)Permission denied: [client 107.173.248.73:40148] AH00529: /var/www/vhosts/saratogahistory.com/httpdocs/phpBB/.htaccess pcfg_openfile: unable to check htaccess file, ensure it is readable and that '/var/www/vhosts/saratogahistory.com/httpdocs/phpBB/' is executable, referer: http://www.saratogahistory.com/
[Wed Sep 09 05:24:35.992424 2020] [core:crit] [pid 6888:tid 140619282343680] (13)Permission denied: [client 192.210.185.193:40158] AH00529: /var/www/vhosts/saratogahistory.com/httpdocs/phpBB/.htaccess pcfg_openfile: unable to check htaccess file, ensure it is readable and that '/var/www/vhosts/saratogahistory.com/httpdocs/phpBB/' is executable, referer: http://www.saratogahistory.com/
[Wed Sep 09 05:38:32.225145 2020] [core:crit] [pid 6888:tid 140619156465408] (13)Permission denied: [client 185.25.35.8:42860] AH00529: /var/www/vhosts/saratogahistory.com/httpdocs/phpBB/.htaccess pcfg_openfile: unable to check htaccess file, ensure it is readable and that '/var/www/vhosts/saratogahistory.com/httpdocs/phpBB/' is executable
[Wed Sep 09 05:55:23.495624 2020] [core:crit] [pid 32325:tid 140619198424832] (13)Permission denied: [client 5.188.84.230:49502] AH00529: /var/www/vhosts/saratogahistory.com/httpdocs/phpBB/.htaccess pcfg_openfile: unable to check htaccess file, ensure it is readable and that '/var/www/vhosts/saratogahistory.com/httpdocs/phpBB/' is executable, referer: http://www.saratogahistory.com/phpBB/
[Wed Sep 09 06:24:52.504437 2020] [core:crit] [pid 6888:tid 140619313813248] (13)Permission denied: [client 185.220.102.253:40284] AH00529: /var/www/vhosts/saratogahistory.com/httpdocs/phpBB/.htaccess pcfg_openfile: unable to check htaccess file, ensure it is readable and that '/var/www/vhosts/saratogahistory.com/httpdocs/phpBB/' is executable, referer: http://www.saratogahistory.com/phpBB/index.php
[Wed Sep 09 06:43:04.621030 2020] [core:crit] [pid 32352:tid 140619345282816] (13)Permission denied: [client 216.244.66.235:43206] AH00529: /var/www/vhosts/saratogahistory.com/httpdocs/phpBB/.htaccess pcfg_openfile: unable to check htaccess file, ensure it is readable and that '/var/www/vhosts/saratogahistory.com/httpdocs/phpBB/' is executable
[Wed Sep 09 06:47:00.958151 2020] [core:crit] [pid 32352:tid 140619177445120] (13)Permission denied: [client 31.13.191.70:49214] AH00529: /var/www/vhosts/saratogahistory.com/httpdocs/phpBB/.htaccess pcfg_openfile: unable to check htaccess file, ensure it is readable and that '/var/www/vhosts/saratogahistory.com/httpdocs/phpBB/' is executable, referer: http://www.saratogahistory.com/phpBB/index.php
[Wed Sep 09 06:47:02.275860 2020] [proxy_fcgi:error] [pid 32352:tid 140619145975552] [client 31.13.191.70:49256] AH01071: Got error 'Primary script unknown\n', referer: http://www.saratogahistory.com/index.php
[Wed Sep 09 06:47:02.647426 2020] [proxy_fcgi:error] [pid 6888:tid 140619166955264] [client 31.13.191.70:49264] AH01071: Got error 'Primary script unknown\n', referer: http://www.saratogahistory.com/index.php
[Wed Sep 09 06:47:03.017813 2020] [proxy_fcgi:error] [pid 6888:tid 140619156465408] [client 31.13.191.70:49270] AH01071: Got error 'Primary script unknown\n', referer: http://www.saratogahistory.com/index.php
[Wed Sep 09 06:50:22.205867 2020] [core:crit] [pid 32352:tid 140619282343680] (13)Permission denied: [client 216.244.66.235:53966] AH00529: /var/www/vhosts/saratogahistory.com/httpdocs/phpBB/.htaccess pcfg_openfile: unable to check htaccess file, ensure it is readable and that '/var/www/vhosts/saratogahistory.com/httpdocs/phpBB/' is executable
[Wed Sep 09 06:55:37.105695 2020] [core:crit] [pid 6888:tid 140619240384256] (13)Permission denied: [client 185.25.35.14:34242] AH00529: /var/www/vhosts/saratogahistory.com/httpdocs/phpBB/.htaccess pcfg_openfile: unable to check htaccess file, ensure it is readable and that '/var/www/vhosts/saratogahistory.com/httpdocs/phpBB/' is executable
[Wed Sep 09 07:10:58.837935 2020] [core:crit] [pid 32322:tid 140619156465408] (13)Permission denied: [client 185.25.35.11:58604] AH00529: /var/www/vhosts/saratogahistory.com/httpdocs/phpBB/.htaccess pcfg_openfile: unable to check htaccess file, ensure it is readable and that '/var/www/vhosts/saratogahistory.com/httpdocs/phpBB/' is executable
[Wed Sep 09 07:44:17.411912 2020] [core:crit] [pid 6888:tid 140619250874112] (13)Permission denied: [client 45.139.48.28:55656] AH00529: /var/www/vhosts/saratogahistory.com/httpdocs/phpBB/.htaccess pcfg_openfile: unable to check htaccess file, ensure it is readable and that '/var/www/vhosts/saratogahistory.com/httpdocs/phpBB/' is executable, referer: http://www.saratogahistory.com/phpBB/index.php
[Wed Sep 09 07:53:44.723413 2020] [core:crit] [pid 32352:tid 140619240384256] (13)Permission denied: [client 92.240.139.127:43328] AH00529: /var/www/vhosts/saratogahistory.com/httpdocs/phpBB/.htaccess pcfg_openfile: unable to check htaccess file, ensure it is readable and that '/var/www/vhosts/saratogahistory.com/httpdocs/phpBB/' is executable, referer: http://www.saratogahistory.com/phpBB/index.php
[Wed Sep 09 08:00:13.906679 2020] [core:crit] [pid 6888:tid 140619376752384] (13)Permission denied: [client 162.247.74.217:52272] AH00529: /var/www/vhosts/saratogahistory.com/httpdocs/phpBB/.htaccess pcfg_openfile: unable to check htaccess file, ensure it is readable and that '/var/www/vhosts/saratogahistory.com/httpdocs/phpBB/' is executable, referer: http://www.saratogahistory.com/phpBB/index.php
[Wed Sep 09 08:27:20.544656 2020] [core:crit] [pid 32352:tid 140619166955264] (13)Permission denied: [client 185.220.101.147:41064] AH00529: /var/www/vhosts/saratogahistory.com/httpdocs/phpBB/.htaccess pcfg_openfile: unable to check htaccess file, ensure it is readable and that '/var/www/vhosts/saratogahistory.com/httpdocs/phpBB/' is executable, referer: http://www.saratogahistory.com/phpBB/index.php
[Wed Sep 09 08:30:08.266116 2020] [core:crit] [pid 32352:tid 140619219404544] (13)Permission denied: [client 93.157.254.39:47554] AH00529: /var/www/vhosts/saratogahistory.com/httpdocs/phpBB/.htaccess pcfg_openfile: unable to check htaccess file, ensure it is readable and that '/var/www/vhosts/saratogahistory.com/httpdocs/phpBB/' is executable, referer: http://www.saratogahistory.com/phpBB/index.php
[Wed Sep 09 08:30:09.384697 2020] [proxy_fcgi:error] [pid 6888:tid 140619292833536] [client 93.157.254.39:47590] AH01071: Got error 'Primary script unknown\n', referer: http://www.saratogahistory.com/index.php
[Wed Sep 09 08:30:09.680470 2020] [proxy_fcgi:error] [pid 6888:tid 140619135485696] [client 93.157.254.39:47598] AH01071: Got error 'Primary script unknown\n', referer: http://www.saratogahistory.com/index.php
[Wed Sep 09 08:30:10.006090 2020] [proxy_fcgi:error] [pid 6888:tid 140619376752384] [client 93.157.254.39:47612] AH01071: Got error 'Primary script unknown\n', referer: http://www.saratogahistory.com/index.php
[Wed Sep 09 08:32:39.270818 2020] [core:crit] [pid 32352:tid 140619135485696] (13)Permission denied: [client 5.188.84.230:51486] AH00529: /var/www/vhosts/saratogahistory.com/httpdocs/phpBB/.htaccess pcfg_openfile: unable to check htaccess file, ensure it is readable and that '/var/www/vhosts/saratogahistory.com/httpdocs/phpBB/' is executable, referer: http://www.saratogahistory.com/phpBB/index.php
[Wed Sep 09 08:49:17.559985 2020] [core:crit] [pid 32322:tid 140619355772672] (13)Permission denied: [client 216.244.66.235:49584] AH00529: /var/www/vhosts/saratogahistory.com/httpdocs/phpBB/.htaccess pcfg_openfile: unable to check htaccess file, ensure it is readable and that '/var/www/vhosts/saratogahistory.com/httpdocs/phpBB/' is executable
[Wed Sep 09 09:25:16.971308 2020] [core:crit] [pid 32352:tid 140619229894400] (13)Permission denied: [client 94.230.208.147:50256] AH00529: /var/www/vhosts/saratogahistory.com/httpdocs/phpBB/.htaccess pcfg_openfile: unable to check htaccess file, ensure it is readable and that '/var/www/vhosts/saratogahistory.com/httpdocs/phpBB/' is executable, referer: http://www.saratogahistory.com/phpBB/index.php
[Wed Sep 09 09:30:05.422832 2020] [core:crit] [pid 32352:tid 140619166955264] (13)Permission denied: [client 216.244.66.235:58016] AH00529: /var/www/vhosts/saratogahistory.com/httpdocs/phpBB/.htaccess pcfg_openfile: unable to check htaccess file, ensure it is readable and that '/var/www/vhosts/saratogahistory.com/httpdocs/phpBB/' is executable
[Wed Sep 09 09:40:04.750272 2020] [proxy_fcgi:error] [pid 32325:tid 140619124995840] [client 198.245.61.156:44398] AH01071: Got error 'Primary script unknown\n', referer: http://saratogahistory.com/wp-login.php
[Wed Sep 09 09:58:10.083611 2020] [core:crit] [pid 32325:tid 140619156465408] (13)Permission denied: [client 66.249.70.119:45760] AH00529: /var/www/vhosts/saratogahistory.com/httpdocs/phpBB/.htaccess pcfg_openfile: unable to check htaccess file, ensure it is readable and that '/var/www/vhosts/saratogahistory.com/httpdocs/phpBB/' is executable
[Wed Sep 09 10:21:09.348336 2020] [core:crit] [pid 32352:tid 140619261363968] (13)Permission denied: [client 104.244.74.169:54014] AH00529: /var/www/vhosts/saratogahistory.com/httpdocs/phpBB/.htaccess pcfg_openfile: unable to check htaccess file, ensure it is readable and that '/var/www/vhosts/saratogahistory.com/httpdocs/phpBB/' is executable, referer: http://www.saratogahistory.com/phpBB/index.php
[Wed Sep 09 10:57:37.813820 2020] [core:crit] [pid 6888:tid 140619376752384] (13)Permission denied: [client 216.244.66.235:54222] AH00529: /var/www/vhosts/saratogahistory.com/httpdocs/phpBB/.htaccess pcfg_openfile: unable to check htaccess file, ensure it is readable and that '/var/www/vhosts/saratogahistory.com/httpdocs/phpBB/' is executable
[Wed Sep 09 11:08:54.739608 2020] [core:crit] [pid 6888:tid 140619208914688] (13)Permission denied: [client 37.212.222.211:44956] AH00529: /var/www/vhosts/saratogahistory.com/httpdocs/phpBB/.htaccess pcfg_openfile: unable to check htaccess file, ensure it is readable and that '/var/www/vhosts/saratogahistory.com/httpdocs/phpBB/' is executable, referer: http://www.saratogahistory.com/phpBB/index.php
[Wed Sep 09 11:10:45.551653 2020] [core:crit] [pid 6888:tid 140619355772672] (13)Permission denied: [client 66.249.70.121:47844] AH00529: /var/www/vhosts/saratogahistory.com/httpdocs/phpBB/.htaccess pcfg_openfile: unable to check htaccess file, ensure it is readable and that '/var/www/vhosts/saratogahistory.com/httpdocs/phpBB/' is executable
[Wed Sep 09 11:11:12.226785 2020] [core:crit] [pid 6888:tid 140619124995840] (13)Permission denied: [client 66.249.70.117:48414] AH00529: /var/www/vhosts/saratogahistory.com/httpdocs/phpBB/.htaccess pcfg_openfile: unable to check htaccess file, ensure it is readable and that '/var/www/vhosts/saratogahistory.com/httpdocs/phpBB/' is executable
[Wed Sep 09 11:11:49.804047 2020] [core:crit] [pid 32352:tid 140619135485696] (13)Permission denied: [client 66.249.70.121:49088] AH00529: /var/www/vhosts/saratogahistory.com/httpdocs/phpBB/.htaccess pcfg_openfile: unable to check htaccess file, ensure it is readable and that '/var/www/vhosts/saratogahistory.com/httpdocs/phpBB/' is executable
[Wed Sep 09 11:12:24.988844 2020] [core:crit] [pid 6888:tid 140619135485696] (13)Permission denied: [client 66.249.70.119:49866] AH00529: /var/www/vhosts/saratogahistory.com/httpdocs/phpBB/.htaccess pcfg_openfile: unable to check htaccess file, ensure it is readable and that '/var/www/vhosts/saratogahistory.com/httpdocs/phpBB/' is executable
[Wed Sep 09 11:13:07.545128 2020] [core:crit] [pid 6888:tid 140619376752384] (13)Permission denied: [client 66.249.70.119:51258] AH00529: /var/www/vhosts/saratogahistory.com/httpdocs/phpBB/.htaccess pcfg_openfile: unable to check htaccess file, ensure it is readable and that '/var/www/vhosts/saratogahistory.com/httpdocs/phpBB/' is executable
[Wed Sep 09 11:15:29.008526 2020] [core:crit] [pid 6888:tid 140619334792960] (13)Permission denied: [client 216.244.66.235:55388] AH00529: /var/www/vhosts/saratogahistory.com/httpdocs/phpBB/.htaccess pcfg_openfile: unable to check htaccess file, ensure it is readable and that '/var/www/vhosts/saratogahistory.com/httpdocs/phpBB/' is executable
[Wed Sep 09 11:23:03.663736 2020] [core:crit] [pid 6888:tid 140619345282816] (13)Permission denied: [client 185.25.35.8:39294] AH00529: /var/www/vhosts/saratogahistory.com/httpdocs/phpBB/.htaccess pcfg_openfile: unable to check htaccess file, ensure it is readable and that '/var/www/vhosts/saratogahistory.com/httpdocs/phpBB/' is executable
[Wed Sep 09 11:40:50.623643 2020] [core:crit] [pid 32352:tid 140619240384256] (13)Permission denied: [client 216.244.66.235:37670] AH00529: /var/www/vhosts/saratogahistory.com/httpdocs/phpBB/.htaccess pcfg_openfile: unable to check htaccess file, ensure it is readable and that '/var/www/vhosts/saratogahistory.com/httpdocs/phpBB/' is executable
[Wed Sep 09 11:47:51.221712 2020] [core:crit] [pid 32352:tid 140619187934976] (13)Permission denied: [client 185.25.35.12:47946] AH00529: /var/www/vhosts/saratogahistory.com/httpdocs/phpBB/.htaccess pcfg_openfile: unable to check htaccess file, ensure it is readable and that '/var/www/vhosts/saratogahistory.com/httpdocs/phpBB/' is executable
[Wed Sep 09 12:18:18.130313 2020] [core:crit] [pid 6888:tid 140619229894400] (13)Permission denied: [client 51.210.34.150:42292] AH00529: /var/www/vhosts/saratogahistory.com/httpdocs/phpBB/.htaccess pcfg_openfile: unable to check htaccess file, ensure it is readable and that '/var/www/vhosts/saratogahistory.com/httpdocs/phpBB/' is executable, referer: http://www.saratogahistory.com/phpBB/index.php
[Wed Sep 09 12:27:28.471565 2020] [core:crit] [pid 6888:tid 140619208914688] (13)Permission denied: [client 5.39.84.122:57100] AH00529: /var/www/vhosts/saratogahistory.com/httpdocs/phpBB/.htaccess pcfg_openfile: unable to check htaccess file, ensure it is readable and that '/var/www/vhosts/saratogahistory.com/httpdocs/phpBB/' is executable, referer: http://www.saratogahistory.com/phpBB/index.php
[Wed Sep 09 12:32:44.308368 2020] [core:crit] [pid 32325:tid 140619124995840] (13)Permission denied: [client 37.204.205.13:38318] AH00529: /var/www/vhosts/saratogahistory.com/httpdocs/phpBB/.htaccess pcfg_openfile: unable to check htaccess file, ensure it is readable and that '/var/www/vhosts/saratogahistory.com/httpdocs/phpBB/' is executable
[Wed Sep 09 12:43:11.382031 2020] [core:crit] [pid 32352:tid 140619229894400] (13)Permission denied: [client 216.244.66.235:54756] AH00529: /var/www/vhosts/saratogahistory.com/httpdocs/phpBB/.htaccess pcfg_openfile: unable to check htaccess file, ensure it is readable and that '/var/www/vhosts/saratogahistory.com/httpdocs/phpBB/' is executable
[Wed Sep 09 12:58:03.527413 2020] [core:crit] [pid 6888:tid 140619292833536] (13)Permission denied: [client 104.244.75.157:50600] AH00529: /var/www/vhosts/saratogahistory.com/httpdocs/phpBB/.htaccess pcfg_openfile: unable to check htaccess file, ensure it is readable and that '/var/www/vhosts/saratogahistory.com/httpdocs/phpBB/' is executable, referer: http://www.saratogahistory.com/phpBB/index.php
[Wed Sep 09 13:02:09.223076 2020] [core:crit] [pid 6888:tid 140619135485696] (13)Permission denied: [client 185.25.35.14:57590] AH00529: /var/www/vhosts/saratogahistory.com/httpdocs/phpBB/.htaccess pcfg_openfile: unable to check htaccess file, ensure it is readable and that '/var/www/vhosts/saratogahistory.com/httpdocs/phpBB/' is executable
[Wed Sep 09 13:12:04.249357 2020] [core:crit] [pid 32352:tid 140619303323392] (13)Permission denied: [client 185.25.35.12:45876] AH00529: /var/www/vhosts/saratogahistory.com/httpdocs/phpBB/.htaccess pcfg_openfile: unable to check htaccess file, ensure it is readable and that '/var/www/vhosts/saratogahistory.com/httpdocs/phpBB/' is executable
[Wed Sep 09 13:19:17.064392 2020] [core:crit] [pid 32352:tid 140619240384256] (13)Permission denied: [client 95.111.240.199:59386] AH00529: /var/www/vhosts/saratogahistory.com/httpdocs/phpBB/.htaccess pcfg_openfile: unable to check htaccess file, ensure it is readable and that '/var/www/vhosts/saratogahistory.com/httpdocs/phpBB/' is executable, referer: http://www.saratogahistory.com/phpBB/index.php
[Wed Sep 09 13:19:17.909446 2020] [proxy_fcgi:error] [pid 6888:tid 140619208914688] [client 95.111.240.199:59436] AH01071: Got error 'Primary script unknown\n', referer: http://www.saratogahistory.com/index.php
[Wed Sep 09 13:19:18.147171 2020] [proxy_fcgi:error] [pid 32352:tid 140619261363968] [client 95.111.240.199:59448] AH01071: Got error 'Primary script unknown\n', referer: http://www.saratogahistory.com/index.php
[Wed Sep 09 13:19:18.369274 2020] [proxy_fcgi:error] [pid 6888:tid 140619166955264] [client 95.111.240.199:59458] AH01071: Got error 'Primary script unknown\n', referer: http://www.saratogahistory.com/index.php
[Wed Sep 09 13:27:11.935675 2020] [core:crit] [pid 6888:tid 140619198424832] (13)Permission denied: [client 216.244.66.235:45362] AH00529: /var/www/vhosts/saratogahistory.com/httpdocs/phpBB/.htaccess pcfg_openfile: unable to check htaccess file, ensure it is readable and that '/var/www/vhosts/saratogahistory.com/httpdocs/phpBB/' is executable
[Wed Sep 09 13:35:24.495980 2020] [core:crit] [pid 6888:tid 140619219404544] (13)Permission denied: [client 66.249.70.117:36412] AH00529: /var/www/vhosts/saratogahistory.com/httpdocs/phpBB/.htaccess pcfg_openfile: unable to check htaccess file, ensure it is readable and that '/var/www/vhosts/saratogahistory.com/httpdocs/phpBB/' is executable
[Wed Sep 09 13:47:17.046999 2020] [core:crit] [pid 6888:tid 140619292833536] (13)Permission denied: [client 5.183.94.71:55462] AH00529: /var/www/vhosts/saratogahistory.com/httpdocs/phpBB/.htaccess pcfg_openfile: unable to check htaccess file, ensure it is readable and that '/var/www/vhosts/saratogahistory.com/httpdocs/phpBB/' is executable, referer: http://www.saratogahistory.com/phpBB/index.php
[Wed Sep 09 13:53:56.230082 2020] [core:crit] [pid 32325:tid 140619303323392] (13)Permission denied: [client 216.244.66.235:39958] AH00529: /var/www/vhosts/saratogahistory.com/httpdocs/phpBB/.htaccess pcfg_openfile: unable to check htaccess file, ensure it is readable and that '/var/www/vhosts/saratogahistory.com/httpdocs/phpBB/' is executable
[Wed Sep 09 13:54:40.544062 2020] [core:crit] [pid 32352:tid 140619124995840] (13)Permission denied: [client 216.244.66.235:41338] AH00529: /var/www/vhosts/saratogahistory.com/httpdocs/phpBB/.htaccess pcfg_openfile: unable to check htaccess file, ensure it is readable and that '/var/www/vhosts/saratogahistory.com/httpdocs/phpBB/' is executable
[Wed Sep 09 13:54:52.733211 2020] [core:crit] [pid 6888:tid 140619334792960] (13)Permission denied: [client 185.246.65.102:41782] AH00529: /var/www/vhosts/saratogahistory.com/httpdocs/phpBB/.htaccess pcfg_openfile: unable to check htaccess file, ensure it is readable and that '/var/www/vhosts/saratogahistory.com/httpdocs/phpBB/' is executable
[Wed Sep 09 13:57:05.024428 2020] [core:crit] [pid 6888:tid 140619271853824] (13)Permission denied: [client 216.244.66.235:45572] AH00529: /var/www/vhosts/saratogahistory.com/httpdocs/phpBB/.htaccess pcfg_openfile: unable to check htaccess file, ensure it is readable and that '/var/www/vhosts/saratogahistory.com/httpdocs/phpBB/' is executable
[Wed Sep 09 14:25:19.968203 2020] [core:crit] [pid 6888:tid 140619334792960] (13)Permission denied: [client 176.107.187.151:37378] AH00529: /var/www/vhosts/saratogahistory.com/httpdocs/phpBB/.htaccess pcfg_openfile: unable to check htaccess file, ensure it is readable and that '/var/www/vhosts/saratogahistory.com/httpdocs/phpBB/' is executable, referer: http://www.saratogahistory.com/phpBB/index.php
[Wed Sep 09 14:41:24.300739 2020] [core:crit] [pid 32325:tid 140619240384256] (13)Permission denied: [client 216.244.66.235:44962] AH00529: /var/www/vhosts/saratogahistory.com/httpdocs/phpBB/.htaccess pcfg_openfile: unable to check htaccess file, ensure it is readable and that '/var/www/vhosts/saratogahistory.com/httpdocs/phpBB/' is executable
[Wed Sep 09 14:58:12.043031 2020] [core:crit] [pid 32352:tid 140619198424832] (13)Permission denied: [client 176.67.86.36:58988] AH00529: /var/www/vhosts/saratogahistory.com/httpdocs/phpBB/.htaccess pcfg_openfile: unable to check htaccess file, ensure it is readable and that '/var/www/vhosts/saratogahistory.com/httpdocs/phpBB/' is executable, referer: http://www.saratogahistory.com/phpBB/index.php
[Wed Sep 09 16:07:38.483050 2020] [core:crit] [pid 32352:tid 140619355772672] (13)Permission denied: [client 216.244.66.235:60380] AH00529: /var/www/vhosts/saratogahistory.com/httpdocs/phpBB/.htaccess pcfg_openfile: unable to check htaccess file, ensure it is readable and that '/var/www/vhosts/saratogahistory.com/httpdocs/phpBB/' is executable
[Wed Sep 09 16:08:27.002494 2020] [core:crit] [pid 32352:tid 140619345282816] (13)Permission denied: [client 188.122.82.146:34282] AH00529: /var/www/vhosts/saratogahistory.com/httpdocs/phpBB/.htaccess pcfg_openfile: unable to check htaccess file, ensure it is readable and that '/var/www/vhosts/saratogahistory.com/httpdocs/phpBB/' is executable, referer: http://www.saratogahistory.com/phpBB/index.php
[Wed Sep 09 16:19:29.953198 2020] [core:crit] [pid 32322:tid 140619271853824] (13)Permission denied: [client 154.54.249.17:40046] AH00529: /var/www/vhosts/saratogahistory.com/httpdocs/phpBB/.htaccess pcfg_openfile: unable to check htaccess file, ensure it is readable and that '/var/www/vhosts/saratogahistory.com/httpdocs/phpBB/' is executable
[Wed Sep 09 16:28:19.813437 2020] [core:crit] [pid 6888:tid 140619366262528] (13)Permission denied: [client 89.31.57.5:60958] AH00529: /var/www/vhosts/saratogahistory.com/httpdocs/phpBB/.htaccess pcfg_openfile: unable to check htaccess file, ensure it is readable and that '/var/www/vhosts/saratogahistory.com/httpdocs/phpBB/' is executable, referer: http://www.saratogahistory.com/phpBB/index.php
[Wed Sep 09 16:33:30.771303 2020] [core:crit] [pid 6888:tid 140619208914688] (13)Permission denied: [client 178.214.249.236:46044] AH00529: /var/www/vhosts/saratogahistory.com/httpdocs/phpBB/.htaccess pcfg_openfile: unable to check htaccess file, ensure it is readable and that '/var/www/vhosts/saratogahistory.com/httpdocs/phpBB/' is executable, referer: http://www.saratogahistory.com/phpBB/index.php
[Wed Sep 09 16:36:39.491638 2020] [core:crit] [pid 32352:tid 140619271853824] (13)Permission denied: [client 51.255.45.144:55240] AH00529: /var/www/vhosts/saratogahistory.com/httpdocs/phpBB/.htaccess pcfg_openfile: unable to check htaccess file, ensure it is readable and that '/var/www/vhosts/saratogahistory.com/httpdocs/phpBB/' is executable, referer: http://www.saratogahistory.com/phpBB/index.php
[Wed Sep 09 17:31:44.768245 2020] [core:crit] [pid 32325:tid 140619240384256] (13)Permission denied: [client 185.25.35.10:43466] AH00529: /var/www/vhosts/saratogahistory.com/httpdocs/phpBB/.htaccess pcfg_openfile: unable to check htaccess file, ensure it is readable and that '/var/www/vhosts/saratogahistory.com/httpdocs/phpBB/' is executable
[Wed Sep 09 17:34:09.542308 2020] [core:crit] [pid 32352:tid 140619187934976] (13)Permission denied: [client 216.244.66.235:50018] AH00529: /var/www/vhosts/saratogahistory.com/httpdocs/phpBB/.htaccess pcfg_openfile: unable to check htaccess file, ensure it is readable and that '/var/www/vhosts/saratogahistory.com/httpdocs/phpBB/' is executable
[Wed Sep 09 17:36:03.353667 2020] [core:crit] [pid 32352:tid 140619334792960] (13)Permission denied: [client 188.126.89.158:55168] AH00529: /var/www/vhosts/saratogahistory.com/httpdocs/phpBB/.htaccess pcfg_openfile: unable to check htaccess file, ensure it is readable and that '/var/www/vhosts/saratogahistory.com/httpdocs/phpBB/' is executable, referer: http://www.saratogahistory.com/phpBB/index.php
[Wed Sep 09 17:36:05.140456 2020] [proxy_fcgi:error] [pid 6888:tid 140619345282816] [client 188.126.89.158:55202] AH01071: Got error 'Primary script unknown\n', referer: http://www.saratogahistory.com/index.php
[Wed Sep 09 17:36:05.623763 2020] [proxy_fcgi:error] [pid 32352:tid 140619366262528] [client 188.126.89.158:55218] AH01071: Got error 'Primary script unknown\n', referer: http://www.saratogahistory.com/index.php
[Wed Sep 09 17:36:06.105051 2020] [proxy_fcgi:error] [pid 6888:tid 140619250874112] [client 188.126.89.158:55252] AH01071: Got error 'Primary script unknown\n', referer: http://www.saratogahistory.com/index.php
[Wed Sep 09 17:58:12.773590 2020] [core:crit] [pid 32352:tid 140619313813248] (13)Permission denied: [client 185.25.35.8:51800] AH00529: /var/www/vhosts/saratogahistory.com/httpdocs/phpBB/.htaccess pcfg_openfile: unable to check htaccess file, ensure it is readable and that '/var/www/vhosts/saratogahistory.com/httpdocs/phpBB/' is executable
[Wed Sep 09 18:07:50.897809 2020] [core:crit] [pid 6888:tid 140619219404544] (13)Permission denied: [client 178.159.37.58:45254] AH00529: /var/www/vhosts/saratogahistory.com/httpdocs/phpBB/.htaccess pcfg_openfile: unable to check htaccess file, ensure it is readable and that '/var/www/vhosts/saratogahistory.com/httpdocs/phpBB/' is executable, referer: http://www.saratogahistory.com/phpBB/index.php
[Wed Sep 09 18:28:37.997219 2020] [core:crit] [pid 6888:tid 140619187934976] (13)Permission denied: [client 185.220.100.254:34038] AH00529: /var/www/vhosts/saratogahistory.com/httpdocs/phpBB/.htaccess pcfg_openfile: unable to check htaccess file, ensure it is readable and that '/var/www/vhosts/saratogahistory.com/httpdocs/phpBB/' is executable, referer: http://www.saratogahistory.com/phpBB/index.php
[Wed Sep 09 18:34:46.226747 2020] [proxy_fcgi:error] [pid 6888:tid 140619208914688] [client 34.89.159.62:49330] AH01071: Got error 'Primary script unknown\n'
[Wed Sep 09 18:37:36.767984 2020] [core:crit] [pid 32352:tid 140619124995840] (13)Permission denied: [client 188.122.82.146:55512] AH00529: /var/www/vhosts/saratogahistory.com/httpdocs/phpBB/.htaccess pcfg_openfile: unable to check htaccess file, ensure it is readable and that '/var/www/vhosts/saratogahistory.com/httpdocs/phpBB/' is executable, referer: http://www.saratogahistory.com/phpBB/index.php
[Wed Sep 09 18:47:09.640036 2020] [core:crit] [pid 6888:tid 140619208914688] (13)Permission denied: [client 178.214.249.236:48270] AH00529: /var/www/vhosts/saratogahistory.com/httpdocs/phpBB/.htaccess pcfg_openfile: unable to check htaccess file, ensure it is readable and that '/var/www/vhosts/saratogahistory.com/httpdocs/phpBB/' is executable, referer: http://www.saratogahistory.com/phpBB/index.php
[Wed Sep 09 19:08:50.337345 2020] [core:crit] [pid 32352:tid 140619313813248] (13)Permission denied: [client 185.25.35.9:39178] AH00529: /var/www/vhosts/saratogahistory.com/httpdocs/phpBB/.htaccess pcfg_openfile: unable to check htaccess file, ensure it is readable and that '/var/www/vhosts/saratogahistory.com/httpdocs/phpBB/' is executable
[Wed Sep 09 19:20:08.945842 2020] [core:crit] [pid 6888:tid 140619261363968] (13)Permission denied: [client 185.25.35.14:36168] AH00529: /var/www/vhosts/saratogahistory.com/httpdocs/phpBB/.htaccess pcfg_openfile: unable to check htaccess file, ensure it is readable and that '/var/www/vhosts/saratogahistory.com/httpdocs/phpBB/' is executable
[Wed Sep 09 19:59:17.388353 2020] [core:crit] [pid 32352:tid 140619166955264] (13)Permission denied: [client 185.220.100.242:38202] AH00529: /var/www/vhosts/saratogahistory.com/httpdocs/phpBB/.htaccess pcfg_openfile: unable to check htaccess file, ensure it is readable and that '/var/www/vhosts/saratogahistory.com/httpdocs/phpBB/' is executable, referer: http://www.saratogahistory.com/phpBB/index.php
[Wed Sep 09 20:33:51.660478 2020] [core:crit] [pid 32352:tid 140619376752384] (13)Permission denied: [client 178.17.170.23:57110] AH00529: /var/www/vhosts/saratogahistory.com/httpdocs/phpBB/.htaccess pcfg_openfile: unable to check htaccess file, ensure it is readable and that '/var/www/vhosts/saratogahistory.com/httpdocs/phpBB/' is executable, referer: http://www.saratogahistory.com/phpBB/index.php
[Wed Sep 09 21:00:11.954717 2020] [core:crit] [pid 32352:tid 140619135485696] (13)Permission denied: [client 216.244.66.235:37180] AH00529: /var/www/vhosts/saratogahistory.com/httpdocs/phpBB/.htaccess pcfg_openfile: unable to check htaccess file, ensure it is readable and that '/var/www/vhosts/saratogahistory.com/httpdocs/phpBB/' is executable
[Wed Sep 09 21:32:31.707851 2020] [core:crit] [pid 32352:tid 140619313813248] (13)Permission denied: [client 185.220.101.134:55146] AH00529: /var/www/vhosts/saratogahistory.com/httpdocs/phpBB/.htaccess pcfg_openfile: unable to check htaccess file, ensure it is readable and that '/var/www/vhosts/saratogahistory.com/httpdocs/phpBB/' is executable, referer: http://www.saratogahistory.com/phpBB/index.php
[Wed Sep 09 21:55:07.240855 2020] [core:crit] [pid 6888:tid 140619208914688] (13)Permission denied: [client 216.244.66.235:47682] AH00529: /var/www/vhosts/saratogahistory.com/httpdocs/phpBB/.htaccess pcfg_openfile: unable to check htaccess file, ensure it is readable and that '/var/www/vhosts/saratogahistory.com/httpdocs/phpBB/' is executable
[Wed Sep 09 21:55:19.045646 2020] [core:crit] [pid 6888:tid 140619166955264] (13)Permission denied: [client 216.244.66.235:48156] AH00529: /var/www/vhosts/saratogahistory.com/httpdocs/phpBB/.htaccess pcfg_openfile: unable to check htaccess file, ensure it is readable and that '/var/www/vhosts/saratogahistory.com/httpdocs/phpBB/' is executable
[Wed Sep 09 21:55:42.130086 2020] [core:crit] [pid 32325:tid 140619219404544] (13)Permission denied: [client 216.244.66.235:48984] AH00529: /var/www/vhosts/saratogahistory.com/httpdocs/phpBB/.htaccess pcfg_openfile: unable to check htaccess file, ensure it is readable and that '/var/www/vhosts/saratogahistory.com/httpdocs/phpBB/' is executable
[Wed Sep 09 21:59:50.614821 2020] [core:crit] [pid 32352:tid 140619292833536] (13)Permission denied: [client 5.188.84.92:57662] AH00529: /var/www/vhosts/saratogahistory.com/httpdocs/phpBB/.htaccess pcfg_openfile: unable to check htaccess file, ensure it is readable and that '/var/www/vhosts/saratogahistory.com/httpdocs/phpBB/' is executable, referer: http://www.saratogahistory.com/phpBB/index.php
[Wed Sep 09 22:05:40.854018 2020] [core:crit] [pid 6888:tid 140619324303104] (13)Permission denied: [client 216.244.66.235:41926] AH00529: /var/www/vhosts/saratogahistory.com/httpdocs/phpBB/.htaccess pcfg_openfile: unable to check htaccess file, ensure it is readable and that '/var/www/vhosts/saratogahistory.com/httpdocs/phpBB/' is executable
[Wed Sep 09 22:23:03.922681 2020] [core:crit] [pid 32325:tid 140619229894400] (13)Permission denied: [client 66.249.70.117:56160] AH00529: /var/www/vhosts/saratogahistory.com/httpdocs/phpBB/.htaccess pcfg_openfile: unable to check htaccess file, ensure it is readable and that '/var/www/vhosts/saratogahistory.com/httpdocs/phpBB/' is executable
[Wed Sep 09 22:30:01.223840 2020] [core:crit] [pid 6888:tid 140619250874112] (13)Permission denied: [client 91.109.29.101:43822] AH00529: /var/www/vhosts/saratogahistory.com/httpdocs/phpBB/.htaccess pcfg_openfile: unable to check htaccess file, ensure it is readable and that '/var/www/vhosts/saratogahistory.com/httpdocs/phpBB/' is executable, referer: http://www.saratogahistory.com/phpBB/index.php
[Wed Sep 09 22:50:47.249031 2020] [core:crit] [pid 32352:tid 140619177445120] (13)Permission denied: [client 185.220.101.2:59498] AH00529: /var/www/vhosts/saratogahistory.com/httpdocs/phpBB/.htaccess pcfg_openfile: unable to check htaccess file, ensure it is readable and that '/var/www/vhosts/saratogahistory.com/httpdocs/phpBB/' is executable, referer: http://www.saratogahistory.com/phpBB/index.php
[Wed Sep 09 23:16:06.082235 2020] [core:crit] [pid 6888:tid 140619240384256] (13)Permission denied: [client 185.25.35.13:57840] AH00529: /var/www/vhosts/saratogahistory.com/httpdocs/phpBB/.htaccess pcfg_openfile: unable to check htaccess file, ensure it is readable and that '/var/www/vhosts/saratogahistory.com/httpdocs/phpBB/' is executable
[Wed Sep 09 23:41:20.406698 2020] [core:crit] [pid 6888:tid 140619145975552] (13)Permission denied: [client 104.244.79.241:57776] AH00529: /var/www/vhosts/saratogahistory.com/httpdocs/phpBB/.htaccess pcfg_openfile: unable to check htaccess file, ensure it is readable and that '/var/www/vhosts/saratogahistory.com/httpdocs/phpBB/' is executable, referer: http://www.saratogahistory.com/phpBB/index.php
[Wed Sep 09 23:45:13.340905 2020] [core:crit] [pid 6888:tid 140619271853824] (13)Permission denied: [client 178.214.249.236:39370] AH00529: /var/www/vhosts/saratogahistory.com/httpdocs/phpBB/.htaccess pcfg_openfile: unable to check htaccess file, ensure it is readable and that '/var/www/vhosts/saratogahistory.com/httpdocs/phpBB/' is executable, referer: http://www.saratogahistory.com/phpBB/index.php
[Wed Sep 09 23:48:29.085926 2020] [core:crit] [pid 6888:tid 140619282343680] (13)Permission denied: [client 185.25.35.10:46328] AH00529: /var/www/vhosts/saratogahistory.com/httpdocs/phpBB/.htaccess pcfg_openfile: unable to check htaccess file, ensure it is readable and that '/var/www/vhosts/saratogahistory.com/httpdocs/phpBB/' is executable
[Wed Sep 09 23:51:23.429323 2020] [core:crit] [pid 6888:tid 140619324303104] (13)Permission denied: [client 40.77.167.135:52692] AH00529: /var/www/vhosts/saratogahistory.com/httpdocs/phpBB/.htaccess pcfg_openfile: unable to check htaccess file, ensure it is readable and that '/var/www/vhosts/saratogahistory.com/httpdocs/phpBB/' is executable
[Wed Sep 09 23:55:45.660051 2020] [proxy_fcgi:error] [pid 6888:tid 140619187934976] [client 132.232.35.65:32840] AH01071: Got error 'Primary script unknown\n'
[Thu Sep 10 00:05:29.146347 2020] [core:crit] [pid 32352:tid 140619313813248] (13)Permission denied: [client 93.120.167.107:54210] AH00529: /var/www/vhosts/saratogahistory.com/httpdocs/phpBB/.htaccess pcfg_openfile: unable to check htaccess file, ensure it is readable and that '/var/www/vhosts/saratogahistory.com/httpdocs/phpBB/' is executable, referer: http://www.saratogahistory.com/phpBB/index.php
[Thu Sep 10 00:06:28.014458 2020] [core:crit] [pid 6888:tid 140619282343680] (13)Permission denied: [client 185.220.100.254:56490] AH00529: /var/www/vhosts/saratogahistory.com/httpdocs/phpBB/.htaccess pcfg_openfile: unable to check htaccess file, ensure it is readable and that '/var/www/vhosts/saratogahistory.com/httpdocs/phpBB/' is executable, referer: http://www.saratogahistory.com/phpBB/index.php
[Thu Sep 10 00:25:53.426306 2020] [core:crit] [pid 6888:tid 140619145975552] (13)Permission denied: [client 178.214.249.236:41970] AH00529: /var/www/vhosts/saratogahistory.com/httpdocs/phpBB/.htaccess pcfg_openfile: unable to check htaccess file, ensure it is readable and that '/var/www/vhosts/saratogahistory.com/httpdocs/phpBB/' is executable, referer: http://www.saratogahistory.com/phpBB/index.php
[Thu Sep 10 00:28:41.756819 2020] [core:crit] [pid 6888:tid 140619135485696] (13)Permission denied: [client 216.244.66.235:49904] AH00529: /var/www/vhosts/saratogahistory.com/httpdocs/phpBB/.htaccess pcfg_openfile: unable to check htaccess file, ensure it is readable and that '/var/www/vhosts/saratogahistory.com/httpdocs/phpBB/' is executable
[Thu Sep 10 01:08:40.846556 2020] [core:crit] [pid 6888:tid 140619208914688] (13)Permission denied: [client 185.25.35.12:58958] AH00529: /var/www/vhosts/saratogahistory.com/httpdocs/phpBB/.htaccess pcfg_openfile: unable to check htaccess file, ensure it is readable and that '/var/www/vhosts/saratogahistory.com/httpdocs/phpBB/' is executable
[Thu Sep 10 01:09:37.232976 2020] [core:crit] [pid 6888:tid 140619156465408] (13)Permission denied: [client 216.244.66.235:60768] AH00529: /var/www/vhosts/saratogahistory.com/httpdocs/phpBB/.htaccess pcfg_openfile: unable to check htaccess file, ensure it is readable and that '/var/www/vhosts/saratogahistory.com/httpdocs/phpBB/' is executable
[Thu Sep 10 01:20:19.640031 2020] [core:crit] [pid 32352:tid 140619187934976] (13)Permission denied: [client 185.25.35.9:57042] AH00529: /var/www/vhosts/saratogahistory.com/httpdocs/phpBB/.htaccess pcfg_openfile: unable to check htaccess file, ensure it is readable and that '/var/www/vhosts/saratogahistory.com/httpdocs/phpBB/' is executable
[Thu Sep 10 01:26:41.030080 2020] [core:crit] [pid 6888:tid 140619313813248] (13)Permission denied: [client 66.249.70.117:44070] AH00529: /var/www/vhosts/saratogahistory.com/httpdocs/phpBB/.htaccess pcfg_openfile: unable to check htaccess file, ensure it is readable and that '/var/www/vhosts/saratogahistory.com/httpdocs/phpBB/' is executable
[Thu Sep 10 01:49:33.080242 2020] [core:crit] [pid 32352:tid 140619303323392] (13)Permission denied: [client 93.77.71.235:40896] AH00529: /var/www/vhosts/saratogahistory.com/httpdocs/phpBB/.htaccess pcfg_openfile: unable to check htaccess file, ensure it is readable and that '/var/www/vhosts/saratogahistory.com/httpdocs/phpBB/' is executable, referer: http://www.saratogahistory.com/phpBB/index.php
[Thu Sep 10 01:49:34.117900 2020] [proxy_fcgi:error] [pid 32352:tid 140619292833536] [client 93.77.71.235:40948] AH01071: Got error 'Primary script unknown\n', referer: http://www.saratogahistory.com/index.php
[Thu Sep 10 01:49:34.396270 2020] [proxy_fcgi:error] [pid 32352:tid 140619271853824] [client 93.77.71.235:40974] AH01071: Got error 'Primary script unknown\n', referer: http://www.saratogahistory.com/index.php
[Thu Sep 10 01:49:34.686745 2020] [proxy_fcgi:error] [pid 32325:tid 140619208914688] [client 93.77.71.235:40990] AH01071: Got error 'Primary script unknown\n', referer: http://www.saratogahistory.com/index.php
[Thu Sep 10 02:07:23.408880 2020] [core:crit] [pid 6888:tid 140619355772672] (13)Permission denied: [client 23.129.64.180:51866] AH00529: /var/www/vhosts/saratogahistory.com/httpdocs/phpBB/.htaccess pcfg_openfile: unable to check htaccess file, ensure it is readable and that '/var/www/vhosts/saratogahistory.com/httpdocs/phpBB/' is executable, referer: http://www.saratogahistory.com/phpBB/index.php
[Thu Sep 10 02:08:17.479360 2020] [core:crit] [pid 32325:tid 140619124995840] (13)Permission denied: [client 185.220.100.249:53306] AH00529: /var/www/vhosts/saratogahistory.com/httpdocs/phpBB/.htaccess pcfg_openfile: unable to check htaccess file, ensure it is readable and that '/var/www/vhosts/saratogahistory.com/httpdocs/phpBB/' is executable, referer: http://www.saratogahistory.com/phpBB/index.php
[Thu Sep 10 03:24:22.421076 2020] [core:crit] [pid 32352:tid 140619261363968] (13)Permission denied: [client 216.244.66.235:33272] AH00529: /var/www/vhosts/saratogahistory.com/httpdocs/phpBB/.htaccess pcfg_openfile: unable to check htaccess file, ensure it is readable and that '/var/www/vhosts/saratogahistory.com/httpdocs/phpBB/' is executable
[Thu Sep 10 03:26:16.763380 2020] [core:crit] [pid 6888:tid 140619250874112] (13)Permission denied: [client 216.244.66.235:37688] AH00529: /var/www/vhosts/saratogahistory.com/httpdocs/phpBB/.htaccess pcfg_openfile: unable to check htaccess file, ensure it is readable and that '/var/www/vhosts/saratogahistory.com/httpdocs/phpBB/' is executable
[Thu Sep 10 03:33:26.269947 2020] [core:crit] [pid 6888:tid 140619282343680] (13)Permission denied: [client 66.249.70.121:53564] AH00529: /var/www/vhosts/saratogahistory.com/httpdocs/phpBB/.htaccess pcfg_openfile: unable to check htaccess file, ensure it is readable and that '/var/www/vhosts/saratogahistory.com/httpdocs/phpBB/' is executable
[Thu Sep 10 03:39:55.397089 2020] [core:crit] [pid 6888:tid 140619324303104] (13)Permission denied: [client 185.220.100.253:39676] AH00529: /var/www/vhosts/saratogahistory.com/httpdocs/phpBB/.htaccess pcfg_openfile: unable to check htaccess file, ensure it is readable and that '/var/www/vhosts/saratogahistory.com/httpdocs/phpBB/' is executable, referer: http://www.saratogahistory.com/phpBB/index.php
[Thu Sep 10 03:39:58.437242 2020] [core:crit] [pid 6888:tid 140619240384256] (13)Permission denied: [client 185.165.170.4:39814] AH00529: /var/www/vhosts/saratogahistory.com/httpdocs/phpBB/.htaccess pcfg_openfile: unable to check htaccess file, ensure it is readable and that '/var/www/vhosts/saratogahistory.com/httpdocs/phpBB/' is executable, referer: http://www.saratogahistory.com/phpBB/
[Thu Sep 10 03:43:51.148691 2020] [core:crit] [pid 6888:tid 140619345282816] (13)Permission denied: [client 46.191.232.223:48176] AH00529: /var/www/vhosts/saratogahistory.com/httpdocs/phpBB/.htaccess pcfg_openfile: unable to check htaccess file, ensure it is readable and that '/var/www/vhosts/saratogahistory.com/httpdocs/phpBB/' is executable, referer: http://www.saratogahistory.com/phpBB/index.php
[Thu Sep 10 03:44:23.140594 2020] [core:crit] [pid 32352:tid 140619271853824] (13)Permission denied: [client 46.191.232.223:49360] AH00529: /var/www/vhosts/saratogahistory.com/httpdocs/phpBB/.htaccess pcfg_openfile: unable to check htaccess file, ensure it is readable and that '/var/www/vhosts/saratogahistory.com/httpdocs/phpBB/' is executable, referer: http://www.saratogahistory.com/phpBB/index.php
[Thu Sep 10 03:44:36.308802 2020] [core:crit] [pid 6888:tid 140619324303104] (13)Permission denied: [client 66.249.70.119:49824] AH00529: /var/www/vhosts/saratogahistory.com/httpdocs/phpBB/.htaccess pcfg_openfile: unable to check htaccess file, ensure it is readable and that '/var/www/vhosts/saratogahistory.com/httpdocs/phpBB/' is executable
[Thu Sep 10 04:11:36.770457 2020] [core:crit] [pid 6888:tid 140619345282816] (13)Permission denied: [client 198.144.120.30:52992] AH00529: /var/www/vhosts/saratogahistory.com/httpdocs/phpBB/.htaccess pcfg_openfile: unable to check htaccess file, ensure it is readable and that '/var/www/vhosts/saratogahistory.com/httpdocs/phpBB/' is executable, referer: http://www.saratogahistory.com/phpBB/index.php
[Thu Sep 10 04:36:22.256017 2020] [core:crit] [pid 32322:tid 140619208914688] (13)Permission denied: [client 216.244.66.235:57432] AH00529: /var/www/vhosts/saratogahistory.com/httpdocs/phpBB/.htaccess pcfg_openfile: unable to check htaccess file, ensure it is readable and that '/var/www/vhosts/saratogahistory.com/httpdocs/phpBB/' is executable
[Thu Sep 10 05:04:09.612656 2020] [core:crit] [pid 6888:tid 140619292833536] (13)Permission denied: [client 93.157.254.39:34110] AH00529: /var/www/vhosts/saratogahistory.com/httpdocs/phpBB/.htaccess pcfg_openfile: unable to check htaccess file, ensure it is readable and that '/var/www/vhosts/saratogahistory.com/httpdocs/phpBB/' is executable, referer: http://www.saratogahistory.com/phpBB/index.php
[Thu Sep 10 05:12:17.524169 2020] [core:crit] [pid 6888:tid 140619313813248] (13)Permission denied: [client 185.25.35.11:52674] AH00529: /var/www/vhosts/saratogahistory.com/httpdocs/phpBB/.htaccess pcfg_openfile: unable to check htaccess file, ensure it is readable and that '/var/www/vhosts/saratogahistory.com/httpdocs/phpBB/' is executable
[Thu Sep 10 05:37:17.058429 2020] [core:crit] [pid 32352:tid 140619219404544] (13)Permission denied: [client 85.203.44.82:50846] AH00529: /var/www/vhosts/saratogahistory.com/httpdocs/phpBB/.htaccess pcfg_openfile: unable to check htaccess file, ensure it is readable and that '/var/www/vhosts/saratogahistory.com/httpdocs/phpBB/' is executable, referer: http://www.saratogahistory.com/phpBB/index.php
[Thu Sep 10 05:38:13.843986 2020] [core:crit] [pid 6888:tid 140619124995840] (13)Permission denied: [client 37.213.39.255:52876] AH00529: /var/www/vhosts/saratogahistory.com/httpdocs/phpBB/.htaccess pcfg_openfile: unable to check htaccess file, ensure it is readable and that '/var/www/vhosts/saratogahistory.com/httpdocs/phpBB/' is executable, referer: http://www.saratogahistory.com/phpBB/index.php
[Thu Sep 10 05:44:13.054799 2020] [core:crit] [pid 32352:tid 140619303323392] (13)Permission denied: [client 216.244.66.235:36744] AH00529: /var/www/vhosts/saratogahistory.com/httpdocs/phpBB/.htaccess pcfg_openfile: unable to check htaccess file, ensure it is readable and that '/var/www/vhosts/saratogahistory.com/httpdocs/phpBB/' is executable
[Thu Sep 10 05:44:48.901213 2020] [core:crit] [pid 32352:tid 140619292833536] (13)Permission denied: [client 216.244.66.235:37914] AH00529: /var/www/vhosts/saratogahistory.com/httpdocs/phpBB/.htaccess pcfg_openfile: unable to check htaccess file, ensure it is readable and that '/var/www/vhosts/saratogahistory.com/httpdocs/phpBB/' is executable
[Thu Sep 10 05:46:05.105152 2020] [core:crit] [pid 6888:tid 140619334792960] (13)Permission denied: [client 185.25.35.8:41424] AH00529: /var/www/vhosts/saratogahistory.com/httpdocs/phpBB/.htaccess pcfg_openfile: unable to check htaccess file, ensure it is readable and that '/var/www/vhosts/saratogahistory.com/httpdocs/phpBB/' is executable
[Thu Sep 10 05:58:05.989701 2020] [core:crit] [pid 6888:tid 140619345282816] (13)Permission denied: [client 185.220.101.209:38674] AH00529: /var/www/vhosts/saratogahistory.com/httpdocs/phpBB/.htaccess pcfg_openfile: unable to check htaccess file, ensure it is readable and that '/var/www/vhosts/saratogahistory.com/httpdocs/phpBB/' is executable, referer: http://www.saratogahistory.com/phpBB/index.php
[Thu Sep 10 06:21:38.764429 2020] [core:crit] [pid 6888:tid 140619355772672] (13)Permission denied: [client 46.246.65.138:33904] AH00529: /var/www/vhosts/saratogahistory.com/httpdocs/phpBB/.htaccess pcfg_openfile: unable to check htaccess file, ensure it is readable and that '/var/www/vhosts/saratogahistory.com/httpdocs/phpBB/' is executable, referer: http://www.saratogahistory.com/phpBB/index.php
[Thu Sep 10 06:21:38.770236 2020] [core:crit] [pid 6888:tid 140619376752384] (13)Permission denied: [client 46.246.65.138:33906] AH00529: /var/www/vhosts/saratogahistory.com/httpdocs/phpBB/.htaccess pcfg_openfile: unable to check htaccess file, ensure it is readable and that '/var/www/vhosts/saratogahistory.com/httpdocs/phpBB/' is executable, referer: http://www.saratogahistory.com/phpBB/index.php
[Thu Sep 10 07:00:48.044972 2020] [core:crit] [pid 6888:tid 140619334792960] (13)Permission denied: [client 185.25.35.14:42860] AH00529: /var/www/vhosts/saratogahistory.com/httpdocs/phpBB/.htaccess pcfg_openfile: unable to check htaccess file, ensure it is readable and that '/var/www/vhosts/saratogahistory.com/httpdocs/phpBB/' is executable
[Thu Sep 10 07:12:37.532853 2020] [core:crit] [pid 32352:tid 140619156465408] (13)Permission denied: [client 185.25.35.11:42092] AH00529: /var/www/vhosts/saratogahistory.com/httpdocs/phpBB/.htaccess pcfg_openfile: unable to check htaccess file, ensure it is readable and that '/var/www/vhosts/saratogahistory.com/httpdocs/phpBB/' is executable
[Thu Sep 10 07:16:11.344731 2020] [core:crit] [pid 6888:tid 140619345282816] (13)Permission denied: [client 185.10.68.231:50330] AH00529: /var/www/vhosts/saratogahistory.com/httpdocs/phpBB/.htaccess pcfg_openfile: unable to check htaccess file, ensure it is readable and that '/var/www/vhosts/saratogahistory.com/httpdocs/phpBB/' is executable, referer: http://www.saratogahistory.com/phpBB/index.php
[Thu Sep 10 07:56:20.216801 2020] [proxy_fcgi:error] [pid 6888:tid 140619292833536] [client 213.217.0.7:57906] AH01071: Got error 'Primary script unknown\n'
[Thu Sep 10 08:04:41.306157 2020] [core:crit] [pid 32352:tid 140619334792960] (13)Permission denied: [client 185.220.100.241:49326] AH00529: /var/www/vhosts/saratogahistory.com/httpdocs/phpBB/.htaccess pcfg_openfile: unable to check htaccess file, ensure it is readable and that '/var/www/vhosts/saratogahistory.com/httpdocs/phpBB/' is executable, referer: http://www.saratogahistory.com/phpBB/index.php
[Thu Sep 10 08:26:16.537766 2020] [core:crit] [pid 6888:tid 140619198424832] (13)Permission denied: [client 66.249.66.217:45550] AH00529: /var/www/vhosts/saratogahistory.com/httpdocs/phpBB/.htaccess pcfg_openfile: unable to check htaccess file, ensure it is readable and that '/var/www/vhosts/saratogahistory.com/httpdocs/phpBB/' is executable
[Thu Sep 10 08:33:50.903602 2020] [core:crit] [pid 6888:tid 140619187934976] (13)Permission denied: [client 178.159.37.88:36648] AH00529: /var/www/vhosts/saratogahistory.com/httpdocs/phpBB/.htaccess pcfg_openfile: unable to check htaccess file, ensure it is readable and that '/var/www/vhosts/saratogahistory.com/httpdocs/phpBB/' is executable, referer: http://www.saratogahistory.com/phpBB/index.php
[Thu Sep 10 08:33:51.961888 2020] [proxy_fcgi:error] [pid 6888:tid 140619261363968] [client 178.159.37.88:36668] AH01071: Got error 'Primary script unknown\n', referer: http://www.saratogahistory.com/index.php
[Thu Sep 10 08:33:52.241374 2020] [proxy_fcgi:error] [pid 32325:tid 140619376752384] [client 178.159.37.88:36678] AH01071: Got error 'Primary script unknown\n', referer: http://www.saratogahistory.com/index.php
[Thu Sep 10 08:33:52.508553 2020] [proxy_fcgi:error] [pid 6888:tid 140619208914688] [client 178.159.37.88:36686] AH01071: Got error 'Primary script unknown\n', referer: http://www.saratogahistory.com/index.php
[Thu Sep 10 08:46:28.053624 2020] [core:crit] [pid 6888:tid 140619198424832] (13)Permission denied: [client 66.249.66.217:38674] AH00529: /var/www/vhosts/saratogahistory.com/httpdocs/phpBB/.htaccess pcfg_openfile: unable to check htaccess file, ensure it is readable and that '/var/www/vhosts/saratogahistory.com/httpdocs/phpBB/' is executable
[Thu Sep 10 09:46:03.686429 2020] [core:crit] [pid 32352:tid 140619303323392] (13)Permission denied: [client 178.214.253.1:57116] AH00529: /var/www/vhosts/saratogahistory.com/httpdocs/phpBB/.htaccess pcfg_openfile: unable to check htaccess file, ensure it is readable and that '/var/www/vhosts/saratogahistory.com/httpdocs/phpBB/' is executable, referer: http://www.saratogahistory.com/phpBB/index.php
[Thu Sep 10 09:48:51.443585 2020] [core:crit] [pid 32352:tid 140619156465408] (13)Permission denied: [client 185.255.96.99:35498] AH00529: /var/www/vhosts/saratogahistory.com/httpdocs/phpBB/.htaccess pcfg_openfile: unable to check htaccess file, ensure it is readable and that '/var/www/vhosts/saratogahistory.com/httpdocs/phpBB/' is executable
[Thu Sep 10 09:51:31.267874 2020] [core:crit] [pid 6888:tid 140619292833536] (13)Permission denied: [client 104.244.72.99:40954] AH00529: /var/www/vhosts/saratogahistory.com/httpdocs/phpBB/.htaccess pcfg_openfile: unable to check htaccess file, ensure it is readable and that '/var/www/vhosts/saratogahistory.com/httpdocs/phpBB/' is executable, referer: http://www.saratogahistory.com/phpBB/index.php
[Thu Sep 10 09:54:10.446334 2020] [core:crit] [pid 6888:tid 140619355772672] (13)Permission denied: [client 40.77.167.143:46418] AH00529: /var/www/vhosts/saratogahistory.com/httpdocs/phpBB/.htaccess pcfg_openfile: unable to check htaccess file, ensure it is readable and that '/var/www/vhosts/saratogahistory.com/httpdocs/phpBB/' is executable
[Thu Sep 10 09:58:22.322168 2020] [core:crit] [pid 6888:tid 140619271853824] (13)Permission denied: [client 104.244.74.47:55076] AH00529: /var/www/vhosts/saratogahistory.com/httpdocs/phpBB/.htaccess pcfg_openfile: unable to check htaccess file, ensure it is readable and that '/var/www/vhosts/saratogahistory.com/httpdocs/phpBB/' is executable, referer: http://www.saratogahistory.com/phpBB/index.php
[Thu Sep 10 10:08:50.789272 2020] [core:crit] [pid 32352:tid 140619208914688] (13)Permission denied: [client 198.144.121.195:47600] AH00529: /var/www/vhosts/saratogahistory.com/httpdocs/phpBB/.htaccess pcfg_openfile: unable to check htaccess file, ensure it is readable and that '/var/www/vhosts/saratogahistory.com/httpdocs/phpBB/' is executable, referer: http://www.saratogahistory.com/phpBB/index.php
[Thu Sep 10 10:56:47.588122 2020] [core:crit] [pid 32352:tid 140619303323392] (13)Permission denied: [client 51.254.143.96:41628] AH00529: /var/www/vhosts/saratogahistory.com/httpdocs/phpBB/.htaccess pcfg_openfile: unable to check htaccess file, ensure it is readable and that '/var/www/vhosts/saratogahistory.com/httpdocs/phpBB/' is executable, referer: http://www.saratogahistory.com/phpBB/index.php
[Thu Sep 10 10:57:27.059188 2020] [core:crit] [pid 6888:tid 140619135485696] (13)Permission denied: [client 66.249.66.217:43056] AH00529: /var/www/vhosts/saratogahistory.com/httpdocs/phpBB/.htaccess pcfg_openfile: unable to check htaccess file, ensure it is readable and that '/var/www/vhosts/saratogahistory.com/httpdocs/phpBB/' is executable
[Thu Sep 10 11:08:05.372037 2020] [core:crit] [pid 6888:tid 140619250874112] (13)Permission denied: [client 5.188.84.92:39256] AH00529: /var/www/vhosts/saratogahistory.com/httpdocs/phpBB/.htaccess pcfg_openfile: unable to check htaccess file, ensure it is readable and that '/var/www/vhosts/saratogahistory.com/httpdocs/phpBB/' is executable, referer: http://www.saratogahistory.com/phpBB/index.php
[Thu Sep 10 11:11:18.407420 2020] [core:crit] [pid 6888:tid 140619219404544] (13)Permission denied: [client 185.25.35.11:45666] AH00529: /var/www/vhosts/saratogahistory.com/httpdocs/phpBB/.htaccess pcfg_openfile: unable to check htaccess file, ensure it is readable and that '/var/www/vhosts/saratogahistory.com/httpdocs/phpBB/' is executable
[Thu Sep 10 11:19:20.206405 2020] [core:crit] [pid 6888:tid 140619261363968] (13)Permission denied: [client 176.67.86.36:35752] AH00529: /var/www/vhosts/saratogahistory.com/httpdocs/phpBB/.htaccess pcfg_openfile: unable to check htaccess file, ensure it is readable and that '/var/www/vhosts/saratogahistory.com/httpdocs/phpBB/' is executable, referer: http://www.saratogahistory.com/phpBB/index.php
[Thu Sep 10 11:22:50.513906 2020] [core:crit] [pid 32352:tid 140619324303104] (13)Permission denied: [client 216.244.66.235:43642] AH00529: /var/www/vhosts/saratogahistory.com/httpdocs/phpBB/.htaccess pcfg_openfile: unable to check htaccess file, ensure it is readable and that '/var/www/vhosts/saratogahistory.com/httpdocs/phpBB/' is executable
[Thu Sep 10 11:46:02.951775 2020] [core:crit] [pid 6888:tid 140619376752384] (13)Permission denied: [client 185.25.35.12:38848] AH00529: /var/www/vhosts/saratogahistory.com/httpdocs/phpBB/.htaccess pcfg_openfile: unable to check htaccess file, ensure it is readable and that '/var/www/vhosts/saratogahistory.com/httpdocs/phpBB/' is executable
[Thu Sep 10 12:01:40.353581 2020] [core:crit] [pid 32352:tid 140619219404544] (13)Permission denied: [client 217.79.178.53:43862] AH00529: /var/www/vhosts/saratogahistory.com/httpdocs/phpBB/.htaccess pcfg_openfile: unable to check htaccess file, ensure it is readable and that '/var/www/vhosts/saratogahistory.com/httpdocs/phpBB/' is executable, referer: http://www.saratogahistory.com/phpBB/index.php
[Thu Sep 10 12:39:18.783994 2020] [core:crit] [pid 6888:tid 140619345282816] (13)Permission denied: [client 66.249.66.213:46148] AH00529: /var/www/vhosts/saratogahistory.com/httpdocs/phpBB/.htaccess pcfg_openfile: unable to check htaccess file, ensure it is readable and that '/var/www/vhosts/saratogahistory.com/httpdocs/phpBB/' is executable
[Thu Sep 10 12:39:54.571087 2020] [core:crit] [pid 32325:tid 140619313813248] (13)Permission denied: [client 66.249.66.213:47214] AH00529: /var/www/vhosts/saratogahistory.com/httpdocs/phpBB/.htaccess pcfg_openfile: unable to check htaccess file, ensure it is readable and that '/var/www/vhosts/saratogahistory.com/httpdocs/phpBB/' is executable
[Thu Sep 10 12:40:34.621399 2020] [core:crit] [pid 6888:tid 140619282343680] (13)Permission denied: [client 66.249.66.215:48788] AH00529: /var/www/vhosts/saratogahistory.com/httpdocs/phpBB/.htaccess pcfg_openfile: unable to check htaccess file, ensure it is readable and that '/var/www/vhosts/saratogahistory.com/httpdocs/phpBB/' is executable
[Thu Sep 10 12:41:14.086964 2020] [core:crit] [pid 32352:tid 140619177445120] (13)Permission denied: [client 66.249.66.213:50342] AH00529: /var/www/vhosts/saratogahistory.com/httpdocs/phpBB/.htaccess pcfg_openfile: unable to check htaccess file, ensure it is readable and that '/var/www/vhosts/saratogahistory.com/httpdocs/phpBB/' is executable
[Thu Sep 10 12:41:54.328337 2020] [core:crit] [pid 32352:tid 140619219404544] (13)Permission denied: [client 66.249.66.213:53350] AH00529: /var/www/vhosts/saratogahistory.com/httpdocs/phpBB/.htaccess pcfg_openfile: unable to check htaccess file, ensure it is readable and that '/var/www/vhosts/saratogahistory.com/httpdocs/phpBB/' is executable
[Thu Sep 10 12:42:35.947865 2020] [core:crit] [pid 32325:tid 140619166955264] (13)Permission denied: [client 66.249.66.213:55478] AH00529: /var/www/vhosts/saratogahistory.com/httpdocs/phpBB/.htaccess pcfg_openfile: unable to check htaccess file, ensure it is readable and that '/var/www/vhosts/saratogahistory.com/httpdocs/phpBB/' is executable
[Thu Sep 10 12:43:23.561908 2020] [core:crit] [pid 6888:tid 140619261363968] (13)Permission denied: [client 66.249.66.215:57434] AH00529: /var/www/vhosts/saratogahistory.com/httpdocs/phpBB/.htaccess pcfg_openfile: unable to check htaccess file, ensure it is readable and that '/var/www/vhosts/saratogahistory.com/httpdocs/phpBB/' is executable
[Thu Sep 10 12:50:16.942578 2020] [core:crit] [pid 6888:tid 140619208914688] (13)Permission denied: [client 216.244.66.235:44632] AH00529: /var/www/vhosts/saratogahistory.com/httpdocs/phpBB/.htaccess pcfg_openfile: unable to check htaccess file, ensure it is readable and that '/var/www/vhosts/saratogahistory.com/httpdocs/phpBB/' is executable
[Thu Sep 10 12:52:41.556209 2020] [core:crit] [pid 32325:tid 140619303323392] (13)Permission denied: [client 216.244.66.235:50114] AH00529: /var/www/vhosts/saratogahistory.com/httpdocs/phpBB/.htaccess pcfg_openfile: unable to check htaccess file, ensure it is readable and that '/var/www/vhosts/saratogahistory.com/httpdocs/phpBB/' is executable
[Thu Sep 10 13:04:27.984092 2020] [core:crit] [pid 6888:tid 140619187934976] (13)Permission denied: [client 185.25.35.12:50024] AH00529: /var/www/vhosts/saratogahistory.com/httpdocs/phpBB/.htaccess pcfg_openfile: unable to check htaccess file, ensure it is readable and that '/var/www/vhosts/saratogahistory.com/httpdocs/phpBB/' is executable
[Thu Sep 10 13:12:43.597923 2020] [core:crit] [pid 32322:tid 140619366262528] (13)Permission denied: [client 216.244.66.235:42704] AH00529: /var/www/vhosts/saratogahistory.com/httpdocs/phpBB/.htaccess pcfg_openfile: unable to check htaccess file, ensure it is readable and that '/var/www/vhosts/saratogahistory.com/httpdocs/phpBB/' is executable
[Thu Sep 10 13:15:08.921064 2020] [core:crit] [pid 6888:tid 140619219404544] (13)Permission denied: [client 185.25.35.11:48946] AH00529: /var/www/vhosts/saratogahistory.com/httpdocs/phpBB/.htaccess pcfg_openfile: unable to check htaccess file, ensure it is readable and that '/var/www/vhosts/saratogahistory.com/httpdocs/phpBB/' is executable
[Thu Sep 10 13:15:49.396015 2020] [core:crit] [pid 32352:tid 140619124995840] (13)Permission denied: [client 93.157.254.39:50666] AH00529: /var/www/vhosts/saratogahistory.com/httpdocs/phpBB/.htaccess pcfg_openfile: unable to check htaccess file, ensure it is readable and that '/var/www/vhosts/saratogahistory.com/httpdocs/phpBB/' is executable, referer: http://www.saratogahistory.com/phpBB/index.php
[Thu Sep 10 13:26:35.303975 2020] [core:crit] [pid 32352:tid 140619261363968] (13)Permission denied: [client 216.244.66.235:45450] AH00529: /var/www/vhosts/saratogahistory.com/httpdocs/phpBB/.htaccess pcfg_openfile: unable to check htaccess file, ensure it is readable and that '/var/www/vhosts/saratogahistory.com/httpdocs/phpBB/' is executable
[Thu Sep 10 13:26:55.715791 2020] [core:crit] [pid 6888:tid 140619292833536] (13)Permission denied: [client 216.244.66.235:46154] AH00529: /var/www/vhosts/saratogahistory.com/httpdocs/phpBB/.htaccess pcfg_openfile: unable to check htaccess file, ensure it is readable and that '/var/www/vhosts/saratogahistory.com/httpdocs/phpBB/' is executable
[Thu Sep 10 13:33:20.640733 2020] [proxy_fcgi:error] [pid 32352:tid 140619355772672] [client 116.68.72.166:59538] AH01071: Got error 'Primary script unknown\n'
[Thu Sep 10 13:48:57.531968 2020] [core:crit] [pid 6888:tid 140619334792960] (13)Permission denied: [client 89.34.27.48:45468] AH00529: /var/www/vhosts/saratogahistory.com/httpdocs/phpBB/.htaccess pcfg_openfile: unable to check htaccess file, ensure it is readable and that '/var/www/vhosts/saratogahistory.com/httpdocs/phpBB/' is executable, referer: http://www.saratogahistory.com/phpBB/index.php
[Thu Sep 10 14:21:25.561942 2020] [core:crit] [pid 6888:tid 140619187934976] (13)Permission denied: [client 213.217.225.176:33832] AH00529: /var/www/vhosts/saratogahistory.com/httpdocs/phpBB/.htaccess pcfg_openfile: unable to check htaccess file, ensure it is readable and that '/var/www/vhosts/saratogahistory.com/httpdocs/phpBB/' is executable, referer: http://www.saratogahistory.com/phpBB/index.php
[Thu Sep 10 14:21:27.572710 2020] [proxy_fcgi:error] [pid 32352:tid 140619345282816] [client 213.217.225.176:33922] AH01071: Got error 'Primary script unknown\n', referer: http://www.saratogahistory.com/index.php
[Thu Sep 10 14:21:28.095193 2020] [proxy_fcgi:error] [pid 32352:tid 140619166955264] [client 213.217.225.176:33964] AH01071: Got error 'Primary script unknown\n', referer: http://www.saratogahistory.com/index.php
[Thu Sep 10 14:21:28.854808 2020] [proxy_fcgi:error] [pid 32352:tid 140619177445120] [client 213.217.225.176:34000] AH01071: Got error 'Primary script unknown\n', referer: http://www.saratogahistory.com/index.php
[Thu Sep 10 14:22:50.582119 2020] [core:crit] [pid 32352:tid 140619219404544] (13)Permission denied: [client 185.220.102.241:37662] AH00529: /var/www/vhosts/saratogahistory.com/httpdocs/phpBB/.htaccess pcfg_openfile: unable to check htaccess file, ensure it is readable and that '/var/www/vhosts/saratogahistory.com/httpdocs/phpBB/' is executable, referer: http://www.saratogahistory.com/phpBB/index.php
[Thu Sep 10 14:50:34.564056 2020] [core:crit] [pid 6888:tid 140619355772672] (13)Permission denied: [client 93.157.254.39:45250] AH00529: /var/www/vhosts/saratogahistory.com/httpdocs/phpBB/.htaccess pcfg_openfile: unable to check htaccess file, ensure it is readable and that '/var/www/vhosts/saratogahistory.com/httpdocs/phpBB/' is executable, referer: http://www.saratogahistory.com/phpBB/index.php
[Thu Sep 10 15:19:35.857000 2020] [core:crit] [pid 32352:tid 140619156465408] (13)Permission denied: [client 66.249.66.213:55804] AH00529: /var/www/vhosts/saratogahistory.com/httpdocs/phpBB/.htaccess pcfg_openfile: unable to check htaccess file, ensure it is readable and that '/var/www/vhosts/saratogahistory.com/httpdocs/phpBB/' is executable
[Thu Sep 10 15:39:17.006605 2020] [core:crit] [pid 6888:tid 140619208914688] (13)Permission denied: [client 66.249.66.213:44746] AH00529: /var/www/vhosts/saratogahistory.com/httpdocs/phpBB/.htaccess pcfg_openfile: unable to check htaccess file, ensure it is readable and that '/var/www/vhosts/saratogahistory.com/httpdocs/phpBB/' is executable
[Thu Sep 10 15:43:19.623305 2020] [proxy_fcgi:error] [pid 32352:tid 140619261363968] [client 209.141.54.195:53140] AH01071: Got error 'Primary script unknown\n'
[Thu Sep 10 15:50:05.408755 2020] [core:crit] [pid 6888:tid 140619156465408] (13)Permission denied: [client 80.67.172.162:40240] AH00529: /var/www/vhosts/saratogahistory.com/httpdocs/phpBB/.htaccess pcfg_openfile: unable to check htaccess file, ensure it is readable and that '/var/www/vhosts/saratogahistory.com/httpdocs/phpBB/' is executable, referer: http://www.saratogahistory.com/phpBB/index.php
[Thu Sep 10 16:36:15.306839 2020] [core:crit] [pid 6888:tid 140619229894400] (13)Permission denied: [client 185.220.100.246:39206] AH00529: /var/www/vhosts/saratogahistory.com/httpdocs/phpBB/.htaccess pcfg_openfile: unable to check htaccess file, ensure it is readable and that '/var/www/vhosts/saratogahistory.com/httpdocs/phpBB/' is executable, referer: http://www.saratogahistory.com/phpBB/index.php
[Thu Sep 10 16:37:30.980332 2020] [core:crit] [pid 32352:tid 140619334792960] (13)Permission denied: [client 77.247.181.165:42376] AH00529: /var/www/vhosts/saratogahistory.com/httpdocs/phpBB/.htaccess pcfg_openfile: unable to check htaccess file, ensure it is readable and that '/var/www/vhosts/saratogahistory.com/httpdocs/phpBB/' is executable, referer: http://www.saratogahistory.com/phpBB/index.php
[Thu Sep 10 17:13:20.183791 2020] [core:crit] [pid 6888:tid 140619376752384] (13)Permission denied: [client 178.70.109.15:54348] AH00529: /var/www/vhosts/saratogahistory.com/httpdocs/phpBB/.htaccess pcfg_openfile: unable to check htaccess file, ensure it is readable and that '/var/www/vhosts/saratogahistory.com/httpdocs/phpBB/' is executable, referer: http://www.saratogahistory.com/phpBB/index.php
[Thu Sep 10 17:13:21.283883 2020] [proxy_fcgi:error] [pid 32352:tid 140619177445120] [client 178.70.109.15:54394] AH01071: Got error 'Primary script unknown\n', referer: http://www.saratogahistory.com/index.php
[Thu Sep 10 17:13:21.619528 2020] [proxy_fcgi:error] [pid 6888:tid 140619313813248] [client 178.70.109.15:54426] AH01071: Got error 'Primary script unknown\n', referer: http://www.saratogahistory.com/index.php
[Thu Sep 10 17:13:21.933889 2020] [proxy_fcgi:error] [pid 6888:tid 140619303323392] [client 178.70.109.15:54442] AH01071: Got error 'Primary script unknown\n', referer: http://www.saratogahistory.com/index.php
[Thu Sep 10 17:16:23.220802 2020] [core:crit] [pid 6888:tid 140619250874112] (13)Permission denied: [client 185.25.35.14:35930] AH00529: /var/www/vhosts/saratogahistory.com/httpdocs/phpBB/.htaccess pcfg_openfile: unable to check htaccess file, ensure it is readable and that '/var/www/vhosts/saratogahistory.com/httpdocs/phpBB/' is executable
[Thu Sep 10 17:40:09.918057 2020] [core:crit] [pid 32352:tid 140619229894400] (13)Permission denied: [client 216.244.66.235:48248] AH00529: /var/www/vhosts/saratogahistory.com/httpdocs/phpBB/.htaccess pcfg_openfile: unable to check htaccess file, ensure it is readable and that '/var/www/vhosts/saratogahistory.com/httpdocs/phpBB/' is executable
[Thu Sep 10 17:48:43.903303 2020] [core:crit] [pid 32352:tid 140619345282816] (13)Permission denied: [client 104.244.75.153:42528] AH00529: /var/www/vhosts/saratogahistory.com/httpdocs/phpBB/.htaccess pcfg_openfile: unable to check htaccess file, ensure it is readable and that '/var/www/vhosts/saratogahistory.com/httpdocs/phpBB/' is executable, referer: http://www.saratogahistory.com/phpBB/index.php
[Thu Sep 10 17:48:47.763977 2020] [core:crit] [pid 6888:tid 140619156465408] (13)Permission denied: [client 216.244.66.235:42692] AH00529: /var/www/vhosts/saratogahistory.com/httpdocs/phpBB/.htaccess pcfg_openfile: unable to check htaccess file, ensure it is readable and that '/var/www/vhosts/saratogahistory.com/httpdocs/phpBB/' is executable
[Thu Sep 10 17:48:54.924242 2020] [core:crit] [pid 6888:tid 140619208914688] (13)Permission denied: [client 185.220.102.243:43022] AH00529: /var/www/vhosts/saratogahistory.com/httpdocs/phpBB/.htaccess pcfg_openfile: unable to check htaccess file, ensure it is readable and that '/var/www/vhosts/saratogahistory.com/httpdocs/phpBB/' is executable, referer: http://www.saratogahistory.com/phpBB/index.php
[Thu Sep 10 17:52:06.626076 2020] [core:crit] [pid 32352:tid 140619135485696] (13)Permission denied: [client 185.25.35.8:51678] AH00529: /var/www/vhosts/saratogahistory.com/httpdocs/phpBB/.htaccess pcfg_openfile: unable to check htaccess file, ensure it is readable and that '/var/www/vhosts/saratogahistory.com/httpdocs/phpBB/' is executable
[Thu Sep 10 18:26:06.910724 2020] [core:crit] [pid 6888:tid 140619208914688] (13)Permission denied: [client 66.249.66.215:53152] AH00529: /var/www/vhosts/saratogahistory.com/httpdocs/phpBB/.htaccess pcfg_openfile: unable to check htaccess file, ensure it is readable and that '/var/www/vhosts/saratogahistory.com/httpdocs/phpBB/' is executable
[Thu Sep 10 18:26:18.091123 2020] [core:crit] [pid 6888:tid 140619166955264] (13)Permission denied: [client 66.249.66.215:53480] AH00529: /var/www/vhosts/saratogahistory.com/httpdocs/phpBB/.htaccess pcfg_openfile: unable to check htaccess file, ensure it is readable and that '/var/www/vhosts/saratogahistory.com/httpdocs/phpBB/' is executable
[Thu Sep 10 18:27:55.056651 2020] [core:crit] [pid 32352:tid 140619124995840] (13)Permission denied: [client 66.249.66.215:57584] AH00529: /var/www/vhosts/saratogahistory.com/httpdocs/phpBB/.htaccess pcfg_openfile: unable to check htaccess file, ensure it is readable and that '/var/www/vhosts/saratogahistory.com/httpdocs/phpBB/' is executable
[Thu Sep 10 18:29:20.338211 2020] [core:crit] [pid 32322:tid 140619240384256] (13)Permission denied: [client 66.249.66.217:33118] AH00529: /var/www/vhosts/saratogahistory.com/httpdocs/phpBB/.htaccess pcfg_openfile: unable to check htaccess file, ensure it is readable and that '/var/www/vhosts/saratogahistory.com/httpdocs/phpBB/' is executable
[Thu Sep 10 18:30:54.786573 2020] [core:crit] [pid 32322:tid 140619219404544] (13)Permission denied: [client 66.249.66.213:37344] AH00529: /var/www/vhosts/saratogahistory.com/httpdocs/phpBB/.htaccess pcfg_openfile: unable to check htaccess file, ensure it is readable and that '/var/www/vhosts/saratogahistory.com/httpdocs/phpBB/' is executable
[Thu Sep 10 18:32:38.849821 2020] [core:crit] [pid 32352:tid 140619355772672] (13)Permission denied: [client 66.249.66.213:41686] AH00529: /var/www/vhosts/saratogahistory.com/httpdocs/phpBB/.htaccess pcfg_openfile: unable to check htaccess file, ensure it is readable and that '/var/www/vhosts/saratogahistory.com/httpdocs/phpBB/' is executable
[Thu Sep 10 18:38:11.631735 2020] [core:crit] [pid 6888:tid 140619376752384] (13)Permission denied: [client 216.244.66.235:56804] AH00529: /var/www/vhosts/saratogahistory.com/httpdocs/phpBB/.htaccess pcfg_openfile: unable to check htaccess file, ensure it is readable and that '/var/www/vhosts/saratogahistory.com/httpdocs/phpBB/' is executable
[Thu Sep 10 19:00:39.111190 2020] [core:crit] [pid 32352:tid 140619166955264] (13)Permission denied: [client 109.61.207.94:55212] AH00529: /var/www/vhosts/saratogahistory.com/httpdocs/phpBB/.htaccess pcfg_openfile: unable to check htaccess file, ensure it is readable and that '/var/www/vhosts/saratogahistory.com/httpdocs/phpBB/' is executable, referer: http://www.saratogahistory.com/phpBB/index.php
[Thu Sep 10 19:00:40.694034 2020] [proxy_fcgi:error] [pid 6888:tid 140619219404544] [client 109.61.207.94:55270] AH01071: Got error 'Primary script unknown\n', referer: http://www.saratogahistory.com/index.php
[Thu Sep 10 19:04:36.529126 2020] [core:crit] [pid 6888:tid 140619261363968] (13)Permission denied: [client 178.214.253.1:36836] AH00529: /var/www/vhosts/saratogahistory.com/httpdocs/phpBB/.htaccess pcfg_openfile: unable to check htaccess file, ensure it is readable and that '/var/www/vhosts/saratogahistory.com/httpdocs/phpBB/' is executable, referer: http://www.saratogahistory.com/phpBB/index.php
[Thu Sep 10 19:07:41.976602 2020] [core:crit] [pid 32352:tid 140619145975552] (13)Permission denied: [client 216.244.66.235:44136] AH00529: /var/www/vhosts/saratogahistory.com/httpdocs/phpBB/.htaccess pcfg_openfile: unable to check htaccess file, ensure it is readable and that '/var/www/vhosts/saratogahistory.com/httpdocs/phpBB/' is executable
[Thu Sep 10 19:09:43.506900 2020] [core:crit] [pid 32325:tid 140619261363968] (13)Permission denied: [client 185.25.35.14:49290] AH00529: /var/www/vhosts/saratogahistory.com/httpdocs/phpBB/.htaccess pcfg_openfile: unable to check htaccess file, ensure it is readable and that '/var/www/vhosts/saratogahistory.com/httpdocs/phpBB/' is executable
[Thu Sep 10 19:21:50.018999 2020] [core:crit] [pid 6888:tid 140619250874112] (13)Permission denied: [client 185.25.35.14:51118] AH00529: /var/www/vhosts/saratogahistory.com/httpdocs/phpBB/.htaccess pcfg_openfile: unable to check htaccess file, ensure it is readable and that '/var/www/vhosts/saratogahistory.com/httpdocs/phpBB/' is executable
[Thu Sep 10 19:32:28.845728 2020] [core:crit] [pid 32352:tid 140619156465408] (13)Permission denied: [client 45.139.48.28:50970] AH00529: /var/www/vhosts/saratogahistory.com/httpdocs/phpBB/.htaccess pcfg_openfile: unable to check htaccess file, ensure it is readable and that '/var/www/vhosts/saratogahistory.com/httpdocs/phpBB/' is executable, referer: http://www.saratogahistory.com/phpBB/index.php
[Thu Sep 10 19:52:38.376573 2020] [core:crit] [pid 32352:tid 140619366262528] (13)Permission denied: [client 45.154.255.73:49772] AH00529: /var/www/vhosts/saratogahistory.com/httpdocs/phpBB/.htaccess pcfg_openfile: unable to check htaccess file, ensure it is readable and that '/var/www/vhosts/saratogahistory.com/httpdocs/phpBB/' is executable, referer: http://www.saratogahistory.com/phpBB/index.php
[Thu Sep 10 19:54:51.792666 2020] [core:crit] [pid 6888:tid 140619156465408] (13)Permission denied: [client 216.244.66.235:55682] AH00529: /var/www/vhosts/saratogahistory.com/httpdocs/phpBB/.htaccess pcfg_openfile: unable to check htaccess file, ensure it is readable and that '/var/www/vhosts/saratogahistory.com/httpdocs/phpBB/' is executable
[Thu Sep 10 20:01:18.124522 2020] [core:crit] [pid 6888:tid 140619177445120] (13)Permission denied: [client 216.244.66.235:43228] AH00529: /var/www/vhosts/saratogahistory.com/httpdocs/phpBB/.htaccess pcfg_openfile: unable to check htaccess file, ensure it is readable and that '/var/www/vhosts/saratogahistory.com/httpdocs/phpBB/' is executable
[Thu Sep 10 20:11:56.601402 2020] [core:crit] [pid 6888:tid 140619282343680] (13)Permission denied: [client 178.214.253.1:42030] AH00529: /var/www/vhosts/saratogahistory.com/httpdocs/phpBB/.htaccess pcfg_openfile: unable to check htaccess file, ensure it is readable and that '/var/www/vhosts/saratogahistory.com/httpdocs/phpBB/' is executable, referer: http://www.saratogahistory.com/phpBB/index.php
[Thu Sep 10 20:20:28.447218 2020] [core:crit] [pid 32352:tid 140619303323392] (13)Permission denied: [client 66.249.66.217:36312] AH00529: /var/www/vhosts/saratogahistory.com/httpdocs/phpBB/.htaccess pcfg_openfile: unable to check htaccess file, ensure it is readable and that '/var/www/vhosts/saratogahistory.com/httpdocs/phpBB/' is executable
[Thu Sep 10 20:38:15.191021 2020] [core:crit] [pid 32352:tid 140619124995840] (13)Permission denied: [client 216.244.66.235:53418] AH00529: /var/www/vhosts/saratogahistory.com/httpdocs/phpBB/.htaccess pcfg_openfile: unable to check htaccess file, ensure it is readable and that '/var/www/vhosts/saratogahistory.com/httpdocs/phpBB/' is executable
[Thu Sep 10 20:43:43.754491 2020] [core:crit] [pid 32352:tid 140619240384256] (13)Permission denied: [client 216.244.66.235:39124] AH00529: /var/www/vhosts/saratogahistory.com/httpdocs/phpBB/.htaccess pcfg_openfile: unable to check htaccess file, ensure it is readable and that '/var/www/vhosts/saratogahistory.com/httpdocs/phpBB/' is executable
[Thu Sep 10 21:09:42.486337 2020] [core:crit] [pid 32325:tid 140619376752384] (13)Permission denied: [client 188.122.82.146:46516] AH00529: /var/www/vhosts/saratogahistory.com/httpdocs/phpBB/.htaccess pcfg_openfile: unable to check htaccess file, ensure it is readable and that '/var/www/vhosts/saratogahistory.com/httpdocs/phpBB/' is executable, referer: http://www.saratogahistory.com/phpBB/index.php
[Thu Sep 10 21:20:12.108577 2020] [core:crit] [pid 6888:tid 140619177445120] (13)Permission denied: [client 51.83.139.55:40208] AH00529: /var/www/vhosts/saratogahistory.com/httpdocs/phpBB/.htaccess pcfg_openfile: unable to check htaccess file, ensure it is readable and that '/var/www/vhosts/saratogahistory.com/httpdocs/phpBB/' is executable, referer: http://www.saratogahistory.com/phpBB/index.php
[Thu Sep 10 21:48:16.499629 2020] [core:crit] [pid 32352:tid 140619345282816] (13)Permission denied: [client 23.160.208.247:42176] AH00529: /var/www/vhosts/saratogahistory.com/httpdocs/phpBB/.htaccess pcfg_openfile: unable to check htaccess file, ensure it is readable and that '/var/www/vhosts/saratogahistory.com/httpdocs/phpBB/' is executable, referer: http://www.saratogahistory.com/phpBB/index.php
[Thu Sep 10 22:17:30.637549 2020] [core:crit] [pid 32352:tid 140619198424832] (13)Permission denied: [client 216.244.66.235:34820] AH00529: /var/www/vhosts/saratogahistory.com/httpdocs/phpBB/.htaccess pcfg_openfile: unable to check htaccess file, ensure it is readable and that '/var/www/vhosts/saratogahistory.com/httpdocs/phpBB/' is executable
[Thu Sep 10 22:20:07.625416 2020] [core:crit] [pid 32325:tid 140619135485696] (13)Permission denied: [client 216.244.66.235:39322] AH00529: /var/www/vhosts/saratogahistory.com/httpdocs/phpBB/.htaccess pcfg_openfile: unable to check htaccess file, ensure it is readable and that '/var/www/vhosts/saratogahistory.com/httpdocs/phpBB/' is executable
[Thu Sep 10 22:22:16.661425 2020] [core:crit] [pid 6888:tid 140619271853824] (13)Permission denied: [client 66.249.66.217:42126] AH00529: /var/www/vhosts/saratogahistory.com/httpdocs/phpBB/.htaccess pcfg_openfile: unable to check htaccess file, ensure it is readable and that '/var/www/vhosts/saratogahistory.com/httpdocs/phpBB/' is executable
[Thu Sep 10 22:40:07.396071 2020] [core:crit] [pid 6888:tid 140619177445120] (13)Permission denied: [client 178.214.253.1:39092] AH00529: /var/www/vhosts/saratogahistory.com/httpdocs/phpBB/.htaccess pcfg_openfile: unable to check htaccess file, ensure it is readable and that '/var/www/vhosts/saratogahistory.com/httpdocs/phpBB/' is executable, referer: http://www.saratogahistory.com/phpBB/index.php
[Thu Sep 10 22:50:26.595639 2020] [core:crit] [pid 32322:tid 140619145975552] (13)Permission denied: [client 185.94.192.91:54020] AH00529: /var/www/vhosts/saratogahistory.com/httpdocs/phpBB/.htaccess pcfg_openfile: unable to check htaccess file, ensure it is readable and that '/var/www/vhosts/saratogahistory.com/httpdocs/phpBB/' is executable, referer: http://www.saratogahistory.com/phpBB/
[Thu Sep 10 23:08:16.058225 2020] [core:crit] [pid 32352:tid 140619208914688] (13)Permission denied: [client 185.25.35.8:50854] AH00529: /var/www/vhosts/saratogahistory.com/httpdocs/phpBB/.htaccess pcfg_openfile: unable to check htaccess file, ensure it is readable and that '/var/www/vhosts/saratogahistory.com/httpdocs/phpBB/' is executable
[Thu Sep 10 23:33:23.525340 2020] [core:crit] [pid 6888:tid 140619187934976] (13)Permission denied: [client 62.210.188.222:57632] AH00529: /var/www/vhosts/saratogahistory.com/httpdocs/phpBB/.htaccess pcfg_openfile: unable to check htaccess file, ensure it is readable and that '/var/www/vhosts/saratogahistory.com/httpdocs/phpBB/' is executable
[Thu Sep 10 23:39:52.651482 2020] [core:crit] [pid 6888:tid 140619166955264] (13)Permission denied: [client 185.25.35.13:38458] AH00529: /var/www/vhosts/saratogahistory.com/httpdocs/phpBB/.htaccess pcfg_openfile: unable to check htaccess file, ensure it is readable and that '/var/www/vhosts/saratogahistory.com/httpdocs/phpBB/' is executable
[Thu Sep 10 23:53:18.716623 2020] [core:crit] [pid 32352:tid 140619261363968] (13)Permission denied: [client 107.189.10.42:59984] AH00529: /var/www/vhosts/saratogahistory.com/httpdocs/phpBB/.htaccess pcfg_openfile: unable to check htaccess file, ensure it is readable and that '/var/www/vhosts/saratogahistory.com/httpdocs/phpBB/' is executable, referer: http://www.saratogahistory.com/phpBB/index.php
[Thu Sep 10 23:53:18.869534 2020] [core:crit] [pid 32325:tid 140619145975552] (13)Permission denied: [client 66.249.66.215:59986] AH00529: /var/www/vhosts/saratogahistory.com/httpdocs/phpBB/.htaccess pcfg_openfile: unable to check htaccess file, ensure it is readable and that '/var/www/vhosts/saratogahistory.com/httpdocs/phpBB/' is executable
[Fri Sep 11 00:18:54.682363 2020] [core:crit] [pid 6888:tid 140619376752384] (13)Permission denied: [client 216.244.66.235:44384] AH00529: /var/www/vhosts/saratogahistory.com/httpdocs/phpBB/.htaccess pcfg_openfile: unable to check htaccess file, ensure it is readable and that '/var/www/vhosts/saratogahistory.com/httpdocs/phpBB/' is executable
[Fri Sep 11 00:29:01.784764 2020] [core:crit] [pid 32325:tid 140619324303104] (13)Permission denied: [client 79.172.193.32:58450] AH00529: /var/www/vhosts/saratogahistory.com/httpdocs/phpBB/.htaccess pcfg_openfile: unable to check htaccess file, ensure it is readable and that '/var/www/vhosts/saratogahistory.com/httpdocs/phpBB/' is executable, referer: http://www.saratogahistory.com/phpBB/index.php
[Fri Sep 11 00:52:50.917138 2020] [core:crit] [pid 32352:tid 140619135485696] (13)Permission denied: [client 185.25.35.9:40136] AH00529: /var/www/vhosts/saratogahistory.com/httpdocs/phpBB/.htaccess pcfg_openfile: unable to check htaccess file, ensure it is readable and that '/var/www/vhosts/saratogahistory.com/httpdocs/phpBB/' is executable
[Fri Sep 11 01:03:35.335262 2020] [core:crit] [pid 6888:tid 140619240384256] (13)Permission denied: [client 216.244.66.235:58074] AH00529: /var/www/vhosts/saratogahistory.com/httpdocs/phpBB/.htaccess pcfg_openfile: unable to check htaccess file, ensure it is readable and that '/var/www/vhosts/saratogahistory.com/httpdocs/phpBB/' is executable
[Fri Sep 11 01:06:05.281690 2020] [core:crit] [pid 32352:tid 140619292833536] (13)Permission denied: [client 185.25.35.8:34484] AH00529: /var/www/vhosts/saratogahistory.com/httpdocs/phpBB/.htaccess pcfg_openfile: unable to check htaccess file, ensure it is readable and that '/var/www/vhosts/saratogahistory.com/httpdocs/phpBB/' is executable
[Fri Sep 11 02:12:13.471343 2020] [core:crit] [pid 32322:tid 140619303323392] (13)Permission denied: [client 185.220.100.250:56082] AH00529: /var/www/vhosts/saratogahistory.com/httpdocs/phpBB/.htaccess pcfg_openfile: unable to check htaccess file, ensure it is readable and that '/var/www/vhosts/saratogahistory.com/httpdocs/phpBB/' is executable, referer: http://www.saratogahistory.com/phpBB/index.php
[Fri Sep 11 02:27:44.782825 2020] [core:crit] [pid 6888:tid 140619240384256] (13)Permission denied: [client 5.188.84.92:49978] AH00529: /var/www/vhosts/saratogahistory.com/httpdocs/phpBB/.htaccess pcfg_openfile: unable to check htaccess file, ensure it is readable and that '/var/www/vhosts/saratogahistory.com/httpdocs/phpBB/' is executable, referer: http://www.saratogahistory.com/phpBB/index.php
[Fri Sep 11 03:10:25.716489 2020] [core:crit] [pid 32352:tid 140619250874112] (13)Permission denied: [client 212.164.64.206:59070] AH00529: /var/www/vhosts/saratogahistory.com/httpdocs/phpBB/.htaccess pcfg_openfile: unable to check htaccess file, ensure it is readable and that '/var/www/vhosts/saratogahistory.com/httpdocs/phpBB/' is executable, referer: http://www.saratogahistory.com/phpBB/index.php
[Fri Sep 11 03:15:45.265154 2020] [core:crit] [pid 32352:tid 140619166955264] (13)Permission denied: [client 23.254.82.87:38060] AH00529: /var/www/vhosts/saratogahistory.com/httpdocs/phpBB/.htaccess pcfg_openfile: unable to check htaccess file, ensure it is readable and that '/var/www/vhosts/saratogahistory.com/httpdocs/phpBB/' is executable, referer: http://www.saratogahistory.com/
[Fri Sep 11 03:15:45.580916 2020] [core:crit] [pid 32352:tid 140619177445120] (13)Permission denied: [client 23.95.182.158:38076] AH00529: /var/www/vhosts/saratogahistory.com/httpdocs/phpBB/.htaccess pcfg_openfile: unable to check htaccess file, ensure it is readable and that '/var/www/vhosts/saratogahistory.com/httpdocs/phpBB/' is executable, referer: http://www.saratogahistory.com/
[Fri Sep 11 03:15:45.863341 2020] [core:crit] [pid 6888:tid 140619219404544] (13)Permission denied: [client 69.58.6.49:38086] AH00529: /var/www/vhosts/saratogahistory.com/httpdocs/phpBB/.htaccess pcfg_openfile: unable to check htaccess file, ensure it is readable and that '/var/www/vhosts/saratogahistory.com/httpdocs/phpBB/' is executable, referer: http://www.saratogahistory.com/
[Fri Sep 11 03:15:46.177907 2020] [core:crit] [pid 6888:tid 140619261363968] (13)Permission denied: [client 104.144.112.223:38096] AH00529: /var/www/vhosts/saratogahistory.com/httpdocs/phpBB/.htaccess pcfg_openfile: unable to check htaccess file, ensure it is readable and that '/var/www/vhosts/saratogahistory.com/httpdocs/phpBB/' is executable, referer: http://www.saratogahistory.com/
[Fri Sep 11 03:45:18.606568 2020] [core:crit] [pid 32352:tid 140619135485696] (13)Permission denied: [client 162.247.73.192:55700] AH00529: /var/www/vhosts/saratogahistory.com/httpdocs/phpBB/.htaccess pcfg_openfile: unable to check htaccess file, ensure it is readable and that '/var/www/vhosts/saratogahistory.com/httpdocs/phpBB/' is executable, referer: http://www.saratogahistory.com/phpBB/index.php
[Fri Sep 11 04:10:50.674446 2020] [proxy_fcgi:error] [pid 6888:tid 140619156465408] [client 107.77.94.83:36776] AH01071: Got error 'Primary script unknown\n'
[Fri Sep 11 04:14:57.836918 2020] [core:crit] [pid 6888:tid 140619145975552] (13)Permission denied: [client 66.249.66.213:41734] AH00529: /var/www/vhosts/saratogahistory.com/httpdocs/phpBB/.htaccess pcfg_openfile: unable to check htaccess file, ensure it is readable and that '/var/www/vhosts/saratogahistory.com/httpdocs/phpBB/' is executable
[Fri Sep 11 04:29:14.507274 2020] [core:crit] [pid 6888:tid 140619376752384] (13)Permission denied: [client 216.244.66.235:39446] AH00529: /var/www/vhosts/saratogahistory.com/httpdocs/phpBB/.htaccess pcfg_openfile: unable to check htaccess file, ensure it is readable and that '/var/www/vhosts/saratogahistory.com/httpdocs/phpBB/' is executable
[Fri Sep 11 04:54:53.227312 2020] [core:crit] [pid 32322:tid 140619240384256] (13)Permission denied: [client 5.188.84.230:52716] AH00529: /var/www/vhosts/saratogahistory.com/httpdocs/phpBB/.htaccess pcfg_openfile: unable to check htaccess file, ensure it is readable and that '/var/www/vhosts/saratogahistory.com/httpdocs/phpBB/' is executable, referer: http://www.saratogahistory.com/phpBB/index.php
[Fri Sep 11 05:08:17.452476 2020] [core:crit] [pid 6888:tid 140619240384256] (13)Permission denied: [client 185.25.35.15:44046] AH00529: /var/www/vhosts/saratogahistory.com/httpdocs/phpBB/.htaccess pcfg_openfile: unable to check htaccess file, ensure it is readable and that '/var/www/vhosts/saratogahistory.com/httpdocs/phpBB/' is executable
[Fri Sep 11 05:17:12.157717 2020] [core:crit] [pid 32352:tid 140619219404544] (13)Permission denied: [client 216.244.66.235:58774] AH00529: /var/www/vhosts/saratogahistory.com/httpdocs/phpBB/.htaccess pcfg_openfile: unable to check htaccess file, ensure it is readable and that '/var/www/vhosts/saratogahistory.com/httpdocs/phpBB/' is executable
[Fri Sep 11 05:28:45.458324 2020] [core:crit] [pid 6888:tid 140619145975552] (13)Permission denied: [client 95.111.240.199:48462] AH00529: /var/www/vhosts/saratogahistory.com/httpdocs/phpBB/.htaccess pcfg_openfile: unable to check htaccess file, ensure it is readable and that '/var/www/vhosts/saratogahistory.com/httpdocs/phpBB/' is executable, referer: http://www.saratogahistory.com/phpBB/index.php
[Fri Sep 11 05:28:46.281787 2020] [proxy_fcgi:error] [pid 32352:tid 140619187934976] [client 95.111.240.199:48478] AH01071: Got error 'Primary script unknown\n', referer: http://www.saratogahistory.com/index.php
[Fri Sep 11 05:28:46.508749 2020] [proxy_fcgi:error] [pid 32325:tid 140619240384256] [client 95.111.240.199:48488] AH01071: Got error 'Primary script unknown\n', referer: http://www.saratogahistory.com/index.php
[Fri Sep 11 05:28:46.741645 2020] [proxy_fcgi:error] [pid 6888:tid 140619355772672] [client 95.111.240.199:48490] AH01071: Got error 'Primary script unknown\n', referer: http://www.saratogahistory.com/index.php
[Fri Sep 11 05:31:51.563567 2020] [core:crit] [pid 32352:tid 140619334792960] (13)Permission denied: [client 149.202.238.204:52478] AH00529: /var/www/vhosts/saratogahistory.com/httpdocs/phpBB/.htaccess pcfg_openfile: unable to check htaccess file, ensure it is readable and that '/var/www/vhosts/saratogahistory.com/httpdocs/phpBB/' is executable, referer: http://www.saratogahistory.com/phpBB/index.php
[Fri Sep 11 05:41:49.561364 2020] [core:crit] [pid 32352:tid 140619229894400] (13)Permission denied: [client 185.25.35.15:39984] AH00529: /var/www/vhosts/saratogahistory.com/httpdocs/phpBB/.htaccess pcfg_openfile: unable to check htaccess file, ensure it is readable and that '/var/www/vhosts/saratogahistory.com/httpdocs/phpBB/' is executable
[Fri Sep 11 05:49:42.140673 2020] [core:crit] [pid 6888:tid 140619345282816] (13)Permission denied: [client 216.244.66.235:54624] AH00529: /var/www/vhosts/saratogahistory.com/httpdocs/phpBB/.htaccess pcfg_openfile: unable to check htaccess file, ensure it is readable and that '/var/www/vhosts/saratogahistory.com/httpdocs/phpBB/' is executable
[Fri Sep 11 06:02:07.391055 2020] [core:crit] [pid 32325:tid 140619376752384] (13)Permission denied: [client 90.188.255.142:45796] AH00529: /var/www/vhosts/saratogahistory.com/httpdocs/phpBB/.htaccess pcfg_openfile: unable to check htaccess file, ensure it is readable and that '/var/www/vhosts/saratogahistory.com/httpdocs/phpBB/' is executable, referer: http://www.saratogahistory.com/phpBB/index.php
[Fri Sep 11 06:02:08.885952 2020] [proxy_fcgi:error] [pid 6888:tid 140619366262528] [client 90.188.255.142:45846] AH01071: Got error 'Primary script unknown\n', referer: http://www.saratogahistory.com/index.php
[Fri Sep 11 06:02:09.308055 2020] [proxy_fcgi:error] [pid 32325:tid 140619187934976] [client 90.188.255.142:45858] AH01071: Got error 'Primary script unknown\n', referer: http://www.saratogahistory.com/index.php
[Fri Sep 11 06:02:09.716353 2020] [proxy_fcgi:error] [pid 32325:tid 140619355772672] [client 90.188.255.142:45868] AH01071: Got error 'Primary script unknown\n', referer: http://www.saratogahistory.com/index.php
[Fri Sep 11 06:28:51.192380 2020] [core:crit] [pid 6888:tid 140619313813248] (13)Permission denied: [client 185.220.102.240:58050] AH00529: /var/www/vhosts/saratogahistory.com/httpdocs/phpBB/.htaccess pcfg_openfile: unable to check htaccess file, ensure it is readable and that '/var/www/vhosts/saratogahistory.com/httpdocs/phpBB/' is executable, referer: http://www.saratogahistory.com/phpBB/index.php
[Fri Sep 11 06:31:42.959122 2020] [core:crit] [pid 32352:tid 140619240384256] (13)Permission denied: [client 109.70.100.31:34520] AH00529: /var/www/vhosts/saratogahistory.com/httpdocs/phpBB/.htaccess pcfg_openfile: unable to check htaccess file, ensure it is readable and that '/var/www/vhosts/saratogahistory.com/httpdocs/phpBB/' is executable, referer: http://www.saratogahistory.com/phpBB/index.php
[Fri Sep 11 06:41:46.740434 2020] [core:crit] [pid 32322:tid 140619250874112] (13)Permission denied: [client 93.157.254.39:53964] AH00529: /var/www/vhosts/saratogahistory.com/httpdocs/phpBB/.htaccess pcfg_openfile: unable to check htaccess file, ensure it is readable and that '/var/www/vhosts/saratogahistory.com/httpdocs/phpBB/' is executable, referer: http://www.saratogahistory.com/phpBB/index.php
[Fri Sep 11 06:48:03.070240 2020] [core:crit] [pid 6888:tid 140619261363968] (13)Permission denied: [client 216.244.66.235:36508] AH00529: /var/www/vhosts/saratogahistory.com/httpdocs/phpBB/.htaccess pcfg_openfile: unable to check htaccess file, ensure it is readable and that '/var/www/vhosts/saratogahistory.com/httpdocs/phpBB/' is executable
[Fri Sep 11 06:57:54.441761 2020] [core:crit] [pid 6888:tid 140619177445120] (13)Permission denied: [client 185.25.35.13:54348] AH00529: /var/www/vhosts/saratogahistory.com/httpdocs/phpBB/.htaccess pcfg_openfile: unable to check htaccess file, ensure it is readable and that '/var/www/vhosts/saratogahistory.com/httpdocs/phpBB/' is executable
[Fri Sep 11 06:58:50.342112 2020] [core:crit] [pid 32352:tid 140619366262528] (13)Permission denied: [client 176.10.99.200:55540] AH00529: /var/www/vhosts/saratogahistory.com/httpdocs/phpBB/.htaccess pcfg_openfile: unable to check htaccess file, ensure it is readable and that '/var/www/vhosts/saratogahistory.com/httpdocs/phpBB/' is executable, referer: http://www.saratogahistory.com/phpBB/index.php
[Fri Sep 11 07:09:26.445546 2020] [core:crit] [pid 6888:tid 140619135485696] (13)Permission denied: [client 185.25.35.14:44184] AH00529: /var/www/vhosts/saratogahistory.com/httpdocs/phpBB/.htaccess pcfg_openfile: unable to check htaccess file, ensure it is readable and that '/var/www/vhosts/saratogahistory.com/httpdocs/phpBB/' is executable
[Fri Sep 11 07:36:16.755002 2020] [core:crit] [pid 32352:tid 140619198424832] (13)Permission denied: [client 145.255.0.233:58894] AH00529: /var/www/vhosts/saratogahistory.com/httpdocs/phpBB/.htaccess pcfg_openfile: unable to check htaccess file, ensure it is readable and that '/var/www/vhosts/saratogahistory.com/httpdocs/phpBB/' is executable, referer: http://www.saratogahistory.com/phpBB/index.php
[Fri Sep 11 08:00:07.795315 2020] [core:crit] [pid 6888:tid 140619261363968] (13)Permission denied: [client 45.154.255.69:41406] AH00529: /var/www/vhosts/saratogahistory.com/httpdocs/phpBB/.htaccess pcfg_openfile: unable to check htaccess file, ensure it is readable and that '/var/www/vhosts/saratogahistory.com/httpdocs/phpBB/' is executable, referer: http://www.saratogahistory.com/phpBB/index.php
[Fri Sep 11 08:13:21.791571 2020] [core:crit] [pid 32352:tid 140619187934976] (13)Permission denied: [client 216.244.66.235:34734] AH00529: /var/www/vhosts/saratogahistory.com/httpdocs/phpBB/.htaccess pcfg_openfile: unable to check htaccess file, ensure it is readable and that '/var/www/vhosts/saratogahistory.com/httpdocs/phpBB/' is executable
[Fri Sep 11 08:28:46.697838 2020] [core:crit] [pid 6888:tid 140619303323392] (13)Permission denied: [client 176.15.163.216:50362] AH00529: /var/www/vhosts/saratogahistory.com/httpdocs/phpBB/.htaccess pcfg_openfile: unable to check htaccess file, ensure it is readable and that '/var/www/vhosts/saratogahistory.com/httpdocs/phpBB/' is executable, referer: http://www.saratogahistory.com/phpBB/index.php
[Fri Sep 11 08:35:05.065877 2020] [core:crit] [pid 32322:tid 140619208914688] (13)Permission denied: [client 188.163.109.153:51102] AH00529: /var/www/vhosts/saratogahistory.com/httpdocs/phpBB/.htaccess pcfg_openfile: unable to check htaccess file, ensure it is readable and that '/var/www/vhosts/saratogahistory.com/httpdocs/phpBB/' is executable, referer: http://www.saratogahistory.com/phpBB/index.php
[Fri Sep 11 08:35:09.738994 2020] [core:crit] [pid 6888:tid 140619187934976] (13)Permission denied: [client 188.163.109.153:51116] AH00529: /var/www/vhosts/saratogahistory.com/httpdocs/phpBB/.htaccess pcfg_openfile: unable to check htaccess file, ensure it is readable and that '/var/www/vhosts/saratogahistory.com/httpdocs/phpBB/' is executable, referer: http://www.saratogahistory.com/phpBB/index.php
[Fri Sep 11 09:05:36.636090 2020] [core:crit] [pid 6888:tid 140619366262528] (13)Permission denied: [client 216.244.66.235:54802] AH00529: /var/www/vhosts/saratogahistory.com/httpdocs/phpBB/.htaccess pcfg_openfile: unable to check htaccess file, ensure it is readable and that '/var/www/vhosts/saratogahistory.com/httpdocs/phpBB/' is executable
[Fri Sep 11 10:23:49.557375 2020] [ssl:warn] [pid 562:tid 139796881967232] AH01909: RSA certificate configured for saratogahistory.com:443 does NOT include an ID which matches the server name
[Fri Sep 11 10:23:49.732944 2020] [ssl:warn] [pid 562:tid 139796881967232] AH01909: RSA certificate configured for saratogahistory.com:443 does NOT include an ID which matches the server name
[Fri Sep 11 10:28:26.272317 2020] [core:crit] [pid 687:tid 139796590552832] (13)Permission denied: [client 216.244.66.235:47992] AH00529: /var/www/vhosts/saratogahistory.com/httpdocs/phpBB/.htaccess pcfg_openfile: unable to check htaccess file, ensure it is readable and that '/var/www/vhosts/saratogahistory.com/httpdocs/phpBB/' is executable
[Fri Sep 11 10:37:26.231941 2020] [core:crit] [pid 685:tid 139796611532544] (13)Permission denied: [client 192.186.174.5:60464] AH00529: /var/www/vhosts/saratogahistory.com/httpdocs/phpBB/.htaccess pcfg_openfile: unable to check htaccess file, ensure it is readable and that '/var/www/vhosts/saratogahistory.com/httpdocs/phpBB/' is executable, referer: http://www.saratogahistory.com/
[Fri Sep 11 10:37:26.354954 2020] [core:crit] [pid 685:tid 139796601042688] (13)Permission denied: [client 198.12.108.109:60466] AH00529: /var/www/vhosts/saratogahistory.com/httpdocs/phpBB/.htaccess pcfg_openfile: unable to check htaccess file, ensure it is readable and that '/var/www/vhosts/saratogahistory.com/httpdocs/phpBB/' is executable, referer: http://www.saratogahistory.com/
[Fri Sep 11 10:37:26.513769 2020] [core:crit] [pid 685:tid 139796590552832] (13)Permission denied: [client 198.20.168.242:60468] AH00529: /var/www/vhosts/saratogahistory.com/httpdocs/phpBB/.htaccess pcfg_openfile: unable to check htaccess file, ensure it is readable and that '/var/www/vhosts/saratogahistory.com/httpdocs/phpBB/' is executable, referer: http://www.saratogahistory.com/
[Fri Sep 11 10:37:26.599241 2020] [core:crit] [pid 685:tid 139796580062976] (13)Permission denied: [client 206.217.128.106:60470] AH00529: /var/www/vhosts/saratogahistory.com/httpdocs/phpBB/.htaccess pcfg_openfile: unable to check htaccess file, ensure it is readable and that '/var/www/vhosts/saratogahistory.com/httpdocs/phpBB/' is executable, referer: http://www.saratogahistory.com/
[Fri Sep 11 10:58:40.199458 2020] [core:crit] [pid 687:tid 139796466882304] (13)Permission denied: [client 185.25.35.12:52692] AH00529: /var/www/vhosts/saratogahistory.com/httpdocs/phpBB/.htaccess pcfg_openfile: unable to check htaccess file, ensure it is readable and that '/var/www/vhosts/saratogahistory.com/httpdocs/phpBB/' is executable
[Fri Sep 11 11:00:16.005740 2020] [core:crit] [pid 687:tid 139796456392448] (13)Permission denied: [client 66.249.66.215:54226] AH00529: /var/www/vhosts/saratogahistory.com/httpdocs/phpBB/.htaccess pcfg_openfile: unable to check htaccess file, ensure it is readable and that '/var/www/vhosts/saratogahistory.com/httpdocs/phpBB/' is executable
[Fri Sep 11 11:31:36.270581 2020] [core:crit] [pid 685:tid 139796590552832] (13)Permission denied: [client 216.244.66.235:34724] AH00529: /var/www/vhosts/saratogahistory.com/httpdocs/phpBB/.htaccess pcfg_openfile: unable to check htaccess file, ensure it is readable and that '/var/www/vhosts/saratogahistory.com/httpdocs/phpBB/' is executable
[Fri Sep 11 11:33:27.648678 2020] [core:crit] [pid 686:tid 139796569573120] (13)Permission denied: [client 185.25.35.15:37194] AH00529: /var/www/vhosts/saratogahistory.com/httpdocs/phpBB/.htaccess pcfg_openfile: unable to check htaccess file, ensure it is readable and that '/var/www/vhosts/saratogahistory.com/httpdocs/phpBB/' is executable
[Fri Sep 11 12:27:16.151299 2020] [core:crit] [pid 1501:tid 139796320024320] (13)Permission denied: [client 31.220.3.105:48080] AH00529: /var/www/vhosts/saratogahistory.com/httpdocs/phpBB/.htaccess pcfg_openfile: unable to check htaccess file, ensure it is readable and that '/var/www/vhosts/saratogahistory.com/httpdocs/phpBB/' is executable, referer: http://www.saratogahistory.com/phpBB/index.php
[Fri Sep 11 12:39:46.844793 2020] [core:crit] [pid 685:tid 139796601042688] (13)Permission denied: [client 216.244.66.235:36052] AH00529: /var/www/vhosts/saratogahistory.com/httpdocs/phpBB/.htaccess pcfg_openfile: unable to check htaccess file, ensure it is readable and that '/var/www/vhosts/saratogahistory.com/httpdocs/phpBB/' is executable
[Fri Sep 11 12:44:45.944721 2020] [core:crit] [pid 687:tid 139796288554752] (13)Permission denied: [client 216.244.66.235:42364] AH00529: /var/www/vhosts/saratogahistory.com/httpdocs/phpBB/.htaccess pcfg_openfile: unable to check htaccess file, ensure it is readable and that '/var/www/vhosts/saratogahistory.com/httpdocs/phpBB/' is executable
[Fri Sep 11 12:53:40.089407 2020] [core:crit] [pid 686:tid 139796435412736] (13)Permission denied: [client 185.25.35.13:54648] AH00529: /var/www/vhosts/saratogahistory.com/httpdocs/phpBB/.htaccess pcfg_openfile: unable to check htaccess file, ensure it is readable and that '/var/www/vhosts/saratogahistory.com/httpdocs/phpBB/' is executable
[Fri Sep 11 13:04:48.625805 2020] [core:crit] [pid 685:tid 139796372473600] (13)Permission denied: [client 185.25.35.11:60222] AH00529: /var/www/vhosts/saratogahistory.com/httpdocs/phpBB/.htaccess pcfg_openfile: unable to check htaccess file, ensure it is readable and that '/var/www/vhosts/saratogahistory.com/httpdocs/phpBB/' is executable
[Fri Sep 11 13:45:31.019961 2020] [core:crit] [pid 1501:tid 139796466882304] (13)Permission denied: [client 216.244.66.235:38338] AH00529: /var/www/vhosts/saratogahistory.com/httpdocs/phpBB/.htaccess pcfg_openfile: unable to check htaccess file, ensure it is readable and that '/var/www/vhosts/saratogahistory.com/httpdocs/phpBB/' is executable
[Fri Sep 11 13:48:37.723782 2020] [core:crit] [pid 1501:tid 139796424922880] (13)Permission denied: [client 89.31.57.5:42780] AH00529: /var/www/vhosts/saratogahistory.com/httpdocs/phpBB/.htaccess pcfg_openfile: unable to check htaccess file, ensure it is readable and that '/var/www/vhosts/saratogahistory.com/httpdocs/phpBB/' is executable, referer: http://www.saratogahistory.com/phpBB/index.php
[Fri Sep 11 14:10:22.622487 2020] [core:crit] [pid 687:tid 139796456392448] (13)Permission denied: [client 216.244.66.235:48486] AH00529: /var/www/vhosts/saratogahistory.com/httpdocs/phpBB/.htaccess pcfg_openfile: unable to check htaccess file, ensure it is readable and that '/var/www/vhosts/saratogahistory.com/httpdocs/phpBB/' is executable
[Fri Sep 11 14:37:49.429193 2020] [core:crit] [pid 1501:tid 139796569573120] (13)Permission denied: [client 104.244.77.95:39948] AH00529: /var/www/vhosts/saratogahistory.com/httpdocs/phpBB/.htaccess pcfg_openfile: unable to check htaccess file, ensure it is readable and that '/var/www/vhosts/saratogahistory.com/httpdocs/phpBB/' is executable, referer: http://www.saratogahistory.com/phpBB/index.php
[Fri Sep 11 14:47:51.574412 2020] [core:crit] [pid 1501:tid 139796424922880] (13)Permission denied: [client 134.249.147.157:58716] AH00529: /var/www/vhosts/saratogahistory.com/httpdocs/phpBB/.htaccess pcfg_openfile: unable to check htaccess file, ensure it is readable and that '/var/www/vhosts/saratogahistory.com/httpdocs/phpBB/' is executable, referer: http://www.saratogahistory.com/phpBB/index.php
[Fri Sep 11 15:16:53.609557 2020] [core:crit] [pid 687:tid 139796569573120] (13)Permission denied: [client 195.246.120.157:57464] AH00529: /var/www/vhosts/saratogahistory.com/httpdocs/phpBB/.htaccess pcfg_openfile: unable to check htaccess file, ensure it is readable and that '/var/www/vhosts/saratogahistory.com/httpdocs/phpBB/' is executable, referer: http://www.saratogahistory.com/phpBB/index.php
[Fri Sep 11 15:33:12.048588 2020] [core:crit] [pid 1501:tid 139796414433024] (13)Permission denied: [client 216.244.66.235:34072] AH00529: /var/www/vhosts/saratogahistory.com/httpdocs/phpBB/.htaccess pcfg_openfile: unable to check htaccess file, ensure it is readable and that '/var/www/vhosts/saratogahistory.com/httpdocs/phpBB/' is executable
[Fri Sep 11 15:43:02.330366 2020] [core:crit] [pid 1501:tid 139796320024320] (13)Permission denied: [client 216.244.66.235:54944] AH00529: /var/www/vhosts/saratogahistory.com/httpdocs/phpBB/.htaccess pcfg_openfile: unable to check htaccess file, ensure it is readable and that '/var/www/vhosts/saratogahistory.com/httpdocs/phpBB/' is executable
[Fri Sep 11 15:58:06.407971 2020] [core:crit] [pid 685:tid 139796414433024] (13)Permission denied: [client 216.244.66.235:60478] AH00529: /var/www/vhosts/saratogahistory.com/httpdocs/phpBB/.htaccess pcfg_openfile: unable to check htaccess file, ensure it is readable and that '/var/www/vhosts/saratogahistory.com/httpdocs/phpBB/' is executable
[Fri Sep 11 16:17:21.180888 2020] [core:crit] [pid 1501:tid 139796424922880] (13)Permission denied: [client 109.70.100.44:51040] AH00529: /var/www/vhosts/saratogahistory.com/httpdocs/phpBB/.htaccess pcfg_openfile: unable to check htaccess file, ensure it is readable and that '/var/www/vhosts/saratogahistory.com/httpdocs/phpBB/' is executable, referer: http://www.saratogahistory.com/phpBB/index.php
[Fri Sep 11 16:17:26.273744 2020] [core:crit] [pid 1501:tid 139796393453312] (13)Permission denied: [client 216.244.66.235:51138] AH00529: /var/www/vhosts/saratogahistory.com/httpdocs/phpBB/.htaccess pcfg_openfile: unable to check htaccess file, ensure it is readable and that '/var/www/vhosts/saratogahistory.com/httpdocs/phpBB/' is executable
[Fri Sep 11 16:23:53.862468 2020] [core:crit] [pid 685:tid 139796361983744] (13)Permission denied: [client 192.40.95.155:35796] AH00529: /var/www/vhosts/saratogahistory.com/httpdocs/phpBB/.htaccess pcfg_openfile: unable to check htaccess file, ensure it is readable and that '/var/www/vhosts/saratogahistory.com/httpdocs/phpBB/' is executable, referer: http://www.saratogahistory.com/
[Fri Sep 11 16:23:54.460209 2020] [core:crit] [pid 687:tid 139796590552832] (13)Permission denied: [client 192.40.95.164:35820] AH00529: /var/www/vhosts/saratogahistory.com/httpdocs/phpBB/.htaccess pcfg_openfile: unable to check htaccess file, ensure it is readable and that '/var/www/vhosts/saratogahistory.com/httpdocs/phpBB/' is executable, referer: http://www.saratogahistory.com/
[Fri Sep 11 16:23:55.041054 2020] [core:crit] [pid 687:tid 139796580062976] (13)Permission denied: [client 192.40.95.31:35842] AH00529: /var/www/vhosts/saratogahistory.com/httpdocs/phpBB/.htaccess pcfg_openfile: unable to check htaccess file, ensure it is readable and that '/var/www/vhosts/saratogahistory.com/httpdocs/phpBB/' is executable, referer: http://www.saratogahistory.com/
[Fri Sep 11 16:23:55.890870 2020] [core:crit] [pid 1501:tid 139796330514176] (13)Permission denied: [client 196.196.50.18:35866] AH00529: /var/www/vhosts/saratogahistory.com/httpdocs/phpBB/.htaccess pcfg_openfile: unable to check htaccess file, ensure it is readable and that '/var/www/vhosts/saratogahistory.com/httpdocs/phpBB/' is executable, referer: http://www.saratogahistory.com/
[Fri Sep 11 16:24:58.895300 2020] [core:crit] [pid 1501:tid 139796288554752] (13)Permission denied: [client 95.213.193.199:38118] AH00529: /var/www/vhosts/saratogahistory.com/httpdocs/phpBB/.htaccess pcfg_openfile: unable to check htaccess file, ensure it is readable and that '/var/www/vhosts/saratogahistory.com/httpdocs/phpBB/' is executable, referer: http://www.saratogahistory.com/phpBB/index.php
[Fri Sep 11 16:25:00.302808 2020] [proxy_fcgi:error] [pid 1501:tid 139796580062976] [client 95.213.193.199:38158] AH01071: Got error 'Primary script unknown\n', referer: http://www.saratogahistory.com/index.php
[Fri Sep 11 16:25:00.690076 2020] [proxy_fcgi:error] [pid 687:tid 139796569573120] [client 95.213.193.199:38172] AH01071: Got error 'Primary script unknown\n', referer: http://www.saratogahistory.com/index.php
[Fri Sep 11 16:25:01.088699 2020] [proxy_fcgi:error] [pid 1501:tid 139796611532544] [client 95.213.193.199:38176] AH01071: Got error 'Primary script unknown\n', referer: http://www.saratogahistory.com/index.php
[Fri Sep 11 16:38:10.013539 2020] [core:crit] [pid 1501:tid 139796611532544] (13)Permission denied: [client 176.100.111.30:38750] AH00529: /var/www/vhosts/saratogahistory.com/httpdocs/phpBB/.htaccess pcfg_openfile: unable to check htaccess file, ensure it is readable and that '/var/www/vhosts/saratogahistory.com/httpdocs/phpBB/' is executable, referer: http://www.saratogahistory.com/phpBB/index.php
[Fri Sep 11 17:01:57.859528 2020] [core:crit] [pid 1501:tid 139796351493888] (13)Permission denied: [client 185.25.35.14:36144] AH00529: /var/www/vhosts/saratogahistory.com/httpdocs/phpBB/.htaccess pcfg_openfile: unable to check htaccess file, ensure it is readable and that '/var/www/vhosts/saratogahistory.com/httpdocs/phpBB/' is executable
[Fri Sep 11 17:04:55.663264 2020] [core:crit] [pid 685:tid 139796456392448] (13)Permission denied: [client 89.34.27.59:45266] AH00529: /var/www/vhosts/saratogahistory.com/httpdocs/phpBB/.htaccess pcfg_openfile: unable to check htaccess file, ensure it is readable and that '/var/www/vhosts/saratogahistory.com/httpdocs/phpBB/' is executable, referer: http://www.saratogahistory.com/phpBB/index.php
[Fri Sep 11 17:43:47.010299 2020] [core:crit] [pid 1501:tid 139796611532544] (13)Permission denied: [client 185.25.35.10:51072] AH00529: /var/www/vhosts/saratogahistory.com/httpdocs/phpBB/.htaccess pcfg_openfile: unable to check htaccess file, ensure it is readable and that '/var/www/vhosts/saratogahistory.com/httpdocs/phpBB/' is executable
[Fri Sep 11 18:06:05.220285 2020] [core:crit] [pid 1501:tid 139796590552832] (13)Permission denied: [client 178.214.253.1:56308] AH00529: /var/www/vhosts/saratogahistory.com/httpdocs/phpBB/.htaccess pcfg_openfile: unable to check htaccess file, ensure it is readable and that '/var/www/vhosts/saratogahistory.com/httpdocs/phpBB/' is executable, referer: http://www.saratogahistory.com/phpBB/index.php
[Fri Sep 11 18:26:51.599408 2020] [core:crit] [pid 1501:tid 139796341004032] (13)Permission denied: [client 31.220.3.108:33466] AH00529: /var/www/vhosts/saratogahistory.com/httpdocs/phpBB/.htaccess pcfg_openfile: unable to check htaccess file, ensure it is readable and that '/var/www/vhosts/saratogahistory.com/httpdocs/phpBB/' is executable, referer: http://www.saratogahistory.com/phpBB/index.php
[Fri Sep 11 18:50:27.393073 2020] [core:crit] [pid 1501:tid 139796320024320] (13)Permission denied: [client 5.188.84.230:42764] AH00529: /var/www/vhosts/saratogahistory.com/httpdocs/phpBB/.htaccess pcfg_openfile: unable to check htaccess file, ensure it is readable and that '/var/www/vhosts/saratogahistory.com/httpdocs/phpBB/' is executable, referer: http://www.saratogahistory.com/phpBB/index.php
[Fri Sep 11 18:51:03.369883 2020] [core:crit] [pid 687:tid 139796372473600] (13)Permission denied: [client 216.244.66.235:43476] AH00529: /var/www/vhosts/saratogahistory.com/httpdocs/phpBB/.htaccess pcfg_openfile: unable to check htaccess file, ensure it is readable and that '/var/www/vhosts/saratogahistory.com/httpdocs/phpBB/' is executable
[Fri Sep 11 18:53:21.963799 2020] [core:crit] [pid 685:tid 139796477372160] (13)Permission denied: [client 185.25.35.10:47116] AH00529: /var/www/vhosts/saratogahistory.com/httpdocs/phpBB/.htaccess pcfg_openfile: unable to check htaccess file, ensure it is readable and that '/var/www/vhosts/saratogahistory.com/httpdocs/phpBB/' is executable
[Fri Sep 11 19:06:12.278221 2020] [core:crit] [pid 1501:tid 139796393453312] (13)Permission denied: [client 185.25.35.13:38236] AH00529: /var/www/vhosts/saratogahistory.com/httpdocs/phpBB/.htaccess pcfg_openfile: unable to check htaccess file, ensure it is readable and that '/var/www/vhosts/saratogahistory.com/httpdocs/phpBB/' is executable
[Fri Sep 11 19:19:14.547341 2020] [core:crit] [pid 685:tid 139796580062976] (13)Permission denied: [client 216.244.66.235:59498] AH00529: /var/www/vhosts/saratogahistory.com/httpdocs/phpBB/.htaccess pcfg_openfile: unable to check htaccess file, ensure it is readable and that '/var/www/vhosts/saratogahistory.com/httpdocs/phpBB/' is executable
[Fri Sep 11 20:17:41.878308 2020] [core:crit] [pid 1501:tid 139796569573120] (13)Permission denied: [client 185.220.100.253:52728] AH00529: /var/www/vhosts/saratogahistory.com/httpdocs/phpBB/.htaccess pcfg_openfile: unable to check htaccess file, ensure it is readable and that '/var/www/vhosts/saratogahistory.com/httpdocs/phpBB/' is executable, referer: http://www.saratogahistory.com/phpBB/index.php
[Fri Sep 11 20:28:47.092070 2020] [core:crit] [pid 1501:tid 139796445902592] (13)Permission denied: [client 185.220.100.254:33874] AH00529: /var/www/vhosts/saratogahistory.com/httpdocs/phpBB/.htaccess pcfg_openfile: unable to check htaccess file, ensure it is readable and that '/var/www/vhosts/saratogahistory.com/httpdocs/phpBB/' is executable, referer: http://www.saratogahistory.com/phpBB/index.php
[Fri Sep 11 20:46:57.643876 2020] [core:crit] [pid 685:tid 139796601042688] (13)Permission denied: [client 216.244.66.235:41982] AH00529: /var/www/vhosts/saratogahistory.com/httpdocs/phpBB/.htaccess pcfg_openfile: unable to check htaccess file, ensure it is readable and that '/var/www/vhosts/saratogahistory.com/httpdocs/phpBB/' is executable
[Fri Sep 11 20:48:54.989481 2020] [proxy_fcgi:error] [pid 685:tid 139796590552832] [client 165.231.84.43:48900] AH01071: Got error 'Primary script unknown\n'
[Fri Sep 11 20:48:56.711238 2020] [proxy_fcgi:error] [pid 685:tid 139796580062976] [client 165.231.84.43:49006] AH01071: Got error 'Primary script unknown\n'
[Fri Sep 11 20:48:57.635660 2020] [proxy_fcgi:error] [pid 687:tid 139796456392448] [client 165.231.84.43:49090] AH01071: Got error 'Primary script unknown\n'
[Fri Sep 11 20:49:00.634809 2020] [proxy_fcgi:error] [pid 685:tid 139796487862016] [client 165.231.84.43:49290] AH01071: Got error 'Primary script unknown\n'
[Fri Sep 11 20:49:01.534315 2020] [proxy_fcgi:error] [pid 687:tid 139796445902592] [client 165.231.84.43:49356] AH01071: Got error 'Primary script unknown\n'
[Fri Sep 11 20:49:04.660542 2020] [core:crit] [pid 1501:tid 139796477372160] (13)Permission denied: [client 165.231.84.43:49550] AH00529: /var/www/vhosts/saratogahistory.com/httpdocs/phpBB/.htaccess pcfg_openfile: unable to check htaccess file, ensure it is readable and that '/var/www/vhosts/saratogahistory.com/httpdocs/phpBB/' is executable
[Fri Sep 11 20:49:05.831605 2020] [core:crit] [pid 685:tid 139796477372160] (13)Permission denied: [client 165.231.84.43:49614] AH00529: /var/www/vhosts/saratogahistory.com/httpdocs/phpBB/.htaccess pcfg_openfile: unable to check htaccess file, ensure it is readable and that '/var/www/vhosts/saratogahistory.com/httpdocs/phpBB/' is executable
[Fri Sep 11 20:49:06.827545 2020] [core:crit] [pid 685:tid 139796466882304] (13)Permission denied: [client 165.231.84.43:49672] AH00529: /var/www/vhosts/saratogahistory.com/httpdocs/phpBB/.htaccess pcfg_openfile: unable to check htaccess file, ensure it is readable and that '/var/www/vhosts/saratogahistory.com/httpdocs/phpBB/' is executable
[Fri Sep 11 20:49:07.913682 2020] [core:crit] [pid 687:tid 139796414433024] (13)Permission denied: [client 165.231.84.43:49752] AH00529: /var/www/vhosts/saratogahistory.com/httpdocs/phpBB/.htaccess pcfg_openfile: unable to check htaccess file, ensure it is readable and that '/var/www/vhosts/saratogahistory.com/httpdocs/phpBB/' is executable
[Fri Sep 11 20:49:09.081921 2020] [core:crit] [pid 685:tid 139796456392448] (13)Permission denied: [client 165.231.84.43:49824] AH00529: /var/www/vhosts/saratogahistory.com/httpdocs/phpBB/.htaccess pcfg_openfile: unable to check htaccess file, ensure it is readable and that '/var/www/vhosts/saratogahistory.com/httpdocs/phpBB/' is executable
[Fri Sep 11 20:49:12.375826 2020] [core:crit] [pid 686:tid 139796382963456] (13)Permission denied: [client 165.231.84.43:50006] AH00529: /var/www/vhosts/saratogahistory.com/httpdocs/phpBB/.htaccess pcfg_openfile: unable to check htaccess file, ensure it is readable and that '/var/www/vhosts/saratogahistory.com/httpdocs/phpBB/' is executable
[Fri Sep 11 20:49:15.335630 2020] [core:crit] [pid 685:tid 139796445902592] (13)Permission denied: [client 165.231.84.43:50160] AH00529: /var/www/vhosts/saratogahistory.com/httpdocs/phpBB/.htaccess pcfg_openfile: unable to check htaccess file, ensure it is readable and that '/var/www/vhosts/saratogahistory.com/httpdocs/phpBB/' is executable
[Fri Sep 11 20:49:16.165642 2020] [core:crit] [pid 685:tid 139796435412736] (13)Permission denied: [client 165.231.84.43:50214] AH00529: /var/www/vhosts/saratogahistory.com/httpdocs/phpBB/.htaccess pcfg_openfile: unable to check htaccess file, ensure it is readable and that '/var/www/vhosts/saratogahistory.com/httpdocs/phpBB/' is executable
[Fri Sep 11 20:49:17.055960 2020] [core:crit] [pid 1501:tid 139796487862016] (13)Permission denied: [client 165.231.84.43:50296] AH00529: /var/www/vhosts/saratogahistory.com/httpdocs/phpBB/.htaccess pcfg_openfile: unable to check htaccess file, ensure it is readable and that '/var/www/vhosts/saratogahistory.com/httpdocs/phpBB/' is executable
[Fri Sep 11 20:49:18.061306 2020] [core:crit] [pid 685:tid 139796424922880] (13)Permission denied: [client 165.231.84.43:50358] AH00529: /var/www/vhosts/saratogahistory.com/httpdocs/phpBB/.htaccess pcfg_openfile: unable to check htaccess file, ensure it is readable and that '/var/www/vhosts/saratogahistory.com/httpdocs/phpBB/' is executable
[Fri Sep 11 20:49:19.447064 2020] [core:crit] [pid 1501:tid 139796466882304] (13)Permission denied: [client 165.231.84.43:50430] AH00529: /var/www/vhosts/saratogahistory.com/httpdocs/phpBB/.htaccess pcfg_openfile: unable to check htaccess file, ensure it is readable and that '/var/www/vhosts/saratogahistory.com/httpdocs/phpBB/' is executable
[Fri Sep 11 20:57:10.462053 2020] [core:crit] [pid 685:tid 139796309534464] (13)Permission denied: [client 90.188.10.59:47000] AH00529: /var/www/vhosts/saratogahistory.com/httpdocs/phpBB/.htaccess pcfg_openfile: unable to check htaccess file, ensure it is readable and that '/var/www/vhosts/saratogahistory.com/httpdocs/phpBB/' is executable, referer: http://www.saratogahistory.com/
[Fri Sep 11 20:57:11.513583 2020] [core:crit] [pid 1501:tid 139796487862016] (13)Permission denied: [client 200.6.168.86:47038] AH00529: /var/www/vhosts/saratogahistory.com/httpdocs/phpBB/.htaccess pcfg_openfile: unable to check htaccess file, ensure it is readable and that '/var/www/vhosts/saratogahistory.com/httpdocs/phpBB/' is executable, referer: http://www.saratogahistory.com/
[Fri Sep 11 21:00:55.669956 2020] [core:crit] [pid 1501:tid 139796445902592] (13)Permission denied: [client 216.244.66.235:57914] AH00529: /var/www/vhosts/saratogahistory.com/httpdocs/phpBB/.htaccess pcfg_openfile: unable to check htaccess file, ensure it is readable and that '/var/www/vhosts/saratogahistory.com/httpdocs/phpBB/' is executable
[Fri Sep 11 21:37:35.867748 2020] [core:crit] [pid 686:tid 139796361983744] (13)Permission denied: [client 178.159.37.58:39432] AH00529: /var/www/vhosts/saratogahistory.com/httpdocs/phpBB/.htaccess pcfg_openfile: unable to check htaccess file, ensure it is readable and that '/var/www/vhosts/saratogahistory.com/httpdocs/phpBB/' is executable, referer: http://www.saratogahistory.com/phpBB/index.php
[Fri Sep 11 21:57:24.104670 2020] [core:crit] [pid 1501:tid 139796403943168] (13)Permission denied: [client 134.249.124.67:40060] AH00529: /var/www/vhosts/saratogahistory.com/httpdocs/phpBB/.htaccess pcfg_openfile: unable to check htaccess file, ensure it is readable and that '/var/www/vhosts/saratogahistory.com/httpdocs/phpBB/' is executable, referer: http://www.saratogahistory.com/phpBB/index.php
[Fri Sep 11 22:24:36.166413 2020] [core:crit] [pid 1501:tid 139796299044608] (13)Permission denied: [client 23.129.64.216:55074] AH00529: /var/www/vhosts/saratogahistory.com/httpdocs/phpBB/.htaccess pcfg_openfile: unable to check htaccess file, ensure it is readable and that '/var/www/vhosts/saratogahistory.com/httpdocs/phpBB/' is executable, referer: http://www.saratogahistory.com/phpBB/index.php
[Fri Sep 11 22:41:50.872815 2020] [core:crit] [pid 1501:tid 139796611532544] (13)Permission denied: [client 216.244.66.235:52854] AH00529: /var/www/vhosts/saratogahistory.com/httpdocs/phpBB/.htaccess pcfg_openfile: unable to check htaccess file, ensure it is readable and that '/var/www/vhosts/saratogahistory.com/httpdocs/phpBB/' is executable
[Fri Sep 11 23:07:36.469108 2020] [core:crit] [pid 687:tid 139796466882304] (13)Permission denied: [client 185.25.35.15:33504] AH00529: /var/www/vhosts/saratogahistory.com/httpdocs/phpBB/.htaccess pcfg_openfile: unable to check htaccess file, ensure it is readable and that '/var/www/vhosts/saratogahistory.com/httpdocs/phpBB/' is executable
[Fri Sep 11 23:37:26.059438 2020] [core:crit] [pid 1501:tid 139796309534464] (13)Permission denied: [client 216.244.66.235:51586] AH00529: /var/www/vhosts/saratogahistory.com/httpdocs/phpBB/.htaccess pcfg_openfile: unable to check htaccess file, ensure it is readable and that '/var/www/vhosts/saratogahistory.com/httpdocs/phpBB/' is executable
[Fri Sep 11 23:45:01.579135 2020] [core:crit] [pid 1501:tid 139796487862016] (13)Permission denied: [client 185.25.35.12:33420] AH00529: /var/www/vhosts/saratogahistory.com/httpdocs/phpBB/.htaccess pcfg_openfile: unable to check htaccess file, ensure it is readable and that '/var/www/vhosts/saratogahistory.com/httpdocs/phpBB/' is executable
[Fri Sep 11 23:47:46.683608 2020] [core:crit] [pid 1501:tid 139796424922880] (13)Permission denied: [client 185.247.224.52:37456] AH00529: /var/www/vhosts/saratogahistory.com/httpdocs/phpBB/.htaccess pcfg_openfile: unable to check htaccess file, ensure it is readable and that '/var/www/vhosts/saratogahistory.com/httpdocs/phpBB/' is executable, referer: http://www.saratogahistory.com/phpBB/index.php
[Sat Sep 12 00:24:14.816303 2020] [core:crit] [pid 1501:tid 139796372473600] (13)Permission denied: [client 94.102.51.78:36950] AH00529: /var/www/vhosts/saratogahistory.com/httpdocs/phpBB/.htaccess pcfg_openfile: unable to check htaccess file, ensure it is readable and that '/var/www/vhosts/saratogahistory.com/httpdocs/phpBB/' is executable, referer: http://www.saratogahistory.com/phpBB/index.php
[Sat Sep 12 00:26:47.459471 2020] [core:crit] [pid 685:tid 139796414433024] (13)Permission denied: [client 216.244.66.235:41188] AH00529: /var/www/vhosts/saratogahistory.com/httpdocs/phpBB/.htaccess pcfg_openfile: unable to check htaccess file, ensure it is readable and that '/var/www/vhosts/saratogahistory.com/httpdocs/phpBB/' is executable
[Sat Sep 12 00:34:48.465788 2020] [core:crit] [pid 1501:tid 139796601042688] (13)Permission denied: [client 91.76.156.63:55262] AH00529: /var/www/vhosts/saratogahistory.com/httpdocs/phpBB/.htaccess pcfg_openfile: unable to check htaccess file, ensure it is readable and that '/var/www/vhosts/saratogahistory.com/httpdocs/phpBB/' is executable, referer: http://www.saratogahistory.com/phpBB/index.php
[Sat Sep 12 00:43:12.047089 2020] [core:crit] [pid 685:tid 139796580062976] (13)Permission denied: [client 5.188.84.251:39908] AH00529: /var/www/vhosts/saratogahistory.com/httpdocs/phpBB/.htaccess pcfg_openfile: unable to check htaccess file, ensure it is readable and that '/var/www/vhosts/saratogahistory.com/httpdocs/phpBB/' is executable, referer: http://www.saratogahistory.com/phpBB/index.php
[Sat Sep 12 00:52:21.488154 2020] [core:crit] [pid 1501:tid 139796299044608] (13)Permission denied: [client 185.25.35.9:53922] AH00529: /var/www/vhosts/saratogahistory.com/httpdocs/phpBB/.htaccess pcfg_openfile: unable to check htaccess file, ensure it is readable and that '/var/www/vhosts/saratogahistory.com/httpdocs/phpBB/' is executable
[Sat Sep 12 01:02:04.565054 2020] [core:crit] [pid 1501:tid 139796590552832] (13)Permission denied: [client 185.25.35.9:39950] AH00529: /var/www/vhosts/saratogahistory.com/httpdocs/phpBB/.htaccess pcfg_openfile: unable to check htaccess file, ensure it is readable and that '/var/www/vhosts/saratogahistory.com/httpdocs/phpBB/' is executable
[Sat Sep 12 01:16:35.247573 2020] [proxy_fcgi:error] [pid 1501:tid 139796466882304] [client 213.59.131.64:33986] AH01071: Got error 'Primary script unknown\n'
[Sat Sep 12 01:16:35.428780 2020] [proxy_fcgi:error] [pid 687:tid 139796341004032] [client 213.59.131.64:33998] AH01071: Got error 'Primary script unknown\n'
[Sat Sep 12 01:18:26.862724 2020] [core:crit] [pid 685:tid 139796372473600] (13)Permission denied: [client 93.158.161.10:37208] AH00529: /var/www/vhosts/saratogahistory.com/httpdocs/phpBB/.htaccess pcfg_openfile: unable to check htaccess file, ensure it is readable and that '/var/www/vhosts/saratogahistory.com/httpdocs/phpBB/' is executable
[Sat Sep 12 01:32:22.247569 2020] [core:crit] [pid 1501:tid 139796382963456] (13)Permission denied: [client 195.246.120.157:60754] AH00529: /var/www/vhosts/saratogahistory.com/httpdocs/phpBB/.htaccess pcfg_openfile: unable to check htaccess file, ensure it is readable and that '/var/www/vhosts/saratogahistory.com/httpdocs/phpBB/' is executable, referer: http://www.saratogahistory.com/phpBB/index.php
[Sat Sep 12 02:08:20.983194 2020] [core:crit] [pid 1501:tid 139796445902592] (13)Permission denied: [client 5.183.94.59:36586] AH00529: /var/www/vhosts/saratogahistory.com/httpdocs/phpBB/.htaccess pcfg_openfile: unable to check htaccess file, ensure it is readable and that '/var/www/vhosts/saratogahistory.com/httpdocs/phpBB/' is executable, referer: http://www.saratogahistory.com/phpBB/index.php
[Sat Sep 12 02:25:55.336016 2020] [core:crit] [pid 687:tid 139796445902592] (13)Permission denied: [client 23.129.64.213:38572] AH00529: /var/www/vhosts/saratogahistory.com/httpdocs/phpBB/.htaccess pcfg_openfile: unable to check htaccess file, ensure it is readable and that '/var/www/vhosts/saratogahistory.com/httpdocs/phpBB/' is executable, referer: http://www.saratogahistory.com/phpBB/index.php
[Sat Sep 12 02:55:26.994807 2020] [core:crit] [pid 1501:tid 139796445902592] (13)Permission denied: [client 37.44.68.230:57226] AH00529: /var/www/vhosts/saratogahistory.com/httpdocs/phpBB/.htaccess pcfg_openfile: unable to check htaccess file, ensure it is readable and that '/var/www/vhosts/saratogahistory.com/httpdocs/phpBB/' is executable, referer: http://www.saratogahistory.com/phpBB/index.php
[Sat Sep 12 02:55:28.745400 2020] [proxy_fcgi:error] [pid 1501:tid 139796466882304] [client 37.44.68.230:57270] AH01071: Got error 'Primary script unknown\n', referer: http://www.saratogahistory.com/index.php
[Sat Sep 12 02:55:29.028521 2020] [proxy_fcgi:error] [pid 1501:tid 139796456392448] [client 37.44.68.230:57284] AH01071: Got error 'Primary script unknown\n', referer: http://www.saratogahistory.com/index.php
[Sat Sep 12 02:55:29.306034 2020] [proxy_fcgi:error] [pid 1501:tid 139796403943168] [client 37.44.68.230:57314] AH01071: Got error 'Primary script unknown\n', referer: http://www.saratogahistory.com/index.php
[Sat Sep 12 03:07:04.441660 2020] [core:crit] [pid 1501:tid 139796361983744] (13)Permission denied: [client 85.206.165.23:47884] AH00529: /var/www/vhosts/saratogahistory.com/httpdocs/phpBB/.htaccess pcfg_openfile: unable to check htaccess file, ensure it is readable and that '/var/www/vhosts/saratogahistory.com/httpdocs/phpBB/' is executable, referer: http://www.saratogahistory.com/phpBB/index.php
[Sat Sep 12 03:09:25.393620 2020] [core:crit] [pid 1501:tid 139796299044608] (13)Permission denied: [client 185.220.101.129:51966] AH00529: /var/www/vhosts/saratogahistory.com/httpdocs/phpBB/.htaccess pcfg_openfile: unable to check htaccess file, ensure it is readable and that '/var/www/vhosts/saratogahistory.com/httpdocs/phpBB/' is executable, referer: http://www.saratogahistory.com/phpBB/index.php
[Sat Sep 12 03:44:06.487077 2020] [core:crit] [pid 1501:tid 139796590552832] (13)Permission denied: [client 216.244.66.235:56664] AH00529: /var/www/vhosts/saratogahistory.com/httpdocs/phpBB/.htaccess pcfg_openfile: unable to check htaccess file, ensure it is readable and that '/var/www/vhosts/saratogahistory.com/httpdocs/phpBB/' is executable
[Sat Sep 12 04:34:54.100341 2020] [core:crit] [pid 1501:tid 139796580062976] (13)Permission denied: [client 185.216.195.194:34170] AH00529: /var/www/vhosts/saratogahistory.com/httpdocs/phpBB/.htaccess pcfg_openfile: unable to check htaccess file, ensure it is readable and that '/var/www/vhosts/saratogahistory.com/httpdocs/phpBB/' is executable, referer: http://www.saratogahistory.com/phpBB/index.php
[Sat Sep 12 04:53:02.085831 2020] [core:crit] [pid 1501:tid 139796487862016] (13)Permission denied: [client 185.25.35.9:47886] AH00529: /var/www/vhosts/saratogahistory.com/httpdocs/phpBB/.htaccess pcfg_openfile: unable to check htaccess file, ensure it is readable and that '/var/www/vhosts/saratogahistory.com/httpdocs/phpBB/' is executable
[Sat Sep 12 05:28:38.018489 2020] [core:crit] [pid 1501:tid 139796341004032] (13)Permission denied: [client 185.25.35.12:46548] AH00529: /var/www/vhosts/saratogahistory.com/httpdocs/phpBB/.htaccess pcfg_openfile: unable to check htaccess file, ensure it is readable and that '/var/www/vhosts/saratogahistory.com/httpdocs/phpBB/' is executable
[Sat Sep 12 05:29:28.232946 2020] [core:crit] [pid 1501:tid 139796320024320] (13)Permission denied: [client 203.133.169.181:48268] AH00529: /var/www/vhosts/saratogahistory.com/httpdocs/phpBB/.htaccess pcfg_openfile: unable to check htaccess file, ensure it is readable and that '/var/www/vhosts/saratogahistory.com/httpdocs/phpBB/' is executable
[Sat Sep 12 06:27:08.647513 2020] [core:crit] [pid 1501:tid 139796351493888] (13)Permission denied: [client 198.251.89.99:39640] AH00529: /var/www/vhosts/saratogahistory.com/httpdocs/phpBB/.htaccess pcfg_openfile: unable to check htaccess file, ensure it is readable and that '/var/www/vhosts/saratogahistory.com/httpdocs/phpBB/' is executable, referer: http://www.saratogahistory.com/phpBB/index.php
[Sat Sep 12 06:34:49.632613 2020] [core:crit] [pid 1501:tid 139796456392448] (13)Permission denied: [client 185.220.100.244:58640] AH00529: /var/www/vhosts/saratogahistory.com/httpdocs/phpBB/.htaccess pcfg_openfile: unable to check htaccess file, ensure it is readable and that '/var/www/vhosts/saratogahistory.com/httpdocs/phpBB/' is executable, referer: http://www.saratogahistory.com/phpBB/index.php
[Sat Sep 12 06:40:33.469078 2020] [core:crit] [pid 1501:tid 139796382963456] (13)Permission denied: [client 185.25.35.8:44728] AH00529: /var/www/vhosts/saratogahistory.com/httpdocs/phpBB/.htaccess pcfg_openfile: unable to check htaccess file, ensure it is readable and that '/var/www/vhosts/saratogahistory.com/httpdocs/phpBB/' is executable
[Sat Sep 12 06:50:37.512342 2020] [core:crit] [pid 1501:tid 139796330514176] (13)Permission denied: [client 185.25.35.8:37772] AH00529: /var/www/vhosts/saratogahistory.com/httpdocs/phpBB/.htaccess pcfg_openfile: unable to check htaccess file, ensure it is readable and that '/var/www/vhosts/saratogahistory.com/httpdocs/phpBB/' is executable
[Sat Sep 12 07:20:16.639940 2020] [core:crit] [pid 685:tid 139796393453312] (13)Permission denied: [client 216.244.66.235:49256] AH00529: /var/www/vhosts/saratogahistory.com/httpdocs/phpBB/.htaccess pcfg_openfile: unable to check htaccess file, ensure it is readable and that '/var/www/vhosts/saratogahistory.com/httpdocs/phpBB/' is executable
[Sat Sep 12 07:25:59.726334 2020] [core:crit] [pid 1501:tid 139796477372160] (13)Permission denied: [client 185.245.84.22:33956] AH00529: /var/www/vhosts/saratogahistory.com/httpdocs/phpBB/.htaccess pcfg_openfile: unable to check htaccess file, ensure it is readable and that '/var/www/vhosts/saratogahistory.com/httpdocs/phpBB/' is executable, referer: https://coleso.md/235_70_r16_anvelope/
[Sat Sep 12 07:29:40.659306 2020] [core:crit] [pid 685:tid 139796372473600] (13)Permission denied: [client 176.67.86.153:43240] AH00529: /var/www/vhosts/saratogahistory.com/httpdocs/phpBB/.htaccess pcfg_openfile: unable to check htaccess file, ensure it is readable and that '/var/www/vhosts/saratogahistory.com/httpdocs/phpBB/' is executable, referer: http://www.saratogahistory.com/phpBB/index.php
[Sat Sep 12 08:01:20.050067 2020] [core:crit] [pid 687:tid 139796351493888] (13)Permission denied: [client 145.255.8.167:56964] AH00529: /var/www/vhosts/saratogahistory.com/httpdocs/phpBB/.htaccess pcfg_openfile: unable to check htaccess file, ensure it is readable and that '/var/www/vhosts/saratogahistory.com/httpdocs/phpBB/' is executable, referer: http://www.saratogahistory.com/phpBB/index.php
[Sat Sep 12 08:11:04.209005 2020] [core:crit] [pid 685:tid 139796372473600] (13)Permission denied: [client 37.115.216.98:51952] AH00529: /var/www/vhosts/saratogahistory.com/httpdocs/phpBB/.htaccess pcfg_openfile: unable to check htaccess file, ensure it is readable and that '/var/www/vhosts/saratogahistory.com/httpdocs/phpBB/' is executable, referer: http://www.saratogahistory.com/phpBB/index.php
[Sat Sep 12 08:13:27.521325 2020] [core:crit] [pid 687:tid 139796299044608] (13)Permission denied: [client 31.220.3.105:57010] AH00529: /var/www/vhosts/saratogahistory.com/httpdocs/phpBB/.htaccess pcfg_openfile: unable to check htaccess file, ensure it is readable and that '/var/www/vhosts/saratogahistory.com/httpdocs/phpBB/' is executable, referer: http://www.saratogahistory.com/phpBB/index.php
[Sat Sep 12 09:38:49.195917 2020] [proxy_fcgi:error] [pid 1501:tid 139796361983744] [client 20.185.39.51:58702] AH01071: Got error 'Primary script unknown\n'
[Sat Sep 12 10:09:38.344657 2020] [core:crit] [pid 1501:tid 139796611532544] (13)Permission denied: [client 185.38.175.72:34612] AH00529: /var/www/vhosts/saratogahistory.com/httpdocs/phpBB/.htaccess pcfg_openfile: unable to check htaccess file, ensure it is readable and that '/var/www/vhosts/saratogahistory.com/httpdocs/phpBB/' is executable, referer: http://www.saratogahistory.com/phpBB/index.php
[Sat Sep 12 10:26:35.180738 2020] [core:crit] [pid 685:tid 139796320024320] (13)Permission denied: [client 185.220.102.247:48522] AH00529: /var/www/vhosts/saratogahistory.com/httpdocs/phpBB/.htaccess pcfg_openfile: unable to check htaccess file, ensure it is readable and that '/var/www/vhosts/saratogahistory.com/httpdocs/phpBB/' is executable, referer: http://www.saratogahistory.com/phpBB/index.php
[Sat Sep 12 10:50:06.406069 2020] [core:crit] [pid 1501:tid 139796487862016] (13)Permission denied: [client 185.25.35.12:44166] AH00529: /var/www/vhosts/saratogahistory.com/httpdocs/phpBB/.htaccess pcfg_openfile: unable to check htaccess file, ensure it is readable and that '/var/www/vhosts/saratogahistory.com/httpdocs/phpBB/' is executable
[Sat Sep 12 10:56:06.558958 2020] [core:crit] [pid 1501:tid 139796466882304] (13)Permission denied: [client 216.244.66.235:56698] AH00529: /var/www/vhosts/saratogahistory.com/httpdocs/phpBB/.htaccess pcfg_openfile: unable to check htaccess file, ensure it is readable and that '/var/www/vhosts/saratogahistory.com/httpdocs/phpBB/' is executable
[Sat Sep 12 11:00:47.248278 2020] [core:crit] [pid 1501:tid 139796403943168] (13)Permission denied: [client 185.245.84.22:37642] AH00529: /var/www/vhosts/saratogahistory.com/httpdocs/phpBB/.htaccess pcfg_openfile: unable to check htaccess file, ensure it is readable and that '/var/www/vhosts/saratogahistory.com/httpdocs/phpBB/' is executable, referer: https://coleso.md/elektro-transport/trotineta-electrica/
[Sat Sep 12 11:03:42.049354 2020] [core:crit] [pid 687:tid 139796424922880] (13)Permission denied: [client 216.244.66.235:43628] AH00529: /var/www/vhosts/saratogahistory.com/httpdocs/phpBB/.htaccess pcfg_openfile: unable to check htaccess file, ensure it is readable and that '/var/www/vhosts/saratogahistory.com/httpdocs/phpBB/' is executable
[Sat Sep 12 11:28:20.164621 2020] [core:crit] [pid 1501:tid 139796601042688] (13)Permission denied: [client 185.25.35.10:39784] AH00529: /var/www/vhosts/saratogahistory.com/httpdocs/phpBB/.htaccess pcfg_openfile: unable to check htaccess file, ensure it is readable and that '/var/www/vhosts/saratogahistory.com/httpdocs/phpBB/' is executable
[Sat Sep 12 11:33:14.433465 2020] [core:crit] [pid 1501:tid 139796611532544] (13)Permission denied: [client 216.244.66.235:49242] AH00529: /var/www/vhosts/saratogahistory.com/httpdocs/phpBB/.htaccess pcfg_openfile: unable to check htaccess file, ensure it is readable and that '/var/www/vhosts/saratogahistory.com/httpdocs/phpBB/' is executable
[Sat Sep 12 11:53:23.479121 2020] [proxy_fcgi:error] [pid 1501:tid 139796393453312] [client 64.90.63.133:34042] AH01071: Got error 'Primary script unknown\n', referer: http://saratogahistory.com/wp-login.php
[Sat Sep 12 12:11:15.268898 2020] [core:crit] [pid 1501:tid 139796288554752] (13)Permission denied: [client 185.220.101.11:49896] AH00529: /var/www/vhosts/saratogahistory.com/httpdocs/phpBB/.htaccess pcfg_openfile: unable to check htaccess file, ensure it is readable and that '/var/www/vhosts/saratogahistory.com/httpdocs/phpBB/' is executable, referer: http://www.saratogahistory.com/phpBB/index.php
[Sat Sep 12 12:18:19.685678 2020] [core:crit] [pid 1501:tid 139796580062976] (13)Permission denied: [client 24.249.199.14:37046] AH00529: /var/www/vhosts/saratogahistory.com/httpdocs/phpBB/.htaccess pcfg_openfile: unable to check htaccess file, ensure it is readable and that '/var/www/vhosts/saratogahistory.com/httpdocs/phpBB/' is executable, referer: http://www.saratogahistory.com/phpBB/index.php
[Sat Sep 12 12:24:05.353217 2020] [core:crit] [pid 1501:tid 139796569573120] (13)Permission denied: [client 185.245.84.22:48292] AH00529: /var/www/vhosts/saratogahistory.com/httpdocs/phpBB/.htaccess pcfg_openfile: unable to check htaccess file, ensure it is readable and that '/var/www/vhosts/saratogahistory.com/httpdocs/phpBB/' is executable, referer: https://coleso.md/215_50_r17_anvelope/
[Sat Sep 12 12:24:45.031752 2020] [core:crit] [pid 687:tid 139796330514176] (13)Permission denied: [client 216.244.66.235:49420] AH00529: /var/www/vhosts/saratogahistory.com/httpdocs/phpBB/.htaccess pcfg_openfile: unable to check htaccess file, ensure it is readable and that '/var/www/vhosts/saratogahistory.com/httpdocs/phpBB/' is executable
[Sat Sep 12 12:24:55.705408 2020] [core:crit] [pid 685:tid 139796372473600] (13)Permission denied: [client 216.244.66.235:49720] AH00529: /var/www/vhosts/saratogahistory.com/httpdocs/phpBB/.htaccess pcfg_openfile: unable to check htaccess file, ensure it is readable and that '/var/www/vhosts/saratogahistory.com/httpdocs/phpBB/' is executable
[Sat Sep 12 12:39:26.118780 2020] [core:crit] [pid 1501:tid 139796435412736] (13)Permission denied: [client 185.25.35.12:55704] AH00529: /var/www/vhosts/saratogahistory.com/httpdocs/phpBB/.htaccess pcfg_openfile: unable to check htaccess file, ensure it is readable and that '/var/www/vhosts/saratogahistory.com/httpdocs/phpBB/' is executable
[Sat Sep 12 12:44:13.329693 2020] [core:crit] [pid 1501:tid 139796372473600] (13)Permission denied: [client 46.8.150.165:37710] AH00529: /var/www/vhosts/saratogahistory.com/httpdocs/phpBB/.htaccess pcfg_openfile: unable to check htaccess file, ensure it is readable and that '/var/www/vhosts/saratogahistory.com/httpdocs/phpBB/' is executable, referer: http://www.saratogahistory.com/phpBB/index.php
[Sat Sep 12 12:50:26.795676 2020] [core:crit] [pid 1501:tid 139796299044608] (13)Permission denied: [client 185.25.35.10:51620] AH00529: /var/www/vhosts/saratogahistory.com/httpdocs/phpBB/.htaccess pcfg_openfile: unable to check htaccess file, ensure it is readable and that '/var/www/vhosts/saratogahistory.com/httpdocs/phpBB/' is executable
[Sat Sep 12 13:12:02.134851 2020] [autoindex:error] [pid 1501:tid 139796414433024] [client 17.58.99.55:43632] AH01276: Cannot serve directory /var/www/vhosts/saratogahistory.com/httpdocs/grandview/: No matching DirectoryIndex (index.html,index.cgi,index.pl,index.php,index.xhtml,index.htm,index.shtml) found, and server-generated directory index forbidden by Options directive
[Sat Sep 12 13:26:14.699635 2020] [core:crit] [pid 1501:tid 139796351493888] (13)Permission denied: [client 185.220.101.148:51036] AH00529: /var/www/vhosts/saratogahistory.com/httpdocs/phpBB/.htaccess pcfg_openfile: unable to check htaccess file, ensure it is readable and that '/var/www/vhosts/saratogahistory.com/httpdocs/phpBB/' is executable, referer: http://www.saratogahistory.com/phpBB/index.php
[Sat Sep 12 14:08:11.285687 2020] [core:crit] [pid 1501:tid 139796372473600] (13)Permission denied: [client 216.244.66.235:46364] AH00529: /var/www/vhosts/saratogahistory.com/httpdocs/phpBB/.htaccess pcfg_openfile: unable to check htaccess file, ensure it is readable and that '/var/www/vhosts/saratogahistory.com/httpdocs/phpBB/' is executable
[Sat Sep 12 14:25:06.444633 2020] [core:crit] [pid 1501:tid 139796424922880] (13)Permission denied: [client 216.244.66.235:34066] AH00529: /var/www/vhosts/saratogahistory.com/httpdocs/phpBB/.htaccess pcfg_openfile: unable to check htaccess file, ensure it is readable and that '/var/www/vhosts/saratogahistory.com/httpdocs/phpBB/' is executable
[Sat Sep 12 14:42:12.328422 2020] [core:crit] [pid 1501:tid 139796288554752] (13)Permission denied: [client 35.0.127.52:47394] AH00529: /var/www/vhosts/saratogahistory.com/httpdocs/phpBB/.htaccess pcfg_openfile: unable to check htaccess file, ensure it is readable and that '/var/www/vhosts/saratogahistory.com/httpdocs/phpBB/' is executable, referer: http://www.saratogahistory.com/phpBB/index.php
[Sat Sep 12 14:51:18.662082 2020] [core:crit] [pid 1501:tid 139796445902592] (13)Permission denied: [client 87.237.42.71:41940] AH00529: /var/www/vhosts/saratogahistory.com/httpdocs/phpBB/.htaccess pcfg_openfile: unable to check htaccess file, ensure it is readable and that '/var/www/vhosts/saratogahistory.com/httpdocs/phpBB/' is executable, referer: http://www.saratogahistory.com/phpBB/viewtopic.php?t=337&sid=76929d8309d2d3ec28ede062f7aa3010
[Sat Sep 12 15:06:54.224299 2020] [core:crit] [pid 687:tid 139796309534464] (13)Permission denied: [client 188.122.82.146:55682] AH00529: /var/www/vhosts/saratogahistory.com/httpdocs/phpBB/.htaccess pcfg_openfile: unable to check htaccess file, ensure it is readable and that '/var/www/vhosts/saratogahistory.com/httpdocs/phpBB/' is executable, referer: http://www.saratogahistory.com/phpBB/index.php
[Sat Sep 12 16:00:21.736074 2020] [core:crit] [pid 1501:tid 139796288554752] (13)Permission denied: [client 216.244.66.235:47522] AH00529: /var/www/vhosts/saratogahistory.com/httpdocs/phpBB/.htaccess pcfg_openfile: unable to check htaccess file, ensure it is readable and that '/var/www/vhosts/saratogahistory.com/httpdocs/phpBB/' is executable
[Sat Sep 12 16:13:44.679862 2020] [core:crit] [pid 687:tid 139796424922880] (13)Permission denied: [client 51.81.82.254:51038] AH00529: /var/www/vhosts/saratogahistory.com/httpdocs/phpBB/.htaccess pcfg_openfile: unable to check htaccess file, ensure it is readable and that '/var/www/vhosts/saratogahistory.com/httpdocs/phpBB/' is executable, referer: http://www.saratogahistory.com/phpBB/index.php
[Sat Sep 12 16:38:18.440541 2020] [core:crit] [pid 1501:tid 139796309534464] (13)Permission denied: [client 185.25.35.15:58608] AH00529: /var/www/vhosts/saratogahistory.com/httpdocs/phpBB/.htaccess pcfg_openfile: unable to check htaccess file, ensure it is readable and that '/var/www/vhosts/saratogahistory.com/httpdocs/phpBB/' is executable
[Sat Sep 12 16:42:28.569714 2020] [core:crit] [pid 1501:tid 139796569573120] (13)Permission denied: [client 185.220.100.240:41436] AH00529: /var/www/vhosts/saratogahistory.com/httpdocs/phpBB/.htaccess pcfg_openfile: unable to check htaccess file, ensure it is readable and that '/var/www/vhosts/saratogahistory.com/httpdocs/phpBB/' is executable, referer: http://www.saratogahistory.com/phpBB/index.php
[Sat Sep 12 16:47:37.711307 2020] [core:crit] [pid 685:tid 139796299044608] (13)Permission denied: [client 216.244.66.235:54294] AH00529: /var/www/vhosts/saratogahistory.com/httpdocs/phpBB/.htaccess pcfg_openfile: unable to check htaccess file, ensure it is readable and that '/var/www/vhosts/saratogahistory.com/httpdocs/phpBB/' is executable
[Sat Sep 12 16:47:48.090739 2020] [core:crit] [pid 1501:tid 139796403943168] (13)Permission denied: [client 216.244.66.235:54732] AH00529: /var/www/vhosts/saratogahistory.com/httpdocs/phpBB/.htaccess pcfg_openfile: unable to check htaccess file, ensure it is readable and that '/var/www/vhosts/saratogahistory.com/httpdocs/phpBB/' is executable
[Sat Sep 12 16:49:21.618174 2020] [core:crit] [pid 1501:tid 139796414433024] (13)Permission denied: [client 96.44.183.149:58200] AH00529: /var/www/vhosts/saratogahistory.com/httpdocs/phpBB/.htaccess pcfg_openfile: unable to check htaccess file, ensure it is readable and that '/var/www/vhosts/saratogahistory.com/httpdocs/phpBB/' is executable, referer: http://www.saratogahistory.com/phpBB/index.php
[Sat Sep 12 16:49:39.368828 2020] [proxy_fcgi:error] [pid 1501:tid 139796382963456] [client 96.44.183.149:58968] AH01071: Got error 'Primary script unknown\n', referer: http://www.saratogahistory.com/index.php
[Sat Sep 12 16:49:44.827123 2020] [proxy_fcgi:error] [pid 1501:tid 139796372473600] [client 96.44.183.149:59240] AH01071: Got error 'Primary script unknown\n', referer: http://www.saratogahistory.com/index.php
[Sat Sep 12 16:49:48.277167 2020] [proxy_fcgi:error] [pid 687:tid 139796341004032] [client 96.44.183.149:59400] AH01071: Got error 'Primary script unknown\n', referer: http://www.saratogahistory.com/index.php
[Sat Sep 12 16:59:06.512638 2020] [core:crit] [pid 687:tid 139796330514176] (13)Permission denied: [client 145.255.8.167:54172] AH00529: /var/www/vhosts/saratogahistory.com/httpdocs/phpBB/.htaccess pcfg_openfile: unable to check htaccess file, ensure it is readable and that '/var/www/vhosts/saratogahistory.com/httpdocs/phpBB/' is executable, referer: http://www.saratogahistory.com/phpBB/index.php
[Sat Sep 12 17:12:32.806632 2020] [core:crit] [pid 1501:tid 139796487862016] (13)Permission denied: [client 185.25.35.14:60666] AH00529: /var/www/vhosts/saratogahistory.com/httpdocs/phpBB/.htaccess pcfg_openfile: unable to check htaccess file, ensure it is readable and that '/var/www/vhosts/saratogahistory.com/httpdocs/phpBB/' is executable
[Sat Sep 12 17:59:59.530250 2020] [core:crit] [pid 687:tid 139796611532544] (13)Permission denied: [client 90.188.236.43:42078] AH00529: /var/www/vhosts/saratogahistory.com/httpdocs/phpBB/.htaccess pcfg_openfile: unable to check htaccess file, ensure it is readable and that '/var/www/vhosts/saratogahistory.com/httpdocs/phpBB/' is executable, referer: http://www.saratogahistory.com/phpBB/index.php
[Sat Sep 12 18:00:01.084365 2020] [proxy_fcgi:error] [pid 685:tid 139796372473600] [client 90.188.236.43:42130] AH01071: Got error 'Primary script unknown\n', referer: http://www.saratogahistory.com/index.php
[Sat Sep 12 18:00:01.515201 2020] [proxy_fcgi:error] [pid 686:tid 139796320024320] [client 90.188.236.43:42148] AH01071: Got error 'Primary script unknown\n', referer: http://www.saratogahistory.com/index.php
[Sat Sep 12 18:00:02.102449 2020] [proxy_fcgi:error] [pid 1501:tid 139796414433024] [client 90.188.236.43:42244] AH01071: Got error 'Primary script unknown\n', referer: http://www.saratogahistory.com/index.php
[Sat Sep 12 18:04:15.880222 2020] [core:crit] [pid 1501:tid 139796372473600] (13)Permission denied: [client 95.111.240.199:54128] AH00529: /var/www/vhosts/saratogahistory.com/httpdocs/phpBB/.htaccess pcfg_openfile: unable to check htaccess file, ensure it is readable and that '/var/www/vhosts/saratogahistory.com/httpdocs/phpBB/' is executable, referer: http://www.saratogahistory.com/phpBB/index.php
[Sat Sep 12 18:04:16.722130 2020] [proxy_fcgi:error] [pid 1501:tid 139796351493888] [client 95.111.240.199:54178] AH01071: Got error 'Primary script unknown\n', referer: http://www.saratogahistory.com/index.php
[Sat Sep 12 18:04:16.950499 2020] [proxy_fcgi:error] [pid 1501:tid 139796330514176] [client 95.111.240.199:54188] AH01071: Got error 'Primary script unknown\n', referer: http://www.saratogahistory.com/index.php
[Sat Sep 12 18:04:17.176468 2020] [proxy_fcgi:error] [pid 1501:tid 139796320024320] [client 95.111.240.199:54200] AH01071: Got error 'Primary script unknown\n', referer: http://www.saratogahistory.com/index.php
[Sat Sep 12 18:14:23.844817 2020] [core:crit] [pid 685:tid 139796309534464] (13)Permission denied: [client 178.70.109.15:54500] AH00529: /var/www/vhosts/saratogahistory.com/httpdocs/phpBB/.htaccess pcfg_openfile: unable to check htaccess file, ensure it is readable and that '/var/www/vhosts/saratogahistory.com/httpdocs/phpBB/' is executable, referer: http://www.saratogahistory.com/phpBB/index.php
[Sat Sep 12 18:14:24.927552 2020] [proxy_fcgi:error] [pid 685:tid 139796288554752] [client 178.70.109.15:54582] AH01071: Got error 'Primary script unknown\n', referer: http://www.saratogahistory.com/index.php
[Sat Sep 12 18:14:25.264241 2020] [proxy_fcgi:error] [pid 1501:tid 139796580062976] [client 178.70.109.15:54596] AH01071: Got error 'Primary script unknown\n', referer: http://www.saratogahistory.com/index.php
[Sat Sep 12 18:14:25.573264 2020] [proxy_fcgi:error] [pid 1501:tid 139796477372160] [client 178.70.109.15:54616] AH01071: Got error 'Primary script unknown\n', referer: http://www.saratogahistory.com/index.php
[Sat Sep 12 18:17:30.208227 2020] [core:crit] [pid 1501:tid 139796611532544] (13)Permission denied: [client 62.102.148.68:34822] AH00529: /var/www/vhosts/saratogahistory.com/httpdocs/phpBB/.htaccess pcfg_openfile: unable to check htaccess file, ensure it is readable and that '/var/www/vhosts/saratogahistory.com/httpdocs/phpBB/' is executable, referer: http://www.saratogahistory.com/phpBB/index.php
[Sat Sep 12 18:29:55.718776 2020] [core:crit] [pid 685:tid 139796590552832] (13)Permission denied: [client 185.25.35.13:36974] AH00529: /var/www/vhosts/saratogahistory.com/httpdocs/phpBB/.htaccess pcfg_openfile: unable to check htaccess file, ensure it is readable and that '/var/www/vhosts/saratogahistory.com/httpdocs/phpBB/' is executable
[Sat Sep 12 18:43:56.324254 2020] [core:crit] [pid 1501:tid 139796477372160] (13)Permission denied: [client 66.249.66.213:40286] AH00529: /var/www/vhosts/saratogahistory.com/httpdocs/phpBB/.htaccess pcfg_openfile: unable to check htaccess file, ensure it is readable and that '/var/www/vhosts/saratogahistory.com/httpdocs/phpBB/' is executable
[Sat Sep 12 18:45:02.873282 2020] [core:crit] [pid 1501:tid 139796487862016] (13)Permission denied: [client 185.25.35.14:43034] AH00529: /var/www/vhosts/saratogahistory.com/httpdocs/phpBB/.htaccess pcfg_openfile: unable to check htaccess file, ensure it is readable and that '/var/www/vhosts/saratogahistory.com/httpdocs/phpBB/' is executable
[Sat Sep 12 19:05:27.935731 2020] [proxy_fcgi:error] [pid 1501:tid 139796330514176] [client 118.24.105.156:33216] AH01071: Got error 'Primary script unknown\n'
[Sat Sep 12 19:06:33.693726 2020] [core:crit] [pid 686:tid 139796288554752] (13)Permission denied: [client 217.138.209.245:35712] AH00529: /var/www/vhosts/saratogahistory.com/httpdocs/phpBB/.htaccess pcfg_openfile: unable to check htaccess file, ensure it is readable and that '/var/www/vhosts/saratogahistory.com/httpdocs/phpBB/' is executable, referer: http://www.saratogahistory.com/phpBB/index.php
[Sat Sep 12 19:06:34.922324 2020] [proxy_fcgi:error] [pid 687:tid 139796435412736] [client 217.138.209.245:35768] AH01071: Got error 'Primary script unknown\n', referer: http://www.saratogahistory.com/index.php
[Sat Sep 12 19:06:35.275697 2020] [proxy_fcgi:error] [pid 1501:tid 139796477372160] [client 217.138.209.245:35784] AH01071: Got error 'Primary script unknown\n', referer: http://www.saratogahistory.com/index.php
[Sat Sep 12 19:06:35.613404 2020] [proxy_fcgi:error] [pid 1501:tid 139796611532544] [client 217.138.209.245:35802] AH01071: Got error 'Primary script unknown\n', referer: http://www.saratogahistory.com/index.php
[Sat Sep 12 19:23:56.742084 2020] [core:crit] [pid 685:tid 139796382963456] (13)Permission denied: [client 185.220.100.247:48432] AH00529: /var/www/vhosts/saratogahistory.com/httpdocs/phpBB/.htaccess pcfg_openfile: unable to check htaccess file, ensure it is readable and that '/var/www/vhosts/saratogahistory.com/httpdocs/phpBB/' is executable, referer: http://www.saratogahistory.com/phpBB/index.php
[Sat Sep 12 19:35:08.632269 2020] [core:crit] [pid 685:tid 139796341004032] (13)Permission denied: [client 186.159.2.241:45092] AH00529: /var/www/vhosts/saratogahistory.com/httpdocs/phpBB/.htaccess pcfg_openfile: unable to check htaccess file, ensure it is readable and that '/var/www/vhosts/saratogahistory.com/httpdocs/phpBB/' is executable, referer: http://www.saratogahistory.com/
[Sat Sep 12 20:04:00.308042 2020] [core:crit] [pid 1501:tid 139796569573120] (13)Permission denied: [client 185.220.100.253:54174] AH00529: /var/www/vhosts/saratogahistory.com/httpdocs/phpBB/.htaccess pcfg_openfile: unable to check htaccess file, ensure it is readable and that '/var/www/vhosts/saratogahistory.com/httpdocs/phpBB/' is executable, referer: http://www.saratogahistory.com/phpBB/index.php
[Sat Sep 12 20:11:30.035145 2020] [core:crit] [pid 1501:tid 139796382963456] (13)Permission denied: [client 188.122.82.146:47104] AH00529: /var/www/vhosts/saratogahistory.com/httpdocs/phpBB/.htaccess pcfg_openfile: unable to check htaccess file, ensure it is readable and that '/var/www/vhosts/saratogahistory.com/httpdocs/phpBB/' is executable, referer: http://www.saratogahistory.com/phpBB/index.php
[Sat Sep 12 20:13:05.729559 2020] [core:crit] [pid 1501:tid 139796320024320] (13)Permission denied: [client 185.147.213.56:52130] AH00529: /var/www/vhosts/saratogahistory.com/httpdocs/phpBB/.htaccess pcfg_openfile: unable to check htaccess file, ensure it is readable and that '/var/www/vhosts/saratogahistory.com/httpdocs/phpBB/' is executable, referer: https://coleso.md/215_65_r16_anvelope/
[Sat Sep 12 20:33:23.951659 2020] [core:crit] [pid 685:tid 139796382963456] (13)Permission denied: [client 45.128.133.242:38488] AH00529: /var/www/vhosts/saratogahistory.com/httpdocs/phpBB/.htaccess pcfg_openfile: unable to check htaccess file, ensure it is readable and that '/var/www/vhosts/saratogahistory.com/httpdocs/phpBB/' is executable, referer: http://www.saratogahistory.com/phpBB/index.php
[Sat Sep 12 20:50:09.437674 2020] [core:crit] [pid 1501:tid 139796466882304] (13)Permission denied: [client 216.244.66.235:46658] AH00529: /var/www/vhosts/saratogahistory.com/httpdocs/phpBB/.htaccess pcfg_openfile: unable to check htaccess file, ensure it is readable and that '/var/www/vhosts/saratogahistory.com/httpdocs/phpBB/' is executable
[Sat Sep 12 22:26:47.782776 2020] [core:crit] [pid 685:tid 139796580062976] (13)Permission denied: [client 185.220.101.197:45824] AH00529: /var/www/vhosts/saratogahistory.com/httpdocs/phpBB/.htaccess pcfg_openfile: unable to check htaccess file, ensure it is readable and that '/var/www/vhosts/saratogahistory.com/httpdocs/phpBB/' is executable, referer: http://www.saratogahistory.com/phpBB/index.php
[Sat Sep 12 22:48:16.057348 2020] [core:crit] [pid 1501:tid 139796580062976] (13)Permission denied: [client 185.25.35.11:34880] AH00529: /var/www/vhosts/saratogahistory.com/httpdocs/phpBB/.htaccess pcfg_openfile: unable to check htaccess file, ensure it is readable and that '/var/www/vhosts/saratogahistory.com/httpdocs/phpBB/' is executable
[Sat Sep 12 23:09:10.660055 2020] [core:crit] [pid 1501:tid 139796487862016] (13)Permission denied: [client 188.120.235.117:48984] AH00529: /var/www/vhosts/saratogahistory.com/httpdocs/phpBB/.htaccess pcfg_openfile: unable to check htaccess file, ensure it is readable and that '/var/www/vhosts/saratogahistory.com/httpdocs/phpBB/' is executable, referer: http://www.saratogahistory.com/phpBB/index.php
[Sat Sep 12 23:29:48.886717 2020] [core:crit] [pid 687:tid 139796487862016] (13)Permission denied: [client 185.25.35.14:38666] AH00529: /var/www/vhosts/saratogahistory.com/httpdocs/phpBB/.htaccess pcfg_openfile: unable to check htaccess file, ensure it is readable and that '/var/www/vhosts/saratogahistory.com/httpdocs/phpBB/' is executable
[Sat Sep 12 23:34:24.318292 2020] [core:crit] [pid 1501:tid 139796569573120] (13)Permission denied: [client 192.186.134.116:49472] AH00529: /var/www/vhosts/saratogahistory.com/httpdocs/phpBB/.htaccess pcfg_openfile: unable to check htaccess file, ensure it is readable and that '/var/www/vhosts/saratogahistory.com/httpdocs/phpBB/' is executable, referer: http://www.saratogahistory.com/
[Sat Sep 12 23:34:24.499042 2020] [core:crit] [pid 1501:tid 139796487862016] (13)Permission denied: [client 192.241.80.239:49480] AH00529: /var/www/vhosts/saratogahistory.com/httpdocs/phpBB/.htaccess pcfg_openfile: unable to check htaccess file, ensure it is readable and that '/var/www/vhosts/saratogahistory.com/httpdocs/phpBB/' is executable, referer: http://www.saratogahistory.com/
[Sat Sep 12 23:34:24.739209 2020] [core:crit] [pid 1501:tid 139796445902592] (13)Permission denied: [client 198.12.123.132:49498] AH00529: /var/www/vhosts/saratogahistory.com/httpdocs/phpBB/.htaccess pcfg_openfile: unable to check htaccess file, ensure it is readable and that '/var/www/vhosts/saratogahistory.com/httpdocs/phpBB/' is executable, referer: http://www.saratogahistory.com/
[Sat Sep 12 23:34:24.919540 2020] [core:crit] [pid 1501:tid 139796466882304] (13)Permission denied: [client 206.217.128.106:49502] AH00529: /var/www/vhosts/saratogahistory.com/httpdocs/phpBB/.htaccess pcfg_openfile: unable to check htaccess file, ensure it is readable and that '/var/www/vhosts/saratogahistory.com/httpdocs/phpBB/' is executable, referer: http://www.saratogahistory.com/
[Sat Sep 12 23:48:49.963001 2020] [core:crit] [pid 685:tid 139796590552832] (13)Permission denied: [client 185.147.213.56:54486] AH00529: /var/www/vhosts/saratogahistory.com/httpdocs/phpBB/.htaccess pcfg_openfile: unable to check htaccess file, ensure it is readable and that '/var/www/vhosts/saratogahistory.com/httpdocs/phpBB/' is executable, referer: https://coleso.md/235_55_r20_anvelope/
[Sun Sep 13 00:32:38.268495 2020] [core:crit] [pid 1501:tid 139796590552832] (13)Permission denied: [client 216.244.66.235:41664] AH00529: /var/www/vhosts/saratogahistory.com/httpdocs/phpBB/.htaccess pcfg_openfile: unable to check htaccess file, ensure it is readable and that '/var/www/vhosts/saratogahistory.com/httpdocs/phpBB/' is executable
[Sun Sep 13 00:34:11.548892 2020] [core:crit] [pid 1501:tid 139796611532544] (13)Permission denied: [client 185.25.35.11:45008] AH00529: /var/www/vhosts/saratogahistory.com/httpdocs/phpBB/.htaccess pcfg_openfile: unable to check htaccess file, ensure it is readable and that '/var/www/vhosts/saratogahistory.com/httpdocs/phpBB/' is executable
[Sun Sep 13 00:39:29.566202 2020] [core:crit] [pid 1501:tid 139796569573120] (13)Permission denied: [client 45.154.255.67:56108] AH00529: /var/www/vhosts/saratogahistory.com/httpdocs/phpBB/.htaccess pcfg_openfile: unable to check htaccess file, ensure it is readable and that '/var/www/vhosts/saratogahistory.com/httpdocs/phpBB/' is executable, referer: http://www.saratogahistory.com/phpBB/index.php
[Sun Sep 13 00:44:55.621140 2020] [core:crit] [pid 1501:tid 139796424922880] (13)Permission denied: [client 185.25.35.9:40692] AH00529: /var/www/vhosts/saratogahistory.com/httpdocs/phpBB/.htaccess pcfg_openfile: unable to check htaccess file, ensure it is readable and that '/var/www/vhosts/saratogahistory.com/httpdocs/phpBB/' is executable
[Sun Sep 13 00:49:32.700318 2020] [core:crit] [pid 687:tid 139796309534464] (13)Permission denied: [client 5.188.210.18:50834] AH00529: /var/www/vhosts/saratogahistory.com/httpdocs/phpBB/.htaccess pcfg_openfile: unable to check htaccess file, ensure it is readable and that '/var/www/vhosts/saratogahistory.com/httpdocs/phpBB/' is executable, referer: http://www.saratogahistory.com/phpBB/index.php
[Sun Sep 13 00:49:39.959615 2020] [proxy_fcgi:error] [pid 1501:tid 139796382963456] [client 5.188.210.18:51060] AH01071: Got error 'Primary script unknown\n', referer: http://www.saratogahistory.com/index.php
[Sun Sep 13 00:49:40.272750 2020] [proxy_fcgi:error] [pid 1501:tid 139796372473600] [client 5.188.210.18:51068] AH01071: Got error 'Primary script unknown\n', referer: http://www.saratogahistory.com/index.php
[Sun Sep 13 00:49:40.573532 2020] [proxy_fcgi:error] [pid 685:tid 139796445902592] [client 5.188.210.18:51082] AH01071: Got error 'Primary script unknown\n', referer: http://www.saratogahistory.com/index.php
[Sun Sep 13 01:08:27.409660 2020] [core:crit] [pid 1501:tid 139796288554752] (13)Permission denied: [client 188.122.82.146:35056] AH00529: /var/www/vhosts/saratogahistory.com/httpdocs/phpBB/.htaccess pcfg_openfile: unable to check htaccess file, ensure it is readable and that '/var/www/vhosts/saratogahistory.com/httpdocs/phpBB/' is executable, referer: http://www.saratogahistory.com/phpBB/index.php
[Sun Sep 13 01:11:15.870621 2020] [core:crit] [pid 1501:tid 139796569573120] (13)Permission denied: [client 5.183.94.59:42512] AH00529: /var/www/vhosts/saratogahistory.com/httpdocs/phpBB/.htaccess pcfg_openfile: unable to check htaccess file, ensure it is readable and that '/var/www/vhosts/saratogahistory.com/httpdocs/phpBB/' is executable, referer: http://www.saratogahistory.com/phpBB/index.php
[Sun Sep 13 01:12:27.421703 2020] [core:crit] [pid 1501:tid 139796445902592] (13)Permission denied: [client 185.147.213.56:45764] AH00529: /var/www/vhosts/saratogahistory.com/httpdocs/phpBB/.htaccess pcfg_openfile: unable to check htaccess file, ensure it is readable and that '/var/www/vhosts/saratogahistory.com/httpdocs/phpBB/' is executable, referer: https://coleso.md/265_70_r16_anvelope/
[Sun Sep 13 01:23:04.921124 2020] [proxy_fcgi:error] [pid 685:tid 139796341004032] [client 185.104.216.206:41430] AH01071: Got error 'Primary script unknown\n'
[Sun Sep 13 01:23:05.735004 2020] [proxy_fcgi:error] [pid 685:tid 139796330514176] [client 185.104.216.206:41456] AH01071: Got error 'Primary script unknown\n'
[Sun Sep 13 01:23:07.421644 2020] [proxy_fcgi:error] [pid 1501:tid 139796341004032] [client 185.104.216.206:41512] AH01071: Got error 'Primary script unknown\n'
[Sun Sep 13 01:23:08.130952 2020] [proxy_fcgi:error] [pid 685:tid 139796309534464] [client 185.104.216.206:41524] AH01071: Got error 'Primary script unknown\n'
[Sun Sep 13 01:23:08.461171 2020] [proxy_fcgi:error] [pid 687:tid 139796590552832] [client 185.104.216.206:41540] AH01071: Got error 'Primary script unknown\n'
[Sun Sep 13 01:42:20.332809 2020] [core:crit] [pid 1501:tid 139796288554752] (13)Permission denied: [client 176.107.183.146:55152] AH00529: /var/www/vhosts/saratogahistory.com/httpdocs/phpBB/.htaccess pcfg_openfile: unable to check htaccess file, ensure it is readable and that '/var/www/vhosts/saratogahistory.com/httpdocs/phpBB/' is executable, referer: http://www.saratogahistory.com/phpBB/index.php
[Sun Sep 13 01:48:56.500180 2020] [core:crit] [pid 1501:tid 139796487862016] (13)Permission denied: [client 216.244.66.235:46472] AH00529: /var/www/vhosts/saratogahistory.com/httpdocs/phpBB/.htaccess pcfg_openfile: unable to check htaccess file, ensure it is readable and that '/var/www/vhosts/saratogahistory.com/httpdocs/phpBB/' is executable
[Sun Sep 13 01:52:22.269948 2020] [core:crit] [pid 1501:tid 139796445902592] (13)Permission denied: [client 216.244.66.235:55648] AH00529: /var/www/vhosts/saratogahistory.com/httpdocs/phpBB/.htaccess pcfg_openfile: unable to check htaccess file, ensure it is readable and that '/var/www/vhosts/saratogahistory.com/httpdocs/phpBB/' is executable
[Sun Sep 13 01:57:29.116758 2020] [core:crit] [pid 685:tid 139796414433024] (13)Permission denied: [client 216.244.66.235:41354] AH00529: /var/www/vhosts/saratogahistory.com/httpdocs/phpBB/.htaccess pcfg_openfile: unable to check htaccess file, ensure it is readable and that '/var/www/vhosts/saratogahistory.com/httpdocs/phpBB/' is executable
[Sun Sep 13 02:00:07.889104 2020] [core:crit] [pid 685:tid 139796393453312] (13)Permission denied: [client 216.244.66.235:48124] AH00529: /var/www/vhosts/saratogahistory.com/httpdocs/phpBB/.htaccess pcfg_openfile: unable to check htaccess file, ensure it is readable and that '/var/www/vhosts/saratogahistory.com/httpdocs/phpBB/' is executable
[Sun Sep 13 02:13:26.862483 2020] [core:crit] [pid 1501:tid 139796372473600] (13)Permission denied: [client 185.220.101.4:51392] AH00529: /var/www/vhosts/saratogahistory.com/httpdocs/phpBB/.htaccess pcfg_openfile: unable to check htaccess file, ensure it is readable and that '/var/www/vhosts/saratogahistory.com/httpdocs/phpBB/' is executable, referer: http://www.saratogahistory.com/phpBB/index.php
[Sun Sep 13 02:17:25.401689 2020] [core:crit] [pid 1501:tid 139796477372160] (13)Permission denied: [client 185.220.101.198:58684] AH00529: /var/www/vhosts/saratogahistory.com/httpdocs/phpBB/.htaccess pcfg_openfile: unable to check htaccess file, ensure it is readable and that '/var/www/vhosts/saratogahistory.com/httpdocs/phpBB/' is executable, referer: http://www.saratogahistory.com/phpBB/index.php
[Sun Sep 13 02:40:42.998507 2020] [core:crit] [pid 1501:tid 139796477372160] (13)Permission denied: [client 81.209.177.145:33922] AH00529: /var/www/vhosts/saratogahistory.com/httpdocs/phpBB/.htaccess pcfg_openfile: unable to check htaccess file, ensure it is readable and that '/var/www/vhosts/saratogahistory.com/httpdocs/phpBB/' is executable
[Sun Sep 13 02:51:31.648197 2020] [core:crit] [pid 1501:tid 139796424922880] (13)Permission denied: [client 81.209.177.145:51698] AH00529: /var/www/vhosts/saratogahistory.com/httpdocs/phpBB/.htaccess pcfg_openfile: unable to check htaccess file, ensure it is readable and that '/var/www/vhosts/saratogahistory.com/httpdocs/phpBB/' is executable
[Sun Sep 13 03:04:52.101595 2020] [core:crit] [pid 1501:tid 139796351493888] (13)Permission denied: [client 216.244.66.235:53002] AH00529: /var/www/vhosts/saratogahistory.com/httpdocs/phpBB/.htaccess pcfg_openfile: unable to check htaccess file, ensure it is readable and that '/var/www/vhosts/saratogahistory.com/httpdocs/phpBB/' is executable
[Sun Sep 13 03:48:12.367338 2020] [core:crit] [pid 687:tid 139796361983744] (13)Permission denied: [client 216.244.66.235:40630] AH00529: /var/www/vhosts/saratogahistory.com/httpdocs/phpBB/.htaccess pcfg_openfile: unable to check htaccess file, ensure it is readable and that '/var/www/vhosts/saratogahistory.com/httpdocs/phpBB/' is executable
[Sun Sep 13 04:29:11.434084 2020] [core:crit] [pid 1501:tid 139796466882304] (13)Permission denied: [client 185.220.101.4:51678] AH00529: /var/www/vhosts/saratogahistory.com/httpdocs/phpBB/.htaccess pcfg_openfile: unable to check htaccess file, ensure it is readable and that '/var/www/vhosts/saratogahistory.com/httpdocs/phpBB/' is executable, referer: http://www.saratogahistory.com/phpBB/index.php
[Sun Sep 13 04:46:46.137115 2020] [core:crit] [pid 687:tid 139796590552832] (13)Permission denied: [client 185.25.35.13:59130] AH00529: /var/www/vhosts/saratogahistory.com/httpdocs/phpBB/.htaccess pcfg_openfile: unable to check htaccess file, ensure it is readable and that '/var/www/vhosts/saratogahistory.com/httpdocs/phpBB/' is executable
[Sun Sep 13 05:22:04.711800 2020] [core:crit] [pid 1501:tid 139796403943168] (13)Permission denied: [client 185.25.35.10:50574] AH00529: /var/www/vhosts/saratogahistory.com/httpdocs/phpBB/.htaccess pcfg_openfile: unable to check htaccess file, ensure it is readable and that '/var/www/vhosts/saratogahistory.com/httpdocs/phpBB/' is executable
[Sun Sep 13 05:29:23.092393 2020] [core:crit] [pid 1501:tid 139796341004032] (13)Permission denied: [client 162.247.74.7:46258] AH00529: /var/www/vhosts/saratogahistory.com/httpdocs/phpBB/.htaccess pcfg_openfile: unable to check htaccess file, ensure it is readable and that '/var/www/vhosts/saratogahistory.com/httpdocs/phpBB/' is executable, referer: http://www.saratogahistory.com/phpBB/index.php
[Sun Sep 13 05:41:43.145615 2020] [core:crit] [pid 685:tid 139796309534464] (13)Permission denied: [client 62.210.188.222:45694] AH00529: /var/www/vhosts/saratogahistory.com/httpdocs/phpBB/.htaccess pcfg_openfile: unable to check htaccess file, ensure it is readable and that '/var/www/vhosts/saratogahistory.com/httpdocs/phpBB/' is executable
[Sun Sep 13 06:10:47.685941 2020] [core:crit] [pid 1501:tid 139796361983744] (13)Permission denied: [client 5.188.210.18:55682] AH00529: /var/www/vhosts/saratogahistory.com/httpdocs/phpBB/.htaccess pcfg_openfile: unable to check htaccess file, ensure it is readable and that '/var/www/vhosts/saratogahistory.com/httpdocs/phpBB/' is executable, referer: http://www.saratogahistory.com/phpBB/index.php
[Sun Sep 13 06:10:49.101871 2020] [proxy_fcgi:error] [pid 687:tid 139796403943168] [client 5.188.210.18:55744] AH01071: Got error 'Primary script unknown\n', referer: http://www.saratogahistory.com/index.php
[Sun Sep 13 06:10:49.378295 2020] [proxy_fcgi:error] [pid 1501:tid 139796330514176] [client 5.188.210.18:55786] AH01071: Got error 'Primary script unknown\n', referer: http://www.saratogahistory.com/index.php
[Sun Sep 13 06:10:49.659830 2020] [proxy_fcgi:error] [pid 1501:tid 139796320024320] [client 5.188.210.18:55818] AH01071: Got error 'Primary script unknown\n', referer: http://www.saratogahistory.com/index.php
[Sun Sep 13 06:27:56.920381 2020] [core:crit] [pid 685:tid 139796372473600] (13)Permission denied: [client 178.20.55.18:35212] AH00529: /var/www/vhosts/saratogahistory.com/httpdocs/phpBB/.htaccess pcfg_openfile: unable to check htaccess file, ensure it is readable and that '/var/www/vhosts/saratogahistory.com/httpdocs/phpBB/' is executable, referer: http://www.saratogahistory.com/phpBB/index.php
[Sun Sep 13 06:37:30.776261 2020] [core:crit] [pid 687:tid 139796372473600] (13)Permission denied: [client 185.25.35.10:58414] AH00529: /var/www/vhosts/saratogahistory.com/httpdocs/phpBB/.htaccess pcfg_openfile: unable to check htaccess file, ensure it is readable and that '/var/www/vhosts/saratogahistory.com/httpdocs/phpBB/' is executable
[Sun Sep 13 06:46:27.213172 2020] [autoindex:error] [pid 1501:tid 139796580062976] [client 66.249.66.215:49156] AH01276: Cannot serve directory /var/www/vhosts/saratogahistory.com/httpdocs/grandview/: No matching DirectoryIndex (index.html,index.cgi,index.pl,index.php,index.xhtml,index.htm,index.shtml) found, and server-generated directory index forbidden by Options directive
[Sun Sep 13 06:47:33.265287 2020] [core:crit] [pid 1501:tid 139796611532544] (13)Permission denied: [client 185.25.35.12:50918] AH00529: /var/www/vhosts/saratogahistory.com/httpdocs/phpBB/.htaccess pcfg_openfile: unable to check htaccess file, ensure it is readable and that '/var/www/vhosts/saratogahistory.com/httpdocs/phpBB/' is executable
[Sun Sep 13 06:59:30.757004 2020] [core:crit] [pid 1501:tid 139796403943168] (13)Permission denied: [client 37.113.185.22:47244] AH00529: /var/www/vhosts/saratogahistory.com/httpdocs/phpBB/.htaccess pcfg_openfile: unable to check htaccess file, ensure it is readable and that '/var/www/vhosts/saratogahistory.com/httpdocs/phpBB/' is executable, referer: http://www.saratogahistory.com/phpBB/index.php
[Sun Sep 13 07:05:41.270265 2020] [core:crit] [pid 1501:tid 139796393453312] (13)Permission denied: [client 145.255.8.167:60966] AH00529: /var/www/vhosts/saratogahistory.com/httpdocs/phpBB/.htaccess pcfg_openfile: unable to check htaccess file, ensure it is readable and that '/var/www/vhosts/saratogahistory.com/httpdocs/phpBB/' is executable, referer: http://www.saratogahistory.com/phpBB/index.php
[Sun Sep 13 07:06:57.342383 2020] [core:crit] [pid 1501:tid 139796341004032] (13)Permission denied: [client 216.244.66.235:34916] AH00529: /var/www/vhosts/saratogahistory.com/httpdocs/phpBB/.htaccess pcfg_openfile: unable to check htaccess file, ensure it is readable and that '/var/www/vhosts/saratogahistory.com/httpdocs/phpBB/' is executable
[Sun Sep 13 07:14:52.039147 2020] [core:crit] [pid 686:tid 139796601042688] (13)Permission denied: [client 216.244.66.235:50720] AH00529: /var/www/vhosts/saratogahistory.com/httpdocs/phpBB/.htaccess pcfg_openfile: unable to check htaccess file, ensure it is readable and that '/var/www/vhosts/saratogahistory.com/httpdocs/phpBB/' is executable
[Sun Sep 13 08:09:11.985123 2020] [core:crit] [pid 1501:tid 139796466882304] (13)Permission denied: [client 216.244.66.235:46170] AH00529: /var/www/vhosts/saratogahistory.com/httpdocs/phpBB/.htaccess pcfg_openfile: unable to check htaccess file, ensure it is readable and that '/var/www/vhosts/saratogahistory.com/httpdocs/phpBB/' is executable
[Sun Sep 13 08:16:36.686289 2020] [core:crit] [pid 1501:tid 139796445902592] (13)Permission denied: [client 66.249.66.215:36440] AH00529: /var/www/vhosts/saratogahistory.com/httpdocs/phpBB/.htaccess pcfg_openfile: unable to check htaccess file, ensure it is readable and that '/var/www/vhosts/saratogahistory.com/httpdocs/phpBB/' is executable
[Sun Sep 13 08:34:42.410390 2020] [core:crit] [pid 1501:tid 139796361983744] (13)Permission denied: [client 192.160.102.165:59100] AH00529: /var/www/vhosts/saratogahistory.com/httpdocs/phpBB/.htaccess pcfg_openfile: unable to check htaccess file, ensure it is readable and that '/var/www/vhosts/saratogahistory.com/httpdocs/phpBB/' is executable, referer: http://www.saratogahistory.com/phpBB/index.php
[Sun Sep 13 08:34:59.780134 2020] [core:crit] [pid 685:tid 139796330514176] (13)Permission denied: [client 91.109.29.83:59868] AH00529: /var/www/vhosts/saratogahistory.com/httpdocs/phpBB/.htaccess pcfg_openfile: unable to check htaccess file, ensure it is readable and that '/var/www/vhosts/saratogahistory.com/httpdocs/phpBB/' is executable, referer: http://www.saratogahistory.com/phpBB/index.php
[Sun Sep 13 08:37:24.915940 2020] [core:crit] [pid 1501:tid 139796320024320] (13)Permission denied: [client 46.150.254.115:37930] AH00529: /var/www/vhosts/saratogahistory.com/httpdocs/phpBB/.htaccess pcfg_openfile: unable to check htaccess file, ensure it is readable and that '/var/www/vhosts/saratogahistory.com/httpdocs/phpBB/' is executable, referer: http://www.saratogahistory.com/phpBB/index.php
[Sun Sep 13 09:02:58.248838 2020] [core:crit] [pid 1501:tid 139796361983744] (13)Permission denied: [client 94.139.233.116:52068] AH00529: /var/www/vhosts/saratogahistory.com/httpdocs/phpBB/.htaccess pcfg_openfile: unable to check htaccess file, ensure it is readable and that '/var/www/vhosts/saratogahistory.com/httpdocs/phpBB/' is executable, referer: http://www.saratogahistory.com/phpBB/index.php
[Sun Sep 13 10:32:05.577959 2020] [core:crit] [pid 685:tid 139796361983744] (13)Permission denied: [client 185.220.101.142:35238] AH00529: /var/www/vhosts/saratogahistory.com/httpdocs/phpBB/.htaccess pcfg_openfile: unable to check htaccess file, ensure it is readable and that '/var/www/vhosts/saratogahistory.com/httpdocs/phpBB/' is executable, referer: http://www.saratogahistory.com/phpBB/index.php
[Sun Sep 13 10:47:22.048403 2020] [core:crit] [pid 1501:tid 139796320024320] (13)Permission denied: [client 148.251.50.77:52208] AH00529: /var/www/vhosts/saratogahistory.com/httpdocs/phpBB/.htaccess pcfg_openfile: unable to check htaccess file, ensure it is readable and that '/var/www/vhosts/saratogahistory.com/httpdocs/phpBB/' is executable
[Sun Sep 13 10:47:37.859372 2020] [core:crit] [pid 687:tid 139796611532544] (13)Permission denied: [client 88.198.36.62:52948] AH00529: /var/www/vhosts/saratogahistory.com/httpdocs/phpBB/.htaccess pcfg_openfile: unable to check htaccess file, ensure it is readable and that '/var/www/vhosts/saratogahistory.com/httpdocs/phpBB/' is executable
[Sun Sep 13 10:51:48.870315 2020] [core:crit] [pid 1501:tid 139796580062976] (13)Permission denied: [client 185.25.35.13:37716] AH00529: /var/www/vhosts/saratogahistory.com/httpdocs/phpBB/.htaccess pcfg_openfile: unable to check htaccess file, ensure it is readable and that '/var/www/vhosts/saratogahistory.com/httpdocs/phpBB/' is executable
[Sun Sep 13 11:03:16.760278 2020] [core:crit] [pid 1501:tid 139796361983744] (13)Permission denied: [client 216.244.66.235:42700] AH00529: /var/www/vhosts/saratogahistory.com/httpdocs/phpBB/.htaccess pcfg_openfile: unable to check htaccess file, ensure it is readable and that '/var/www/vhosts/saratogahistory.com/httpdocs/phpBB/' is executable
[Sun Sep 13 11:26:18.811121 2020] [core:crit] [pid 1501:tid 139796309534464] (13)Permission denied: [client 185.25.35.9:54826] AH00529: /var/www/vhosts/saratogahistory.com/httpdocs/phpBB/.htaccess pcfg_openfile: unable to check htaccess file, ensure it is readable and that '/var/www/vhosts/saratogahistory.com/httpdocs/phpBB/' is executable
[Sun Sep 13 11:45:40.055058 2020] [core:crit] [pid 1501:tid 139796445902592] (13)Permission denied: [client 92.124.163.145:53992] AH00529: /var/www/vhosts/saratogahistory.com/httpdocs/phpBB/.htaccess pcfg_openfile: unable to check htaccess file, ensure it is readable and that '/var/www/vhosts/saratogahistory.com/httpdocs/phpBB/' is executable, referer: http://www.saratogahistory.com/phpBB/index.php
[Sun Sep 13 11:48:46.236838 2020] [core:crit] [pid 1501:tid 139796456392448] (13)Permission denied: [client 216.244.66.235:35310] AH00529: /var/www/vhosts/saratogahistory.com/httpdocs/phpBB/.htaccess pcfg_openfile: unable to check htaccess file, ensure it is readable and that '/var/www/vhosts/saratogahistory.com/httpdocs/phpBB/' is executable
[Sun Sep 13 11:56:53.745816 2020] [core:crit] [pid 685:tid 139796341004032] (13)Permission denied: [client 109.70.100.41:59916] AH00529: /var/www/vhosts/saratogahistory.com/httpdocs/phpBB/.htaccess pcfg_openfile: unable to check htaccess file, ensure it is readable and that '/var/www/vhosts/saratogahistory.com/httpdocs/phpBB/' is executable, referer: http://www.saratogahistory.com/phpBB/index.php
[Sun Sep 13 12:32:06.228528 2020] [core:crit] [pid 687:tid 139796351493888] (13)Permission denied: [client 216.244.66.235:56832] AH00529: /var/www/vhosts/saratogahistory.com/httpdocs/phpBB/.htaccess pcfg_openfile: unable to check htaccess file, ensure it is readable and that '/var/www/vhosts/saratogahistory.com/httpdocs/phpBB/' is executable
[Sun Sep 13 12:38:16.761811 2020] [core:crit] [pid 1501:tid 139796590552832] (13)Permission denied: [client 66.249.66.217:48522] AH00529: /var/www/vhosts/saratogahistory.com/httpdocs/phpBB/.htaccess pcfg_openfile: unable to check htaccess file, ensure it is readable and that '/var/www/vhosts/saratogahistory.com/httpdocs/phpBB/' is executable
[Sun Sep 13 12:41:23.318899 2020] [core:crit] [pid 1501:tid 139796361983744] (13)Permission denied: [client 185.25.35.14:58504] AH00529: /var/www/vhosts/saratogahistory.com/httpdocs/phpBB/.htaccess pcfg_openfile: unable to check htaccess file, ensure it is readable and that '/var/www/vhosts/saratogahistory.com/httpdocs/phpBB/' is executable
[Sun Sep 13 12:44:00.888988 2020] [core:crit] [pid 1501:tid 139796320024320] (13)Permission denied: [client 51.81.82.243:37950] AH00529: /var/www/vhosts/saratogahistory.com/httpdocs/phpBB/.htaccess pcfg_openfile: unable to check htaccess file, ensure it is readable and that '/var/www/vhosts/saratogahistory.com/httpdocs/phpBB/' is executable, referer: http://www.saratogahistory.com/phpBB/index.php
[Sun Sep 13 12:52:27.429848 2020] [core:crit] [pid 1501:tid 139796590552832] (13)Permission denied: [client 185.25.35.15:35378] AH00529: /var/www/vhosts/saratogahistory.com/httpdocs/phpBB/.htaccess pcfg_openfile: unable to check htaccess file, ensure it is readable and that '/var/www/vhosts/saratogahistory.com/httpdocs/phpBB/' is executable
[Sun Sep 13 13:12:13.804135 2020] [core:crit] [pid 1501:tid 139796299044608] (13)Permission denied: [client 176.107.183.146:40882] AH00529: /var/www/vhosts/saratogahistory.com/httpdocs/phpBB/.htaccess pcfg_openfile: unable to check htaccess file, ensure it is readable and that '/var/www/vhosts/saratogahistory.com/httpdocs/phpBB/' is executable, referer: http://www.saratogahistory.com/phpBB/index.php
[Sun Sep 13 14:11:38.305150 2020] [core:crit] [pid 685:tid 139796580062976] (13)Permission denied: [client 5.188.84.119:37972] AH00529: /var/www/vhosts/saratogahistory.com/httpdocs/phpBB/.htaccess pcfg_openfile: unable to check htaccess file, ensure it is readable and that '/var/www/vhosts/saratogahistory.com/httpdocs/phpBB/' is executable, referer: http://www.saratogahistory.com/phpBB/index.php
[Sun Sep 13 14:12:01.769954 2020] [core:crit] [pid 1501:tid 139796580062976] (13)Permission denied: [client 216.244.66.235:38896] AH00529: /var/www/vhosts/saratogahistory.com/httpdocs/phpBB/.htaccess pcfg_openfile: unable to check htaccess file, ensure it is readable and that '/var/www/vhosts/saratogahistory.com/httpdocs/phpBB/' is executable
[Sun Sep 13 14:15:13.979549 2020] [core:crit] [pid 685:tid 139796435412736] (13)Permission denied: [client 216.244.66.235:47224] AH00529: /var/www/vhosts/saratogahistory.com/httpdocs/phpBB/.htaccess pcfg_openfile: unable to check htaccess file, ensure it is readable and that '/var/www/vhosts/saratogahistory.com/httpdocs/phpBB/' is executable
[Sun Sep 13 14:42:50.387595 2020] [core:crit] [pid 1501:tid 139796288554752] (13)Permission denied: [client 145.239.82.87:34294] AH00529: /var/www/vhosts/saratogahistory.com/httpdocs/phpBB/.htaccess pcfg_openfile: unable to check htaccess file, ensure it is readable and that '/var/www/vhosts/saratogahistory.com/httpdocs/phpBB/' is executable, referer: http://www.saratogahistory.com/phpBB/index.php
[Sun Sep 13 15:08:49.199702 2020] [core:crit] [pid 1501:tid 139796361983744] (13)Permission denied: [client 185.220.101.210:45302] AH00529: /var/www/vhosts/saratogahistory.com/httpdocs/phpBB/.htaccess pcfg_openfile: unable to check htaccess file, ensure it is readable and that '/var/www/vhosts/saratogahistory.com/httpdocs/phpBB/' is executable, referer: http://www.saratogahistory.com/phpBB/index.php
[Sun Sep 13 16:32:19.647863 2020] [core:crit] [pid 1501:tid 139796288554752] (13)Permission denied: [client 185.220.100.251:55246] AH00529: /var/www/vhosts/saratogahistory.com/httpdocs/phpBB/.htaccess pcfg_openfile: unable to check htaccess file, ensure it is readable and that '/var/www/vhosts/saratogahistory.com/httpdocs/phpBB/' is executable, referer: http://www.saratogahistory.com/phpBB/index.php
[Sun Sep 13 16:42:10.721646 2020] [proxy_fcgi:error] [pid 1501:tid 139796414433024] [client 91.134.248.253:53296] AH01071: Got error 'Primary script unknown\n', referer: http://saratogahistory.com/wp-login.php
[Sun Sep 13 16:42:47.137242 2020] [core:crit] [pid 1501:tid 139796393453312] (13)Permission denied: [client 216.244.66.235:55188] AH00529: /var/www/vhosts/saratogahistory.com/httpdocs/phpBB/.htaccess pcfg_openfile: unable to check htaccess file, ensure it is readable and that '/var/www/vhosts/saratogahistory.com/httpdocs/phpBB/' is executable
[Sun Sep 13 16:47:42.935979 2020] [core:crit] [pid 687:tid 139796341004032] (13)Permission denied: [client 216.244.66.235:39938] AH00529: /var/www/vhosts/saratogahistory.com/httpdocs/phpBB/.htaccess pcfg_openfile: unable to check htaccess file, ensure it is readable and that '/var/www/vhosts/saratogahistory.com/httpdocs/phpBB/' is executable
[Sun Sep 13 17:07:56.437633 2020] [core:crit] [pid 1501:tid 139796435412736] (13)Permission denied: [client 185.25.35.12:41900] AH00529: /var/www/vhosts/saratogahistory.com/httpdocs/phpBB/.htaccess pcfg_openfile: unable to check htaccess file, ensure it is readable and that '/var/www/vhosts/saratogahistory.com/httpdocs/phpBB/' is executable
[Sun Sep 13 17:46:03.109423 2020] [core:crit] [pid 685:tid 139796372473600] (13)Permission denied: [client 185.25.35.12:34636] AH00529: /var/www/vhosts/saratogahistory.com/httpdocs/phpBB/.htaccess pcfg_openfile: unable to check htaccess file, ensure it is readable and that '/var/www/vhosts/saratogahistory.com/httpdocs/phpBB/' is executable
[Sun Sep 13 17:53:35.824274 2020] [core:crit] [pid 685:tid 139796351493888] (13)Permission denied: [client 185.206.213.233:54046] AH00529: /var/www/vhosts/saratogahistory.com/httpdocs/phpBB/.htaccess pcfg_openfile: unable to check htaccess file, ensure it is readable and that '/var/www/vhosts/saratogahistory.com/httpdocs/phpBB/' is executable, referer: http://www.saratogahistory.com/phpBB/index.php
[Sun Sep 13 18:25:35.813909 2020] [core:crit] [pid 1501:tid 139796382963456] (13)Permission denied: [client 193.239.232.102:53626] AH00529: /var/www/vhosts/saratogahistory.com/httpdocs/phpBB/.htaccess pcfg_openfile: unable to check htaccess file, ensure it is readable and that '/var/www/vhosts/saratogahistory.com/httpdocs/phpBB/' is executable, referer: http://www.saratogahistory.com/phpBB/index.php
[Sun Sep 13 18:26:11.180423 2020] [core:crit] [pid 1501:tid 139796341004032] (13)Permission denied: [client 162.247.74.27:55452] AH00529: /var/www/vhosts/saratogahistory.com/httpdocs/phpBB/.htaccess pcfg_openfile: unable to check htaccess file, ensure it is readable and that '/var/www/vhosts/saratogahistory.com/httpdocs/phpBB/' is executable, referer: http://www.saratogahistory.com/phpBB/index.php
[Sun Sep 13 18:31:47.291842 2020] [core:crit] [pid 1501:tid 139796299044608] (13)Permission denied: [client 216.244.66.235:44828] AH00529: /var/www/vhosts/saratogahistory.com/httpdocs/phpBB/.htaccess pcfg_openfile: unable to check htaccess file, ensure it is readable and that '/var/www/vhosts/saratogahistory.com/httpdocs/phpBB/' is executable
[Sun Sep 13 18:45:38.909793 2020] [core:crit] [pid 1501:tid 139796435412736] (13)Permission denied: [client 185.25.35.9:50814] AH00529: /var/www/vhosts/saratogahistory.com/httpdocs/phpBB/.htaccess pcfg_openfile: unable to check htaccess file, ensure it is readable and that '/var/www/vhosts/saratogahistory.com/httpdocs/phpBB/' is executable
[Sun Sep 13 18:56:03.384830 2020] [core:crit] [pid 685:tid 139796414433024] (13)Permission denied: [client 185.25.35.10:48820] AH00529: /var/www/vhosts/saratogahistory.com/httpdocs/phpBB/.htaccess pcfg_openfile: unable to check htaccess file, ensure it is readable and that '/var/www/vhosts/saratogahistory.com/httpdocs/phpBB/' is executable
[Sun Sep 13 18:57:53.035001 2020] [core:crit] [pid 1501:tid 139796288554752] (13)Permission denied: [client 216.18.204.206:53946] AH00529: /var/www/vhosts/saratogahistory.com/httpdocs/phpBB/.htaccess pcfg_openfile: unable to check htaccess file, ensure it is readable and that '/var/www/vhosts/saratogahistory.com/httpdocs/phpBB/' is executable, referer: http://www.saratogahistory.com/
[Sun Sep 13 19:15:25.942483 2020] [core:crit] [pid 685:tid 139796351493888] (13)Permission denied: [client 66.249.66.213:41840] AH00529: /var/www/vhosts/saratogahistory.com/httpdocs/phpBB/.htaccess pcfg_openfile: unable to check htaccess file, ensure it is readable and that '/var/www/vhosts/saratogahistory.com/httpdocs/phpBB/' is executable
[Sun Sep 13 19:15:48.288544 2020] [core:crit] [pid 1501:tid 139796580062976] (13)Permission denied: [client 66.249.66.215:42736] AH00529: /var/www/vhosts/saratogahistory.com/httpdocs/phpBB/.htaccess pcfg_openfile: unable to check htaccess file, ensure it is readable and that '/var/www/vhosts/saratogahistory.com/httpdocs/phpBB/' is executable
[Sun Sep 13 19:16:55.573559 2020] [core:crit] [pid 1501:tid 139796477372160] (13)Permission denied: [client 66.249.66.213:45198] AH00529: /var/www/vhosts/saratogahistory.com/httpdocs/phpBB/.htaccess pcfg_openfile: unable to check htaccess file, ensure it is readable and that '/var/www/vhosts/saratogahistory.com/httpdocs/phpBB/' is executable
[Sun Sep 13 19:18:13.251044 2020] [core:crit] [pid 687:tid 139796590552832] (13)Permission denied: [client 66.249.66.217:47804] AH00529: /var/www/vhosts/saratogahistory.com/httpdocs/phpBB/.htaccess pcfg_openfile: unable to check htaccess file, ensure it is readable and that '/var/www/vhosts/saratogahistory.com/httpdocs/phpBB/' is executable
[Sun Sep 13 19:19:29.428188 2020] [core:crit] [pid 1501:tid 139796569573120] (13)Permission denied: [client 66.249.66.213:51020] AH00529: /var/www/vhosts/saratogahistory.com/httpdocs/phpBB/.htaccess pcfg_openfile: unable to check htaccess file, ensure it is readable and that '/var/www/vhosts/saratogahistory.com/httpdocs/phpBB/' is executable
[Sun Sep 13 19:20:47.264063 2020] [core:crit] [pid 1501:tid 139796466882304] (13)Permission denied: [client 66.249.66.217:55226] AH00529: /var/www/vhosts/saratogahistory.com/httpdocs/phpBB/.htaccess pcfg_openfile: unable to check htaccess file, ensure it is readable and that '/var/www/vhosts/saratogahistory.com/httpdocs/phpBB/' is executable
[Sun Sep 13 19:22:07.719485 2020] [core:crit] [pid 1501:tid 139796445902592] (13)Permission denied: [client 66.249.66.213:58984] AH00529: /var/www/vhosts/saratogahistory.com/httpdocs/phpBB/.htaccess pcfg_openfile: unable to check htaccess file, ensure it is readable and that '/var/www/vhosts/saratogahistory.com/httpdocs/phpBB/' is executable
[Sun Sep 13 19:23:39.835058 2020] [core:crit] [pid 1501:tid 139796403943168] (13)Permission denied: [client 66.249.66.217:34528] AH00529: /var/www/vhosts/saratogahistory.com/httpdocs/phpBB/.htaccess pcfg_openfile: unable to check htaccess file, ensure it is readable and that '/var/www/vhosts/saratogahistory.com/httpdocs/phpBB/' is executable
[Sun Sep 13 19:50:24.065360 2020] [core:crit] [pid 685:tid 139796487862016] (13)Permission denied: [client 93.170.246.16:46124] AH00529: /var/www/vhosts/saratogahistory.com/httpdocs/phpBB/.htaccess pcfg_openfile: unable to check htaccess file, ensure it is readable and that '/var/www/vhosts/saratogahistory.com/httpdocs/phpBB/' is executable
[Sun Sep 13 19:50:24.831276 2020] [core:crit] [pid 1501:tid 139796569573120] (13)Permission denied: [client 93.170.246.16:46154] AH00529: /var/www/vhosts/saratogahistory.com/httpdocs/phpBB/.htaccess pcfg_openfile: unable to check htaccess file, ensure it is readable and that '/var/www/vhosts/saratogahistory.com/httpdocs/phpBB/' is executable
[Sun Sep 13 20:18:43.303277 2020] [core:crit] [pid 1501:tid 139796361983744] (13)Permission denied: [client 185.247.224.23:34928] AH00529: /var/www/vhosts/saratogahistory.com/httpdocs/phpBB/.htaccess pcfg_openfile: unable to check htaccess file, ensure it is readable and that '/var/www/vhosts/saratogahistory.com/httpdocs/phpBB/' is executable, referer: http://www.saratogahistory.com/phpBB/index.php
[Sun Sep 13 20:21:07.346301 2020] [core:crit] [pid 1501:tid 139796330514176] (13)Permission denied: [client 66.249.66.217:41688] AH00529: /var/www/vhosts/saratogahistory.com/httpdocs/phpBB/.htaccess pcfg_openfile: unable to check htaccess file, ensure it is readable and that '/var/www/vhosts/saratogahistory.com/httpdocs/phpBB/' is executable
[Sun Sep 13 20:38:09.404900 2020] [core:crit] [pid 685:tid 139796361983744] (13)Permission denied: [client 185.216.195.194:54414] AH00529: /var/www/vhosts/saratogahistory.com/httpdocs/phpBB/.htaccess pcfg_openfile: unable to check htaccess file, ensure it is readable and that '/var/www/vhosts/saratogahistory.com/httpdocs/phpBB/' is executable, referer: http://www.saratogahistory.com/phpBB/index.php
[Sun Sep 13 20:58:36.429323 2020] [core:crit] [pid 1501:tid 139796445902592] (13)Permission denied: [client 77.243.191.36:48414] AH00529: /var/www/vhosts/saratogahistory.com/httpdocs/phpBB/.htaccess pcfg_openfile: unable to check htaccess file, ensure it is readable and that '/var/www/vhosts/saratogahistory.com/httpdocs/phpBB/' is executable, referer: http://www.saratogahistory.com/phpBB/index.php
[Sun Sep 13 21:37:36.111722 2020] [core:crit] [pid 1501:tid 139796299044608] (13)Permission denied: [client 91.109.29.78:38946] AH00529: /var/www/vhosts/saratogahistory.com/httpdocs/phpBB/.htaccess pcfg_openfile: unable to check htaccess file, ensure it is readable and that '/var/www/vhosts/saratogahistory.com/httpdocs/phpBB/' is executable, referer: http://www.saratogahistory.com/phpBB/index.php
[Sun Sep 13 21:48:52.390703 2020] [proxy_fcgi:error] [pid 1501:tid 139796403943168] [client 136.243.175.23:39286] AH01071: Got error 'Primary script unknown\n'
[Sun Sep 13 22:04:13.912873 2020] [core:crit] [pid 1501:tid 139796288554752] (13)Permission denied: [client 216.244.66.235:49658] AH00529: /var/www/vhosts/saratogahistory.com/httpdocs/phpBB/.htaccess pcfg_openfile: unable to check htaccess file, ensure it is readable and that '/var/www/vhosts/saratogahistory.com/httpdocs/phpBB/' is executable
[Sun Sep 13 22:11:58.638231 2020] [core:crit] [pid 1501:tid 139796477372160] (13)Permission denied: [client 107.189.10.174:42126] AH00529: /var/www/vhosts/saratogahistory.com/httpdocs/phpBB/.htaccess pcfg_openfile: unable to check htaccess file, ensure it is readable and that '/var/www/vhosts/saratogahistory.com/httpdocs/phpBB/' is executable, referer: http://www.saratogahistory.com/phpBB/index.php
[Sun Sep 13 22:22:27.310379 2020] [core:crit] [pid 1501:tid 139796424922880] (13)Permission denied: [client 66.249.66.215:47794] AH00529: /var/www/vhosts/saratogahistory.com/httpdocs/phpBB/.htaccess pcfg_openfile: unable to check htaccess file, ensure it is readable and that '/var/www/vhosts/saratogahistory.com/httpdocs/phpBB/' is executable
[Sun Sep 13 22:42:47.061261 2020] [core:crit] [pid 1501:tid 139796382963456] (13)Permission denied: [client 66.249.66.215:40624] AH00529: /var/www/vhosts/saratogahistory.com/httpdocs/phpBB/.htaccess pcfg_openfile: unable to check htaccess file, ensure it is readable and that '/var/www/vhosts/saratogahistory.com/httpdocs/phpBB/' is executable
[Sun Sep 13 22:57:46.569126 2020] [core:crit] [pid 1501:tid 139796403943168] (13)Permission denied: [client 216.244.66.235:45508] AH00529: /var/www/vhosts/saratogahistory.com/httpdocs/phpBB/.htaccess pcfg_openfile: unable to check htaccess file, ensure it is readable and that '/var/www/vhosts/saratogahistory.com/httpdocs/phpBB/' is executable
[Sun Sep 13 22:57:49.357350 2020] [core:crit] [pid 1501:tid 139796456392448] (13)Permission denied: [client 185.25.35.14:45568] AH00529: /var/www/vhosts/saratogahistory.com/httpdocs/phpBB/.htaccess pcfg_openfile: unable to check htaccess file, ensure it is readable and that '/var/www/vhosts/saratogahistory.com/httpdocs/phpBB/' is executable
[Sun Sep 13 23:39:20.159554 2020] [core:crit] [pid 1501:tid 139796393453312] (13)Permission denied: [client 185.25.35.12:53952] AH00529: /var/www/vhosts/saratogahistory.com/httpdocs/phpBB/.htaccess pcfg_openfile: unable to check htaccess file, ensure it is readable and that '/var/www/vhosts/saratogahistory.com/httpdocs/phpBB/' is executable
[Mon Sep 14 00:00:15.099613 2020] [core:crit] [pid 686:tid 139796414433024] (13)Permission denied: [client 216.244.66.235:50342] AH00529: /var/www/vhosts/saratogahistory.com/httpdocs/phpBB/.htaccess pcfg_openfile: unable to check htaccess file, ensure it is readable and that '/var/www/vhosts/saratogahistory.com/httpdocs/phpBB/' is executable
[Mon Sep 14 00:00:25.410350 2020] [core:crit] [pid 685:tid 139796414433024] (13)Permission denied: [client 216.244.66.235:50768] AH00529: /var/www/vhosts/saratogahistory.com/httpdocs/phpBB/.htaccess pcfg_openfile: unable to check htaccess file, ensure it is readable and that '/var/www/vhosts/saratogahistory.com/httpdocs/phpBB/' is executable
[Mon Sep 14 00:14:34.163884 2020] [proxy_fcgi:error] [pid 1501:tid 139796487862016] [client 118.71.166.34:59936] AH01071: Got error 'Primary script unknown\n'
[Mon Sep 14 00:21:16.901448 2020] [core:crit] [pid 687:tid 139796601042688] (13)Permission denied: [client 193.239.232.101:49690] AH00529: /var/www/vhosts/saratogahistory.com/httpdocs/phpBB/.htaccess pcfg_openfile: unable to check htaccess file, ensure it is readable and that '/var/www/vhosts/saratogahistory.com/httpdocs/phpBB/' is executable, referer: http://www.saratogahistory.com/phpBB/index.php
[Mon Sep 14 00:49:40.242450 2020] [core:crit] [pid 687:tid 139796456392448] (13)Permission denied: [client 216.244.66.235:47286] AH00529: /var/www/vhosts/saratogahistory.com/httpdocs/phpBB/.htaccess pcfg_openfile: unable to check htaccess file, ensure it is readable and that '/var/www/vhosts/saratogahistory.com/httpdocs/phpBB/' is executable
[Mon Sep 14 00:51:23.441312 2020] [core:crit] [pid 1501:tid 139796403943168] (13)Permission denied: [client 185.25.35.14:53274] AH00529: /var/www/vhosts/saratogahistory.com/httpdocs/phpBB/.htaccess pcfg_openfile: unable to check htaccess file, ensure it is readable and that '/var/www/vhosts/saratogahistory.com/httpdocs/phpBB/' is executable
[Mon Sep 14 00:54:01.358716 2020] [core:crit] [pid 1501:tid 139796424922880] (13)Permission denied: [client 185.220.100.252:60260] AH00529: /var/www/vhosts/saratogahistory.com/httpdocs/phpBB/.htaccess pcfg_openfile: unable to check htaccess file, ensure it is readable and that '/var/www/vhosts/saratogahistory.com/httpdocs/phpBB/' is executable, referer: http://www.saratogahistory.com/phpBB/index.php
[Mon Sep 14 01:02:21.013814 2020] [core:crit] [pid 685:tid 139796309534464] (13)Permission denied: [client 185.25.35.14:54166] AH00529: /var/www/vhosts/saratogahistory.com/httpdocs/phpBB/.htaccess pcfg_openfile: unable to check htaccess file, ensure it is readable and that '/var/www/vhosts/saratogahistory.com/httpdocs/phpBB/' is executable
[Mon Sep 14 01:08:19.333705 2020] [core:crit] [pid 1501:tid 139796351493888] (13)Permission denied: [client 216.18.204.206:41622] AH00529: /var/www/vhosts/saratogahistory.com/httpdocs/phpBB/.htaccess pcfg_openfile: unable to check htaccess file, ensure it is readable and that '/var/www/vhosts/saratogahistory.com/httpdocs/phpBB/' is executable, referer: http://www.saratogahistory.com/
[Mon Sep 14 01:40:03.132480 2020] [core:crit] [pid 1501:tid 139796382963456] (13)Permission denied: [client 216.244.66.235:44808] AH00529: /var/www/vhosts/saratogahistory.com/httpdocs/phpBB/.htaccess pcfg_openfile: unable to check htaccess file, ensure it is readable and that '/var/www/vhosts/saratogahistory.com/httpdocs/phpBB/' is executable
[Mon Sep 14 01:59:57.733453 2020] [core:crit] [pid 1501:tid 139796435412736] (13)Permission denied: [client 89.187.175.137:53904] AH00529: /var/www/vhosts/saratogahistory.com/httpdocs/phpBB/.htaccess pcfg_openfile: unable to check htaccess file, ensure it is readable and that '/var/www/vhosts/saratogahistory.com/httpdocs/phpBB/' is executable
[Mon Sep 14 02:00:01.353029 2020] [core:crit] [pid 1501:tid 139796414433024] (13)Permission denied: [client 89.187.175.137:54080] AH00529: /var/www/vhosts/saratogahistory.com/httpdocs/phpBB/.htaccess pcfg_openfile: unable to check htaccess file, ensure it is readable and that '/var/www/vhosts/saratogahistory.com/httpdocs/phpBB/' is executable
[Mon Sep 14 02:00:13.781863 2020] [core:crit] [pid 1501:tid 139796341004032] (13)Permission denied: [client 89.187.175.137:54810] AH00529: /var/www/vhosts/saratogahistory.com/httpdocs/phpBB/.htaccess pcfg_openfile: unable to check htaccess file, ensure it is readable and that '/var/www/vhosts/saratogahistory.com/httpdocs/phpBB/' is executable
[Mon Sep 14 02:15:45.593238 2020] [core:crit] [pid 685:tid 139796372473600] (13)Permission denied: [client 195.206.105.217:44180] AH00529: /var/www/vhosts/saratogahistory.com/httpdocs/phpBB/.htaccess pcfg_openfile: unable to check htaccess file, ensure it is readable and that '/var/www/vhosts/saratogahistory.com/httpdocs/phpBB/' is executable, referer: http://www.saratogahistory.com/phpBB/index.php
[Mon Sep 14 02:26:06.143894 2020] [core:crit] [pid 1501:tid 139796445902592] (13)Permission denied: [client 216.244.66.235:48440] AH00529: /var/www/vhosts/saratogahistory.com/httpdocs/phpBB/.htaccess pcfg_openfile: unable to check htaccess file, ensure it is readable and that '/var/www/vhosts/saratogahistory.com/httpdocs/phpBB/' is executable
[Mon Sep 14 03:25:45.875804 2020] [core:crit] [pid 1501:tid 139796611532544] (13)Permission denied: [client 89.187.175.137:42164] AH00529: /var/www/vhosts/saratogahistory.com/httpdocs/phpBB/.htaccess pcfg_openfile: unable to check htaccess file, ensure it is readable and that '/var/www/vhosts/saratogahistory.com/httpdocs/phpBB/' is executable
[Mon Sep 14 03:56:44.300213 2020] [core:crit] [pid 685:tid 139796299044608] (13)Permission denied: [client 78.159.103.48:50786] AH00529: /var/www/vhosts/saratogahistory.com/httpdocs/phpBB/.htaccess pcfg_openfile: unable to check htaccess file, ensure it is readable and that '/var/www/vhosts/saratogahistory.com/httpdocs/phpBB/' is executable, referer: http://www.saratogahistory.com/phpBB/index.php
[Mon Sep 14 04:01:07.004400 2020] [proxy_fcgi:error] [pid 687:tid 139796601042688] [client 157.55.202.241:36146] AH01071: Got error 'Primary script unknown\n'
[Mon Sep 14 04:01:39.771617 2020] [core:crit] [pid 685:tid 139796580062976] (13)Permission denied: [client 46.187.25.61:38006] AH00529: /var/www/vhosts/saratogahistory.com/httpdocs/phpBB/.htaccess pcfg_openfile: unable to check htaccess file, ensure it is readable and that '/var/www/vhosts/saratogahistory.com/httpdocs/phpBB/' is executable, referer: http://www.saratogahistory.com/phpBB/index.php
[Mon Sep 14 04:01:40.947011 2020] [proxy_fcgi:error] [pid 1501:tid 139796435412736] [client 46.187.25.61:38086] AH01071: Got error 'Primary script unknown\n', referer: http://www.saratogahistory.com/index.php
[Mon Sep 14 04:01:41.280879 2020] [proxy_fcgi:error] [pid 685:tid 139796487862016] [client 46.187.25.61:38098] AH01071: Got error 'Primary script unknown\n', referer: http://www.saratogahistory.com/index.php
[Mon Sep 14 04:01:41.601303 2020] [proxy_fcgi:error] [pid 1501:tid 139796414433024] [client 46.187.25.61:38112] AH01071: Got error 'Primary script unknown\n', referer: http://www.saratogahistory.com/index.php
[Mon Sep 14 04:12:31.809280 2020] [core:crit] [pid 685:tid 139796435412736] (13)Permission denied: [client 176.123.5.193:44782] AH00529: /var/www/vhosts/saratogahistory.com/httpdocs/phpBB/.htaccess pcfg_openfile: unable to check htaccess file, ensure it is readable and that '/var/www/vhosts/saratogahistory.com/httpdocs/phpBB/' is executable, referer: http://www.saratogahistory.com/phpBB/index.php
[Mon Sep 14 05:01:03.677122 2020] [core:crit] [pid 685:tid 139796351493888] (13)Permission denied: [client 185.25.35.14:56096] AH00529: /var/www/vhosts/saratogahistory.com/httpdocs/phpBB/.htaccess pcfg_openfile: unable to check htaccess file, ensure it is readable and that '/var/www/vhosts/saratogahistory.com/httpdocs/phpBB/' is executable
[Mon Sep 14 05:05:28.598627 2020] [core:crit] [pid 1501:tid 139796424922880] (13)Permission denied: [client 216.18.204.206:41548] AH00529: /var/www/vhosts/saratogahistory.com/httpdocs/phpBB/.htaccess pcfg_openfile: unable to check htaccess file, ensure it is readable and that '/var/www/vhosts/saratogahistory.com/httpdocs/phpBB/' is executable, referer: http://www.saratogahistory.com/
[Mon Sep 14 05:41:53.711041 2020] [core:crit] [pid 1501:tid 139796361983744] (13)Permission denied: [client 185.25.35.11:45158] AH00529: /var/www/vhosts/saratogahistory.com/httpdocs/phpBB/.htaccess pcfg_openfile: unable to check htaccess file, ensure it is readable and that '/var/www/vhosts/saratogahistory.com/httpdocs/phpBB/' is executable
[Mon Sep 14 06:19:17.578002 2020] [core:crit] [pid 687:tid 139796590552832] (13)Permission denied: [client 185.220.100.243:55756] AH00529: /var/www/vhosts/saratogahistory.com/httpdocs/phpBB/.htaccess pcfg_openfile: unable to check htaccess file, ensure it is readable and that '/var/www/vhosts/saratogahistory.com/httpdocs/phpBB/' is executable, referer: http://www.saratogahistory.com/phpBB/index.php
[Mon Sep 14 06:51:40.703251 2020] [core:crit] [pid 687:tid 139796424922880] (13)Permission denied: [client 113.177.116.71:48562] AH00529: /var/www/vhosts/saratogahistory.com/httpdocs/phpBB/.htaccess pcfg_openfile: unable to check htaccess file, ensure it is readable and that '/var/www/vhosts/saratogahistory.com/httpdocs/phpBB/' is executable, referer: http://www.saratogahistory.com/phpBB/index.php
[Mon Sep 14 06:51:46.199693 2020] [proxy_fcgi:error] [pid 687:tid 139796414433024] [client 113.177.116.71:48906] AH01071: Got error 'Primary script unknown\n', referer: http://www.saratogahistory.com/index.php
[Mon Sep 14 06:51:48.606334 2020] [proxy_fcgi:error] [pid 1501:tid 139796569573120] [client 113.177.116.71:49076] AH01071: Got error 'Primary script unknown\n', referer: http://www.saratogahistory.com/index.php
[Mon Sep 14 06:51:50.027329 2020] [proxy_fcgi:error] [pid 1501:tid 139796487862016] [client 113.177.116.71:49152] AH01071: Got error 'Primary script unknown\n', referer: http://www.saratogahistory.com/index.php
[Mon Sep 14 06:55:51.535362 2020] [core:crit] [pid 685:tid 139796580062976] (13)Permission denied: [client 185.25.35.14:60942] AH00529: /var/www/vhosts/saratogahistory.com/httpdocs/phpBB/.htaccess pcfg_openfile: unable to check htaccess file, ensure it is readable and that '/var/www/vhosts/saratogahistory.com/httpdocs/phpBB/' is executable
[Mon Sep 14 07:02:54.074907 2020] [core:crit] [pid 685:tid 139796569573120] (13)Permission denied: [client 46.33.33.4:54380] AH00529: /var/www/vhosts/saratogahistory.com/httpdocs/phpBB/.htaccess pcfg_openfile: unable to check htaccess file, ensure it is readable and that '/var/www/vhosts/saratogahistory.com/httpdocs/phpBB/' is executable, referer: http://www.saratogahistory.com/phpBB/index.php
[Mon Sep 14 07:02:55.132376 2020] [proxy_fcgi:error] [pid 687:tid 139796393453312] [client 46.33.33.4:54422] AH01071: Got error 'Primary script unknown\n', referer: http://www.saratogahistory.com/index.php
[Mon Sep 14 07:02:55.415026 2020] [proxy_fcgi:error] [pid 1501:tid 139796435412736] [client 46.33.33.4:54434] AH01071: Got error 'Primary script unknown\n', referer: http://www.saratogahistory.com/index.php
[Mon Sep 14 07:02:55.693736 2020] [proxy_fcgi:error] [pid 1501:tid 139796414433024] [client 46.33.33.4:54452] AH01071: Got error 'Primary script unknown\n', referer: http://www.saratogahistory.com/index.php
[Mon Sep 14 07:06:52.353346 2020] [core:crit] [pid 685:tid 139796456392448] (13)Permission denied: [client 185.25.35.12:37992] AH00529: /var/www/vhosts/saratogahistory.com/httpdocs/phpBB/.htaccess pcfg_openfile: unable to check htaccess file, ensure it is readable and that '/var/www/vhosts/saratogahistory.com/httpdocs/phpBB/' is executable
[Mon Sep 14 07:18:02.084742 2020] [core:crit] [pid 687:tid 139796361983744] (13)Permission denied: [client 79.172.193.32:46182] AH00529: /var/www/vhosts/saratogahistory.com/httpdocs/phpBB/.htaccess pcfg_openfile: unable to check htaccess file, ensure it is readable and that '/var/www/vhosts/saratogahistory.com/httpdocs/phpBB/' is executable, referer: http://www.saratogahistory.com/phpBB/index.php
[Mon Sep 14 07:36:53.035758 2020] [core:crit] [pid 1501:tid 139796424922880] (13)Permission denied: [client 5.188.84.119:52952] AH00529: /var/www/vhosts/saratogahistory.com/httpdocs/phpBB/.htaccess pcfg_openfile: unable to check htaccess file, ensure it is readable and that '/var/www/vhosts/saratogahistory.com/httpdocs/phpBB/' is executable, referer: http://www.saratogahistory.com/phpBB/index.php
[Mon Sep 14 07:46:17.766241 2020] [proxy_fcgi:error] [pid 1501:tid 139796435412736] [client 49.207.194.214:56816] AH01071: Got error 'Primary script unknown\n'
[Mon Sep 14 08:00:43.718390 2020] [core:crit] [pid 686:tid 139796424922880] (13)Permission denied: [client 216.244.66.235:46520] AH00529: /var/www/vhosts/saratogahistory.com/httpdocs/phpBB/.htaccess pcfg_openfile: unable to check htaccess file, ensure it is readable and that '/var/www/vhosts/saratogahistory.com/httpdocs/phpBB/' is executable
[Mon Sep 14 08:22:23.886143 2020] [core:crit] [pid 685:tid 139796611532544] (13)Permission denied: [client 175.139.165.29:57414] AH00529: /var/www/vhosts/saratogahistory.com/httpdocs/phpBB/.htaccess pcfg_openfile: unable to check htaccess file, ensure it is readable and that '/var/www/vhosts/saratogahistory.com/httpdocs/phpBB/' is executable, referer: http://www.saratogahistory.com/phpBB/index.php
[Mon Sep 14 08:41:07.874462 2020] [core:crit] [pid 1501:tid 139796382963456] (13)Permission denied: [client 216.244.66.235:32822] AH00529: /var/www/vhosts/saratogahistory.com/httpdocs/phpBB/.htaccess pcfg_openfile: unable to check htaccess file, ensure it is readable and that '/var/www/vhosts/saratogahistory.com/httpdocs/phpBB/' is executable
[Mon Sep 14 08:58:52.117774 2020] [core:crit] [pid 687:tid 139796601042688] (13)Permission denied: [client 216.244.66.235:60220] AH00529: /var/www/vhosts/saratogahistory.com/httpdocs/phpBB/.htaccess pcfg_openfile: unable to check htaccess file, ensure it is readable and that '/var/www/vhosts/saratogahistory.com/httpdocs/phpBB/' is executable
[Mon Sep 14 08:59:12.372251 2020] [core:crit] [pid 1501:tid 139796445902592] (13)Permission denied: [client 216.244.66.235:33144] AH00529: /var/www/vhosts/saratogahistory.com/httpdocs/phpBB/.htaccess pcfg_openfile: unable to check htaccess file, ensure it is readable and that '/var/www/vhosts/saratogahistory.com/httpdocs/phpBB/' is executable
[Mon Sep 14 10:34:15.510866 2020] [core:crit] [pid 1501:tid 139796445902592] (13)Permission denied: [client 198.98.60.58:45094] AH00529: /var/www/vhosts/saratogahistory.com/httpdocs/phpBB/.htaccess pcfg_openfile: unable to check htaccess file, ensure it is readable and that '/var/www/vhosts/saratogahistory.com/httpdocs/phpBB/' is executable, referer: http://www.saratogahistory.com/phpBB/index.php
[Mon Sep 14 10:54:15.277313 2020] [core:crit] [pid 1501:tid 139796590552832] (13)Permission denied: [client 171.244.1.84:46240] AH00529: /var/www/vhosts/saratogahistory.com/httpdocs/phpBB/.htaccess pcfg_openfile: unable to check htaccess file, ensure it is readable and that '/var/www/vhosts/saratogahistory.com/httpdocs/phpBB/' is executable, referer: http://www.saratogahistory.com/phpBB/index.php
[Mon Sep 14 10:54:44.239792 2020] [proxy_fcgi:error] [pid 687:tid 139796569573120] [client 171.244.1.84:48098] AH01071: Got error 'Primary script unknown\n', referer: http://www.saratogahistory.com/index.php
[Mon Sep 14 10:54:50.111174 2020] [proxy_fcgi:error] [pid 1501:tid 139796611532544] [client 171.244.1.84:48520] AH01071: Got error 'Primary script unknown\n', referer: http://www.saratogahistory.com/index.php
[Mon Sep 14 10:54:57.507204 2020] [proxy_fcgi:error] [pid 1501:tid 139796477372160] [client 171.244.1.84:48976] AH01071: Got error 'Primary script unknown\n', referer: http://www.saratogahistory.com/index.php
[Mon Sep 14 11:18:11.792344 2020] [core:crit] [pid 1501:tid 139796372473600] (13)Permission denied: [client 185.25.35.8:57636] AH00529: /var/www/vhosts/saratogahistory.com/httpdocs/phpBB/.htaccess pcfg_openfile: unable to check htaccess file, ensure it is readable and that '/var/www/vhosts/saratogahistory.com/httpdocs/phpBB/' is executable
[Mon Sep 14 11:24:25.045435 2020] [core:crit] [pid 1501:tid 139796424922880] (13)Permission denied: [client 216.18.204.206:56388] AH00529: /var/www/vhosts/saratogahistory.com/httpdocs/phpBB/.htaccess pcfg_openfile: unable to check htaccess file, ensure it is readable and that '/var/www/vhosts/saratogahistory.com/httpdocs/phpBB/' is executable, referer: http://www.saratogahistory.com/
[Mon Sep 14 11:56:39.158897 2020] [core:crit] [pid 1501:tid 139796487862016] (13)Permission denied: [client 185.220.100.253:46796] AH00529: /var/www/vhosts/saratogahistory.com/httpdocs/phpBB/.htaccess pcfg_openfile: unable to check htaccess file, ensure it is readable and that '/var/www/vhosts/saratogahistory.com/httpdocs/phpBB/' is executable, referer: http://www.saratogahistory.com/phpBB/index.php
[Mon Sep 14 12:01:13.574308 2020] [core:crit] [pid 1501:tid 139796424922880] (13)Permission denied: [client 185.25.35.11:60432] AH00529: /var/www/vhosts/saratogahistory.com/httpdocs/phpBB/.htaccess pcfg_openfile: unable to check htaccess file, ensure it is readable and that '/var/www/vhosts/saratogahistory.com/httpdocs/phpBB/' is executable
[Mon Sep 14 12:06:06.634586 2020] [core:crit] [pid 685:tid 139796320024320] (13)Permission denied: [client 216.244.66.235:46392] AH00529: /var/www/vhosts/saratogahistory.com/httpdocs/phpBB/.htaccess pcfg_openfile: unable to check htaccess file, ensure it is readable and that '/var/www/vhosts/saratogahistory.com/httpdocs/phpBB/' is executable
[Mon Sep 14 12:06:18.302450 2020] [core:crit] [pid 687:tid 139796601042688] (13)Permission denied: [client 216.244.66.235:47054] AH00529: /var/www/vhosts/saratogahistory.com/httpdocs/phpBB/.htaccess pcfg_openfile: unable to check htaccess file, ensure it is readable and that '/var/www/vhosts/saratogahistory.com/httpdocs/phpBB/' is executable
[Mon Sep 14 12:45:16.809859 2020] [core:crit] [pid 685:tid 139796601042688] (13)Permission denied: [client 216.244.66.235:57102] AH00529: /var/www/vhosts/saratogahistory.com/httpdocs/phpBB/.htaccess pcfg_openfile: unable to check htaccess file, ensure it is readable and that '/var/www/vhosts/saratogahistory.com/httpdocs/phpBB/' is executable
[Mon Sep 14 12:55:58.385983 2020] [core:crit] [pid 1501:tid 139796601042688] (13)Permission denied: [client 216.244.66.235:36252] AH00529: /var/www/vhosts/saratogahistory.com/httpdocs/phpBB/.htaccess pcfg_openfile: unable to check htaccess file, ensure it is readable and that '/var/www/vhosts/saratogahistory.com/httpdocs/phpBB/' is executable
[Mon Sep 14 13:13:50.005899 2020] [core:crit] [pid 1501:tid 139796320024320] (13)Permission denied: [client 185.25.35.15:38310] AH00529: /var/www/vhosts/saratogahistory.com/httpdocs/phpBB/.htaccess pcfg_openfile: unable to check htaccess file, ensure it is readable and that '/var/www/vhosts/saratogahistory.com/httpdocs/phpBB/' is executable
[Mon Sep 14 13:25:15.930944 2020] [core:crit] [pid 687:tid 139796403943168] (13)Permission denied: [client 185.25.35.10:50962] AH00529: /var/www/vhosts/saratogahistory.com/httpdocs/phpBB/.htaccess pcfg_openfile: unable to check htaccess file, ensure it is readable and that '/var/www/vhosts/saratogahistory.com/httpdocs/phpBB/' is executable
[Mon Sep 14 13:31:32.443539 2020] [core:crit] [pid 687:tid 139796372473600] (13)Permission denied: [client 216.244.66.235:50798] AH00529: /var/www/vhosts/saratogahistory.com/httpdocs/phpBB/.htaccess pcfg_openfile: unable to check htaccess file, ensure it is readable and that '/var/www/vhosts/saratogahistory.com/httpdocs/phpBB/' is executable
[Mon Sep 14 13:37:05.321660 2020] [core:crit] [pid 1501:tid 139796580062976] (13)Permission denied: [client 193.32.126.162:48788] AH00529: /var/www/vhosts/saratogahistory.com/httpdocs/phpBB/.htaccess pcfg_openfile: unable to check htaccess file, ensure it is readable and that '/var/www/vhosts/saratogahistory.com/httpdocs/phpBB/' is executable, referer: http://www.saratogahistory.com/phpBB/index.php
[Mon Sep 14 13:41:13.475560 2020] [core:crit] [pid 1501:tid 139796445902592] (13)Permission denied: [client 216.244.66.235:41934] AH00529: /var/www/vhosts/saratogahistory.com/httpdocs/phpBB/.htaccess pcfg_openfile: unable to check htaccess file, ensure it is readable and that '/var/www/vhosts/saratogahistory.com/httpdocs/phpBB/' is executable
[Mon Sep 14 13:45:56.513270 2020] [core:crit] [pid 1501:tid 139796403943168] (13)Permission denied: [client 199.195.251.199:38228] AH00529: /var/www/vhosts/saratogahistory.com/httpdocs/phpBB/.htaccess pcfg_openfile: unable to check htaccess file, ensure it is readable and that '/var/www/vhosts/saratogahistory.com/httpdocs/phpBB/' is executable, referer: http://www.saratogahistory.com/phpBB/index.php
[Mon Sep 14 15:38:36.578798 2020] [core:crit] [pid 1501:tid 139796601042688] (13)Permission denied: [client 109.70.100.51:59230] AH00529: /var/www/vhosts/saratogahistory.com/httpdocs/phpBB/.htaccess pcfg_openfile: unable to check htaccess file, ensure it is readable and that '/var/www/vhosts/saratogahistory.com/httpdocs/phpBB/' is executable, referer: http://www.saratogahistory.com/phpBB/index.php
[Mon Sep 14 16:08:28.769178 2020] [core:crit] [pid 1501:tid 139796466882304] (13)Permission denied: [client 216.244.66.235:43264] AH00529: /var/www/vhosts/saratogahistory.com/httpdocs/phpBB/.htaccess pcfg_openfile: unable to check htaccess file, ensure it is readable and that '/var/www/vhosts/saratogahistory.com/httpdocs/phpBB/' is executable
[Mon Sep 14 16:14:15.347245 2020] [core:crit] [pid 1501:tid 139796403943168] (13)Permission denied: [client 66.249.66.215:34154] AH00529: /var/www/vhosts/saratogahistory.com/httpdocs/phpBB/.htaccess pcfg_openfile: unable to check htaccess file, ensure it is readable and that '/var/www/vhosts/saratogahistory.com/httpdocs/phpBB/' is executable
[Mon Sep 14 16:21:13.370678 2020] [core:crit] [pid 687:tid 139796403943168] (13)Permission denied: [client 66.249.66.213:35520] AH00529: /var/www/vhosts/saratogahistory.com/httpdocs/phpBB/.htaccess pcfg_openfile: unable to check htaccess file, ensure it is readable and that '/var/www/vhosts/saratogahistory.com/httpdocs/phpBB/' is executable
[Mon Sep 14 17:01:27.254540 2020] [core:crit] [pid 686:tid 139796456392448] (13)Permission denied: [client 216.244.66.235:51300] AH00529: /var/www/vhosts/saratogahistory.com/httpdocs/phpBB/.htaccess pcfg_openfile: unable to check htaccess file, ensure it is readable and that '/var/www/vhosts/saratogahistory.com/httpdocs/phpBB/' is executable
[Mon Sep 14 17:07:03.249897 2020] [core:crit] [pid 685:tid 139796456392448] (13)Permission denied: [client 31.220.3.107:39726] AH00529: /var/www/vhosts/saratogahistory.com/httpdocs/phpBB/.htaccess pcfg_openfile: unable to check htaccess file, ensure it is readable and that '/var/www/vhosts/saratogahistory.com/httpdocs/phpBB/' is executable, referer: http://www.saratogahistory.com/phpBB/index.php
[Mon Sep 14 17:25:55.132372 2020] [core:crit] [pid 1501:tid 139796445902592] (13)Permission denied: [client 66.249.66.217:47380] AH00529: /var/www/vhosts/saratogahistory.com/httpdocs/phpBB/.htaccess pcfg_openfile: unable to check htaccess file, ensure it is readable and that '/var/www/vhosts/saratogahistory.com/httpdocs/phpBB/' is executable
[Mon Sep 14 17:31:41.792872 2020] [core:crit] [pid 1501:tid 139796414433024] (13)Permission denied: [client 95.220.219.23:38446] AH00529: /var/www/vhosts/saratogahistory.com/httpdocs/phpBB/.htaccess pcfg_openfile: unable to check htaccess file, ensure it is readable and that '/var/www/vhosts/saratogahistory.com/httpdocs/phpBB/' is executable, referer: http://www.saratogahistory.com/
[Mon Sep 14 17:33:54.198911 2020] [core:crit] [pid 1501:tid 139796372473600] (13)Permission denied: [client 185.25.35.15:46200] AH00529: /var/www/vhosts/saratogahistory.com/httpdocs/phpBB/.htaccess pcfg_openfile: unable to check htaccess file, ensure it is readable and that '/var/www/vhosts/saratogahistory.com/httpdocs/phpBB/' is executable
[Mon Sep 14 17:37:27.826773 2020] [core:crit] [pid 1501:tid 139796393453312] (13)Permission denied: [client 51.81.245.87:57328] AH00529: /var/www/vhosts/saratogahistory.com/httpdocs/phpBB/.htaccess pcfg_openfile: unable to check htaccess file, ensure it is readable and that '/var/www/vhosts/saratogahistory.com/httpdocs/phpBB/' is executable, referer: http://www.saratogahistory.com/phpBB/index.php
[Mon Sep 14 18:12:09.703662 2020] [core:crit] [pid 685:tid 139796424922880] (13)Permission denied: [client 185.25.35.12:57172] AH00529: /var/www/vhosts/saratogahistory.com/httpdocs/phpBB/.htaccess pcfg_openfile: unable to check htaccess file, ensure it is readable and that '/var/www/vhosts/saratogahistory.com/httpdocs/phpBB/' is executable
[Mon Sep 14 18:22:36.299402 2020] [core:crit] [pid 1501:tid 139796601042688] (13)Permission denied: [client 216.244.66.235:35060] AH00529: /var/www/vhosts/saratogahistory.com/httpdocs/phpBB/.htaccess pcfg_openfile: unable to check htaccess file, ensure it is readable and that '/var/www/vhosts/saratogahistory.com/httpdocs/phpBB/' is executable
[Mon Sep 14 18:32:22.513513 2020] [core:crit] [pid 685:tid 139796382963456] (13)Permission denied: [client 216.244.66.235:38900] AH00529: /var/www/vhosts/saratogahistory.com/httpdocs/phpBB/.htaccess pcfg_openfile: unable to check htaccess file, ensure it is readable and that '/var/www/vhosts/saratogahistory.com/httpdocs/phpBB/' is executable
[Mon Sep 14 19:10:19.881316 2020] [core:crit] [pid 685:tid 139796393453312] (13)Permission denied: [client 216.244.66.235:34534] AH00529: /var/www/vhosts/saratogahistory.com/httpdocs/phpBB/.htaccess pcfg_openfile: unable to check htaccess file, ensure it is readable and that '/var/www/vhosts/saratogahistory.com/httpdocs/phpBB/' is executable
[Mon Sep 14 19:15:10.483801 2020] [core:crit] [pid 1501:tid 139796299044608] (13)Permission denied: [client 5.188.84.230:49320] AH00529: /var/www/vhosts/saratogahistory.com/httpdocs/phpBB/.htaccess pcfg_openfile: unable to check htaccess file, ensure it is readable and that '/var/www/vhosts/saratogahistory.com/httpdocs/phpBB/' is executable, referer: http://www.saratogahistory.com/phpBB/index.php
[Mon Sep 14 19:20:58.796139 2020] [core:crit] [pid 687:tid 139796435412736] (13)Permission denied: [client 185.25.35.12:40500] AH00529: /var/www/vhosts/saratogahistory.com/httpdocs/phpBB/.htaccess pcfg_openfile: unable to check htaccess file, ensure it is readable and that '/var/www/vhosts/saratogahistory.com/httpdocs/phpBB/' is executable
[Mon Sep 14 19:31:27.409067 2020] [core:crit] [pid 687:tid 139796414433024] (13)Permission denied: [client 185.25.35.14:44738] AH00529: /var/www/vhosts/saratogahistory.com/httpdocs/phpBB/.htaccess pcfg_openfile: unable to check htaccess file, ensure it is readable and that '/var/www/vhosts/saratogahistory.com/httpdocs/phpBB/' is executable
[Mon Sep 14 19:37:50.784377 2020] [core:crit] [pid 1501:tid 139796403943168] (13)Permission denied: [client 185.220.102.4:34564] AH00529: /var/www/vhosts/saratogahistory.com/httpdocs/phpBB/.htaccess pcfg_openfile: unable to check htaccess file, ensure it is readable and that '/var/www/vhosts/saratogahistory.com/httpdocs/phpBB/' is executable, referer: http://www.saratogahistory.com/phpBB/index.php
[Mon Sep 14 20:00:21.442204 2020] [autoindex:error] [pid 1501:tid 139796330514176] [client 66.249.66.215:49242] AH01276: Cannot serve directory /var/www/vhosts/saratogahistory.com/httpdocs/grandview/: No matching DirectoryIndex (index.html,index.cgi,index.pl,index.php,index.xhtml,index.htm,index.shtml) found, and server-generated directory index forbidden by Options directive
[Mon Sep 14 20:02:53.335735 2020] [core:crit] [pid 1501:tid 139796445902592] (13)Permission denied: [client 66.249.66.213:55848] AH00529: /var/www/vhosts/saratogahistory.com/httpdocs/phpBB/.htaccess pcfg_openfile: unable to check htaccess file, ensure it is readable and that '/var/www/vhosts/saratogahistory.com/httpdocs/phpBB/' is executable
[Mon Sep 14 20:23:44.113490 2020] [core:crit] [pid 1501:tid 139796601042688] (13)Permission denied: [client 216.244.66.235:40810] AH00529: /var/www/vhosts/saratogahistory.com/httpdocs/phpBB/.htaccess pcfg_openfile: unable to check htaccess file, ensure it is readable and that '/var/www/vhosts/saratogahistory.com/httpdocs/phpBB/' is executable
[Mon Sep 14 21:01:07.356707 2020] [core:crit] [pid 1501:tid 139796309534464] (13)Permission denied: [client 89.231.66.168:49706] AH00529: /var/www/vhosts/saratogahistory.com/httpdocs/phpBB/.htaccess pcfg_openfile: unable to check htaccess file, ensure it is readable and that '/var/www/vhosts/saratogahistory.com/httpdocs/phpBB/' is executable, referer: http://www.saratogahistory.com/phpBB/index.php
[Mon Sep 14 21:04:28.998279 2020] [core:crit] [pid 687:tid 139796435412736] (13)Permission denied: [client 78.159.103.48:34422] AH00529: /var/www/vhosts/saratogahistory.com/httpdocs/phpBB/.htaccess pcfg_openfile: unable to check htaccess file, ensure it is readable and that '/var/www/vhosts/saratogahistory.com/httpdocs/phpBB/' is executable, referer: http://www.saratogahistory.com/phpBB/index.php
[Mon Sep 14 21:35:34.145949 2020] [core:crit] [pid 685:tid 139796590552832] (13)Permission denied: [client 78.159.103.179:50774] AH00529: /var/www/vhosts/saratogahistory.com/httpdocs/phpBB/.htaccess pcfg_openfile: unable to check htaccess file, ensure it is readable and that '/var/www/vhosts/saratogahistory.com/httpdocs/phpBB/' is executable, referer: http://www.saratogahistory.com/phpBB/index.php
[Mon Sep 14 22:04:07.373419 2020] [core:crit] [pid 1501:tid 139796569573120] (13)Permission denied: [client 66.249.66.217:53396] AH00529: /var/www/vhosts/saratogahistory.com/httpdocs/phpBB/.htaccess pcfg_openfile: unable to check htaccess file, ensure it is readable and that '/var/www/vhosts/saratogahistory.com/httpdocs/phpBB/' is executable
[Mon Sep 14 23:30:55.124802 2020] [core:crit] [pid 685:tid 139796330514176] (13)Permission denied: [client 178.159.37.85:42158] AH00529: /var/www/vhosts/saratogahistory.com/httpdocs/phpBB/.htaccess pcfg_openfile: unable to check htaccess file, ensure it is readable and that '/var/www/vhosts/saratogahistory.com/httpdocs/phpBB/' is executable, referer: http://www.saratogahistory.com/phpBB/index.php
[Mon Sep 14 23:32:39.677059 2020] [core:crit] [pid 1501:tid 139796601042688] (13)Permission denied: [client 185.25.35.11:47694] AH00529: /var/www/vhosts/saratogahistory.com/httpdocs/phpBB/.htaccess pcfg_openfile: unable to check htaccess file, ensure it is readable and that '/var/www/vhosts/saratogahistory.com/httpdocs/phpBB/' is executable
[Mon Sep 14 23:36:36.606266 2020] [core:crit] [pid 685:tid 139796445902592] (13)Permission denied: [client 51.79.53.145:58396] AH00529: /var/www/vhosts/saratogahistory.com/httpdocs/phpBB/.htaccess pcfg_openfile: unable to check htaccess file, ensure it is readable and that '/var/www/vhosts/saratogahistory.com/httpdocs/phpBB/' is executable, referer: http://www.saratogahistory.com/phpBB/index.php
[Tue Sep 15 00:13:45.816839 2020] [core:crit] [pid 1501:tid 139796466882304] (13)Permission denied: [client 185.25.35.11:44350] AH00529: /var/www/vhosts/saratogahistory.com/httpdocs/phpBB/.htaccess pcfg_openfile: unable to check htaccess file, ensure it is readable and that '/var/www/vhosts/saratogahistory.com/httpdocs/phpBB/' is executable
[Tue Sep 15 00:14:55.220166 2020] [core:crit] [pid 1501:tid 139796445902592] (13)Permission denied: [client 5.253.19.146:48394] AH00529: /var/www/vhosts/saratogahistory.com/httpdocs/phpBB/.htaccess pcfg_openfile: unable to check htaccess file, ensure it is readable and that '/var/www/vhosts/saratogahistory.com/httpdocs/phpBB/' is executable
[Tue Sep 15 00:16:07.697153 2020] [core:crit] [pid 685:tid 139796372473600] (13)Permission denied: [client 96.44.133.110:52640] AH00529: /var/www/vhosts/saratogahistory.com/httpdocs/phpBB/.htaccess pcfg_openfile: unable to check htaccess file, ensure it is readable and that '/var/www/vhosts/saratogahistory.com/httpdocs/phpBB/' is executable, referer: http://www.saratogahistory.com/phpBB/index.php
[Tue Sep 15 00:16:14.270396 2020] [proxy_fcgi:error] [pid 1501:tid 139796456392448] [client 96.44.133.110:52908] AH01071: Got error 'Primary script unknown\n', referer: http://www.saratogahistory.com/index.php
[Tue Sep 15 00:16:17.417264 2020] [proxy_fcgi:error] [pid 1501:tid 139796424922880] [client 96.44.133.110:53120] AH01071: Got error 'Primary script unknown\n', referer: http://www.saratogahistory.com/index.php
[Tue Sep 15 00:16:19.609948 2020] [proxy_fcgi:error] [pid 1501:tid 139796414433024] [client 96.44.133.110:53294] AH01071: Got error 'Primary script unknown\n', referer: http://www.saratogahistory.com/index.php
[Tue Sep 15 00:36:50.915137 2020] [core:crit] [pid 1501:tid 139796382963456] (13)Permission denied: [client 176.10.99.200:38432] AH00529: /var/www/vhosts/saratogahistory.com/httpdocs/phpBB/.htaccess pcfg_openfile: unable to check htaccess file, ensure it is readable and that '/var/www/vhosts/saratogahistory.com/httpdocs/phpBB/' is executable, referer: http://www.saratogahistory.com/phpBB/index.php
[Tue Sep 15 00:44:44.295456 2020] [core:crit] [pid 685:tid 139796288554752] (13)Permission denied: [client 216.244.66.235:36968] AH00529: /var/www/vhosts/saratogahistory.com/httpdocs/phpBB/.htaccess pcfg_openfile: unable to check htaccess file, ensure it is readable and that '/var/www/vhosts/saratogahistory.com/httpdocs/phpBB/' is executable
[Tue Sep 15 00:49:23.433640 2020] [core:crit] [pid 685:tid 139796611532544] (13)Permission denied: [client 216.244.66.235:52160] AH00529: /var/www/vhosts/saratogahistory.com/httpdocs/phpBB/.htaccess pcfg_openfile: unable to check htaccess file, ensure it is readable and that '/var/www/vhosts/saratogahistory.com/httpdocs/phpBB/' is executable
[Tue Sep 15 00:50:01.186749 2020] [core:crit] [pid 687:tid 139796330514176] (13)Permission denied: [client 66.249.66.213:54210] AH00529: /var/www/vhosts/saratogahistory.com/httpdocs/phpBB/.htaccess pcfg_openfile: unable to check htaccess file, ensure it is readable and that '/var/www/vhosts/saratogahistory.com/httpdocs/phpBB/' is executable
[Tue Sep 15 00:50:59.216361 2020] [core:crit] [pid 1501:tid 139796403943168] (13)Permission denied: [client 66.249.66.213:58198] AH00529: /var/www/vhosts/saratogahistory.com/httpdocs/phpBB/.htaccess pcfg_openfile: unable to check htaccess file, ensure it is readable and that '/var/www/vhosts/saratogahistory.com/httpdocs/phpBB/' is executable
[Tue Sep 15 00:51:27.462592 2020] [core:crit] [pid 687:tid 139796309534464] (13)Permission denied: [client 66.249.66.217:59770] AH00529: /var/www/vhosts/saratogahistory.com/httpdocs/phpBB/.htaccess pcfg_openfile: unable to check htaccess file, ensure it is readable and that '/var/www/vhosts/saratogahistory.com/httpdocs/phpBB/' is executable
[Tue Sep 15 00:51:41.143576 2020] [core:crit] [pid 685:tid 139796580062976] (13)Permission denied: [client 66.249.66.213:60512] AH00529: /var/www/vhosts/saratogahistory.com/httpdocs/phpBB/.htaccess pcfg_openfile: unable to check htaccess file, ensure it is readable and that '/var/www/vhosts/saratogahistory.com/httpdocs/phpBB/' is executable
[Tue Sep 15 00:52:38.650167 2020] [core:crit] [pid 685:tid 139796487862016] (13)Permission denied: [client 66.249.66.215:35026] AH00529: /var/www/vhosts/saratogahistory.com/httpdocs/phpBB/.htaccess pcfg_openfile: unable to check htaccess file, ensure it is readable and that '/var/www/vhosts/saratogahistory.com/httpdocs/phpBB/' is executable
[Tue Sep 15 00:53:28.329085 2020] [core:crit] [pid 1501:tid 139796435412736] (13)Permission denied: [client 66.249.66.217:37482] AH00529: /var/www/vhosts/saratogahistory.com/httpdocs/phpBB/.htaccess pcfg_openfile: unable to check htaccess file, ensure it is readable and that '/var/www/vhosts/saratogahistory.com/httpdocs/phpBB/' is executable
[Tue Sep 15 00:53:33.092371 2020] [core:crit] [pid 1501:tid 139796393453312] (13)Permission denied: [client 66.249.66.213:37756] AH00529: /var/www/vhosts/saratogahistory.com/httpdocs/phpBB/.htaccess pcfg_openfile: unable to check htaccess file, ensure it is readable and that '/var/www/vhosts/saratogahistory.com/httpdocs/phpBB/' is executable
[Tue Sep 15 01:22:55.577634 2020] [core:crit] [pid 1501:tid 139796477372160] (13)Permission denied: [client 185.25.35.10:48610] AH00529: /var/www/vhosts/saratogahistory.com/httpdocs/phpBB/.htaccess pcfg_openfile: unable to check htaccess file, ensure it is readable and that '/var/www/vhosts/saratogahistory.com/httpdocs/phpBB/' is executable
[Tue Sep 15 01:34:45.172882 2020] [core:crit] [pid 687:tid 139796372473600] (13)Permission denied: [client 185.25.35.13:57946] AH00529: /var/www/vhosts/saratogahistory.com/httpdocs/phpBB/.htaccess pcfg_openfile: unable to check htaccess file, ensure it is readable and that '/var/www/vhosts/saratogahistory.com/httpdocs/phpBB/' is executable
[Tue Sep 15 01:37:05.813670 2020] [core:crit] [pid 1501:tid 139796403943168] (13)Permission denied: [client 23.160.208.246:37464] AH00529: /var/www/vhosts/saratogahistory.com/httpdocs/phpBB/.htaccess pcfg_openfile: unable to check htaccess file, ensure it is readable and that '/var/www/vhosts/saratogahistory.com/httpdocs/phpBB/' is executable, referer: http://www.saratogahistory.com/phpBB/index.php
[Tue Sep 15 01:55:44.677442 2020] [core:crit] [pid 1501:tid 139796320024320] (13)Permission denied: [client 216.244.66.235:51398] AH00529: /var/www/vhosts/saratogahistory.com/httpdocs/phpBB/.htaccess pcfg_openfile: unable to check htaccess file, ensure it is readable and that '/var/www/vhosts/saratogahistory.com/httpdocs/phpBB/' is executable
[Tue Sep 15 02:25:58.761385 2020] [core:crit] [pid 685:tid 139796466882304] (13)Permission denied: [client 216.244.66.235:39026] AH00529: /var/www/vhosts/saratogahistory.com/httpdocs/phpBB/.htaccess pcfg_openfile: unable to check htaccess file, ensure it is readable and that '/var/www/vhosts/saratogahistory.com/httpdocs/phpBB/' is executable
[Tue Sep 15 02:46:32.395412 2020] [core:crit] [pid 1501:tid 139796330514176] (13)Permission denied: [client 185.220.100.240:49448] AH00529: /var/www/vhosts/saratogahistory.com/httpdocs/phpBB/.htaccess pcfg_openfile: unable to check htaccess file, ensure it is readable and that '/var/www/vhosts/saratogahistory.com/httpdocs/phpBB/' is executable, referer: http://www.saratogahistory.com/phpBB/index.php
[Tue Sep 15 03:11:05.288578 2020] [core:crit] [pid 685:tid 139796445902592] (13)Permission denied: [client 216.18.204.206:49208] AH00529: /var/www/vhosts/saratogahistory.com/httpdocs/phpBB/.htaccess pcfg_openfile: unable to check htaccess file, ensure it is readable and that '/var/www/vhosts/saratogahistory.com/httpdocs/phpBB/' is executable, referer: http://www.saratogahistory.com/
[Tue Sep 15 03:30:02.733538 2020] [core:crit] [pid 1501:tid 139796435412736] (13)Permission denied: [client 216.244.66.235:55830] AH00529: /var/www/vhosts/saratogahistory.com/httpdocs/phpBB/.htaccess pcfg_openfile: unable to check htaccess file, ensure it is readable and that '/var/www/vhosts/saratogahistory.com/httpdocs/phpBB/' is executable
[Tue Sep 15 03:30:13.140995 2020] [core:crit] [pid 685:tid 139796309534464] (13)Permission denied: [client 216.244.66.235:56522] AH00529: /var/www/vhosts/saratogahistory.com/httpdocs/phpBB/.htaccess pcfg_openfile: unable to check htaccess file, ensure it is readable and that '/var/www/vhosts/saratogahistory.com/httpdocs/phpBB/' is executable
[Tue Sep 15 03:37:39.984692 2020] [core:crit] [pid 1501:tid 139796393453312] (13)Permission denied: [client 80.127.116.96:52318] AH00529: /var/www/vhosts/saratogahistory.com/httpdocs/phpBB/.htaccess pcfg_openfile: unable to check htaccess file, ensure it is readable and that '/var/www/vhosts/saratogahistory.com/httpdocs/phpBB/' is executable, referer: http://www.saratogahistory.com/phpBB/index.php
[Tue Sep 15 03:38:35.831527 2020] [core:crit] [pid 1501:tid 139796341004032] (13)Permission denied: [client 95.128.43.164:55266] AH00529: /var/www/vhosts/saratogahistory.com/httpdocs/phpBB/.htaccess pcfg_openfile: unable to check htaccess file, ensure it is readable and that '/var/www/vhosts/saratogahistory.com/httpdocs/phpBB/' is executable, referer: http://www.saratogahistory.com/phpBB/index.php
[Tue Sep 15 03:57:47.946083 2020] [core:crit] [pid 685:tid 139796309534464] (13)Permission denied: [client 37.115.218.222:34460] AH00529: /var/www/vhosts/saratogahistory.com/httpdocs/phpBB/.htaccess pcfg_openfile: unable to check htaccess file, ensure it is readable and that '/var/www/vhosts/saratogahistory.com/httpdocs/phpBB/' is executable, referer: http://www.saratogahistory.com/phpBB/index.php
[Tue Sep 15 05:35:11.405430 2020] [core:crit] [pid 686:tid 139796288554752] (13)Permission denied: [client 104.244.73.220:52424] AH00529: /var/www/vhosts/saratogahistory.com/httpdocs/phpBB/.htaccess pcfg_openfile: unable to check htaccess file, ensure it is readable and that '/var/www/vhosts/saratogahistory.com/httpdocs/phpBB/' is executable, referer: http://www.saratogahistory.com/phpBB/index.php
[Tue Sep 15 05:37:41.667862 2020] [core:crit] [pid 1501:tid 139796382963456] (13)Permission denied: [client 185.25.35.12:32862] AH00529: /var/www/vhosts/saratogahistory.com/httpdocs/phpBB/.htaccess pcfg_openfile: unable to check htaccess file, ensure it is readable and that '/var/www/vhosts/saratogahistory.com/httpdocs/phpBB/' is executable
[Tue Sep 15 05:38:19.049939 2020] [core:crit] [pid 1501:tid 139796393453312] (13)Permission denied: [client 188.122.82.146:34744] AH00529: /var/www/vhosts/saratogahistory.com/httpdocs/phpBB/.htaccess pcfg_openfile: unable to check htaccess file, ensure it is readable and that '/var/www/vhosts/saratogahistory.com/httpdocs/phpBB/' is executable, referer: http://www.saratogahistory.com/phpBB/index.php
[Tue Sep 15 06:07:28.441968 2020] [core:crit] [pid 1501:tid 139796477372160] (13)Permission denied: [client 94.130.66.99:53334] AH00529: /var/www/vhosts/saratogahistory.com/httpdocs/phpBB/.htaccess pcfg_openfile: unable to check htaccess file, ensure it is readable and that '/var/www/vhosts/saratogahistory.com/httpdocs/phpBB/' is executable
[Tue Sep 15 06:11:54.769837 2020] [core:crit] [pid 1501:tid 139796611532544] (13)Permission denied: [client 185.25.35.15:42156] AH00529: /var/www/vhosts/saratogahistory.com/httpdocs/phpBB/.htaccess pcfg_openfile: unable to check htaccess file, ensure it is readable and that '/var/www/vhosts/saratogahistory.com/httpdocs/phpBB/' is executable
[Tue Sep 15 06:52:08.602333 2020] [core:crit] [pid 1501:tid 139796330514176] (13)Permission denied: [client 185.220.102.4:48564] AH00529: /var/www/vhosts/saratogahistory.com/httpdocs/phpBB/.htaccess pcfg_openfile: unable to check htaccess file, ensure it is readable and that '/var/www/vhosts/saratogahistory.com/httpdocs/phpBB/' is executable, referer: http://www.saratogahistory.com/phpBB/index.php
[Tue Sep 15 07:04:36.578315 2020] [core:crit] [pid 1501:tid 139796590552832] (13)Permission denied: [client 78.106.78.26:41890] AH00529: /var/www/vhosts/saratogahistory.com/httpdocs/phpBB/.htaccess pcfg_openfile: unable to check htaccess file, ensure it is readable and that '/var/www/vhosts/saratogahistory.com/httpdocs/phpBB/' is executable, referer: http://www.saratogahistory.com/phpBB/index.php
[Tue Sep 15 07:30:48.040360 2020] [core:crit] [pid 1501:tid 139796456392448] (13)Permission denied: [client 216.244.66.235:46602] AH00529: /var/www/vhosts/saratogahistory.com/httpdocs/phpBB/.htaccess pcfg_openfile: unable to check htaccess file, ensure it is readable and that '/var/www/vhosts/saratogahistory.com/httpdocs/phpBB/' is executable
[Tue Sep 15 07:32:39.778856 2020] [core:crit] [pid 685:tid 139796580062976] (13)Permission denied: [client 185.25.35.13:53648] AH00529: /var/www/vhosts/saratogahistory.com/httpdocs/phpBB/.htaccess pcfg_openfile: unable to check htaccess file, ensure it is readable and that '/var/www/vhosts/saratogahistory.com/httpdocs/phpBB/' is executable
[Tue Sep 15 07:35:09.187325 2020] [core:crit] [pid 685:tid 139796569573120] (13)Permission denied: [client 185.220.101.214:34046] AH00529: /var/www/vhosts/saratogahistory.com/httpdocs/phpBB/.htaccess pcfg_openfile: unable to check htaccess file, ensure it is readable and that '/var/www/vhosts/saratogahistory.com/httpdocs/phpBB/' is executable, referer: http://www.saratogahistory.com/phpBB/index.php
[Tue Sep 15 07:44:17.623816 2020] [core:crit] [pid 1501:tid 139796580062976] (13)Permission denied: [client 185.25.35.15:38260] AH00529: /var/www/vhosts/saratogahistory.com/httpdocs/phpBB/.htaccess pcfg_openfile: unable to check htaccess file, ensure it is readable and that '/var/www/vhosts/saratogahistory.com/httpdocs/phpBB/' is executable
[Tue Sep 15 07:59:33.462224 2020] [proxy_fcgi:error] [pid 685:tid 139796361983744] [client 20.51.227.228:35774] AH01071: Got error 'Primary script unknown\n'
[Tue Sep 15 08:13:49.000338 2020] [core:crit] [pid 685:tid 139796445902592] (13)Permission denied: [client 45.87.2.128:59986] AH00529: /var/www/vhosts/saratogahistory.com/httpdocs/phpBB/.htaccess pcfg_openfile: unable to check htaccess file, ensure it is readable and that '/var/www/vhosts/saratogahistory.com/httpdocs/phpBB/' is executable, referer: http://www.saratogahistory.com/phpBB/index.php
[Tue Sep 15 08:37:28.607515 2020] [core:crit] [pid 1501:tid 139796445902592] (13)Permission denied: [client 66.249.66.217:37008] AH00529: /var/www/vhosts/saratogahistory.com/httpdocs/phpBB/.htaccess pcfg_openfile: unable to check htaccess file, ensure it is readable and that '/var/www/vhosts/saratogahistory.com/httpdocs/phpBB/' is executable
[Tue Sep 15 08:38:20.138779 2020] [core:crit] [pid 687:tid 139796299044608] (13)Permission denied: [client 66.249.66.213:40030] AH00529: /var/www/vhosts/saratogahistory.com/httpdocs/phpBB/.htaccess pcfg_openfile: unable to check htaccess file, ensure it is readable and that '/var/www/vhosts/saratogahistory.com/httpdocs/phpBB/' is executable
[Tue Sep 15 08:39:20.284382 2020] [core:crit] [pid 1501:tid 139796414433024] (13)Permission denied: [client 66.249.66.215:43804] AH00529: /var/www/vhosts/saratogahistory.com/httpdocs/phpBB/.htaccess pcfg_openfile: unable to check htaccess file, ensure it is readable and that '/var/www/vhosts/saratogahistory.com/httpdocs/phpBB/' is executable
[Tue Sep 15 08:41:23.673319 2020] [core:crit] [pid 1501:tid 139796403943168] (13)Permission denied: [client 66.249.66.217:51526] AH00529: /var/www/vhosts/saratogahistory.com/httpdocs/phpBB/.htaccess pcfg_openfile: unable to check htaccess file, ensure it is readable and that '/var/www/vhosts/saratogahistory.com/httpdocs/phpBB/' is executable
[Tue Sep 15 08:43:19.254569 2020] [core:crit] [pid 685:tid 139796309534464] (13)Permission denied: [client 66.249.66.217:57416] AH00529: /var/www/vhosts/saratogahistory.com/httpdocs/phpBB/.htaccess pcfg_openfile: unable to check htaccess file, ensure it is readable and that '/var/www/vhosts/saratogahistory.com/httpdocs/phpBB/' is executable
[Tue Sep 15 08:44:35.943169 2020] [proxy_fcgi:error] [pid 685:tid 139796330514176] [client 46.119.183.126:33292] AH01071: Got error 'Primary script unknown\n'
[Tue Sep 15 08:55:48.679361 2020] [core:crit] [pid 1501:tid 139796456392448] (13)Permission denied: [client 5.188.210.18:41740] AH00529: /var/www/vhosts/saratogahistory.com/httpdocs/phpBB/.htaccess pcfg_openfile: unable to check htaccess file, ensure it is readable and that '/var/www/vhosts/saratogahistory.com/httpdocs/phpBB/' is executable, referer: http://www.saratogahistory.com/phpBB/index.php
[Tue Sep 15 09:04:59.860419 2020] [core:crit] [pid 685:tid 139796590552832] (13)Permission denied: [client 109.70.100.45:44164] AH00529: /var/www/vhosts/saratogahistory.com/httpdocs/phpBB/.htaccess pcfg_openfile: unable to check htaccess file, ensure it is readable and that '/var/www/vhosts/saratogahistory.com/httpdocs/phpBB/' is executable, referer: http://www.saratogahistory.com/phpBB/index.php
[Tue Sep 15 09:38:26.076320 2020] [core:crit] [pid 685:tid 139796382963456] (13)Permission denied: [client 91.109.29.75:44762] AH00529: /var/www/vhosts/saratogahistory.com/httpdocs/phpBB/.htaccess pcfg_openfile: unable to check htaccess file, ensure it is readable and that '/var/www/vhosts/saratogahistory.com/httpdocs/phpBB/' is executable, referer: http://www.saratogahistory.com/phpBB/index.php
[Tue Sep 15 10:13:59.414309 2020] [core:crit] [pid 1501:tid 139796361983744] (13)Permission denied: [client 185.121.69.40:47742] AH00529: /var/www/vhosts/saratogahistory.com/httpdocs/phpBB/.htaccess pcfg_openfile: unable to check htaccess file, ensure it is readable and that '/var/www/vhosts/saratogahistory.com/httpdocs/phpBB/' is executable, referer: http://www.saratogahistory.com/phpBB/index.php
[Tue Sep 15 11:36:52.718121 2020] [core:crit] [pid 1501:tid 139796601042688] (13)Permission denied: [client 185.25.35.12:42174] AH00529: /var/www/vhosts/saratogahistory.com/httpdocs/phpBB/.htaccess pcfg_openfile: unable to check htaccess file, ensure it is readable and that '/var/www/vhosts/saratogahistory.com/httpdocs/phpBB/' is executable
[Tue Sep 15 11:37:20.461877 2020] [core:crit] [pid 1501:tid 139796309534464] (13)Permission denied: [client 51.77.210.201:43956] AH00529: /var/www/vhosts/saratogahistory.com/httpdocs/phpBB/.htaccess pcfg_openfile: unable to check htaccess file, ensure it is readable and that '/var/www/vhosts/saratogahistory.com/httpdocs/phpBB/' is executable, referer: http://www.saratogahistory.com/phpBB/index.php
[Tue Sep 15 11:38:15.078336 2020] [core:crit] [pid 1501:tid 139796477372160] (13)Permission denied: [client 66.249.66.217:46484] AH00529: /var/www/vhosts/saratogahistory.com/httpdocs/phpBB/.htaccess pcfg_openfile: unable to check htaccess file, ensure it is readable and that '/var/www/vhosts/saratogahistory.com/httpdocs/phpBB/' is executable
[Tue Sep 15 12:11:06.515117 2020] [core:crit] [pid 1501:tid 139796435412736] (13)Permission denied: [client 185.25.35.10:36442] AH00529: /var/www/vhosts/saratogahistory.com/httpdocs/phpBB/.htaccess pcfg_openfile: unable to check htaccess file, ensure it is readable and that '/var/www/vhosts/saratogahistory.com/httpdocs/phpBB/' is executable
[Tue Sep 15 13:04:50.516985 2020] [core:crit] [pid 685:tid 139796382963456] (13)Permission denied: [client 216.244.66.235:43550] AH00529: /var/www/vhosts/saratogahistory.com/httpdocs/phpBB/.htaccess pcfg_openfile: unable to check htaccess file, ensure it is readable and that '/var/www/vhosts/saratogahistory.com/httpdocs/phpBB/' is executable
[Tue Sep 15 13:32:03.787165 2020] [core:crit] [pid 685:tid 139796456392448] (13)Permission denied: [client 185.25.35.11:33132] AH00529: /var/www/vhosts/saratogahistory.com/httpdocs/phpBB/.htaccess pcfg_openfile: unable to check htaccess file, ensure it is readable and that '/var/www/vhosts/saratogahistory.com/httpdocs/phpBB/' is executable
[Tue Sep 15 13:38:42.101811 2020] [core:crit] [pid 1501:tid 139796414433024] (13)Permission denied: [client 66.249.66.215:55962] AH00529: /var/www/vhosts/saratogahistory.com/httpdocs/phpBB/.htaccess pcfg_openfile: unable to check htaccess file, ensure it is readable and that '/var/www/vhosts/saratogahistory.com/httpdocs/phpBB/' is executable
[Tue Sep 15 13:45:12.299413 2020] [core:crit] [pid 1501:tid 139796435412736] (13)Permission denied: [client 185.25.35.14:53216] AH00529: /var/www/vhosts/saratogahistory.com/httpdocs/phpBB/.htaccess pcfg_openfile: unable to check htaccess file, ensure it is readable and that '/var/www/vhosts/saratogahistory.com/httpdocs/phpBB/' is executable
[Tue Sep 15 13:55:12.533833 2020] [core:crit] [pid 685:tid 139796456392448] (13)Permission denied: [client 216.244.66.235:58482] AH00529: /var/www/vhosts/saratogahistory.com/httpdocs/phpBB/.htaccess pcfg_openfile: unable to check htaccess file, ensure it is readable and that '/var/www/vhosts/saratogahistory.com/httpdocs/phpBB/' is executable
[Tue Sep 15 15:22:16.718432 2020] [core:crit] [pid 1501:tid 139796403943168] (13)Permission denied: [client 51.81.245.87:55406] AH00529: /var/www/vhosts/saratogahistory.com/httpdocs/phpBB/.htaccess pcfg_openfile: unable to check htaccess file, ensure it is readable and that '/var/www/vhosts/saratogahistory.com/httpdocs/phpBB/' is executable, referer: http://www.saratogahistory.com/phpBB/index.php
[Tue Sep 15 16:51:45.431824 2020] [proxy_fcgi:error] [pid 1501:tid 139796466882304] [client 87.106.170.223:57694] AH01071: Got error 'Primary script unknown\n'
[Tue Sep 15 17:00:54.945832 2020] [core:crit] [pid 685:tid 139796361983744] (13)Permission denied: [client 45.80.106.161:54664] AH00529: /var/www/vhosts/saratogahistory.com/httpdocs/phpBB/.htaccess pcfg_openfile: unable to check htaccess file, ensure it is readable and that '/var/www/vhosts/saratogahistory.com/httpdocs/phpBB/' is executable, referer: http://www.saratogahistory.com/phpBB/index.php
[Tue Sep 15 17:03:57.653193 2020] [core:crit] [pid 687:tid 139796435412736] (13)Permission denied: [client 45.154.255.70:34640] AH00529: /var/www/vhosts/saratogahistory.com/httpdocs/phpBB/.htaccess pcfg_openfile: unable to check htaccess file, ensure it is readable and that '/var/www/vhosts/saratogahistory.com/httpdocs/phpBB/' is executable, referer: http://www.saratogahistory.com/phpBB/index.php
[Tue Sep 15 17:22:26.888214 2020] [core:crit] [pid 1501:tid 139796288554752] (13)Permission denied: [client 51.68.174.34:39506] AH00529: /var/www/vhosts/saratogahistory.com/httpdocs/phpBB/.htaccess pcfg_openfile: unable to check htaccess file, ensure it is readable and that '/var/www/vhosts/saratogahistory.com/httpdocs/phpBB/' is executable, referer: http://www.saratogahistory.com/phpBB/index.php
[Tue Sep 15 17:37:42.081507 2020] [core:crit] [pid 685:tid 139796309534464] (13)Permission denied: [client 185.25.35.11:46322] AH00529: /var/www/vhosts/saratogahistory.com/httpdocs/phpBB/.htaccess pcfg_openfile: unable to check htaccess file, ensure it is readable and that '/var/www/vhosts/saratogahistory.com/httpdocs/phpBB/' is executable
[Tue Sep 15 17:44:37.185505 2020] [core:crit] [pid 1501:tid 139796393453312] (13)Permission denied: [client 5.102.173.71:38894] AH00529: /var/www/vhosts/saratogahistory.com/httpdocs/phpBB/.htaccess pcfg_openfile: unable to check htaccess file, ensure it is readable and that '/var/www/vhosts/saratogahistory.com/httpdocs/phpBB/' is executable
[Tue Sep 15 18:13:40.945446 2020] [core:crit] [pid 1501:tid 139796341004032] (13)Permission denied: [client 185.220.101.144:35352] AH00529: /var/www/vhosts/saratogahistory.com/httpdocs/phpBB/.htaccess pcfg_openfile: unable to check htaccess file, ensure it is readable and that '/var/www/vhosts/saratogahistory.com/httpdocs/phpBB/' is executable, referer: http://www.saratogahistory.com/phpBB/index.php
[Tue Sep 15 18:14:25.587300 2020] [core:crit] [pid 1501:tid 139796477372160] (13)Permission denied: [client 185.25.35.12:37722] AH00529: /var/www/vhosts/saratogahistory.com/httpdocs/phpBB/.htaccess pcfg_openfile: unable to check htaccess file, ensure it is readable and that '/var/www/vhosts/saratogahistory.com/httpdocs/phpBB/' is executable
[Tue Sep 15 18:16:00.446719 2020] [core:crit] [pid 1501:tid 139796330514176] (13)Permission denied: [client 216.18.204.206:43682] AH00529: /var/www/vhosts/saratogahistory.com/httpdocs/phpBB/.htaccess pcfg_openfile: unable to check htaccess file, ensure it is readable and that '/var/www/vhosts/saratogahistory.com/httpdocs/phpBB/' is executable, referer: http://www.saratogahistory.com/
[Tue Sep 15 18:17:02.347438 2020] [core:crit] [pid 1501:tid 139796590552832] (13)Permission denied: [client 185.253.217.89:47324] AH00529: /var/www/vhosts/saratogahistory.com/httpdocs/phpBB/.htaccess pcfg_openfile: unable to check htaccess file, ensure it is readable and that '/var/www/vhosts/saratogahistory.com/httpdocs/phpBB/' is executable, referer: http://www.saratogahistory.com/phpBB/index.php
[Tue Sep 15 19:18:17.678165 2020] [core:crit] [pid 1501:tid 139796372473600] (13)Permission denied: [client 62.210.188.222:41254] AH00529: /var/www/vhosts/saratogahistory.com/httpdocs/phpBB/.htaccess pcfg_openfile: unable to check htaccess file, ensure it is readable and that '/var/www/vhosts/saratogahistory.com/httpdocs/phpBB/' is executable
[Tue Sep 15 19:27:41.238765 2020] [core:crit] [pid 685:tid 139796393453312] (13)Permission denied: [client 185.220.102.240:47040] AH00529: /var/www/vhosts/saratogahistory.com/httpdocs/phpBB/.htaccess pcfg_openfile: unable to check htaccess file, ensure it is readable and that '/var/www/vhosts/saratogahistory.com/httpdocs/phpBB/' is executable, referer: http://www.saratogahistory.com/phpBB/index.php
[Tue Sep 15 19:30:33.269225 2020] [core:crit] [pid 685:tid 139796341004032] (13)Permission denied: [client 185.25.35.9:34302] AH00529: /var/www/vhosts/saratogahistory.com/httpdocs/phpBB/.htaccess pcfg_openfile: unable to check htaccess file, ensure it is readable and that '/var/www/vhosts/saratogahistory.com/httpdocs/phpBB/' is executable
[Tue Sep 15 19:38:46.254741 2020] [core:crit] [pid 685:tid 139796330514176] (13)Permission denied: [client 195.154.179.3:47380] AH00529: /var/www/vhosts/saratogahistory.com/httpdocs/phpBB/.htaccess pcfg_openfile: unable to check htaccess file, ensure it is readable and that '/var/www/vhosts/saratogahistory.com/httpdocs/phpBB/' is executable, referer: http://www.saratogahistory.com/phpBB/index.php
[Tue Sep 15 19:42:29.198700 2020] [core:crit] [pid 685:tid 139796487862016] (13)Permission denied: [client 185.25.35.13:36522] AH00529: /var/www/vhosts/saratogahistory.com/httpdocs/phpBB/.htaccess pcfg_openfile: unable to check htaccess file, ensure it is readable and that '/var/www/vhosts/saratogahistory.com/httpdocs/phpBB/' is executable
[Tue Sep 15 20:24:21.584832 2020] [core:crit] [pid 1501:tid 139796414433024] (13)Permission denied: [client 173.234.158.164:59072] AH00529: /var/www/vhosts/saratogahistory.com/httpdocs/phpBB/.htaccess pcfg_openfile: unable to check htaccess file, ensure it is readable and that '/var/www/vhosts/saratogahistory.com/httpdocs/phpBB/' is executable, referer: http://www.saratogahistory.com/phpBB/index.php
[Tue Sep 15 20:24:21.963002 2020] [proxy_fcgi:error] [pid 685:tid 139796601042688] [client 173.234.158.164:59098] AH01071: Got error 'Primary script unknown\n', referer: http://www.saratogahistory.com/index.php
[Tue Sep 15 20:24:22.033417 2020] [proxy_fcgi:error] [pid 685:tid 139796590552832] [client 173.234.158.164:59102] AH01071: Got error 'Primary script unknown\n', referer: http://www.saratogahistory.com/index.php
[Tue Sep 15 20:24:22.103179 2020] [proxy_fcgi:error] [pid 1501:tid 139796403943168] [client 173.234.158.164:59106] AH01071: Got error 'Primary script unknown\n', referer: http://www.saratogahistory.com/index.php
[Tue Sep 15 21:05:16.519954 2020] [core:crit] [pid 1501:tid 139796341004032] (13)Permission denied: [client 216.18.204.206:50612] AH00529: /var/www/vhosts/saratogahistory.com/httpdocs/phpBB/.htaccess pcfg_openfile: unable to check htaccess file, ensure it is readable and that '/var/www/vhosts/saratogahistory.com/httpdocs/phpBB/' is executable, referer: http://www.saratogahistory.com/
[Tue Sep 15 21:23:11.960145 2020] [core:crit] [pid 687:tid 139796341004032] (13)Permission denied: [client 51.89.23.74:49888] AH00529: /var/www/vhosts/saratogahistory.com/httpdocs/phpBB/.htaccess pcfg_openfile: unable to check htaccess file, ensure it is readable and that '/var/www/vhosts/saratogahistory.com/httpdocs/phpBB/' is executable, referer: http://www.saratogahistory.com/phpBB/index.php
[Tue Sep 15 21:30:53.342420 2020] [core:crit] [pid 1501:tid 139796611532544] (13)Permission denied: [client 66.249.70.117:45576] AH00529: /var/www/vhosts/saratogahistory.com/httpdocs/phpBB/.htaccess pcfg_openfile: unable to check htaccess file, ensure it is readable and that '/var/www/vhosts/saratogahistory.com/httpdocs/phpBB/' is executable
[Tue Sep 15 21:35:42.070829 2020] [core:crit] [pid 1501:tid 139796299044608] (13)Permission denied: [client 185.220.101.15:59466] AH00529: /var/www/vhosts/saratogahistory.com/httpdocs/phpBB/.htaccess pcfg_openfile: unable to check htaccess file, ensure it is readable and that '/var/www/vhosts/saratogahistory.com/httpdocs/phpBB/' is executable, referer: http://www.saratogahistory.com/phpBB/index.php
[Tue Sep 15 23:24:39.867609 2020] [core:crit] [pid 686:tid 139796372473600] (13)Permission denied: [client 185.220.102.242:54912] AH00529: /var/www/vhosts/saratogahistory.com/httpdocs/phpBB/.htaccess pcfg_openfile: unable to check htaccess file, ensure it is readable and that '/var/www/vhosts/saratogahistory.com/httpdocs/phpBB/' is executable, referer: http://www.saratogahistory.com/phpBB/index.php
[Tue Sep 15 23:34:30.773254 2020] [core:crit] [pid 1501:tid 139796403943168] (13)Permission denied: [client 185.38.160.168:56482] AH00529: /var/www/vhosts/saratogahistory.com/httpdocs/phpBB/.htaccess pcfg_openfile: unable to check htaccess file, ensure it is readable and that '/var/www/vhosts/saratogahistory.com/httpdocs/phpBB/' is executable
[Tue Sep 15 23:37:01.980406 2020] [core:crit] [pid 1501:tid 139796456392448] (13)Permission denied: [client 78.159.103.51:34936] AH00529: /var/www/vhosts/saratogahistory.com/httpdocs/phpBB/.htaccess pcfg_openfile: unable to check htaccess file, ensure it is readable and that '/var/www/vhosts/saratogahistory.com/httpdocs/phpBB/' is executable, referer: http://www.saratogahistory.com/phpBB/index.php
[Tue Sep 15 23:45:35.918264 2020] [core:crit] [pid 685:tid 139796445902592] (13)Permission denied: [client 185.25.35.12:60376] AH00529: /var/www/vhosts/saratogahistory.com/httpdocs/phpBB/.htaccess pcfg_openfile: unable to check htaccess file, ensure it is readable and that '/var/www/vhosts/saratogahistory.com/httpdocs/phpBB/' is executable
[Wed Sep 16 00:20:03.673911 2020] [core:crit] [pid 1501:tid 139796414433024] (13)Permission denied: [client 185.25.35.14:33608] AH00529: /var/www/vhosts/saratogahistory.com/httpdocs/phpBB/.htaccess pcfg_openfile: unable to check htaccess file, ensure it is readable and that '/var/www/vhosts/saratogahistory.com/httpdocs/phpBB/' is executable
[Wed Sep 16 00:25:39.976053 2020] [core:crit] [pid 1501:tid 139796351493888] (13)Permission denied: [client 217.171.147.164:50316] AH00529: /var/www/vhosts/saratogahistory.com/httpdocs/phpBB/.htaccess pcfg_openfile: unable to check htaccess file, ensure it is readable and that '/var/www/vhosts/saratogahistory.com/httpdocs/phpBB/' is executable, referer: http://www.saratogahistory.com/phpBB/index.php
[Wed Sep 16 00:49:16.546510 2020] [core:crit] [pid 1501:tid 139796601042688] (13)Permission denied: [client 109.70.100.49:40532] AH00529: /var/www/vhosts/saratogahistory.com/httpdocs/phpBB/.htaccess pcfg_openfile: unable to check htaccess file, ensure it is readable and that '/var/www/vhosts/saratogahistory.com/httpdocs/phpBB/' is executable, referer: http://www.saratogahistory.com/phpBB/index.php
[Wed Sep 16 01:26:17.425567 2020] [core:crit] [pid 685:tid 139796580062976] (13)Permission denied: [client 51.161.43.235:50404] AH00529: /var/www/vhosts/saratogahistory.com/httpdocs/phpBB/.htaccess pcfg_openfile: unable to check htaccess file, ensure it is readable and that '/var/www/vhosts/saratogahistory.com/httpdocs/phpBB/' is executable, referer: http://www.saratogahistory.com/phpBB/index.php
[Wed Sep 16 01:37:25.437720 2020] [core:crit] [pid 1501:tid 139796477372160] (13)Permission denied: [client 185.25.35.11:34124] AH00529: /var/www/vhosts/saratogahistory.com/httpdocs/phpBB/.htaccess pcfg_openfile: unable to check htaccess file, ensure it is readable and that '/var/www/vhosts/saratogahistory.com/httpdocs/phpBB/' is executable
[Wed Sep 16 01:39:00.865700 2020] [core:crit] [pid 1501:tid 139796611532544] (13)Permission denied: [client 162.247.74.200:38786] AH00529: /var/www/vhosts/saratogahistory.com/httpdocs/phpBB/.htaccess pcfg_openfile: unable to check htaccess file, ensure it is readable and that '/var/www/vhosts/saratogahistory.com/httpdocs/phpBB/' is executable, referer: http://www.saratogahistory.com/phpBB/index.php
[Wed Sep 16 01:50:08.731740 2020] [core:crit] [pid 685:tid 139796351493888] (13)Permission denied: [client 185.25.35.14:53682] AH00529: /var/www/vhosts/saratogahistory.com/httpdocs/phpBB/.htaccess pcfg_openfile: unable to check htaccess file, ensure it is readable and that '/var/www/vhosts/saratogahistory.com/httpdocs/phpBB/' is executable
[Wed Sep 16 03:02:51.604359 2020] [core:crit] [pid 687:tid 139796435412736] (13)Permission denied: [client 66.249.70.117:39772] AH00529: /var/www/vhosts/saratogahistory.com/httpdocs/phpBB/.htaccess pcfg_openfile: unable to check htaccess file, ensure it is readable and that '/var/www/vhosts/saratogahistory.com/httpdocs/phpBB/' is executable
[Wed Sep 16 03:08:51.068706 2020] [core:crit] [pid 1501:tid 139796403943168] (13)Permission denied: [client 216.18.204.206:33060] AH00529: /var/www/vhosts/saratogahistory.com/httpdocs/phpBB/.htaccess pcfg_openfile: unable to check htaccess file, ensure it is readable and that '/var/www/vhosts/saratogahistory.com/httpdocs/phpBB/' is executable, referer: http://www.saratogahistory.com/
[Wed Sep 16 03:26:26.256778 2020] [core:crit] [pid 1501:tid 139796382963456] (13)Permission denied: [client 185.220.100.245:42840] AH00529: /var/www/vhosts/saratogahistory.com/httpdocs/phpBB/.htaccess pcfg_openfile: unable to check htaccess file, ensure it is readable and that '/var/www/vhosts/saratogahistory.com/httpdocs/phpBB/' is executable, referer: http://www.saratogahistory.com/phpBB/index.php
[Wed Sep 16 03:33:33.505887 2020] [core:crit] [pid 685:tid 139796580062976] (13)Permission denied: [client 94.198.51.223:43072] AH00529: /var/www/vhosts/saratogahistory.com/httpdocs/phpBB/.htaccess pcfg_openfile: unable to check htaccess file, ensure it is readable and that '/var/www/vhosts/saratogahistory.com/httpdocs/phpBB/' is executable, referer: http://www.saratogahistory.com/phpBB/index.php
[Wed Sep 16 03:39:28.521656 2020] [core:crit] [pid 1501:tid 139796590552832] (13)Permission denied: [client 51.38.233.93:37068] AH00529: /var/www/vhosts/saratogahistory.com/httpdocs/phpBB/.htaccess pcfg_openfile: unable to check htaccess file, ensure it is readable and that '/var/www/vhosts/saratogahistory.com/httpdocs/phpBB/' is executable, referer: http://www.saratogahistory.com/phpBB/index.php
[Wed Sep 16 03:49:52.168151 2020] [core:crit] [pid 1501:tid 139796341004032] (13)Permission denied: [client 109.70.100.42:43750] AH00529: /var/www/vhosts/saratogahistory.com/httpdocs/phpBB/.htaccess pcfg_openfile: unable to check htaccess file, ensure it is readable and that '/var/www/vhosts/saratogahistory.com/httpdocs/phpBB/' is executable, referer: http://www.saratogahistory.com/phpBB/index.php
[Wed Sep 16 05:26:18.011546 2020] [core:crit] [pid 685:tid 139796372473600] (13)Permission denied: [client 91.109.29.103:38262] AH00529: /var/www/vhosts/saratogahistory.com/httpdocs/phpBB/.htaccess pcfg_openfile: unable to check htaccess file, ensure it is readable and that '/var/www/vhosts/saratogahistory.com/httpdocs/phpBB/' is executable, referer: http://www.saratogahistory.com/phpBB/index.php
[Wed Sep 16 05:38:03.578000 2020] [core:crit] [pid 685:tid 139796456392448] (13)Permission denied: [client 104.244.74.169:48916] AH00529: /var/www/vhosts/saratogahistory.com/httpdocs/phpBB/.htaccess pcfg_openfile: unable to check htaccess file, ensure it is readable and that '/var/www/vhosts/saratogahistory.com/httpdocs/phpBB/' is executable, referer: http://www.saratogahistory.com/phpBB/index.php
[Wed Sep 16 05:42:34.702165 2020] [core:crit] [pid 1501:tid 139796330514176] (13)Permission denied: [client 185.25.35.10:35882] AH00529: /var/www/vhosts/saratogahistory.com/httpdocs/phpBB/.htaccess pcfg_openfile: unable to check htaccess file, ensure it is readable and that '/var/www/vhosts/saratogahistory.com/httpdocs/phpBB/' is executable
[Wed Sep 16 06:14:00.166393 2020] [core:crit] [pid 685:tid 139796320024320] (13)Permission denied: [client 216.18.204.206:48700] AH00529: /var/www/vhosts/saratogahistory.com/httpdocs/phpBB/.htaccess pcfg_openfile: unable to check htaccess file, ensure it is readable and that '/var/www/vhosts/saratogahistory.com/httpdocs/phpBB/' is executable, referer: http://www.saratogahistory.com/
[Wed Sep 16 06:18:08.597386 2020] [core:crit] [pid 687:tid 139796372473600] (13)Permission denied: [client 185.25.35.9:32954] AH00529: /var/www/vhosts/saratogahistory.com/httpdocs/phpBB/.htaccess pcfg_openfile: unable to check htaccess file, ensure it is readable and that '/var/www/vhosts/saratogahistory.com/httpdocs/phpBB/' is executable
[Wed Sep 16 07:25:41.438696 2020] [core:crit] [pid 1501:tid 139796382963456] (13)Permission denied: [client 87.118.116.103:50818] AH00529: /var/www/vhosts/saratogahistory.com/httpdocs/phpBB/.htaccess pcfg_openfile: unable to check htaccess file, ensure it is readable and that '/var/www/vhosts/saratogahistory.com/httpdocs/phpBB/' is executable, referer: http://www.saratogahistory.com/phpBB/index.php
[Wed Sep 16 07:36:15.730496 2020] [core:crit] [pid 685:tid 139796299044608] (13)Permission denied: [client 185.25.35.14:56492] AH00529: /var/www/vhosts/saratogahistory.com/httpdocs/phpBB/.htaccess pcfg_openfile: unable to check htaccess file, ensure it is readable and that '/var/www/vhosts/saratogahistory.com/httpdocs/phpBB/' is executable
[Wed Sep 16 07:37:09.678847 2020] [core:crit] [pid 1501:tid 139796601042688] (13)Permission denied: [client 38.81.163.3:60342] AH00529: /var/www/vhosts/saratogahistory.com/httpdocs/phpBB/.htaccess pcfg_openfile: unable to check htaccess file, ensure it is readable and that '/var/www/vhosts/saratogahistory.com/httpdocs/phpBB/' is executable, referer: http://www.saratogahistory.com/phpBB/index.php
[Wed Sep 16 07:48:48.258143 2020] [core:crit] [pid 687:tid 139796382963456] (13)Permission denied: [client 185.25.35.8:42290] AH00529: /var/www/vhosts/saratogahistory.com/httpdocs/phpBB/.htaccess pcfg_openfile: unable to check htaccess file, ensure it is readable and that '/var/www/vhosts/saratogahistory.com/httpdocs/phpBB/' is executable
[Wed Sep 16 07:56:56.365357 2020] [core:crit] [pid 1501:tid 139796435412736] (13)Permission denied: [client 188.122.82.146:43782] AH00529: /var/www/vhosts/saratogahistory.com/httpdocs/phpBB/.htaccess pcfg_openfile: unable to check htaccess file, ensure it is readable and that '/var/www/vhosts/saratogahistory.com/httpdocs/phpBB/' is executable, referer: http://www.saratogahistory.com/phpBB/index.php
[Wed Sep 16 08:09:14.562021 2020] [core:crit] [pid 1501:tid 139796288554752] (13)Permission denied: [client 178.176.78.224:54194] AH00529: /var/www/vhosts/saratogahistory.com/httpdocs/phpBB/.htaccess pcfg_openfile: unable to check htaccess file, ensure it is readable and that '/var/www/vhosts/saratogahistory.com/httpdocs/phpBB/' is executable, referer: http://www.saratogahistory.com/phpBB/index.php
[Wed Sep 16 08:09:16.997738 2020] [proxy_fcgi:error] [pid 687:tid 139796309534464] [client 93.157.254.39:54416] AH01071: Got error 'Primary script unknown\n', referer: http://www.saratogahistory.com/index.php
[Wed Sep 16 08:09:17.299192 2020] [proxy_fcgi:error] [pid 685:tid 139796341004032] [client 93.157.254.39:54452] AH01071: Got error 'Primary script unknown\n', referer: http://www.saratogahistory.com/index.php
[Wed Sep 16 08:09:17.608017 2020] [proxy_fcgi:error] [pid 1501:tid 139796477372160] [client 93.157.254.39:54458] AH01071: Got error 'Primary script unknown\n', referer: http://www.saratogahistory.com/index.php
[Wed Sep 16 09:16:04.055091 2020] [core:crit] [pid 687:tid 139796320024320] (13)Permission denied: [client 45.139.48.16:47594] AH00529: /var/www/vhosts/saratogahistory.com/httpdocs/phpBB/.htaccess pcfg_openfile: unable to check htaccess file, ensure it is readable and that '/var/www/vhosts/saratogahistory.com/httpdocs/phpBB/' is executable, referer: https://garantprava.com/services/bankrotstvo
[Wed Sep 16 09:30:48.642893 2020] [core:crit] [pid 685:tid 139796330514176] (13)Permission denied: [client 185.220.100.248:34176] AH00529: /var/www/vhosts/saratogahistory.com/httpdocs/phpBB/.htaccess pcfg_openfile: unable to check htaccess file, ensure it is readable and that '/var/www/vhosts/saratogahistory.com/httpdocs/phpBB/' is executable, referer: http://www.saratogahistory.com/phpBB/index.php
[Wed Sep 16 09:33:20.596461 2020] [core:crit] [pid 686:tid 139796477372160] (13)Permission denied: [client 5.188.210.18:41560] AH00529: /var/www/vhosts/saratogahistory.com/httpdocs/phpBB/.htaccess pcfg_openfile: unable to check htaccess file, ensure it is readable and that '/var/www/vhosts/saratogahistory.com/httpdocs/phpBB/' is executable, referer: http://www.saratogahistory.com/phpBB/index.php
[Wed Sep 16 09:39:07.168383 2020] [core:crit] [pid 685:tid 139796435412736] (13)Permission denied: [client 109.70.100.50:33554] AH00529: /var/www/vhosts/saratogahistory.com/httpdocs/phpBB/.htaccess pcfg_openfile: unable to check htaccess file, ensure it is readable and that '/var/www/vhosts/saratogahistory.com/httpdocs/phpBB/' is executable, referer: http://www.saratogahistory.com/phpBB/index.php
[Wed Sep 16 09:40:29.205087 2020] [core:crit] [pid 1501:tid 139796477372160] (13)Permission denied: [client 216.18.204.206:37532] AH00529: /var/www/vhosts/saratogahistory.com/httpdocs/phpBB/.htaccess pcfg_openfile: unable to check htaccess file, ensure it is readable and that '/var/www/vhosts/saratogahistory.com/httpdocs/phpBB/' is executable, referer: http://www.saratogahistory.com/
[Wed Sep 16 09:46:17.314217 2020] [core:crit] [pid 1501:tid 139796456392448] (13)Permission denied: [client 188.122.82.146:56178] AH00529: /var/www/vhosts/saratogahistory.com/httpdocs/phpBB/.htaccess pcfg_openfile: unable to check htaccess file, ensure it is readable and that '/var/www/vhosts/saratogahistory.com/httpdocs/phpBB/' is executable, referer: http://www.saratogahistory.com/phpBB/index.php
[Wed Sep 16 11:21:49.240864 2020] [core:crit] [pid 1501:tid 139796590552832] (13)Permission denied: [client 216.244.66.235:34098] AH00529: /var/www/vhosts/saratogahistory.com/httpdocs/phpBB/.htaccess pcfg_openfile: unable to check htaccess file, ensure it is readable and that '/var/www/vhosts/saratogahistory.com/httpdocs/phpBB/' is executable
[Wed Sep 16 11:37:37.705114 2020] [core:crit] [pid 1501:tid 139796403943168] (13)Permission denied: [client 104.244.74.28:50070] AH00529: /var/www/vhosts/saratogahistory.com/httpdocs/phpBB/.htaccess pcfg_openfile: unable to check htaccess file, ensure it is readable and that '/var/www/vhosts/saratogahistory.com/httpdocs/phpBB/' is executable, referer: http://www.saratogahistory.com/phpBB/index.php
[Wed Sep 16 11:49:56.877678 2020] [core:crit] [pid 685:tid 139796601042688] (13)Permission denied: [client 185.25.35.15:49184] AH00529: /var/www/vhosts/saratogahistory.com/httpdocs/phpBB/.htaccess pcfg_openfile: unable to check htaccess file, ensure it is readable and that '/var/www/vhosts/saratogahistory.com/httpdocs/phpBB/' is executable
[Wed Sep 16 11:54:44.049630 2020] [core:crit] [pid 1501:tid 139796299044608] (13)Permission denied: [client 51.75.52.118:38298] AH00529: /var/www/vhosts/saratogahistory.com/httpdocs/phpBB/.htaccess pcfg_openfile: unable to check htaccess file, ensure it is readable and that '/var/www/vhosts/saratogahistory.com/httpdocs/phpBB/' is executable, referer: http://www.saratogahistory.com/phpBB/index.php
[Wed Sep 16 12:24:40.399675 2020] [core:crit] [pid 685:tid 139796299044608] (13)Permission denied: [client 24.249.199.14:44816] AH00529: /var/www/vhosts/saratogahistory.com/httpdocs/phpBB/.htaccess pcfg_openfile: unable to check htaccess file, ensure it is readable and that '/var/www/vhosts/saratogahistory.com/httpdocs/phpBB/' is executable, referer: http://www.saratogahistory.com/phpBB/index.php
[Wed Sep 16 12:25:05.031046 2020] [proxy_fcgi:error] [pid 685:tid 139796330514176] [client 24.249.199.14:46336] AH01071: Got error 'Primary script unknown\n', referer: http://www.saratogahistory.com/index.php
[Wed Sep 16 12:25:08.456693 2020] [proxy_fcgi:error] [pid 1501:tid 139796330514176] [client 24.249.199.14:46460] AH01071: Got error 'Primary script unknown\n', referer: http://www.saratogahistory.com/index.php
[Wed Sep 16 12:25:19.764191 2020] [proxy_fcgi:error] [pid 1501:tid 139796309534464] [client 24.249.199.14:46936] AH01071: Got error 'Primary script unknown\n', referer: http://www.saratogahistory.com/index.php
[Wed Sep 16 12:27:11.818353 2020] [core:crit] [pid 1501:tid 139796477372160] (13)Permission denied: [client 185.25.35.11:52498] AH00529: /var/www/vhosts/saratogahistory.com/httpdocs/phpBB/.htaccess pcfg_openfile: unable to check htaccess file, ensure it is readable and that '/var/www/vhosts/saratogahistory.com/httpdocs/phpBB/' is executable
[Wed Sep 16 12:29:16.819057 2020] [core:crit] [pid 1501:tid 139796466882304] (13)Permission denied: [client 62.102.148.69:58988] AH00529: /var/www/vhosts/saratogahistory.com/httpdocs/phpBB/.htaccess pcfg_openfile: unable to check htaccess file, ensure it is readable and that '/var/www/vhosts/saratogahistory.com/httpdocs/phpBB/' is executable, referer: http://www.saratogahistory.com/phpBB/index.php
[Wed Sep 16 12:30:17.361452 2020] [core:crit] [pid 685:tid 139796580062976] (13)Permission denied: [client 216.244.66.235:33188] AH00529: /var/www/vhosts/saratogahistory.com/httpdocs/phpBB/.htaccess pcfg_openfile: unable to check htaccess file, ensure it is readable and that '/var/www/vhosts/saratogahistory.com/httpdocs/phpBB/' is executable
[Wed Sep 16 12:36:57.759024 2020] [core:crit] [pid 1501:tid 139796372473600] (13)Permission denied: [client 216.244.66.235:52024] AH00529: /var/www/vhosts/saratogahistory.com/httpdocs/phpBB/.htaccess pcfg_openfile: unable to check htaccess file, ensure it is readable and that '/var/www/vhosts/saratogahistory.com/httpdocs/phpBB/' is executable
[Wed Sep 16 12:42:38.211012 2020] [core:crit] [pid 1501:tid 139796590552832] (13)Permission denied: [client 216.244.66.235:39680] AH00529: /var/www/vhosts/saratogahistory.com/httpdocs/phpBB/.htaccess pcfg_openfile: unable to check htaccess file, ensure it is readable and that '/var/www/vhosts/saratogahistory.com/httpdocs/phpBB/' is executable
[Wed Sep 16 12:45:28.445765 2020] [core:crit] [pid 1501:tid 139796477372160] (13)Permission denied: [client 216.244.66.235:46578] AH00529: /var/www/vhosts/saratogahistory.com/httpdocs/phpBB/.htaccess pcfg_openfile: unable to check htaccess file, ensure it is readable and that '/var/www/vhosts/saratogahistory.com/httpdocs/phpBB/' is executable
[Wed Sep 16 13:01:19.344540 2020] [core:crit] [pid 686:tid 139796590552832] (13)Permission denied: [client 111.250.133.111:42700] AH00529: /var/www/vhosts/saratogahistory.com/httpdocs/phpBB/.htaccess pcfg_openfile: unable to check htaccess file, ensure it is readable and that '/var/www/vhosts/saratogahistory.com/httpdocs/phpBB/' is executable, referer: http://www.saratogahistory.com/phpBB/index.php
[Wed Sep 16 13:29:36.125950 2020] [core:crit] [pid 1501:tid 139796601042688] (13)Permission denied: [client 78.159.98.213:60940] AH00529: /var/www/vhosts/saratogahistory.com/httpdocs/phpBB/.htaccess pcfg_openfile: unable to check htaccess file, ensure it is readable and that '/var/www/vhosts/saratogahistory.com/httpdocs/phpBB/' is executable, referer: http://www.saratogahistory.com/phpBB/index.php
[Wed Sep 16 13:40:00.559352 2020] [core:crit] [pid 685:tid 139796580062976] (13)Permission denied: [client 185.195.237.25:39248] AH00529: /var/www/vhosts/saratogahistory.com/httpdocs/phpBB/.htaccess pcfg_openfile: unable to check htaccess file, ensure it is readable and that '/var/www/vhosts/saratogahistory.com/httpdocs/phpBB/' is executable, referer: http://www.saratogahistory.com/phpBB/index.php
[Wed Sep 16 13:46:04.024847 2020] [core:crit] [pid 686:tid 139796435412736] (13)Permission denied: [client 216.244.66.235:59852] AH00529: /var/www/vhosts/saratogahistory.com/httpdocs/phpBB/.htaccess pcfg_openfile: unable to check htaccess file, ensure it is readable and that '/var/www/vhosts/saratogahistory.com/httpdocs/phpBB/' is executable
[Wed Sep 16 13:46:28.133539 2020] [core:crit] [pid 1501:tid 139796288554752] (13)Permission denied: [client 104.244.73.43:60980] AH00529: /var/www/vhosts/saratogahistory.com/httpdocs/phpBB/.htaccess pcfg_openfile: unable to check htaccess file, ensure it is readable and that '/var/www/vhosts/saratogahistory.com/httpdocs/phpBB/' is executable, referer: http://www.saratogahistory.com/phpBB/index.php
[Wed Sep 16 13:47:52.972561 2020] [core:crit] [pid 1501:tid 139796361983744] (13)Permission denied: [client 185.25.35.15:37608] AH00529: /var/www/vhosts/saratogahistory.com/httpdocs/phpBB/.htaccess pcfg_openfile: unable to check htaccess file, ensure it is readable and that '/var/www/vhosts/saratogahistory.com/httpdocs/phpBB/' is executable
[Wed Sep 16 14:00:18.860998 2020] [core:crit] [pid 1501:tid 139796351493888] (13)Permission denied: [client 185.25.35.12:40948] AH00529: /var/www/vhosts/saratogahistory.com/httpdocs/phpBB/.htaccess pcfg_openfile: unable to check htaccess file, ensure it is readable and that '/var/www/vhosts/saratogahistory.com/httpdocs/phpBB/' is executable
[Wed Sep 16 14:06:53.050683 2020] [core:crit] [pid 1501:tid 139796299044608] (13)Permission denied: [client 94.198.51.223:43406] AH00529: /var/www/vhosts/saratogahistory.com/httpdocs/phpBB/.htaccess pcfg_openfile: unable to check htaccess file, ensure it is readable and that '/var/www/vhosts/saratogahistory.com/httpdocs/phpBB/' is executable, referer: http://www.saratogahistory.com/phpBB/index.php
[Wed Sep 16 14:09:38.035125 2020] [core:crit] [pid 1501:tid 139796590552832] (13)Permission denied: [client 216.244.66.235:56746] AH00529: /var/www/vhosts/saratogahistory.com/httpdocs/phpBB/.htaccess pcfg_openfile: unable to check htaccess file, ensure it is readable and that '/var/www/vhosts/saratogahistory.com/httpdocs/phpBB/' is executable
[Wed Sep 16 15:38:33.369803 2020] [core:crit] [pid 687:tid 139796372473600] (13)Permission denied: [client 109.70.100.31:43804] AH00529: /var/www/vhosts/saratogahistory.com/httpdocs/phpBB/.htaccess pcfg_openfile: unable to check htaccess file, ensure it is readable and that '/var/www/vhosts/saratogahistory.com/httpdocs/phpBB/' is executable, referer: http://www.saratogahistory.com/phpBB/index.php
[Wed Sep 16 15:46:33.734691 2020] [core:crit] [pid 1501:tid 139796611532544] (13)Permission denied: [client 31.220.2.131:41816] AH00529: /var/www/vhosts/saratogahistory.com/httpdocs/phpBB/.htaccess pcfg_openfile: unable to check htaccess file, ensure it is readable and that '/var/www/vhosts/saratogahistory.com/httpdocs/phpBB/' is executable, referer: http://www.saratogahistory.com/phpBB/index.php
[Wed Sep 16 16:50:32.533613 2020] [core:crit] [pid 1501:tid 139796299044608] (13)Permission denied: [client 66.249.64.27:34354] AH00529: /var/www/vhosts/saratogahistory.com/httpdocs/phpBB/.htaccess pcfg_openfile: unable to check htaccess file, ensure it is readable and that '/var/www/vhosts/saratogahistory.com/httpdocs/phpBB/' is executable
[Wed Sep 16 17:01:41.144066 2020] [core:crit] [pid 1501:tid 139796466882304] (13)Permission denied: [client 198.144.121.206:37644] AH00529: /var/www/vhosts/saratogahistory.com/httpdocs/phpBB/.htaccess pcfg_openfile: unable to check htaccess file, ensure it is readable and that '/var/www/vhosts/saratogahistory.com/httpdocs/phpBB/' is executable, referer: http://www.saratogahistory.com/phpBB/index.php
[Wed Sep 16 17:07:14.745074 2020] [core:crit] [pid 686:tid 139796611532544] (13)Permission denied: [client 178.255.215.98:54228] AH00529: /var/www/vhosts/saratogahistory.com/httpdocs/phpBB/.htaccess pcfg_openfile: unable to check htaccess file, ensure it is readable and that '/var/www/vhosts/saratogahistory.com/httpdocs/phpBB/' is executable
[Wed Sep 16 17:24:09.417571 2020] [core:crit] [pid 1501:tid 139796351493888] (13)Permission denied: [client 199.249.230.119:47338] AH00529: /var/www/vhosts/saratogahistory.com/httpdocs/phpBB/.htaccess pcfg_openfile: unable to check htaccess file, ensure it is readable and that '/var/www/vhosts/saratogahistory.com/httpdocs/phpBB/' is executable, referer: http://www.saratogahistory.com/phpBB/index.php
[Wed Sep 16 17:25:09.312292 2020] [core:crit] [pid 1501:tid 139796299044608] (13)Permission denied: [client 175.139.165.29:49902] AH00529: /var/www/vhosts/saratogahistory.com/httpdocs/phpBB/.htaccess pcfg_openfile: unable to check htaccess file, ensure it is readable and that '/var/www/vhosts/saratogahistory.com/httpdocs/phpBB/' is executable, referer: http://www.saratogahistory.com/phpBB/index.php
[Wed Sep 16 17:37:38.099365 2020] [core:crit] [pid 685:tid 139796601042688] (13)Permission denied: [client 94.102.51.78:54866] AH00529: /var/www/vhosts/saratogahistory.com/httpdocs/phpBB/.htaccess pcfg_openfile: unable to check htaccess file, ensure it is readable and that '/var/www/vhosts/saratogahistory.com/httpdocs/phpBB/' is executable, referer: http://www.saratogahistory.com/phpBB/index.php
[Wed Sep 16 18:02:10.790194 2020] [core:crit] [pid 687:tid 139796445902592] (13)Permission denied: [client 31.41.107.244:42588] AH00529: /var/www/vhosts/saratogahistory.com/httpdocs/phpBB/.htaccess pcfg_openfile: unable to check htaccess file, ensure it is readable and that '/var/www/vhosts/saratogahistory.com/httpdocs/phpBB/' is executable, referer: http://www.saratogahistory.com/phpBB/
[Wed Sep 16 18:02:11.572238 2020] [core:crit] [pid 1501:tid 139796580062976] (13)Permission denied: [client 31.41.107.244:42616] AH00529: /var/www/vhosts/saratogahistory.com/httpdocs/phpBB/.htaccess pcfg_openfile: unable to check htaccess file, ensure it is readable and that '/var/www/vhosts/saratogahistory.com/httpdocs/phpBB/' is executable, referer: http://www.saratogahistory.com/board_of_directors.htm
[Wed Sep 16 18:15:00.997802 2020] [core:crit] [pid 1501:tid 139796372473600] (13)Permission denied: [client 185.25.35.9:51610] AH00529: /var/www/vhosts/saratogahistory.com/httpdocs/phpBB/.htaccess pcfg_openfile: unable to check htaccess file, ensure it is readable and that '/var/www/vhosts/saratogahistory.com/httpdocs/phpBB/' is executable
[Wed Sep 16 18:51:33.913289 2020] [core:crit] [pid 687:tid 139796361983744] (13)Permission denied: [client 185.25.35.15:50734] AH00529: /var/www/vhosts/saratogahistory.com/httpdocs/phpBB/.htaccess pcfg_openfile: unable to check htaccess file, ensure it is readable and that '/var/www/vhosts/saratogahistory.com/httpdocs/phpBB/' is executable
[Wed Sep 16 19:38:02.323546 2020] [core:crit] [pid 687:tid 139796288554752] (13)Permission denied: [client 185.220.101.7:36904] AH00529: /var/www/vhosts/saratogahistory.com/httpdocs/phpBB/.htaccess pcfg_openfile: unable to check htaccess file, ensure it is readable and that '/var/www/vhosts/saratogahistory.com/httpdocs/phpBB/' is executable, referer: http://www.saratogahistory.com/phpBB/index.php
[Wed Sep 16 19:41:13.148784 2020] [core:crit] [pid 1501:tid 139796309534464] (13)Permission denied: [client 178.159.37.58:45968] AH00529: /var/www/vhosts/saratogahistory.com/httpdocs/phpBB/.htaccess pcfg_openfile: unable to check htaccess file, ensure it is readable and that '/var/www/vhosts/saratogahistory.com/httpdocs/phpBB/' is executable, referer: http://www.saratogahistory.com/phpBB/index.php
[Wed Sep 16 19:44:11.248509 2020] [core:crit] [pid 1501:tid 139796466882304] (13)Permission denied: [client 51.81.32.209:54550] AH00529: /var/www/vhosts/saratogahistory.com/httpdocs/phpBB/.htaccess pcfg_openfile: unable to check htaccess file, ensure it is readable and that '/var/www/vhosts/saratogahistory.com/httpdocs/phpBB/' is executable, referer: http://www.saratogahistory.com/phpBB/index.php
[Wed Sep 16 20:09:31.528674 2020] [core:crit] [pid 1501:tid 139796382963456] (13)Permission denied: [client 185.25.35.8:36038] AH00529: /var/www/vhosts/saratogahistory.com/httpdocs/phpBB/.htaccess pcfg_openfile: unable to check htaccess file, ensure it is readable and that '/var/www/vhosts/saratogahistory.com/httpdocs/phpBB/' is executable
[Wed Sep 16 20:23:10.459442 2020] [core:crit] [pid 1501:tid 139796569573120] (13)Permission denied: [client 185.25.35.15:46600] AH00529: /var/www/vhosts/saratogahistory.com/httpdocs/phpBB/.htaccess pcfg_openfile: unable to check htaccess file, ensure it is readable and that '/var/www/vhosts/saratogahistory.com/httpdocs/phpBB/' is executable
[Wed Sep 16 20:24:35.668405 2020] [core:crit] [pid 1501:tid 139796403943168] (13)Permission denied: [client 5.138.218.154:50762] AH00529: /var/www/vhosts/saratogahistory.com/httpdocs/phpBB/.htaccess pcfg_openfile: unable to check htaccess file, ensure it is readable and that '/var/www/vhosts/saratogahistory.com/httpdocs/phpBB/' is executable, referer: http://www.saratogahistory.com/phpBB/index.php
[Wed Sep 16 20:24:37.019006 2020] [proxy_fcgi:error] [pid 1501:tid 139796382963456] [client 5.138.218.154:50828] AH01071: Got error 'Primary script unknown\n', referer: http://www.saratogahistory.com/index.php
[Wed Sep 16 20:24:37.380174 2020] [proxy_fcgi:error] [pid 686:tid 139796351493888] [client 5.138.218.154:50844] AH01071: Got error 'Primary script unknown\n', referer: http://www.saratogahistory.com/index.php
[Wed Sep 16 20:24:37.741215 2020] [proxy_fcgi:error] [pid 1501:tid 139796435412736] [client 5.138.218.154:50862] AH01071: Got error 'Primary script unknown\n', referer: http://www.saratogahistory.com/index.php
[Wed Sep 16 21:09:55.512083 2020] [core:crit] [pid 1501:tid 139796372473600] (13)Permission denied: [client 111.250.133.111:59766] AH00529: /var/www/vhosts/saratogahistory.com/httpdocs/phpBB/.htaccess pcfg_openfile: unable to check htaccess file, ensure it is readable and that '/var/www/vhosts/saratogahistory.com/httpdocs/phpBB/' is executable, referer: http://www.saratogahistory.com/phpBB/index.php
[Wed Sep 16 21:26:18.359145 2020] [core:crit] [pid 685:tid 139796341004032] (13)Permission denied: [client 91.109.29.83:56370] AH00529: /var/www/vhosts/saratogahistory.com/httpdocs/phpBB/.htaccess pcfg_openfile: unable to check htaccess file, ensure it is readable and that '/var/www/vhosts/saratogahistory.com/httpdocs/phpBB/' is executable, referer: http://www.saratogahistory.com/phpBB/index.php
[Wed Sep 16 21:30:11.209313 2020] [core:crit] [pid 685:tid 139796288554752] (13)Permission denied: [client 216.244.66.235:40592] AH00529: /var/www/vhosts/saratogahistory.com/httpdocs/phpBB/.htaccess pcfg_openfile: unable to check htaccess file, ensure it is readable and that '/var/www/vhosts/saratogahistory.com/httpdocs/phpBB/' is executable
[Wed Sep 16 21:36:18.336923 2020] [core:crit] [pid 1501:tid 139796601042688] (13)Permission denied: [client 185.220.102.240:59282] AH00529: /var/www/vhosts/saratogahistory.com/httpdocs/phpBB/.htaccess pcfg_openfile: unable to check htaccess file, ensure it is readable and that '/var/www/vhosts/saratogahistory.com/httpdocs/phpBB/' is executable, referer: http://www.saratogahistory.com/phpBB/index.php
[Wed Sep 16 22:09:05.812124 2020] [core:crit] [pid 685:tid 139796372473600] (13)Permission denied: [client 5.188.211.14:54196] AH00529: /var/www/vhosts/saratogahistory.com/httpdocs/phpBB/.htaccess pcfg_openfile: unable to check htaccess file, ensure it is readable and that '/var/www/vhosts/saratogahistory.com/httpdocs/phpBB/' is executable
[Wed Sep 16 23:20:14.823857 2020] [core:crit] [pid 687:tid 139796466882304] (13)Permission denied: [client 185.220.100.241:44656] AH00529: /var/www/vhosts/saratogahistory.com/httpdocs/phpBB/.htaccess pcfg_openfile: unable to check htaccess file, ensure it is readable and that '/var/www/vhosts/saratogahistory.com/httpdocs/phpBB/' is executable, referer: http://www.saratogahistory.com/phpBB/index.php
[Wed Sep 16 23:37:55.566749 2020] [core:crit] [pid 685:tid 139796288554752] (13)Permission denied: [client 62.102.148.68:50102] AH00529: /var/www/vhosts/saratogahistory.com/httpdocs/phpBB/.htaccess pcfg_openfile: unable to check htaccess file, ensure it is readable and that '/var/www/vhosts/saratogahistory.com/httpdocs/phpBB/' is executable, referer: http://www.saratogahistory.com/phpBB/index.php
[Wed Sep 16 23:42:40.576295 2020] [core:crit] [pid 1501:tid 139796580062976] (13)Permission denied: [client 216.244.66.235:37104] AH00529: /var/www/vhosts/saratogahistory.com/httpdocs/phpBB/.htaccess pcfg_openfile: unable to check htaccess file, ensure it is readable and that '/var/www/vhosts/saratogahistory.com/httpdocs/phpBB/' is executable
[Wed Sep 16 23:43:45.280809 2020] [core:crit] [pid 1501:tid 139796611532544] (13)Permission denied: [client 37.115.216.98:41200] AH00529: /var/www/vhosts/saratogahistory.com/httpdocs/phpBB/.htaccess pcfg_openfile: unable to check htaccess file, ensure it is readable and that '/var/www/vhosts/saratogahistory.com/httpdocs/phpBB/' is executable, referer: http://www.saratogahistory.com/phpBB/index.php
[Thu Sep 17 00:02:39.802324 2020] [proxy_fcgi:error] [pid 685:tid 139796569573120] [client 148.70.93.108:49054] AH01071: Got error 'Primary script unknown\n'
[Thu Sep 17 00:05:00.311251 2020] [core:crit] [pid 685:tid 139796445902592] (13)Permission denied: [client 216.244.66.235:56612] AH00529: /var/www/vhosts/saratogahistory.com/httpdocs/phpBB/.htaccess pcfg_openfile: unable to check htaccess file, ensure it is readable and that '/var/www/vhosts/saratogahistory.com/httpdocs/phpBB/' is executable
[Thu Sep 17 00:08:04.073971 2020] [core:crit] [pid 1501:tid 139796309534464] (13)Permission denied: [client 216.244.66.235:39942] AH00529: /var/www/vhosts/saratogahistory.com/httpdocs/phpBB/.htaccess pcfg_openfile: unable to check htaccess file, ensure it is readable and that '/var/www/vhosts/saratogahistory.com/httpdocs/phpBB/' is executable
[Thu Sep 17 00:16:45.297469 2020] [core:crit] [pid 1501:tid 139796320024320] (13)Permission denied: [client 185.25.35.11:42756] AH00529: /var/www/vhosts/saratogahistory.com/httpdocs/phpBB/.htaccess pcfg_openfile: unable to check htaccess file, ensure it is readable and that '/var/www/vhosts/saratogahistory.com/httpdocs/phpBB/' is executable
[Thu Sep 17 00:34:25.144905 2020] [core:crit] [pid 1501:tid 139796330514176] (13)Permission denied: [client 37.113.182.121:46998] AH00529: /var/www/vhosts/saratogahistory.com/httpdocs/phpBB/.htaccess pcfg_openfile: unable to check htaccess file, ensure it is readable and that '/var/www/vhosts/saratogahistory.com/httpdocs/phpBB/' is executable, referer: http://www.saratogahistory.com/phpBB/index.php
[Thu Sep 17 00:46:58.953936 2020] [proxy_fcgi:error] [pid 685:tid 139796403943168] [client 52.171.198.169:37354] AH01071: Got error 'Primary script unknown\n'
[Thu Sep 17 00:53:56.012924 2020] [core:crit] [pid 1501:tid 139796601042688] (13)Permission denied: [client 216.244.66.235:34828] AH00529: /var/www/vhosts/saratogahistory.com/httpdocs/phpBB/.htaccess pcfg_openfile: unable to check htaccess file, ensure it is readable and that '/var/www/vhosts/saratogahistory.com/httpdocs/phpBB/' is executable
[Thu Sep 17 00:54:51.944080 2020] [core:crit] [pid 1501:tid 139796477372160] (13)Permission denied: [client 185.25.35.13:38116] AH00529: /var/www/vhosts/saratogahistory.com/httpdocs/phpBB/.htaccess pcfg_openfile: unable to check htaccess file, ensure it is readable and that '/var/www/vhosts/saratogahistory.com/httpdocs/phpBB/' is executable
[Thu Sep 17 01:02:23.791180 2020] [core:crit] [pid 687:tid 139796590552832] (13)Permission denied: [client 216.244.66.235:43588] AH00529: /var/www/vhosts/saratogahistory.com/httpdocs/phpBB/.htaccess pcfg_openfile: unable to check htaccess file, ensure it is readable and that '/var/www/vhosts/saratogahistory.com/httpdocs/phpBB/' is executable
[Thu Sep 17 01:18:29.032712 2020] [core:crit] [pid 685:tid 139796393453312] (13)Permission denied: [client 185.220.100.254:44342] AH00529: /var/www/vhosts/saratogahistory.com/httpdocs/phpBB/.htaccess pcfg_openfile: unable to check htaccess file, ensure it is readable and that '/var/www/vhosts/saratogahistory.com/httpdocs/phpBB/' is executable, referer: http://www.saratogahistory.com/phpBB/index.php
[Thu Sep 17 01:37:02.863081 2020] [core:crit] [pid 687:tid 139796414433024] (13)Permission denied: [client 185.220.100.246:56932] AH00529: /var/www/vhosts/saratogahistory.com/httpdocs/phpBB/.htaccess pcfg_openfile: unable to check htaccess file, ensure it is readable and that '/var/www/vhosts/saratogahistory.com/httpdocs/phpBB/' is executable, referer: http://www.saratogahistory.com/phpBB/index.php
[Thu Sep 17 01:42:45.941890 2020] [core:crit] [pid 1501:tid 139796288554752] (13)Permission denied: [client 216.244.66.235:48102] AH00529: /var/www/vhosts/saratogahistory.com/httpdocs/phpBB/.htaccess pcfg_openfile: unable to check htaccess file, ensure it is readable and that '/var/www/vhosts/saratogahistory.com/httpdocs/phpBB/' is executable
[Thu Sep 17 01:52:43.667527 2020] [core:crit] [pid 685:tid 139796466882304] (13)Permission denied: [client 66.249.64.27:35434] AH00529: /var/www/vhosts/saratogahistory.com/httpdocs/phpBB/.htaccess pcfg_openfile: unable to check htaccess file, ensure it is readable and that '/var/www/vhosts/saratogahistory.com/httpdocs/phpBB/' is executable
[Thu Sep 17 01:57:42.635603 2020] [core:crit] [pid 1501:tid 139796309534464] (13)Permission denied: [client 199.195.250.77:52960] AH00529: /var/www/vhosts/saratogahistory.com/httpdocs/phpBB/.htaccess pcfg_openfile: unable to check htaccess file, ensure it is readable and that '/var/www/vhosts/saratogahistory.com/httpdocs/phpBB/' is executable, referer: http://www.saratogahistory.com/phpBB/index.php
[Thu Sep 17 02:10:09.589579 2020] [core:crit] [pid 687:tid 139796477372160] (13)Permission denied: [client 178.159.37.88:41572] AH00529: /var/www/vhosts/saratogahistory.com/httpdocs/phpBB/.htaccess pcfg_openfile: unable to check htaccess file, ensure it is readable and that '/var/www/vhosts/saratogahistory.com/httpdocs/phpBB/' is executable, referer: http://www.saratogahistory.com/phpBB/index.php
[Thu Sep 17 02:10:10.679988 2020] [proxy_fcgi:error] [pid 686:tid 139796435412736] [client 178.159.37.88:41628] AH01071: Got error 'Primary script unknown\n', referer: http://www.saratogahistory.com/index.php
[Thu Sep 17 02:10:10.963412 2020] [proxy_fcgi:error] [pid 687:tid 139796487862016] [client 178.159.37.88:41644] AH01071: Got error 'Primary script unknown\n', referer: http://www.saratogahistory.com/index.php
[Thu Sep 17 02:10:11.249301 2020] [proxy_fcgi:error] [pid 1501:tid 139796569573120] [client 178.159.37.88:41654] AH01071: Got error 'Primary script unknown\n', referer: http://www.saratogahistory.com/index.php
[Thu Sep 17 02:12:58.562715 2020] [core:crit] [pid 687:tid 139796456392448] (13)Permission denied: [client 185.25.35.10:51592] AH00529: /var/www/vhosts/saratogahistory.com/httpdocs/phpBB/.htaccess pcfg_openfile: unable to check htaccess file, ensure it is readable and that '/var/www/vhosts/saratogahistory.com/httpdocs/phpBB/' is executable
[Thu Sep 17 02:13:52.018669 2020] [core:crit] [pid 685:tid 139796320024320] (13)Permission denied: [client 185.220.100.243:54512] AH00529: /var/www/vhosts/saratogahistory.com/httpdocs/phpBB/.htaccess pcfg_openfile: unable to check htaccess file, ensure it is readable and that '/var/www/vhosts/saratogahistory.com/httpdocs/phpBB/' is executable, referer: http://www.saratogahistory.com/phpBB/index.php
[Thu Sep 17 02:26:52.425467 2020] [core:crit] [pid 687:tid 139796361983744] (13)Permission denied: [client 185.25.35.14:44644] AH00529: /var/www/vhosts/saratogahistory.com/httpdocs/phpBB/.htaccess pcfg_openfile: unable to check htaccess file, ensure it is readable and that '/var/www/vhosts/saratogahistory.com/httpdocs/phpBB/' is executable
[Thu Sep 17 02:45:58.835726 2020] [proxy_fcgi:error] [pid 687:tid 139796611532544] [client 5.182.211.238:53288] AH01071: Got error 'Primary script unknown\n', referer: http://saratogahistory.com/wp-login.php
[Thu Sep 17 02:46:13.476421 2020] [proxy_fcgi:error] [pid 1501:tid 139796424922880] [client 167.172.186.32:54392] AH01071: Got error 'Primary script unknown\n', referer: http://saratogahistory.com/wp-login.php
[Thu Sep 17 02:46:16.745153 2020] [proxy_fcgi:error] [pid 1501:tid 139796414433024] [client 198.211.117.96:54598] AH01071: Got error 'Primary script unknown\n', referer: http://saratogahistory.com/wp-login.php
[Thu Sep 17 02:56:48.348892 2020] [proxy_fcgi:error] [pid 1501:tid 139796309534464] [client 103.225.132.249:35690] AH01071: Got error 'Primary script unknown\n'
[Thu Sep 17 03:21:55.920476 2020] [core:crit] [pid 1501:tid 139796351493888] (13)Permission denied: [client 31.220.3.107:38644] AH00529: /var/www/vhosts/saratogahistory.com/httpdocs/phpBB/.htaccess pcfg_openfile: unable to check htaccess file, ensure it is readable and that '/var/www/vhosts/saratogahistory.com/httpdocs/phpBB/' is executable, referer: http://www.saratogahistory.com/phpBB/index.php
[Thu Sep 17 03:23:39.511647 2020] [core:crit] [pid 685:tid 139796351493888] (13)Permission denied: [client 78.138.157.42:44544] AH00529: /var/www/vhosts/saratogahistory.com/httpdocs/phpBB/.htaccess pcfg_openfile: unable to check htaccess file, ensure it is readable and that '/var/www/vhosts/saratogahistory.com/httpdocs/phpBB/' is executable, referer: http://www.saratogahistory.com/phpBB/index.php
[Thu Sep 17 03:32:58.007242 2020] [proxy_fcgi:error] [pid 685:tid 139796601042688] [client 159.89.116.255:49498] AH01071: Got error 'Primary script unknown\n'
[Thu Sep 17 03:33:09.247340 2020] [proxy_fcgi:error] [pid 1501:tid 139796466882304] [client 185.65.246.101:50184] AH01071: Got error 'Primary script unknown\n'
[Thu Sep 17 03:38:15.660752 2020] [core:crit] [pid 1501:tid 139796372473600] (13)Permission denied: [client 51.81.238.114:40804] AH00529: /var/www/vhosts/saratogahistory.com/httpdocs/phpBB/.htaccess pcfg_openfile: unable to check htaccess file, ensure it is readable and that '/var/www/vhosts/saratogahistory.com/httpdocs/phpBB/' is executable, referer: http://www.saratogahistory.com/phpBB/index.php
[Thu Sep 17 04:05:36.265891 2020] [core:crit] [pid 1501:tid 139796466882304] (13)Permission denied: [client 178.159.37.58:53896] AH00529: /var/www/vhosts/saratogahistory.com/httpdocs/phpBB/.htaccess pcfg_openfile: unable to check htaccess file, ensure it is readable and that '/var/www/vhosts/saratogahistory.com/httpdocs/phpBB/' is executable, referer: http://www.saratogahistory.com/phpBB/index.php
[Thu Sep 17 04:25:44.184637 2020] [core:crit] [pid 1501:tid 139796372473600] (13)Permission denied: [client 216.244.66.235:51568] AH00529: /var/www/vhosts/saratogahistory.com/httpdocs/phpBB/.htaccess pcfg_openfile: unable to check htaccess file, ensure it is readable and that '/var/www/vhosts/saratogahistory.com/httpdocs/phpBB/' is executable
[Thu Sep 17 05:28:34.502772 2020] [core:crit] [pid 1501:tid 139796477372160] (13)Permission denied: [client 171.25.193.78:41724] AH00529: /var/www/vhosts/saratogahistory.com/httpdocs/phpBB/.htaccess pcfg_openfile: unable to check htaccess file, ensure it is readable and that '/var/www/vhosts/saratogahistory.com/httpdocs/phpBB/' is executable, referer: http://www.saratogahistory.com/phpBB/index.php
[Thu Sep 17 05:39:00.884552 2020] [core:crit] [pid 1501:tid 139796424922880] (13)Permission denied: [client 185.220.100.242:50526] AH00529: /var/www/vhosts/saratogahistory.com/httpdocs/phpBB/.htaccess pcfg_openfile: unable to check htaccess file, ensure it is readable and that '/var/www/vhosts/saratogahistory.com/httpdocs/phpBB/' is executable, referer: http://www.saratogahistory.com/phpBB/index.php
[Thu Sep 17 06:35:40.937136 2020] [core:crit] [pid 1501:tid 139796330514176] (13)Permission denied: [client 185.216.195.194:53402] AH00529: /var/www/vhosts/saratogahistory.com/httpdocs/phpBB/.htaccess pcfg_openfile: unable to check htaccess file, ensure it is readable and that '/var/www/vhosts/saratogahistory.com/httpdocs/phpBB/' is executable, referer: http://www.saratogahistory.com/phpBB/index.php
[Thu Sep 17 06:43:25.735444 2020] [core:crit] [pid 685:tid 139796372473600] (13)Permission denied: [client 185.25.35.12:53892] AH00529: /var/www/vhosts/saratogahistory.com/httpdocs/phpBB/.htaccess pcfg_openfile: unable to check htaccess file, ensure it is readable and that '/var/www/vhosts/saratogahistory.com/httpdocs/phpBB/' is executable
[Thu Sep 17 07:22:18.076219 2020] [core:crit] [pid 1501:tid 139796466882304] (13)Permission denied: [client 91.250.242.12:55290] AH00529: /var/www/vhosts/saratogahistory.com/httpdocs/phpBB/.htaccess pcfg_openfile: unable to check htaccess file, ensure it is readable and that '/var/www/vhosts/saratogahistory.com/httpdocs/phpBB/' is executable, referer: http://www.saratogahistory.com/phpBB/index.php
[Thu Sep 17 07:22:58.065530 2020] [core:crit] [pid 686:tid 139796414433024] (13)Permission denied: [client 185.25.35.10:58182] AH00529: /var/www/vhosts/saratogahistory.com/httpdocs/phpBB/.htaccess pcfg_openfile: unable to check htaccess file, ensure it is readable and that '/var/www/vhosts/saratogahistory.com/httpdocs/phpBB/' is executable
[Thu Sep 17 07:26:47.311981 2020] [core:crit] [pid 687:tid 139796341004032] (13)Permission denied: [client 92.38.136.69:50062] AH00529: /var/www/vhosts/saratogahistory.com/httpdocs/phpBB/.htaccess pcfg_openfile: unable to check htaccess file, ensure it is readable and that '/var/www/vhosts/saratogahistory.com/httpdocs/phpBB/' is executable, referer: http://www.saratogahistory.com/phpBB/index.php
[Thu Sep 17 07:38:01.233036 2020] [core:crit] [pid 1501:tid 139796435412736] (13)Permission denied: [client 109.70.100.44:48890] AH00529: /var/www/vhosts/saratogahistory.com/httpdocs/phpBB/.htaccess pcfg_openfile: unable to check htaccess file, ensure it is readable and that '/var/www/vhosts/saratogahistory.com/httpdocs/phpBB/' is executable, referer: http://www.saratogahistory.com/phpBB/index.php
[Thu Sep 17 08:18:04.620702 2020] [core:crit] [pid 1501:tid 139796487862016] (13)Permission denied: [client 165.22.16.76:58288] AH00529: /var/www/vhosts/saratogahistory.com/httpdocs/phpBB/.htaccess pcfg_openfile: unable to check htaccess file, ensure it is readable and that '/var/www/vhosts/saratogahistory.com/httpdocs/phpBB/' is executable, referer: http://www.saratogahistory.com/phpBB/index.php
[Thu Sep 17 08:27:32.909514 2020] [core:crit] [pid 685:tid 139796361983744] (13)Permission denied: [client 188.163.109.153:34678] AH00529: /var/www/vhosts/saratogahistory.com/httpdocs/phpBB/.htaccess pcfg_openfile: unable to check htaccess file, ensure it is readable and that '/var/www/vhosts/saratogahistory.com/httpdocs/phpBB/' is executable, referer: http://www.saratogahistory.com/phpBB/index.php
[Thu Sep 17 08:27:33.361895 2020] [core:crit] [pid 1501:tid 139796288554752] (13)Permission denied: [client 188.163.109.153:34696] AH00529: /var/www/vhosts/saratogahistory.com/httpdocs/phpBB/.htaccess pcfg_openfile: unable to check htaccess file, ensure it is readable and that '/var/www/vhosts/saratogahistory.com/httpdocs/phpBB/' is executable, referer: http://www.saratogahistory.com/phpBB/index.php
[Thu Sep 17 09:08:17.028492 2020] [core:crit] [pid 687:tid 139796309534464] (13)Permission denied: [client 185.25.35.10:33276] AH00529: /var/www/vhosts/saratogahistory.com/httpdocs/phpBB/.htaccess pcfg_openfile: unable to check htaccess file, ensure it is readable and that '/var/www/vhosts/saratogahistory.com/httpdocs/phpBB/' is executable
[Thu Sep 17 09:19:33.477892 2020] [core:crit] [pid 1501:tid 139796611532544] (13)Permission denied: [client 185.220.101.206:46046] AH00529: /var/www/vhosts/saratogahistory.com/httpdocs/phpBB/.htaccess pcfg_openfile: unable to check htaccess file, ensure it is readable and that '/var/www/vhosts/saratogahistory.com/httpdocs/phpBB/' is executable, referer: http://www.saratogahistory.com/phpBB/index.php
[Thu Sep 17 09:21:23.721976 2020] [core:crit] [pid 1501:tid 139796341004032] (13)Permission denied: [client 185.25.35.13:53012] AH00529: /var/www/vhosts/saratogahistory.com/httpdocs/phpBB/.htaccess pcfg_openfile: unable to check htaccess file, ensure it is readable and that '/var/www/vhosts/saratogahistory.com/httpdocs/phpBB/' is executable
[Thu Sep 17 09:41:08.812012 2020] [core:crit] [pid 685:tid 139796601042688] (13)Permission denied: [client 178.175.132.69:60188] AH00529: /var/www/vhosts/saratogahistory.com/httpdocs/phpBB/.htaccess pcfg_openfile: unable to check htaccess file, ensure it is readable and that '/var/www/vhosts/saratogahistory.com/httpdocs/phpBB/' is executable, referer: http://www.saratogahistory.com/phpBB/index.php
[Thu Sep 17 09:46:21.446758 2020] [core:crit] [pid 685:tid 139796590552832] (13)Permission denied: [client 185.220.102.8:48556] AH00529: /var/www/vhosts/saratogahistory.com/httpdocs/phpBB/.htaccess pcfg_openfile: unable to check htaccess file, ensure it is readable and that '/var/www/vhosts/saratogahistory.com/httpdocs/phpBB/' is executable, referer: http://www.saratogahistory.com/phpBB/index.php
[Thu Sep 17 11:05:08.144147 2020] [core:crit] [pid 1501:tid 139796372473600] (13)Permission denied: [client 66.249.64.28:48458] AH00529: /var/www/vhosts/saratogahistory.com/httpdocs/phpBB/.htaccess pcfg_openfile: unable to check htaccess file, ensure it is readable and that '/var/www/vhosts/saratogahistory.com/httpdocs/phpBB/' is executable
[Thu Sep 17 11:09:59.146266 2020] [core:crit] [pid 1501:tid 139796299044608] (13)Permission denied: [client 216.244.66.235:43014] AH00529: /var/www/vhosts/saratogahistory.com/httpdocs/phpBB/.htaccess pcfg_openfile: unable to check htaccess file, ensure it is readable and that '/var/www/vhosts/saratogahistory.com/httpdocs/phpBB/' is executable
[Thu Sep 17 11:28:51.225089 2020] [core:crit] [pid 1501:tid 139796403943168] (13)Permission denied: [client 77.247.181.162:39258] AH00529: /var/www/vhosts/saratogahistory.com/httpdocs/phpBB/.htaccess pcfg_openfile: unable to check htaccess file, ensure it is readable and that '/var/www/vhosts/saratogahistory.com/httpdocs/phpBB/' is executable, referer: http://www.saratogahistory.com/phpBB/index.php
[Thu Sep 17 12:50:44.081261 2020] [core:crit] [pid 1501:tid 139796477372160] (13)Permission denied: [client 66.249.64.28:47594] AH00529: /var/www/vhosts/saratogahistory.com/httpdocs/phpBB/.htaccess pcfg_openfile: unable to check htaccess file, ensure it is readable and that '/var/www/vhosts/saratogahistory.com/httpdocs/phpBB/' is executable
[Thu Sep 17 13:23:51.237273 2020] [core:crit] [pid 685:tid 139796351493888] (13)Permission denied: [client 185.25.35.8:45366] AH00529: /var/www/vhosts/saratogahistory.com/httpdocs/phpBB/.htaccess pcfg_openfile: unable to check htaccess file, ensure it is readable and that '/var/www/vhosts/saratogahistory.com/httpdocs/phpBB/' is executable
[Thu Sep 17 13:30:24.438383 2020] [core:crit] [pid 1501:tid 139796403943168] (13)Permission denied: [client 109.70.100.46:34354] AH00529: /var/www/vhosts/saratogahistory.com/httpdocs/phpBB/.htaccess pcfg_openfile: unable to check htaccess file, ensure it is readable and that '/var/www/vhosts/saratogahistory.com/httpdocs/phpBB/' is executable, referer: http://www.saratogahistory.com/phpBB/index.php
[Thu Sep 17 13:36:00.077508 2020] [core:crit] [pid 685:tid 139796320024320] (13)Permission denied: [client 174.76.35.7:49690] AH00529: /var/www/vhosts/saratogahistory.com/httpdocs/phpBB/.htaccess pcfg_openfile: unable to check htaccess file, ensure it is readable and that '/var/www/vhosts/saratogahistory.com/httpdocs/phpBB/' is executable, referer: http://www.saratogahistory.com/phpBB/index.php
[Thu Sep 17 13:36:33.755309 2020] [proxy_fcgi:error] [pid 1501:tid 139796320024320] [client 174.76.35.7:51262] AH01071: Got error 'Primary script unknown\n', referer: http://www.saratogahistory.com/index.php
[Thu Sep 17 13:36:48.931858 2020] [proxy_fcgi:error] [pid 1501:tid 139796351493888] [client 174.76.35.7:51990] AH01071: Got error 'Primary script unknown\n', referer: http://www.saratogahistory.com/index.php
[Thu Sep 17 13:37:15.216134 2020] [core:crit] [pid 685:tid 139796288554752] (13)Permission denied: [client 91.109.29.97:53106] AH00529: /var/www/vhosts/saratogahistory.com/httpdocs/phpBB/.htaccess pcfg_openfile: unable to check htaccess file, ensure it is readable and that '/var/www/vhosts/saratogahistory.com/httpdocs/phpBB/' is executable, referer: http://www.saratogahistory.com/phpBB/index.php
[Thu Sep 17 14:00:23.611681 2020] [core:crit] [pid 1501:tid 139796580062976] (13)Permission denied: [client 40.77.167.110:54298] AH00529: /var/www/vhosts/saratogahistory.com/httpdocs/phpBB/.htaccess pcfg_openfile: unable to check htaccess file, ensure it is readable and that '/var/www/vhosts/saratogahistory.com/httpdocs/phpBB/' is executable
[Thu Sep 17 14:04:46.275325 2020] [core:crit] [pid 685:tid 139796361983744] (13)Permission denied: [client 185.25.35.10:36804] AH00529: /var/www/vhosts/saratogahistory.com/httpdocs/phpBB/.htaccess pcfg_openfile: unable to check htaccess file, ensure it is readable and that '/var/www/vhosts/saratogahistory.com/httpdocs/phpBB/' is executable
[Thu Sep 17 14:22:47.458230 2020] [core:crit] [pid 685:tid 139796382963456] (13)Permission denied: [client 37.115.218.222:37712] AH00529: /var/www/vhosts/saratogahistory.com/httpdocs/phpBB/.htaccess pcfg_openfile: unable to check htaccess file, ensure it is readable and that '/var/www/vhosts/saratogahistory.com/httpdocs/phpBB/' is executable, referer: http://www.saratogahistory.com/phpBB/index.php
[Thu Sep 17 15:13:49.325518 2020] [core:crit] [pid 685:tid 139796361983744] (13)Permission denied: [client 185.25.35.15:41302] AH00529: /var/www/vhosts/saratogahistory.com/httpdocs/phpBB/.htaccess pcfg_openfile: unable to check htaccess file, ensure it is readable and that '/var/www/vhosts/saratogahistory.com/httpdocs/phpBB/' is executable
[Thu Sep 17 15:24:01.174608 2020] [core:crit] [pid 1501:tid 139796320024320] (13)Permission denied: [client 185.25.35.14:41474] AH00529: /var/www/vhosts/saratogahistory.com/httpdocs/phpBB/.htaccess pcfg_openfile: unable to check htaccess file, ensure it is readable and that '/var/www/vhosts/saratogahistory.com/httpdocs/phpBB/' is executable
[Thu Sep 17 15:24:39.206722 2020] [core:crit] [pid 1501:tid 139796361983744] (13)Permission denied: [client 185.220.101.134:43592] AH00529: /var/www/vhosts/saratogahistory.com/httpdocs/phpBB/.htaccess pcfg_openfile: unable to check htaccess file, ensure it is readable and that '/var/www/vhosts/saratogahistory.com/httpdocs/phpBB/' is executable, referer: http://www.saratogahistory.com/phpBB/index.php
[Thu Sep 17 15:37:31.763133 2020] [core:crit] [pid 685:tid 139796361983744] (13)Permission denied: [client 66.249.64.26:52956] AH00529: /var/www/vhosts/saratogahistory.com/httpdocs/phpBB/.htaccess pcfg_openfile: unable to check htaccess file, ensure it is readable and that '/var/www/vhosts/saratogahistory.com/httpdocs/phpBB/' is executable
[Thu Sep 17 15:38:54.884380 2020] [core:crit] [pid 1501:tid 139796351493888] (13)Permission denied: [client 158.69.201.47:56870] AH00529: /var/www/vhosts/saratogahistory.com/httpdocs/phpBB/.htaccess pcfg_openfile: unable to check htaccess file, ensure it is readable and that '/var/www/vhosts/saratogahistory.com/httpdocs/phpBB/' is executable, referer: http://www.saratogahistory.com/phpBB/index.php
[Thu Sep 17 16:02:02.790115 2020] [core:crit] [pid 1501:tid 139796288554752] (13)Permission denied: [client 185.12.45.116:59044] AH00529: /var/www/vhosts/saratogahistory.com/httpdocs/phpBB/.htaccess pcfg_openfile: unable to check htaccess file, ensure it is readable and that '/var/www/vhosts/saratogahistory.com/httpdocs/phpBB/' is executable, referer: http://www.saratogahistory.com/phpBB/index.php
[Thu Sep 17 16:14:07.195265 2020] [core:crit] [pid 685:tid 139796590552832] (13)Permission denied: [client 203.101.178.13:34746] AH00529: /var/www/vhosts/saratogahistory.com/httpdocs/phpBB/.htaccess pcfg_openfile: unable to check htaccess file, ensure it is readable and that '/var/www/vhosts/saratogahistory.com/httpdocs/phpBB/' is executable, referer: http://www.saratogahistory.com/phpBB/index.php
[Thu Sep 17 16:14:16.931659 2020] [proxy_fcgi:error] [pid 1501:tid 139796601042688] [client 203.101.178.13:35164] AH01071: Got error 'Primary script unknown\n', referer: http://www.saratogahistory.com/index.php
[Thu Sep 17 16:14:20.638275 2020] [proxy_fcgi:error] [pid 1501:tid 139796288554752] [client 203.101.178.13:35358] AH01071: Got error 'Primary script unknown\n', referer: http://www.saratogahistory.com/index.php
[Thu Sep 17 16:14:25.050468 2020] [proxy_fcgi:error] [pid 1501:tid 139796580062976] [client 203.101.178.13:35562] AH01071: Got error 'Primary script unknown\n', referer: http://www.saratogahistory.com/index.php
[Thu Sep 17 16:17:11.652172 2020] [core:crit] [pid 1501:tid 139796569573120] (13)Permission denied: [client 66.249.64.26:48938] AH00529: /var/www/vhosts/saratogahistory.com/httpdocs/phpBB/.htaccess pcfg_openfile: unable to check htaccess file, ensure it is readable and that '/var/www/vhosts/saratogahistory.com/httpdocs/phpBB/' is executable
[Thu Sep 17 16:17:53.935887 2020] [core:crit] [pid 1501:tid 139796403943168] (13)Permission denied: [client 37.113.164.113:50506] AH00529: /var/www/vhosts/saratogahistory.com/httpdocs/phpBB/.htaccess pcfg_openfile: unable to check htaccess file, ensure it is readable and that '/var/www/vhosts/saratogahistory.com/httpdocs/phpBB/' is executable, referer: http://www.saratogahistory.com/phpBB/index.php
[Thu Sep 17 16:24:19.429633 2020] [core:crit] [pid 1501:tid 139796580062976] (13)Permission denied: [client 216.244.66.235:39784] AH00529: /var/www/vhosts/saratogahistory.com/httpdocs/phpBB/.htaccess pcfg_openfile: unable to check htaccess file, ensure it is readable and that '/var/www/vhosts/saratogahistory.com/httpdocs/phpBB/' is executable
[Thu Sep 17 17:22:45.811665 2020] [core:crit] [pid 1501:tid 139796424922880] (13)Permission denied: [client 18.27.197.252:48278] AH00529: /var/www/vhosts/saratogahistory.com/httpdocs/phpBB/.htaccess pcfg_openfile: unable to check htaccess file, ensure it is readable and that '/var/www/vhosts/saratogahistory.com/httpdocs/phpBB/' is executable, referer: http://www.saratogahistory.com/phpBB/index.php
[Thu Sep 17 17:26:44.134878 2020] [core:crit] [pid 1501:tid 139796299044608] (13)Permission denied: [client 171.35.163.40:57896] AH00529: /var/www/vhosts/saratogahistory.com/httpdocs/phpBB/.htaccess pcfg_openfile: unable to check htaccess file, ensure it is readable and that '/var/www/vhosts/saratogahistory.com/httpdocs/phpBB/' is executable, referer: http://www.saratogahistory.com/phpBB/index.php
[Thu Sep 17 17:26:55.330442 2020] [proxy_fcgi:error] [pid 1501:tid 139796330514176] [client 171.35.163.40:58458] AH01071: Got error 'Primary script unknown\n', referer: http://www.saratogahistory.com/index.php
[Thu Sep 17 17:26:57.483503 2020] [proxy_fcgi:error] [pid 1501:tid 139796288554752] [client 171.35.163.40:58526] AH01071: Got error 'Primary script unknown\n', referer: http://www.saratogahistory.com/index.php
[Thu Sep 17 17:26:59.385770 2020] [proxy_fcgi:error] [pid 1501:tid 139796477372160] [client 171.35.163.40:58590] AH01071: Got error 'Primary script unknown\n', referer: http://www.saratogahistory.com/index.php
[Thu Sep 17 17:36:51.683222 2020] [core:crit] [pid 685:tid 139796341004032] (13)Permission denied: [client 217.79.178.53:54820] AH00529: /var/www/vhosts/saratogahistory.com/httpdocs/phpBB/.htaccess pcfg_openfile: unable to check htaccess file, ensure it is readable and that '/var/www/vhosts/saratogahistory.com/httpdocs/phpBB/' is executable, referer: http://www.saratogahistory.com/phpBB/index.php
[Thu Sep 17 18:07:33.060826 2020] [core:crit] [pid 685:tid 139796466882304] (13)Permission denied: [client 66.249.64.27:44768] AH00529: /var/www/vhosts/saratogahistory.com/httpdocs/phpBB/.htaccess pcfg_openfile: unable to check htaccess file, ensure it is readable and that '/var/www/vhosts/saratogahistory.com/httpdocs/phpBB/' is executable
[Thu Sep 17 18:07:42.571885 2020] [core:crit] [pid 685:tid 139796435412736] (13)Permission denied: [client 178.175.132.69:45144] AH00529: /var/www/vhosts/saratogahistory.com/httpdocs/phpBB/.htaccess pcfg_openfile: unable to check htaccess file, ensure it is readable and that '/var/www/vhosts/saratogahistory.com/httpdocs/phpBB/' is executable, referer: http://www.saratogahistory.com/phpBB/index.php
[Thu Sep 17 18:27:34.314117 2020] [core:crit] [pid 1501:tid 139796309534464] (13)Permission denied: [client 66.249.64.28:34362] AH00529: /var/www/vhosts/saratogahistory.com/httpdocs/phpBB/.htaccess pcfg_openfile: unable to check htaccess file, ensure it is readable and that '/var/www/vhosts/saratogahistory.com/httpdocs/phpBB/' is executable
[Thu Sep 17 19:30:04.858039 2020] [core:crit] [pid 686:tid 139796341004032] (13)Permission denied: [client 104.248.88.112:37444] AH00529: /var/www/vhosts/saratogahistory.com/httpdocs/phpBB/.htaccess pcfg_openfile: unable to check htaccess file, ensure it is readable and that '/var/www/vhosts/saratogahistory.com/httpdocs/phpBB/' is executable, referer: http://www.saratogahistory.com/phpBB/index.php
[Thu Sep 17 19:35:41.090188 2020] [core:crit] [pid 1501:tid 139796445902592] (13)Permission denied: [client 176.10.99.200:49320] AH00529: /var/www/vhosts/saratogahistory.com/httpdocs/phpBB/.htaccess pcfg_openfile: unable to check htaccess file, ensure it is readable and that '/var/www/vhosts/saratogahistory.com/httpdocs/phpBB/' is executable, referer: http://www.saratogahistory.com/phpBB/index.php
[Thu Sep 17 19:40:05.372917 2020] [core:crit] [pid 1501:tid 139796288554752] (13)Permission denied: [client 185.25.35.14:59946] AH00529: /var/www/vhosts/saratogahistory.com/httpdocs/phpBB/.htaccess pcfg_openfile: unable to check htaccess file, ensure it is readable and that '/var/www/vhosts/saratogahistory.com/httpdocs/phpBB/' is executable
[Thu Sep 17 20:07:11.093055 2020] [core:crit] [pid 1501:tid 139796414433024] (13)Permission denied: [client 66.249.64.26:34984] AH00529: /var/www/vhosts/saratogahistory.com/httpdocs/phpBB/.htaccess pcfg_openfile: unable to check htaccess file, ensure it is readable and that '/var/www/vhosts/saratogahistory.com/httpdocs/phpBB/' is executable
[Thu Sep 17 20:15:14.799556 2020] [core:crit] [pid 1501:tid 139796580062976] (13)Permission denied: [client 185.25.35.12:52842] AH00529: /var/www/vhosts/saratogahistory.com/httpdocs/phpBB/.htaccess pcfg_openfile: unable to check htaccess file, ensure it is readable and that '/var/www/vhosts/saratogahistory.com/httpdocs/phpBB/' is executable
[Thu Sep 17 20:41:24.601814 2020] [core:crit] [pid 1501:tid 139796611532544] (13)Permission denied: [client 178.168.197.232:51532] AH00529: /var/www/vhosts/saratogahistory.com/httpdocs/phpBB/.htaccess pcfg_openfile: unable to check htaccess file, ensure it is readable and that '/var/www/vhosts/saratogahistory.com/httpdocs/phpBB/' is executable, referer: http://www.saratogahistory.com/phpBB/index.php
[Thu Sep 17 20:56:46.369816 2020] [core:crit] [pid 1501:tid 139796580062976] (13)Permission denied: [client 193.169.253.35:55110] AH00529: /var/www/vhosts/saratogahistory.com/httpdocs/phpBB/.htaccess pcfg_openfile: unable to check htaccess file, ensure it is readable and that '/var/www/vhosts/saratogahistory.com/httpdocs/phpBB/' is executable, referer: http://www.saratogahistory.com/phpBB/index.php
[Thu Sep 17 21:23:03.700430 2020] [core:crit] [pid 1501:tid 139796456392448] (13)Permission denied: [client 109.70.100.48:51830] AH00529: /var/www/vhosts/saratogahistory.com/httpdocs/phpBB/.htaccess pcfg_openfile: unable to check htaccess file, ensure it is readable and that '/var/www/vhosts/saratogahistory.com/httpdocs/phpBB/' is executable, referer: http://www.saratogahistory.com/phpBB/index.php
[Thu Sep 17 21:30:01.447018 2020] [core:crit] [pid 685:tid 139796601042688] (13)Permission denied: [client 185.25.35.14:36102] AH00529: /var/www/vhosts/saratogahistory.com/httpdocs/phpBB/.htaccess pcfg_openfile: unable to check htaccess file, ensure it is readable and that '/var/www/vhosts/saratogahistory.com/httpdocs/phpBB/' is executable
[Thu Sep 17 21:31:41.880792 2020] [core:crit] [pid 1501:tid 139796382963456] (13)Permission denied: [client 5.188.84.230:38820] AH00529: /var/www/vhosts/saratogahistory.com/httpdocs/phpBB/.htaccess pcfg_openfile: unable to check htaccess file, ensure it is readable and that '/var/www/vhosts/saratogahistory.com/httpdocs/phpBB/' is executable, referer: http://www.saratogahistory.com/phpBB/
[Thu Sep 17 21:40:33.683681 2020] [core:crit] [pid 1501:tid 139796569573120] (13)Permission denied: [client 77.247.181.165:56724] AH00529: /var/www/vhosts/saratogahistory.com/httpdocs/phpBB/.htaccess pcfg_openfile: unable to check htaccess file, ensure it is readable and that '/var/www/vhosts/saratogahistory.com/httpdocs/phpBB/' is executable, referer: http://www.saratogahistory.com/phpBB/index.php
[Thu Sep 17 21:41:08.137720 2020] [core:crit] [pid 685:tid 139796414433024] (13)Permission denied: [client 185.25.35.10:57938] AH00529: /var/www/vhosts/saratogahistory.com/httpdocs/phpBB/.htaccess pcfg_openfile: unable to check htaccess file, ensure it is readable and that '/var/www/vhosts/saratogahistory.com/httpdocs/phpBB/' is executable
[Thu Sep 17 22:32:50.618559 2020] [core:crit] [pid 685:tid 139796299044608] (13)Permission denied: [client 185.220.101.194:46414] AH00529: /var/www/vhosts/saratogahistory.com/httpdocs/phpBB/.htaccess pcfg_openfile: unable to check htaccess file, ensure it is readable and that '/var/www/vhosts/saratogahistory.com/httpdocs/phpBB/' is executable, referer: http://www.saratogahistory.com/phpBB/index.php
[Thu Sep 17 22:37:31.106604 2020] [core:crit] [pid 1501:tid 139796403943168] (13)Permission denied: [client 216.244.66.235:54222] AH00529: /var/www/vhosts/saratogahistory.com/httpdocs/phpBB/.htaccess pcfg_openfile: unable to check htaccess file, ensure it is readable and that '/var/www/vhosts/saratogahistory.com/httpdocs/phpBB/' is executable
[Thu Sep 17 22:37:41.781961 2020] [core:crit] [pid 1501:tid 139796435412736] (13)Permission denied: [client 66.249.64.26:54530] AH00529: /var/www/vhosts/saratogahistory.com/httpdocs/phpBB/.htaccess pcfg_openfile: unable to check htaccess file, ensure it is readable and that '/var/www/vhosts/saratogahistory.com/httpdocs/phpBB/' is executable
[Thu Sep 17 22:38:22.669633 2020] [core:crit] [pid 685:tid 139796330514176] (13)Permission denied: [client 66.249.64.28:55500] AH00529: /var/www/vhosts/saratogahistory.com/httpdocs/phpBB/.htaccess pcfg_openfile: unable to check htaccess file, ensure it is readable and that '/var/www/vhosts/saratogahistory.com/httpdocs/phpBB/' is executable
[Thu Sep 17 22:39:23.371702 2020] [core:crit] [pid 685:tid 139796611532544] (13)Permission denied: [client 66.249.64.27:57062] AH00529: /var/www/vhosts/saratogahistory.com/httpdocs/phpBB/.htaccess pcfg_openfile: unable to check htaccess file, ensure it is readable and that '/var/www/vhosts/saratogahistory.com/httpdocs/phpBB/' is executable
[Thu Sep 17 22:40:50.679544 2020] [core:crit] [pid 1501:tid 139796382963456] (13)Permission denied: [client 66.249.64.26:59664] AH00529: /var/www/vhosts/saratogahistory.com/httpdocs/phpBB/.htaccess pcfg_openfile: unable to check htaccess file, ensure it is readable and that '/var/www/vhosts/saratogahistory.com/httpdocs/phpBB/' is executable
[Thu Sep 17 22:42:11.639815 2020] [core:crit] [pid 687:tid 139796611532544] (13)Permission denied: [client 66.249.64.26:33612] AH00529: /var/www/vhosts/saratogahistory.com/httpdocs/phpBB/.htaccess pcfg_openfile: unable to check htaccess file, ensure it is readable and that '/var/www/vhosts/saratogahistory.com/httpdocs/phpBB/' is executable
[Thu Sep 17 22:43:31.188374 2020] [core:crit] [pid 1501:tid 139796372473600] (13)Permission denied: [client 5.45.64.52:36128] AH00529: /var/www/vhosts/saratogahistory.com/httpdocs/phpBB/.htaccess pcfg_openfile: unable to check htaccess file, ensure it is readable and that '/var/www/vhosts/saratogahistory.com/httpdocs/phpBB/' is executable, referer: http://www.saratogahistory.com/
[Thu Sep 17 22:43:34.709627 2020] [core:crit] [pid 1501:tid 139796320024320] (13)Permission denied: [client 51.77.53.174:36268] AH00529: /var/www/vhosts/saratogahistory.com/httpdocs/phpBB/.htaccess pcfg_openfile: unable to check htaccess file, ensure it is readable and that '/var/www/vhosts/saratogahistory.com/httpdocs/phpBB/' is executable, referer: https://zerkalo-hydra2web.com
[Thu Sep 17 22:43:50.496234 2020] [core:crit] [pid 685:tid 139796569573120] (13)Permission denied: [client 66.249.64.26:36720] AH00529: /var/www/vhosts/saratogahistory.com/httpdocs/phpBB/.htaccess pcfg_openfile: unable to check htaccess file, ensure it is readable and that '/var/www/vhosts/saratogahistory.com/httpdocs/phpBB/' is executable
[Thu Sep 17 22:44:19.937841 2020] [core:crit] [pid 687:tid 139796580062976] (13)Permission denied: [client 51.77.53.174:37578] AH00529: /var/www/vhosts/saratogahistory.com/httpdocs/phpBB/.htaccess pcfg_openfile: unable to check htaccess file, ensure it is readable and that '/var/www/vhosts/saratogahistory.com/httpdocs/phpBB/' is executable, referer: https://bit.ly/35fv3B6/
[Thu Sep 17 23:23:08.923608 2020] [core:crit] [pid 685:tid 139796382963456] (13)Permission denied: [client 134.209.21.147:50766] AH00529: /var/www/vhosts/saratogahistory.com/httpdocs/phpBB/.htaccess pcfg_openfile: unable to check htaccess file, ensure it is readable and that '/var/www/vhosts/saratogahistory.com/httpdocs/phpBB/' is executable, referer: http://www.saratogahistory.com/phpBB/index.php
[Thu Sep 17 23:37:25.511290 2020] [core:crit] [pid 685:tid 139796309534464] (13)Permission denied: [client 46.165.230.5:49842] AH00529: /var/www/vhosts/saratogahistory.com/httpdocs/phpBB/.htaccess pcfg_openfile: unable to check htaccess file, ensure it is readable and that '/var/www/vhosts/saratogahistory.com/httpdocs/phpBB/' is executable, referer: http://www.saratogahistory.com/phpBB/index.php
[Fri Sep 18 00:13:07.750114 2020] [core:crit] [pid 685:tid 139796341004032] (13)Permission denied: [client 93.85.75.20:33512] AH00529: /var/www/vhosts/saratogahistory.com/httpdocs/phpBB/.htaccess pcfg_openfile: unable to check htaccess file, ensure it is readable and that '/var/www/vhosts/saratogahistory.com/httpdocs/phpBB/' is executable, referer: http://www.saratogahistory.com/phpBB/index.php
[Fri Sep 18 00:13:08.755544 2020] [proxy_fcgi:error] [pid 1501:tid 139796341004032] [client 93.85.75.20:33530] AH01071: Got error 'Primary script unknown\n', referer: http://www.saratogahistory.com/index.php
[Fri Sep 18 00:13:09.041866 2020] [proxy_fcgi:error] [pid 1501:tid 139796361983744] [client 93.85.75.20:33542] AH01071: Got error 'Primary script unknown\n', referer: http://www.saratogahistory.com/index.php
[Fri Sep 18 00:13:09.358777 2020] [proxy_fcgi:error] [pid 685:tid 139796351493888] [client 93.85.75.20:33574] AH01071: Got error 'Primary script unknown\n', referer: http://www.saratogahistory.com/index.php
[Fri Sep 18 01:26:41.767910 2020] [core:crit] [pid 685:tid 139796393453312] (13)Permission denied: [client 179.43.146.230:52098] AH00529: /var/www/vhosts/saratogahistory.com/httpdocs/phpBB/.htaccess pcfg_openfile: unable to check htaccess file, ensure it is readable and that '/var/www/vhosts/saratogahistory.com/httpdocs/phpBB/' is executable, referer: http://www.saratogahistory.com/phpBB/index.php
[Fri Sep 18 01:37:04.509494 2020] [core:crit] [pid 1501:tid 139796456392448] (13)Permission denied: [client 185.220.102.248:41058] AH00529: /var/www/vhosts/saratogahistory.com/httpdocs/phpBB/.htaccess pcfg_openfile: unable to check htaccess file, ensure it is readable and that '/var/www/vhosts/saratogahistory.com/httpdocs/phpBB/' is executable, referer: http://www.saratogahistory.com/phpBB/index.php
[Fri Sep 18 01:47:22.987674 2020] [core:crit] [pid 685:tid 139796330514176] (13)Permission denied: [client 185.25.35.11:37152] AH00529: /var/www/vhosts/saratogahistory.com/httpdocs/phpBB/.htaccess pcfg_openfile: unable to check htaccess file, ensure it is readable and that '/var/www/vhosts/saratogahistory.com/httpdocs/phpBB/' is executable
[Fri Sep 18 02:29:55.765486 2020] [core:crit] [pid 1501:tid 139796611532544] (13)Permission denied: [client 185.25.35.11:32982] AH00529: /var/www/vhosts/saratogahistory.com/httpdocs/phpBB/.htaccess pcfg_openfile: unable to check htaccess file, ensure it is readable and that '/var/www/vhosts/saratogahistory.com/httpdocs/phpBB/' is executable
[Fri Sep 18 02:51:09.999428 2020] [core:crit] [pid 1501:tid 139796403943168] (13)Permission denied: [client 139.28.38.80:44980] AH00529: /var/www/vhosts/saratogahistory.com/httpdocs/phpBB/.htaccess pcfg_openfile: unable to check htaccess file, ensure it is readable and that '/var/www/vhosts/saratogahistory.com/httpdocs/phpBB/' is executable, referer: http://www.saratogahistory.com/phpBB/index.php
[Fri Sep 18 03:18:03.314012 2020] [core:crit] [pid 1501:tid 139796569573120] (13)Permission denied: [client 199.249.230.144:45248] AH00529: /var/www/vhosts/saratogahistory.com/httpdocs/phpBB/.htaccess pcfg_openfile: unable to check htaccess file, ensure it is readable and that '/var/www/vhosts/saratogahistory.com/httpdocs/phpBB/' is executable, referer: http://www.saratogahistory.com/phpBB/index.php
[Fri Sep 18 03:37:00.134725 2020] [core:crit] [pid 1501:tid 139796382963456] (13)Permission denied: [client 161.35.169.159:60808] AH00529: /var/www/vhosts/saratogahistory.com/httpdocs/phpBB/.htaccess pcfg_openfile: unable to check htaccess file, ensure it is readable and that '/var/www/vhosts/saratogahistory.com/httpdocs/phpBB/' is executable, referer: http://www.saratogahistory.com/phpBB/index.php
[Fri Sep 18 03:39:58.859125 2020] [core:crit] [pid 1501:tid 139796372473600] (13)Permission denied: [client 185.25.35.14:45498] AH00529: /var/www/vhosts/saratogahistory.com/httpdocs/phpBB/.htaccess pcfg_openfile: unable to check htaccess file, ensure it is readable and that '/var/www/vhosts/saratogahistory.com/httpdocs/phpBB/' is executable
[Fri Sep 18 03:41:34.428983 2020] [core:crit] [pid 1501:tid 139796393453312] (13)Permission denied: [client 66.249.64.27:51828] AH00529: /var/www/vhosts/saratogahistory.com/httpdocs/phpBB/.htaccess pcfg_openfile: unable to check htaccess file, ensure it is readable and that '/var/www/vhosts/saratogahistory.com/httpdocs/phpBB/' is executable
[Fri Sep 18 03:51:39.228715 2020] [core:crit] [pid 1501:tid 139796445902592] (13)Permission denied: [client 185.25.35.15:58352] AH00529: /var/www/vhosts/saratogahistory.com/httpdocs/phpBB/.htaccess pcfg_openfile: unable to check htaccess file, ensure it is readable and that '/var/www/vhosts/saratogahistory.com/httpdocs/phpBB/' is executable
[Fri Sep 18 05:21:05.280024 2020] [core:crit] [pid 1501:tid 139796580062976] (13)Permission denied: [client 185.220.102.6:53202] AH00529: /var/www/vhosts/saratogahistory.com/httpdocs/phpBB/.htaccess pcfg_openfile: unable to check htaccess file, ensure it is readable and that '/var/www/vhosts/saratogahistory.com/httpdocs/phpBB/' is executable, referer: http://www.saratogahistory.com/phpBB/index.php
[Fri Sep 18 05:31:40.305843 2020] [core:crit] [pid 687:tid 139796487862016] (13)Permission denied: [client 96.44.183.149:60014] AH00529: /var/www/vhosts/saratogahistory.com/httpdocs/phpBB/.htaccess pcfg_openfile: unable to check htaccess file, ensure it is readable and that '/var/www/vhosts/saratogahistory.com/httpdocs/phpBB/' is executable, referer: http://www.saratogahistory.com/phpBB/index.php
[Fri Sep 18 05:31:50.156946 2020] [proxy_fcgi:error] [pid 1501:tid 139796424922880] [client 96.44.183.149:60808] AH01071: Got error 'Primary script unknown\n', referer: http://www.saratogahistory.com/index.php
[Fri Sep 18 05:31:53.387124 2020] [proxy_fcgi:error] [pid 1501:tid 139796403943168] [client 96.44.183.149:32788] AH01071: Got error 'Primary script unknown\n', referer: http://www.saratogahistory.com/index.php
[Fri Sep 18 05:31:56.520087 2020] [proxy_fcgi:error] [pid 1501:tid 139796435412736] [client 96.44.183.149:33016] AH01071: Got error 'Primary script unknown\n', referer: http://www.saratogahistory.com/index.php
[Fri Sep 18 05:36:35.537526 2020] [core:crit] [pid 685:tid 139796299044608] (13)Permission denied: [client 171.25.193.77:53032] AH00529: /var/www/vhosts/saratogahistory.com/httpdocs/phpBB/.htaccess pcfg_openfile: unable to check htaccess file, ensure it is readable and that '/var/www/vhosts/saratogahistory.com/httpdocs/phpBB/' is executable, referer: http://www.saratogahistory.com/phpBB/index.php
[Fri Sep 18 05:48:17.008134 2020] [core:crit] [pid 1501:tid 139796414433024] (13)Permission denied: [client 216.244.66.235:47792] AH00529: /var/www/vhosts/saratogahistory.com/httpdocs/phpBB/.htaccess pcfg_openfile: unable to check htaccess file, ensure it is readable and that '/var/www/vhosts/saratogahistory.com/httpdocs/phpBB/' is executable
[Fri Sep 18 06:07:21.166294 2020] [core:crit] [pid 1501:tid 139796372473600] (13)Permission denied: [client 178.159.37.58:59694] AH00529: /var/www/vhosts/saratogahistory.com/httpdocs/phpBB/.htaccess pcfg_openfile: unable to check htaccess file, ensure it is readable and that '/var/www/vhosts/saratogahistory.com/httpdocs/phpBB/' is executable, referer: http://www.saratogahistory.com/phpBB/index.php
[Fri Sep 18 06:07:32.301887 2020] [core:crit] [pid 1501:tid 139796309534464] (13)Permission denied: [client 5.188.84.230:60182] AH00529: /var/www/vhosts/saratogahistory.com/httpdocs/phpBB/.htaccess pcfg_openfile: unable to check htaccess file, ensure it is readable and that '/var/www/vhosts/saratogahistory.com/httpdocs/phpBB/' is executable, referer: http://www.saratogahistory.com/phpBB/
[Fri Sep 18 06:41:40.925361 2020] [core:crit] [pid 1501:tid 139796580062976] (13)Permission denied: [client 66.249.64.27:52154] AH00529: /var/www/vhosts/saratogahistory.com/httpdocs/phpBB/.htaccess pcfg_openfile: unable to check htaccess file, ensure it is readable and that '/var/www/vhosts/saratogahistory.com/httpdocs/phpBB/' is executable
[Fri Sep 18 06:47:39.174189 2020] [core:crit] [pid 685:tid 139796361983744] (13)Permission denied: [client 216.244.66.235:51272] AH00529: /var/www/vhosts/saratogahistory.com/httpdocs/phpBB/.htaccess pcfg_openfile: unable to check htaccess file, ensure it is readable and that '/var/www/vhosts/saratogahistory.com/httpdocs/phpBB/' is executable
[Fri Sep 18 07:20:56.521871 2020] [core:crit] [pid 1501:tid 139796590552832] (13)Permission denied: [client 185.220.102.244:46060] AH00529: /var/www/vhosts/saratogahistory.com/httpdocs/phpBB/.htaccess pcfg_openfile: unable to check htaccess file, ensure it is readable and that '/var/www/vhosts/saratogahistory.com/httpdocs/phpBB/' is executable, referer: http://www.saratogahistory.com/phpBB/index.php
[Fri Sep 18 07:36:49.176777 2020] [core:crit] [pid 1501:tid 139796403943168] (13)Permission denied: [client 87.118.116.103:59152] AH00529: /var/www/vhosts/saratogahistory.com/httpdocs/phpBB/.htaccess pcfg_openfile: unable to check htaccess file, ensure it is readable and that '/var/www/vhosts/saratogahistory.com/httpdocs/phpBB/' is executable, referer: http://www.saratogahistory.com/phpBB/index.php
[Fri Sep 18 07:37:05.430426 2020] [core:crit] [pid 685:tid 139796435412736] (13)Permission denied: [client 92.240.140.175:59860] AH00529: /var/www/vhosts/saratogahistory.com/httpdocs/phpBB/.htaccess pcfg_openfile: unable to check htaccess file, ensure it is readable and that '/var/www/vhosts/saratogahistory.com/httpdocs/phpBB/' is executable, referer: http://www.saratogahistory.com/phpBB/index.php
[Fri Sep 18 07:54:31.780013 2020] [core:crit] [pid 1501:tid 139796351493888] (13)Permission denied: [client 185.25.35.11:51488] AH00529: /var/www/vhosts/saratogahistory.com/httpdocs/phpBB/.htaccess pcfg_openfile: unable to check htaccess file, ensure it is readable and that '/var/www/vhosts/saratogahistory.com/httpdocs/phpBB/' is executable
[Fri Sep 18 08:37:55.412734 2020] [core:crit] [pid 1501:tid 139796601042688] (13)Permission denied: [client 185.25.35.13:34258] AH00529: /var/www/vhosts/saratogahistory.com/httpdocs/phpBB/.htaccess pcfg_openfile: unable to check htaccess file, ensure it is readable and that '/var/www/vhosts/saratogahistory.com/httpdocs/phpBB/' is executable
[Fri Sep 18 09:20:01.563790 2020] [core:crit] [pid 687:tid 139796424922880] (13)Permission denied: [client 95.211.230.211:52240] AH00529: /var/www/vhosts/saratogahistory.com/httpdocs/phpBB/.htaccess pcfg_openfile: unable to check htaccess file, ensure it is readable and that '/var/www/vhosts/saratogahistory.com/httpdocs/phpBB/' is executable, referer: http://www.saratogahistory.com/phpBB/index.php
[Fri Sep 18 09:28:01.505787 2020] [core:crit] [pid 687:tid 139796382963456] (13)Permission denied: [client 66.249.64.27:57856] AH00529: /var/www/vhosts/saratogahistory.com/httpdocs/phpBB/.htaccess pcfg_openfile: unable to check htaccess file, ensure it is readable and that '/var/www/vhosts/saratogahistory.com/httpdocs/phpBB/' is executable
[Fri Sep 18 09:29:39.837451 2020] [core:crit] [pid 1501:tid 139796341004032] (13)Permission denied: [client 66.249.64.26:33880] AH00529: /var/www/vhosts/saratogahistory.com/httpdocs/phpBB/.htaccess pcfg_openfile: unable to check htaccess file, ensure it is readable and that '/var/www/vhosts/saratogahistory.com/httpdocs/phpBB/' is executable
[Fri Sep 18 09:31:38.713559 2020] [core:crit] [pid 1501:tid 139796299044608] (13)Permission denied: [client 66.249.64.28:38118] AH00529: /var/www/vhosts/saratogahistory.com/httpdocs/phpBB/.htaccess pcfg_openfile: unable to check htaccess file, ensure it is readable and that '/var/www/vhosts/saratogahistory.com/httpdocs/phpBB/' is executable
[Fri Sep 18 09:33:44.086646 2020] [core:crit] [pid 1501:tid 139796330514176] (13)Permission denied: [client 66.249.64.27:42138] AH00529: /var/www/vhosts/saratogahistory.com/httpdocs/phpBB/.htaccess pcfg_openfile: unable to check htaccess file, ensure it is readable and that '/var/www/vhosts/saratogahistory.com/httpdocs/phpBB/' is executable
[Fri Sep 18 09:34:09.192847 2020] [core:crit] [pid 1501:tid 139796601042688] (13)Permission denied: [client 172.245.27.140:42966] AH00529: /var/www/vhosts/saratogahistory.com/httpdocs/phpBB/.htaccess pcfg_openfile: unable to check htaccess file, ensure it is readable and that '/var/www/vhosts/saratogahistory.com/httpdocs/phpBB/' is executable, referer: http://www.saratogahistory.com/
[Fri Sep 18 09:34:09.432912 2020] [core:crit] [pid 1501:tid 139796288554752] (13)Permission denied: [client 198.12.123.132:42984] AH00529: /var/www/vhosts/saratogahistory.com/httpdocs/phpBB/.htaccess pcfg_openfile: unable to check htaccess file, ensure it is readable and that '/var/www/vhosts/saratogahistory.com/httpdocs/phpBB/' is executable, referer: http://www.saratogahistory.com/
[Fri Sep 18 09:34:09.580253 2020] [core:crit] [pid 1501:tid 139796580062976] (13)Permission denied: [client 104.144.213.107:42996] AH00529: /var/www/vhosts/saratogahistory.com/httpdocs/phpBB/.htaccess pcfg_openfile: unable to check htaccess file, ensure it is readable and that '/var/www/vhosts/saratogahistory.com/httpdocs/phpBB/' is executable, referer: http://www.saratogahistory.com/
[Fri Sep 18 09:34:09.754408 2020] [core:crit] [pid 685:tid 139796393453312] (13)Permission denied: [client 192.186.134.116:43004] AH00529: /var/www/vhosts/saratogahistory.com/httpdocs/phpBB/.htaccess pcfg_openfile: unable to check htaccess file, ensure it is readable and that '/var/www/vhosts/saratogahistory.com/httpdocs/phpBB/' is executable, referer: http://www.saratogahistory.com/
[Fri Sep 18 09:34:56.536056 2020] [core:crit] [pid 685:tid 139796403943168] (13)Permission denied: [client 109.70.100.39:44662] AH00529: /var/www/vhosts/saratogahistory.com/httpdocs/phpBB/.htaccess pcfg_openfile: unable to check htaccess file, ensure it is readable and that '/var/www/vhosts/saratogahistory.com/httpdocs/phpBB/' is executable, referer: http://www.saratogahistory.com/phpBB/index.php
[Fri Sep 18 09:45:54.092941 2020] [core:crit] [pid 685:tid 139796309534464] (13)Permission denied: [client 185.25.35.11:37942] AH00529: /var/www/vhosts/saratogahistory.com/httpdocs/phpBB/.htaccess pcfg_openfile: unable to check htaccess file, ensure it is readable and that '/var/www/vhosts/saratogahistory.com/httpdocs/phpBB/' is executable
[Fri Sep 18 10:01:04.714233 2020] [core:crit] [pid 1501:tid 139796445902592] (13)Permission denied: [client 185.25.35.14:42578] AH00529: /var/www/vhosts/saratogahistory.com/httpdocs/phpBB/.htaccess pcfg_openfile: unable to check htaccess file, ensure it is readable and that '/var/www/vhosts/saratogahistory.com/httpdocs/phpBB/' is executable
[Fri Sep 18 10:01:37.474032 2020] [core:crit] [pid 1501:tid 139796414433024] (13)Permission denied: [client 72.11.148.222:43316] AH00529: /var/www/vhosts/saratogahistory.com/httpdocs/phpBB/.htaccess pcfg_openfile: unable to check htaccess file, ensure it is readable and that '/var/www/vhosts/saratogahistory.com/httpdocs/phpBB/' is executable, referer: http://www.saratogahistory.com/phpBB/index.php
[Fri Sep 18 10:01:41.669579 2020] [proxy_fcgi:error] [pid 1501:tid 139796403943168] [client 72.11.148.222:43410] AH01071: Got error 'Primary script unknown\n', referer: http://www.saratogahistory.com/index.php
[Fri Sep 18 10:01:42.728480 2020] [proxy_fcgi:error] [pid 1501:tid 139796435412736] [client 72.11.148.222:43432] AH01071: Got error 'Primary script unknown\n', referer: http://www.saratogahistory.com/index.php
[Fri Sep 18 10:01:44.722560 2020] [proxy_fcgi:error] [pid 685:tid 139796299044608] [client 72.11.148.222:43484] AH01071: Got error 'Primary script unknown\n', referer: http://www.saratogahistory.com/index.php
[Fri Sep 18 10:21:27.762072 2020] [auth_basic:error] [pid 1501:tid 139796424922880] [client 167.114.90.34:33992] AH01618: user  not found: /admin/
[Fri Sep 18 10:21:57.893143 2020] [auth_basic:error] [pid 687:tid 139796435412736] [client 167.114.90.34:35014] AH01618: user  not found: /admin/
[Fri Sep 18 10:58:13.481321 2020] [core:crit] [pid 685:tid 139796393453312] (13)Permission denied: [client 62.210.188.222:49746] AH00529: /var/www/vhosts/saratogahistory.com/httpdocs/phpBB/.htaccess pcfg_openfile: unable to check htaccess file, ensure it is readable and that '/var/www/vhosts/saratogahistory.com/httpdocs/phpBB/' is executable
[Fri Sep 18 11:01:58.847973 2020] [core:crit] [pid 685:tid 139796403943168] (13)Permission denied: [client 5.188.210.18:37962] AH00529: /var/www/vhosts/saratogahistory.com/httpdocs/phpBB/.htaccess pcfg_openfile: unable to check htaccess file, ensure it is readable and that '/var/www/vhosts/saratogahistory.com/httpdocs/phpBB/' is executable, referer: http://www.saratogahistory.com/phpBB/index.php
[Fri Sep 18 11:16:27.947179 2020] [core:crit] [pid 1501:tid 139796611532544] (13)Permission denied: [client 176.10.99.200:48764] AH00529: /var/www/vhosts/saratogahistory.com/httpdocs/phpBB/.htaccess pcfg_openfile: unable to check htaccess file, ensure it is readable and that '/var/www/vhosts/saratogahistory.com/httpdocs/phpBB/' is executable, referer: http://www.saratogahistory.com/phpBB/index.php
[Fri Sep 18 11:38:16.033305 2020] [core:crit] [pid 1501:tid 139796361983744] (13)Permission denied: [client 51.79.86.177:36876] AH00529: /var/www/vhosts/saratogahistory.com/httpdocs/phpBB/.htaccess pcfg_openfile: unable to check htaccess file, ensure it is readable and that '/var/www/vhosts/saratogahistory.com/httpdocs/phpBB/' is executable, referer: http://www.saratogahistory.com/phpBB/index.php
[Fri Sep 18 11:59:44.640265 2020] [core:crit] [pid 685:tid 139796601042688] (13)Permission denied: [client 172.83.45.208:51050] AH00529: /var/www/vhosts/saratogahistory.com/httpdocs/phpBB/.htaccess pcfg_openfile: unable to check htaccess file, ensure it is readable and that '/var/www/vhosts/saratogahistory.com/httpdocs/phpBB/' is executable, referer: http://www.saratogahistory.com/phpBB/index.php
[Fri Sep 18 12:53:34.613098 2020] [core:crit] [pid 685:tid 139796393453312] (13)Permission denied: [client 66.249.64.27:46014] AH00529: /var/www/vhosts/saratogahistory.com/httpdocs/phpBB/.htaccess pcfg_openfile: unable to check htaccess file, ensure it is readable and that '/var/www/vhosts/saratogahistory.com/httpdocs/phpBB/' is executable
[Fri Sep 18 12:56:04.154879 2020] [core:crit] [pid 1501:tid 139796393453312] (13)Permission denied: [client 216.158.194.148:53116] AH00529: /var/www/vhosts/saratogahistory.com/httpdocs/phpBB/.htaccess pcfg_openfile: unable to check htaccess file, ensure it is readable and that '/var/www/vhosts/saratogahistory.com/httpdocs/phpBB/' is executable
[Fri Sep 18 12:56:04.341681 2020] [core:crit] [pid 685:tid 139796361983744] (13)Permission denied: [client 216.158.194.148:53128] AH00529: /var/www/vhosts/saratogahistory.com/httpdocs/phpBB/.htaccess pcfg_openfile: unable to check htaccess file, ensure it is readable and that '/var/www/vhosts/saratogahistory.com/httpdocs/phpBB/' is executable
[Fri Sep 18 13:22:21.204606 2020] [core:crit] [pid 685:tid 139796466882304] (13)Permission denied: [client 199.249.230.157:41504] AH00529: /var/www/vhosts/saratogahistory.com/httpdocs/phpBB/.htaccess pcfg_openfile: unable to check htaccess file, ensure it is readable and that '/var/www/vhosts/saratogahistory.com/httpdocs/phpBB/' is executable, referer: http://www.saratogahistory.com/phpBB/index.php
[Fri Sep 18 13:39:33.877120 2020] [core:crit] [pid 1501:tid 139796580062976] (13)Permission denied: [client 185.220.100.254:36874] AH00529: /var/www/vhosts/saratogahistory.com/httpdocs/phpBB/.htaccess pcfg_openfile: unable to check htaccess file, ensure it is readable and that '/var/www/vhosts/saratogahistory.com/httpdocs/phpBB/' is executable, referer: http://www.saratogahistory.com/phpBB/index.php
[Fri Sep 18 14:00:35.259163 2020] [proxy_fcgi:error] [pid 685:tid 139796382963456] [client 118.123.11.98:49114] AH01071: Got error 'Primary script unknown\n'
[Fri Sep 18 14:08:56.843337 2020] [core:crit] [pid 1501:tid 139796309534464] (13)Permission denied: [client 185.25.35.11:60366] AH00529: /var/www/vhosts/saratogahistory.com/httpdocs/phpBB/.htaccess pcfg_openfile: unable to check htaccess file, ensure it is readable and that '/var/www/vhosts/saratogahistory.com/httpdocs/phpBB/' is executable
[Fri Sep 18 14:24:03.290762 2020] [proxy_fcgi:error] [pid 1501:tid 139796487862016] [client 23.98.66.71:46436] AH01071: Got error 'Primary script unknown\n'
[Fri Sep 18 14:52:42.513454 2020] [core:crit] [pid 685:tid 139796361983744] (13)Permission denied: [client 185.25.35.9:52742] AH00529: /var/www/vhosts/saratogahistory.com/httpdocs/phpBB/.htaccess pcfg_openfile: unable to check htaccess file, ensure it is readable and that '/var/www/vhosts/saratogahistory.com/httpdocs/phpBB/' is executable
[Fri Sep 18 14:54:41.033893 2020] [core:crit] [pid 1501:tid 139796351493888] (13)Permission denied: [client 66.249.64.28:35010] AH00529: /var/www/vhosts/saratogahistory.com/httpdocs/phpBB/.htaccess pcfg_openfile: unable to check htaccess file, ensure it is readable and that '/var/www/vhosts/saratogahistory.com/httpdocs/phpBB/' is executable
[Fri Sep 18 15:22:06.996811 2020] [core:crit] [pid 1501:tid 139796288554752] (13)Permission denied: [client 209.141.45.189:42780] AH00529: /var/www/vhosts/saratogahistory.com/httpdocs/phpBB/.htaccess pcfg_openfile: unable to check htaccess file, ensure it is readable and that '/var/www/vhosts/saratogahistory.com/httpdocs/phpBB/' is executable, referer: http://www.saratogahistory.com/phpBB/index.php
[Fri Sep 18 15:31:53.521799 2020] [proxy_fcgi:error] [pid 685:tid 139796382963456] [client 23.236.223.5:41870] AH01071: Got error 'Primary script unknown\n'
[Fri Sep 18 15:31:55.872809 2020] [proxy_fcgi:error] [pid 685:tid 139796320024320] [client 23.236.221.41:41978] AH01071: Got error 'Primary script unknown\n'
[Fri Sep 18 15:36:32.176830 2020] [core:crit] [pid 687:tid 139796569573120] (13)Permission denied: [client 198.144.120.30:54102] AH00529: /var/www/vhosts/saratogahistory.com/httpdocs/phpBB/.htaccess pcfg_openfile: unable to check htaccess file, ensure it is readable and that '/var/www/vhosts/saratogahistory.com/httpdocs/phpBB/' is executable, referer: http://www.saratogahistory.com/phpBB/index.php
[Fri Sep 18 15:56:52.339396 2020] [core:crit] [pid 685:tid 139796456392448] (13)Permission denied: [client 185.25.35.9:50368] AH00529: /var/www/vhosts/saratogahistory.com/httpdocs/phpBB/.htaccess pcfg_openfile: unable to check htaccess file, ensure it is readable and that '/var/www/vhosts/saratogahistory.com/httpdocs/phpBB/' is executable
[Fri Sep 18 16:06:50.479389 2020] [core:crit] [pid 1501:tid 139796445902592] (13)Permission denied: [client 185.25.35.14:40832] AH00529: /var/www/vhosts/saratogahistory.com/httpdocs/phpBB/.htaccess pcfg_openfile: unable to check htaccess file, ensure it is readable and that '/var/www/vhosts/saratogahistory.com/httpdocs/phpBB/' is executable
[Fri Sep 18 16:28:18.504296 2020] [core:crit] [pid 685:tid 139796403943168] (13)Permission denied: [client 92.124.161.246:57114] AH00529: /var/www/vhosts/saratogahistory.com/httpdocs/phpBB/.htaccess pcfg_openfile: unable to check htaccess file, ensure it is readable and that '/var/www/vhosts/saratogahistory.com/httpdocs/phpBB/' is executable, referer: http://www.saratogahistory.com/phpBB/index.php
[Fri Sep 18 16:55:48.359091 2020] [core:crit] [pid 1501:tid 139796424922880] (13)Permission denied: [client 66.249.64.28:53940] AH00529: /var/www/vhosts/saratogahistory.com/httpdocs/phpBB/.htaccess pcfg_openfile: unable to check htaccess file, ensure it is readable and that '/var/www/vhosts/saratogahistory.com/httpdocs/phpBB/' is executable
[Fri Sep 18 17:00:48.628314 2020] [core:crit] [pid 686:tid 139796611532544] (13)Permission denied: [client 66.249.64.26:41336] AH00529: /var/www/vhosts/saratogahistory.com/httpdocs/phpBB/.htaccess pcfg_openfile: unable to check htaccess file, ensure it is readable and that '/var/www/vhosts/saratogahistory.com/httpdocs/phpBB/' is executable
[Fri Sep 18 17:05:23.676693 2020] [core:crit] [pid 1501:tid 139796341004032] (13)Permission denied: [client 66.249.64.27:55496] AH00529: /var/www/vhosts/saratogahistory.com/httpdocs/phpBB/.htaccess pcfg_openfile: unable to check htaccess file, ensure it is readable and that '/var/www/vhosts/saratogahistory.com/httpdocs/phpBB/' is executable
[Fri Sep 18 17:22:38.314388 2020] [core:crit] [pid 1501:tid 139796487862016] (13)Permission denied: [client 51.81.82.253:45128] AH00529: /var/www/vhosts/saratogahistory.com/httpdocs/phpBB/.htaccess pcfg_openfile: unable to check htaccess file, ensure it is readable and that '/var/www/vhosts/saratogahistory.com/httpdocs/phpBB/' is executable, referer: http://www.saratogahistory.com/phpBB/index.php
[Fri Sep 18 17:34:50.505013 2020] [core:crit] [pid 1501:tid 139796299044608] (13)Permission denied: [client 31.220.2.132:52832] AH00529: /var/www/vhosts/saratogahistory.com/httpdocs/phpBB/.htaccess pcfg_openfile: unable to check htaccess file, ensure it is readable and that '/var/www/vhosts/saratogahistory.com/httpdocs/phpBB/' is executable, referer: http://www.saratogahistory.com/phpBB/index.php
[Fri Sep 18 18:08:06.163563 2020] [core:crit] [pid 687:tid 139796487862016] (13)Permission denied: [client 188.122.82.146:36800] AH00529: /var/www/vhosts/saratogahistory.com/httpdocs/phpBB/.htaccess pcfg_openfile: unable to check htaccess file, ensure it is readable and that '/var/www/vhosts/saratogahistory.com/httpdocs/phpBB/' is executable, referer: http://www.saratogahistory.com/phpBB/index.php
[Fri Sep 18 18:23:49.666135 2020] [core:crit] [pid 1501:tid 139796569573120] (13)Permission denied: [client 92.124.161.246:56300] AH00529: /var/www/vhosts/saratogahistory.com/httpdocs/phpBB/.htaccess pcfg_openfile: unable to check htaccess file, ensure it is readable and that '/var/www/vhosts/saratogahistory.com/httpdocs/phpBB/' is executable, referer: http://www.saratogahistory.com/phpBB/index.php
[Fri Sep 18 19:25:47.976911 2020] [core:crit] [pid 1501:tid 139796393453312] (13)Permission denied: [client 45.154.255.70:58194] AH00529: /var/www/vhosts/saratogahistory.com/httpdocs/phpBB/.htaccess pcfg_openfile: unable to check htaccess file, ensure it is readable and that '/var/www/vhosts/saratogahistory.com/httpdocs/phpBB/' is executable, referer: http://www.saratogahistory.com/phpBB/index.php
[Fri Sep 18 19:36:48.092083 2020] [core:crit] [pid 687:tid 139796288554752] (13)Permission denied: [client 185.220.101.196:60726] AH00529: /var/www/vhosts/saratogahistory.com/httpdocs/phpBB/.htaccess pcfg_openfile: unable to check htaccess file, ensure it is readable and that '/var/www/vhosts/saratogahistory.com/httpdocs/phpBB/' is executable, referer: http://www.saratogahistory.com/phpBB/index.php
[Fri Sep 18 20:03:13.430289 2020] [core:crit] [pid 686:tid 139796611532544] (13)Permission denied: [client 77.247.111.8:46320] AH00529: /var/www/vhosts/saratogahistory.com/httpdocs/phpBB/.htaccess pcfg_openfile: unable to check htaccess file, ensure it is readable and that '/var/www/vhosts/saratogahistory.com/httpdocs/phpBB/' is executable, referer: https://telfer.ru/p276776991-kran-balka-elektricheskaya.html
[Fri Sep 18 20:33:11.809862 2020] [core:crit] [pid 1501:tid 139796580062976] (13)Permission denied: [client 185.25.35.13:45676] AH00529: /var/www/vhosts/saratogahistory.com/httpdocs/phpBB/.htaccess pcfg_openfile: unable to check htaccess file, ensure it is readable and that '/var/www/vhosts/saratogahistory.com/httpdocs/phpBB/' is executable
[Fri Sep 18 20:39:27.972066 2020] [core:crit] [pid 1501:tid 139796288554752] (13)Permission denied: [client 216.244.66.235:35408] AH00529: /var/www/vhosts/saratogahistory.com/httpdocs/phpBB/.htaccess pcfg_openfile: unable to check htaccess file, ensure it is readable and that '/var/www/vhosts/saratogahistory.com/httpdocs/phpBB/' is executable
[Fri Sep 18 21:11:52.354587 2020] [core:crit] [pid 1501:tid 139796351493888] (13)Permission denied: [client 185.25.35.15:45066] AH00529: /var/www/vhosts/saratogahistory.com/httpdocs/phpBB/.htaccess pcfg_openfile: unable to check htaccess file, ensure it is readable and that '/var/www/vhosts/saratogahistory.com/httpdocs/phpBB/' is executable
[Fri Sep 18 21:16:06.749479 2020] [core:crit] [pid 1501:tid 139796414433024] (13)Permission denied: [client 66.249.64.27:58024] AH00529: /var/www/vhosts/saratogahistory.com/httpdocs/phpBB/.htaccess pcfg_openfile: unable to check htaccess file, ensure it is readable and that '/var/www/vhosts/saratogahistory.com/httpdocs/phpBB/' is executable
[Fri Sep 18 21:20:26.157911 2020] [core:crit] [pid 1501:tid 139796403943168] (13)Permission denied: [client 176.110.134.2:41636] AH00529: /var/www/vhosts/saratogahistory.com/httpdocs/phpBB/.htaccess pcfg_openfile: unable to check htaccess file, ensure it is readable and that '/var/www/vhosts/saratogahistory.com/httpdocs/phpBB/' is executable, referer: http://www.saratogahistory.com/phpBB/index.php
[Fri Sep 18 21:20:27.421018 2020] [proxy_fcgi:error] [pid 1501:tid 139796393453312] [client 176.110.134.2:41720] AH01071: Got error 'Primary script unknown\n', referer: http://www.saratogahistory.com/index.php
[Fri Sep 18 21:20:27.776556 2020] [proxy_fcgi:error] [pid 1501:tid 139796372473600] [client 176.110.134.2:41746] AH01071: Got error 'Primary script unknown\n', referer: http://www.saratogahistory.com/index.php
[Fri Sep 18 21:20:28.115715 2020] [proxy_fcgi:error] [pid 1501:tid 139796351493888] [client 176.110.134.2:41760] AH01071: Got error 'Primary script unknown\n', referer: http://www.saratogahistory.com/index.php
[Fri Sep 18 21:24:23.110007 2020] [core:crit] [pid 685:tid 139796414433024] (13)Permission denied: [client 185.107.47.215:52580] AH00529: /var/www/vhosts/saratogahistory.com/httpdocs/phpBB/.htaccess pcfg_openfile: unable to check htaccess file, ensure it is readable and that '/var/www/vhosts/saratogahistory.com/httpdocs/phpBB/' is executable, referer: http://www.saratogahistory.com/phpBB/index.php
[Fri Sep 18 21:29:44.768335 2020] [core:crit] [pid 687:tid 139796487862016] (13)Permission denied: [client 5.188.84.251:39990] AH00529: /var/www/vhosts/saratogahistory.com/httpdocs/phpBB/.htaccess pcfg_openfile: unable to check htaccess file, ensure it is readable and that '/var/www/vhosts/saratogahistory.com/httpdocs/phpBB/' is executable, referer: http://www.saratogahistory.com/phpBB/index.php
[Fri Sep 18 21:39:47.115939 2020] [core:crit] [pid 685:tid 139796320024320] (13)Permission denied: [client 176.10.104.240:42010] AH00529: /var/www/vhosts/saratogahistory.com/httpdocs/phpBB/.htaccess pcfg_openfile: unable to check htaccess file, ensure it is readable and that '/var/www/vhosts/saratogahistory.com/httpdocs/phpBB/' is executable, referer: http://www.saratogahistory.com/phpBB/index.php
[Fri Sep 18 21:40:17.129012 2020] [core:crit] [pid 686:tid 139796569573120] (13)Permission denied: [client 216.244.66.235:43838] AH00529: /var/www/vhosts/saratogahistory.com/httpdocs/phpBB/.htaccess pcfg_openfile: unable to check htaccess file, ensure it is readable and that '/var/www/vhosts/saratogahistory.com/httpdocs/phpBB/' is executable
[Fri Sep 18 22:13:38.855621 2020] [core:crit] [pid 1501:tid 139796414433024] (13)Permission denied: [client 188.122.82.146:33870] AH00529: /var/www/vhosts/saratogahistory.com/httpdocs/phpBB/.htaccess pcfg_openfile: unable to check htaccess file, ensure it is readable and that '/var/www/vhosts/saratogahistory.com/httpdocs/phpBB/' is executable, referer: http://www.saratogahistory.com/phpBB/index.php
[Fri Sep 18 22:17:46.690760 2020] [core:crit] [pid 1501:tid 139796351493888] (13)Permission denied: [client 185.25.35.10:52628] AH00529: /var/www/vhosts/saratogahistory.com/httpdocs/phpBB/.htaccess pcfg_openfile: unable to check htaccess file, ensure it is readable and that '/var/www/vhosts/saratogahistory.com/httpdocs/phpBB/' is executable
[Fri Sep 18 22:26:49.563769 2020] [core:crit] [pid 1501:tid 139796487862016] (13)Permission denied: [client 185.25.35.15:52008] AH00529: /var/www/vhosts/saratogahistory.com/httpdocs/phpBB/.htaccess pcfg_openfile: unable to check htaccess file, ensure it is readable and that '/var/www/vhosts/saratogahistory.com/httpdocs/phpBB/' is executable
[Fri Sep 18 22:48:37.855528 2020] [core:crit] [pid 685:tid 139796330514176] (13)Permission denied: [client 188.126.89.155:56874] AH00529: /var/www/vhosts/saratogahistory.com/httpdocs/phpBB/.htaccess pcfg_openfile: unable to check htaccess file, ensure it is readable and that '/var/www/vhosts/saratogahistory.com/httpdocs/phpBB/' is executable, referer: http://www.saratogahistory.com/phpBB/index.php
[Fri Sep 18 23:17:35.775153 2020] [core:crit] [pid 685:tid 139796466882304] (13)Permission denied: [client 45.10.165.91:54166] AH00529: /var/www/vhosts/saratogahistory.com/httpdocs/phpBB/.htaccess pcfg_openfile: unable to check htaccess file, ensure it is readable and that '/var/www/vhosts/saratogahistory.com/httpdocs/phpBB/' is executable, referer: http://www.saratogahistory.com/phpBB/index.php
[Fri Sep 18 23:17:39.575764 2020] [core:crit] [pid 1501:tid 139796466882304] (13)Permission denied: [client 5.181.170.15:54346] AH00529: /var/www/vhosts/saratogahistory.com/httpdocs/phpBB/.htaccess pcfg_openfile: unable to check htaccess file, ensure it is readable and that '/var/www/vhosts/saratogahistory.com/httpdocs/phpBB/' is executable, referer: http://www.saratogahistory.com/phpBB/index.php
[Fri Sep 18 23:17:43.527277 2020] [core:crit] [pid 1501:tid 139796288554752] (13)Permission denied: [client 45.132.184.140:54468] AH00529: /var/www/vhosts/saratogahistory.com/httpdocs/phpBB/.htaccess pcfg_openfile: unable to check htaccess file, ensure it is readable and that '/var/www/vhosts/saratogahistory.com/httpdocs/phpBB/' is executable, referer: http://www.saratogahistory.com/phpBB/index.php
[Fri Sep 18 23:17:44.239839 2020] [core:crit] [pid 1501:tid 139796590552832] (13)Permission denied: [client 91.222.239.64:54492] AH00529: /var/www/vhosts/saratogahistory.com/httpdocs/phpBB/.htaccess pcfg_openfile: unable to check htaccess file, ensure it is readable and that '/var/www/vhosts/saratogahistory.com/httpdocs/phpBB/' is executable, referer: http://www.saratogahistory.com/phpBB/index.php
[Fri Sep 18 23:21:44.790299 2020] [core:crit] [pid 685:tid 139796445902592] (13)Permission denied: [client 185.12.45.116:38860] AH00529: /var/www/vhosts/saratogahistory.com/httpdocs/phpBB/.htaccess pcfg_openfile: unable to check htaccess file, ensure it is readable and that '/var/www/vhosts/saratogahistory.com/httpdocs/phpBB/' is executable, referer: http://www.saratogahistory.com/phpBB/index.php
[Fri Sep 18 23:39:55.725545 2020] [core:crit] [pid 1501:tid 139796435412736] (13)Permission denied: [client 217.182.192.217:42416] AH00529: /var/www/vhosts/saratogahistory.com/httpdocs/phpBB/.htaccess pcfg_openfile: unable to check htaccess file, ensure it is readable and that '/var/www/vhosts/saratogahistory.com/httpdocs/phpBB/' is executable, referer: http://www.saratogahistory.com/phpBB/index.php
[Fri Sep 18 23:50:31.801943 2020] [core:crit] [pid 1501:tid 139796601042688] (13)Permission denied: [client 66.249.64.26:47370] AH00529: /var/www/vhosts/saratogahistory.com/httpdocs/phpBB/.htaccess pcfg_openfile: unable to check htaccess file, ensure it is readable and that '/var/www/vhosts/saratogahistory.com/httpdocs/phpBB/' is executable
[Fri Sep 18 23:50:51.636482 2020] [core:crit] [pid 1501:tid 139796580062976] (13)Permission denied: [client 66.249.64.27:48236] AH00529: /var/www/vhosts/saratogahistory.com/httpdocs/phpBB/.htaccess pcfg_openfile: unable to check htaccess file, ensure it is readable and that '/var/www/vhosts/saratogahistory.com/httpdocs/phpBB/' is executable
[Fri Sep 18 23:51:13.458904 2020] [core:crit] [pid 687:tid 139796569573120] (13)Permission denied: [client 66.249.64.28:49534] AH00529: /var/www/vhosts/saratogahistory.com/httpdocs/phpBB/.htaccess pcfg_openfile: unable to check htaccess file, ensure it is readable and that '/var/www/vhosts/saratogahistory.com/httpdocs/phpBB/' is executable
[Fri Sep 18 23:51:37.988543 2020] [core:crit] [pid 1501:tid 139796466882304] (13)Permission denied: [client 66.249.64.26:50942] AH00529: /var/www/vhosts/saratogahistory.com/httpdocs/phpBB/.htaccess pcfg_openfile: unable to check htaccess file, ensure it is readable and that '/var/www/vhosts/saratogahistory.com/httpdocs/phpBB/' is executable
[Fri Sep 18 23:52:07.729667 2020] [core:crit] [pid 687:tid 139796580062976] (13)Permission denied: [client 66.249.64.26:52366] AH00529: /var/www/vhosts/saratogahistory.com/httpdocs/phpBB/.htaccess pcfg_openfile: unable to check htaccess file, ensure it is readable and that '/var/www/vhosts/saratogahistory.com/httpdocs/phpBB/' is executable
[Fri Sep 18 23:53:08.991098 2020] [core:crit] [pid 1501:tid 139796288554752] (13)Permission denied: [client 66.249.64.28:54830] AH00529: /var/www/vhosts/saratogahistory.com/httpdocs/phpBB/.htaccess pcfg_openfile: unable to check htaccess file, ensure it is readable and that '/var/www/vhosts/saratogahistory.com/httpdocs/phpBB/' is executable
[Sat Sep 19 01:04:09.028148 2020] [core:crit] [pid 685:tid 139796590552832] (13)Permission denied: [client 185.220.101.137:34308] AH00529: /var/www/vhosts/saratogahistory.com/httpdocs/phpBB/.htaccess pcfg_openfile: unable to check htaccess file, ensure it is readable and that '/var/www/vhosts/saratogahistory.com/httpdocs/phpBB/' is executable, referer: http://www.saratogahistory.com/phpBB/index.php
[Sat Sep 19 01:19:56.484203 2020] [core:crit] [pid 1501:tid 139796601042688] (13)Permission denied: [client 62.102.148.68:37370] AH00529: /var/www/vhosts/saratogahistory.com/httpdocs/phpBB/.htaccess pcfg_openfile: unable to check htaccess file, ensure it is readable and that '/var/www/vhosts/saratogahistory.com/httpdocs/phpBB/' is executable, referer: http://www.saratogahistory.com/phpBB/index.php
[Sat Sep 19 01:40:41.696082 2020] [core:crit] [pid 685:tid 139796611532544] (13)Permission denied: [client 109.70.100.37:34346] AH00529: /var/www/vhosts/saratogahistory.com/httpdocs/phpBB/.htaccess pcfg_openfile: unable to check htaccess file, ensure it is readable and that '/var/www/vhosts/saratogahistory.com/httpdocs/phpBB/' is executable, referer: http://www.saratogahistory.com/phpBB/index.php
[Sat Sep 19 02:01:37.923156 2020] [core:crit] [pid 685:tid 139796466882304] (13)Permission denied: [client 176.110.134.2:55520] AH00529: /var/www/vhosts/saratogahistory.com/httpdocs/phpBB/.htaccess pcfg_openfile: unable to check htaccess file, ensure it is readable and that '/var/www/vhosts/saratogahistory.com/httpdocs/phpBB/' is executable, referer: http://www.saratogahistory.com/phpBB/viewtopic.php?t=352&sid=76929d8309d2d3ec28ede062f7aa3010
[Sat Sep 19 02:01:39.428956 2020] [proxy_fcgi:error] [pid 1501:tid 139796414433024] [client 176.110.134.2:55620] AH01071: Got error 'Primary script unknown\n', referer: http://www.saratogahistory.com/index.php
[Sat Sep 19 02:01:39.791948 2020] [proxy_fcgi:error] [pid 687:tid 139796351493888] [client 176.110.134.2:55638] AH01071: Got error 'Primary script unknown\n', referer: http://www.saratogahistory.com/index.php
[Sat Sep 19 02:01:40.163861 2020] [proxy_fcgi:error] [pid 687:tid 139796330514176] [client 176.110.134.2:55680] AH01071: Got error 'Primary script unknown\n', referer: http://www.saratogahistory.com/index.php
[Sat Sep 19 02:26:37.786240 2020] [core:crit] [pid 1501:tid 139796601042688] (13)Permission denied: [client 185.25.35.13:45044] AH00529: /var/www/vhosts/saratogahistory.com/httpdocs/phpBB/.htaccess pcfg_openfile: unable to check htaccess file, ensure it is readable and that '/var/www/vhosts/saratogahistory.com/httpdocs/phpBB/' is executable
[Sat Sep 19 03:08:41.860872 2020] [core:crit] [pid 1501:tid 139796351493888] (13)Permission denied: [client 185.25.35.8:43602] AH00529: /var/www/vhosts/saratogahistory.com/httpdocs/phpBB/.htaccess pcfg_openfile: unable to check htaccess file, ensure it is readable and that '/var/www/vhosts/saratogahistory.com/httpdocs/phpBB/' is executable
[Sat Sep 19 03:15:41.830057 2020] [core:crit] [pid 685:tid 139796601042688] (13)Permission denied: [client 185.220.100.242:46426] AH00529: /var/www/vhosts/saratogahistory.com/httpdocs/phpBB/.htaccess pcfg_openfile: unable to check htaccess file, ensure it is readable and that '/var/www/vhosts/saratogahistory.com/httpdocs/phpBB/' is executable, referer: http://www.saratogahistory.com/phpBB/index.php
[Sat Sep 19 03:37:37.416629 2020] [core:crit] [pid 1501:tid 139796382963456] (13)Permission denied: [client 213.95.149.22:48388] AH00529: /var/www/vhosts/saratogahistory.com/httpdocs/phpBB/.htaccess pcfg_openfile: unable to check htaccess file, ensure it is readable and that '/var/www/vhosts/saratogahistory.com/httpdocs/phpBB/' is executable, referer: http://www.saratogahistory.com/phpBB/index.php
[Sat Sep 19 03:52:37.231545 2020] [core:crit] [pid 685:tid 139796361983744] (13)Permission denied: [client 159.224.255.154:52012] AH00529: /var/www/vhosts/saratogahistory.com/httpdocs/phpBB/.htaccess pcfg_openfile: unable to check htaccess file, ensure it is readable and that '/var/www/vhosts/saratogahistory.com/httpdocs/phpBB/' is executable, referer: http://www.saratogahistory.com/phpBB/index.php
[Sat Sep 19 03:52:38.265120 2020] [proxy_fcgi:error] [pid 1501:tid 139796341004032] [client 159.224.255.154:52148] AH01071: Got error 'Primary script unknown\n', referer: http://www.saratogahistory.com/index.php
[Sat Sep 19 03:52:38.536807 2020] [proxy_fcgi:error] [pid 685:tid 139796341004032] [client 159.224.255.154:52182] AH01071: Got error 'Primary script unknown\n', referer: http://www.saratogahistory.com/index.php
[Sat Sep 19 03:52:38.822165 2020] [proxy_fcgi:error] [pid 686:tid 139796590552832] [client 159.224.255.154:52196] AH01071: Got error 'Primary script unknown\n', referer: http://www.saratogahistory.com/index.php
[Sat Sep 19 04:12:12.895841 2020] [core:crit] [pid 686:tid 139796569573120] (13)Permission denied: [client 185.25.35.13:43100] AH00529: /var/www/vhosts/saratogahistory.com/httpdocs/phpBB/.htaccess pcfg_openfile: unable to check htaccess file, ensure it is readable and that '/var/www/vhosts/saratogahistory.com/httpdocs/phpBB/' is executable
[Sat Sep 19 04:24:37.764951 2020] [core:crit] [pid 686:tid 139796477372160] (13)Permission denied: [client 185.25.35.13:41466] AH00529: /var/www/vhosts/saratogahistory.com/httpdocs/phpBB/.htaccess pcfg_openfile: unable to check htaccess file, ensure it is readable and that '/var/www/vhosts/saratogahistory.com/httpdocs/phpBB/' is executable
[Sat Sep 19 05:04:26.729910 2020] [core:crit] [pid 1501:tid 139796466882304] (13)Permission denied: [client 45.135.187.55:51468] AH00529: /var/www/vhosts/saratogahistory.com/httpdocs/phpBB/.htaccess pcfg_openfile: unable to check htaccess file, ensure it is readable and that '/var/www/vhosts/saratogahistory.com/httpdocs/phpBB/' is executable, referer: http://www.saratogahistory.com/phpBB/index.php
[Sat Sep 19 05:23:37.663190 2020] [core:crit] [pid 685:tid 139796403943168] (13)Permission denied: [client 195.123.246.77:39890] AH00529: /var/www/vhosts/saratogahistory.com/httpdocs/phpBB/.htaccess pcfg_openfile: unable to check htaccess file, ensure it is readable and that '/var/www/vhosts/saratogahistory.com/httpdocs/phpBB/' is executable, referer: http://www.saratogahistory.com/phpBB/index.php
[Sat Sep 19 05:41:52.028058 2020] [core:crit] [pid 686:tid 139796414433024] (13)Permission denied: [client 91.109.29.102:54412] AH00529: /var/www/vhosts/saratogahistory.com/httpdocs/phpBB/.htaccess pcfg_openfile: unable to check htaccess file, ensure it is readable and that '/var/www/vhosts/saratogahistory.com/httpdocs/phpBB/' is executable, referer: http://www.saratogahistory.com/phpBB/index.php
[Sat Sep 19 05:48:45.012302 2020] [core:crit] [pid 687:tid 139796403943168] (13)Permission denied: [client 145.255.2.144:51826] AH00529: /var/www/vhosts/saratogahistory.com/httpdocs/phpBB/.htaccess pcfg_openfile: unable to check htaccess file, ensure it is readable and that '/var/www/vhosts/saratogahistory.com/httpdocs/phpBB/' is executable, referer: http://www.saratogahistory.com/phpBB/index.php
[Sat Sep 19 07:20:25.751608 2020] [core:crit] [pid 685:tid 139796309534464] (13)Permission denied: [client 71.19.144.106:49142] AH00529: /var/www/vhosts/saratogahistory.com/httpdocs/phpBB/.htaccess pcfg_openfile: unable to check htaccess file, ensure it is readable and that '/var/www/vhosts/saratogahistory.com/httpdocs/phpBB/' is executable, referer: http://www.saratogahistory.com/phpBB/index.php
[Sat Sep 19 07:38:47.105669 2020] [core:crit] [pid 1501:tid 139796424922880] (13)Permission denied: [client 51.178.52.245:59946] AH00529: /var/www/vhosts/saratogahistory.com/httpdocs/phpBB/.htaccess pcfg_openfile: unable to check htaccess file, ensure it is readable and that '/var/www/vhosts/saratogahistory.com/httpdocs/phpBB/' is executable, referer: http://www.saratogahistory.com/phpBB/index.php
[Sat Sep 19 08:32:39.212199 2020] [core:crit] [pid 686:tid 139796288554752] (13)Permission denied: [client 185.25.35.9:56756] AH00529: /var/www/vhosts/saratogahistory.com/httpdocs/phpBB/.htaccess pcfg_openfile: unable to check htaccess file, ensure it is readable and that '/var/www/vhosts/saratogahistory.com/httpdocs/phpBB/' is executable
[Sat Sep 19 08:43:42.947303 2020] [core:crit] [pid 685:tid 139796477372160] (13)Permission denied: [client 72.11.148.222:56424] AH00529: /var/www/vhosts/saratogahistory.com/httpdocs/phpBB/.htaccess pcfg_openfile: unable to check htaccess file, ensure it is readable and that '/var/www/vhosts/saratogahistory.com/httpdocs/phpBB/' is executable, referer: http://www.saratogahistory.com/phpBB/index.php
[Sat Sep 19 09:13:34.386876 2020] [core:crit] [pid 1501:tid 139796466882304] (13)Permission denied: [client 185.25.35.9:52958] AH00529: /var/www/vhosts/saratogahistory.com/httpdocs/phpBB/.htaccess pcfg_openfile: unable to check htaccess file, ensure it is readable and that '/var/www/vhosts/saratogahistory.com/httpdocs/phpBB/' is executable
[Sat Sep 19 09:18:19.889986 2020] [core:crit] [pid 1501:tid 139796424922880] (13)Permission denied: [client 95.73.169.137:40430] AH00529: /var/www/vhosts/saratogahistory.com/httpdocs/phpBB/.htaccess pcfg_openfile: unable to check htaccess file, ensure it is readable and that '/var/www/vhosts/saratogahistory.com/httpdocs/phpBB/' is executable, referer: http://www.saratogahistory.com/phpBB/index.php
[Sat Sep 19 09:22:53.250312 2020] [core:crit] [pid 1501:tid 139796393453312] (13)Permission denied: [client 193.32.126.161:56658] AH00529: /var/www/vhosts/saratogahistory.com/httpdocs/phpBB/.htaccess pcfg_openfile: unable to check htaccess file, ensure it is readable and that '/var/www/vhosts/saratogahistory.com/httpdocs/phpBB/' is executable, referer: http://www.saratogahistory.com/phpBB/index.php
[Sat Sep 19 09:40:01.672747 2020] [core:crit] [pid 1501:tid 139796580062976] (13)Permission denied: [client 51.91.108.212:50466] AH00529: /var/www/vhosts/saratogahistory.com/httpdocs/phpBB/.htaccess pcfg_openfile: unable to check htaccess file, ensure it is readable and that '/var/www/vhosts/saratogahistory.com/httpdocs/phpBB/' is executable, referer: http://www.saratogahistory.com/phpBB/index.php
[Sat Sep 19 09:50:23.314474 2020] [core:crit] [pid 685:tid 139796414433024] (13)Permission denied: [client 87.237.42.71:48236] AH00529: /var/www/vhosts/saratogahistory.com/httpdocs/phpBB/.htaccess pcfg_openfile: unable to check htaccess file, ensure it is readable and that '/var/www/vhosts/saratogahistory.com/httpdocs/phpBB/' is executable
[Sat Sep 19 09:50:24.719726 2020] [core:crit] [pid 685:tid 139796403943168] (13)Permission denied: [client 87.237.42.71:48310] AH00529: /var/www/vhosts/saratogahistory.com/httpdocs/phpBB/.htaccess pcfg_openfile: unable to check htaccess file, ensure it is readable and that '/var/www/vhosts/saratogahistory.com/httpdocs/phpBB/' is executable
[Sat Sep 19 09:54:53.229566 2020] [core:crit] [pid 1501:tid 139796611532544] (13)Permission denied: [client 66.249.64.26:58630] AH00529: /var/www/vhosts/saratogahistory.com/httpdocs/phpBB/.htaccess pcfg_openfile: unable to check htaccess file, ensure it is readable and that '/var/www/vhosts/saratogahistory.com/httpdocs/phpBB/' is executable
[Sat Sep 19 09:55:40.141887 2020] [core:crit] [pid 1501:tid 139796456392448] (13)Permission denied: [client 66.249.64.27:60466] AH00529: /var/www/vhosts/saratogahistory.com/httpdocs/phpBB/.htaccess pcfg_openfile: unable to check htaccess file, ensure it is readable and that '/var/www/vhosts/saratogahistory.com/httpdocs/phpBB/' is executable
[Sat Sep 19 09:56:31.444315 2020] [core:crit] [pid 685:tid 139796361983744] (13)Permission denied: [client 66.249.64.27:34472] AH00529: /var/www/vhosts/saratogahistory.com/httpdocs/phpBB/.htaccess pcfg_openfile: unable to check htaccess file, ensure it is readable and that '/var/www/vhosts/saratogahistory.com/httpdocs/phpBB/' is executable
[Sat Sep 19 09:57:29.373632 2020] [core:crit] [pid 685:tid 139796372473600] (13)Permission denied: [client 66.249.64.28:36886] AH00529: /var/www/vhosts/saratogahistory.com/httpdocs/phpBB/.htaccess pcfg_openfile: unable to check htaccess file, ensure it is readable and that '/var/www/vhosts/saratogahistory.com/httpdocs/phpBB/' is executable
[Sat Sep 19 09:59:08.123385 2020] [core:crit] [pid 1501:tid 139796487862016] (13)Permission denied: [client 66.249.64.28:40468] AH00529: /var/www/vhosts/saratogahistory.com/httpdocs/phpBB/.htaccess pcfg_openfile: unable to check htaccess file, ensure it is readable and that '/var/www/vhosts/saratogahistory.com/httpdocs/phpBB/' is executable
[Sat Sep 19 10:01:08.508786 2020] [core:crit] [pid 685:tid 139796351493888] (13)Permission denied: [client 66.249.64.26:44184] AH00529: /var/www/vhosts/saratogahistory.com/httpdocs/phpBB/.htaccess pcfg_openfile: unable to check htaccess file, ensure it is readable and that '/var/www/vhosts/saratogahistory.com/httpdocs/phpBB/' is executable
[Sat Sep 19 10:03:14.507405 2020] [core:crit] [pid 687:tid 139796309534464] (13)Permission denied: [client 66.249.64.28:47450] AH00529: /var/www/vhosts/saratogahistory.com/httpdocs/phpBB/.htaccess pcfg_openfile: unable to check htaccess file, ensure it is readable and that '/var/www/vhosts/saratogahistory.com/httpdocs/phpBB/' is executable
[Sat Sep 19 10:20:22.987431 2020] [core:crit] [pid 687:tid 139796288554752] (13)Permission denied: [client 185.25.35.9:37038] AH00529: /var/www/vhosts/saratogahistory.com/httpdocs/phpBB/.htaccess pcfg_openfile: unable to check htaccess file, ensure it is readable and that '/var/www/vhosts/saratogahistory.com/httpdocs/phpBB/' is executable
[Sat Sep 19 10:32:49.091451 2020] [core:crit] [pid 686:tid 139796435412736] (13)Permission denied: [client 185.25.35.13:60912] AH00529: /var/www/vhosts/saratogahistory.com/httpdocs/phpBB/.htaccess pcfg_openfile: unable to check htaccess file, ensure it is readable and that '/var/www/vhosts/saratogahistory.com/httpdocs/phpBB/' is executable
[Sat Sep 19 11:16:15.659425 2020] [core:crit] [pid 1501:tid 139796590552832] (13)Permission denied: [client 54.38.81.231:57044] AH00529: /var/www/vhosts/saratogahistory.com/httpdocs/phpBB/.htaccess pcfg_openfile: unable to check htaccess file, ensure it is readable and that '/var/www/vhosts/saratogahistory.com/httpdocs/phpBB/' is executable, referer: http://www.saratogahistory.com/phpBB/index.php
[Sat Sep 19 11:50:24.721167 2020] [core:crit] [pid 1501:tid 139796393453312] (13)Permission denied: [client 51.77.108.33:57084] AH00529: /var/www/vhosts/saratogahistory.com/httpdocs/phpBB/.htaccess pcfg_openfile: unable to check htaccess file, ensure it is readable and that '/var/www/vhosts/saratogahistory.com/httpdocs/phpBB/' is executable, referer: http://www.saratogahistory.com/phpBB/index.php
[Sat Sep 19 11:56:12.813271 2020] [core:crit] [pid 1501:tid 139796361983744] (13)Permission denied: [client 66.249.64.27:41788] AH00529: /var/www/vhosts/saratogahistory.com/httpdocs/phpBB/.htaccess pcfg_openfile: unable to check htaccess file, ensure it is readable and that '/var/www/vhosts/saratogahistory.com/httpdocs/phpBB/' is executable
[Sat Sep 19 12:22:25.094669 2020] [core:crit] [pid 685:tid 139796299044608] (13)Permission denied: [client 66.249.64.26:46570] AH00529: /var/www/vhosts/saratogahistory.com/httpdocs/phpBB/.htaccess pcfg_openfile: unable to check htaccess file, ensure it is readable and that '/var/www/vhosts/saratogahistory.com/httpdocs/phpBB/' is executable
[Sat Sep 19 12:24:56.019830 2020] [core:crit] [pid 685:tid 139796288554752] (13)Permission denied: [client 85.248.227.164:52726] AH00529: /var/www/vhosts/saratogahistory.com/httpdocs/phpBB/.htaccess pcfg_openfile: unable to check htaccess file, ensure it is readable and that '/var/www/vhosts/saratogahistory.com/httpdocs/phpBB/' is executable, referer: http://www.saratogahistory.com/phpBB/index.php
[Sat Sep 19 12:58:44.183133 2020] [core:crit] [pid 1501:tid 139796288554752] (13)Permission denied: [client 66.249.64.28:54990] AH00529: /var/www/vhosts/saratogahistory.com/httpdocs/phpBB/.htaccess pcfg_openfile: unable to check htaccess file, ensure it is readable and that '/var/www/vhosts/saratogahistory.com/httpdocs/phpBB/' is executable
[Sat Sep 19 12:58:52.924025 2020] [core:crit] [pid 1501:tid 139796590552832] (13)Permission denied: [client 66.249.64.26:55274] AH00529: /var/www/vhosts/saratogahistory.com/httpdocs/phpBB/.htaccess pcfg_openfile: unable to check htaccess file, ensure it is readable and that '/var/www/vhosts/saratogahistory.com/httpdocs/phpBB/' is executable
[Sat Sep 19 12:59:21.139864 2020] [core:crit] [pid 1501:tid 139796477372160] (13)Permission denied: [client 66.249.64.26:56604] AH00529: /var/www/vhosts/saratogahistory.com/httpdocs/phpBB/.htaccess pcfg_openfile: unable to check htaccess file, ensure it is readable and that '/var/www/vhosts/saratogahistory.com/httpdocs/phpBB/' is executable
[Sat Sep 19 13:00:05.190940 2020] [core:crit] [pid 1501:tid 139796611532544] (13)Permission denied: [client 66.249.64.27:58756] AH00529: /var/www/vhosts/saratogahistory.com/httpdocs/phpBB/.htaccess pcfg_openfile: unable to check htaccess file, ensure it is readable and that '/var/www/vhosts/saratogahistory.com/httpdocs/phpBB/' is executable
[Sat Sep 19 13:00:43.765365 2020] [core:crit] [pid 687:tid 139796414433024] (13)Permission denied: [client 66.249.64.28:60944] AH00529: /var/www/vhosts/saratogahistory.com/httpdocs/phpBB/.htaccess pcfg_openfile: unable to check htaccess file, ensure it is readable and that '/var/www/vhosts/saratogahistory.com/httpdocs/phpBB/' is executable
[Sat Sep 19 13:01:23.788417 2020] [core:crit] [pid 685:tid 139796424922880] (13)Permission denied: [client 66.249.64.26:34456] AH00529: /var/www/vhosts/saratogahistory.com/httpdocs/phpBB/.htaccess pcfg_openfile: unable to check htaccess file, ensure it is readable and that '/var/www/vhosts/saratogahistory.com/httpdocs/phpBB/' is executable
[Sat Sep 19 13:02:04.151716 2020] [core:crit] [pid 687:tid 139796382963456] (13)Permission denied: [client 66.249.64.27:36570] AH00529: /var/www/vhosts/saratogahistory.com/httpdocs/phpBB/.htaccess pcfg_openfile: unable to check htaccess file, ensure it is readable and that '/var/www/vhosts/saratogahistory.com/httpdocs/phpBB/' is executable
[Sat Sep 19 13:02:45.937040 2020] [core:crit] [pid 1501:tid 139796487862016] (13)Permission denied: [client 66.249.64.26:37996] AH00529: /var/www/vhosts/saratogahistory.com/httpdocs/phpBB/.htaccess pcfg_openfile: unable to check htaccess file, ensure it is readable and that '/var/www/vhosts/saratogahistory.com/httpdocs/phpBB/' is executable
[Sat Sep 19 13:03:33.771472 2020] [core:crit] [pid 1501:tid 139796569573120] (13)Permission denied: [client 66.249.64.26:39932] AH00529: /var/www/vhosts/saratogahistory.com/httpdocs/phpBB/.htaccess pcfg_openfile: unable to check htaccess file, ensure it is readable and that '/var/www/vhosts/saratogahistory.com/httpdocs/phpBB/' is executable
[Sat Sep 19 13:25:22.638806 2020] [core:crit] [pid 685:tid 139796341004032] (13)Permission denied: [client 185.220.101.140:36512] AH00529: /var/www/vhosts/saratogahistory.com/httpdocs/phpBB/.htaccess pcfg_openfile: unable to check htaccess file, ensure it is readable and that '/var/www/vhosts/saratogahistory.com/httpdocs/phpBB/' is executable, referer: http://www.saratogahistory.com/phpBB/index.php
[Sat Sep 19 13:39:48.513181 2020] [core:crit] [pid 1501:tid 139796445902592] (13)Permission denied: [client 171.25.193.25:42142] AH00529: /var/www/vhosts/saratogahistory.com/httpdocs/phpBB/.htaccess pcfg_openfile: unable to check htaccess file, ensure it is readable and that '/var/www/vhosts/saratogahistory.com/httpdocs/phpBB/' is executable, referer: http://www.saratogahistory.com/phpBB/index.php
[Sat Sep 19 14:46:22.331912 2020] [core:crit] [pid 687:tid 139796466882304] (13)Permission denied: [client 37.115.218.222:36656] AH00529: /var/www/vhosts/saratogahistory.com/httpdocs/phpBB/.htaccess pcfg_openfile: unable to check htaccess file, ensure it is readable and that '/var/www/vhosts/saratogahistory.com/httpdocs/phpBB/' is executable, referer: http://www.saratogahistory.com/phpBB/index.php
[Sat Sep 19 14:46:43.194259 2020] [core:crit] [pid 1501:tid 139796456392448] (13)Permission denied: [client 185.25.35.9:37426] AH00529: /var/www/vhosts/saratogahistory.com/httpdocs/phpBB/.htaccess pcfg_openfile: unable to check htaccess file, ensure it is readable and that '/var/www/vhosts/saratogahistory.com/httpdocs/phpBB/' is executable
[Sat Sep 19 14:50:07.341599 2020] [core:crit] [pid 1501:tid 139796414433024] (13)Permission denied: [client 185.206.213.233:45546] AH00529: /var/www/vhosts/saratogahistory.com/httpdocs/phpBB/.htaccess pcfg_openfile: unable to check htaccess file, ensure it is readable and that '/var/www/vhosts/saratogahistory.com/httpdocs/phpBB/' is executable, referer: http://www.saratogahistory.com/phpBB/index.php
[Sat Sep 19 15:21:33.875472 2020] [core:crit] [pid 1501:tid 139796299044608] (13)Permission denied: [client 185.220.101.199:51206] AH00529: /var/www/vhosts/saratogahistory.com/httpdocs/phpBB/.htaccess pcfg_openfile: unable to check htaccess file, ensure it is readable and that '/var/www/vhosts/saratogahistory.com/httpdocs/phpBB/' is executable, referer: http://www.saratogahistory.com/phpBB/index.php
[Sat Sep 19 15:29:23.503998 2020] [core:crit] [pid 1501:tid 139796361983744] (13)Permission denied: [client 185.25.35.8:46126] AH00529: /var/www/vhosts/saratogahistory.com/httpdocs/phpBB/.htaccess pcfg_openfile: unable to check htaccess file, ensure it is readable and that '/var/www/vhosts/saratogahistory.com/httpdocs/phpBB/' is executable
[Sat Sep 19 15:35:16.877484 2020] [core:crit] [pid 1501:tid 139796601042688] (13)Permission denied: [client 185.220.100.244:36012] AH00529: /var/www/vhosts/saratogahistory.com/httpdocs/phpBB/.htaccess pcfg_openfile: unable to check htaccess file, ensure it is readable and that '/var/www/vhosts/saratogahistory.com/httpdocs/phpBB/' is executable, referer: http://www.saratogahistory.com/phpBB/index.php
[Sat Sep 19 15:54:47.163103 2020] [core:crit] [pid 1501:tid 139796445902592] (13)Permission denied: [client 5.188.210.18:36606] AH00529: /var/www/vhosts/saratogahistory.com/httpdocs/phpBB/.htaccess pcfg_openfile: unable to check htaccess file, ensure it is readable and that '/var/www/vhosts/saratogahistory.com/httpdocs/phpBB/' is executable, referer: http://www.saratogahistory.com/phpBB/index.php
[Sat Sep 19 16:11:21.476193 2020] [core:crit] [pid 687:tid 139796361983744] (13)Permission denied: [client 142.197.82.227:54680] AH00529: /var/www/vhosts/saratogahistory.com/httpdocs/phpBB/.htaccess pcfg_openfile: unable to check htaccess file, ensure it is readable and that '/var/www/vhosts/saratogahistory.com/httpdocs/phpBB/' is executable, referer: http://www.saratogahistory.com/phpBB/index.php
[Sat Sep 19 16:11:22.431963 2020] [core:crit] [pid 1501:tid 139796393453312] (13)Permission denied: [client 65.92.122.203:54732] AH00529: /var/www/vhosts/saratogahistory.com/httpdocs/phpBB/.htaccess pcfg_openfile: unable to check htaccess file, ensure it is readable and that '/var/www/vhosts/saratogahistory.com/httpdocs/phpBB/' is executable, referer: http://www.saratogahistory.com/phpBB/index.php
[Sat Sep 19 16:11:23.248375 2020] [core:crit] [pid 685:tid 139796361983744] (13)Permission denied: [client 65.92.122.203:54806] AH00529: /var/www/vhosts/saratogahistory.com/httpdocs/phpBB/.htaccess pcfg_openfile: unable to check htaccess file, ensure it is readable and that '/var/www/vhosts/saratogahistory.com/httpdocs/phpBB/' is executable, referer: http://www.saratogahistory.com/phpBB/index.php
[Sat Sep 19 16:11:24.045825 2020] [core:crit] [pid 687:tid 139796393453312] (13)Permission denied: [client 65.92.122.203:54856] AH00529: /var/www/vhosts/saratogahistory.com/httpdocs/phpBB/.htaccess pcfg_openfile: unable to check htaccess file, ensure it is readable and that '/var/www/vhosts/saratogahistory.com/httpdocs/phpBB/' is executable, referer: http://www.saratogahistory.com/phpBB/index.php
[Sat Sep 19 16:32:41.862041 2020] [core:crit] [pid 687:tid 139796351493888] (13)Permission denied: [client 185.25.35.8:38626] AH00529: /var/www/vhosts/saratogahistory.com/httpdocs/phpBB/.htaccess pcfg_openfile: unable to check htaccess file, ensure it is readable and that '/var/www/vhosts/saratogahistory.com/httpdocs/phpBB/' is executable
[Sat Sep 19 16:44:52.170592 2020] [core:crit] [pid 1501:tid 139796382963456] (13)Permission denied: [client 185.25.35.12:45244] AH00529: /var/www/vhosts/saratogahistory.com/httpdocs/phpBB/.htaccess pcfg_openfile: unable to check htaccess file, ensure it is readable and that '/var/www/vhosts/saratogahistory.com/httpdocs/phpBB/' is executable
[Sat Sep 19 17:18:48.270246 2020] [core:crit] [pid 1501:tid 139796445902592] (13)Permission denied: [client 51.75.64.187:33872] AH00529: /var/www/vhosts/saratogahistory.com/httpdocs/phpBB/.htaccess pcfg_openfile: unable to check htaccess file, ensure it is readable and that '/var/www/vhosts/saratogahistory.com/httpdocs/phpBB/' is executable, referer: http://www.saratogahistory.com/phpBB/index.php
[Sat Sep 19 17:35:31.747635 2020] [core:crit] [pid 687:tid 139796320024320] (13)Permission denied: [client 167.86.94.107:55876] AH00529: /var/www/vhosts/saratogahistory.com/httpdocs/phpBB/.htaccess pcfg_openfile: unable to check htaccess file, ensure it is readable and that '/var/www/vhosts/saratogahistory.com/httpdocs/phpBB/' is executable, referer: http://www.saratogahistory.com/phpBB/index.php
[Sat Sep 19 18:43:52.911436 2020] [core:crit] [pid 1501:tid 139796309534464] (13)Permission denied: [client 66.249.64.28:45414] AH00529: /var/www/vhosts/saratogahistory.com/httpdocs/phpBB/.htaccess pcfg_openfile: unable to check htaccess file, ensure it is readable and that '/var/www/vhosts/saratogahistory.com/httpdocs/phpBB/' is executable
[Sat Sep 19 18:44:26.896585 2020] [core:crit] [pid 1501:tid 139796361983744] (13)Permission denied: [client 66.249.64.27:46652] AH00529: /var/www/vhosts/saratogahistory.com/httpdocs/phpBB/.htaccess pcfg_openfile: unable to check htaccess file, ensure it is readable and that '/var/www/vhosts/saratogahistory.com/httpdocs/phpBB/' is executable
[Sat Sep 19 18:45:50.582302 2020] [core:crit] [pid 1501:tid 139796601042688] (13)Permission denied: [client 66.249.64.28:50008] AH00529: /var/www/vhosts/saratogahistory.com/httpdocs/phpBB/.htaccess pcfg_openfile: unable to check htaccess file, ensure it is readable and that '/var/www/vhosts/saratogahistory.com/httpdocs/phpBB/' is executable
[Sat Sep 19 18:47:06.175566 2020] [core:crit] [pid 1501:tid 139796580062976] (13)Permission denied: [client 66.249.64.26:52824] AH00529: /var/www/vhosts/saratogahistory.com/httpdocs/phpBB/.htaccess pcfg_openfile: unable to check htaccess file, ensure it is readable and that '/var/www/vhosts/saratogahistory.com/httpdocs/phpBB/' is executable
[Sat Sep 19 18:47:47.417288 2020] [core:crit] [pid 1501:tid 139796466882304] (13)Permission denied: [client 188.165.232.202:54536] AH00529: /var/www/vhosts/saratogahistory.com/httpdocs/phpBB/.htaccess pcfg_openfile: unable to check htaccess file, ensure it is readable and that '/var/www/vhosts/saratogahistory.com/httpdocs/phpBB/' is executable, referer: http://www.saratogahistory.com/phpBB/index.php
[Sat Sep 19 18:47:48.299004 2020] [proxy_fcgi:error] [pid 685:tid 139796288554752] [client 188.165.232.202:54558] AH01071: Got error 'Primary script unknown\n', referer: http://www.saratogahistory.com/index.php
[Sat Sep 19 18:47:48.497224 2020] [proxy_fcgi:error] [pid 685:tid 139796330514176] [client 188.165.232.202:54566] AH01071: Got error 'Primary script unknown\n', referer: http://www.saratogahistory.com/index.php
[Sat Sep 19 18:47:48.712670 2020] [proxy_fcgi:error] [pid 1501:tid 139796590552832] [client 188.165.232.202:54580] AH01071: Got error 'Primary script unknown\n', referer: http://www.saratogahistory.com/index.php
[Sat Sep 19 18:48:22.287434 2020] [core:crit] [pid 1501:tid 139796477372160] (13)Permission denied: [client 66.249.64.27:56128] AH00529: /var/www/vhosts/saratogahistory.com/httpdocs/phpBB/.htaccess pcfg_openfile: unable to check htaccess file, ensure it is readable and that '/var/www/vhosts/saratogahistory.com/httpdocs/phpBB/' is executable
[Sat Sep 19 18:49:38.926141 2020] [core:crit] [pid 685:tid 139796611532544] (13)Permission denied: [client 66.249.64.28:59794] AH00529: /var/www/vhosts/saratogahistory.com/httpdocs/phpBB/.htaccess pcfg_openfile: unable to check htaccess file, ensure it is readable and that '/var/www/vhosts/saratogahistory.com/httpdocs/phpBB/' is executable
[Sat Sep 19 18:50:56.702695 2020] [core:crit] [pid 1501:tid 139796611532544] (13)Permission denied: [client 66.249.64.26:34516] AH00529: /var/www/vhosts/saratogahistory.com/httpdocs/phpBB/.htaccess pcfg_openfile: unable to check htaccess file, ensure it is readable and that '/var/www/vhosts/saratogahistory.com/httpdocs/phpBB/' is executable
[Sat Sep 19 18:52:17.267330 2020] [core:crit] [pid 687:tid 139796445902592] (13)Permission denied: [client 66.249.64.26:37878] AH00529: /var/www/vhosts/saratogahistory.com/httpdocs/phpBB/.htaccess pcfg_openfile: unable to check htaccess file, ensure it is readable and that '/var/www/vhosts/saratogahistory.com/httpdocs/phpBB/' is executable
[Sat Sep 19 18:58:52.501899 2020] [core:crit] [pid 1501:tid 139796456392448] (13)Permission denied: [client 66.249.64.26:54424] AH00529: /var/www/vhosts/saratogahistory.com/httpdocs/phpBB/.htaccess pcfg_openfile: unable to check htaccess file, ensure it is readable and that '/var/www/vhosts/saratogahistory.com/httpdocs/phpBB/' is executable
[Sat Sep 19 19:02:31.313064 2020] [core:crit] [pid 1501:tid 139796414433024] (13)Permission denied: [client 66.249.64.28:36112] AH00529: /var/www/vhosts/saratogahistory.com/httpdocs/phpBB/.htaccess pcfg_openfile: unable to check htaccess file, ensure it is readable and that '/var/www/vhosts/saratogahistory.com/httpdocs/phpBB/' is executable
[Sat Sep 19 19:09:45.009649 2020] [core:crit] [pid 1501:tid 139796382963456] (13)Permission denied: [client 171.244.1.84:54176] AH00529: /var/www/vhosts/saratogahistory.com/httpdocs/phpBB/.htaccess pcfg_openfile: unable to check htaccess file, ensure it is readable and that '/var/www/vhosts/saratogahistory.com/httpdocs/phpBB/' is executable, referer: http://www.saratogahistory.com/phpBB/index.php
[Sat Sep 19 19:45:49.998930 2020] [core:crit] [pid 685:tid 139796393453312] (13)Permission denied: [client 185.220.100.253:53156] AH00529: /var/www/vhosts/saratogahistory.com/httpdocs/phpBB/.htaccess pcfg_openfile: unable to check htaccess file, ensure it is readable and that '/var/www/vhosts/saratogahistory.com/httpdocs/phpBB/' is executable, referer: http://www.saratogahistory.com/phpBB/index.php
[Sat Sep 19 20:03:00.347907 2020] [core:crit] [pid 1501:tid 139796299044608] (13)Permission denied: [client 5.44.169.215:37270] AH00529: /var/www/vhosts/saratogahistory.com/httpdocs/phpBB/.htaccess pcfg_openfile: unable to check htaccess file, ensure it is readable and that '/var/www/vhosts/saratogahistory.com/httpdocs/phpBB/' is executable, referer: http://www.saratogahistory.com/phpBB/index.php
[Sat Sep 19 20:47:26.492151 2020] [core:crit] [pid 1501:tid 139796393453312] (13)Permission denied: [client 185.25.35.12:33074] AH00529: /var/www/vhosts/saratogahistory.com/httpdocs/phpBB/.htaccess pcfg_openfile: unable to check htaccess file, ensure it is readable and that '/var/www/vhosts/saratogahistory.com/httpdocs/phpBB/' is executable
[Sat Sep 19 21:30:37.292272 2020] [core:crit] [pid 1501:tid 139796393453312] (13)Permission denied: [client 185.25.35.13:60458] AH00529: /var/www/vhosts/saratogahistory.com/httpdocs/phpBB/.htaccess pcfg_openfile: unable to check htaccess file, ensure it is readable and that '/var/www/vhosts/saratogahistory.com/httpdocs/phpBB/' is executable
[Sat Sep 19 21:31:39.993759 2020] [core:crit] [pid 685:tid 139796372473600] (13)Permission denied: [client 212.40.78.49:34886] AH00529: /var/www/vhosts/saratogahistory.com/httpdocs/phpBB/.htaccess pcfg_openfile: unable to check htaccess file, ensure it is readable and that '/var/www/vhosts/saratogahistory.com/httpdocs/phpBB/' is executable, referer: http://www.saratogahistory.com/phpBB/index.php
[Sat Sep 19 21:34:58.563490 2020] [core:crit] [pid 687:tid 139796611532544] (13)Permission denied: [client 23.129.64.192:42302] AH00529: /var/www/vhosts/saratogahistory.com/httpdocs/phpBB/.htaccess pcfg_openfile: unable to check htaccess file, ensure it is readable and that '/var/www/vhosts/saratogahistory.com/httpdocs/phpBB/' is executable, referer: http://www.saratogahistory.com/phpBB/index.php
[Sat Sep 19 21:43:02.433084 2020] [core:crit] [pid 685:tid 139796382963456] (13)Permission denied: [client 171.244.1.84:32806] AH00529: /var/www/vhosts/saratogahistory.com/httpdocs/phpBB/.htaccess pcfg_openfile: unable to check htaccess file, ensure it is readable and that '/var/www/vhosts/saratogahistory.com/httpdocs/phpBB/' is executable, referer: http://www.saratogahistory.com/phpBB/index.php
[Sat Sep 19 21:43:38.334587 2020] [proxy_fcgi:error] [pid 686:tid 139796424922880] [client 171.244.1.84:33904] AH01071: Got error 'Primary script unknown\n', referer: http://www.saratogahistory.com/index.php
[Sat Sep 19 21:43:42.808681 2020] [proxy_fcgi:error] [pid 687:tid 139796569573120] [client 171.244.1.84:34118] AH01071: Got error 'Primary script unknown\n', referer: http://www.saratogahistory.com/index.php
[Sat Sep 19 21:43:52.374477 2020] [proxy_fcgi:error] [pid 687:tid 139796580062976] [client 171.244.1.84:34478] AH01071: Got error 'Primary script unknown\n', referer: http://www.saratogahistory.com/index.php
[Sat Sep 19 21:43:59.604252 2020] [core:crit] [pid 1501:tid 139796341004032] (13)Permission denied: [client 171.244.1.84:34760] AH00529: /var/www/vhosts/saratogahistory.com/httpdocs/phpBB/.htaccess pcfg_openfile: unable to check htaccess file, ensure it is readable and that '/var/www/vhosts/saratogahistory.com/httpdocs/phpBB/' is executable, referer: http://www.saratogahistory.com/phpBB/index.php
[Sat Sep 19 22:28:36.731769 2020] [core:crit] [pid 687:tid 139796393453312] (13)Permission denied: [client 178.91.16.66:59240] AH00529: /var/www/vhosts/saratogahistory.com/httpdocs/phpBB/.htaccess pcfg_openfile: unable to check htaccess file, ensure it is readable and that '/var/www/vhosts/saratogahistory.com/httpdocs/phpBB/' is executable, referer: http://www.saratogahistory.com/phpBB/index.php
[Sat Sep 19 22:28:42.028943 2020] [proxy_fcgi:error] [pid 687:tid 139796330514176] [client 178.91.16.66:59492] AH01071: Got error 'Primary script unknown\n', referer: http://www.saratogahistory.com/index.php
[Sat Sep 19 22:28:42.630267 2020] [proxy_fcgi:error] [pid 685:tid 139796424922880] [client 178.91.16.66:59522] AH01071: Got error 'Primary script unknown\n', referer: http://www.saratogahistory.com/index.php
[Sat Sep 19 22:30:53.733435 2020] [core:crit] [pid 685:tid 139796414433024] (13)Permission denied: [client 46.19.85.194:37202] AH00529: /var/www/vhosts/saratogahistory.com/httpdocs/phpBB/.htaccess pcfg_openfile: unable to check htaccess file, ensure it is readable and that '/var/www/vhosts/saratogahistory.com/httpdocs/phpBB/' is executable
[Sat Sep 19 22:30:54.326315 2020] [core:crit] [pid 685:tid 139796393453312] (13)Permission denied: [client 46.19.85.194:37236] AH00529: /var/www/vhosts/saratogahistory.com/httpdocs/phpBB/.htaccess pcfg_openfile: unable to check htaccess file, ensure it is readable and that '/var/www/vhosts/saratogahistory.com/httpdocs/phpBB/' is executable
[Sat Sep 19 22:36:36.740229 2020] [core:crit] [pid 1501:tid 139796580062976] (13)Permission denied: [client 185.25.35.9:49952] AH00529: /var/www/vhosts/saratogahistory.com/httpdocs/phpBB/.htaccess pcfg_openfile: unable to check htaccess file, ensure it is readable and that '/var/www/vhosts/saratogahistory.com/httpdocs/phpBB/' is executable
[Sat Sep 19 22:46:40.441224 2020] [core:crit] [pid 685:tid 139796361983744] (13)Permission denied: [client 92.38.136.69:45312] AH00529: /var/www/vhosts/saratogahistory.com/httpdocs/phpBB/.htaccess pcfg_openfile: unable to check htaccess file, ensure it is readable and that '/var/www/vhosts/saratogahistory.com/httpdocs/phpBB/' is executable, referer: http://www.saratogahistory.com/phpBB/index.php
[Sat Sep 19 22:49:39.703301 2020] [core:crit] [pid 687:tid 139796299044608] (13)Permission denied: [client 185.25.35.12:52306] AH00529: /var/www/vhosts/saratogahistory.com/httpdocs/phpBB/.htaccess pcfg_openfile: unable to check htaccess file, ensure it is readable and that '/var/www/vhosts/saratogahistory.com/httpdocs/phpBB/' is executable
[Sat Sep 19 22:50:12.234580 2020] [core:crit] [pid 685:tid 139796382963456] (13)Permission denied: [client 188.163.109.153:53808] AH00529: /var/www/vhosts/saratogahistory.com/httpdocs/phpBB/.htaccess pcfg_openfile: unable to check htaccess file, ensure it is readable and that '/var/www/vhosts/saratogahistory.com/httpdocs/phpBB/' is executable, referer: http://www.saratogahistory.com/phpBB/index.php
[Sat Sep 19 22:50:12.448156 2020] [core:crit] [pid 685:tid 139796320024320] (13)Permission denied: [client 188.163.109.153:53812] AH00529: /var/www/vhosts/saratogahistory.com/httpdocs/phpBB/.htaccess pcfg_openfile: unable to check htaccess file, ensure it is readable and that '/var/www/vhosts/saratogahistory.com/httpdocs/phpBB/' is executable, referer: http://www.saratogahistory.com/phpBB/index.php
[Sat Sep 19 23:01:32.849397 2020] [core:crit] [pid 1501:tid 139796382963456] (13)Permission denied: [client 216.244.66.235:54162] AH00529: /var/www/vhosts/saratogahistory.com/httpdocs/phpBB/.htaccess pcfg_openfile: unable to check htaccess file, ensure it is readable and that '/var/www/vhosts/saratogahistory.com/httpdocs/phpBB/' is executable
[Sat Sep 19 23:38:01.874613 2020] [core:crit] [pid 1501:tid 139796580062976] (13)Permission denied: [client 104.244.74.169:56626] AH00529: /var/www/vhosts/saratogahistory.com/httpdocs/phpBB/.htaccess pcfg_openfile: unable to check htaccess file, ensure it is readable and that '/var/www/vhosts/saratogahistory.com/httpdocs/phpBB/' is executable, referer: http://www.saratogahistory.com/phpBB/index.php
[Sat Sep 19 23:48:39.358611 2020] [core:crit] [pid 1501:tid 139796414433024] (13)Permission denied: [client 95.65.81.152:52956] AH00529: /var/www/vhosts/saratogahistory.com/httpdocs/phpBB/.htaccess pcfg_openfile: unable to check htaccess file, ensure it is readable and that '/var/www/vhosts/saratogahistory.com/httpdocs/phpBB/' is executable, referer: http://www.saratogahistory.com/phpBB/index.php
[Sat Sep 19 23:48:40.783888 2020] [proxy_fcgi:error] [pid 1501:tid 139796424922880] [client 95.65.81.152:53024] AH01071: Got error 'Primary script unknown\n', referer: http://www.saratogahistory.com/index.php
[Sat Sep 19 23:48:41.182923 2020] [proxy_fcgi:error] [pid 1501:tid 139796403943168] [client 95.65.81.152:53048] AH01071: Got error 'Primary script unknown\n', referer: http://www.saratogahistory.com/index.php
[Sat Sep 19 23:48:41.576880 2020] [proxy_fcgi:error] [pid 686:tid 139796611532544] [client 95.65.81.152:53060] AH01071: Got error 'Primary script unknown\n', referer: http://www.saratogahistory.com/index.php
[Sun Sep 20 00:12:12.791133 2020] [core:crit] [pid 1501:tid 139796611532544] (13)Permission denied: [client 176.107.183.146:57356] AH00529: /var/www/vhosts/saratogahistory.com/httpdocs/phpBB/.htaccess pcfg_openfile: unable to check htaccess file, ensure it is readable and that '/var/www/vhosts/saratogahistory.com/httpdocs/phpBB/' is executable, referer: http://www.saratogahistory.com/phpBB/index.php
[Sun Sep 20 00:18:42.189425 2020] [core:crit] [pid 1501:tid 139796445902592] (13)Permission denied: [client 216.244.66.235:45160] AH00529: /var/www/vhosts/saratogahistory.com/httpdocs/phpBB/.htaccess pcfg_openfile: unable to check htaccess file, ensure it is readable and that '/var/www/vhosts/saratogahistory.com/httpdocs/phpBB/' is executable
[Sun Sep 20 00:47:41.446325 2020] [core:crit] [pid 685:tid 139796456392448] (13)Permission denied: [client 176.110.134.2:60958] AH00529: /var/www/vhosts/saratogahistory.com/httpdocs/phpBB/.htaccess pcfg_openfile: unable to check htaccess file, ensure it is readable and that '/var/www/vhosts/saratogahistory.com/httpdocs/phpBB/' is executable, referer: http://www.saratogahistory.com/phpBB/index.php
[Sun Sep 20 00:47:42.744829 2020] [proxy_fcgi:error] [pid 1501:tid 139796288554752] [client 176.110.134.2:32796] AH01071: Got error 'Primary script unknown\n', referer: http://www.saratogahistory.com/index.php
[Sun Sep 20 00:47:43.093384 2020] [proxy_fcgi:error] [pid 687:tid 139796414433024] [client 176.110.134.2:32822] AH01071: Got error 'Primary script unknown\n', referer: http://www.saratogahistory.com/index.php
[Sun Sep 20 00:47:43.455149 2020] [proxy_fcgi:error] [pid 1501:tid 139796477372160] [client 176.110.134.2:32842] AH01071: Got error 'Primary script unknown\n', referer: http://www.saratogahistory.com/index.php
[Sun Sep 20 01:23:40.928077 2020] [core:crit] [pid 1501:tid 139796445902592] (13)Permission denied: [client 5.188.210.18:43352] AH00529: /var/www/vhosts/saratogahistory.com/httpdocs/phpBB/.htaccess pcfg_openfile: unable to check htaccess file, ensure it is readable and that '/var/www/vhosts/saratogahistory.com/httpdocs/phpBB/' is executable, referer: http://www.saratogahistory.com/phpBB/index.php
[Sun Sep 20 01:35:51.941866 2020] [core:crit] [pid 1501:tid 139796361983744] (13)Permission denied: [client 62.149.29.58:43774] AH00529: /var/www/vhosts/saratogahistory.com/httpdocs/phpBB/.htaccess pcfg_openfile: unable to check htaccess file, ensure it is readable and that '/var/www/vhosts/saratogahistory.com/httpdocs/phpBB/' is executable, referer: http://shop.garena.ru.com
[Sun Sep 20 01:36:38.943198 2020] [core:crit] [pid 1501:tid 139796330514176] (13)Permission denied: [client 51.15.59.15:46436] AH00529: /var/www/vhosts/saratogahistory.com/httpdocs/phpBB/.htaccess pcfg_openfile: unable to check htaccess file, ensure it is readable and that '/var/www/vhosts/saratogahistory.com/httpdocs/phpBB/' is executable, referer: http://www.saratogahistory.com/phpBB/index.php
[Sun Sep 20 01:41:11.506364 2020] [core:crit] [pid 1501:tid 139796477372160] (13)Permission denied: [client 176.110.134.2:59774] AH00529: /var/www/vhosts/saratogahistory.com/httpdocs/phpBB/.htaccess pcfg_openfile: unable to check htaccess file, ensure it is readable and that '/var/www/vhosts/saratogahistory.com/httpdocs/phpBB/' is executable, referer: http://www.saratogahistory.com/phpBB/viewtopic.php?t=352&sid=76929d8309d2d3ec28ede062f7aa3010
[Sun Sep 20 01:41:12.741791 2020] [proxy_fcgi:error] [pid 1501:tid 139796611532544] [client 176.110.134.2:59824] AH01071: Got error 'Primary script unknown\n', referer: http://www.saratogahistory.com/index.php
[Sun Sep 20 01:41:13.086055 2020] [proxy_fcgi:error] [pid 1501:tid 139796456392448] [client 176.110.134.2:59834] AH01071: Got error 'Primary script unknown\n', referer: http://www.saratogahistory.com/index.php
[Sun Sep 20 01:41:13.433918 2020] [proxy_fcgi:error] [pid 685:tid 139796341004032] [client 176.110.134.2:59876] AH01071: Got error 'Primary script unknown\n', referer: http://www.saratogahistory.com/index.php
[Sun Sep 20 02:06:27.240960 2020] [core:crit] [pid 1501:tid 139796299044608] (13)Permission denied: [client 92.246.84.133:50966] AH00529: /var/www/vhosts/saratogahistory.com/httpdocs/phpBB/.htaccess pcfg_openfile: unable to check htaccess file, ensure it is readable and that '/var/www/vhosts/saratogahistory.com/httpdocs/phpBB/' is executable, referer: http://www.saratogahistory.com/phpBB/index.php
[Sun Sep 20 02:31:07.192830 2020] [core:crit] [pid 1501:tid 139796382963456] (13)Permission denied: [client 62.149.7.171:33898] AH00529: /var/www/vhosts/saratogahistory.com/httpdocs/phpBB/.htaccess pcfg_openfile: unable to check htaccess file, ensure it is readable and that '/var/www/vhosts/saratogahistory.com/httpdocs/phpBB/' is executable, referer: https://xn--78-6kc6akkhn3a3k.xn--p1ai/
[Sun Sep 20 02:47:41.964036 2020] [core:crit] [pid 1501:tid 139796466882304] (13)Permission denied: [client 5.183.94.62:49234] AH00529: /var/www/vhosts/saratogahistory.com/httpdocs/phpBB/.htaccess pcfg_openfile: unable to check htaccess file, ensure it is readable and that '/var/www/vhosts/saratogahistory.com/httpdocs/phpBB/' is executable, referer: https://bankhummer.co
[Sun Sep 20 02:58:56.728548 2020] [core:crit] [pid 1501:tid 139796477372160] (13)Permission denied: [client 185.25.35.15:52090] AH00529: /var/www/vhosts/saratogahistory.com/httpdocs/phpBB/.htaccess pcfg_openfile: unable to check htaccess file, ensure it is readable and that '/var/www/vhosts/saratogahistory.com/httpdocs/phpBB/' is executable
[Sun Sep 20 03:36:10.224395 2020] [core:crit] [pid 1501:tid 139796477372160] (13)Permission denied: [client 149.56.44.47:41840] AH00529: /var/www/vhosts/saratogahistory.com/httpdocs/phpBB/.htaccess pcfg_openfile: unable to check htaccess file, ensure it is readable and that '/var/www/vhosts/saratogahistory.com/httpdocs/phpBB/' is executable, referer: http://www.saratogahistory.com/phpBB/index.php
[Sun Sep 20 03:36:53.981993 2020] [core:crit] [pid 1501:tid 139796341004032] (13)Permission denied: [client 62.149.7.171:44286] AH00529: /var/www/vhosts/saratogahistory.com/httpdocs/phpBB/.htaccess pcfg_openfile: unable to check htaccess file, ensure it is readable and that '/var/www/vhosts/saratogahistory.com/httpdocs/phpBB/' is executable, referer: https://xn--b1adccayqiirhu.xn--p1ai/
[Sun Sep 20 03:40:29.303255 2020] [core:crit] [pid 685:tid 139796487862016] (13)Permission denied: [client 185.25.35.12:55006] AH00529: /var/www/vhosts/saratogahistory.com/httpdocs/phpBB/.htaccess pcfg_openfile: unable to check htaccess file, ensure it is readable and that '/var/www/vhosts/saratogahistory.com/httpdocs/phpBB/' is executable
[Sun Sep 20 03:44:31.099543 2020] [core:crit] [pid 685:tid 139796466882304] (13)Permission denied: [client 66.249.64.28:37972] AH00529: /var/www/vhosts/saratogahistory.com/httpdocs/phpBB/.htaccess pcfg_openfile: unable to check htaccess file, ensure it is readable and that '/var/www/vhosts/saratogahistory.com/httpdocs/phpBB/' is executable
[Sun Sep 20 03:44:57.441563 2020] [core:crit] [pid 1501:tid 139796424922880] (13)Permission denied: [client 66.249.64.26:39166] AH00529: /var/www/vhosts/saratogahistory.com/httpdocs/phpBB/.htaccess pcfg_openfile: unable to check htaccess file, ensure it is readable and that '/var/www/vhosts/saratogahistory.com/httpdocs/phpBB/' is executable
[Sun Sep 20 03:46:23.615347 2020] [core:crit] [pid 685:tid 139796403943168] (13)Permission denied: [client 66.249.64.26:43262] AH00529: /var/www/vhosts/saratogahistory.com/httpdocs/phpBB/.htaccess pcfg_openfile: unable to check htaccess file, ensure it is readable and that '/var/www/vhosts/saratogahistory.com/httpdocs/phpBB/' is executable
[Sun Sep 20 03:47:02.790257 2020] [core:crit] [pid 1501:tid 139796569573120] (13)Permission denied: [client 66.249.64.27:45360] AH00529: /var/www/vhosts/saratogahistory.com/httpdocs/phpBB/.htaccess pcfg_openfile: unable to check htaccess file, ensure it is readable and that '/var/www/vhosts/saratogahistory.com/httpdocs/phpBB/' is executable
[Sun Sep 20 03:47:45.866837 2020] [core:crit] [pid 687:tid 139796477372160] (13)Permission denied: [client 66.249.64.28:47138] AH00529: /var/www/vhosts/saratogahistory.com/httpdocs/phpBB/.htaccess pcfg_openfile: unable to check htaccess file, ensure it is readable and that '/var/www/vhosts/saratogahistory.com/httpdocs/phpBB/' is executable
[Sun Sep 20 03:48:34.373716 2020] [core:crit] [pid 685:tid 139796372473600] (13)Permission denied: [client 66.249.64.27:48986] AH00529: /var/www/vhosts/saratogahistory.com/httpdocs/phpBB/.htaccess pcfg_openfile: unable to check htaccess file, ensure it is readable and that '/var/www/vhosts/saratogahistory.com/httpdocs/phpBB/' is executable
[Sun Sep 20 03:49:30.892521 2020] [core:crit] [pid 1501:tid 139796424922880] (13)Permission denied: [client 66.249.64.28:52060] AH00529: /var/www/vhosts/saratogahistory.com/httpdocs/phpBB/.htaccess pcfg_openfile: unable to check htaccess file, ensure it is readable and that '/var/www/vhosts/saratogahistory.com/httpdocs/phpBB/' is executable
[Sun Sep 20 03:51:28.824233 2020] [core:crit] [pid 1501:tid 139796382963456] (13)Permission denied: [client 66.249.64.27:58040] AH00529: /var/www/vhosts/saratogahistory.com/httpdocs/phpBB/.htaccess pcfg_openfile: unable to check htaccess file, ensure it is readable and that '/var/www/vhosts/saratogahistory.com/httpdocs/phpBB/' is executable
[Sun Sep 20 03:53:14.718661 2020] [core:crit] [pid 1501:tid 139796309534464] (13)Permission denied: [client 66.249.64.27:34692] AH00529: /var/www/vhosts/saratogahistory.com/httpdocs/phpBB/.htaccess pcfg_openfile: unable to check htaccess file, ensure it is readable and that '/var/www/vhosts/saratogahistory.com/httpdocs/phpBB/' is executable
[Sun Sep 20 04:41:27.911091 2020] [core:crit] [pid 687:tid 139796351493888] (13)Permission denied: [client 185.25.35.8:57402] AH00529: /var/www/vhosts/saratogahistory.com/httpdocs/phpBB/.htaccess pcfg_openfile: unable to check htaccess file, ensure it is readable and that '/var/www/vhosts/saratogahistory.com/httpdocs/phpBB/' is executable
[Sun Sep 20 04:58:05.119907 2020] [core:crit] [pid 1501:tid 139796320024320] (13)Permission denied: [client 185.25.35.12:43242] AH00529: /var/www/vhosts/saratogahistory.com/httpdocs/phpBB/.htaccess pcfg_openfile: unable to check htaccess file, ensure it is readable and that '/var/www/vhosts/saratogahistory.com/httpdocs/phpBB/' is executable
[Sun Sep 20 05:37:55.518286 2020] [core:crit] [pid 685:tid 139796466882304] (13)Permission denied: [client 23.129.64.201:59254] AH00529: /var/www/vhosts/saratogahistory.com/httpdocs/phpBB/.htaccess pcfg_openfile: unable to check htaccess file, ensure it is readable and that '/var/www/vhosts/saratogahistory.com/httpdocs/phpBB/' is executable, referer: http://www.saratogahistory.com/phpBB/index.php
[Sun Sep 20 06:08:20.307733 2020] [proxy_fcgi:error] [pid 1501:tid 139796299044608] [client 49.32.63.78:48596] AH01071: Got error 'Primary script unknown\n'
[Sun Sep 20 06:17:28.467209 2020] [core:crit] [pid 685:tid 139796288554752] (13)Permission denied: [client 87.118.116.103:43710] AH00529: /var/www/vhosts/saratogahistory.com/httpdocs/phpBB/.htaccess pcfg_openfile: unable to check htaccess file, ensure it is readable and that '/var/www/vhosts/saratogahistory.com/httpdocs/phpBB/' is executable, referer: http://www.saratogahistory.com/phpBB/index.php
[Sun Sep 20 06:22:33.528928 2020] [core:crit] [pid 687:tid 139796403943168] (13)Permission denied: [client 66.249.64.26:57704] AH00529: /var/www/vhosts/saratogahistory.com/httpdocs/phpBB/.htaccess pcfg_openfile: unable to check htaccess file, ensure it is readable and that '/var/www/vhosts/saratogahistory.com/httpdocs/phpBB/' is executable, referer: http://www.saratogahistory.com/phpBB/viewtopic.php?t=372&view=next&sid=b865af99f0112d415922b9c0ffac9b82
[Sun Sep 20 06:26:34.574304 2020] [core:crit] [pid 685:tid 139796590552832] (13)Permission denied: [client 66.249.64.28:39154] AH00529: /var/www/vhosts/saratogahistory.com/httpdocs/phpBB/.htaccess pcfg_openfile: unable to check htaccess file, ensure it is readable and that '/var/www/vhosts/saratogahistory.com/httpdocs/phpBB/' is executable
[Sun Sep 20 06:32:20.035296 2020] [core:crit] [pid 1501:tid 139796487862016] (13)Permission denied: [client 66.249.64.27:52714] AH00529: /var/www/vhosts/saratogahistory.com/httpdocs/phpBB/.htaccess pcfg_openfile: unable to check htaccess file, ensure it is readable and that '/var/www/vhosts/saratogahistory.com/httpdocs/phpBB/' is executable
[Sun Sep 20 06:32:36.618220 2020] [core:crit] [pid 687:tid 139796382963456] (13)Permission denied: [client 66.249.64.26:53190] AH00529: /var/www/vhosts/saratogahistory.com/httpdocs/phpBB/.htaccess pcfg_openfile: unable to check htaccess file, ensure it is readable and that '/var/www/vhosts/saratogahistory.com/httpdocs/phpBB/' is executable
[Sun Sep 20 06:33:09.144598 2020] [core:crit] [pid 1501:tid 139796569573120] (13)Permission denied: [client 66.249.64.28:54208] AH00529: /var/www/vhosts/saratogahistory.com/httpdocs/phpBB/.htaccess pcfg_openfile: unable to check htaccess file, ensure it is readable and that '/var/www/vhosts/saratogahistory.com/httpdocs/phpBB/' is executable
[Sun Sep 20 06:33:39.986805 2020] [core:crit] [pid 1501:tid 139796445902592] (13)Permission denied: [client 66.249.64.26:55198] AH00529: /var/www/vhosts/saratogahistory.com/httpdocs/phpBB/.htaccess pcfg_openfile: unable to check htaccess file, ensure it is readable and that '/var/www/vhosts/saratogahistory.com/httpdocs/phpBB/' is executable
[Sun Sep 20 06:41:34.473935 2020] [core:crit] [pid 1501:tid 139796403943168] (13)Permission denied: [client 51.15.82.176:52690] AH00529: /var/www/vhosts/saratogahistory.com/httpdocs/phpBB/.htaccess pcfg_openfile: unable to check htaccess file, ensure it is readable and that '/var/www/vhosts/saratogahistory.com/httpdocs/phpBB/' is executable, referer: http://www.saratogahistory.com/phpBB/index.php
[Sun Sep 20 06:53:11.636666 2020] [core:crit] [pid 1501:tid 139796372473600] (13)Permission denied: [client 66.249.64.28:52962] AH00529: /var/www/vhosts/saratogahistory.com/httpdocs/phpBB/.htaccess pcfg_openfile: unable to check htaccess file, ensure it is readable and that '/var/www/vhosts/saratogahistory.com/httpdocs/phpBB/' is executable
[Sun Sep 20 06:54:32.755808 2020] [core:crit] [pid 1501:tid 139796299044608] (13)Permission denied: [client 66.249.64.28:55932] AH00529: /var/www/vhosts/saratogahistory.com/httpdocs/phpBB/.htaccess pcfg_openfile: unable to check htaccess file, ensure it is readable and that '/var/www/vhosts/saratogahistory.com/httpdocs/phpBB/' is executable
[Sun Sep 20 07:37:12.465908 2020] [core:crit] [pid 1501:tid 139796424922880] (13)Permission denied: [client 51.81.32.177:58720] AH00529: /var/www/vhosts/saratogahistory.com/httpdocs/phpBB/.htaccess pcfg_openfile: unable to check htaccess file, ensure it is readable and that '/var/www/vhosts/saratogahistory.com/httpdocs/phpBB/' is executable, referer: http://www.saratogahistory.com/phpBB/index.php
[Sun Sep 20 07:46:16.173806 2020] [core:crit] [pid 685:tid 139796361983744] (13)Permission denied: [client 66.249.65.222:54962] AH00529: /var/www/vhosts/saratogahistory.com/httpdocs/phpBB/.htaccess pcfg_openfile: unable to check htaccess file, ensure it is readable and that '/var/www/vhosts/saratogahistory.com/httpdocs/phpBB/' is executable
[Sun Sep 20 08:01:38.551024 2020] [core:crit] [pid 685:tid 139796611532544] (13)Permission denied: [client 216.244.66.235:37700] AH00529: /var/www/vhosts/saratogahistory.com/httpdocs/phpBB/.htaccess pcfg_openfile: unable to check htaccess file, ensure it is readable and that '/var/www/vhosts/saratogahistory.com/httpdocs/phpBB/' is executable
[Sun Sep 20 08:58:49.111310 2020] [core:crit] [pid 685:tid 139796299044608] (13)Permission denied: [client 185.25.35.13:48858] AH00529: /var/www/vhosts/saratogahistory.com/httpdocs/phpBB/.htaccess pcfg_openfile: unable to check htaccess file, ensure it is readable and that '/var/www/vhosts/saratogahistory.com/httpdocs/phpBB/' is executable
[Sun Sep 20 09:30:26.653098 2020] [core:crit] [pid 685:tid 139796580062976] (13)Permission denied: [client 216.244.66.235:50094] AH00529: /var/www/vhosts/saratogahistory.com/httpdocs/phpBB/.htaccess pcfg_openfile: unable to check htaccess file, ensure it is readable and that '/var/www/vhosts/saratogahistory.com/httpdocs/phpBB/' is executable
[Sun Sep 20 09:36:38.691761 2020] [core:crit] [pid 685:tid 139796487862016] (13)Permission denied: [client 185.25.35.13:38844] AH00529: /var/www/vhosts/saratogahistory.com/httpdocs/phpBB/.htaccess pcfg_openfile: unable to check htaccess file, ensure it is readable and that '/var/www/vhosts/saratogahistory.com/httpdocs/phpBB/' is executable
[Sun Sep 20 09:37:28.528276 2020] [core:crit] [pid 685:tid 139796477372160] (13)Permission denied: [client 212.21.66.6:40780] AH00529: /var/www/vhosts/saratogahistory.com/httpdocs/phpBB/.htaccess pcfg_openfile: unable to check htaccess file, ensure it is readable and that '/var/www/vhosts/saratogahistory.com/httpdocs/phpBB/' is executable, referer: http://www.saratogahistory.com/phpBB/index.php
[Sun Sep 20 10:07:43.625660 2020] [core:crit] [pid 685:tid 139796372473600] (13)Permission denied: [client 5.183.94.62:60498] AH00529: /var/www/vhosts/saratogahistory.com/httpdocs/phpBB/.htaccess pcfg_openfile: unable to check htaccess file, ensure it is readable and that '/var/www/vhosts/saratogahistory.com/httpdocs/phpBB/' is executable, referer: https://mercenaries.pw
[Sun Sep 20 10:14:40.883534 2020] [core:crit] [pid 1501:tid 139796435412736] (13)Permission denied: [client 178.91.16.67:50042] AH00529: /var/www/vhosts/saratogahistory.com/httpdocs/phpBB/.htaccess pcfg_openfile: unable to check htaccess file, ensure it is readable and that '/var/www/vhosts/saratogahistory.com/httpdocs/phpBB/' is executable, referer: http://www.saratogahistory.com/phpBB/index.php
[Sun Sep 20 10:30:53.798211 2020] [core:crit] [pid 687:tid 139796372473600] (13)Permission denied: [client 130.211.62.52:45982] AH00529: /var/www/vhosts/saratogahistory.com/httpdocs/phpBB/.htaccess pcfg_openfile: unable to check htaccess file, ensure it is readable and that '/var/www/vhosts/saratogahistory.com/httpdocs/phpBB/' is executable
[Sun Sep 20 10:31:00.783506 2020] [proxy_fcgi:error] [pid 1501:tid 139796487862016] [client 130.211.62.52:46410] AH01071: Got error 'Primary script unknown\n'
[Sun Sep 20 10:42:29.380198 2020] [core:crit] [pid 1501:tid 139796393453312] (13)Permission denied: [client 185.25.35.13:49804] AH00529: /var/www/vhosts/saratogahistory.com/httpdocs/phpBB/.htaccess pcfg_openfile: unable to check htaccess file, ensure it is readable and that '/var/www/vhosts/saratogahistory.com/httpdocs/phpBB/' is executable
[Sun Sep 20 10:53:02.940079 2020] [core:crit] [pid 1501:tid 139796361983744] (13)Permission denied: [client 185.25.35.13:50814] AH00529: /var/www/vhosts/saratogahistory.com/httpdocs/phpBB/.htaccess pcfg_openfile: unable to check htaccess file, ensure it is readable and that '/var/www/vhosts/saratogahistory.com/httpdocs/phpBB/' is executable
[Sun Sep 20 11:21:51.203619 2020] [core:crit] [pid 685:tid 139796351493888] (13)Permission denied: [client 46.246.65.214:51162] AH00529: /var/www/vhosts/saratogahistory.com/httpdocs/phpBB/.htaccess pcfg_openfile: unable to check htaccess file, ensure it is readable and that '/var/www/vhosts/saratogahistory.com/httpdocs/phpBB/' is executable, referer: https://fsin-pokypka.ru
[Sun Sep 20 11:36:12.295848 2020] [core:crit] [pid 1501:tid 139796309534464] (13)Permission denied: [client 91.109.29.81:38726] AH00529: /var/www/vhosts/saratogahistory.com/httpdocs/phpBB/.htaccess pcfg_openfile: unable to check htaccess file, ensure it is readable and that '/var/www/vhosts/saratogahistory.com/httpdocs/phpBB/' is executable, referer: http://www.saratogahistory.com/phpBB/index.php
[Sun Sep 20 11:50:50.251435 2020] [core:crit] [pid 1501:tid 139796611532544] (13)Permission denied: [client 5.183.94.62:55280] AH00529: /var/www/vhosts/saratogahistory.com/httpdocs/phpBB/.htaccess pcfg_openfile: unable to check htaccess file, ensure it is readable and that '/var/www/vhosts/saratogahistory.com/httpdocs/phpBB/' is executable, referer: https://lolz.guru/market/
[Sun Sep 20 11:52:50.265086 2020] [core:crit] [pid 687:tid 139796320024320] (13)Permission denied: [client 78.159.103.52:33386] AH00529: /var/www/vhosts/saratogahistory.com/httpdocs/phpBB/.htaccess pcfg_openfile: unable to check htaccess file, ensure it is readable and that '/var/www/vhosts/saratogahistory.com/httpdocs/phpBB/' is executable, referer: http://www.saratogahistory.com/phpBB/index.php
[Sun Sep 20 12:51:47.152859 2020] [core:crit] [pid 685:tid 139796320024320] (13)Permission denied: [client 66.249.65.223:56004] AH00529: /var/www/vhosts/saratogahistory.com/httpdocs/phpBB/.htaccess pcfg_openfile: unable to check htaccess file, ensure it is readable and that '/var/www/vhosts/saratogahistory.com/httpdocs/phpBB/' is executable
[Sun Sep 20 13:18:14.137598 2020] [core:crit] [pid 1501:tid 139796590552832] (13)Permission denied: [client 185.121.69.42:57558] AH00529: /var/www/vhosts/saratogahistory.com/httpdocs/phpBB/.htaccess pcfg_openfile: unable to check htaccess file, ensure it is readable and that '/var/www/vhosts/saratogahistory.com/httpdocs/phpBB/' is executable, referer: http://www.saratogahistory.com/phpBB/index.php
[Sun Sep 20 13:18:26.456586 2020] [core:crit] [pid 685:tid 139796477372160] (13)Permission denied: [client 72.11.148.222:58144] AH00529: /var/www/vhosts/saratogahistory.com/httpdocs/phpBB/.htaccess pcfg_openfile: unable to check htaccess file, ensure it is readable and that '/var/www/vhosts/saratogahistory.com/httpdocs/phpBB/' is executable, referer: http://www.saratogahistory.com/phpBB/index.php
[Sun Sep 20 13:18:31.245508 2020] [proxy_fcgi:error] [pid 1501:tid 139796569573120] [client 72.11.148.222:58412] AH01071: Got error 'Primary script unknown\n', referer: http://www.saratogahistory.com/index.php
[Sun Sep 20 13:18:32.653238 2020] [proxy_fcgi:error] [pid 1501:tid 139796487862016] [client 72.11.148.222:58496] AH01071: Got error 'Primary script unknown\n', referer: http://www.saratogahistory.com/index.php
[Sun Sep 20 13:18:34.224729 2020] [proxy_fcgi:error] [pid 685:tid 139796466882304] [client 72.11.148.222:58562] AH01071: Got error 'Primary script unknown\n', referer: http://www.saratogahistory.com/index.php
[Sun Sep 20 13:23:40.203003 2020] [core:crit] [pid 685:tid 139796424922880] (13)Permission denied: [client 216.244.66.235:46710] AH00529: /var/www/vhosts/saratogahistory.com/httpdocs/phpBB/.htaccess pcfg_openfile: unable to check htaccess file, ensure it is readable and that '/var/www/vhosts/saratogahistory.com/httpdocs/phpBB/' is executable
[Sun Sep 20 13:38:42.507335 2020] [core:crit] [pid 1501:tid 139796601042688] (13)Permission denied: [client 51.15.59.15:39728] AH00529: /var/www/vhosts/saratogahistory.com/httpdocs/phpBB/.htaccess pcfg_openfile: unable to check htaccess file, ensure it is readable and that '/var/www/vhosts/saratogahistory.com/httpdocs/phpBB/' is executable, referer: http://www.saratogahistory.com/phpBB/index.php
[Sun Sep 20 13:56:07.365592 2020] [core:crit] [pid 1501:tid 139796382963456] (13)Permission denied: [client 40.77.167.110:43648] AH00529: /var/www/vhosts/saratogahistory.com/httpdocs/phpBB/.htaccess pcfg_openfile: unable to check htaccess file, ensure it is readable and that '/var/www/vhosts/saratogahistory.com/httpdocs/phpBB/' is executable
[Sun Sep 20 14:45:24.752594 2020] [core:crit] [pid 1501:tid 139796435412736] (13)Permission denied: [client 134.249.124.67:39992] AH00529: /var/www/vhosts/saratogahistory.com/httpdocs/phpBB/.htaccess pcfg_openfile: unable to check htaccess file, ensure it is readable and that '/var/www/vhosts/saratogahistory.com/httpdocs/phpBB/' is executable, referer: http://www.saratogahistory.com/phpBB/index.php
[Sun Sep 20 15:17:10.077124 2020] [core:crit] [pid 685:tid 139796424922880] (13)Permission denied: [client 185.25.35.12:59544] AH00529: /var/www/vhosts/saratogahistory.com/httpdocs/phpBB/.htaccess pcfg_openfile: unable to check htaccess file, ensure it is readable and that '/var/www/vhosts/saratogahistory.com/httpdocs/phpBB/' is executable
[Sun Sep 20 15:32:20.304983 2020] [core:crit] [pid 1501:tid 139796372473600] (13)Permission denied: [client 188.122.82.146:52812] AH00529: /var/www/vhosts/saratogahistory.com/httpdocs/phpBB/.htaccess pcfg_openfile: unable to check htaccess file, ensure it is readable and that '/var/www/vhosts/saratogahistory.com/httpdocs/phpBB/' is executable, referer: http://www.saratogahistory.com/phpBB/index.php
[Sun Sep 20 15:41:08.977638 2020] [core:crit] [pid 1501:tid 139796288554752] (13)Permission denied: [client 171.25.193.20:54786] AH00529: /var/www/vhosts/saratogahistory.com/httpdocs/phpBB/.htaccess pcfg_openfile: unable to check htaccess file, ensure it is readable and that '/var/www/vhosts/saratogahistory.com/httpdocs/phpBB/' is executable, referer: http://www.saratogahistory.com/phpBB/index.php
[Sun Sep 20 15:57:42.349012 2020] [core:crit] [pid 1501:tid 139796320024320] (13)Permission denied: [client 185.25.35.15:52500] AH00529: /var/www/vhosts/saratogahistory.com/httpdocs/phpBB/.htaccess pcfg_openfile: unable to check htaccess file, ensure it is readable and that '/var/www/vhosts/saratogahistory.com/httpdocs/phpBB/' is executable
[Sun Sep 20 16:03:52.909604 2020] [auth_basic:error] [pid 685:tid 139796361983744] [client 34.215.171.98:51792] AH01618: user  not found: /admin/, referer: https://www.saratogahistory.com/
[Sun Sep 20 16:46:01.619622 2020] [core:crit] [pid 687:tid 139796466882304] (13)Permission denied: [client 91.76.156.63:52496] AH00529: /var/www/vhosts/saratogahistory.com/httpdocs/phpBB/.htaccess pcfg_openfile: unable to check htaccess file, ensure it is readable and that '/var/www/vhosts/saratogahistory.com/httpdocs/phpBB/' is executable, referer: http://www.saratogahistory.com/phpBB/index.php
[Sun Sep 20 17:00:35.358726 2020] [core:crit] [pid 685:tid 139796393453312] (13)Permission denied: [client 185.25.35.9:44918] AH00529: /var/www/vhosts/saratogahistory.com/httpdocs/phpBB/.htaccess pcfg_openfile: unable to check htaccess file, ensure it is readable and that '/var/www/vhosts/saratogahistory.com/httpdocs/phpBB/' is executable
[Sun Sep 20 17:01:34.015496 2020] [core:crit] [pid 1501:tid 139796466882304] (13)Permission denied: [client 92.38.136.69:48266] AH00529: /var/www/vhosts/saratogahistory.com/httpdocs/phpBB/.htaccess pcfg_openfile: unable to check htaccess file, ensure it is readable and that '/var/www/vhosts/saratogahistory.com/httpdocs/phpBB/' is executable, referer: http://www.saratogahistory.com/phpBB/index.php
[Sun Sep 20 17:03:37.504035 2020] [core:crit] [pid 687:tid 139796424922880] (13)Permission denied: [client 185.220.102.7:55512] AH00529: /var/www/vhosts/saratogahistory.com/httpdocs/phpBB/.htaccess pcfg_openfile: unable to check htaccess file, ensure it is readable and that '/var/www/vhosts/saratogahistory.com/httpdocs/phpBB/' is executable, referer: http://www.saratogahistory.com/phpBB/index.php
[Sun Sep 20 17:04:42.070969 2020] [core:crit] [pid 1501:tid 139796611532544] (13)Permission denied: [client 66.249.65.222:59040] AH00529: /var/www/vhosts/saratogahistory.com/httpdocs/phpBB/.htaccess pcfg_openfile: unable to check htaccess file, ensure it is readable and that '/var/www/vhosts/saratogahistory.com/httpdocs/phpBB/' is executable
[Sun Sep 20 17:13:06.118385 2020] [core:crit] [pid 687:tid 139796403943168] (13)Permission denied: [client 185.25.35.8:58098] AH00529: /var/www/vhosts/saratogahistory.com/httpdocs/phpBB/.htaccess pcfg_openfile: unable to check htaccess file, ensure it is readable and that '/var/www/vhosts/saratogahistory.com/httpdocs/phpBB/' is executable
[Sun Sep 20 17:40:56.577697 2020] [core:crit] [pid 685:tid 139796601042688] (13)Permission denied: [client 185.107.47.215:37648] AH00529: /var/www/vhosts/saratogahistory.com/httpdocs/phpBB/.htaccess pcfg_openfile: unable to check htaccess file, ensure it is readable and that '/var/www/vhosts/saratogahistory.com/httpdocs/phpBB/' is executable, referer: http://www.saratogahistory.com/phpBB/index.php
[Sun Sep 20 17:44:52.184759 2020] [core:crit] [pid 1501:tid 139796361983744] (13)Permission denied: [client 40.77.167.110:50126] AH00529: /var/www/vhosts/saratogahistory.com/httpdocs/phpBB/.htaccess pcfg_openfile: unable to check htaccess file, ensure it is readable and that '/var/www/vhosts/saratogahistory.com/httpdocs/phpBB/' is executable
[Sun Sep 20 18:00:00.093482 2020] [core:crit] [pid 685:tid 139796361983744] (13)Permission denied: [client 40.77.167.16:41578] AH00529: /var/www/vhosts/saratogahistory.com/httpdocs/phpBB/.htaccess pcfg_openfile: unable to check htaccess file, ensure it is readable and that '/var/www/vhosts/saratogahistory.com/httpdocs/phpBB/' is executable
[Sun Sep 20 18:19:54.685650 2020] [core:crit] [pid 1501:tid 139796456392448] (13)Permission denied: [client 188.122.82.146:51174] AH00529: /var/www/vhosts/saratogahistory.com/httpdocs/phpBB/.htaccess pcfg_openfile: unable to check htaccess file, ensure it is readable and that '/var/www/vhosts/saratogahistory.com/httpdocs/phpBB/' is executable, referer: http://www.saratogahistory.com/phpBB/index.php
[Sun Sep 20 18:56:49.230760 2020] [core:crit] [pid 687:tid 139796487862016] (13)Permission denied: [client 216.244.66.235:56460] AH00529: /var/www/vhosts/saratogahistory.com/httpdocs/phpBB/.htaccess pcfg_openfile: unable to check htaccess file, ensure it is readable and that '/var/www/vhosts/saratogahistory.com/httpdocs/phpBB/' is executable
[Sun Sep 20 19:24:31.946174 2020] [core:crit] [pid 687:tid 139796403943168] (13)Permission denied: [client 62.210.188.222:35258] AH00529: /var/www/vhosts/saratogahistory.com/httpdocs/phpBB/.htaccess pcfg_openfile: unable to check htaccess file, ensure it is readable and that '/var/www/vhosts/saratogahistory.com/httpdocs/phpBB/' is executable
[Sun Sep 20 19:43:48.810170 2020] [core:crit] [pid 687:tid 139796361983744] (13)Permission denied: [client 185.220.100.241:48418] AH00529: /var/www/vhosts/saratogahistory.com/httpdocs/phpBB/.htaccess pcfg_openfile: unable to check htaccess file, ensure it is readable and that '/var/www/vhosts/saratogahistory.com/httpdocs/phpBB/' is executable, referer: http://www.saratogahistory.com/phpBB/index.php
[Sun Sep 20 19:44:11.715921 2020] [core:crit] [pid 1501:tid 139796466882304] (13)Permission denied: [client 95.72.148.215:49726] AH00529: /var/www/vhosts/saratogahistory.com/httpdocs/phpBB/.htaccess pcfg_openfile: unable to check htaccess file, ensure it is readable and that '/var/www/vhosts/saratogahistory.com/httpdocs/phpBB/' is executable, referer: http://www.saratogahistory.com/phpBB/index.php
[Sun Sep 20 19:44:40.974232 2020] [core:crit] [pid 685:tid 139796456392448] (13)Permission denied: [client 89.163.239.216:51194] AH00529: /var/www/vhosts/saratogahistory.com/httpdocs/phpBB/.htaccess pcfg_openfile: unable to check htaccess file, ensure it is readable and that '/var/www/vhosts/saratogahistory.com/httpdocs/phpBB/' is executable, referer: http://www.saratogahistory.com/phpBB/index.php
[Sun Sep 20 21:08:00.208953 2020] [core:crit] [pid 1501:tid 139796403943168] (13)Permission denied: [client 185.25.35.8:53750] AH00529: /var/www/vhosts/saratogahistory.com/httpdocs/phpBB/.htaccess pcfg_openfile: unable to check htaccess file, ensure it is readable and that '/var/www/vhosts/saratogahistory.com/httpdocs/phpBB/' is executable
[Sun Sep 20 21:47:21.801627 2020] [core:crit] [pid 1501:tid 139796414433024] (13)Permission denied: [client 109.70.100.45:43846] AH00529: /var/www/vhosts/saratogahistory.com/httpdocs/phpBB/.htaccess pcfg_openfile: unable to check htaccess file, ensure it is readable and that '/var/www/vhosts/saratogahistory.com/httpdocs/phpBB/' is executable, referer: http://www.saratogahistory.com/phpBB/index.php
[Sun Sep 20 21:49:39.608825 2020] [core:crit] [pid 685:tid 139796611532544] (13)Permission denied: [client 185.25.35.15:50420] AH00529: /var/www/vhosts/saratogahistory.com/httpdocs/phpBB/.htaccess pcfg_openfile: unable to check htaccess file, ensure it is readable and that '/var/www/vhosts/saratogahistory.com/httpdocs/phpBB/' is executable
[Sun Sep 20 22:12:30.624976 2020] [core:crit] [pid 687:tid 139796361983744] (13)Permission denied: [client 91.109.29.102:53954] AH00529: /var/www/vhosts/saratogahistory.com/httpdocs/phpBB/.htaccess pcfg_openfile: unable to check htaccess file, ensure it is readable and that '/var/www/vhosts/saratogahistory.com/httpdocs/phpBB/' is executable, referer: http://www.saratogahistory.com/phpBB/index.php
[Sun Sep 20 22:23:07.925233 2020] [core:crit] [pid 685:tid 139796299044608] (13)Permission denied: [client 213.178.43.122:33050] AH00529: /var/www/vhosts/saratogahistory.com/httpdocs/phpBB/.htaccess pcfg_openfile: unable to check htaccess file, ensure it is readable and that '/var/www/vhosts/saratogahistory.com/httpdocs/phpBB/' is executable, referer: http://www.saratogahistory.com/phpBB/index.php
[Sun Sep 20 22:23:09.074769 2020] [proxy_fcgi:error] [pid 685:tid 139796601042688] [client 213.178.43.122:33122] AH01071: Got error 'Primary script unknown\n', referer: http://www.saratogahistory.com/index.php
[Sun Sep 20 22:23:09.371521 2020] [proxy_fcgi:error] [pid 685:tid 139796611532544] [client 213.178.43.122:33138] AH01071: Got error 'Primary script unknown\n', referer: http://www.saratogahistory.com/index.php
[Sun Sep 20 22:23:09.684065 2020] [proxy_fcgi:error] [pid 685:tid 139796590552832] [client 213.178.43.122:33152] AH01071: Got error 'Primary script unknown\n', referer: http://www.saratogahistory.com/index.php
[Sun Sep 20 22:50:58.077805 2020] [core:crit] [pid 1501:tid 139796601042688] (13)Permission denied: [client 66.249.65.193:55152] AH00529: /var/www/vhosts/saratogahistory.com/httpdocs/phpBB/.htaccess pcfg_openfile: unable to check htaccess file, ensure it is readable and that '/var/www/vhosts/saratogahistory.com/httpdocs/phpBB/' is executable
[Sun Sep 20 22:56:59.918528 2020] [core:crit] [pid 1501:tid 139796477372160] (13)Permission denied: [client 185.25.35.11:42636] AH00529: /var/www/vhosts/saratogahistory.com/httpdocs/phpBB/.htaccess pcfg_openfile: unable to check htaccess file, ensure it is readable and that '/var/www/vhosts/saratogahistory.com/httpdocs/phpBB/' is executable
[Sun Sep 20 23:09:36.991701 2020] [core:crit] [pid 1501:tid 139796403943168] (13)Permission denied: [client 185.25.35.10:47518] AH00529: /var/www/vhosts/saratogahistory.com/httpdocs/phpBB/.htaccess pcfg_openfile: unable to check htaccess file, ensure it is readable and that '/var/www/vhosts/saratogahistory.com/httpdocs/phpBB/' is executable
[Sun Sep 20 23:40:46.930747 2020] [core:crit] [pid 1501:tid 139796466882304] (13)Permission denied: [client 199.249.230.154:42756] AH00529: /var/www/vhosts/saratogahistory.com/httpdocs/phpBB/.htaccess pcfg_openfile: unable to check htaccess file, ensure it is readable and that '/var/www/vhosts/saratogahistory.com/httpdocs/phpBB/' is executable, referer: http://www.saratogahistory.com/phpBB/index.php
[Sun Sep 20 23:43:46.115821 2020] [core:crit] [pid 1501:tid 139796590552832] (13)Permission denied: [client 128.199.214.87:51214] AH00529: /var/www/vhosts/saratogahistory.com/httpdocs/phpBB/.htaccess pcfg_openfile: unable to check htaccess file, ensure it is readable and that '/var/www/vhosts/saratogahistory.com/httpdocs/phpBB/' is executable, referer: http://www.saratogahistory.com/phpBB/index.php
[Mon Sep 21 01:39:10.882659 2020] [core:crit] [pid 1501:tid 139796569573120] (13)Permission denied: [client 78.159.103.179:59060] AH00529: /var/www/vhosts/saratogahistory.com/httpdocs/phpBB/.htaccess pcfg_openfile: unable to check htaccess file, ensure it is readable and that '/var/www/vhosts/saratogahistory.com/httpdocs/phpBB/' is executable, referer: http://www.saratogahistory.com/phpBB/index.php
[Mon Sep 21 02:02:49.674850 2020] [core:crit] [pid 1501:tid 139796590552832] (13)Permission denied: [client 66.249.65.193:48144] AH00529: /var/www/vhosts/saratogahistory.com/httpdocs/phpBB/.htaccess pcfg_openfile: unable to check htaccess file, ensure it is readable and that '/var/www/vhosts/saratogahistory.com/httpdocs/phpBB/' is executable
[Mon Sep 21 02:14:09.719832 2020] [core:crit] [pid 1501:tid 139796382963456] (13)Permission denied: [client 185.232.21.167:50426] AH00529: /var/www/vhosts/saratogahistory.com/httpdocs/phpBB/.htaccess pcfg_openfile: unable to check htaccess file, ensure it is readable and that '/var/www/vhosts/saratogahistory.com/httpdocs/phpBB/' is executable, referer: http://www.saratogahistory.com/phpBB/
[Mon Sep 21 02:16:21.786170 2020] [core:crit] [pid 685:tid 139796403943168] (13)Permission denied: [client 66.249.65.222:56006] AH00529: /var/www/vhosts/saratogahistory.com/httpdocs/phpBB/.htaccess pcfg_openfile: unable to check htaccess file, ensure it is readable and that '/var/www/vhosts/saratogahistory.com/httpdocs/phpBB/' is executable
[Mon Sep 21 02:24:30.295055 2020] [core:crit] [pid 1501:tid 139796487862016] (13)Permission denied: [client 66.249.65.222:51122] AH00529: /var/www/vhosts/saratogahistory.com/httpdocs/phpBB/.htaccess pcfg_openfile: unable to check htaccess file, ensure it is readable and that '/var/www/vhosts/saratogahistory.com/httpdocs/phpBB/' is executable
[Mon Sep 21 03:05:01.350162 2020] [core:crit] [pid 1501:tid 139796351493888] (13)Permission denied: [client 185.25.35.14:50934] AH00529: /var/www/vhosts/saratogahistory.com/httpdocs/phpBB/.htaccess pcfg_openfile: unable to check htaccess file, ensure it is readable and that '/var/www/vhosts/saratogahistory.com/httpdocs/phpBB/' is executable
[Mon Sep 21 03:10:39.087984 2020] [autoindex:error] [pid 685:tid 139796299044608] [client 17.58.99.56:38660] AH01276: Cannot serve directory /var/www/vhosts/saratogahistory.com/httpdocs/grandview/: No matching DirectoryIndex (index.html,index.cgi,index.pl,index.php,index.xhtml,index.htm,index.shtml) found, and server-generated directory index forbidden by Options directive
[Mon Sep 21 03:40:33.194621 2020] [core:crit] [pid 1501:tid 139796424922880] (13)Permission denied: [client 192.42.116.16:37524] AH00529: /var/www/vhosts/saratogahistory.com/httpdocs/phpBB/.htaccess pcfg_openfile: unable to check htaccess file, ensure it is readable and that '/var/www/vhosts/saratogahistory.com/httpdocs/phpBB/' is executable, referer: http://www.saratogahistory.com/phpBB/index.php
[Mon Sep 21 03:47:53.739529 2020] [core:crit] [pid 1501:tid 139796487862016] (13)Permission denied: [client 185.25.35.15:57972] AH00529: /var/www/vhosts/saratogahistory.com/httpdocs/phpBB/.htaccess pcfg_openfile: unable to check htaccess file, ensure it is readable and that '/var/www/vhosts/saratogahistory.com/httpdocs/phpBB/' is executable
[Mon Sep 21 04:53:56.695464 2020] [core:crit] [pid 1501:tid 139796569573120] (13)Permission denied: [client 185.25.35.15:52080] AH00529: /var/www/vhosts/saratogahistory.com/httpdocs/phpBB/.htaccess pcfg_openfile: unable to check htaccess file, ensure it is readable and that '/var/www/vhosts/saratogahistory.com/httpdocs/phpBB/' is executable
[Mon Sep 21 05:06:07.274878 2020] [core:crit] [pid 1501:tid 139796569573120] (13)Permission denied: [client 185.25.35.14:54772] AH00529: /var/www/vhosts/saratogahistory.com/httpdocs/phpBB/.htaccess pcfg_openfile: unable to check htaccess file, ensure it is readable and that '/var/www/vhosts/saratogahistory.com/httpdocs/phpBB/' is executable
[Mon Sep 21 05:18:49.227207 2020] [core:crit] [pid 1501:tid 139796330514176] (13)Permission denied: [client 110.78.146.70:45958] AH00529: /var/www/vhosts/saratogahistory.com/httpdocs/phpBB/.htaccess pcfg_openfile: unable to check htaccess file, ensure it is readable and that '/var/www/vhosts/saratogahistory.com/httpdocs/phpBB/' is executable, referer: http://www.saratogahistory.com/phpBB/index.php
[Mon Sep 21 05:18:53.458486 2020] [proxy_fcgi:error] [pid 1501:tid 139796601042688] [client 110.78.146.70:46228] AH01071: Got error 'Primary script unknown\n', referer: http://www.saratogahistory.com/index.php
[Mon Sep 21 05:18:54.825230 2020] [proxy_fcgi:error] [pid 1501:tid 139796288554752] [client 110.78.146.70:46310] AH01071: Got error 'Primary script unknown\n', referer: http://www.saratogahistory.com/index.php
[Mon Sep 21 05:18:56.109492 2020] [proxy_fcgi:error] [pid 1501:tid 139796580062976] [client 110.78.146.70:46360] AH01071: Got error 'Primary script unknown\n', referer: http://www.saratogahistory.com/index.php
[Mon Sep 21 05:38:21.564698 2020] [core:crit] [pid 687:tid 139796487862016] (13)Permission denied: [client 158.69.63.54:36240] AH00529: /var/www/vhosts/saratogahistory.com/httpdocs/phpBB/.htaccess pcfg_openfile: unable to check htaccess file, ensure it is readable and that '/var/www/vhosts/saratogahistory.com/httpdocs/phpBB/' is executable, referer: http://www.saratogahistory.com/phpBB/index.php
[Mon Sep 21 06:45:20.888100 2020] [core:crit] [pid 1501:tid 139796382963456] (13)Permission denied: [client 185.220.101.202:42654] AH00529: /var/www/vhosts/saratogahistory.com/httpdocs/phpBB/.htaccess pcfg_openfile: unable to check htaccess file, ensure it is readable and that '/var/www/vhosts/saratogahistory.com/httpdocs/phpBB/' is executable, referer: http://www.saratogahistory.com/phpBB/index.php
[Mon Sep 21 07:25:58.700464 2020] [core:crit] [pid 1501:tid 139796487862016] (13)Permission denied: [client 5.188.210.18:33564] AH00529: /var/www/vhosts/saratogahistory.com/httpdocs/phpBB/.htaccess pcfg_openfile: unable to check htaccess file, ensure it is readable and that '/var/www/vhosts/saratogahistory.com/httpdocs/phpBB/' is executable, referer: http://www.saratogahistory.com/phpBB/index.php
[Mon Sep 21 07:31:32.522860 2020] [core:crit] [pid 1501:tid 139796435412736] (13)Permission denied: [client 176.107.183.146:57426] AH00529: /var/www/vhosts/saratogahistory.com/httpdocs/phpBB/.htaccess pcfg_openfile: unable to check htaccess file, ensure it is readable and that '/var/www/vhosts/saratogahistory.com/httpdocs/phpBB/' is executable, referer: http://www.saratogahistory.com/phpBB/index.php
[Mon Sep 21 07:37:37.464038 2020] [core:crit] [pid 1501:tid 139796299044608] (13)Permission denied: [client 51.75.144.43:48104] AH00529: /var/www/vhosts/saratogahistory.com/httpdocs/phpBB/.htaccess pcfg_openfile: unable to check htaccess file, ensure it is readable and that '/var/www/vhosts/saratogahistory.com/httpdocs/phpBB/' is executable, referer: http://www.saratogahistory.com/phpBB/index.php
[Mon Sep 21 08:13:07.702285 2020] [core:crit] [pid 687:tid 139796403943168] (13)Permission denied: [client 188.122.82.146:36234] AH00529: /var/www/vhosts/saratogahistory.com/httpdocs/phpBB/.htaccess pcfg_openfile: unable to check htaccess file, ensure it is readable and that '/var/www/vhosts/saratogahistory.com/httpdocs/phpBB/' is executable, referer: http://www.saratogahistory.com/phpBB/index.php
[Mon Sep 21 08:43:57.225333 2020] [core:crit] [pid 1501:tid 139796424922880] (13)Permission denied: [client 66.249.65.222:37552] AH00529: /var/www/vhosts/saratogahistory.com/httpdocs/phpBB/.htaccess pcfg_openfile: unable to check htaccess file, ensure it is readable and that '/var/www/vhosts/saratogahistory.com/httpdocs/phpBB/' is executable
[Mon Sep 21 09:01:05.897775 2020] [core:crit] [pid 687:tid 139796372473600] (13)Permission denied: [client 62.210.103.67:47248] AH00529: /var/www/vhosts/saratogahistory.com/httpdocs/phpBB/.htaccess pcfg_openfile: unable to check htaccess file, ensure it is readable and that '/var/www/vhosts/saratogahistory.com/httpdocs/phpBB/' is executable, referer: http://www.saratogahistory.com/phpBB/index.php
[Mon Sep 21 09:13:43.275135 2020] [core:crit] [pid 1501:tid 139796382963456] (13)Permission denied: [client 45.56.183.61:35076] AH00529: /var/www/vhosts/saratogahistory.com/httpdocs/phpBB/.htaccess pcfg_openfile: unable to check htaccess file, ensure it is readable and that '/var/www/vhosts/saratogahistory.com/httpdocs/phpBB/' is executable, referer: http://www.saratogahistory.com/phpBB/index.php
[Mon Sep 21 09:16:52.210685 2020] [core:crit] [pid 1501:tid 139796309534464] (13)Permission denied: [client 95.73.65.95:48574] AH00529: /var/www/vhosts/saratogahistory.com/httpdocs/phpBB/.htaccess pcfg_openfile: unable to check htaccess file, ensure it is readable and that '/var/www/vhosts/saratogahistory.com/httpdocs/phpBB/' is executable, referer: http://www.saratogahistory.com/phpBB/index.php
[Mon Sep 21 09:24:26.351174 2020] [core:crit] [pid 1501:tid 139796330514176] (13)Permission denied: [client 185.232.21.167:52480] AH00529: /var/www/vhosts/saratogahistory.com/httpdocs/phpBB/.htaccess pcfg_openfile: unable to check htaccess file, ensure it is readable and that '/var/www/vhosts/saratogahistory.com/httpdocs/phpBB/' is executable, referer: http://www.saratogahistory.com/phpBB/index.php
[Mon Sep 21 09:25:23.289164 2020] [core:crit] [pid 1501:tid 139796288554752] (13)Permission denied: [client 185.25.35.12:57008] AH00529: /var/www/vhosts/saratogahistory.com/httpdocs/phpBB/.htaccess pcfg_openfile: unable to check htaccess file, ensure it is readable and that '/var/www/vhosts/saratogahistory.com/httpdocs/phpBB/' is executable
[Mon Sep 21 09:35:48.290464 2020] [core:crit] [pid 1501:tid 139796569573120] (13)Permission denied: [client 51.158.111.157:43178] AH00529: /var/www/vhosts/saratogahistory.com/httpdocs/phpBB/.htaccess pcfg_openfile: unable to check htaccess file, ensure it is readable and that '/var/www/vhosts/saratogahistory.com/httpdocs/phpBB/' is executable, referer: http://www.saratogahistory.com/phpBB/index.php
[Mon Sep 21 10:05:09.264190 2020] [core:crit] [pid 1501:tid 139796414433024] (13)Permission denied: [client 185.25.35.10:38168] AH00529: /var/www/vhosts/saratogahistory.com/httpdocs/phpBB/.htaccess pcfg_openfile: unable to check htaccess file, ensure it is readable and that '/var/www/vhosts/saratogahistory.com/httpdocs/phpBB/' is executable
[Mon Sep 21 11:04:19.040419 2020] [core:crit] [pid 1501:tid 139796445902592] (13)Permission denied: [client 185.25.35.15:40024] AH00529: /var/www/vhosts/saratogahistory.com/httpdocs/phpBB/.htaccess pcfg_openfile: unable to check htaccess file, ensure it is readable and that '/var/www/vhosts/saratogahistory.com/httpdocs/phpBB/' is executable
[Mon Sep 21 11:16:32.876075 2020] [core:crit] [pid 1501:tid 139796299044608] (13)Permission denied: [client 185.25.35.15:36748] AH00529: /var/www/vhosts/saratogahistory.com/httpdocs/phpBB/.htaccess pcfg_openfile: unable to check htaccess file, ensure it is readable and that '/var/www/vhosts/saratogahistory.com/httpdocs/phpBB/' is executable
[Mon Sep 21 11:20:19.443277 2020] [core:crit] [pid 1501:tid 139796601042688] (13)Permission denied: [client 51.91.110.42:51788] AH00529: /var/www/vhosts/saratogahistory.com/httpdocs/phpBB/.htaccess pcfg_openfile: unable to check htaccess file, ensure it is readable and that '/var/www/vhosts/saratogahistory.com/httpdocs/phpBB/' is executable, referer: http://www.saratogahistory.com/phpBB/index.php
[Mon Sep 21 11:37:16.184464 2020] [core:crit] [pid 1501:tid 139796299044608] (13)Permission denied: [client 185.220.102.252:57004] AH00529: /var/www/vhosts/saratogahistory.com/httpdocs/phpBB/.htaccess pcfg_openfile: unable to check htaccess file, ensure it is readable and that '/var/www/vhosts/saratogahistory.com/httpdocs/phpBB/' is executable, referer: http://www.saratogahistory.com/phpBB/index.php
[Mon Sep 21 11:49:55.804531 2020] [core:crit] [pid 1501:tid 139796320024320] (13)Permission denied: [client 92.124.162.192:57082] AH00529: /var/www/vhosts/saratogahistory.com/httpdocs/phpBB/.htaccess pcfg_openfile: unable to check htaccess file, ensure it is readable and that '/var/www/vhosts/saratogahistory.com/httpdocs/phpBB/' is executable, referer: http://www.saratogahistory.com/phpBB/index.php
[Mon Sep 21 11:49:55.804535 2020] [core:crit] [pid 687:tid 139796320024320] (13)Permission denied: [client 92.124.162.192:57084] AH00529: /var/www/vhosts/saratogahistory.com/httpdocs/phpBB/.htaccess pcfg_openfile: unable to check htaccess file, ensure it is readable and that '/var/www/vhosts/saratogahistory.com/httpdocs/phpBB/' is executable, referer: http://www.saratogahistory.com/phpBB/index.php
[Mon Sep 21 13:36:15.768270 2020] [core:crit] [pid 1501:tid 139796456392448] (13)Permission denied: [client 185.220.101.146:56822] AH00529: /var/www/vhosts/saratogahistory.com/httpdocs/phpBB/.htaccess pcfg_openfile: unable to check htaccess file, ensure it is readable and that '/var/www/vhosts/saratogahistory.com/httpdocs/phpBB/' is executable, referer: http://www.saratogahistory.com/phpBB/index.php
[Mon Sep 21 14:32:24.883051 2020] [core:crit] [pid 1501:tid 139796569573120] (13)Permission denied: [client 185.233.148.87:44878] AH00529: /var/www/vhosts/saratogahistory.com/httpdocs/phpBB/.htaccess pcfg_openfile: unable to check htaccess file, ensure it is readable and that '/var/www/vhosts/saratogahistory.com/httpdocs/phpBB/' is executable, referer: http://www.saratogahistory.com/phpBB/viewtopic.php?printertopic=1&t=344&start=0&postdays=0&postorder=asc&vote=viewresult&sid=d690381e2d35eca98ed504e954ed3774
[Mon Sep 21 14:32:26.556291 2020] [proxy_fcgi:error] [pid 685:tid 139796580062976] [client 185.233.148.87:44948] AH01071: Got error 'Primary script unknown\n', referer: http://www.saratogahistory.com/index.php
[Mon Sep 21 14:32:26.977228 2020] [proxy_fcgi:error] [pid 685:tid 139796487862016] [client 185.233.148.87:44960] AH01071: Got error 'Primary script unknown\n', referer: http://www.saratogahistory.com/index.php
[Mon Sep 21 14:32:27.706253 2020] [proxy_fcgi:error] [pid 1501:tid 139796403943168] [client 185.233.148.87:44980] AH01071: Got error 'Primary script unknown\n', referer: http://www.saratogahistory.com/index.php
[Mon Sep 21 14:45:03.815665 2020] [core:crit] [pid 685:tid 139796341004032] (13)Permission denied: [client 185.206.213.233:44276] AH00529: /var/www/vhosts/saratogahistory.com/httpdocs/phpBB/.htaccess pcfg_openfile: unable to check htaccess file, ensure it is readable and that '/var/www/vhosts/saratogahistory.com/httpdocs/phpBB/' is executable, referer: http://www.saratogahistory.com/phpBB/index.php
[Mon Sep 21 15:16:40.889714 2020] [core:crit] [pid 685:tid 139796456392448] (13)Permission denied: [client 188.122.82.146:53968] AH00529: /var/www/vhosts/saratogahistory.com/httpdocs/phpBB/.htaccess pcfg_openfile: unable to check htaccess file, ensure it is readable and that '/var/www/vhosts/saratogahistory.com/httpdocs/phpBB/' is executable, referer: http://www.saratogahistory.com/phpBB/index.php
[Mon Sep 21 15:28:27.422307 2020] [core:crit] [pid 1501:tid 139796569573120] (13)Permission denied: [client 185.220.100.243:43290] AH00529: /var/www/vhosts/saratogahistory.com/httpdocs/phpBB/.htaccess pcfg_openfile: unable to check htaccess file, ensure it is readable and that '/var/www/vhosts/saratogahistory.com/httpdocs/phpBB/' is executable, referer: http://www.saratogahistory.com/phpBB/index.php
[Mon Sep 21 15:36:04.598644 2020] [core:crit] [pid 687:tid 139796393453312] (13)Permission denied: [client 23.129.64.211:47796] AH00529: /var/www/vhosts/saratogahistory.com/httpdocs/phpBB/.htaccess pcfg_openfile: unable to check htaccess file, ensure it is readable and that '/var/www/vhosts/saratogahistory.com/httpdocs/phpBB/' is executable, referer: http://www.saratogahistory.com/phpBB/index.php
[Mon Sep 21 15:41:10.081703 2020] [core:crit] [pid 1501:tid 139796361983744] (13)Permission denied: [client 185.25.35.13:41070] AH00529: /var/www/vhosts/saratogahistory.com/httpdocs/phpBB/.htaccess pcfg_openfile: unable to check htaccess file, ensure it is readable and that '/var/www/vhosts/saratogahistory.com/httpdocs/phpBB/' is executable
[Mon Sep 21 16:22:35.057092 2020] [core:crit] [pid 1501:tid 139796341004032] (13)Permission denied: [client 185.25.35.11:33732] AH00529: /var/www/vhosts/saratogahistory.com/httpdocs/phpBB/.htaccess pcfg_openfile: unable to check htaccess file, ensure it is readable and that '/var/www/vhosts/saratogahistory.com/httpdocs/phpBB/' is executable
[Mon Sep 21 17:30:25.441117 2020] [core:crit] [pid 1501:tid 139796590552832] (13)Permission denied: [client 185.25.35.10:53590] AH00529: /var/www/vhosts/saratogahistory.com/httpdocs/phpBB/.htaccess pcfg_openfile: unable to check htaccess file, ensure it is readable and that '/var/www/vhosts/saratogahistory.com/httpdocs/phpBB/' is executable
[Mon Sep 21 17:36:09.145066 2020] [core:crit] [pid 1501:tid 139796424922880] (13)Permission denied: [client 185.100.87.135:37948] AH00529: /var/www/vhosts/saratogahistory.com/httpdocs/phpBB/.htaccess pcfg_openfile: unable to check htaccess file, ensure it is readable and that '/var/www/vhosts/saratogahistory.com/httpdocs/phpBB/' is executable, referer: http://www.saratogahistory.com/phpBB/index.php
[Mon Sep 21 17:42:53.680345 2020] [core:crit] [pid 1501:tid 139796601042688] (13)Permission denied: [client 185.25.35.14:52934] AH00529: /var/www/vhosts/saratogahistory.com/httpdocs/phpBB/.htaccess pcfg_openfile: unable to check htaccess file, ensure it is readable and that '/var/www/vhosts/saratogahistory.com/httpdocs/phpBB/' is executable
[Mon Sep 21 18:01:26.924458 2020] [core:crit] [pid 1501:tid 139796611532544] (13)Permission denied: [client 46.8.133.211:34374] AH00529: /var/www/vhosts/saratogahistory.com/httpdocs/phpBB/.htaccess pcfg_openfile: unable to check htaccess file, ensure it is readable and that '/var/www/vhosts/saratogahistory.com/httpdocs/phpBB/' is executable, referer: http://www.saratogahistory.com/phpBB/index.php
[Mon Sep 21 18:56:31.544460 2020] [core:crit] [pid 1501:tid 139796466882304] (13)Permission denied: [client 92.38.136.69:60696] AH00529: /var/www/vhosts/saratogahistory.com/httpdocs/phpBB/.htaccess pcfg_openfile: unable to check htaccess file, ensure it is readable and that '/var/www/vhosts/saratogahistory.com/httpdocs/phpBB/' is executable, referer: http://www.saratogahistory.com/phpBB/index.php
[Mon Sep 21 19:36:01.094523 2020] [core:crit] [pid 1501:tid 139796445902592] (13)Permission denied: [client 109.70.100.44:49154] AH00529: /var/www/vhosts/saratogahistory.com/httpdocs/phpBB/.htaccess pcfg_openfile: unable to check htaccess file, ensure it is readable and that '/var/www/vhosts/saratogahistory.com/httpdocs/phpBB/' is executable, referer: http://www.saratogahistory.com/phpBB/index.php
[Mon Sep 21 20:17:36.738817 2020] [core:crit] [pid 1501:tid 139796456392448] (13)Permission denied: [client 87.118.116.103:49556] AH00529: /var/www/vhosts/saratogahistory.com/httpdocs/phpBB/.htaccess pcfg_openfile: unable to check htaccess file, ensure it is readable and that '/var/www/vhosts/saratogahistory.com/httpdocs/phpBB/' is executable, referer: http://www.saratogahistory.com/phpBB/index.php
[Mon Sep 21 21:37:41.354153 2020] [core:crit] [pid 687:tid 139796466882304] (13)Permission denied: [client 185.220.102.246:33010] AH00529: /var/www/vhosts/saratogahistory.com/httpdocs/phpBB/.htaccess pcfg_openfile: unable to check htaccess file, ensure it is readable and that '/var/www/vhosts/saratogahistory.com/httpdocs/phpBB/' is executable, referer: http://www.saratogahistory.com/phpBB/index.php
[Mon Sep 21 21:47:03.961561 2020] [core:crit] [pid 1501:tid 139796445902592] (13)Permission denied: [client 185.25.35.15:50112] AH00529: /var/www/vhosts/saratogahistory.com/httpdocs/phpBB/.htaccess pcfg_openfile: unable to check htaccess file, ensure it is readable and that '/var/www/vhosts/saratogahistory.com/httpdocs/phpBB/' is executable
[Mon Sep 21 21:49:48.801779 2020] [core:crit] [pid 1501:tid 139796569573120] (13)Permission denied: [client 176.107.183.146:57514] AH00529: /var/www/vhosts/saratogahistory.com/httpdocs/phpBB/.htaccess pcfg_openfile: unable to check htaccess file, ensure it is readable and that '/var/www/vhosts/saratogahistory.com/httpdocs/phpBB/' is executable, referer: http://www.saratogahistory.com/phpBB/index.php
[Mon Sep 21 22:05:05.599236 2020] [core:crit] [pid 1501:tid 139796487862016] (13)Permission denied: [client 104.210.218.167:43162] AH00529: /var/www/vhosts/saratogahistory.com/httpdocs/phpBB/.htaccess pcfg_openfile: unable to check htaccess file, ensure it is readable and that '/var/www/vhosts/saratogahistory.com/httpdocs/phpBB/' is executable, referer: http://www.saratogahistory.com/phpBB/viewtopic.php?printertopic=1&t=338&start=0&postdays=0&postorder=asc&vote=viewresult
[Mon Sep 21 22:05:05.795423 2020] [core:crit] [pid 685:tid 139796435412736] (13)Permission denied: [client 104.210.218.167:43180] AH00529: /var/www/vhosts/saratogahistory.com/httpdocs/phpBB/.htaccess pcfg_openfile: unable to check htaccess file, ensure it is readable and that '/var/www/vhosts/saratogahistory.com/httpdocs/phpBB/' is executable, referer: http://www.saratogahistory.com/phpBB/viewtopic.php?printertopic=1'A=0&t=338&start=0&postdays=0&postorder=asc&vote=viewresult
[Mon Sep 21 22:05:05.998409 2020] [core:crit] [pid 1501:tid 139796403943168] (13)Permission denied: [client 104.210.218.167:43192] AH00529: /var/www/vhosts/saratogahistory.com/httpdocs/phpBB/.htaccess pcfg_openfile: unable to check htaccess file, ensure it is readable and that '/var/www/vhosts/saratogahistory.com/httpdocs/phpBB/' is executable, referer: http://www.saratogahistory.com/phpBB/viewtopic.php?printertopic=1&t=338'A=0&start=0&postdays=0&postorder=asc&vote=viewresult
[Mon Sep 21 22:05:06.220504 2020] [core:crit] [pid 1501:tid 139796414433024] (13)Permission denied: [client 104.210.218.167:43220] AH00529: /var/www/vhosts/saratogahistory.com/httpdocs/phpBB/.htaccess pcfg_openfile: unable to check htaccess file, ensure it is readable and that '/var/www/vhosts/saratogahistory.com/httpdocs/phpBB/' is executable, referer: http://www.saratogahistory.com/phpBB/viewtopic.php?printertopic=1&t=338&start=0'A=0&postdays=0&postorder=asc&vote=viewresult
[Mon Sep 21 22:05:06.538400 2020] [core:crit] [pid 685:tid 139796477372160] (13)Permission denied: [client 104.210.218.167:43248] AH00529: /var/www/vhosts/saratogahistory.com/httpdocs/phpBB/.htaccess pcfg_openfile: unable to check htaccess file, ensure it is readable and that '/var/www/vhosts/saratogahistory.com/httpdocs/phpBB/' is executable, referer: http://www.saratogahistory.com/phpBB/viewtopic.php?printertopic=1&t=338&start=0&postdays=0'A=0&postorder=asc&vote=viewresult
[Mon Sep 21 22:05:06.737878 2020] [core:crit] [pid 1501:tid 139796424922880] (13)Permission denied: [client 104.210.218.167:43264] AH00529: /var/www/vhosts/saratogahistory.com/httpdocs/phpBB/.htaccess pcfg_openfile: unable to check htaccess file, ensure it is readable and that '/var/www/vhosts/saratogahistory.com/httpdocs/phpBB/' is executable, referer: http://www.saratogahistory.com/phpBB/viewtopic.php?printertopic=1&t=338&start=0&postdays=0&postorder=asc'A=0&vote=viewresult
[Mon Sep 21 22:05:06.944862 2020] [core:crit] [pid 1501:tid 139796435412736] (13)Permission denied: [client 104.210.218.167:43278] AH00529: /var/www/vhosts/saratogahistory.com/httpdocs/phpBB/.htaccess pcfg_openfile: unable to check htaccess file, ensure it is readable and that '/var/www/vhosts/saratogahistory.com/httpdocs/phpBB/' is executable, referer: http://www.saratogahistory.com/phpBB/viewtopic.php?printertopic=1&t=338&start=0&postdays=0&postorder=asc&vote=viewresult'A=0
[Mon Sep 21 22:21:27.265790 2020] [core:crit] [pid 1501:tid 139796361983744] (13)Permission denied: [client 216.18.204.202:38774] AH00529: /var/www/vhosts/saratogahistory.com/httpdocs/phpBB/.htaccess pcfg_openfile: unable to check htaccess file, ensure it is readable and that '/var/www/vhosts/saratogahistory.com/httpdocs/phpBB/' is executable, referer: http://www.saratogahistory.com/
[Mon Sep 21 22:30:17.981054 2020] [core:crit] [pid 1501:tid 139796351493888] (13)Permission denied: [client 185.25.35.8:33214] AH00529: /var/www/vhosts/saratogahistory.com/httpdocs/phpBB/.htaccess pcfg_openfile: unable to check htaccess file, ensure it is readable and that '/var/www/vhosts/saratogahistory.com/httpdocs/phpBB/' is executable
[Mon Sep 21 23:34:51.897811 2020] [core:crit] [pid 1501:tid 139796330514176] (13)Permission denied: [client 185.25.35.12:36130] AH00529: /var/www/vhosts/saratogahistory.com/httpdocs/phpBB/.htaccess pcfg_openfile: unable to check htaccess file, ensure it is readable and that '/var/www/vhosts/saratogahistory.com/httpdocs/phpBB/' is executable
[Mon Sep 21 23:35:11.751668 2020] [core:crit] [pid 1501:tid 139796466882304] (13)Permission denied: [client 188.163.109.153:37312] AH00529: /var/www/vhosts/saratogahistory.com/httpdocs/phpBB/.htaccess pcfg_openfile: unable to check htaccess file, ensure it is readable and that '/var/www/vhosts/saratogahistory.com/httpdocs/phpBB/' is executable, referer: http://www.saratogahistory.com/phpBB/index.php
[Mon Sep 21 23:41:14.009857 2020] [core:crit] [pid 1501:tid 139796320024320] (13)Permission denied: [client 104.244.75.53:52856] AH00529: /var/www/vhosts/saratogahistory.com/httpdocs/phpBB/.htaccess pcfg_openfile: unable to check htaccess file, ensure it is readable and that '/var/www/vhosts/saratogahistory.com/httpdocs/phpBB/' is executable, referer: http://www.saratogahistory.com/phpBB/index.php
[Mon Sep 21 23:46:51.575099 2020] [core:crit] [pid 1501:tid 139796299044608] (13)Permission denied: [client 185.25.35.11:37844] AH00529: /var/www/vhosts/saratogahistory.com/httpdocs/phpBB/.htaccess pcfg_openfile: unable to check htaccess file, ensure it is readable and that '/var/www/vhosts/saratogahistory.com/httpdocs/phpBB/' is executable
[Mon Sep 21 23:47:50.182924 2020] [core:crit] [pid 1501:tid 139796361983744] (13)Permission denied: [client 178.71.184.240:40342] AH00529: /var/www/vhosts/saratogahistory.com/httpdocs/phpBB/.htaccess pcfg_openfile: unable to check htaccess file, ensure it is readable and that '/var/www/vhosts/saratogahistory.com/httpdocs/phpBB/' is executable, referer: http://www.saratogahistory.com/phpBB/index.php
[Tue Sep 22 00:35:14.462375 2020] [core:crit] [pid 1501:tid 139796456392448] (13)Permission denied: [client 92.38.136.69:37856] AH00529: /var/www/vhosts/saratogahistory.com/httpdocs/phpBB/.htaccess pcfg_openfile: unable to check htaccess file, ensure it is readable and that '/var/www/vhosts/saratogahistory.com/httpdocs/phpBB/' is executable, referer: http://www.saratogahistory.com/phpBB/index.php
[Tue Sep 22 00:44:17.903496 2020] [core:crit] [pid 1501:tid 139796320024320] (13)Permission denied: [client 45.9.148.196:60986] AH00529: /var/www/vhosts/saratogahistory.com/httpdocs/phpBB/.htaccess pcfg_openfile: unable to check htaccess file, ensure it is readable and that '/var/www/vhosts/saratogahistory.com/httpdocs/phpBB/' is executable, referer: http://www.saratogahistory.com/phpBB/index.php
[Tue Sep 22 01:36:02.979884 2020] [core:crit] [pid 685:tid 139796330514176] (13)Permission denied: [client 94.142.244.16:60320] AH00529: /var/www/vhosts/saratogahistory.com/httpdocs/phpBB/.htaccess pcfg_openfile: unable to check htaccess file, ensure it is readable and that '/var/www/vhosts/saratogahistory.com/httpdocs/phpBB/' is executable, referer: http://www.saratogahistory.com/phpBB/index.php
[Tue Sep 22 02:41:54.672214 2020] [core:crit] [pid 1501:tid 139796445902592] (13)Permission denied: [client 46.187.25.61:52514] AH00529: /var/www/vhosts/saratogahistory.com/httpdocs/phpBB/.htaccess pcfg_openfile: unable to check htaccess file, ensure it is readable and that '/var/www/vhosts/saratogahistory.com/httpdocs/phpBB/' is executable, referer: http://www.saratogahistory.com/phpBB/index.php
[Tue Sep 22 02:41:55.907757 2020] [proxy_fcgi:error] [pid 1501:tid 139796487862016] [client 46.187.25.61:52578] AH01071: Got error 'Primary script unknown\n', referer: http://www.saratogahistory.com/index.php
[Tue Sep 22 02:41:56.246016 2020] [proxy_fcgi:error] [pid 686:tid 139796341004032] [client 46.187.25.61:52598] AH01071: Got error 'Primary script unknown\n', referer: http://www.saratogahistory.com/index.php
[Tue Sep 22 02:41:56.569853 2020] [proxy_fcgi:error] [pid 685:tid 139796288554752] [client 46.187.25.61:52612] AH01071: Got error 'Primary script unknown\n', referer: http://www.saratogahistory.com/index.php
[Tue Sep 22 03:38:36.305583 2020] [core:crit] [pid 1501:tid 139796309534464] (13)Permission denied: [client 94.230.208.147:41794] AH00529: /var/www/vhosts/saratogahistory.com/httpdocs/phpBB/.htaccess pcfg_openfile: unable to check htaccess file, ensure it is readable and that '/var/www/vhosts/saratogahistory.com/httpdocs/phpBB/' is executable, referer: http://www.saratogahistory.com/phpBB/index.php
[Tue Sep 22 03:56:20.630093 2020] [core:crit] [pid 685:tid 139796330514176] (13)Permission denied: [client 185.25.35.8:58178] AH00529: /var/www/vhosts/saratogahistory.com/httpdocs/phpBB/.htaccess pcfg_openfile: unable to check htaccess file, ensure it is readable and that '/var/www/vhosts/saratogahistory.com/httpdocs/phpBB/' is executable
[Tue Sep 22 04:18:51.916800 2020] [core:crit] [pid 687:tid 139796403943168] (13)Permission denied: [client 66.249.65.223:36846] AH00529: /var/www/vhosts/saratogahistory.com/httpdocs/phpBB/.htaccess pcfg_openfile: unable to check htaccess file, ensure it is readable and that '/var/www/vhosts/saratogahistory.com/httpdocs/phpBB/' is executable
[Tue Sep 22 04:19:58.135958 2020] [core:crit] [pid 685:tid 139796393453312] (13)Permission denied: [client 66.249.65.193:40290] AH00529: /var/www/vhosts/saratogahistory.com/httpdocs/phpBB/.htaccess pcfg_openfile: unable to check htaccess file, ensure it is readable and that '/var/www/vhosts/saratogahistory.com/httpdocs/phpBB/' is executable
[Tue Sep 22 04:36:11.853801 2020] [core:crit] [pid 1501:tid 139796569573120] (13)Permission denied: [client 185.25.35.10:55130] AH00529: /var/www/vhosts/saratogahistory.com/httpdocs/phpBB/.htaccess pcfg_openfile: unable to check htaccess file, ensure it is readable and that '/var/www/vhosts/saratogahistory.com/httpdocs/phpBB/' is executable
[Tue Sep 22 05:30:32.121742 2020] [core:crit] [pid 1501:tid 139796445902592] (13)Permission denied: [client 185.191.126.242:41428] AH00529: /var/www/vhosts/saratogahistory.com/httpdocs/phpBB/.htaccess pcfg_openfile: unable to check htaccess file, ensure it is readable and that '/var/www/vhosts/saratogahistory.com/httpdocs/phpBB/' is executable, referer: http://www.saratogahistory.com/phpBB/index.php
[Tue Sep 22 05:37:37.092533 2020] [core:crit] [pid 685:tid 139796361983744] (13)Permission denied: [client 151.80.237.96:56674] AH00529: /var/www/vhosts/saratogahistory.com/httpdocs/phpBB/.htaccess pcfg_openfile: unable to check htaccess file, ensure it is readable and that '/var/www/vhosts/saratogahistory.com/httpdocs/phpBB/' is executable, referer: http://www.saratogahistory.com/phpBB/index.php
[Tue Sep 22 05:45:23.199115 2020] [core:crit] [pid 1501:tid 139796393453312] (13)Permission denied: [client 185.25.35.10:57978] AH00529: /var/www/vhosts/saratogahistory.com/httpdocs/phpBB/.htaccess pcfg_openfile: unable to check htaccess file, ensure it is readable and that '/var/www/vhosts/saratogahistory.com/httpdocs/phpBB/' is executable
[Tue Sep 22 05:58:33.795401 2020] [core:crit] [pid 1501:tid 139796424922880] (13)Permission denied: [client 185.25.35.11:50842] AH00529: /var/www/vhosts/saratogahistory.com/httpdocs/phpBB/.htaccess pcfg_openfile: unable to check htaccess file, ensure it is readable and that '/var/www/vhosts/saratogahistory.com/httpdocs/phpBB/' is executable
[Tue Sep 22 07:13:01.695894 2020] [core:crit] [pid 1501:tid 139796309534464] (13)Permission denied: [client 85.206.162.217:47028] AH00529: /var/www/vhosts/saratogahistory.com/httpdocs/phpBB/.htaccess pcfg_openfile: unable to check htaccess file, ensure it is readable and that '/var/www/vhosts/saratogahistory.com/httpdocs/phpBB/' is executable, referer: http://www.saratogahistory.com/phpBB/index.php
[Tue Sep 22 07:35:25.808650 2020] [core:crit] [pid 1501:tid 139796424922880] (13)Permission denied: [client 163.172.29.30:39248] AH00529: /var/www/vhosts/saratogahistory.com/httpdocs/phpBB/.htaccess pcfg_openfile: unable to check htaccess file, ensure it is readable and that '/var/www/vhosts/saratogahistory.com/httpdocs/phpBB/' is executable, referer: http://www.saratogahistory.com/phpBB/index.php
[Tue Sep 22 07:39:30.585304 2020] [core:crit] [pid 1501:tid 139796351493888] (13)Permission denied: [client 77.222.97.70:45444] AH00529: /var/www/vhosts/saratogahistory.com/httpdocs/phpBB/.htaccess pcfg_openfile: unable to check htaccess file, ensure it is readable and that '/var/www/vhosts/saratogahistory.com/httpdocs/phpBB/' is executable, referer: http://www.saratogahistory.com/phpBB/index.php++++++++++++++++++++Result:+text+captcha+decoded;+chosen+nickname+%22Chooneype%22;+registered+%28registering+only+mode+is+ON%29;+e-mail+address+or+server+is+banned;
[Tue Sep 22 07:39:31.708900 2020] [core:crit] [pid 1501:tid 139796361983744] (13)Permission denied: [client 77.222.97.70:45458] AH00529: /var/www/vhosts/saratogahistory.com/httpdocs/phpBB/.htaccess pcfg_openfile: unable to check htaccess file, ensure it is readable and that '/var/www/vhosts/saratogahistory.com/httpdocs/phpBB/' is executable, referer: http://www.saratogahistory.com/board_of_directors.htm
[Tue Sep 22 08:09:07.423933 2020] [core:crit] [pid 1501:tid 139796361983744] (13)Permission denied: [client 178.159.37.58:35992] AH00529: /var/www/vhosts/saratogahistory.com/httpdocs/phpBB/.htaccess pcfg_openfile: unable to check htaccess file, ensure it is readable and that '/var/www/vhosts/saratogahistory.com/httpdocs/phpBB/' is executable, referer: http://www.saratogahistory.com/phpBB/index.php
[Tue Sep 22 08:14:17.874166 2020] [core:crit] [pid 1501:tid 139796403943168] (13)Permission denied: [client 95.174.124.153:45534] AH00529: /var/www/vhosts/saratogahistory.com/httpdocs/phpBB/.htaccess pcfg_openfile: unable to check htaccess file, ensure it is readable and that '/var/www/vhosts/saratogahistory.com/httpdocs/phpBB/' is executable, referer: https://specsoyuz.ru/
[Tue Sep 22 08:55:31.620049 2020] [core:crit] [pid 1501:tid 139796393453312] (13)Permission denied: [client 62.102.148.68:38550] AH00529: /var/www/vhosts/saratogahistory.com/httpdocs/phpBB/.htaccess pcfg_openfile: unable to check htaccess file, ensure it is readable and that '/var/www/vhosts/saratogahistory.com/httpdocs/phpBB/' is executable, referer: http://www.saratogahistory.com/phpBB/index.php
[Tue Sep 22 08:59:52.694738 2020] [core:crit] [pid 1501:tid 139796435412736] (13)Permission denied: [client 66.249.65.223:53888] AH00529: /var/www/vhosts/saratogahistory.com/httpdocs/phpBB/.htaccess pcfg_openfile: unable to check htaccess file, ensure it is readable and that '/var/www/vhosts/saratogahistory.com/httpdocs/phpBB/' is executable
[Tue Sep 22 09:28:23.736700 2020] [core:crit] [pid 1501:tid 139796403943168] (13)Permission denied: [client 51.91.111.61:40432] AH00529: /var/www/vhosts/saratogahistory.com/httpdocs/phpBB/.htaccess pcfg_openfile: unable to check htaccess file, ensure it is readable and that '/var/www/vhosts/saratogahistory.com/httpdocs/phpBB/' is executable, referer: http://www.saratogahistory.com/phpBB/index.php
[Tue Sep 22 09:36:57.531670 2020] [core:crit] [pid 1501:tid 139796435412736] (13)Permission denied: [client 107.189.11.78:56532] AH00529: /var/www/vhosts/saratogahistory.com/httpdocs/phpBB/.htaccess pcfg_openfile: unable to check htaccess file, ensure it is readable and that '/var/www/vhosts/saratogahistory.com/httpdocs/phpBB/' is executable, referer: http://www.saratogahistory.com/phpBB/index.php
[Tue Sep 22 09:39:14.564692 2020] [core:crit] [pid 1501:tid 139796299044608] (13)Permission denied: [client 185.92.148.205:59546] AH00529: /var/www/vhosts/saratogahistory.com/httpdocs/phpBB/.htaccess pcfg_openfile: unable to check htaccess file, ensure it is readable and that '/var/www/vhosts/saratogahistory.com/httpdocs/phpBB/' is executable, referer: http://www.saratogahistory.com/phpBB/index.php
[Tue Sep 22 10:17:05.570184 2020] [core:crit] [pid 1501:tid 139796393453312] (13)Permission denied: [client 185.25.35.8:36216] AH00529: /var/www/vhosts/saratogahistory.com/httpdocs/phpBB/.htaccess pcfg_openfile: unable to check htaccess file, ensure it is readable and that '/var/www/vhosts/saratogahistory.com/httpdocs/phpBB/' is executable
[Tue Sep 22 10:33:32.736343 2020] [core:crit] [pid 1501:tid 139796351493888] (13)Permission denied: [client 85.206.165.24:60866] AH00529: /var/www/vhosts/saratogahistory.com/httpdocs/phpBB/.htaccess pcfg_openfile: unable to check htaccess file, ensure it is readable and that '/var/www/vhosts/saratogahistory.com/httpdocs/phpBB/' is executable, referer: http://www.saratogahistory.com/phpBB/index.php
[Tue Sep 22 10:53:33.326080 2020] [core:crit] [pid 687:tid 139796569573120] (13)Permission denied: [client 66.249.65.193:45056] AH00529: /var/www/vhosts/saratogahistory.com/httpdocs/phpBB/.htaccess pcfg_openfile: unable to check htaccess file, ensure it is readable and that '/var/www/vhosts/saratogahistory.com/httpdocs/phpBB/' is executable
[Tue Sep 22 10:54:03.704377 2020] [core:crit] [pid 1501:tid 139796435412736] (13)Permission denied: [client 66.249.65.223:46414] AH00529: /var/www/vhosts/saratogahistory.com/httpdocs/phpBB/.htaccess pcfg_openfile: unable to check htaccess file, ensure it is readable and that '/var/www/vhosts/saratogahistory.com/httpdocs/phpBB/' is executable
[Tue Sep 22 10:57:38.935160 2020] [core:crit] [pid 1501:tid 139796309534464] (13)Permission denied: [client 46.187.25.61:55856] AH00529: /var/www/vhosts/saratogahistory.com/httpdocs/phpBB/.htaccess pcfg_openfile: unable to check htaccess file, ensure it is readable and that '/var/www/vhosts/saratogahistory.com/httpdocs/phpBB/' is executable, referer: http://www.saratogahistory.com/phpBB/index.php
[Tue Sep 22 10:57:40.134826 2020] [proxy_fcgi:error] [pid 1501:tid 139796299044608] [client 46.187.25.61:55938] AH01071: Got error 'Primary script unknown\n', referer: http://www.saratogahistory.com/index.php
[Tue Sep 22 10:57:40.445694 2020] [proxy_fcgi:error] [pid 685:tid 139796569573120] [client 46.187.25.61:55948] AH01071: Got error 'Primary script unknown\n', referer: http://www.saratogahistory.com/index.php
[Tue Sep 22 10:57:40.773553 2020] [proxy_fcgi:error] [pid 1501:tid 139796361983744] [client 46.187.25.61:55964] AH01071: Got error 'Primary script unknown\n', referer: http://www.saratogahistory.com/index.php
[Tue Sep 22 10:58:10.556280 2020] [core:crit] [pid 1501:tid 139796330514176] (13)Permission denied: [client 185.25.35.12:57020] AH00529: /var/www/vhosts/saratogahistory.com/httpdocs/phpBB/.htaccess pcfg_openfile: unable to check htaccess file, ensure it is readable and that '/var/www/vhosts/saratogahistory.com/httpdocs/phpBB/' is executable
[Tue Sep 22 11:08:10.681675 2020] [proxy_fcgi:error] [pid 1501:tid 139796424922880] [client 190.79.219.76:57520] AH01071: Got error 'Primary script unknown\n'
[Tue Sep 22 11:25:28.454098 2020] [core:crit] [pid 1501:tid 139796414433024] (13)Permission denied: [client 45.132.105.114:39386] AH00529: /var/www/vhosts/saratogahistory.com/httpdocs/phpBB/.htaccess pcfg_openfile: unable to check htaccess file, ensure it is readable and that '/var/www/vhosts/saratogahistory.com/httpdocs/phpBB/' is executable, referer: http://www.saratogahistory.com/phpBB/index.php
[Tue Sep 22 11:45:45.187890 2020] [core:crit] [pid 685:tid 139796580062976] (13)Permission denied: [client 51.81.83.147:41746] AH00529: /var/www/vhosts/saratogahistory.com/httpdocs/phpBB/.htaccess pcfg_openfile: unable to check htaccess file, ensure it is readable and that '/var/www/vhosts/saratogahistory.com/httpdocs/phpBB/' is executable, referer: http://www.saratogahistory.com/phpBB/index.php
[Tue Sep 22 12:02:38.089806 2020] [core:crit] [pid 1501:tid 139796601042688] (13)Permission denied: [client 185.25.35.12:34034] AH00529: /var/www/vhosts/saratogahistory.com/httpdocs/phpBB/.htaccess pcfg_openfile: unable to check htaccess file, ensure it is readable and that '/var/www/vhosts/saratogahistory.com/httpdocs/phpBB/' is executable
[Tue Sep 22 12:16:27.961118 2020] [core:crit] [pid 685:tid 139796477372160] (13)Permission denied: [client 185.25.35.8:46238] AH00529: /var/www/vhosts/saratogahistory.com/httpdocs/phpBB/.htaccess pcfg_openfile: unable to check htaccess file, ensure it is readable and that '/var/www/vhosts/saratogahistory.com/httpdocs/phpBB/' is executable
[Tue Sep 22 12:49:12.771155 2020] [core:crit] [pid 1501:tid 139796466882304] (13)Permission denied: [client 209.95.51.11:60120] AH00529: /var/www/vhosts/saratogahistory.com/httpdocs/phpBB/.htaccess pcfg_openfile: unable to check htaccess file, ensure it is readable and that '/var/www/vhosts/saratogahistory.com/httpdocs/phpBB/' is executable, referer: http://www.saratogahistory.com/phpBB/index.php
[Tue Sep 22 13:38:05.805202 2020] [core:crit] [pid 1501:tid 139796580062976] (13)Permission denied: [client 185.220.103.4:55248] AH00529: /var/www/vhosts/saratogahistory.com/httpdocs/phpBB/.htaccess pcfg_openfile: unable to check htaccess file, ensure it is readable and that '/var/www/vhosts/saratogahistory.com/httpdocs/phpBB/' is executable, referer: http://www.saratogahistory.com/phpBB/index.php
[Tue Sep 22 14:12:02.681082 2020] [core:crit] [pid 1501:tid 139796382963456] (13)Permission denied: [client 92.38.136.69:52876] AH00529: /var/www/vhosts/saratogahistory.com/httpdocs/phpBB/.htaccess pcfg_openfile: unable to check htaccess file, ensure it is readable and that '/var/www/vhosts/saratogahistory.com/httpdocs/phpBB/' is executable, referer: http://www.saratogahistory.com/phpBB/index.php
[Tue Sep 22 14:14:51.935934 2020] [proxy_fcgi:error] [pid 1501:tid 139796351493888] [client 115.99.176.42:59158] AH01071: Got error 'Primary script unknown\n'
[Tue Sep 22 14:19:33.673345 2020] [core:crit] [pid 1501:tid 139796309534464] (13)Permission denied: [client 176.10.104.240:42478] AH00529: /var/www/vhosts/saratogahistory.com/httpdocs/phpBB/.htaccess pcfg_openfile: unable to check htaccess file, ensure it is readable and that '/var/www/vhosts/saratogahistory.com/httpdocs/phpBB/' is executable, referer: http://www.saratogahistory.com/phpBB/index.php
[Tue Sep 22 15:22:53.675199 2020] [core:crit] [pid 1501:tid 139796309534464] (13)Permission denied: [client 66.249.65.193:58916] AH00529: /var/www/vhosts/saratogahistory.com/httpdocs/phpBB/.htaccess pcfg_openfile: unable to check htaccess file, ensure it is readable and that '/var/www/vhosts/saratogahistory.com/httpdocs/phpBB/' is executable
[Tue Sep 22 15:36:56.516120 2020] [core:crit] [pid 685:tid 139796601042688] (13)Permission denied: [client 162.247.74.74:40020] AH00529: /var/www/vhosts/saratogahistory.com/httpdocs/phpBB/.htaccess pcfg_openfile: unable to check htaccess file, ensure it is readable and that '/var/www/vhosts/saratogahistory.com/httpdocs/phpBB/' is executable, referer: http://www.saratogahistory.com/phpBB/index.php
[Tue Sep 22 16:24:20.606794 2020] [core:crit] [pid 1501:tid 139796580062976] (13)Permission denied: [client 104.218.63.119:34490] AH00529: /var/www/vhosts/saratogahistory.com/httpdocs/phpBB/.htaccess pcfg_openfile: unable to check htaccess file, ensure it is readable and that '/var/www/vhosts/saratogahistory.com/httpdocs/phpBB/' is executable, referer: http://www.saratogahistory.com/phpBB/index.php
[Tue Sep 22 16:40:15.414058 2020] [core:crit] [pid 1501:tid 139796611532544] (13)Permission denied: [client 185.25.35.8:50030] AH00529: /var/www/vhosts/saratogahistory.com/httpdocs/phpBB/.htaccess pcfg_openfile: unable to check htaccess file, ensure it is readable and that '/var/www/vhosts/saratogahistory.com/httpdocs/phpBB/' is executable
[Tue Sep 22 17:22:44.628845 2020] [core:crit] [pid 685:tid 139796456392448] (13)Permission denied: [client 185.25.35.13:36776] AH00529: /var/www/vhosts/saratogahistory.com/httpdocs/phpBB/.htaccess pcfg_openfile: unable to check htaccess file, ensure it is readable and that '/var/www/vhosts/saratogahistory.com/httpdocs/phpBB/' is executable
[Tue Sep 22 17:37:12.958213 2020] [core:crit] [pid 685:tid 139796309534464] (13)Permission denied: [client 198.98.59.21:50704] AH00529: /var/www/vhosts/saratogahistory.com/httpdocs/phpBB/.htaccess pcfg_openfile: unable to check htaccess file, ensure it is readable and that '/var/www/vhosts/saratogahistory.com/httpdocs/phpBB/' is executable, referer: http://www.saratogahistory.com/phpBB/index.php
[Tue Sep 22 17:48:03.396771 2020] [core:crit] [pid 1501:tid 139796435412736] (13)Permission denied: [client 91.109.29.99:53060] AH00529: /var/www/vhosts/saratogahistory.com/httpdocs/phpBB/.htaccess pcfg_openfile: unable to check htaccess file, ensure it is readable and that '/var/www/vhosts/saratogahistory.com/httpdocs/phpBB/' is executable, referer: http://www.saratogahistory.com/phpBB/index.php
[Tue Sep 22 17:48:38.304888 2020] [core:crit] [pid 687:tid 139796569573120] (13)Permission denied: [client 188.122.82.146:54920] AH00529: /var/www/vhosts/saratogahistory.com/httpdocs/phpBB/.htaccess pcfg_openfile: unable to check htaccess file, ensure it is readable and that '/var/www/vhosts/saratogahistory.com/httpdocs/phpBB/' is executable, referer: http://www.saratogahistory.com/phpBB/index.php
[Tue Sep 22 17:57:59.439968 2020] [core:crit] [pid 1501:tid 139796611532544] (13)Permission denied: [client 188.122.82.146:53460] AH00529: /var/www/vhosts/saratogahistory.com/httpdocs/phpBB/.htaccess pcfg_openfile: unable to check htaccess file, ensure it is readable and that '/var/www/vhosts/saratogahistory.com/httpdocs/phpBB/' is executable, referer: http://www.saratogahistory.com/phpBB/index.php
[Tue Sep 22 18:29:00.708029 2020] [core:crit] [pid 685:tid 139796477372160] (13)Permission denied: [client 185.25.35.9:54374] AH00529: /var/www/vhosts/saratogahistory.com/httpdocs/phpBB/.htaccess pcfg_openfile: unable to check htaccess file, ensure it is readable and that '/var/www/vhosts/saratogahistory.com/httpdocs/phpBB/' is executable
[Tue Sep 22 18:41:22.361255 2020] [core:crit] [pid 685:tid 139796590552832] (13)Permission denied: [client 185.25.35.13:54084] AH00529: /var/www/vhosts/saratogahistory.com/httpdocs/phpBB/.htaccess pcfg_openfile: unable to check htaccess file, ensure it is readable and that '/var/www/vhosts/saratogahistory.com/httpdocs/phpBB/' is executable
[Tue Sep 22 19:39:03.500789 2020] [core:crit] [pid 685:tid 139796466882304] (13)Permission denied: [client 199.249.230.82:52506] AH00529: /var/www/vhosts/saratogahistory.com/httpdocs/phpBB/.htaccess pcfg_openfile: unable to check htaccess file, ensure it is readable and that '/var/www/vhosts/saratogahistory.com/httpdocs/phpBB/' is executable, referer: http://www.saratogahistory.com/phpBB/index.php
[Tue Sep 22 19:51:04.560423 2020] [proxy_fcgi:error] [pid 1501:tid 139796361983744] [client 168.63.53.245:53208] AH01071: Got error 'Primary script unknown\n'
[Tue Sep 22 21:16:45.111923 2020] [core:crit] [pid 1501:tid 139796435412736] (13)Permission denied: [client 208.91.105.230:60090] AH00529: /var/www/vhosts/saratogahistory.com/httpdocs/phpBB/.htaccess pcfg_openfile: unable to check htaccess file, ensure it is readable and that '/var/www/vhosts/saratogahistory.com/httpdocs/phpBB/' is executable, referer: http://www.saratogahistory.com/phpBB/index.php
[Tue Sep 22 21:16:47.166856 2020] [proxy_fcgi:error] [pid 685:tid 139796351493888] [client 208.91.105.230:60146] AH01071: Got error 'Primary script unknown\n', referer: http://www.saratogahistory.com/index.php
[Tue Sep 22 21:16:47.733600 2020] [proxy_fcgi:error] [pid 685:tid 139796320024320] [client 208.91.105.230:60156] AH01071: Got error 'Primary script unknown\n', referer: http://www.saratogahistory.com/index.php
[Tue Sep 22 21:16:49.315067 2020] [proxy_fcgi:error] [pid 1501:tid 139796309534464] [client 208.91.105.230:60202] AH01071: Got error 'Primary script unknown\n', referer: http://www.saratogahistory.com/index.php
[Tue Sep 22 21:25:34.670548 2020] [core:crit] [pid 1501:tid 139796320024320] (13)Permission denied: [client 91.109.29.101:54492] AH00529: /var/www/vhosts/saratogahistory.com/httpdocs/phpBB/.htaccess pcfg_openfile: unable to check htaccess file, ensure it is readable and that '/var/www/vhosts/saratogahistory.com/httpdocs/phpBB/' is executable, referer: http://www.saratogahistory.com/phpBB/index.php
[Tue Sep 22 21:37:30.461570 2020] [core:crit] [pid 685:tid 139796351493888] (13)Permission denied: [client 87.118.122.30:49368] AH00529: /var/www/vhosts/saratogahistory.com/httpdocs/phpBB/.htaccess pcfg_openfile: unable to check htaccess file, ensure it is readable and that '/var/www/vhosts/saratogahistory.com/httpdocs/phpBB/' is executable, referer: http://www.saratogahistory.com/phpBB/index.php
[Tue Sep 22 22:42:24.558019 2020] [core:crit] [pid 1501:tid 139796288554752] (13)Permission denied: [client 185.25.35.8:41062] AH00529: /var/www/vhosts/saratogahistory.com/httpdocs/phpBB/.htaccess pcfg_openfile: unable to check htaccess file, ensure it is readable and that '/var/www/vhosts/saratogahistory.com/httpdocs/phpBB/' is executable
[Tue Sep 22 23:14:52.180989 2020] [proxy_fcgi:error] [pid 685:tid 139796403943168] [client 23.100.5.87:44978] AH01071: Got error 'Primary script unknown\n'
[Tue Sep 22 23:25:30.917452 2020] [core:crit] [pid 687:tid 139796393453312] (13)Permission denied: [client 185.25.35.9:36538] AH00529: /var/www/vhosts/saratogahistory.com/httpdocs/phpBB/.htaccess pcfg_openfile: unable to check htaccess file, ensure it is readable and that '/var/www/vhosts/saratogahistory.com/httpdocs/phpBB/' is executable
[Tue Sep 22 23:37:33.555450 2020] [core:crit] [pid 685:tid 139796611532544] (13)Permission denied: [client 31.220.3.106:59022] AH00529: /var/www/vhosts/saratogahistory.com/httpdocs/phpBB/.htaccess pcfg_openfile: unable to check htaccess file, ensure it is readable and that '/var/www/vhosts/saratogahistory.com/httpdocs/phpBB/' is executable, referer: http://www.saratogahistory.com/phpBB/index.php
[Wed Sep 23 00:29:55.005178 2020] [core:crit] [pid 1501:tid 139796382963456] (13)Permission denied: [client 185.25.35.11:53748] AH00529: /var/www/vhosts/saratogahistory.com/httpdocs/phpBB/.htaccess pcfg_openfile: unable to check htaccess file, ensure it is readable and that '/var/www/vhosts/saratogahistory.com/httpdocs/phpBB/' is executable
[Wed Sep 23 00:42:40.838606 2020] [core:crit] [pid 1501:tid 139796309534464] (13)Permission denied: [client 185.25.35.8:49922] AH00529: /var/www/vhosts/saratogahistory.com/httpdocs/phpBB/.htaccess pcfg_openfile: unable to check htaccess file, ensure it is readable and that '/var/www/vhosts/saratogahistory.com/httpdocs/phpBB/' is executable
[Wed Sep 23 01:37:29.260413 2020] [core:crit] [pid 687:tid 139796445902592] (13)Permission denied: [client 185.220.102.244:47754] AH00529: /var/www/vhosts/saratogahistory.com/httpdocs/phpBB/.htaccess pcfg_openfile: unable to check htaccess file, ensure it is readable and that '/var/www/vhosts/saratogahistory.com/httpdocs/phpBB/' is executable, referer: http://www.saratogahistory.com/phpBB/index.php
[Wed Sep 23 01:45:13.738085 2020] [core:crit] [pid 685:tid 139796424922880] (13)Permission denied: [client 178.159.37.92:41706] AH00529: /var/www/vhosts/saratogahistory.com/httpdocs/phpBB/.htaccess pcfg_openfile: unable to check htaccess file, ensure it is readable and that '/var/www/vhosts/saratogahistory.com/httpdocs/phpBB/' is executable, referer: http://www.saratogahistory.com/phpBB/index.php
[Wed Sep 23 02:46:06.069759 2020] [core:crit] [pid 1501:tid 139796601042688] (13)Permission denied: [client 178.127.195.68:54130] AH00529: /var/www/vhosts/saratogahistory.com/httpdocs/phpBB/.htaccess pcfg_openfile: unable to check htaccess file, ensure it is readable and that '/var/www/vhosts/saratogahistory.com/httpdocs/phpBB/' is executable, referer: http://www.saratogahistory.com/phpBB/index.php
[Wed Sep 23 02:46:07.151661 2020] [proxy_fcgi:error] [pid 1501:tid 139796590552832] [client 178.127.195.68:54202] AH01071: Got error 'Primary script unknown\n', referer: http://www.saratogahistory.com/index.php
[Wed Sep 23 02:46:07.441849 2020] [proxy_fcgi:error] [pid 1501:tid 139796611532544] [client 178.127.195.68:54220] AH01071: Got error 'Primary script unknown\n', referer: http://www.saratogahistory.com/index.php
[Wed Sep 23 02:46:07.737756 2020] [proxy_fcgi:error] [pid 1501:tid 139796569573120] [client 178.127.195.68:54236] AH01071: Got error 'Primary script unknown\n', referer: http://www.saratogahistory.com/index.php
[Wed Sep 23 02:55:26.613981 2020] [core:crit] [pid 685:tid 139796330514176] (13)Permission denied: [client 62.210.188.222:45402] AH00529: /var/www/vhosts/saratogahistory.com/httpdocs/phpBB/.htaccess pcfg_openfile: unable to check htaccess file, ensure it is readable and that '/var/www/vhosts/saratogahistory.com/httpdocs/phpBB/' is executable
[Wed Sep 23 03:03:48.581743 2020] [core:crit] [pid 1501:tid 139796590552832] (13)Permission denied: [client 98.143.145.30:35108] AH00529: /var/www/vhosts/saratogahistory.com/httpdocs/phpBB/.htaccess pcfg_openfile: unable to check htaccess file, ensure it is readable and that '/var/www/vhosts/saratogahistory.com/httpdocs/phpBB/' is executable, referer: http://www.saratogahistory.com/phpBB/index.php
[Wed Sep 23 03:03:53.037767 2020] [proxy_fcgi:error] [pid 685:tid 139796435412736] [client 98.143.145.30:35276] AH01071: Got error 'Primary script unknown\n', referer: http://www.saratogahistory.com/index.php
[Wed Sep 23 03:03:54.753876 2020] [proxy_fcgi:error] [pid 685:tid 139796477372160] [client 98.143.145.30:35332] AH01071: Got error 'Primary script unknown\n', referer: http://www.saratogahistory.com/index.php
[Wed Sep 23 03:03:59.171363 2020] [proxy_fcgi:error] [pid 685:tid 139796456392448] [client 98.143.145.30:35480] AH01071: Got error 'Primary script unknown\n', referer: http://www.saratogahistory.com/index.php
[Wed Sep 23 03:37:39.015108 2020] [core:crit] [pid 1501:tid 139796456392448] (13)Permission denied: [client 54.38.81.231:49288] AH00529: /var/www/vhosts/saratogahistory.com/httpdocs/phpBB/.htaccess pcfg_openfile: unable to check htaccess file, ensure it is readable and that '/var/www/vhosts/saratogahistory.com/httpdocs/phpBB/' is executable, referer: http://www.saratogahistory.com/phpBB/index.php
[Wed Sep 23 03:38:16.312474 2020] [core:crit] [pid 1501:tid 139796403943168] (13)Permission denied: [client 185.220.101.200:51060] AH00529: /var/www/vhosts/saratogahistory.com/httpdocs/phpBB/.htaccess pcfg_openfile: unable to check htaccess file, ensure it is readable and that '/var/www/vhosts/saratogahistory.com/httpdocs/phpBB/' is executable, referer: http://www.saratogahistory.com/phpBB/index.php
[Wed Sep 23 04:41:15.737602 2020] [core:crit] [pid 685:tid 139796361983744] (13)Permission denied: [client 185.25.35.13:40564] AH00529: /var/www/vhosts/saratogahistory.com/httpdocs/phpBB/.htaccess pcfg_openfile: unable to check htaccess file, ensure it is readable and that '/var/www/vhosts/saratogahistory.com/httpdocs/phpBB/' is executable
[Wed Sep 23 05:23:57.652592 2020] [core:crit] [pid 1501:tid 139796299044608] (13)Permission denied: [client 185.25.35.12:38782] AH00529: /var/www/vhosts/saratogahistory.com/httpdocs/phpBB/.htaccess pcfg_openfile: unable to check htaccess file, ensure it is readable and that '/var/www/vhosts/saratogahistory.com/httpdocs/phpBB/' is executable
[Wed Sep 23 05:37:56.763843 2020] [core:crit] [pid 685:tid 139796414433024] (13)Permission denied: [client 54.36.108.162:37530] AH00529: /var/www/vhosts/saratogahistory.com/httpdocs/phpBB/.htaccess pcfg_openfile: unable to check htaccess file, ensure it is readable and that '/var/www/vhosts/saratogahistory.com/httpdocs/phpBB/' is executable, referer: http://www.saratogahistory.com/phpBB/index.php
[Wed Sep 23 06:21:29.805812 2020] [core:crit] [pid 1501:tid 139796330514176] (13)Permission denied: [client 37.115.218.222:38258] AH00529: /var/www/vhosts/saratogahistory.com/httpdocs/phpBB/.htaccess pcfg_openfile: unable to check htaccess file, ensure it is readable and that '/var/www/vhosts/saratogahistory.com/httpdocs/phpBB/' is executable, referer: http://www.saratogahistory.com/phpBB/index.php
[Wed Sep 23 06:24:44.232673 2020] [core:crit] [pid 687:tid 139796569573120] (13)Permission denied: [client 40.77.167.166:44458] AH00529: /var/www/vhosts/saratogahistory.com/httpdocs/phpBB/.htaccess pcfg_openfile: unable to check htaccess file, ensure it is readable and that '/var/www/vhosts/saratogahistory.com/httpdocs/phpBB/' is executable
[Wed Sep 23 06:29:36.896683 2020] [core:crit] [pid 1501:tid 139796445902592] (13)Permission denied: [client 185.25.35.14:54368] AH00529: /var/www/vhosts/saratogahistory.com/httpdocs/phpBB/.htaccess pcfg_openfile: unable to check htaccess file, ensure it is readable and that '/var/www/vhosts/saratogahistory.com/httpdocs/phpBB/' is executable
[Wed Sep 23 06:43:35.002898 2020] [core:crit] [pid 685:tid 139796487862016] (13)Permission denied: [client 185.25.35.8:56948] AH00529: /var/www/vhosts/saratogahistory.com/httpdocs/phpBB/.htaccess pcfg_openfile: unable to check htaccess file, ensure it is readable and that '/var/www/vhosts/saratogahistory.com/httpdocs/phpBB/' is executable
[Wed Sep 23 07:01:51.237863 2020] [core:crit] [pid 687:tid 139796477372160] (13)Permission denied: [client 188.122.82.146:39400] AH00529: /var/www/vhosts/saratogahistory.com/httpdocs/phpBB/.htaccess pcfg_openfile: unable to check htaccess file, ensure it is readable and that '/var/www/vhosts/saratogahistory.com/httpdocs/phpBB/' is executable, referer: http://www.saratogahistory.com/phpBB/index.php
[Wed Sep 23 07:37:43.892726 2020] [core:crit] [pid 685:tid 139796288554752] (13)Permission denied: [client 199.249.230.177:59800] AH00529: /var/www/vhosts/saratogahistory.com/httpdocs/phpBB/.htaccess pcfg_openfile: unable to check htaccess file, ensure it is readable and that '/var/www/vhosts/saratogahistory.com/httpdocs/phpBB/' is executable, referer: http://www.saratogahistory.com/phpBB/index.php
[Wed Sep 23 08:00:04.165580 2020] [core:crit] [pid 1501:tid 139796288554752] (13)Permission denied: [client 51.81.83.144:50244] AH00529: /var/www/vhosts/saratogahistory.com/httpdocs/phpBB/.htaccess pcfg_openfile: unable to check htaccess file, ensure it is readable and that '/var/www/vhosts/saratogahistory.com/httpdocs/phpBB/' is executable, referer: http://www.saratogahistory.com/phpBB/index.php
[Wed Sep 23 08:13:41.647418 2020] [core:crit] [pid 685:tid 139796487862016] (13)Permission denied: [client 5.196.23.219:51262] AH00529: /var/www/vhosts/saratogahistory.com/httpdocs/phpBB/.htaccess pcfg_openfile: unable to check htaccess file, ensure it is readable and that '/var/www/vhosts/saratogahistory.com/httpdocs/phpBB/' is executable, referer: http://www.saratogahistory.com/phpBB/index.php
[Wed Sep 23 08:53:52.730200 2020] [core:crit] [pid 685:tid 139796382963456] (13)Permission denied: [client 185.104.184.118:54000] AH00529: /var/www/vhosts/saratogahistory.com/httpdocs/phpBB/.htaccess pcfg_openfile: unable to check htaccess file, ensure it is readable and that '/var/www/vhosts/saratogahistory.com/httpdocs/phpBB/' is executable, referer: http://www.saratogahistory.com/phpBB/index.php
[Wed Sep 23 09:06:22.793047 2020] [core:crit] [pid 1501:tid 139796361983744] (13)Permission denied: [client 188.122.82.146:52196] AH00529: /var/www/vhosts/saratogahistory.com/httpdocs/phpBB/.htaccess pcfg_openfile: unable to check htaccess file, ensure it is readable and that '/var/www/vhosts/saratogahistory.com/httpdocs/phpBB/' is executable, referer: http://www.saratogahistory.com/phpBB/index.php
[Wed Sep 23 09:36:38.862436 2020] [core:crit] [pid 685:tid 139796309534464] (13)Permission denied: [client 51.81.83.134:57872] AH00529: /var/www/vhosts/saratogahistory.com/httpdocs/phpBB/.htaccess pcfg_openfile: unable to check htaccess file, ensure it is readable and that '/var/www/vhosts/saratogahistory.com/httpdocs/phpBB/' is executable, referer: http://www.saratogahistory.com/phpBB/index.php
[Wed Sep 23 09:46:42.762202 2020] [proxy_fcgi:error] [pid 686:tid 139796590552832] [client 149.202.78.80:50126] AH01071: Got error 'Primary script unknown\n'
[Wed Sep 23 09:46:42.859895 2020] [proxy_fcgi:error] [pid 685:tid 139796611532544] [client 149.202.78.80:50128] AH01071: Got error 'Primary script unknown\n'
[Wed Sep 23 09:46:43.503796 2020] [proxy_fcgi:error] [pid 1501:tid 139796309534464] [client 149.202.78.80:59156] AH01071: Got error 'Primary script unknown\n'
[Wed Sep 23 09:46:43.610536 2020] [proxy_fcgi:error] [pid 687:tid 139796320024320] [client 149.202.78.80:59164] AH01071: Got error 'Primary script unknown\n'
[Wed Sep 23 09:56:24.745978 2020] [core:crit] [pid 686:tid 139796601042688] (13)Permission denied: [client 66.249.65.193:41840] AH00529: /var/www/vhosts/saratogahistory.com/httpdocs/phpBB/.htaccess pcfg_openfile: unable to check htaccess file, ensure it is readable and that '/var/www/vhosts/saratogahistory.com/httpdocs/phpBB/' is executable
[Wed Sep 23 09:58:18.615639 2020] [core:crit] [pid 687:tid 139796590552832] (13)Permission denied: [client 66.249.65.222:45168] AH00529: /var/www/vhosts/saratogahistory.com/httpdocs/phpBB/.htaccess pcfg_openfile: unable to check htaccess file, ensure it is readable and that '/var/www/vhosts/saratogahistory.com/httpdocs/phpBB/' is executable
[Wed Sep 23 10:01:00.685642 2020] [core:crit] [pid 687:tid 139796288554752] (13)Permission denied: [client 66.249.65.222:51294] AH00529: /var/www/vhosts/saratogahistory.com/httpdocs/phpBB/.htaccess pcfg_openfile: unable to check htaccess file, ensure it is readable and that '/var/www/vhosts/saratogahistory.com/httpdocs/phpBB/' is executable
[Wed Sep 23 10:02:12.576148 2020] [core:crit] [pid 685:tid 139796477372160] (13)Permission denied: [client 5.196.23.219:54066] AH00529: /var/www/vhosts/saratogahistory.com/httpdocs/phpBB/.htaccess pcfg_openfile: unable to check htaccess file, ensure it is readable and that '/var/www/vhosts/saratogahistory.com/httpdocs/phpBB/' is executable, referer: http://www.saratogahistory.com/phpBB/index.php
[Wed Sep 23 10:03:18.984831 2020] [core:crit] [pid 1501:tid 139796361983744] (13)Permission denied: [client 66.249.65.193:55874] AH00529: /var/www/vhosts/saratogahistory.com/httpdocs/phpBB/.htaccess pcfg_openfile: unable to check htaccess file, ensure it is readable and that '/var/www/vhosts/saratogahistory.com/httpdocs/phpBB/' is executable
[Wed Sep 23 10:09:59.746493 2020] [core:crit] [pid 685:tid 139796414433024] (13)Permission denied: [client 66.249.65.222:40510] AH00529: /var/www/vhosts/saratogahistory.com/httpdocs/phpBB/.htaccess pcfg_openfile: unable to check htaccess file, ensure it is readable and that '/var/www/vhosts/saratogahistory.com/httpdocs/phpBB/' is executable
[Wed Sep 23 10:11:31.306169 2020] [core:crit] [pid 685:tid 139796445902592] (13)Permission denied: [client 66.249.65.193:44128] AH00529: /var/www/vhosts/saratogahistory.com/httpdocs/phpBB/.htaccess pcfg_openfile: unable to check htaccess file, ensure it is readable and that '/var/www/vhosts/saratogahistory.com/httpdocs/phpBB/' is executable
[Wed Sep 23 10:13:24.760079 2020] [core:crit] [pid 1501:tid 139796414433024] (13)Permission denied: [client 66.249.65.223:49332] AH00529: /var/www/vhosts/saratogahistory.com/httpdocs/phpBB/.htaccess pcfg_openfile: unable to check htaccess file, ensure it is readable and that '/var/www/vhosts/saratogahistory.com/httpdocs/phpBB/' is executable
[Wed Sep 23 10:25:51.941046 2020] [core:crit] [pid 1501:tid 139796580062976] (13)Permission denied: [client 174.128.239.226:51420] AH00529: /var/www/vhosts/saratogahistory.com/httpdocs/phpBB/.htaccess pcfg_openfile: unable to check htaccess file, ensure it is readable and that '/var/www/vhosts/saratogahistory.com/httpdocs/phpBB/' is executable, referer: http://www.saratogahistory.com/phpBB/index.php
[Wed Sep 23 10:25:52.644081 2020] [proxy_fcgi:error] [pid 687:tid 139796569573120] [client 174.128.239.226:51458] AH01071: Got error 'Primary script unknown\n', referer: http://www.saratogahistory.com/index.php
[Wed Sep 23 10:26:11.244864 2020] [proxy_fcgi:error] [pid 1501:tid 139796601042688] [client 173.213.85.7:52112] AH01071: Got error 'Primary script unknown\n', referer: http://www.saratogahistory.com/index.php
[Wed Sep 23 10:26:11.443426 2020] [proxy_fcgi:error] [pid 687:tid 139796466882304] [client 174.128.239.226:52120] AH01071: Got error 'Primary script unknown\n', referer: http://www.saratogahistory.com/index.php
[Wed Sep 23 11:04:51.761969 2020] [core:crit] [pid 1501:tid 139796435412736] (13)Permission denied: [client 185.25.35.11:52036] AH00529: /var/www/vhosts/saratogahistory.com/httpdocs/phpBB/.htaccess pcfg_openfile: unable to check htaccess file, ensure it is readable and that '/var/www/vhosts/saratogahistory.com/httpdocs/phpBB/' is executable
[Wed Sep 23 11:38:44.142757 2020] [core:crit] [pid 1501:tid 139796466882304] (13)Permission denied: [client 209.222.101.251:41116] AH00529: /var/www/vhosts/saratogahistory.com/httpdocs/phpBB/.htaccess pcfg_openfile: unable to check htaccess file, ensure it is readable and that '/var/www/vhosts/saratogahistory.com/httpdocs/phpBB/' is executable, referer: http://www.saratogahistory.com/phpBB/index.php
[Wed Sep 23 11:43:08.983022 2020] [core:crit] [pid 1501:tid 139796590552832] (13)Permission denied: [client 185.25.35.15:50482] AH00529: /var/www/vhosts/saratogahistory.com/httpdocs/phpBB/.htaccess pcfg_openfile: unable to check htaccess file, ensure it is readable and that '/var/www/vhosts/saratogahistory.com/httpdocs/phpBB/' is executable
[Wed Sep 23 12:15:16.379162 2020] [core:crit] [pid 687:tid 139796611532544] (13)Permission denied: [client 5.188.210.18:37882] AH00529: /var/www/vhosts/saratogahistory.com/httpdocs/phpBB/.htaccess pcfg_openfile: unable to check htaccess file, ensure it is readable and that '/var/www/vhosts/saratogahistory.com/httpdocs/phpBB/' is executable, referer: http://www.saratogahistory.com/phpBB/index.php
[Wed Sep 23 12:15:17.604620 2020] [proxy_fcgi:error] [pid 685:tid 139796320024320] [client 5.188.210.18:37930] AH01071: Got error 'Primary script unknown\n', referer: http://www.saratogahistory.com/index.php
[Wed Sep 23 12:15:17.903401 2020] [proxy_fcgi:error] [pid 685:tid 139796382963456] [client 5.188.210.18:37958] AH01071: Got error 'Primary script unknown\n', referer: http://www.saratogahistory.com/index.php
[Wed Sep 23 12:15:18.995284 2020] [proxy_fcgi:error] [pid 1501:tid 139796580062976] [client 5.188.210.18:37996] AH01071: Got error 'Primary script unknown\n', referer: http://www.saratogahistory.com/index.php
[Wed Sep 23 12:27:38.880208 2020] [core:crit] [pid 1501:tid 139796299044608] (13)Permission denied: [client 185.220.101.212:36190] AH00529: /var/www/vhosts/saratogahistory.com/httpdocs/phpBB/.htaccess pcfg_openfile: unable to check htaccess file, ensure it is readable and that '/var/www/vhosts/saratogahistory.com/httpdocs/phpBB/' is executable, referer: http://www.saratogahistory.com/phpBB/index.php
[Wed Sep 23 12:34:14.774723 2020] [core:crit] [pid 1501:tid 139796569573120] (13)Permission denied: [client 185.220.101.12:51052] AH00529: /var/www/vhosts/saratogahistory.com/httpdocs/phpBB/.htaccess pcfg_openfile: unable to check htaccess file, ensure it is readable and that '/var/www/vhosts/saratogahistory.com/httpdocs/phpBB/' is executable, referer: http://www.saratogahistory.com/phpBB/index.php
[Wed Sep 23 12:49:21.544898 2020] [core:crit] [pid 1501:tid 139796487862016] (13)Permission denied: [client 185.25.35.15:55360] AH00529: /var/www/vhosts/saratogahistory.com/httpdocs/phpBB/.htaccess pcfg_openfile: unable to check htaccess file, ensure it is readable and that '/var/www/vhosts/saratogahistory.com/httpdocs/phpBB/' is executable
[Wed Sep 23 13:02:48.176400 2020] [core:crit] [pid 1501:tid 139796601042688] (13)Permission denied: [client 185.25.35.8:54996] AH00529: /var/www/vhosts/saratogahistory.com/httpdocs/phpBB/.htaccess pcfg_openfile: unable to check htaccess file, ensure it is readable and that '/var/www/vhosts/saratogahistory.com/httpdocs/phpBB/' is executable
[Wed Sep 23 13:28:34.486519 2020] [core:crit] [pid 685:tid 139796435412736] (13)Permission denied: [client 178.159.37.58:57110] AH00529: /var/www/vhosts/saratogahistory.com/httpdocs/phpBB/.htaccess pcfg_openfile: unable to check htaccess file, ensure it is readable and that '/var/www/vhosts/saratogahistory.com/httpdocs/phpBB/' is executable, referer: http://www.saratogahistory.com/phpBB/index.php
[Wed Sep 23 13:38:02.813218 2020] [core:crit] [pid 1501:tid 139796382963456] (13)Permission denied: [client 81.17.16.148:49428] AH00529: /var/www/vhosts/saratogahistory.com/httpdocs/phpBB/.htaccess pcfg_openfile: unable to check htaccess file, ensure it is readable and that '/var/www/vhosts/saratogahistory.com/httpdocs/phpBB/' is executable, referer: http://www.saratogahistory.com/phpBB/index.php
[Wed Sep 23 14:05:47.543266 2020] [core:crit] [pid 1501:tid 139796299044608] (13)Permission denied: [client 89.111.33.222:54902] AH00529: /var/www/vhosts/saratogahistory.com/httpdocs/phpBB/.htaccess pcfg_openfile: unable to check htaccess file, ensure it is readable and that '/var/www/vhosts/saratogahistory.com/httpdocs/phpBB/' is executable, referer: http://www.saratogahistory.com/phpBB/index.php
[Wed Sep 23 14:05:49.618458 2020] [proxy_fcgi:error] [pid 1501:tid 139796351493888] [client 89.111.33.222:54996] AH01071: Got error 'Primary script unknown\n', referer: http://www.saratogahistory.com/index.php
[Wed Sep 23 14:05:49.978727 2020] [proxy_fcgi:error] [pid 1501:tid 139796361983744] [client 89.111.33.222:55004] AH01071: Got error 'Primary script unknown\n', referer: http://www.saratogahistory.com/index.php
[Wed Sep 23 14:05:50.359134 2020] [proxy_fcgi:error] [pid 685:tid 139796590552832] [client 89.111.33.222:55024] AH01071: Got error 'Primary script unknown\n', referer: http://www.saratogahistory.com/index.php
[Wed Sep 23 14:58:16.701977 2020] [core:crit] [pid 1501:tid 139796487862016] (13)Permission denied: [client 66.249.65.222:60550] AH00529: /var/www/vhosts/saratogahistory.com/httpdocs/phpBB/.htaccess pcfg_openfile: unable to check htaccess file, ensure it is readable and that '/var/www/vhosts/saratogahistory.com/httpdocs/phpBB/' is executable
[Wed Sep 23 15:03:04.863482 2020] [core:crit] [pid 1501:tid 139796424922880] (13)Permission denied: [client 176.110.134.2:44108] AH00529: /var/www/vhosts/saratogahistory.com/httpdocs/phpBB/.htaccess pcfg_openfile: unable to check htaccess file, ensure it is readable and that '/var/www/vhosts/saratogahistory.com/httpdocs/phpBB/' is executable, referer: http://www.saratogahistory.com/phpBB/viewtopic.php?t=340
[Wed Sep 23 15:03:06.422264 2020] [proxy_fcgi:error] [pid 687:tid 139796299044608] [client 176.110.134.2:44148] AH01071: Got error 'Primary script unknown\n', referer: http://www.saratogahistory.com/index.php
[Wed Sep 23 15:03:06.855756 2020] [proxy_fcgi:error] [pid 685:tid 139796611532544] [client 176.110.134.2:44170] AH01071: Got error 'Primary script unknown\n', referer: http://www.saratogahistory.com/index.php
[Wed Sep 23 15:03:07.271220 2020] [proxy_fcgi:error] [pid 1501:tid 139796435412736] [client 176.110.134.2:44202] AH01071: Got error 'Primary script unknown\n', referer: http://www.saratogahistory.com/index.php
[Wed Sep 23 15:37:55.870319 2020] [core:crit] [pid 1501:tid 139796477372160] (13)Permission denied: [client 195.206.105.217:50964] AH00529: /var/www/vhosts/saratogahistory.com/httpdocs/phpBB/.htaccess pcfg_openfile: unable to check htaccess file, ensure it is readable and that '/var/www/vhosts/saratogahistory.com/httpdocs/phpBB/' is executable, referer: http://www.saratogahistory.com/phpBB/index.php
[Wed Sep 23 16:24:28.885117 2020] [core:crit] [pid 1501:tid 139796372473600] (13)Permission denied: [client 198.98.62.35:57420] AH00529: /var/www/vhosts/saratogahistory.com/httpdocs/phpBB/.htaccess pcfg_openfile: unable to check htaccess file, ensure it is readable and that '/var/www/vhosts/saratogahistory.com/httpdocs/phpBB/' is executable, referer: http://www.saratogahistory.com/phpBB/index.php
[Wed Sep 23 17:16:21.643390 2020] [core:crit] [pid 685:tid 139796611532544] (13)Permission denied: [client 185.25.35.10:42408] AH00529: /var/www/vhosts/saratogahistory.com/httpdocs/phpBB/.htaccess pcfg_openfile: unable to check htaccess file, ensure it is readable and that '/var/www/vhosts/saratogahistory.com/httpdocs/phpBB/' is executable
[Wed Sep 23 17:38:35.214454 2020] [core:crit] [pid 1501:tid 139796414433024] (13)Permission denied: [client 185.220.102.248:39866] AH00529: /var/www/vhosts/saratogahistory.com/httpdocs/phpBB/.htaccess pcfg_openfile: unable to check htaccess file, ensure it is readable and that '/var/www/vhosts/saratogahistory.com/httpdocs/phpBB/' is executable, referer: http://www.saratogahistory.com/phpBB/index.php
[Wed Sep 23 18:07:46.060766 2020] [core:crit] [pid 685:tid 139796424922880] (13)Permission denied: [client 185.25.35.14:53302] AH00529: /var/www/vhosts/saratogahistory.com/httpdocs/phpBB/.htaccess pcfg_openfile: unable to check htaccess file, ensure it is readable and that '/var/www/vhosts/saratogahistory.com/httpdocs/phpBB/' is executable
[Wed Sep 23 18:25:50.448822 2020] [proxy_fcgi:error] [pid 1501:tid 139796403943168] [client 110.43.54.236:48000] AH01071: Got error 'Primary script unknown\n'
[Wed Sep 23 18:25:52.904867 2020] [proxy_fcgi:error] [pid 687:tid 139796590552832] [client 110.43.54.236:48130] AH01071: Got error 'Primary script unknown\n'
[Wed Sep 23 18:25:53.798685 2020] [proxy_fcgi:error] [pid 687:tid 139796288554752] [client 110.43.54.236:48148] AH01071: Got error 'Primary script unknown\n'
[Wed Sep 23 18:25:54.721215 2020] [proxy_fcgi:error] [pid 1501:tid 139796393453312] [client 110.43.54.236:48160] AH01071: Got error 'Primary script unknown\n'
[Wed Sep 23 18:25:58.864551 2020] [proxy_fcgi:error] [pid 685:tid 139796456392448] [client 110.43.54.236:48298] AH01071: Got error 'Primary script unknown\n'
[Wed Sep 23 18:25:59.762867 2020] [proxy_fcgi:error] [pid 687:tid 139796299044608] [client 110.43.54.236:48346] AH01071: Got error 'Primary script unknown\n'
[Wed Sep 23 18:26:00.685389 2020] [proxy_fcgi:error] [pid 686:tid 139796393453312] [client 110.43.54.236:48384] AH01071: Got error 'Primary script unknown\n'
[Wed Sep 23 18:26:02.629221 2020] [proxy_fcgi:error] [pid 1501:tid 139796424922880] [client 110.43.54.236:48458] AH01071: Got error 'Primary script unknown\n'
[Wed Sep 23 18:26:03.536329 2020] [proxy_fcgi:error] [pid 1501:tid 139796320024320] [client 110.43.54.236:48474] AH01071: Got error 'Primary script unknown\n'
[Wed Sep 23 18:26:05.449652 2020] [proxy_fcgi:error] [pid 1501:tid 139796435412736] [client 110.43.54.236:48506] AH01071: Got error 'Primary script unknown\n'
[Wed Sep 23 19:12:40.006125 2020] [core:crit] [pid 1501:tid 139796309534464] (13)Permission denied: [client 185.25.35.15:59390] AH00529: /var/www/vhosts/saratogahistory.com/httpdocs/phpBB/.htaccess pcfg_openfile: unable to check htaccess file, ensure it is readable and that '/var/www/vhosts/saratogahistory.com/httpdocs/phpBB/' is executable
[Wed Sep 23 19:26:09.193442 2020] [core:crit] [pid 685:tid 139796477372160] (13)Permission denied: [client 185.25.35.12:60356] AH00529: /var/www/vhosts/saratogahistory.com/httpdocs/phpBB/.htaccess pcfg_openfile: unable to check htaccess file, ensure it is readable and that '/var/www/vhosts/saratogahistory.com/httpdocs/phpBB/' is executable
[Wed Sep 23 19:36:34.044048 2020] [core:crit] [pid 687:tid 139796341004032] (13)Permission denied: [client 104.244.73.220:53474] AH00529: /var/www/vhosts/saratogahistory.com/httpdocs/phpBB/.htaccess pcfg_openfile: unable to check htaccess file, ensure it is readable and that '/var/www/vhosts/saratogahistory.com/httpdocs/phpBB/' is executable, referer: http://www.saratogahistory.com/phpBB/index.php
[Wed Sep 23 20:13:14.299875 2020] [core:crit] [pid 1501:tid 139796299044608] (13)Permission denied: [client 216.244.66.235:45304] AH00529: /var/www/vhosts/saratogahistory.com/httpdocs/phpBB/.htaccess pcfg_openfile: unable to check htaccess file, ensure it is readable and that '/var/www/vhosts/saratogahistory.com/httpdocs/phpBB/' is executable
[Wed Sep 23 20:15:52.623515 2020] [core:crit] [pid 685:tid 139796601042688] (13)Permission denied: [client 40.77.167.194:50770] AH00529: /var/www/vhosts/saratogahistory.com/httpdocs/phpBB/.htaccess pcfg_openfile: unable to check htaccess file, ensure it is readable and that '/var/www/vhosts/saratogahistory.com/httpdocs/phpBB/' is executable
[Wed Sep 23 20:36:08.900451 2020] [core:crit] [pid 687:tid 139796341004032] (13)Permission denied: [client 185.250.46.125:36324] AH00529: /var/www/vhosts/saratogahistory.com/httpdocs/phpBB/.htaccess pcfg_openfile: unable to check htaccess file, ensure it is readable and that '/var/www/vhosts/saratogahistory.com/httpdocs/phpBB/' is executable, referer: http://www.saratogahistory.com/
[Wed Sep 23 20:36:09.557579 2020] [core:crit] [pid 1501:tid 139796351493888] (13)Permission denied: [client 91.222.236.140:36366] AH00529: /var/www/vhosts/saratogahistory.com/httpdocs/phpBB/.htaccess pcfg_openfile: unable to check htaccess file, ensure it is readable and that '/var/www/vhosts/saratogahistory.com/httpdocs/phpBB/' is executable, referer: http://www.saratogahistory.com/
[Wed Sep 23 20:36:10.258814 2020] [core:crit] [pid 685:tid 139796580062976] (13)Permission denied: [client 83.142.54.44:36396] AH00529: /var/www/vhosts/saratogahistory.com/httpdocs/phpBB/.htaccess pcfg_openfile: unable to check htaccess file, ensure it is readable and that '/var/www/vhosts/saratogahistory.com/httpdocs/phpBB/' is executable, referer: http://www.saratogahistory.com/
[Wed Sep 23 20:36:10.757472 2020] [core:crit] [pid 1501:tid 139796361983744] (13)Permission denied: [client 194.104.11.90:36406] AH00529: /var/www/vhosts/saratogahistory.com/httpdocs/phpBB/.htaccess pcfg_openfile: unable to check htaccess file, ensure it is readable and that '/var/www/vhosts/saratogahistory.com/httpdocs/phpBB/' is executable, referer: http://www.saratogahistory.com/
[Wed Sep 23 20:57:25.697976 2020] [core:crit] [pid 1501:tid 139796320024320] (13)Permission denied: [client 51.178.81.141:56504] AH00529: /var/www/vhosts/saratogahistory.com/httpdocs/phpBB/.htaccess pcfg_openfile: unable to check htaccess file, ensure it is readable and that '/var/www/vhosts/saratogahistory.com/httpdocs/phpBB/' is executable, referer: http://www.saratogahistory.com/phpBB/index.php
[Wed Sep 23 21:39:27.106410 2020] [core:crit] [pid 685:tid 139796361983744] (13)Permission denied: [client 195.176.3.24:39360] AH00529: /var/www/vhosts/saratogahistory.com/httpdocs/phpBB/.htaccess pcfg_openfile: unable to check htaccess file, ensure it is readable and that '/var/www/vhosts/saratogahistory.com/httpdocs/phpBB/' is executable, referer: http://www.saratogahistory.com/phpBB/index.php
[Wed Sep 23 21:49:02.954267 2020] [core:crit] [pid 685:tid 139796611532544] (13)Permission denied: [client 98.143.145.29:58650] AH00529: /var/www/vhosts/saratogahistory.com/httpdocs/phpBB/.htaccess pcfg_openfile: unable to check htaccess file, ensure it is readable and that '/var/www/vhosts/saratogahistory.com/httpdocs/phpBB/' is executable, referer: http://www.saratogahistory.com/phpBB/index.php
[Wed Sep 23 21:49:56.305980 2020] [proxy_fcgi:error] [pid 1501:tid 139796456392448] [client 98.143.145.29:60426] AH01071: Got error 'Primary script unknown\n', referer: http://www.saratogahistory.com/index.php
[Wed Sep 23 21:49:58.467943 2020] [proxy_fcgi:error] [pid 1501:tid 139796590552832] [client 98.143.145.29:60474] AH01071: Got error 'Primary script unknown\n', referer: http://www.saratogahistory.com/index.php
[Wed Sep 23 21:50:07.059235 2020] [proxy_fcgi:error] [pid 685:tid 139796590552832] [client 98.143.145.29:32798] AH01071: Got error 'Primary script unknown\n', referer: http://www.saratogahistory.com/index.php
[Wed Sep 23 23:09:23.364532 2020] [proxy_fcgi:error] [pid 1501:tid 139796590552832] [client 178.137.165.159:36292] AH01071: Got error 'Primary script unknown\n'
[Wed Sep 23 23:36:07.697993 2020] [core:crit] [pid 687:tid 139796288554752] (13)Permission denied: [client 185.25.35.15:39432] AH00529: /var/www/vhosts/saratogahistory.com/httpdocs/phpBB/.htaccess pcfg_openfile: unable to check htaccess file, ensure it is readable and that '/var/www/vhosts/saratogahistory.com/httpdocs/phpBB/' is executable
[Wed Sep 23 23:36:43.843728 2020] [core:crit] [pid 1501:tid 139796611532544] (13)Permission denied: [client 51.91.109.18:40620] AH00529: /var/www/vhosts/saratogahistory.com/httpdocs/phpBB/.htaccess pcfg_openfile: unable to check htaccess file, ensure it is readable and that '/var/www/vhosts/saratogahistory.com/httpdocs/phpBB/' is executable, referer: http://www.saratogahistory.com/phpBB/index.php
[Thu Sep 24 00:02:24.603302 2020] [core:crit] [pid 1501:tid 139796403943168] (13)Permission denied: [client 5.188.84.251:39176] AH00529: /var/www/vhosts/saratogahistory.com/httpdocs/phpBB/.htaccess pcfg_openfile: unable to check htaccess file, ensure it is readable and that '/var/www/vhosts/saratogahistory.com/httpdocs/phpBB/' is executable, referer: http://www.saratogahistory.com/phpBB/index.php
[Thu Sep 24 00:26:33.192843 2020] [core:crit] [pid 1501:tid 139796414433024] (13)Permission denied: [client 185.25.35.13:58772] AH00529: /var/www/vhosts/saratogahistory.com/httpdocs/phpBB/.htaccess pcfg_openfile: unable to check htaccess file, ensure it is readable and that '/var/www/vhosts/saratogahistory.com/httpdocs/phpBB/' is executable
[Thu Sep 24 00:54:28.489305 2020] [core:crit] [pid 1501:tid 139796372473600] (13)Permission denied: [client 185.220.101.130:60258] AH00529: /var/www/vhosts/saratogahistory.com/httpdocs/phpBB/.htaccess pcfg_openfile: unable to check htaccess file, ensure it is readable and that '/var/www/vhosts/saratogahistory.com/httpdocs/phpBB/' is executable, referer: http://www.saratogahistory.com/phpBB/index.php
[Thu Sep 24 01:28:47.931367 2020] [core:crit] [pid 1501:tid 139796466882304] (13)Permission denied: [client 185.25.35.11:48042] AH00529: /var/www/vhosts/saratogahistory.com/httpdocs/phpBB/.htaccess pcfg_openfile: unable to check htaccess file, ensure it is readable and that '/var/www/vhosts/saratogahistory.com/httpdocs/phpBB/' is executable
[Thu Sep 24 01:39:29.803763 2020] [core:crit] [pid 1501:tid 139796601042688] (13)Permission denied: [client 51.75.144.43:40684] AH00529: /var/www/vhosts/saratogahistory.com/httpdocs/phpBB/.htaccess pcfg_openfile: unable to check htaccess file, ensure it is readable and that '/var/www/vhosts/saratogahistory.com/httpdocs/phpBB/' is executable, referer: http://www.saratogahistory.com/phpBB/index.php
[Thu Sep 24 01:41:18.359529 2020] [core:crit] [pid 1501:tid 139796590552832] (13)Permission denied: [client 185.25.35.11:44270] AH00529: /var/www/vhosts/saratogahistory.com/httpdocs/phpBB/.htaccess pcfg_openfile: unable to check htaccess file, ensure it is readable and that '/var/www/vhosts/saratogahistory.com/httpdocs/phpBB/' is executable
[Thu Sep 24 02:12:24.487925 2020] [core:crit] [pid 1501:tid 139796414433024] (13)Permission denied: [client 178.184.98.239:57232] AH00529: /var/www/vhosts/saratogahistory.com/httpdocs/phpBB/.htaccess pcfg_openfile: unable to check htaccess file, ensure it is readable and that '/var/www/vhosts/saratogahistory.com/httpdocs/phpBB/' is executable, referer: http://www.saratogahistory.com/phpBB/index.php
[Thu Sep 24 02:58:13.201841 2020] [proxy_fcgi:error] [pid 685:tid 139796445902592] [client 46.118.114.118:42632] AH01071: Got error 'Primary script unknown\n'
[Thu Sep 24 03:02:59.782775 2020] [core:crit] [pid 687:tid 139796361983744] (13)Permission denied: [client 5.188.84.251:51740] AH00529: /var/www/vhosts/saratogahistory.com/httpdocs/phpBB/.htaccess pcfg_openfile: unable to check htaccess file, ensure it is readable and that '/var/www/vhosts/saratogahistory.com/httpdocs/phpBB/' is executable, referer: http://www.saratogahistory.com/phpBB/index.php
[Thu Sep 24 03:30:13.967967 2020] [core:crit] [pid 685:tid 139796299044608] (13)Permission denied: [client 5.188.210.18:53826] AH00529: /var/www/vhosts/saratogahistory.com/httpdocs/phpBB/.htaccess pcfg_openfile: unable to check htaccess file, ensure it is readable and that '/var/www/vhosts/saratogahistory.com/httpdocs/phpBB/' is executable, referer: http://www.saratogahistory.com/phpBB/index.php
[Thu Sep 24 03:38:39.610699 2020] [core:crit] [pid 687:tid 139796590552832] (13)Permission denied: [client 104.244.75.153:45594] AH00529: /var/www/vhosts/saratogahistory.com/httpdocs/phpBB/.htaccess pcfg_openfile: unable to check htaccess file, ensure it is readable and that '/var/www/vhosts/saratogahistory.com/httpdocs/phpBB/' is executable, referer: http://www.saratogahistory.com/phpBB/index.php
[Thu Sep 24 03:45:00.676704 2020] [core:crit] [pid 685:tid 139796435412736] (13)Permission denied: [client 194.156.97.183:59396] AH00529: /var/www/vhosts/saratogahistory.com/httpdocs/phpBB/.htaccess pcfg_openfile: unable to check htaccess file, ensure it is readable and that '/var/www/vhosts/saratogahistory.com/httpdocs/phpBB/' is executable, referer: http://www.saratogahistory.com/phpBB/index.php
[Thu Sep 24 03:49:46.643909 2020] [core:crit] [pid 1501:tid 139796456392448] (13)Permission denied: [client 185.212.171.151:42020] AH00529: /var/www/vhosts/saratogahistory.com/httpdocs/phpBB/.htaccess pcfg_openfile: unable to check htaccess file, ensure it is readable and that '/var/www/vhosts/saratogahistory.com/httpdocs/phpBB/' is executable, referer: http://www.saratogahistory.com/phpBB/
[Thu Sep 24 05:23:48.189565 2020] [proxy_fcgi:error] [pid 1501:tid 139796372473600] [client 40.71.33.5:57268] AH01071: Got error 'Primary script unknown\n'
[Thu Sep 24 05:25:32.755551 2020] [core:crit] [pid 1501:tid 139796477372160] (13)Permission denied: [client 185.220.100.241:32804] AH00529: /var/www/vhosts/saratogahistory.com/httpdocs/phpBB/.htaccess pcfg_openfile: unable to check htaccess file, ensure it is readable and that '/var/www/vhosts/saratogahistory.com/httpdocs/phpBB/' is executable, referer: http://www.saratogahistory.com/phpBB/index.php
[Thu Sep 24 05:36:12.486628 2020] [core:crit] [pid 1501:tid 139796487862016] (13)Permission denied: [client 51.75.52.118:56792] AH00529: /var/www/vhosts/saratogahistory.com/httpdocs/phpBB/.htaccess pcfg_openfile: unable to check htaccess file, ensure it is readable and that '/var/www/vhosts/saratogahistory.com/httpdocs/phpBB/' is executable, referer: http://www.saratogahistory.com/phpBB/index.php
[Thu Sep 24 05:38:26.623347 2020] [core:crit] [pid 1501:tid 139796382963456] (13)Permission denied: [client 185.25.35.13:60556] AH00529: /var/www/vhosts/saratogahistory.com/httpdocs/phpBB/.htaccess pcfg_openfile: unable to check htaccess file, ensure it is readable and that '/var/www/vhosts/saratogahistory.com/httpdocs/phpBB/' is executable
[Thu Sep 24 05:51:21.937683 2020] [core:crit] [pid 685:tid 139796580062976] (13)Permission denied: [client 185.220.100.241:60368] AH00529: /var/www/vhosts/saratogahistory.com/httpdocs/phpBB/.htaccess pcfg_openfile: unable to check htaccess file, ensure it is readable and that '/var/www/vhosts/saratogahistory.com/httpdocs/phpBB/' is executable, referer: http://www.saratogahistory.com/phpBB/index.php
[Thu Sep 24 06:20:29.673308 2020] [core:crit] [pid 1501:tid 139796330514176] (13)Permission denied: [client 185.25.35.14:37894] AH00529: /var/www/vhosts/saratogahistory.com/httpdocs/phpBB/.htaccess pcfg_openfile: unable to check htaccess file, ensure it is readable and that '/var/www/vhosts/saratogahistory.com/httpdocs/phpBB/' is executable
[Thu Sep 24 06:26:04.722944 2020] [core:crit] [pid 1501:tid 139796477372160] (13)Permission denied: [client 104.227.248.98:51356] AH00529: /var/www/vhosts/saratogahistory.com/httpdocs/phpBB/.htaccess pcfg_openfile: unable to check htaccess file, ensure it is readable and that '/var/www/vhosts/saratogahistory.com/httpdocs/phpBB/' is executable
[Thu Sep 24 07:24:02.514962 2020] [core:crit] [pid 1501:tid 139796487862016] (13)Permission denied: [client 185.25.35.10:45454] AH00529: /var/www/vhosts/saratogahistory.com/httpdocs/phpBB/.htaccess pcfg_openfile: unable to check htaccess file, ensure it is readable and that '/var/www/vhosts/saratogahistory.com/httpdocs/phpBB/' is executable
[Thu Sep 24 07:36:37.553044 2020] [core:crit] [pid 685:tid 139796424922880] (13)Permission denied: [client 185.25.35.9:45272] AH00529: /var/www/vhosts/saratogahistory.com/httpdocs/phpBB/.htaccess pcfg_openfile: unable to check htaccess file, ensure it is readable and that '/var/www/vhosts/saratogahistory.com/httpdocs/phpBB/' is executable
[Thu Sep 24 07:37:06.854514 2020] [core:crit] [pid 685:tid 139796414433024] (13)Permission denied: [client 91.109.29.99:46514] AH00529: /var/www/vhosts/saratogahistory.com/httpdocs/phpBB/.htaccess pcfg_openfile: unable to check htaccess file, ensure it is readable and that '/var/www/vhosts/saratogahistory.com/httpdocs/phpBB/' is executable, referer: http://www.saratogahistory.com/phpBB/index.php
[Thu Sep 24 08:39:14.749277 2020] [core:crit] [pid 685:tid 139796456392448] (13)Permission denied: [client 98.143.145.30:50058] AH00529: /var/www/vhosts/saratogahistory.com/httpdocs/phpBB/.htaccess pcfg_openfile: unable to check htaccess file, ensure it is readable and that '/var/www/vhosts/saratogahistory.com/httpdocs/phpBB/' is executable, referer: http://www.saratogahistory.com/phpBB/index.php
[Thu Sep 24 09:15:07.449423 2020] [proxy_fcgi:error] [pid 687:tid 139796611532544] [client 51.143.41.1:48392] AH01071: Got error 'Primary script unknown\n'
[Thu Sep 24 09:29:58.078782 2020] [core:crit] [pid 685:tid 139796299044608] (13)Permission denied: [client 81.17.16.150:33376] AH00529: /var/www/vhosts/saratogahistory.com/httpdocs/phpBB/.htaccess pcfg_openfile: unable to check htaccess file, ensure it is readable and that '/var/www/vhosts/saratogahistory.com/httpdocs/phpBB/' is executable, referer: http://www.saratogahistory.com/phpBB/index.php
[Thu Sep 24 09:37:16.180007 2020] [core:crit] [pid 1501:tid 139796611532544] (13)Permission denied: [client 144.217.60.211:56168] AH00529: /var/www/vhosts/saratogahistory.com/httpdocs/phpBB/.htaccess pcfg_openfile: unable to check htaccess file, ensure it is readable and that '/var/www/vhosts/saratogahistory.com/httpdocs/phpBB/' is executable, referer: http://www.saratogahistory.com/phpBB/index.php
[Thu Sep 24 11:19:37.703228 2020] [proxy_fcgi:error] [pid 1501:tid 139796299044608] [client 103.66.232.250:46502] AH01071: Got error 'Primary script unknown\n'
[Thu Sep 24 11:35:59.246235 2020] [core:crit] [pid 1501:tid 139796424922880] (13)Permission denied: [client 217.79.178.53:56734] AH00529: /var/www/vhosts/saratogahistory.com/httpdocs/phpBB/.htaccess pcfg_openfile: unable to check htaccess file, ensure it is readable and that '/var/www/vhosts/saratogahistory.com/httpdocs/phpBB/' is executable, referer: http://www.saratogahistory.com/phpBB/index.php
[Thu Sep 24 11:44:48.331081 2020] [core:crit] [pid 685:tid 139796330514176] (13)Permission denied: [client 185.25.35.8:60130] AH00529: /var/www/vhosts/saratogahistory.com/httpdocs/phpBB/.htaccess pcfg_openfile: unable to check htaccess file, ensure it is readable and that '/var/www/vhosts/saratogahistory.com/httpdocs/phpBB/' is executable
[Thu Sep 24 12:07:01.296685 2020] [proxy_fcgi:error] [pid 1501:tid 139796601042688] [client 188.120.116.24:38596] AH01071: Got error 'Primary script unknown\n'
[Thu Sep 24 12:27:19.305050 2020] [core:crit] [pid 1501:tid 139796372473600] (13)Permission denied: [client 95.73.69.17:56896] AH00529: /var/www/vhosts/saratogahistory.com/httpdocs/phpBB/.htaccess pcfg_openfile: unable to check htaccess file, ensure it is readable and that '/var/www/vhosts/saratogahistory.com/httpdocs/phpBB/' is executable, referer: http://www.saratogahistory.com/phpBB/index.php
[Thu Sep 24 12:31:42.633452 2020] [core:crit] [pid 687:tid 139796393453312] (13)Permission denied: [client 185.25.35.10:41100] AH00529: /var/www/vhosts/saratogahistory.com/httpdocs/phpBB/.htaccess pcfg_openfile: unable to check htaccess file, ensure it is readable and that '/var/www/vhosts/saratogahistory.com/httpdocs/phpBB/' is executable
[Thu Sep 24 12:51:09.030025 2020] [proxy_fcgi:error] [pid 685:tid 139796445902592] [client 167.99.156.48:34690] AH01071: Got error 'Primary script unknown\n', referer: http://saratogahistory.com/wp-login.php
[Thu Sep 24 12:59:21.560558 2020] [core:crit] [pid 1501:tid 139796414433024] (13)Permission denied: [client 163.172.151.47:51768] AH00529: /var/www/vhosts/saratogahistory.com/httpdocs/phpBB/.htaccess pcfg_openfile: unable to check htaccess file, ensure it is readable and that '/var/www/vhosts/saratogahistory.com/httpdocs/phpBB/' is executable, referer: http://www.saratogahistory.com/phpBB/index.php
[Thu Sep 24 13:25:53.356873 2020] [core:crit] [pid 1501:tid 139796372473600] (13)Permission denied: [client 185.25.35.10:60516] AH00529: /var/www/vhosts/saratogahistory.com/httpdocs/phpBB/.htaccess pcfg_openfile: unable to check htaccess file, ensure it is readable and that '/var/www/vhosts/saratogahistory.com/httpdocs/phpBB/' is executable
[Thu Sep 24 13:37:03.783442 2020] [core:crit] [pid 687:tid 139796288554752] (13)Permission denied: [client 185.25.35.14:58886] AH00529: /var/www/vhosts/saratogahistory.com/httpdocs/phpBB/.htaccess pcfg_openfile: unable to check htaccess file, ensure it is readable and that '/var/www/vhosts/saratogahistory.com/httpdocs/phpBB/' is executable
[Thu Sep 24 13:37:47.546651 2020] [core:crit] [pid 1501:tid 139796477372160] (13)Permission denied: [client 23.129.64.180:60412] AH00529: /var/www/vhosts/saratogahistory.com/httpdocs/phpBB/.htaccess pcfg_openfile: unable to check htaccess file, ensure it is readable and that '/var/www/vhosts/saratogahistory.com/httpdocs/phpBB/' is executable, referer: http://www.saratogahistory.com/phpBB/index.php
[Thu Sep 24 14:04:20.180281 2020] [core:crit] [pid 1501:tid 139796580062976] (13)Permission denied: [client 176.103.92.59:40276] AH00529: /var/www/vhosts/saratogahistory.com/httpdocs/phpBB/.htaccess pcfg_openfile: unable to check htaccess file, ensure it is readable and that '/var/www/vhosts/saratogahistory.com/httpdocs/phpBB/' is executable, referer: http://www.saratogahistory.com/phpBB/index.php
[Thu Sep 24 14:04:20.553528 2020] [core:crit] [pid 685:tid 139796351493888] (13)Permission denied: [client 176.103.85.27:40284] AH00529: /var/www/vhosts/saratogahistory.com/httpdocs/phpBB/.htaccess pcfg_openfile: unable to check htaccess file, ensure it is readable and that '/var/www/vhosts/saratogahistory.com/httpdocs/phpBB/' is executable, referer: http://www.saratogahistory.com/phpBB/index.php
[Thu Sep 24 14:17:29.442609 2020] [core:crit] [pid 1501:tid 139796288554752] (13)Permission denied: [client 89.169.46.133:45634] AH00529: /var/www/vhosts/saratogahistory.com/httpdocs/phpBB/.htaccess pcfg_openfile: unable to check htaccess file, ensure it is readable and that '/var/www/vhosts/saratogahistory.com/httpdocs/phpBB/' is executable, referer: http://www.saratogahistory.com/phpBB/index.php
[Thu Sep 24 15:40:09.143636 2020] [core:crit] [pid 1501:tid 139796466882304] (13)Permission denied: [client 176.107.187.151:45132] AH00529: /var/www/vhosts/saratogahistory.com/httpdocs/phpBB/.htaccess pcfg_openfile: unable to check htaccess file, ensure it is readable and that '/var/www/vhosts/saratogahistory.com/httpdocs/phpBB/' is executable, referer: http://www.saratogahistory.com/phpBB/index.php
[Thu Sep 24 16:28:47.714769 2020] [core:crit] [pid 1501:tid 139796601042688] (13)Permission denied: [client 185.220.101.141:59250] AH00529: /var/www/vhosts/saratogahistory.com/httpdocs/phpBB/.htaccess pcfg_openfile: unable to check htaccess file, ensure it is readable and that '/var/www/vhosts/saratogahistory.com/httpdocs/phpBB/' is executable, referer: http://www.saratogahistory.com/phpBB/index.php
[Thu Sep 24 17:31:25.179445 2020] [proxy_fcgi:error] [pid 1501:tid 139796351493888] [client 95.184.181.244:41698] AH01071: Got error 'Primary script unknown\n'
[Thu Sep 24 17:39:31.116294 2020] [core:crit] [pid 1501:tid 139796445902592] (13)Permission denied: [client 185.220.101.136:39760] AH00529: /var/www/vhosts/saratogahistory.com/httpdocs/phpBB/.htaccess pcfg_openfile: unable to check htaccess file, ensure it is readable and that '/var/www/vhosts/saratogahistory.com/httpdocs/phpBB/' is executable, referer: http://www.saratogahistory.com/phpBB/index.php
[Thu Sep 24 17:41:43.536992 2020] [core:crit] [pid 687:tid 139796299044608] (13)Permission denied: [client 185.25.35.13:44412] AH00529: /var/www/vhosts/saratogahistory.com/httpdocs/phpBB/.htaccess pcfg_openfile: unable to check htaccess file, ensure it is readable and that '/var/www/vhosts/saratogahistory.com/httpdocs/phpBB/' is executable
[Thu Sep 24 17:57:57.490417 2020] [core:crit] [pid 685:tid 139796477372160] (13)Permission denied: [client 193.239.85.156:55602] AH00529: /var/www/vhosts/saratogahistory.com/httpdocs/phpBB/.htaccess pcfg_openfile: unable to check htaccess file, ensure it is readable and that '/var/www/vhosts/saratogahistory.com/httpdocs/phpBB/' is executable, referer: http://www.saratogahistory.com/phpBB/index.php
[Thu Sep 24 18:28:08.720207 2020] [core:crit] [pid 1501:tid 139796309534464] (13)Permission denied: [client 185.25.35.11:43956] AH00529: /var/www/vhosts/saratogahistory.com/httpdocs/phpBB/.htaccess pcfg_openfile: unable to check htaccess file, ensure it is readable and that '/var/www/vhosts/saratogahistory.com/httpdocs/phpBB/' is executable
[Thu Sep 24 18:40:41.091534 2020] [core:crit] [pid 1501:tid 139796601042688] (13)Permission denied: [client 37.113.176.204:44206] AH00529: /var/www/vhosts/saratogahistory.com/httpdocs/phpBB/.htaccess pcfg_openfile: unable to check htaccess file, ensure it is readable and that '/var/www/vhosts/saratogahistory.com/httpdocs/phpBB/' is executable, referer: http://www.saratogahistory.com/phpBB/index.php
[Thu Sep 24 19:32:37.904464 2020] [core:crit] [pid 1501:tid 139796435412736] (13)Permission denied: [client 185.25.35.11:52702] AH00529: /var/www/vhosts/saratogahistory.com/httpdocs/phpBB/.htaccess pcfg_openfile: unable to check htaccess file, ensure it is readable and that '/var/www/vhosts/saratogahistory.com/httpdocs/phpBB/' is executable
[Thu Sep 24 19:39:15.190682 2020] [core:crit] [pid 1501:tid 139796466882304] (13)Permission denied: [client 109.70.100.45:38580] AH00529: /var/www/vhosts/saratogahistory.com/httpdocs/phpBB/.htaccess pcfg_openfile: unable to check htaccess file, ensure it is readable and that '/var/www/vhosts/saratogahistory.com/httpdocs/phpBB/' is executable, referer: http://www.saratogahistory.com/phpBB/index.php
[Thu Sep 24 19:40:13.195394 2020] [core:crit] [pid 1501:tid 139796330514176] (13)Permission denied: [client 40.77.167.41:40336] AH00529: /var/www/vhosts/saratogahistory.com/httpdocs/phpBB/.htaccess pcfg_openfile: unable to check htaccess file, ensure it is readable and that '/var/www/vhosts/saratogahistory.com/httpdocs/phpBB/' is executable
[Thu Sep 24 19:44:11.119739 2020] [core:crit] [pid 1501:tid 139796590552832] (13)Permission denied: [client 185.25.35.14:49330] AH00529: /var/www/vhosts/saratogahistory.com/httpdocs/phpBB/.htaccess pcfg_openfile: unable to check htaccess file, ensure it is readable and that '/var/www/vhosts/saratogahistory.com/httpdocs/phpBB/' is executable
[Thu Sep 24 19:58:10.994231 2020] [core:crit] [pid 1501:tid 139796435412736] (13)Permission denied: [client 198.100.155.37:53122] AH00529: /var/www/vhosts/saratogahistory.com/httpdocs/phpBB/.htaccess pcfg_openfile: unable to check htaccess file, ensure it is readable and that '/var/www/vhosts/saratogahistory.com/httpdocs/phpBB/' is executable, referer: http://www.saratogahistory.com/phpBB/index.php
[Thu Sep 24 21:38:37.768507 2020] [core:crit] [pid 1501:tid 139796424922880] (13)Permission denied: [client 51.178.52.245:40656] AH00529: /var/www/vhosts/saratogahistory.com/httpdocs/phpBB/.htaccess pcfg_openfile: unable to check htaccess file, ensure it is readable and that '/var/www/vhosts/saratogahistory.com/httpdocs/phpBB/' is executable, referer: http://www.saratogahistory.com/phpBB/index.php
[Thu Sep 24 22:31:16.099802 2020] [core:crit] [pid 1501:tid 139796299044608] (13)Permission denied: [client 104.149.134.218:56824] AH00529: /var/www/vhosts/saratogahistory.com/httpdocs/phpBB/.htaccess pcfg_openfile: unable to check htaccess file, ensure it is readable and that '/var/www/vhosts/saratogahistory.com/httpdocs/phpBB/' is executable, referer: http://www.saratogahistory.com/phpBB/index.php
[Thu Sep 24 22:55:42.530023 2020] [core:crit] [pid 685:tid 139796611532544] (13)Permission denied: [client 45.81.226.57:36512] AH00529: /var/www/vhosts/saratogahistory.com/httpdocs/phpBB/.htaccess pcfg_openfile: unable to check htaccess file, ensure it is readable and that '/var/www/vhosts/saratogahistory.com/httpdocs/phpBB/' is executable, referer: http://www.saratogahistory.com/phpBB/index.php
[Thu Sep 24 23:02:17.835928 2020] [core:crit] [pid 1501:tid 139796393453312] (13)Permission denied: [client 96.44.133.110:53088] AH00529: /var/www/vhosts/saratogahistory.com/httpdocs/phpBB/.htaccess pcfg_openfile: unable to check htaccess file, ensure it is readable and that '/var/www/vhosts/saratogahistory.com/httpdocs/phpBB/' is executable, referer: http://www.saratogahistory.com/phpBB/index.php
[Thu Sep 24 23:30:00.406803 2020] [core:crit] [pid 1501:tid 139796288554752] (13)Permission denied: [client 62.102.148.69:44474] AH00529: /var/www/vhosts/saratogahistory.com/httpdocs/phpBB/.htaccess pcfg_openfile: unable to check htaccess file, ensure it is readable and that '/var/www/vhosts/saratogahistory.com/httpdocs/phpBB/' is executable, referer: http://www.saratogahistory.com/phpBB/index.php
[Thu Sep 24 23:30:49.858641 2020] [core:crit] [pid 1501:tid 139796445902592] (13)Permission denied: [client 185.25.35.8:46766] AH00529: /var/www/vhosts/saratogahistory.com/httpdocs/phpBB/.htaccess pcfg_openfile: unable to check htaccess file, ensure it is readable and that '/var/www/vhosts/saratogahistory.com/httpdocs/phpBB/' is executable
[Thu Sep 24 23:40:07.975388 2020] [core:crit] [pid 1501:tid 139796601042688] (13)Permission denied: [client 185.220.100.255:43760] AH00529: /var/www/vhosts/saratogahistory.com/httpdocs/phpBB/.htaccess pcfg_openfile: unable to check htaccess file, ensure it is readable and that '/var/www/vhosts/saratogahistory.com/httpdocs/phpBB/' is executable, referer: http://www.saratogahistory.com/phpBB/index.php
[Fri Sep 25 00:16:02.498784 2020] [core:crit] [pid 1501:tid 139796372473600] (13)Permission denied: [client 185.25.35.11:53242] AH00529: /var/www/vhosts/saratogahistory.com/httpdocs/phpBB/.htaccess pcfg_openfile: unable to check htaccess file, ensure it is readable and that '/var/www/vhosts/saratogahistory.com/httpdocs/phpBB/' is executable
[Fri Sep 25 00:43:10.067604 2020] [core:crit] [pid 685:tid 139796372473600] (13)Permission denied: [client 40.77.167.143:36498] AH00529: /var/www/vhosts/saratogahistory.com/httpdocs/phpBB/.htaccess pcfg_openfile: unable to check htaccess file, ensure it is readable and that '/var/www/vhosts/saratogahistory.com/httpdocs/phpBB/' is executable
[Fri Sep 25 00:51:20.169473 2020] [core:crit] [pid 1501:tid 139796351493888] (13)Permission denied: [client 62.173.154.183:57830] AH00529: /var/www/vhosts/saratogahistory.com/httpdocs/phpBB/.htaccess pcfg_openfile: unable to check htaccess file, ensure it is readable and that '/var/www/vhosts/saratogahistory.com/httpdocs/phpBB/' is executable, referer: http://www.saratogahistory.com/phpBB/index.php
[Fri Sep 25 00:52:00.018938 2020] [proxy_fcgi:error] [pid 1501:tid 139796477372160] [client 62.173.154.183:59454] AH01071: Got error 'Primary script unknown\n', referer: http://www.saratogahistory.com/index.php
[Fri Sep 25 00:52:00.629169 2020] [proxy_fcgi:error] [pid 1501:tid 139796456392448] [client 62.173.154.183:59474] AH01071: Got error 'Primary script unknown\n', referer: http://www.saratogahistory.com/index.php
[Fri Sep 25 00:52:10.727550 2020] [proxy_fcgi:error] [pid 685:tid 139796309534464] [client 62.173.154.183:59850] AH01071: Got error 'Primary script unknown\n', referer: http://www.saratogahistory.com/index.php
[Fri Sep 25 01:04:33.280174 2020] [core:crit] [pid 685:tid 139796601042688] (13)Permission denied: [client 185.206.213.233:35242] AH00529: /var/www/vhosts/saratogahistory.com/httpdocs/phpBB/.htaccess pcfg_openfile: unable to check htaccess file, ensure it is readable and that '/var/www/vhosts/saratogahistory.com/httpdocs/phpBB/' is executable, referer: http://www.saratogahistory.com/phpBB/index.php
[Fri Sep 25 01:07:48.737522 2020] [core:crit] [pid 1501:tid 139796466882304] (13)Permission denied: [client 46.4.157.125:42566] AH00529: /var/www/vhosts/saratogahistory.com/httpdocs/phpBB/.htaccess pcfg_openfile: unable to check htaccess file, ensure it is readable and that '/var/www/vhosts/saratogahistory.com/httpdocs/phpBB/' is executable, referer: http://www.saratogahistory.com/phpBB/index.php
[Fri Sep 25 01:16:29.600729 2020] [core:crit] [pid 685:tid 139796466882304] (13)Permission denied: [client 185.25.35.8:35772] AH00529: /var/www/vhosts/saratogahistory.com/httpdocs/phpBB/.htaccess pcfg_openfile: unable to check htaccess file, ensure it is readable and that '/var/www/vhosts/saratogahistory.com/httpdocs/phpBB/' is executable
[Fri Sep 25 01:28:19.026272 2020] [core:crit] [pid 1501:tid 139796456392448] (13)Permission denied: [client 185.25.35.12:34990] AH00529: /var/www/vhosts/saratogahistory.com/httpdocs/phpBB/.htaccess pcfg_openfile: unable to check htaccess file, ensure it is readable and that '/var/www/vhosts/saratogahistory.com/httpdocs/phpBB/' is executable
[Fri Sep 25 01:37:19.028316 2020] [core:crit] [pid 685:tid 139796435412736] (13)Permission denied: [client 94.102.51.78:56536] AH00529: /var/www/vhosts/saratogahistory.com/httpdocs/phpBB/.htaccess pcfg_openfile: unable to check htaccess file, ensure it is readable and that '/var/www/vhosts/saratogahistory.com/httpdocs/phpBB/' is executable, referer: http://www.saratogahistory.com/phpBB/index.php
[Fri Sep 25 02:33:11.618566 2020] [proxy_fcgi:error] [pid 687:tid 139796466882304] [client 43.248.20.111:34354] AH01071: Got error 'Primary script unknown\n'
[Fri Sep 25 02:45:36.980792 2020] [core:crit] [pid 685:tid 139796403943168] (13)Permission denied: [client 185.220.100.254:39002] AH00529: /var/www/vhosts/saratogahistory.com/httpdocs/phpBB/.htaccess pcfg_openfile: unable to check htaccess file, ensure it is readable and that '/var/www/vhosts/saratogahistory.com/httpdocs/phpBB/' is executable, referer: http://www.saratogahistory.com/phpBB/index.php
[Fri Sep 25 03:37:53.488296 2020] [core:crit] [pid 1501:tid 139796414433024] (13)Permission denied: [client 23.129.64.197:57990] AH00529: /var/www/vhosts/saratogahistory.com/httpdocs/phpBB/.htaccess pcfg_openfile: unable to check htaccess file, ensure it is readable and that '/var/www/vhosts/saratogahistory.com/httpdocs/phpBB/' is executable, referer: http://www.saratogahistory.com/phpBB/index.php
[Fri Sep 25 05:31:02.442564 2020] [core:crit] [pid 1501:tid 139796403943168] (13)Permission denied: [client 185.25.35.13:41722] AH00529: /var/www/vhosts/saratogahistory.com/httpdocs/phpBB/.htaccess pcfg_openfile: unable to check htaccess file, ensure it is readable and that '/var/www/vhosts/saratogahistory.com/httpdocs/phpBB/' is executable
[Fri Sep 25 05:35:30.782293 2020] [core:crit] [pid 1501:tid 139796435412736] (13)Permission denied: [client 199.249.230.76:52046] AH00529: /var/www/vhosts/saratogahistory.com/httpdocs/phpBB/.htaccess pcfg_openfile: unable to check htaccess file, ensure it is readable and that '/var/www/vhosts/saratogahistory.com/httpdocs/phpBB/' is executable, referer: http://www.saratogahistory.com/phpBB/index.php
[Fri Sep 25 06:07:43.241414 2020] [core:crit] [pid 1501:tid 139796330514176] (13)Permission denied: [client 51.81.83.149:45396] AH00529: /var/www/vhosts/saratogahistory.com/httpdocs/phpBB/.htaccess pcfg_openfile: unable to check htaccess file, ensure it is readable and that '/var/www/vhosts/saratogahistory.com/httpdocs/phpBB/' is executable, referer: http://www.saratogahistory.com/phpBB/index.php
[Fri Sep 25 06:13:59.314782 2020] [core:crit] [pid 1501:tid 139796611532544] (13)Permission denied: [client 161.117.10.46:60032] AH00529: /var/www/vhosts/saratogahistory.com/httpdocs/phpBB/.htaccess pcfg_openfile: unable to check htaccess file, ensure it is readable and that '/var/www/vhosts/saratogahistory.com/httpdocs/phpBB/' is executable, referer: http://www.saratogahistory.com/phpBB/index.php
[Fri Sep 25 06:17:17.392371 2020] [core:crit] [pid 685:tid 139796288554752] (13)Permission denied: [client 185.25.35.10:41500] AH00529: /var/www/vhosts/saratogahistory.com/httpdocs/phpBB/.htaccess pcfg_openfile: unable to check htaccess file, ensure it is readable and that '/var/www/vhosts/saratogahistory.com/httpdocs/phpBB/' is executable
[Fri Sep 25 07:18:32.210156 2020] [core:crit] [pid 685:tid 139796435412736] (13)Permission denied: [client 185.25.35.12:33602] AH00529: /var/www/vhosts/saratogahistory.com/httpdocs/phpBB/.htaccess pcfg_openfile: unable to check htaccess file, ensure it is readable and that '/var/www/vhosts/saratogahistory.com/httpdocs/phpBB/' is executable
[Fri Sep 25 07:31:51.452609 2020] [core:crit] [pid 1501:tid 139796569573120] (13)Permission denied: [client 185.25.35.12:38694] AH00529: /var/www/vhosts/saratogahistory.com/httpdocs/phpBB/.htaccess pcfg_openfile: unable to check htaccess file, ensure it is readable and that '/var/www/vhosts/saratogahistory.com/httpdocs/phpBB/' is executable
[Fri Sep 25 07:45:35.859376 2020] [core:crit] [pid 685:tid 139796445902592] (13)Permission denied: [client 179.43.160.236:47698] AH00529: /var/www/vhosts/saratogahistory.com/httpdocs/phpBB/.htaccess pcfg_openfile: unable to check htaccess file, ensure it is readable and that '/var/www/vhosts/saratogahistory.com/httpdocs/phpBB/' is executable, referer: http://www.saratogahistory.com/phpBB/index.php
[Fri Sep 25 09:16:07.880190 2020] [core:crit] [pid 1501:tid 139796590552832] (13)Permission denied: [client 45.81.226.59:58372] AH00529: /var/www/vhosts/saratogahistory.com/httpdocs/phpBB/.htaccess pcfg_openfile: unable to check htaccess file, ensure it is readable and that '/var/www/vhosts/saratogahistory.com/httpdocs/phpBB/' is executable, referer: http://www.saratogahistory.com/phpBB/index.php
[Fri Sep 25 09:26:18.717954 2020] [core:crit] [pid 1501:tid 139796414433024] (13)Permission denied: [client 178.159.37.92:53220] AH00529: /var/www/vhosts/saratogahistory.com/httpdocs/phpBB/.htaccess pcfg_openfile: unable to check htaccess file, ensure it is readable and that '/var/www/vhosts/saratogahistory.com/httpdocs/phpBB/' is executable, referer: http://www.saratogahistory.com/phpBB/index.php
[Fri Sep 25 09:35:28.200992 2020] [core:crit] [pid 1501:tid 139796309534464] (13)Permission denied: [client 185.220.100.250:45746] AH00529: /var/www/vhosts/saratogahistory.com/httpdocs/phpBB/.htaccess pcfg_openfile: unable to check htaccess file, ensure it is readable and that '/var/www/vhosts/saratogahistory.com/httpdocs/phpBB/' is executable, referer: http://www.saratogahistory.com/phpBB/index.php
[Fri Sep 25 09:37:09.098516 2020] [core:crit] [pid 685:tid 139796466882304] (13)Permission denied: [client 185.220.100.243:48690] AH00529: /var/www/vhosts/saratogahistory.com/httpdocs/phpBB/.htaccess pcfg_openfile: unable to check htaccess file, ensure it is readable and that '/var/www/vhosts/saratogahistory.com/httpdocs/phpBB/' is executable, referer: http://www.saratogahistory.com/phpBB/index.php
[Fri Sep 25 09:44:47.690140 2020] [core:crit] [pid 685:tid 139796414433024] (13)Permission denied: [client 154.27.72.78:37186] AH00529: /var/www/vhosts/saratogahistory.com/httpdocs/phpBB/.htaccess pcfg_openfile: unable to check htaccess file, ensure it is readable and that '/var/www/vhosts/saratogahistory.com/httpdocs/phpBB/' is executable
[Fri Sep 25 09:44:47.793832 2020] [core:crit] [pid 685:tid 139796393453312] (13)Permission denied: [client 154.27.72.78:37194] AH00529: /var/www/vhosts/saratogahistory.com/httpdocs/phpBB/.htaccess pcfg_openfile: unable to check htaccess file, ensure it is readable and that '/var/www/vhosts/saratogahistory.com/httpdocs/phpBB/' is executable
[Fri Sep 25 10:17:28.801236 2020] [core:crit] [pid 685:tid 139796611532544] (13)Permission denied: [client 93.158.161.10:35792] AH00529: /var/www/vhosts/saratogahistory.com/httpdocs/phpBB/.htaccess pcfg_openfile: unable to check htaccess file, ensure it is readable and that '/var/www/vhosts/saratogahistory.com/httpdocs/phpBB/' is executable
[Fri Sep 25 10:29:25.373214 2020] [core:crit] [pid 1501:tid 139796477372160] (13)Permission denied: [client 66.249.79.89:37326] AH00529: /var/www/vhosts/saratogahistory.com/httpdocs/phpBB/.htaccess pcfg_openfile: unable to check htaccess file, ensure it is readable and that '/var/www/vhosts/saratogahistory.com/httpdocs/phpBB/' is executable
[Fri Sep 25 11:32:49.122595 2020] [core:crit] [pid 1501:tid 139796590552832] (13)Permission denied: [client 185.25.35.14:60398] AH00529: /var/www/vhosts/saratogahistory.com/httpdocs/phpBB/.htaccess pcfg_openfile: unable to check htaccess file, ensure it is readable and that '/var/www/vhosts/saratogahistory.com/httpdocs/phpBB/' is executable
[Fri Sep 25 11:36:35.047786 2020] [core:crit] [pid 1501:tid 139796403943168] (13)Permission denied: [client 179.43.160.236:42690] AH00529: /var/www/vhosts/saratogahistory.com/httpdocs/phpBB/.htaccess pcfg_openfile: unable to check htaccess file, ensure it is readable and that '/var/www/vhosts/saratogahistory.com/httpdocs/phpBB/' is executable, referer: http://www.saratogahistory.com/phpBB/index.php
[Fri Sep 25 12:16:24.250028 2020] [core:crit] [pid 1501:tid 139796611532544] (13)Permission denied: [client 185.25.35.13:35244] AH00529: /var/www/vhosts/saratogahistory.com/httpdocs/phpBB/.htaccess pcfg_openfile: unable to check htaccess file, ensure it is readable and that '/var/www/vhosts/saratogahistory.com/httpdocs/phpBB/' is executable
[Fri Sep 25 13:04:29.563563 2020] [core:crit] [pid 1501:tid 139796351493888] (13)Permission denied: [client 66.249.79.87:42662] AH00529: /var/www/vhosts/saratogahistory.com/httpdocs/phpBB/.htaccess pcfg_openfile: unable to check htaccess file, ensure it is readable and that '/var/www/vhosts/saratogahistory.com/httpdocs/phpBB/' is executable
[Fri Sep 25 13:14:28.979467 2020] [core:crit] [pid 1501:tid 139796435412736] (13)Permission denied: [client 198.144.120.223:41338] AH00529: /var/www/vhosts/saratogahistory.com/httpdocs/phpBB/.htaccess pcfg_openfile: unable to check htaccess file, ensure it is readable and that '/var/www/vhosts/saratogahistory.com/httpdocs/phpBB/' is executable, referer: http://www.saratogahistory.com/phpBB/index.php
[Fri Sep 25 13:22:13.751776 2020] [core:crit] [pid 685:tid 139796445902592] (13)Permission denied: [client 185.25.35.11:34578] AH00529: /var/www/vhosts/saratogahistory.com/httpdocs/phpBB/.htaccess pcfg_openfile: unable to check htaccess file, ensure it is readable and that '/var/www/vhosts/saratogahistory.com/httpdocs/phpBB/' is executable
[Fri Sep 25 13:34:16.977565 2020] [core:crit] [pid 687:tid 139796320024320] (13)Permission denied: [client 185.25.35.13:43558] AH00529: /var/www/vhosts/saratogahistory.com/httpdocs/phpBB/.htaccess pcfg_openfile: unable to check htaccess file, ensure it is readable and that '/var/www/vhosts/saratogahistory.com/httpdocs/phpBB/' is executable
[Fri Sep 25 13:37:43.458828 2020] [core:crit] [pid 1501:tid 139796424922880] (13)Permission denied: [client 171.25.193.78:52578] AH00529: /var/www/vhosts/saratogahistory.com/httpdocs/phpBB/.htaccess pcfg_openfile: unable to check htaccess file, ensure it is readable and that '/var/www/vhosts/saratogahistory.com/httpdocs/phpBB/' is executable, referer: http://www.saratogahistory.com/phpBB/index.php
[Fri Sep 25 13:42:38.657044 2020] [proxy_fcgi:error] [pid 687:tid 139796466882304] [client 23.95.129.96:38594] AH01071: Got error 'Primary script unknown\n'
[Fri Sep 25 14:35:36.305217 2020] [core:crit] [pid 1501:tid 139796569573120] (13)Permission denied: [client 66.249.75.117:50222] AH00529: /var/www/vhosts/saratogahistory.com/httpdocs/phpBB/.htaccess pcfg_openfile: unable to check htaccess file, ensure it is readable and that '/var/www/vhosts/saratogahistory.com/httpdocs/phpBB/' is executable, referer: http://www.saratogahistory.com/phpBB/viewtopic.php?t=372&view=next&sid=b865af99f0112d415922b9c0ffac9b82
[Fri Sep 25 14:35:36.689399 2020] [core:crit] [pid 1501:tid 139796424922880] (13)Permission denied: [client 66.249.75.117:50278] AH00529: /var/www/vhosts/saratogahistory.com/httpdocs/phpBB/.htaccess pcfg_openfile: unable to check htaccess file, ensure it is readable and that '/var/www/vhosts/saratogahistory.com/httpdocs/phpBB/' is executable, referer: http://www.saratogahistory.com/phpBB/viewtopic.php?t=372&view=next&sid=b865af99f0112d415922b9c0ffac9b82
[Fri Sep 25 15:18:40.490618 2020] [core:crit] [pid 1501:tid 139796487862016] (13)Permission denied: [client 185.29.255.26:59526] AH00529: /var/www/vhosts/saratogahistory.com/httpdocs/phpBB/.htaccess pcfg_openfile: unable to check htaccess file, ensure it is readable and that '/var/www/vhosts/saratogahistory.com/httpdocs/phpBB/' is executable, referer: http://www.saratogahistory.com/phpBB/index.php
[Fri Sep 25 15:33:09.100765 2020] [core:crit] [pid 685:tid 139796330514176] (13)Permission denied: [client 5.196.23.219:43724] AH00529: /var/www/vhosts/saratogahistory.com/httpdocs/phpBB/.htaccess pcfg_openfile: unable to check htaccess file, ensure it is readable and that '/var/www/vhosts/saratogahistory.com/httpdocs/phpBB/' is executable, referer: http://www.saratogahistory.com/phpBB/index.php
[Fri Sep 25 15:33:09.968339 2020] [core:crit] [pid 1501:tid 139796393453312] (13)Permission denied: [client 5.196.23.219:43740] AH00529: /var/www/vhosts/saratogahistory.com/httpdocs/phpBB/.htaccess pcfg_openfile: unable to check htaccess file, ensure it is readable and that '/var/www/vhosts/saratogahistory.com/httpdocs/phpBB/' is executable, referer: http://www.saratogahistory.com/phpBB/index.php
[Fri Sep 25 15:33:10.364064 2020] [core:crit] [pid 685:tid 139796309534464] (13)Permission denied: [client 5.196.23.219:43756] AH00529: /var/www/vhosts/saratogahistory.com/httpdocs/phpBB/.htaccess pcfg_openfile: unable to check htaccess file, ensure it is readable and that '/var/www/vhosts/saratogahistory.com/httpdocs/phpBB/' is executable, referer: http://www.saratogahistory.com/phpBB/index.php
[Fri Sep 25 15:33:20.030827 2020] [core:crit] [pid 1501:tid 139796414433024] (13)Permission denied: [client 62.122.201.241:44116] AH00529: /var/www/vhosts/saratogahistory.com/httpdocs/phpBB/.htaccess pcfg_openfile: unable to check htaccess file, ensure it is readable and that '/var/www/vhosts/saratogahistory.com/httpdocs/phpBB/' is executable, referer: http://www.saratogahistory.com/phpbb/index.php
[Fri Sep 25 15:36:38.042295 2020] [core:crit] [pid 1501:tid 139796382963456] (13)Permission denied: [client 91.76.156.63:52410] AH00529: /var/www/vhosts/saratogahistory.com/httpdocs/phpBB/.htaccess pcfg_openfile: unable to check htaccess file, ensure it is readable and that '/var/www/vhosts/saratogahistory.com/httpdocs/phpBB/' is executable, referer: http://www.saratogahistory.com/phpBB/index.php
[Fri Sep 25 15:37:44.780115 2020] [core:crit] [pid 1501:tid 139796466882304] (13)Permission denied: [client 167.71.78.94:55054] AH00529: /var/www/vhosts/saratogahistory.com/httpdocs/phpBB/.htaccess pcfg_openfile: unable to check htaccess file, ensure it is readable and that '/var/www/vhosts/saratogahistory.com/httpdocs/phpBB/' is executable, referer: http://www.saratogahistory.com/phpBB/index.php
[Fri Sep 25 16:40:00.614807 2020] [core:crit] [pid 685:tid 139796590552832] (13)Permission denied: [client 185.220.101.6:36128] AH00529: /var/www/vhosts/saratogahistory.com/httpdocs/phpBB/.htaccess pcfg_openfile: unable to check htaccess file, ensure it is readable and that '/var/www/vhosts/saratogahistory.com/httpdocs/phpBB/' is executable, referer: http://www.saratogahistory.com/phpBB/index.php
[Fri Sep 25 17:40:17.638628 2020] [core:crit] [pid 1501:tid 139796341004032] (13)Permission denied: [client 185.220.102.241:39942] AH00529: /var/www/vhosts/saratogahistory.com/httpdocs/phpBB/.htaccess pcfg_openfile: unable to check htaccess file, ensure it is readable and that '/var/www/vhosts/saratogahistory.com/httpdocs/phpBB/' is executable, referer: http://www.saratogahistory.com/phpBB/index.php
[Fri Sep 25 17:43:45.716184 2020] [core:crit] [pid 1501:tid 139796611532544] (13)Permission denied: [client 185.25.35.13:49308] AH00529: /var/www/vhosts/saratogahistory.com/httpdocs/phpBB/.htaccess pcfg_openfile: unable to check htaccess file, ensure it is readable and that '/var/www/vhosts/saratogahistory.com/httpdocs/phpBB/' is executable
[Fri Sep 25 18:28:07.066307 2020] [core:crit] [pid 1501:tid 139796590552832] (13)Permission denied: [client 185.25.35.14:49294] AH00529: /var/www/vhosts/saratogahistory.com/httpdocs/phpBB/.htaccess pcfg_openfile: unable to check htaccess file, ensure it is readable and that '/var/www/vhosts/saratogahistory.com/httpdocs/phpBB/' is executable
[Fri Sep 25 19:27:26.684809 2020] [proxy_fcgi:error] [pid 1501:tid 139796477372160] [client 178.137.81.219:52458] AH01071: Got error 'Primary script unknown\n'
[Fri Sep 25 19:32:49.479771 2020] [core:crit] [pid 1501:tid 139796361983744] (13)Permission denied: [client 185.25.35.8:39434] AH00529: /var/www/vhosts/saratogahistory.com/httpdocs/phpBB/.htaccess pcfg_openfile: unable to check htaccess file, ensure it is readable and that '/var/www/vhosts/saratogahistory.com/httpdocs/phpBB/' is executable
[Fri Sep 25 19:37:06.337241 2020] [core:crit] [pid 685:tid 139796393453312] (13)Permission denied: [client 185.220.101.129:54534] AH00529: /var/www/vhosts/saratogahistory.com/httpdocs/phpBB/.htaccess pcfg_openfile: unable to check htaccess file, ensure it is readable and that '/var/www/vhosts/saratogahistory.com/httpdocs/phpBB/' is executable, referer: http://www.saratogahistory.com/phpBB/index.php
[Fri Sep 25 19:44:44.298559 2020] [core:crit] [pid 687:tid 139796435412736] (13)Permission denied: [client 66.249.75.121:49230] AH00529: /var/www/vhosts/saratogahistory.com/httpdocs/phpBB/.htaccess pcfg_openfile: unable to check htaccess file, ensure it is readable and that '/var/www/vhosts/saratogahistory.com/httpdocs/phpBB/' is executable
[Fri Sep 25 19:45:07.189329 2020] [core:crit] [pid 687:tid 139796330514176] (13)Permission denied: [client 185.25.35.9:50388] AH00529: /var/www/vhosts/saratogahistory.com/httpdocs/phpBB/.htaccess pcfg_openfile: unable to check htaccess file, ensure it is readable and that '/var/www/vhosts/saratogahistory.com/httpdocs/phpBB/' is executable
[Fri Sep 25 20:30:00.200378 2020] [core:crit] [pid 1501:tid 139796341004032] (13)Permission denied: [client 192.160.102.165:52452] AH00529: /var/www/vhosts/saratogahistory.com/httpdocs/phpBB/.htaccess pcfg_openfile: unable to check htaccess file, ensure it is readable and that '/var/www/vhosts/saratogahistory.com/httpdocs/phpBB/' is executable, referer: http://www.saratogahistory.com/phpBB/index.php
[Fri Sep 25 21:39:38.425085 2020] [core:crit] [pid 1501:tid 139796299044608] (13)Permission denied: [client 51.75.144.43:44394] AH00529: /var/www/vhosts/saratogahistory.com/httpdocs/phpBB/.htaccess pcfg_openfile: unable to check htaccess file, ensure it is readable and that '/var/www/vhosts/saratogahistory.com/httpdocs/phpBB/' is executable, referer: http://www.saratogahistory.com/phpBB/index.php
[Fri Sep 25 22:15:26.121338 2020] [core:crit] [pid 1501:tid 139796456392448] (13)Permission denied: [client 194.110.114.4:33104] AH00529: /var/www/vhosts/saratogahistory.com/httpdocs/phpBB/.htaccess pcfg_openfile: unable to check htaccess file, ensure it is readable and that '/var/www/vhosts/saratogahistory.com/httpdocs/phpBB/' is executable, referer: http://www.saratogahistory.com/phpBB/index.php
[Fri Sep 25 22:15:27.148137 2020] [proxy_fcgi:error] [pid 685:tid 139796341004032] [client 194.110.114.4:33146] AH01071: Got error 'Primary script unknown\n', referer: http://www.saratogahistory.com/index.php
[Fri Sep 25 22:15:27.435516 2020] [proxy_fcgi:error] [pid 687:tid 139796320024320] [client 194.110.114.4:33160] AH01071: Got error 'Primary script unknown\n', referer: http://www.saratogahistory.com/index.php
[Fri Sep 25 22:15:27.722519 2020] [proxy_fcgi:error] [pid 685:tid 139796330514176] [client 194.110.114.4:33170] AH01071: Got error 'Primary script unknown\n', referer: http://www.saratogahistory.com/index.php
[Fri Sep 25 23:06:18.824180 2020] [core:crit] [pid 685:tid 139796445902592] (13)Permission denied: [client 40.77.167.75:51684] AH00529: /var/www/vhosts/saratogahistory.com/httpdocs/phpBB/.htaccess pcfg_openfile: unable to check htaccess file, ensure it is readable and that '/var/www/vhosts/saratogahistory.com/httpdocs/phpBB/' is executable
[Fri Sep 25 23:36:46.519108 2020] [core:crit] [pid 1501:tid 139796590552832] (13)Permission denied: [client 104.244.72.38:33162] AH00529: /var/www/vhosts/saratogahistory.com/httpdocs/phpBB/.htaccess pcfg_openfile: unable to check htaccess file, ensure it is readable and that '/var/www/vhosts/saratogahistory.com/httpdocs/phpBB/' is executable, referer: http://www.saratogahistory.com/phpBB/index.php
[Fri Sep 25 23:43:16.391041 2020] [core:crit] [pid 685:tid 139796445902592] (13)Permission denied: [client 185.25.35.9:49002] AH00529: /var/www/vhosts/saratogahistory.com/httpdocs/phpBB/.htaccess pcfg_openfile: unable to check htaccess file, ensure it is readable and that '/var/www/vhosts/saratogahistory.com/httpdocs/phpBB/' is executable
[Sat Sep 26 00:30:02.018709 2020] [core:crit] [pid 1501:tid 139796580062976] (13)Permission denied: [client 185.25.35.14:43888] AH00529: /var/www/vhosts/saratogahistory.com/httpdocs/phpBB/.htaccess pcfg_openfile: unable to check htaccess file, ensure it is readable and that '/var/www/vhosts/saratogahistory.com/httpdocs/phpBB/' is executable
[Sat Sep 26 01:29:15.535062 2020] [core:crit] [pid 1501:tid 139796330514176] (13)Permission denied: [client 185.220.102.4:58054] AH00529: /var/www/vhosts/saratogahistory.com/httpdocs/phpBB/.htaccess pcfg_openfile: unable to check htaccess file, ensure it is readable and that '/var/www/vhosts/saratogahistory.com/httpdocs/phpBB/' is executable, referer: http://www.saratogahistory.com/phpBB/index.php
[Sat Sep 26 01:35:49.869252 2020] [core:crit] [pid 1501:tid 139796299044608] (13)Permission denied: [client 185.25.35.10:47842] AH00529: /var/www/vhosts/saratogahistory.com/httpdocs/phpBB/.htaccess pcfg_openfile: unable to check htaccess file, ensure it is readable and that '/var/www/vhosts/saratogahistory.com/httpdocs/phpBB/' is executable
[Sat Sep 26 01:37:44.424149 2020] [core:crit] [pid 1501:tid 139796351493888] (13)Permission denied: [client 212.21.66.6:52818] AH00529: /var/www/vhosts/saratogahistory.com/httpdocs/phpBB/.htaccess pcfg_openfile: unable to check htaccess file, ensure it is readable and that '/var/www/vhosts/saratogahistory.com/httpdocs/phpBB/' is executable, referer: http://www.saratogahistory.com/phpBB/index.php
[Sat Sep 26 01:49:20.300839 2020] [core:crit] [pid 687:tid 139796487862016] (13)Permission denied: [client 185.25.35.11:36012] AH00529: /var/www/vhosts/saratogahistory.com/httpdocs/phpBB/.htaccess pcfg_openfile: unable to check htaccess file, ensure it is readable and that '/var/www/vhosts/saratogahistory.com/httpdocs/phpBB/' is executable
[Sat Sep 26 03:35:49.159135 2020] [core:crit] [pid 1501:tid 139796580062976] (13)Permission denied: [client 185.220.101.140:59222] AH00529: /var/www/vhosts/saratogahistory.com/httpdocs/phpBB/.htaccess pcfg_openfile: unable to check htaccess file, ensure it is readable and that '/var/www/vhosts/saratogahistory.com/httpdocs/phpBB/' is executable, referer: http://www.saratogahistory.com/phpBB/index.php
[Sat Sep 26 04:48:29.993120 2020] [core:crit] [pid 687:tid 139796330514176] (13)Permission denied: [client 51.75.162.18:51054] AH00529: /var/www/vhosts/saratogahistory.com/httpdocs/phpBB/.htaccess pcfg_openfile: unable to check htaccess file, ensure it is readable and that '/var/www/vhosts/saratogahistory.com/httpdocs/phpBB/' is executable, referer: http://www.saratogahistory.com/phpBB/index.php
[Sat Sep 26 04:48:31.312713 2020] [core:crit] [pid 685:tid 139796320024320] (13)Permission denied: [client 115.223.7.110:51098] AH00529: /var/www/vhosts/saratogahistory.com/httpdocs/phpBB/.htaccess pcfg_openfile: unable to check htaccess file, ensure it is readable and that '/var/www/vhosts/saratogahistory.com/httpdocs/phpBB/' is executable, referer: http://www.saratogahistory.com/phpBB/index.php
[Sat Sep 26 04:53:22.132135 2020] [core:crit] [pid 1501:tid 139796611532544] (13)Permission denied: [client 185.220.101.148:32896] AH00529: /var/www/vhosts/saratogahistory.com/httpdocs/phpBB/.htaccess pcfg_openfile: unable to check htaccess file, ensure it is readable and that '/var/www/vhosts/saratogahistory.com/httpdocs/phpBB/' is executable, referer: http://www.saratogahistory.com/phpBB/index.php
[Sat Sep 26 05:36:49.909128 2020] [core:crit] [pid 1501:tid 139796372473600] (13)Permission denied: [client 185.220.102.8:53932] AH00529: /var/www/vhosts/saratogahistory.com/httpdocs/phpBB/.htaccess pcfg_openfile: unable to check htaccess file, ensure it is readable and that '/var/www/vhosts/saratogahistory.com/httpdocs/phpBB/' is executable, referer: http://www.saratogahistory.com/phpBB/index.php
[Sat Sep 26 05:39:17.787238 2020] [core:crit] [pid 1501:tid 139796466882304] (13)Permission denied: [client 207.46.13.6:60100] AH00529: /var/www/vhosts/saratogahistory.com/httpdocs/phpBB/.htaccess pcfg_openfile: unable to check htaccess file, ensure it is readable and that '/var/www/vhosts/saratogahistory.com/httpdocs/phpBB/' is executable
[Sat Sep 26 05:46:27.268310 2020] [core:crit] [pid 1501:tid 139796288554752] (13)Permission denied: [client 185.25.35.12:48638] AH00529: /var/www/vhosts/saratogahistory.com/httpdocs/phpBB/.htaccess pcfg_openfile: unable to check htaccess file, ensure it is readable and that '/var/www/vhosts/saratogahistory.com/httpdocs/phpBB/' is executable
[Sat Sep 26 06:01:41.826515 2020] [core:crit] [pid 687:tid 139796424922880] (13)Permission denied: [client 40.77.167.41:53726] AH00529: /var/www/vhosts/saratogahistory.com/httpdocs/phpBB/.htaccess pcfg_openfile: unable to check htaccess file, ensure it is readable and that '/var/www/vhosts/saratogahistory.com/httpdocs/phpBB/' is executable
[Sat Sep 26 06:18:02.232010 2020] [core:crit] [pid 1501:tid 139796435412736] (13)Permission denied: [client 40.77.167.75:33842] AH00529: /var/www/vhosts/saratogahistory.com/httpdocs/phpBB/.htaccess pcfg_openfile: unable to check htaccess file, ensure it is readable and that '/var/www/vhosts/saratogahistory.com/httpdocs/phpBB/' is executable
[Sat Sep 26 06:36:20.441149 2020] [core:crit] [pid 685:tid 139796403943168] (13)Permission denied: [client 185.25.35.8:53998] AH00529: /var/www/vhosts/saratogahistory.com/httpdocs/phpBB/.htaccess pcfg_openfile: unable to check htaccess file, ensure it is readable and that '/var/www/vhosts/saratogahistory.com/httpdocs/phpBB/' is executable
[Sat Sep 26 07:39:41.000481 2020] [core:crit] [pid 1501:tid 139796351493888] (13)Permission denied: [client 185.25.35.11:43888] AH00529: /var/www/vhosts/saratogahistory.com/httpdocs/phpBB/.htaccess pcfg_openfile: unable to check htaccess file, ensure it is readable and that '/var/www/vhosts/saratogahistory.com/httpdocs/phpBB/' is executable
[Sat Sep 26 07:39:56.635163 2020] [core:crit] [pid 1501:tid 139796288554752] (13)Permission denied: [client 185.220.100.252:44540] AH00529: /var/www/vhosts/saratogahistory.com/httpdocs/phpBB/.htaccess pcfg_openfile: unable to check htaccess file, ensure it is readable and that '/var/www/vhosts/saratogahistory.com/httpdocs/phpBB/' is executable, referer: http://www.saratogahistory.com/phpBB/index.php
[Sat Sep 26 07:45:52.911288 2020] [core:crit] [pid 687:tid 139796611532544] (13)Permission denied: [client 207.46.13.33:60816] AH00529: /var/www/vhosts/saratogahistory.com/httpdocs/phpBB/.htaccess pcfg_openfile: unable to check htaccess file, ensure it is readable and that '/var/www/vhosts/saratogahistory.com/httpdocs/phpBB/' is executable
[Sat Sep 26 07:52:00.985353 2020] [core:crit] [pid 685:tid 139796414433024] (13)Permission denied: [client 185.25.35.12:50292] AH00529: /var/www/vhosts/saratogahistory.com/httpdocs/phpBB/.htaccess pcfg_openfile: unable to check htaccess file, ensure it is readable and that '/var/www/vhosts/saratogahistory.com/httpdocs/phpBB/' is executable
[Sat Sep 26 08:04:28.298236 2020] [core:crit] [pid 1501:tid 139796372473600] (13)Permission denied: [client 40.77.167.75:56172] AH00529: /var/www/vhosts/saratogahistory.com/httpdocs/phpBB/.htaccess pcfg_openfile: unable to check htaccess file, ensure it is readable and that '/var/www/vhosts/saratogahistory.com/httpdocs/phpBB/' is executable
[Sat Sep 26 08:44:08.546233 2020] [core:crit] [pid 685:tid 139796445902592] (13)Permission denied: [client 176.67.86.170:49158] AH00529: /var/www/vhosts/saratogahistory.com/httpdocs/phpBB/.htaccess pcfg_openfile: unable to check htaccess file, ensure it is readable and that '/var/www/vhosts/saratogahistory.com/httpdocs/phpBB/' is executable, referer: http://www.saratogahistory.com/phpBB/index.php
[Sat Sep 26 09:37:42.810691 2020] [core:crit] [pid 685:tid 139796435412736] (13)Permission denied: [client 176.123.5.140:34770] AH00529: /var/www/vhosts/saratogahistory.com/httpdocs/phpBB/.htaccess pcfg_openfile: unable to check htaccess file, ensure it is readable and that '/var/www/vhosts/saratogahistory.com/httpdocs/phpBB/' is executable, referer: http://www.saratogahistory.com/phpBB/index.php
[Sat Sep 26 09:46:59.648382 2020] [core:crit] [pid 1501:tid 139796414433024] (13)Permission denied: [client 185.245.84.56:59176] AH00529: /var/www/vhosts/saratogahistory.com/httpdocs/phpBB/.htaccess pcfg_openfile: unable to check htaccess file, ensure it is readable and that '/var/www/vhosts/saratogahistory.com/httpdocs/phpBB/' is executable, referer: http://www.saratogahistory.com/phpBB/index.php
[Sat Sep 26 10:13:52.086388 2020] [core:crit] [pid 687:tid 139796456392448] (13)Permission denied: [client 198.98.49.153:40496] AH00529: /var/www/vhosts/saratogahistory.com/httpdocs/phpBB/.htaccess pcfg_openfile: unable to check htaccess file, ensure it is readable and that '/var/www/vhosts/saratogahistory.com/httpdocs/phpBB/' is executable, referer: http://www.saratogahistory.com/phpBB/index.php
[Sat Sep 26 10:17:21.150531 2020] [core:crit] [pid 1501:tid 139796435412736] (13)Permission denied: [client 92.38.136.69:53078] AH00529: /var/www/vhosts/saratogahistory.com/httpdocs/phpBB/.htaccess pcfg_openfile: unable to check htaccess file, ensure it is readable and that '/var/www/vhosts/saratogahistory.com/httpdocs/phpBB/' is executable, referer: http://www.saratogahistory.com/phpBB/index.php
[Sat Sep 26 10:22:29.847114 2020] [core:crit] [pid 1501:tid 139796341004032] (13)Permission denied: [client 176.67.86.170:38408] AH00529: /var/www/vhosts/saratogahistory.com/httpdocs/phpBB/.htaccess pcfg_openfile: unable to check htaccess file, ensure it is readable and that '/var/www/vhosts/saratogahistory.com/httpdocs/phpBB/' is executable, referer: http://www.saratogahistory.com/phpBB/index.php
[Sat Sep 26 11:28:42.080033 2020] [proxy_fcgi:error] [pid 1501:tid 139796477372160] [client 149.202.78.80:49912] AH01071: Got error 'Primary script unknown\n'
[Sat Sep 26 11:28:42.181195 2020] [proxy_fcgi:error] [pid 1501:tid 139796341004032] [client 149.202.78.80:49928] AH01071: Got error 'Primary script unknown\n'
[Sat Sep 26 11:28:42.792556 2020] [proxy_fcgi:error] [pid 685:tid 139796580062976] [client 149.202.78.80:58984] AH01071: Got error 'Primary script unknown\n'
[Sat Sep 26 11:28:42.893470 2020] [proxy_fcgi:error] [pid 687:tid 139796320024320] [client 149.202.78.80:59006] AH01071: Got error 'Primary script unknown\n'
[Sat Sep 26 11:39:08.026223 2020] [core:crit] [pid 685:tid 139796487862016] (13)Permission denied: [client 185.107.70.202:46668] AH00529: /var/www/vhosts/saratogahistory.com/httpdocs/phpBB/.htaccess pcfg_openfile: unable to check htaccess file, ensure it is readable and that '/var/www/vhosts/saratogahistory.com/httpdocs/phpBB/' is executable, referer: http://www.saratogahistory.com/phpBB/index.php
[Sat Sep 26 11:48:51.118626 2020] [core:crit] [pid 1501:tid 139796580062976] (13)Permission denied: [client 185.25.35.12:41664] AH00529: /var/www/vhosts/saratogahistory.com/httpdocs/phpBB/.htaccess pcfg_openfile: unable to check htaccess file, ensure it is readable and that '/var/www/vhosts/saratogahistory.com/httpdocs/phpBB/' is executable
[Sat Sep 26 12:03:55.291379 2020] [core:crit] [pid 1501:tid 139796590552832] (13)Permission denied: [client 89.109.35.231:50246] AH00529: /var/www/vhosts/saratogahistory.com/httpdocs/phpBB/.htaccess pcfg_openfile: unable to check htaccess file, ensure it is readable and that '/var/www/vhosts/saratogahistory.com/httpdocs/phpBB/' is executable, referer: http://www.saratogahistory.com/phpBB/index.php
[Sat Sep 26 12:08:49.354857 2020] [core:crit] [pid 1501:tid 139796320024320] (13)Permission denied: [client 185.245.84.56:34386] AH00529: /var/www/vhosts/saratogahistory.com/httpdocs/phpBB/.htaccess pcfg_openfile: unable to check htaccess file, ensure it is readable and that '/var/www/vhosts/saratogahistory.com/httpdocs/phpBB/' is executable, referer: http://www.saratogahistory.com/phpBB/index.php
[Sat Sep 26 12:38:32.171037 2020] [core:crit] [pid 686:tid 139796403943168] (13)Permission denied: [client 185.25.35.15:49998] AH00529: /var/www/vhosts/saratogahistory.com/httpdocs/phpBB/.htaccess pcfg_openfile: unable to check htaccess file, ensure it is readable and that '/var/www/vhosts/saratogahistory.com/httpdocs/phpBB/' is executable
[Sat Sep 26 13:38:17.946313 2020] [core:crit] [pid 687:tid 139796309534464] (13)Permission denied: [client 46.19.141.82:51050] AH00529: /var/www/vhosts/saratogahistory.com/httpdocs/phpBB/.htaccess pcfg_openfile: unable to check htaccess file, ensure it is readable and that '/var/www/vhosts/saratogahistory.com/httpdocs/phpBB/' is executable, referer: http://www.saratogahistory.com/phpBB/index.php
[Sat Sep 26 13:47:12.722036 2020] [core:crit] [pid 685:tid 139796601042688] (13)Permission denied: [client 185.25.35.12:44510] AH00529: /var/www/vhosts/saratogahistory.com/httpdocs/phpBB/.htaccess pcfg_openfile: unable to check htaccess file, ensure it is readable and that '/var/www/vhosts/saratogahistory.com/httpdocs/phpBB/' is executable
[Sat Sep 26 13:47:21.529897 2020] [core:crit] [pid 1501:tid 139796414433024] (13)Permission denied: [client 185.220.100.253:44902] AH00529: /var/www/vhosts/saratogahistory.com/httpdocs/phpBB/.htaccess pcfg_openfile: unable to check htaccess file, ensure it is readable and that '/var/www/vhosts/saratogahistory.com/httpdocs/phpBB/' is executable, referer: http://www.saratogahistory.com/phpBB/index.php
[Sat Sep 26 14:00:14.727469 2020] [core:crit] [pid 685:tid 139796611532544] (13)Permission denied: [client 185.25.35.9:54390] AH00529: /var/www/vhosts/saratogahistory.com/httpdocs/phpBB/.htaccess pcfg_openfile: unable to check htaccess file, ensure it is readable and that '/var/www/vhosts/saratogahistory.com/httpdocs/phpBB/' is executable
[Sat Sep 26 15:24:54.414211 2020] [proxy_fcgi:error] [pid 1501:tid 139796424922880] [client 188.165.228.82:44860] AH01071: Got error 'Primary script unknown\n', referer: http://saratogahistory.com/wp-login.php
[Sat Sep 26 15:31:04.550601 2020] [core:crit] [pid 1501:tid 139796330514176] (13)Permission denied: [client 178.141.63.215:60584] AH00529: /var/www/vhosts/saratogahistory.com/httpdocs/phpBB/.htaccess pcfg_openfile: unable to check htaccess file, ensure it is readable and that '/var/www/vhosts/saratogahistory.com/httpdocs/phpBB/' is executable, referer: http://www.saratogahistory.com/phpBB/index.php
[Sat Sep 26 15:38:28.247340 2020] [core:crit] [pid 1501:tid 139796580062976] (13)Permission denied: [client 199.249.230.88:49300] AH00529: /var/www/vhosts/saratogahistory.com/httpdocs/phpBB/.htaccess pcfg_openfile: unable to check htaccess file, ensure it is readable and that '/var/www/vhosts/saratogahistory.com/httpdocs/phpBB/' is executable, referer: http://www.saratogahistory.com/phpBB/index.php
[Sat Sep 26 16:23:18.941881 2020] [core:crit] [pid 1501:tid 139796309534464] (13)Permission denied: [client 82.80.25.117:41506] AH00529: /var/www/vhosts/saratogahistory.com/httpdocs/phpBB/.htaccess pcfg_openfile: unable to check htaccess file, ensure it is readable and that '/var/www/vhosts/saratogahistory.com/httpdocs/phpBB/' is executable, referer: http://saratogahistory.com
[Sat Sep 26 17:11:28.347992 2020] [core:crit] [pid 1501:tid 139796424922880] (13)Permission denied: [client 5.188.210.18:42720] AH00529: /var/www/vhosts/saratogahistory.com/httpdocs/phpBB/.htaccess pcfg_openfile: unable to check htaccess file, ensure it is readable and that '/var/www/vhosts/saratogahistory.com/httpdocs/phpBB/' is executable, referer: http://www.saratogahistory.com/phpBB/index.php
[Sat Sep 26 17:22:21.433267 2020] [proxy_fcgi:error] [pid 685:tid 139796309534464] [client 13.66.243.4:41684] AH01071: Got error 'Primary script unknown\n'
[Sat Sep 26 17:40:14.670947 2020] [core:crit] [pid 1501:tid 139796601042688] (13)Permission denied: [client 199.249.230.167:55420] AH00529: /var/www/vhosts/saratogahistory.com/httpdocs/phpBB/.htaccess pcfg_openfile: unable to check htaccess file, ensure it is readable and that '/var/www/vhosts/saratogahistory.com/httpdocs/phpBB/' is executable, referer: http://www.saratogahistory.com/phpBB/index.php
[Sat Sep 26 18:02:39.791747 2020] [core:crit] [pid 1501:tid 139796580062976] (13)Permission denied: [client 185.25.35.13:46200] AH00529: /var/www/vhosts/saratogahistory.com/httpdocs/phpBB/.htaccess pcfg_openfile: unable to check htaccess file, ensure it is readable and that '/var/www/vhosts/saratogahistory.com/httpdocs/phpBB/' is executable
[Sat Sep 26 18:03:03.131154 2020] [core:crit] [pid 685:tid 139796299044608] (13)Permission denied: [client 188.122.82.146:47190] AH00529: /var/www/vhosts/saratogahistory.com/httpdocs/phpBB/.htaccess pcfg_openfile: unable to check htaccess file, ensure it is readable and that '/var/www/vhosts/saratogahistory.com/httpdocs/phpBB/' is executable, referer: http://www.saratogahistory.com/phpBB/index.php
[Sat Sep 26 18:55:54.426196 2020] [core:crit] [pid 685:tid 139796435412736] (13)Permission denied: [client 185.25.35.8:48062] AH00529: /var/www/vhosts/saratogahistory.com/httpdocs/phpBB/.htaccess pcfg_openfile: unable to check htaccess file, ensure it is readable and that '/var/www/vhosts/saratogahistory.com/httpdocs/phpBB/' is executable
[Sat Sep 26 19:39:37.243315 2020] [core:crit] [pid 1501:tid 139796330514176] (13)Permission denied: [client 185.220.100.245:35024] AH00529: /var/www/vhosts/saratogahistory.com/httpdocs/phpBB/.htaccess pcfg_openfile: unable to check htaccess file, ensure it is readable and that '/var/www/vhosts/saratogahistory.com/httpdocs/phpBB/' is executable, referer: http://www.saratogahistory.com/phpBB/index.php
[Sat Sep 26 19:39:37.442719 2020] [core:crit] [pid 685:tid 139796372473600] (13)Permission denied: [client 185.220.101.146:35034] AH00529: /var/www/vhosts/saratogahistory.com/httpdocs/phpBB/.htaccess pcfg_openfile: unable to check htaccess file, ensure it is readable and that '/var/www/vhosts/saratogahistory.com/httpdocs/phpBB/' is executable, referer: http://www.saratogahistory.com/phpBB/index.php
[Sat Sep 26 19:56:44.924524 2020] [core:crit] [pid 687:tid 139796372473600] (13)Permission denied: [client 185.25.35.15:44776] AH00529: /var/www/vhosts/saratogahistory.com/httpdocs/phpBB/.htaccess pcfg_openfile: unable to check htaccess file, ensure it is readable and that '/var/www/vhosts/saratogahistory.com/httpdocs/phpBB/' is executable
[Sat Sep 26 19:58:02.237970 2020] [core:crit] [pid 1501:tid 139796611532544] (13)Permission denied: [client 66.249.75.119:47316] AH00529: /var/www/vhosts/saratogahistory.com/httpdocs/phpBB/.htaccess pcfg_openfile: unable to check htaccess file, ensure it is readable and that '/var/www/vhosts/saratogahistory.com/httpdocs/phpBB/' is executable
[Sat Sep 26 20:08:47.540183 2020] [core:crit] [pid 1501:tid 139796424922880] (13)Permission denied: [client 185.25.35.10:42858] AH00529: /var/www/vhosts/saratogahistory.com/httpdocs/phpBB/.htaccess pcfg_openfile: unable to check htaccess file, ensure it is readable and that '/var/www/vhosts/saratogahistory.com/httpdocs/phpBB/' is executable
[Sat Sep 26 20:19:58.489131 2020] [core:crit] [pid 1501:tid 139796456392448] (13)Permission denied: [client 89.238.177.161:37202] AH00529: /var/www/vhosts/saratogahistory.com/httpdocs/phpBB/.htaccess pcfg_openfile: unable to check htaccess file, ensure it is readable and that '/var/www/vhosts/saratogahistory.com/httpdocs/phpBB/' is executable, referer: http://www.saratogahistory.com/phpBB/index.php
[Sat Sep 26 20:19:59.694685 2020] [proxy_fcgi:error] [pid 1501:tid 139796590552832] [client 89.238.177.161:37234] AH01071: Got error 'Primary script unknown\n', referer: http://www.saratogahistory.com/index.php
[Sat Sep 26 20:20:00.013899 2020] [proxy_fcgi:error] [pid 687:tid 139796299044608] [client 89.238.177.161:37242] AH01071: Got error 'Primary script unknown\n', referer: http://www.saratogahistory.com/index.php
[Sat Sep 26 20:20:00.321504 2020] [proxy_fcgi:error] [pid 1501:tid 139796569573120] [client 89.238.177.161:37248] AH01071: Got error 'Primary script unknown\n', referer: http://www.saratogahistory.com/index.php
[Sat Sep 26 21:04:48.578401 2020] [proxy_fcgi:error] [pid 1501:tid 139796341004032] [client 73.93.49.159:52766] AH01071: Got error 'Primary script unknown\n'
[Sat Sep 26 21:40:05.149603 2020] [core:crit] [pid 1501:tid 139796320024320] (13)Permission denied: [client 198.251.89.136:50266] AH00529: /var/www/vhosts/saratogahistory.com/httpdocs/phpBB/.htaccess pcfg_openfile: unable to check htaccess file, ensure it is readable and that '/var/www/vhosts/saratogahistory.com/httpdocs/phpBB/' is executable, referer: http://www.saratogahistory.com/phpBB/index.php
[Sat Sep 26 21:46:23.433847 2020] [core:crit] [pid 1501:tid 139796361983744] (13)Permission denied: [client 47.110.49.177:36796] AH00529: /var/www/vhosts/saratogahistory.com/httpdocs/phpBB/.htaccess pcfg_openfile: unable to check htaccess file, ensure it is readable and that '/var/www/vhosts/saratogahistory.com/httpdocs/phpBB/' is executable, referer: http://www.saratogahistory.com/phpBB/index.php
[Sat Sep 26 22:42:02.024340 2020] [core:crit] [pid 1501:tid 139796601042688] (13)Permission denied: [client 66.70.228.168:45802] AH00529: /var/www/vhosts/saratogahistory.com/httpdocs/phpBB/.htaccess pcfg_openfile: unable to check htaccess file, ensure it is readable and that '/var/www/vhosts/saratogahistory.com/httpdocs/phpBB/' is executable, referer: http://www.saratogahistory.com/phpBB/index.php
[Sat Sep 26 23:16:09.409750 2020] [core:crit] [pid 1501:tid 139796393453312] (13)Permission denied: [client 188.122.82.146:36194] AH00529: /var/www/vhosts/saratogahistory.com/httpdocs/phpBB/.htaccess pcfg_openfile: unable to check htaccess file, ensure it is readable and that '/var/www/vhosts/saratogahistory.com/httpdocs/phpBB/' is executable, referer: http://www.saratogahistory.com/phpBB/index.php
[Sat Sep 26 23:16:09.419118 2020] [core:crit] [pid 1501:tid 139796580062976] (13)Permission denied: [client 188.122.82.146:36198] AH00529: /var/www/vhosts/saratogahistory.com/httpdocs/phpBB/.htaccess pcfg_openfile: unable to check htaccess file, ensure it is readable and that '/var/www/vhosts/saratogahistory.com/httpdocs/phpBB/' is executable, referer: http://www.saratogahistory.com/phpBB/index.php
[Sat Sep 26 23:37:00.399165 2020] [core:crit] [pid 685:tid 139796435412736] (13)Permission denied: [client 109.70.100.51:52992] AH00529: /var/www/vhosts/saratogahistory.com/httpdocs/phpBB/.htaccess pcfg_openfile: unable to check htaccess file, ensure it is readable and that '/var/www/vhosts/saratogahistory.com/httpdocs/phpBB/' is executable, referer: http://www.saratogahistory.com/phpBB/index.php
[Sat Sep 26 23:53:01.983443 2020] [core:crit] [pid 685:tid 139796382963456] (13)Permission denied: [client 178.168.221.84:57056] AH00529: /var/www/vhosts/saratogahistory.com/httpdocs/phpBB/.htaccess pcfg_openfile: unable to check htaccess file, ensure it is readable and that '/var/www/vhosts/saratogahistory.com/httpdocs/phpBB/' is executable, referer: http://www.saratogahistory.com/phpBB/index.php
[Sun Sep 27 00:12:22.698392 2020] [core:crit] [pid 687:tid 139796309534464] (13)Permission denied: [client 185.25.35.11:45628] AH00529: /var/www/vhosts/saratogahistory.com/httpdocs/phpBB/.htaccess pcfg_openfile: unable to check htaccess file, ensure it is readable and that '/var/www/vhosts/saratogahistory.com/httpdocs/phpBB/' is executable
[Sun Sep 27 00:52:44.908595 2020] [core:crit] [pid 1501:tid 139796414433024] (13)Permission denied: [client 185.25.35.13:38510] AH00529: /var/www/vhosts/saratogahistory.com/httpdocs/phpBB/.htaccess pcfg_openfile: unable to check htaccess file, ensure it is readable and that '/var/www/vhosts/saratogahistory.com/httpdocs/phpBB/' is executable
[Sun Sep 27 01:22:28.995762 2020] [proxy_fcgi:error] [pid 685:tid 139796456392448] [client 35.225.133.2:52526] AH01071: Got error 'Primary script unknown\n'
[Sun Sep 27 01:29:03.133310 2020] [core:crit] [pid 1501:tid 139796403943168] (13)Permission denied: [client 185.220.101.147:37884] AH00529: /var/www/vhosts/saratogahistory.com/httpdocs/phpBB/.htaccess pcfg_openfile: unable to check htaccess file, ensure it is readable and that '/var/www/vhosts/saratogahistory.com/httpdocs/phpBB/' is executable, referer: http://www.saratogahistory.com/phpBB/index.php
[Sun Sep 27 01:37:44.672936 2020] [core:crit] [pid 1501:tid 139796435412736] (13)Permission denied: [client 217.182.192.217:56402] AH00529: /var/www/vhosts/saratogahistory.com/httpdocs/phpBB/.htaccess pcfg_openfile: unable to check htaccess file, ensure it is readable and that '/var/www/vhosts/saratogahistory.com/httpdocs/phpBB/' is executable, referer: http://www.saratogahistory.com/phpBB/index.php
[Sun Sep 27 01:45:36.860554 2020] [core:crit] [pid 1501:tid 139796580062976] (13)Permission denied: [client 178.159.37.139:50266] AH00529: /var/www/vhosts/saratogahistory.com/httpdocs/phpBB/.htaccess pcfg_openfile: unable to check htaccess file, ensure it is readable and that '/var/www/vhosts/saratogahistory.com/httpdocs/phpBB/' is executable, referer: http://www.saratogahistory.com/phpBB/index.php
[Sun Sep 27 01:45:37.888695 2020] [proxy_fcgi:error] [pid 685:tid 139796414433024] [client 178.159.37.139:50288] AH01071: Got error 'Primary script unknown\n', referer: http://www.saratogahistory.com/index.php
[Sun Sep 27 01:45:38.165896 2020] [proxy_fcgi:error] [pid 685:tid 139796361983744] [client 178.159.37.139:50300] AH01071: Got error 'Primary script unknown\n', referer: http://www.saratogahistory.com/index.php
[Sun Sep 27 01:45:38.447177 2020] [proxy_fcgi:error] [pid 1501:tid 139796456392448] [client 178.159.37.139:50312] AH01071: Got error 'Primary script unknown\n', referer: http://www.saratogahistory.com/index.php
[Sun Sep 27 01:55:59.437187 2020] [core:crit] [pid 1501:tid 139796487862016] (13)Permission denied: [client 185.25.35.15:50494] AH00529: /var/www/vhosts/saratogahistory.com/httpdocs/phpBB/.htaccess pcfg_openfile: unable to check htaccess file, ensure it is readable and that '/var/www/vhosts/saratogahistory.com/httpdocs/phpBB/' is executable
[Sun Sep 27 02:07:52.384340 2020] [core:crit] [pid 685:tid 139796341004032] (13)Permission denied: [client 185.25.35.12:50742] AH00529: /var/www/vhosts/saratogahistory.com/httpdocs/phpBB/.htaccess pcfg_openfile: unable to check htaccess file, ensure it is readable and that '/var/www/vhosts/saratogahistory.com/httpdocs/phpBB/' is executable
[Sun Sep 27 03:36:21.924659 2020] [core:crit] [pid 1501:tid 139796590552832] (13)Permission denied: [client 109.70.100.44:34858] AH00529: /var/www/vhosts/saratogahistory.com/httpdocs/phpBB/.htaccess pcfg_openfile: unable to check htaccess file, ensure it is readable and that '/var/www/vhosts/saratogahistory.com/httpdocs/phpBB/' is executable, referer: http://www.saratogahistory.com/phpBB/index.php
[Sun Sep 27 03:51:59.537151 2020] [core:crit] [pid 1501:tid 139796320024320] (13)Permission denied: [client 66.249.75.121:52216] AH00529: /var/www/vhosts/saratogahistory.com/httpdocs/phpBB/.htaccess pcfg_openfile: unable to check htaccess file, ensure it is readable and that '/var/www/vhosts/saratogahistory.com/httpdocs/phpBB/' is executable
[Sun Sep 27 05:38:39.691355 2020] [core:crit] [pid 1501:tid 139796361983744] (13)Permission denied: [client 185.191.126.243:41974] AH00529: /var/www/vhosts/saratogahistory.com/httpdocs/phpBB/.htaccess pcfg_openfile: unable to check htaccess file, ensure it is readable and that '/var/www/vhosts/saratogahistory.com/httpdocs/phpBB/' is executable, referer: http://www.saratogahistory.com/phpBB/index.php
[Sun Sep 27 06:19:05.624040 2020] [core:crit] [pid 1501:tid 139796445902592] (13)Permission denied: [client 185.25.35.10:48768] AH00529: /var/www/vhosts/saratogahistory.com/httpdocs/phpBB/.htaccess pcfg_openfile: unable to check htaccess file, ensure it is readable and that '/var/www/vhosts/saratogahistory.com/httpdocs/phpBB/' is executable
[Sun Sep 27 06:41:45.803528 2020] [core:crit] [pid 1501:tid 139796477372160] (13)Permission denied: [client 185.220.101.130:50586] AH00529: /var/www/vhosts/saratogahistory.com/httpdocs/phpBB/.htaccess pcfg_openfile: unable to check htaccess file, ensure it is readable and that '/var/www/vhosts/saratogahistory.com/httpdocs/phpBB/' is executable, referer: http://www.saratogahistory.com/phpBB/index.php
[Sun Sep 27 06:48:30.050906 2020] [core:crit] [pid 1501:tid 139796361983744] (13)Permission denied: [client 66.249.66.215:42274] AH00529: /var/www/vhosts/saratogahistory.com/httpdocs/phpBB/.htaccess pcfg_openfile: unable to check htaccess file, ensure it is readable and that '/var/www/vhosts/saratogahistory.com/httpdocs/phpBB/' is executable, referer: http://www.saratogahistory.com/phpBB/viewtopic.php?p=1045&sid=4bd32147fe3d18f0634e328020f20d4e
[Sun Sep 27 07:08:18.133718 2020] [core:crit] [pid 1501:tid 139796435412736] (13)Permission denied: [client 185.25.35.12:36720] AH00529: /var/www/vhosts/saratogahistory.com/httpdocs/phpBB/.htaccess pcfg_openfile: unable to check htaccess file, ensure it is readable and that '/var/www/vhosts/saratogahistory.com/httpdocs/phpBB/' is executable
[Sun Sep 27 07:26:15.032380 2020] [core:crit] [pid 1501:tid 139796372473600] (13)Permission denied: [client 46.242.11.87:58118] AH00529: /var/www/vhosts/saratogahistory.com/httpdocs/phpBB/.htaccess pcfg_openfile: unable to check htaccess file, ensure it is readable and that '/var/www/vhosts/saratogahistory.com/httpdocs/phpBB/' is executable, referer: http://www.saratogahistory.com/phpBB/
[Sun Sep 27 07:30:47.221240 2020] [core:crit] [pid 1501:tid 139796309534464] (13)Permission denied: [client 40.77.167.113:41400] AH00529: /var/www/vhosts/saratogahistory.com/httpdocs/phpBB/.htaccess pcfg_openfile: unable to check htaccess file, ensure it is readable and that '/var/www/vhosts/saratogahistory.com/httpdocs/phpBB/' is executable
[Sun Sep 27 07:35:54.227188 2020] [core:crit] [pid 1501:tid 139796580062976] (13)Permission denied: [client 185.220.101.140:54030] AH00529: /var/www/vhosts/saratogahistory.com/httpdocs/phpBB/.htaccess pcfg_openfile: unable to check htaccess file, ensure it is readable and that '/var/www/vhosts/saratogahistory.com/httpdocs/phpBB/' is executable, referer: http://www.saratogahistory.com/phpBB/index.php
[Sun Sep 27 08:01:48.660201 2020] [core:crit] [pid 1501:tid 139796435412736] (13)Permission denied: [client 185.25.35.9:33048] AH00529: /var/www/vhosts/saratogahistory.com/httpdocs/phpBB/.htaccess pcfg_openfile: unable to check htaccess file, ensure it is readable and that '/var/www/vhosts/saratogahistory.com/httpdocs/phpBB/' is executable
[Sun Sep 27 08:13:03.758928 2020] [core:crit] [pid 1501:tid 139796393453312] (13)Permission denied: [client 45.139.48.18:36438] AH00529: /var/www/vhosts/saratogahistory.com/httpdocs/phpBB/.htaccess pcfg_openfile: unable to check htaccess file, ensure it is readable and that '/var/www/vhosts/saratogahistory.com/httpdocs/phpBB/' is executable, referer: http://www.saratogahistory.com/phpBB/index.php
[Sun Sep 27 08:13:41.786370 2020] [core:crit] [pid 1501:tid 139796580062976] (13)Permission denied: [client 185.25.35.8:37516] AH00529: /var/www/vhosts/saratogahistory.com/httpdocs/phpBB/.htaccess pcfg_openfile: unable to check htaccess file, ensure it is readable and that '/var/www/vhosts/saratogahistory.com/httpdocs/phpBB/' is executable
[Sun Sep 27 08:14:50.791996 2020] [core:crit] [pid 1501:tid 139796414433024] (13)Permission denied: [client 66.249.66.213:40596] AH00529: /var/www/vhosts/saratogahistory.com/httpdocs/phpBB/.htaccess pcfg_openfile: unable to check htaccess file, ensure it is readable and that '/var/www/vhosts/saratogahistory.com/httpdocs/phpBB/' is executable
[Sun Sep 27 08:46:56.394457 2020] [core:crit] [pid 1501:tid 139796372473600] (13)Permission denied: [client 114.232.19.124:37596] AH00529: /var/www/vhosts/saratogahistory.com/httpdocs/phpBB/.htaccess pcfg_openfile: unable to check htaccess file, ensure it is readable and that '/var/www/vhosts/saratogahistory.com/httpdocs/phpBB/' is executable
[Sun Sep 27 09:12:35.184309 2020] [core:crit] [pid 687:tid 139796341004032] (13)Permission denied: [client 88.198.43.207:42540] AH00529: /var/www/vhosts/saratogahistory.com/httpdocs/phpBB/.htaccess pcfg_openfile: unable to check htaccess file, ensure it is readable and that '/var/www/vhosts/saratogahistory.com/httpdocs/phpBB/' is executable
[Sun Sep 27 09:12:36.462848 2020] [core:crit] [pid 1501:tid 139796330514176] (13)Permission denied: [client 78.46.90.120:42578] AH00529: /var/www/vhosts/saratogahistory.com/httpdocs/phpBB/.htaccess pcfg_openfile: unable to check htaccess file, ensure it is readable and that '/var/www/vhosts/saratogahistory.com/httpdocs/phpBB/' is executable
[Sun Sep 27 09:21:20.174542 2020] [core:crit] [pid 685:tid 139796403943168] (13)Permission denied: [client 91.250.242.12:59526] AH00529: /var/www/vhosts/saratogahistory.com/httpdocs/phpBB/.htaccess pcfg_openfile: unable to check htaccess file, ensure it is readable and that '/var/www/vhosts/saratogahistory.com/httpdocs/phpBB/' is executable, referer: http://www.saratogahistory.com/phpBB/index.php
[Sun Sep 27 09:34:49.535721 2020] [core:crit] [pid 1501:tid 139796403943168] (13)Permission denied: [client 5.188.84.59:54978] AH00529: /var/www/vhosts/saratogahistory.com/httpdocs/phpBB/.htaccess pcfg_openfile: unable to check htaccess file, ensure it is readable and that '/var/www/vhosts/saratogahistory.com/httpdocs/phpBB/' is executable, referer: http://www.saratogahistory.com/phpBB/index.php
[Sun Sep 27 09:37:44.295399 2020] [core:crit] [pid 686:tid 139796601042688] (13)Permission denied: [client 109.70.100.48:59738] AH00529: /var/www/vhosts/saratogahistory.com/httpdocs/phpBB/.htaccess pcfg_openfile: unable to check htaccess file, ensure it is readable and that '/var/www/vhosts/saratogahistory.com/httpdocs/phpBB/' is executable, referer: http://www.saratogahistory.com/phpBB/index.php
[Sun Sep 27 09:57:29.801746 2020] [proxy_fcgi:error] [pid 686:tid 139796487862016] [client 5.188.62.25:38416] AH01071: Got error 'Primary script unknown\n'
[Sun Sep 27 09:57:30.800018 2020] [proxy_fcgi:error] [pid 1501:tid 139796351493888] [client 5.188.62.25:38450] AH01071: Got error 'Primary script unknown\n'
[Sun Sep 27 11:15:18.130832 2020] [core:crit] [pid 687:tid 139796424922880] (13)Permission denied: [client 92.255.198.132:37456] AH00529: /var/www/vhosts/saratogahistory.com/httpdocs/phpBB/.htaccess pcfg_openfile: unable to check htaccess file, ensure it is readable and that '/var/www/vhosts/saratogahistory.com/httpdocs/phpBB/' is executable, referer: http://www.saratogahistory.com/phpBB/index.php
[Sun Sep 27 11:44:26.175285 2020] [core:crit] [pid 685:tid 139796351493888] (13)Permission denied: [client 217.79.178.53:44044] AH00529: /var/www/vhosts/saratogahistory.com/httpdocs/phpBB/.htaccess pcfg_openfile: unable to check htaccess file, ensure it is readable and that '/var/www/vhosts/saratogahistory.com/httpdocs/phpBB/' is executable, referer: http://www.saratogahistory.com/phpBB/index.php
[Sun Sep 27 11:44:58.158687 2020] [core:crit] [pid 685:tid 139796309534464] (13)Permission denied: [client 176.67.86.170:44878] AH00529: /var/www/vhosts/saratogahistory.com/httpdocs/phpBB/.htaccess pcfg_openfile: unable to check htaccess file, ensure it is readable and that '/var/www/vhosts/saratogahistory.com/httpdocs/phpBB/' is executable, referer: http://www.saratogahistory.com/phpBB/index.php
[Sun Sep 27 12:40:26.819878 2020] [core:crit] [pid 1501:tid 139796456392448] (13)Permission denied: [client 128.14.30.254:46614] AH00529: /var/www/vhosts/saratogahistory.com/httpdocs/phpBB/.htaccess pcfg_openfile: unable to check htaccess file, ensure it is readable and that '/var/www/vhosts/saratogahistory.com/httpdocs/phpBB/' is executable
[Sun Sep 27 12:40:29.603739 2020] [core:crit] [pid 685:tid 139796445902592] (13)Permission denied: [client 128.14.30.254:46668] AH00529: /var/www/vhosts/saratogahistory.com/httpdocs/phpBB/.htaccess pcfg_openfile: unable to check htaccess file, ensure it is readable and that '/var/www/vhosts/saratogahistory.com/httpdocs/phpBB/' is executable, referer: http://www.saratogahistory.com/phpBB/
[Sun Sep 27 12:46:29.668678 2020] [core:crit] [pid 1501:tid 139796445902592] (13)Permission denied: [client 185.25.35.8:34804] AH00529: /var/www/vhosts/saratogahistory.com/httpdocs/phpBB/.htaccess pcfg_openfile: unable to check htaccess file, ensure it is readable and that '/var/www/vhosts/saratogahistory.com/httpdocs/phpBB/' is executable
[Sun Sep 27 12:48:51.456896 2020] [core:crit] [pid 685:tid 139796477372160] (13)Permission denied: [client 185.191.126.240:40724] AH00529: /var/www/vhosts/saratogahistory.com/httpdocs/phpBB/.htaccess pcfg_openfile: unable to check htaccess file, ensure it is readable and that '/var/www/vhosts/saratogahistory.com/httpdocs/phpBB/' is executable, referer: http://www.saratogahistory.com/phpBB/index.php
[Sun Sep 27 13:28:53.542677 2020] [core:crit] [pid 1501:tid 139796569573120] (13)Permission denied: [client 185.25.35.12:44016] AH00529: /var/www/vhosts/saratogahistory.com/httpdocs/phpBB/.htaccess pcfg_openfile: unable to check htaccess file, ensure it is readable and that '/var/www/vhosts/saratogahistory.com/httpdocs/phpBB/' is executable
[Sun Sep 27 13:32:52.280096 2020] [core:crit] [pid 685:tid 139796309534464] (13)Permission denied: [client 128.14.30.254:58464] AH00529: /var/www/vhosts/saratogahistory.com/httpdocs/phpBB/.htaccess pcfg_openfile: unable to check htaccess file, ensure it is readable and that '/var/www/vhosts/saratogahistory.com/httpdocs/phpBB/' is executable
[Sun Sep 27 13:32:52.990467 2020] [core:crit] [pid 1501:tid 139796601042688] (13)Permission denied: [client 128.14.30.254:58488] AH00529: /var/www/vhosts/saratogahistory.com/httpdocs/phpBB/.htaccess pcfg_openfile: unable to check htaccess file, ensure it is readable and that '/var/www/vhosts/saratogahistory.com/httpdocs/phpBB/' is executable, referer: http://www.saratogahistory.com/phpBB/
[Sun Sep 27 13:39:34.723384 2020] [core:crit] [pid 687:tid 139796288554752] (13)Permission denied: [client 195.176.3.24:56700] AH00529: /var/www/vhosts/saratogahistory.com/httpdocs/phpBB/.htaccess pcfg_openfile: unable to check htaccess file, ensure it is readable and that '/var/www/vhosts/saratogahistory.com/httpdocs/phpBB/' is executable, referer: http://www.saratogahistory.com/phpBB/index.php
[Sun Sep 27 14:06:35.213812 2020] [core:crit] [pid 687:tid 139796611532544] (13)Permission denied: [client 45.139.48.18:46942] AH00529: /var/www/vhosts/saratogahistory.com/httpdocs/phpBB/.htaccess pcfg_openfile: unable to check htaccess file, ensure it is readable and that '/var/www/vhosts/saratogahistory.com/httpdocs/phpBB/' is executable, referer: http://www.saratogahistory.com/phpBB/index.php
[Sun Sep 27 14:28:36.616843 2020] [core:crit] [pid 687:tid 139796414433024] (13)Permission denied: [client 185.25.35.12:44648] AH00529: /var/www/vhosts/saratogahistory.com/httpdocs/phpBB/.htaccess pcfg_openfile: unable to check htaccess file, ensure it is readable and that '/var/www/vhosts/saratogahistory.com/httpdocs/phpBB/' is executable
[Sun Sep 27 14:42:40.111142 2020] [core:crit] [pid 685:tid 139796299044608] (13)Permission denied: [client 128.14.30.254:48058] AH00529: /var/www/vhosts/saratogahistory.com/httpdocs/phpBB/.htaccess pcfg_openfile: unable to check htaccess file, ensure it is readable and that '/var/www/vhosts/saratogahistory.com/httpdocs/phpBB/' is executable
[Sun Sep 27 14:42:40.794061 2020] [core:crit] [pid 685:tid 139796601042688] (13)Permission denied: [client 128.14.30.254:48100] AH00529: /var/www/vhosts/saratogahistory.com/httpdocs/phpBB/.htaccess pcfg_openfile: unable to check htaccess file, ensure it is readable and that '/var/www/vhosts/saratogahistory.com/httpdocs/phpBB/' is executable, referer: http://www.saratogahistory.com/phpBB/
[Sun Sep 27 14:43:14.083509 2020] [core:crit] [pid 1501:tid 139796351493888] (13)Permission denied: [client 185.25.35.10:50952] AH00529: /var/www/vhosts/saratogahistory.com/httpdocs/phpBB/.htaccess pcfg_openfile: unable to check htaccess file, ensure it is readable and that '/var/www/vhosts/saratogahistory.com/httpdocs/phpBB/' is executable
[Sun Sep 27 15:13:53.942997 2020] [proxy_fcgi:error] [pid 1501:tid 139796382963456] [client 54.38.253.1:56944] AH01071: Got error 'Primary script unknown\n', referer: http://saratogahistory.com/wp-login.php
[Sun Sep 27 15:41:30.863129 2020] [core:crit] [pid 1501:tid 139796288554752] (13)Permission denied: [client 217.170.206.138:48208] AH00529: /var/www/vhosts/saratogahistory.com/httpdocs/phpBB/.htaccess pcfg_openfile: unable to check htaccess file, ensure it is readable and that '/var/www/vhosts/saratogahistory.com/httpdocs/phpBB/' is executable, referer: http://www.saratogahistory.com/phpBB/index.php
[Sun Sep 27 15:57:17.724032 2020] [core:crit] [pid 1501:tid 139796456392448] (13)Permission denied: [client 128.14.30.254:43296] AH00529: /var/www/vhosts/saratogahistory.com/httpdocs/phpBB/.htaccess pcfg_openfile: unable to check htaccess file, ensure it is readable and that '/var/www/vhosts/saratogahistory.com/httpdocs/phpBB/' is executable
[Sun Sep 27 15:57:21.538278 2020] [core:crit] [pid 1501:tid 139796414433024] (13)Permission denied: [client 128.14.30.254:43450] AH00529: /var/www/vhosts/saratogahistory.com/httpdocs/phpBB/.htaccess pcfg_openfile: unable to check htaccess file, ensure it is readable and that '/var/www/vhosts/saratogahistory.com/httpdocs/phpBB/' is executable, referer: http://www.saratogahistory.com/phpBB/
[Sun Sep 27 16:03:45.234400 2020] [core:crit] [pid 1501:tid 139796487862016] (13)Permission denied: [client 3.133.142.227:38128] AH00529: /var/www/vhosts/saratogahistory.com/httpdocs/phpBB/.htaccess pcfg_openfile: unable to check htaccess file, ensure it is readable and that '/var/www/vhosts/saratogahistory.com/httpdocs/phpBB/' is executable, referer: http://www.saratogahistory.com/phpBB/index.php
[Sun Sep 27 16:03:45.524194 2020] [proxy_fcgi:error] [pid 685:tid 139796372473600] [client 3.133.142.227:38146] AH01071: Got error 'Primary script unknown\n', referer: http://www.saratogahistory.com/index.php
[Sun Sep 27 16:03:45.563537 2020] [proxy_fcgi:error] [pid 685:tid 139796403943168] [client 3.133.142.227:38152] AH01071: Got error 'Primary script unknown\n', referer: http://www.saratogahistory.com/index.php
[Sun Sep 27 16:03:45.604266 2020] [proxy_fcgi:error] [pid 685:tid 139796320024320] [client 3.133.142.227:38158] AH01071: Got error 'Primary script unknown\n', referer: http://www.saratogahistory.com/index.php
[Sun Sep 27 16:35:04.531912 2020] [core:crit] [pid 1501:tid 139796590552832] (13)Permission denied: [client 51.75.52.118:45126] AH00529: /var/www/vhosts/saratogahistory.com/httpdocs/phpBB/.htaccess pcfg_openfile: unable to check htaccess file, ensure it is readable and that '/var/www/vhosts/saratogahistory.com/httpdocs/phpBB/' is executable, referer: http://www.saratogahistory.com/phpBB/index.php
[Sun Sep 27 17:21:04.697537 2020] [core:crit] [pid 685:tid 139796403943168] (13)Permission denied: [client 178.159.37.58:41582] AH00529: /var/www/vhosts/saratogahistory.com/httpdocs/phpBB/.htaccess pcfg_openfile: unable to check htaccess file, ensure it is readable and that '/var/www/vhosts/saratogahistory.com/httpdocs/phpBB/' is executable, referer: http://www.saratogahistory.com/phpBB/index.php
[Sun Sep 27 17:36:03.462232 2020] [core:crit] [pid 1501:tid 139796424922880] (13)Permission denied: [client 109.70.100.36:35464] AH00529: /var/www/vhosts/saratogahistory.com/httpdocs/phpBB/.htaccess pcfg_openfile: unable to check htaccess file, ensure it is readable and that '/var/www/vhosts/saratogahistory.com/httpdocs/phpBB/' is executable, referer: http://www.saratogahistory.com/phpBB/index.php
[Sun Sep 27 17:38:00.820391 2020] [core:crit] [pid 687:tid 139796466882304] (13)Permission denied: [client 154.54.249.17:42328] AH00529: /var/www/vhosts/saratogahistory.com/httpdocs/phpBB/.htaccess pcfg_openfile: unable to check htaccess file, ensure it is readable and that '/var/www/vhosts/saratogahistory.com/httpdocs/phpBB/' is executable
[Sun Sep 27 18:32:39.478805 2020] [core:crit] [pid 685:tid 139796424922880] (13)Permission denied: [client 5.188.210.18:60750] AH00529: /var/www/vhosts/saratogahistory.com/httpdocs/phpBB/.htaccess pcfg_openfile: unable to check htaccess file, ensure it is readable and that '/var/www/vhosts/saratogahistory.com/httpdocs/phpBB/' is executable, referer: http://www.saratogahistory.com/phpBB/index.php
[Sun Sep 27 19:00:34.699578 2020] [core:crit] [pid 1501:tid 139796309534464] (13)Permission denied: [client 185.25.35.13:44756] AH00529: /var/www/vhosts/saratogahistory.com/httpdocs/phpBB/.htaccess pcfg_openfile: unable to check htaccess file, ensure it is readable and that '/var/www/vhosts/saratogahistory.com/httpdocs/phpBB/' is executable
[Sun Sep 27 19:39:14.712284 2020] [core:crit] [pid 685:tid 139796435412736] (13)Permission denied: [client 46.165.245.154:40446] AH00529: /var/www/vhosts/saratogahistory.com/httpdocs/phpBB/.htaccess pcfg_openfile: unable to check htaccess file, ensure it is readable and that '/var/www/vhosts/saratogahistory.com/httpdocs/phpBB/' is executable, referer: http://www.saratogahistory.com/phpBB/index.php
[Sun Sep 27 19:51:21.869434 2020] [core:crit] [pid 1501:tid 139796330514176] (13)Permission denied: [client 185.25.35.12:55246] AH00529: /var/www/vhosts/saratogahistory.com/httpdocs/phpBB/.htaccess pcfg_openfile: unable to check htaccess file, ensure it is readable and that '/var/www/vhosts/saratogahistory.com/httpdocs/phpBB/' is executable
[Sun Sep 27 20:18:28.187919 2020] [core:crit] [pid 1501:tid 139796341004032] (13)Permission denied: [client 185.220.100.248:36904] AH00529: /var/www/vhosts/saratogahistory.com/httpdocs/phpBB/.htaccess pcfg_openfile: unable to check htaccess file, ensure it is readable and that '/var/www/vhosts/saratogahistory.com/httpdocs/phpBB/' is executable, referer: http://www.saratogahistory.com/phpBB/index.php
[Sun Sep 27 20:44:03.233821 2020] [core:crit] [pid 685:tid 139796414433024] (13)Permission denied: [client 185.25.35.15:38492] AH00529: /var/www/vhosts/saratogahistory.com/httpdocs/phpBB/.htaccess pcfg_openfile: unable to check htaccess file, ensure it is readable and that '/var/www/vhosts/saratogahistory.com/httpdocs/phpBB/' is executable
[Sun Sep 27 20:56:49.889024 2020] [core:crit] [pid 1501:tid 139796466882304] (13)Permission denied: [client 185.25.35.15:49854] AH00529: /var/www/vhosts/saratogahistory.com/httpdocs/phpBB/.htaccess pcfg_openfile: unable to check htaccess file, ensure it is readable and that '/var/www/vhosts/saratogahistory.com/httpdocs/phpBB/' is executable
[Sun Sep 27 21:40:25.783693 2020] [core:crit] [pid 685:tid 139796466882304] (13)Permission denied: [client 31.220.40.239:42498] AH00529: /var/www/vhosts/saratogahistory.com/httpdocs/phpBB/.htaccess pcfg_openfile: unable to check htaccess file, ensure it is readable and that '/var/www/vhosts/saratogahistory.com/httpdocs/phpBB/' is executable, referer: http://www.saratogahistory.com/phpBB/index.php
[Sun Sep 27 21:48:33.220184 2020] [core:crit] [pid 1501:tid 139796288554752] (13)Permission denied: [client 160.238.160.66:40168] AH00529: /var/www/vhosts/saratogahistory.com/httpdocs/phpBB/.htaccess pcfg_openfile: unable to check htaccess file, ensure it is readable and that '/var/www/vhosts/saratogahistory.com/httpdocs/phpBB/' is executable, referer: http://www.saratogahistory.com/phpBB/index.php
[Sun Sep 27 22:35:06.412776 2020] [core:crit] [pid 1501:tid 139796403943168] (13)Permission denied: [client 128.14.11.109:53422] AH00529: /var/www/vhosts/saratogahistory.com/httpdocs/phpBB/.htaccess pcfg_openfile: unable to check htaccess file, ensure it is readable and that '/var/www/vhosts/saratogahistory.com/httpdocs/phpBB/' is executable
[Sun Sep 27 22:35:07.777308 2020] [core:crit] [pid 1501:tid 139796424922880] (13)Permission denied: [client 128.14.11.109:53488] AH00529: /var/www/vhosts/saratogahistory.com/httpdocs/phpBB/.htaccess pcfg_openfile: unable to check htaccess file, ensure it is readable and that '/var/www/vhosts/saratogahistory.com/httpdocs/phpBB/' is executable, referer: http://www.saratogahistory.com/phpBB/
[Sun Sep 27 22:48:20.259845 2020] [core:crit] [pid 685:tid 139796341004032] (13)Permission denied: [client 45.139.48.18:55694] AH00529: /var/www/vhosts/saratogahistory.com/httpdocs/phpBB/.htaccess pcfg_openfile: unable to check htaccess file, ensure it is readable and that '/var/www/vhosts/saratogahistory.com/httpdocs/phpBB/' is executable, referer: https://uyut-dom.pro/
[Sun Sep 27 22:49:52.500186 2020] [core:crit] [pid 1501:tid 139796590552832] (13)Permission denied: [client 45.139.48.18:59012] AH00529: /var/www/vhosts/saratogahistory.com/httpdocs/phpBB/.htaccess pcfg_openfile: unable to check htaccess file, ensure it is readable and that '/var/www/vhosts/saratogahistory.com/httpdocs/phpBB/' is executable, referer: https://exclusive-profit.com
[Sun Sep 27 23:15:34.571860 2020] [core:crit] [pid 1501:tid 139796601042688] (13)Permission denied: [client 128.14.11.109:33882] AH00529: /var/www/vhosts/saratogahistory.com/httpdocs/phpBB/.htaccess pcfg_openfile: unable to check htaccess file, ensure it is readable and that '/var/www/vhosts/saratogahistory.com/httpdocs/phpBB/' is executable
[Sun Sep 27 23:15:36.592585 2020] [core:crit] [pid 1501:tid 139796487862016] (13)Permission denied: [client 128.14.11.109:34024] AH00529: /var/www/vhosts/saratogahistory.com/httpdocs/phpBB/.htaccess pcfg_openfile: unable to check htaccess file, ensure it is readable and that '/var/www/vhosts/saratogahistory.com/httpdocs/phpBB/' is executable, referer: http://www.saratogahistory.com/phpBB/
[Sun Sep 27 23:35:32.034404 2020] [core:crit] [pid 1501:tid 139796393453312] (13)Permission denied: [client 185.220.101.144:45810] AH00529: /var/www/vhosts/saratogahistory.com/httpdocs/phpBB/.htaccess pcfg_openfile: unable to check htaccess file, ensure it is readable and that '/var/www/vhosts/saratogahistory.com/httpdocs/phpBB/' is executable, referer: http://www.saratogahistory.com/phpBB/index.php
[Sun Sep 27 23:53:32.864466 2020] [core:crit] [pid 1501:tid 139796456392448] (13)Permission denied: [client 185.220.100.248:52608] AH00529: /var/www/vhosts/saratogahistory.com/httpdocs/phpBB/.htaccess pcfg_openfile: unable to check htaccess file, ensure it is readable and that '/var/www/vhosts/saratogahistory.com/httpdocs/phpBB/' is executable, referer: http://www.saratogahistory.com/phpBB/index.php
[Mon Sep 28 00:02:10.464570 2020] [core:crit] [pid 1501:tid 139796445902592] (13)Permission denied: [client 128.14.11.109:43358] AH00529: /var/www/vhosts/saratogahistory.com/httpdocs/phpBB/.htaccess pcfg_openfile: unable to check htaccess file, ensure it is readable and that '/var/www/vhosts/saratogahistory.com/httpdocs/phpBB/' is executable
[Mon Sep 28 00:02:12.993592 2020] [core:crit] [pid 1501:tid 139796601042688] (13)Permission denied: [client 128.14.11.109:43476] AH00529: /var/www/vhosts/saratogahistory.com/httpdocs/phpBB/.htaccess pcfg_openfile: unable to check htaccess file, ensure it is readable and that '/var/www/vhosts/saratogahistory.com/httpdocs/phpBB/' is executable, referer: http://www.saratogahistory.com/phpBB/
[Mon Sep 28 00:35:22.045710 2020] [proxy_fcgi:error] [pid 1501:tid 139796309534464] [client 35.185.235.248:60830] AH01071: Got error 'Primary script unknown\n', referer: http://saratogahistory.com/wp-login.php
[Mon Sep 28 00:48:56.419935 2020] [core:crit] [pid 685:tid 139796320024320] (13)Permission denied: [client 100.42.166.251:40926] AH00529: /var/www/vhosts/saratogahistory.com/httpdocs/phpBB/.htaccess pcfg_openfile: unable to check htaccess file, ensure it is readable and that '/var/www/vhosts/saratogahistory.com/httpdocs/phpBB/' is executable, referer: http://www.saratogahistory.com/
[Mon Sep 28 00:48:59.606548 2020] [core:crit] [pid 685:tid 139796309534464] (13)Permission denied: [client 108.61.26.163:41116] AH00529: /var/www/vhosts/saratogahistory.com/httpdocs/phpBB/.htaccess pcfg_openfile: unable to check htaccess file, ensure it is readable and that '/var/www/vhosts/saratogahistory.com/httpdocs/phpBB/' is executable, referer: http://www.saratogahistory.com/
[Mon Sep 28 00:52:49.562479 2020] [core:crit] [pid 1501:tid 139796601042688] (13)Permission denied: [client 175.42.86.197:53910] AH00529: /var/www/vhosts/saratogahistory.com/httpdocs/phpBB/.htaccess pcfg_openfile: unable to check htaccess file, ensure it is readable and that '/var/www/vhosts/saratogahistory.com/httpdocs/phpBB/' is executable
[Mon Sep 28 00:52:53.174697 2020] [core:crit] [pid 1501:tid 139796487862016] (13)Permission denied: [client 175.42.86.197:54114] AH00529: /var/www/vhosts/saratogahistory.com/httpdocs/phpBB/.htaccess pcfg_openfile: unable to check htaccess file, ensure it is readable and that '/var/www/vhosts/saratogahistory.com/httpdocs/phpBB/' is executable, referer: http://www.saratogahistory.com/phpBB/
[Mon Sep 28 01:12:40.280649 2020] [core:crit] [pid 685:tid 139796435412736] (13)Permission denied: [client 185.25.35.12:51850] AH00529: /var/www/vhosts/saratogahistory.com/httpdocs/phpBB/.htaccess pcfg_openfile: unable to check htaccess file, ensure it is readable and that '/var/www/vhosts/saratogahistory.com/httpdocs/phpBB/' is executable
[Mon Sep 28 01:35:11.011466 2020] [core:crit] [pid 1501:tid 139796320024320] (13)Permission denied: [client 81.17.16.148:33160] AH00529: /var/www/vhosts/saratogahistory.com/httpdocs/phpBB/.htaccess pcfg_openfile: unable to check htaccess file, ensure it is readable and that '/var/www/vhosts/saratogahistory.com/httpdocs/phpBB/' is executable, referer: http://www.saratogahistory.com/phpBB/index.php
[Mon Sep 28 01:59:58.017569 2020] [core:crit] [pid 685:tid 139796299044608] (13)Permission denied: [client 185.25.35.11:57956] AH00529: /var/www/vhosts/saratogahistory.com/httpdocs/phpBB/.htaccess pcfg_openfile: unable to check htaccess file, ensure it is readable and that '/var/www/vhosts/saratogahistory.com/httpdocs/phpBB/' is executable
[Mon Sep 28 02:45:03.203493 2020] [core:crit] [pid 1501:tid 139796393453312] (13)Permission denied: [client 185.25.35.15:50170] AH00529: /var/www/vhosts/saratogahistory.com/httpdocs/phpBB/.htaccess pcfg_openfile: unable to check htaccess file, ensure it is readable and that '/var/www/vhosts/saratogahistory.com/httpdocs/phpBB/' is executable
[Mon Sep 28 02:56:45.840620 2020] [core:crit] [pid 687:tid 139796299044608] (13)Permission denied: [client 185.25.35.15:36320] AH00529: /var/www/vhosts/saratogahistory.com/httpdocs/phpBB/.htaccess pcfg_openfile: unable to check htaccess file, ensure it is readable and that '/var/www/vhosts/saratogahistory.com/httpdocs/phpBB/' is executable
[Mon Sep 28 03:20:49.913077 2020] [core:crit] [pid 685:tid 139796445902592] (13)Permission denied: [client 37.120.152.166:41670] AH00529: /var/www/vhosts/saratogahistory.com/httpdocs/phpBB/.htaccess pcfg_openfile: unable to check htaccess file, ensure it is readable and that '/var/www/vhosts/saratogahistory.com/httpdocs/phpBB/' is executable, referer: http://www.saratogahistory.com/phpBB/index.php
[Mon Sep 28 03:20:51.404698 2020] [proxy_fcgi:error] [pid 685:tid 139796466882304] [client 37.120.152.166:41744] AH01071: Got error 'Primary script unknown\n', referer: http://www.saratogahistory.com/index.php
[Mon Sep 28 03:20:51.823101 2020] [proxy_fcgi:error] [pid 685:tid 139796477372160] [client 37.120.152.166:41758] AH01071: Got error 'Primary script unknown\n', referer: http://www.saratogahistory.com/index.php
[Mon Sep 28 03:20:52.254807 2020] [proxy_fcgi:error] [pid 685:tid 139796393453312] [client 37.120.152.166:41768] AH01071: Got error 'Primary script unknown\n', referer: http://www.saratogahistory.com/index.php
[Mon Sep 28 03:27:28.471539 2020] [core:crit] [pid 1501:tid 139796569573120] (13)Permission denied: [client 178.159.37.58:35950] AH00529: /var/www/vhosts/saratogahistory.com/httpdocs/phpBB/.htaccess pcfg_openfile: unable to check htaccess file, ensure it is readable and that '/var/www/vhosts/saratogahistory.com/httpdocs/phpBB/' is executable, referer: http://www.saratogahistory.com/phpBB/index.php
[Mon Sep 28 03:44:53.343550 2020] [core:crit] [pid 1501:tid 139796414433024] (13)Permission denied: [client 139.28.36.20:46334] AH00529: /var/www/vhosts/saratogahistory.com/httpdocs/phpBB/.htaccess pcfg_openfile: unable to check htaccess file, ensure it is readable and that '/var/www/vhosts/saratogahistory.com/httpdocs/phpBB/' is executable, referer: http://www.saratogahistory.com/phpBB/index.php
[Mon Sep 28 03:47:40.911914 2020] [core:crit] [pid 687:tid 139796445902592] (13)Permission denied: [client 213.61.215.54:55840] AH00529: /var/www/vhosts/saratogahistory.com/httpdocs/phpBB/.htaccess pcfg_openfile: unable to check htaccess file, ensure it is readable and that '/var/www/vhosts/saratogahistory.com/httpdocs/phpBB/' is executable, referer: http://www.saratogahistory.com/phpBB/index.php
[Mon Sep 28 04:17:48.934300 2020] [core:crit] [pid 686:tid 139796601042688] (13)Permission denied: [client 145.255.1.219:33712] AH00529: /var/www/vhosts/saratogahistory.com/httpdocs/phpBB/.htaccess pcfg_openfile: unable to check htaccess file, ensure it is readable and that '/var/www/vhosts/saratogahistory.com/httpdocs/phpBB/' is executable, referer: http://www.saratogahistory.com/phpBB/index.php
[Mon Sep 28 05:14:19.554035 2020] [core:crit] [pid 685:tid 139796393453312] (13)Permission denied: [client 145.255.1.219:54404] AH00529: /var/www/vhosts/saratogahistory.com/httpdocs/phpBB/.htaccess pcfg_openfile: unable to check htaccess file, ensure it is readable and that '/var/www/vhosts/saratogahistory.com/httpdocs/phpBB/' is executable, referer: http://www.saratogahistory.com/phpBB/index.php
[Mon Sep 28 05:14:20.765759 2020] [core:crit] [pid 1501:tid 139796601042688] (13)Permission denied: [client 145.255.1.219:54472] AH00529: /var/www/vhosts/saratogahistory.com/httpdocs/phpBB/.htaccess pcfg_openfile: unable to check htaccess file, ensure it is readable and that '/var/www/vhosts/saratogahistory.com/httpdocs/phpBB/' is executable, referer: http://www.saratogahistory.com/phpBB/index.php
[Mon Sep 28 05:35:32.988405 2020] [core:crit] [pid 685:tid 139796601042688] (13)Permission denied: [client 185.220.101.198:48262] AH00529: /var/www/vhosts/saratogahistory.com/httpdocs/phpBB/.htaccess pcfg_openfile: unable to check htaccess file, ensure it is readable and that '/var/www/vhosts/saratogahistory.com/httpdocs/phpBB/' is executable, referer: http://www.saratogahistory.com/phpBB/index.php
[Mon Sep 28 07:10:24.510789 2020] [core:crit] [pid 1501:tid 139796341004032] (13)Permission denied: [client 185.25.35.14:56886] AH00529: /var/www/vhosts/saratogahistory.com/httpdocs/phpBB/.htaccess pcfg_openfile: unable to check htaccess file, ensure it is readable and that '/var/www/vhosts/saratogahistory.com/httpdocs/phpBB/' is executable
[Mon Sep 28 07:11:32.441257 2020] [core:crit] [pid 1501:tid 139796393453312] (13)Permission denied: [client 85.239.35.123:33488] AH00529: /var/www/vhosts/saratogahistory.com/httpdocs/phpBB/.htaccess pcfg_openfile: unable to check htaccess file, ensure it is readable and that '/var/www/vhosts/saratogahistory.com/httpdocs/phpBB/' is executable, referer: http://www.saratogahistory.com/phpBB/index.php
[Mon Sep 28 07:13:48.898627 2020] [core:crit] [pid 1501:tid 139796414433024] (13)Permission denied: [client 149.202.238.204:42718] AH00529: /var/www/vhosts/saratogahistory.com/httpdocs/phpBB/.htaccess pcfg_openfile: unable to check htaccess file, ensure it is readable and that '/var/www/vhosts/saratogahistory.com/httpdocs/phpBB/' is executable, referer: http://www.saratogahistory.com/phpBB/index.php
[Mon Sep 28 07:38:46.602275 2020] [core:crit] [pid 685:tid 139796466882304] (13)Permission denied: [client 199.249.230.101:58034] AH00529: /var/www/vhosts/saratogahistory.com/httpdocs/phpBB/.htaccess pcfg_openfile: unable to check htaccess file, ensure it is readable and that '/var/www/vhosts/saratogahistory.com/httpdocs/phpBB/' is executable, referer: http://www.saratogahistory.com/phpBB/index.php
[Mon Sep 28 08:03:46.468592 2020] [core:crit] [pid 687:tid 139796445902592] (13)Permission denied: [client 185.25.35.9:53742] AH00529: /var/www/vhosts/saratogahistory.com/httpdocs/phpBB/.htaccess pcfg_openfile: unable to check htaccess file, ensure it is readable and that '/var/www/vhosts/saratogahistory.com/httpdocs/phpBB/' is executable
[Mon Sep 28 08:40:55.811222 2020] [core:crit] [pid 685:tid 139796372473600] (13)Permission denied: [client 178.159.37.85:48938] AH00529: /var/www/vhosts/saratogahistory.com/httpdocs/phpBB/.htaccess pcfg_openfile: unable to check htaccess file, ensure it is readable and that '/var/www/vhosts/saratogahistory.com/httpdocs/phpBB/' is executable, referer: http://www.saratogahistory.com/phpBB/index.php
[Mon Sep 28 08:55:24.548164 2020] [core:crit] [pid 1501:tid 139796351493888] (13)Permission denied: [client 185.25.35.8:56888] AH00529: /var/www/vhosts/saratogahistory.com/httpdocs/phpBB/.htaccess pcfg_openfile: unable to check htaccess file, ensure it is readable and that '/var/www/vhosts/saratogahistory.com/httpdocs/phpBB/' is executable
[Mon Sep 28 08:55:57.653545 2020] [core:crit] [pid 1501:tid 139796330514176] (13)Permission denied: [client 100.42.166.251:58260] AH00529: /var/www/vhosts/saratogahistory.com/httpdocs/phpBB/.htaccess pcfg_openfile: unable to check htaccess file, ensure it is readable and that '/var/www/vhosts/saratogahistory.com/httpdocs/phpBB/' is executable, referer: http://www.saratogahistory.com/phpBB/index.php
[Mon Sep 28 09:08:18.625508 2020] [core:crit] [pid 685:tid 139796601042688] (13)Permission denied: [client 185.25.35.10:59718] AH00529: /var/www/vhosts/saratogahistory.com/httpdocs/phpBB/.htaccess pcfg_openfile: unable to check htaccess file, ensure it is readable and that '/var/www/vhosts/saratogahistory.com/httpdocs/phpBB/' is executable
[Mon Sep 28 09:35:13.685423 2020] [core:crit] [pid 1501:tid 139796424922880] (13)Permission denied: [client 185.220.101.11:41818] AH00529: /var/www/vhosts/saratogahistory.com/httpdocs/phpBB/.htaccess pcfg_openfile: unable to check htaccess file, ensure it is readable and that '/var/www/vhosts/saratogahistory.com/httpdocs/phpBB/' is executable, referer: http://www.saratogahistory.com/phpBB/index.php
[Mon Sep 28 10:19:04.891868 2020] [proxy_fcgi:error] [pid 1501:tid 139796435412736] [client 47.75.93.243:50918] AH01071: Got error 'Primary script unknown\n'
[Mon Sep 28 10:19:08.199140 2020] [proxy_fcgi:error] [pid 1501:tid 139796288554752] [client 47.56.164.20:51012] AH01071: Got error 'Primary script unknown\n'
[Mon Sep 28 10:50:04.392584 2020] [proxy_fcgi:error] [pid 1501:tid 139796611532544] [client 146.56.196.229:55924] AH01071: Got error 'Primary script unknown\n'
[Mon Sep 28 10:58:20.967735 2020] [core:crit] [pid 1501:tid 139796580062976] (13)Permission denied: [client 176.10.99.200:55450] AH00529: /var/www/vhosts/saratogahistory.com/httpdocs/phpBB/.htaccess pcfg_openfile: unable to check htaccess file, ensure it is readable and that '/var/www/vhosts/saratogahistory.com/httpdocs/phpBB/' is executable, referer: http://www.saratogahistory.com/phpBB/index.php
[Mon Sep 28 11:06:04.937511 2020] [proxy_fcgi:error] [pid 1501:tid 139796487862016] [client 119.45.159.220:50850] AH01071: Got error 'Primary script unknown\n'
[Mon Sep 28 11:31:42.334091 2020] [core:crit] [pid 687:tid 139796435412736] (13)Permission denied: [client 185.245.84.56:54656] AH00529: /var/www/vhosts/saratogahistory.com/httpdocs/phpBB/.htaccess pcfg_openfile: unable to check htaccess file, ensure it is readable and that '/var/www/vhosts/saratogahistory.com/httpdocs/phpBB/' is executable, referer: http://www.saratogahistory.com/phpBB/index.php
[Mon Sep 28 11:37:11.527438 2020] [core:crit] [pid 1501:tid 139796341004032] (13)Permission denied: [client 23.129.64.194:42188] AH00529: /var/www/vhosts/saratogahistory.com/httpdocs/phpBB/.htaccess pcfg_openfile: unable to check htaccess file, ensure it is readable and that '/var/www/vhosts/saratogahistory.com/httpdocs/phpBB/' is executable, referer: http://www.saratogahistory.com/phpBB/index.php
[Mon Sep 28 11:55:49.714828 2020] [core:crit] [pid 1501:tid 139796611532544] (13)Permission denied: [client 176.110.134.2:47000] AH00529: /var/www/vhosts/saratogahistory.com/httpdocs/phpBB/.htaccess pcfg_openfile: unable to check htaccess file, ensure it is readable and that '/var/www/vhosts/saratogahistory.com/httpdocs/phpBB/' is executable, referer: http://www.saratogahistory.com/phpBB/viewtopic.php?t=340
[Mon Sep 28 11:55:51.019065 2020] [proxy_fcgi:error] [pid 1501:tid 139796424922880] [client 176.110.134.2:47072] AH01071: Got error 'Primary script unknown\n', referer: http://www.saratogahistory.com/index.php
[Mon Sep 28 11:55:51.392176 2020] [proxy_fcgi:error] [pid 1501:tid 139796445902592] [client 176.110.134.2:47094] AH01071: Got error 'Primary script unknown\n', referer: http://www.saratogahistory.com/index.php
[Mon Sep 28 11:55:51.763472 2020] [proxy_fcgi:error] [pid 1501:tid 139796403943168] [client 176.110.134.2:47102] AH01071: Got error 'Primary script unknown\n', referer: http://www.saratogahistory.com/index.php
[Mon Sep 28 12:09:03.622505 2020] [core:crit] [pid 687:tid 139796590552832] (13)Permission denied: [client 178.17.171.53:59216] AH00529: /var/www/vhosts/saratogahistory.com/httpdocs/phpBB/.htaccess pcfg_openfile: unable to check htaccess file, ensure it is readable and that '/var/www/vhosts/saratogahistory.com/httpdocs/phpBB/' is executable, referer: http://www.saratogahistory.com/phpBB/index.php
[Mon Sep 28 12:18:35.843791 2020] [core:crit] [pid 687:tid 139796341004032] (13)Permission denied: [client 37.44.86.236:60880] AH00529: /var/www/vhosts/saratogahistory.com/httpdocs/phpBB/.htaccess pcfg_openfile: unable to check htaccess file, ensure it is readable and that '/var/www/vhosts/saratogahistory.com/httpdocs/phpBB/' is executable, referer: http://www.saratogahistory.com/phpBB/index.php
[Mon Sep 28 12:18:39.921810 2020] [proxy_fcgi:error] [pid 1501:tid 139796580062976] [client 37.44.86.236:32874] AH01071: Got error 'Primary script unknown\n', referer: http://www.saratogahistory.com/index.php
[Mon Sep 28 12:18:40.201346 2020] [proxy_fcgi:error] [pid 1501:tid 139796456392448] [client 37.44.86.236:32888] AH01071: Got error 'Primary script unknown\n', referer: http://www.saratogahistory.com/index.php
[Mon Sep 28 12:18:43.490677 2020] [proxy_fcgi:error] [pid 687:tid 139796320024320] [client 37.44.86.236:33044] AH01071: Got error 'Primary script unknown\n', referer: http://www.saratogahistory.com/index.php
[Mon Sep 28 12:52:47.222129 2020] [core:crit] [pid 685:tid 139796456392448] (13)Permission denied: [client 145.255.1.219:54530] AH00529: /var/www/vhosts/saratogahistory.com/httpdocs/phpBB/.htaccess pcfg_openfile: unable to check htaccess file, ensure it is readable and that '/var/www/vhosts/saratogahistory.com/httpdocs/phpBB/' is executable, referer: http://www.saratogahistory.com/phpBB/index.php
[Mon Sep 28 13:10:08.544657 2020] [core:crit] [pid 1501:tid 139796361983744] (13)Permission denied: [client 45.141.156.54:44440] AH00529: /var/www/vhosts/saratogahistory.com/httpdocs/phpBB/.htaccess pcfg_openfile: unable to check htaccess file, ensure it is readable and that '/var/www/vhosts/saratogahistory.com/httpdocs/phpBB/' is executable, referer: http://www.saratogahistory.com/phpBB/index.php
[Mon Sep 28 13:10:09.831667 2020] [proxy_fcgi:error] [pid 1501:tid 139796456392448] [client 45.141.156.54:44542] AH01071: Got error 'Primary script unknown\n', referer: http://www.saratogahistory.com/index.php
[Mon Sep 28 13:10:10.181505 2020] [proxy_fcgi:error] [pid 1501:tid 139796414433024] [client 45.141.156.54:44562] AH01071: Got error 'Primary script unknown\n', referer: http://www.saratogahistory.com/index.php
[Mon Sep 28 13:10:10.547237 2020] [proxy_fcgi:error] [pid 1501:tid 139796590552832] [client 45.141.156.54:44602] AH01071: Got error 'Primary script unknown\n', referer: http://www.saratogahistory.com/index.php
[Mon Sep 28 13:19:40.607377 2020] [core:crit] [pid 1501:tid 139796309534464] (13)Permission denied: [client 185.25.35.14:41836] AH00529: /var/www/vhosts/saratogahistory.com/httpdocs/phpBB/.htaccess pcfg_openfile: unable to check htaccess file, ensure it is readable and that '/var/www/vhosts/saratogahistory.com/httpdocs/phpBB/' is executable
[Mon Sep 28 13:42:01.243414 2020] [core:crit] [pid 1501:tid 139796361983744] (13)Permission denied: [client 185.220.101.211:46092] AH00529: /var/www/vhosts/saratogahistory.com/httpdocs/phpBB/.htaccess pcfg_openfile: unable to check htaccess file, ensure it is readable and that '/var/www/vhosts/saratogahistory.com/httpdocs/phpBB/' is executable, referer: http://www.saratogahistory.com/phpBB/index.php
[Mon Sep 28 13:55:30.997145 2020] [core:crit] [pid 1501:tid 139796382963456] (13)Permission denied: [client 185.25.35.13:53894] AH00529: /var/www/vhosts/saratogahistory.com/httpdocs/phpBB/.htaccess pcfg_openfile: unable to check htaccess file, ensure it is readable and that '/var/www/vhosts/saratogahistory.com/httpdocs/phpBB/' is executable
[Mon Sep 28 14:33:33.033442 2020] [core:crit] [pid 1501:tid 139796320024320] (13)Permission denied: [client 185.220.102.7:57158] AH00529: /var/www/vhosts/saratogahistory.com/httpdocs/phpBB/.htaccess pcfg_openfile: unable to check htaccess file, ensure it is readable and that '/var/www/vhosts/saratogahistory.com/httpdocs/phpBB/' is executable, referer: http://www.saratogahistory.com/phpBB/index.php
[Mon Sep 28 14:57:12.504771 2020] [core:crit] [pid 685:tid 139796361983744] (13)Permission denied: [client 185.25.35.8:51774] AH00529: /var/www/vhosts/saratogahistory.com/httpdocs/phpBB/.htaccess pcfg_openfile: unable to check htaccess file, ensure it is readable and that '/var/www/vhosts/saratogahistory.com/httpdocs/phpBB/' is executable
[Mon Sep 28 15:19:28.181148 2020] [core:crit] [pid 1501:tid 139796456392448] (13)Permission denied: [client 185.25.35.9:40926] AH00529: /var/www/vhosts/saratogahistory.com/httpdocs/phpBB/.htaccess pcfg_openfile: unable to check htaccess file, ensure it is readable and that '/var/www/vhosts/saratogahistory.com/httpdocs/phpBB/' is executable
[Mon Sep 28 15:32:19.783575 2020] [autoindex:error] [pid 685:tid 139796299044608] [client 94.130.66.99:54724] AH01276: Cannot serve directory /var/www/vhosts/saratogahistory.com/httpdocs/grandview/: No matching DirectoryIndex (index.html,index.cgi,index.pl,index.php,index.xhtml,index.htm,index.shtml) found, and server-generated directory index forbidden by Options directive
[Mon Sep 28 15:36:58.073829 2020] [core:crit] [pid 685:tid 139796611532544] (13)Permission denied: [client 185.107.70.202:43924] AH00529: /var/www/vhosts/saratogahistory.com/httpdocs/phpBB/.htaccess pcfg_openfile: unable to check htaccess file, ensure it is readable and that '/var/www/vhosts/saratogahistory.com/httpdocs/phpBB/' is executable, referer: http://www.saratogahistory.com/phpBB/index.php
[Mon Sep 28 15:52:34.410523 2020] [core:crit] [pid 685:tid 139796288554752] (13)Permission denied: [client 104.237.193.26:42028] AH00529: /var/www/vhosts/saratogahistory.com/httpdocs/phpBB/.htaccess pcfg_openfile: unable to check htaccess file, ensure it is readable and that '/var/www/vhosts/saratogahistory.com/httpdocs/phpBB/' is executable, referer: http://www.saratogahistory.com/phpBB/index.php
[Mon Sep 28 16:28:16.518738 2020] [core:crit] [pid 1501:tid 139796372473600] (13)Permission denied: [client 185.231.113.229:57748] AH00529: /var/www/vhosts/saratogahistory.com/httpdocs/phpBB/.htaccess pcfg_openfile: unable to check htaccess file, ensure it is readable and that '/var/www/vhosts/saratogahistory.com/httpdocs/phpBB/' is executable, referer: http://www.saratogahistory.com/phpBB/index.php
[Mon Sep 28 16:34:36.115408 2020] [core:crit] [pid 685:tid 139796341004032] (13)Permission denied: [client 5.188.84.230:53172] AH00529: /var/www/vhosts/saratogahistory.com/httpdocs/phpBB/.htaccess pcfg_openfile: unable to check htaccess file, ensure it is readable and that '/var/www/vhosts/saratogahistory.com/httpdocs/phpBB/' is executable, referer: http://www.saratogahistory.com/phpBB/index.php
[Mon Sep 28 16:51:35.136249 2020] [core:crit] [pid 687:tid 139796569573120] (13)Permission denied: [client 178.159.37.58:56354] AH00529: /var/www/vhosts/saratogahistory.com/httpdocs/phpBB/.htaccess pcfg_openfile: unable to check htaccess file, ensure it is readable and that '/var/www/vhosts/saratogahistory.com/httpdocs/phpBB/' is executable, referer: http://www.saratogahistory.com/phpBB/index.php
[Mon Sep 28 17:39:20.882299 2020] [core:crit] [pid 1501:tid 139796351493888] (13)Permission denied: [client 31.220.3.105:36484] AH00529: /var/www/vhosts/saratogahistory.com/httpdocs/phpBB/.htaccess pcfg_openfile: unable to check htaccess file, ensure it is readable and that '/var/www/vhosts/saratogahistory.com/httpdocs/phpBB/' is executable, referer: http://www.saratogahistory.com/phpBB/index.php
[Mon Sep 28 18:03:07.266427 2020] [core:crit] [pid 1501:tid 139796382963456] (13)Permission denied: [client 185.220.101.3:47096] AH00529: /var/www/vhosts/saratogahistory.com/httpdocs/phpBB/.htaccess pcfg_openfile: unable to check htaccess file, ensure it is readable and that '/var/www/vhosts/saratogahistory.com/httpdocs/phpBB/' is executable, referer: http://www.saratogahistory.com/phpBB/index.php
[Mon Sep 28 19:39:35.897988 2020] [core:crit] [pid 1501:tid 139796414433024] (13)Permission denied: [client 145.255.1.219:44134] AH00529: /var/www/vhosts/saratogahistory.com/httpdocs/phpBB/.htaccess pcfg_openfile: unable to check htaccess file, ensure it is readable and that '/var/www/vhosts/saratogahistory.com/httpdocs/phpBB/' is executable, referer: http://www.saratogahistory.com/phpBB/index.php
[Mon Sep 28 19:43:38.646244 2020] [core:crit] [pid 685:tid 139796456392448] (13)Permission denied: [client 167.88.7.134:57020] AH00529: /var/www/vhosts/saratogahistory.com/httpdocs/phpBB/.htaccess pcfg_openfile: unable to check htaccess file, ensure it is readable and that '/var/www/vhosts/saratogahistory.com/httpdocs/phpBB/' is executable, referer: http://www.saratogahistory.com/phpBB/index.php
[Mon Sep 28 19:43:40.855811 2020] [core:crit] [pid 1501:tid 139796403943168] (13)Permission denied: [client 185.25.35.14:57098] AH00529: /var/www/vhosts/saratogahistory.com/httpdocs/phpBB/.htaccess pcfg_openfile: unable to check htaccess file, ensure it is readable and that '/var/www/vhosts/saratogahistory.com/httpdocs/phpBB/' is executable
[Mon Sep 28 20:13:08.887468 2020] [core:crit] [pid 685:tid 139796403943168] (13)Permission denied: [client 178.17.171.53:41986] AH00529: /var/www/vhosts/saratogahistory.com/httpdocs/phpBB/.htaccess pcfg_openfile: unable to check htaccess file, ensure it is readable and that '/var/www/vhosts/saratogahistory.com/httpdocs/phpBB/' is executable, referer: http://www.saratogahistory.com/phpBB/index.php
[Mon Sep 28 20:18:17.393424 2020] [core:crit] [pid 685:tid 139796330514176] (13)Permission denied: [client 185.25.35.14:53356] AH00529: /var/www/vhosts/saratogahistory.com/httpdocs/phpBB/.htaccess pcfg_openfile: unable to check htaccess file, ensure it is readable and that '/var/www/vhosts/saratogahistory.com/httpdocs/phpBB/' is executable
[Mon Sep 28 21:15:23.598130 2020] [core:crit] [pid 685:tid 139796320024320] (13)Permission denied: [client 185.25.35.11:45734] AH00529: /var/www/vhosts/saratogahistory.com/httpdocs/phpBB/.htaccess pcfg_openfile: unable to check htaccess file, ensure it is readable and that '/var/www/vhosts/saratogahistory.com/httpdocs/phpBB/' is executable
[Mon Sep 28 21:27:27.484536 2020] [core:crit] [pid 685:tid 139796288554752] (13)Permission denied: [client 185.25.35.9:44472] AH00529: /var/www/vhosts/saratogahistory.com/httpdocs/phpBB/.htaccess pcfg_openfile: unable to check htaccess file, ensure it is readable and that '/var/www/vhosts/saratogahistory.com/httpdocs/phpBB/' is executable
[Mon Sep 28 21:32:07.025853 2020] [core:crit] [pid 1501:tid 139796361983744] (13)Permission denied: [client 89.39.107.209:54582] AH00529: /var/www/vhosts/saratogahistory.com/httpdocs/phpBB/.htaccess pcfg_openfile: unable to check htaccess file, ensure it is readable and that '/var/www/vhosts/saratogahistory.com/httpdocs/phpBB/' is executable, referer: http://www.saratogahistory.com/phpBB/index.php
[Mon Sep 28 21:39:16.478031 2020] [core:crit] [pid 1501:tid 139796611532544] (13)Permission denied: [client 109.70.100.55:44290] AH00529: /var/www/vhosts/saratogahistory.com/httpdocs/phpBB/.htaccess pcfg_openfile: unable to check htaccess file, ensure it is readable and that '/var/www/vhosts/saratogahistory.com/httpdocs/phpBB/' is executable, referer: http://www.saratogahistory.com/phpBB/index.php
[Mon Sep 28 21:41:35.338316 2020] [core:crit] [pid 685:tid 139796569573120] (13)Permission denied: [client 89.34.27.37:49736] AH00529: /var/www/vhosts/saratogahistory.com/httpdocs/phpBB/.htaccess pcfg_openfile: unable to check htaccess file, ensure it is readable and that '/var/www/vhosts/saratogahistory.com/httpdocs/phpBB/' is executable, referer: http://www.saratogahistory.com/phpBB/index.php
[Mon Sep 28 23:37:01.937667 2020] [core:crit] [pid 1501:tid 139796435412736] (13)Permission denied: [client 207.244.70.35:54266] AH00529: /var/www/vhosts/saratogahistory.com/httpdocs/phpBB/.htaccess pcfg_openfile: unable to check htaccess file, ensure it is readable and that '/var/www/vhosts/saratogahistory.com/httpdocs/phpBB/' is executable, referer: http://www.saratogahistory.com/phpBB/index.php
[Mon Sep 28 23:44:46.161512 2020] [core:crit] [pid 1501:tid 139796341004032] (13)Permission denied: [client 217.107.194.60:43672] AH00529: /var/www/vhosts/saratogahistory.com/httpdocs/phpBB/.htaccess pcfg_openfile: unable to check htaccess file, ensure it is readable and that '/var/www/vhosts/saratogahistory.com/httpdocs/phpBB/' is executable, referer: http://www.saratogahistory.com/phpBB/index.php
[Mon Sep 28 23:44:47.367398 2020] [proxy_fcgi:error] [pid 685:tid 139796590552832] [client 217.107.194.60:43716] AH01071: Got error 'Primary script unknown\n', referer: http://www.saratogahistory.com/index.php
[Mon Sep 28 23:44:47.694772 2020] [proxy_fcgi:error] [pid 1501:tid 139796299044608] [client 217.107.194.60:43730] AH01071: Got error 'Primary script unknown\n', referer: http://www.saratogahistory.com/index.php
[Mon Sep 28 23:44:48.014814 2020] [proxy_fcgi:error] [pid 1501:tid 139796361983744] [client 217.107.194.60:43748] AH01071: Got error 'Primary script unknown\n', referer: http://www.saratogahistory.com/index.php
[Tue Sep 29 00:53:22.134092 2020] [core:crit] [pid 1501:tid 139796477372160] (13)Permission denied: [client 85.206.165.30:39208] AH00529: /var/www/vhosts/saratogahistory.com/httpdocs/phpBB/.htaccess pcfg_openfile: unable to check htaccess file, ensure it is readable and that '/var/www/vhosts/saratogahistory.com/httpdocs/phpBB/' is executable, referer: https://stop-nark.ru/reabilitation/27-narkozavisimyh.html
[Tue Sep 29 01:35:32.006099 2020] [core:crit] [pid 687:tid 139796580062976] (13)Permission denied: [client 85.206.165.30:57292] AH00529: /var/www/vhosts/saratogahistory.com/httpdocs/phpBB/.htaccess pcfg_openfile: unable to check htaccess file, ensure it is readable and that '/var/www/vhosts/saratogahistory.com/httpdocs/phpBB/' is executable, referer: https://mukis.ru
[Tue Sep 29 01:39:43.968623 2020] [core:crit] [pid 685:tid 139796477372160] (13)Permission denied: [client 185.220.102.243:39652] AH00529: /var/www/vhosts/saratogahistory.com/httpdocs/phpBB/.htaccess pcfg_openfile: unable to check htaccess file, ensure it is readable and that '/var/www/vhosts/saratogahistory.com/httpdocs/phpBB/' is executable, referer: http://www.saratogahistory.com/phpBB/index.php
[Tue Sep 29 01:41:54.315218 2020] [core:crit] [pid 687:tid 139796569573120] (13)Permission denied: [client 185.25.35.10:45232] AH00529: /var/www/vhosts/saratogahistory.com/httpdocs/phpBB/.htaccess pcfg_openfile: unable to check htaccess file, ensure it is readable and that '/var/www/vhosts/saratogahistory.com/httpdocs/phpBB/' is executable
[Tue Sep 29 01:49:05.290346 2020] [core:crit] [pid 685:tid 139796372473600] (13)Permission denied: [client 109.70.100.48:42500] AH00529: /var/www/vhosts/saratogahistory.com/httpdocs/phpBB/.htaccess pcfg_openfile: unable to check htaccess file, ensure it is readable and that '/var/www/vhosts/saratogahistory.com/httpdocs/phpBB/' is executable, referer: http://www.saratogahistory.com/phpBB/index.php
[Tue Sep 29 02:20:37.998065 2020] [core:crit] [pid 685:tid 139796569573120] (13)Permission denied: [client 185.25.35.11:59860] AH00529: /var/www/vhosts/saratogahistory.com/httpdocs/phpBB/.htaccess pcfg_openfile: unable to check htaccess file, ensure it is readable and that '/var/www/vhosts/saratogahistory.com/httpdocs/phpBB/' is executable
[Tue Sep 29 02:33:36.762096 2020] [core:crit] [pid 687:tid 139796382963456] (13)Permission denied: [client 5.183.92.205:41912] AH00529: /var/www/vhosts/saratogahistory.com/httpdocs/phpBB/.htaccess pcfg_openfile: unable to check htaccess file, ensure it is readable and that '/var/www/vhosts/saratogahistory.com/httpdocs/phpBB/' is executable, referer: https://cannazon-market.org/
[Tue Sep 29 03:27:04.181397 2020] [core:crit] [pid 1501:tid 139796569573120] (13)Permission denied: [client 185.25.35.11:38634] AH00529: /var/www/vhosts/saratogahistory.com/httpdocs/phpBB/.htaccess pcfg_openfile: unable to check htaccess file, ensure it is readable and that '/var/www/vhosts/saratogahistory.com/httpdocs/phpBB/' is executable
[Tue Sep 29 03:29:37.034273 2020] [ssl:warn] [pid 3942:tid 139804190587008] AH01909: RSA certificate configured for saratogahistory.com:443 does NOT include an ID which matches the server name
[Tue Sep 29 03:29:37.113544 2020] [ssl:warn] [pid 3942:tid 139804190587008] AH01909: RSA certificate configured for saratogahistory.com:443 does NOT include an ID which matches the server name
[Tue Sep 29 03:35:34.397346 2020] [core:crit] [pid 3951:tid 139803802728192] (13)Permission denied: [client 176.10.99.200:37144] AH00529: /var/www/vhosts/saratogahistory.com/httpdocs/phpBB/.htaccess pcfg_openfile: unable to check htaccess file, ensure it is readable and that '/var/www/vhosts/saratogahistory.com/httpdocs/phpBB/' is executable, referer: http://www.saratogahistory.com/phpBB/index.php
[Tue Sep 29 03:39:51.638390 2020] [core:crit] [pid 3952:tid 139803888682752] (13)Permission denied: [client 185.25.35.13:50334] AH00529: /var/www/vhosts/saratogahistory.com/httpdocs/phpBB/.htaccess pcfg_openfile: unable to check htaccess file, ensure it is readable and that '/var/www/vhosts/saratogahistory.com/httpdocs/phpBB/' is executable
[Tue Sep 29 04:49:25.567356 2020] [core:crit] [pid 3951:tid 139803899172608] (13)Permission denied: [client 185.245.84.56:43890] AH00529: /var/www/vhosts/saratogahistory.com/httpdocs/phpBB/.htaccess pcfg_openfile: unable to check htaccess file, ensure it is readable and that '/var/www/vhosts/saratogahistory.com/httpdocs/phpBB/' is executable, referer: https://michiel-huisman.com/
[Tue Sep 29 05:18:53.273635 2020] [core:crit] [pid 3951:tid 139803603420928] (13)Permission denied: [client 178.20.55.16:56646] AH00529: /var/www/vhosts/saratogahistory.com/httpdocs/phpBB/.htaccess pcfg_openfile: unable to check htaccess file, ensure it is readable and that '/var/www/vhosts/saratogahistory.com/httpdocs/phpBB/' is executable, referer: http://www.saratogahistory.com/phpBB/index.php
[Tue Sep 29 05:37:58.689567 2020] [core:crit] [pid 3952:tid 139803655870208] (13)Permission denied: [client 199.249.230.148:47214] AH00529: /var/www/vhosts/saratogahistory.com/httpdocs/phpBB/.htaccess pcfg_openfile: unable to check htaccess file, ensure it is readable and that '/var/www/vhosts/saratogahistory.com/httpdocs/phpBB/' is executable, referer: http://www.saratogahistory.com/phpBB/index.php
[Tue Sep 29 06:19:15.867606 2020] [core:crit] [pid 16376:tid 139803708319488] (13)Permission denied: [client 95.73.183.22:34822] AH00529: /var/www/vhosts/saratogahistory.com/httpdocs/phpBB/.htaccess pcfg_openfile: unable to check htaccess file, ensure it is readable and that '/var/www/vhosts/saratogahistory.com/httpdocs/phpBB/' is executable, referer: http://www.saratogahistory.com/phpBB/index.php
[Tue Sep 29 06:19:16.943574 2020] [proxy_fcgi:error] [pid 3951:tid 139803655870208] [client 95.73.183.22:34862] AH01071: Got error 'Primary script unknown\n', referer: http://www.saratogahistory.com/index.php
[Tue Sep 29 06:19:17.234823 2020] [proxy_fcgi:error] [pid 16376:tid 139803676849920] [client 95.73.183.22:34876] AH01071: Got error 'Primary script unknown\n', referer: http://www.saratogahistory.com/index.php
[Tue Sep 29 06:19:17.526778 2020] [proxy_fcgi:error] [pid 16376:tid 139803666360064] [client 95.73.183.22:34884] AH01071: Got error 'Primary script unknown\n', referer: http://www.saratogahistory.com/index.php
[Tue Sep 29 06:28:50.586052 2020] [core:crit] [pid 16376:tid 139803613910784] (13)Permission denied: [client 45.139.48.18:57832] AH00529: /var/www/vhosts/saratogahistory.com/httpdocs/phpBB/.htaccess pcfg_openfile: unable to check htaccess file, ensure it is readable and that '/var/www/vhosts/saratogahistory.com/httpdocs/phpBB/' is executable, referer: https://crypto-wallets.org
[Tue Sep 29 07:40:29.509674 2020] [core:crit] [pid 3951:tid 139803920152320] (13)Permission denied: [client 185.25.35.12:40846] AH00529: /var/www/vhosts/saratogahistory.com/httpdocs/phpBB/.htaccess pcfg_openfile: unable to check htaccess file, ensure it is readable and that '/var/www/vhosts/saratogahistory.com/httpdocs/phpBB/' is executable
[Tue Sep 29 07:48:59.828622 2020] [core:crit] [pid 16376:tid 139803739789056] (13)Permission denied: [client 185.220.100.255:37066] AH00529: /var/www/vhosts/saratogahistory.com/httpdocs/phpBB/.htaccess pcfg_openfile: unable to check htaccess file, ensure it is readable and that '/var/www/vhosts/saratogahistory.com/httpdocs/phpBB/' is executable, referer: http://www.saratogahistory.com/phpBB/index.php
[Tue Sep 29 08:18:26.053391 2020] [core:crit] [pid 16376:tid 139803613910784] (13)Permission denied: [client 185.25.35.12:53972] AH00529: /var/www/vhosts/saratogahistory.com/httpdocs/phpBB/.htaccess pcfg_openfile: unable to check htaccess file, ensure it is readable and that '/var/www/vhosts/saratogahistory.com/httpdocs/phpBB/' is executable
[Tue Sep 29 08:27:14.881559 2020] [core:crit] [pid 3951:tid 139803613910784] (13)Permission denied: [client 5.183.92.205:48264] AH00529: /var/www/vhosts/saratogahistory.com/httpdocs/phpBB/.htaccess pcfg_openfile: unable to check htaccess file, ensure it is readable and that '/var/www/vhosts/saratogahistory.com/httpdocs/phpBB/' is executable, referer: https://anydesk.site
[Tue Sep 29 08:53:21.086770 2020] [core:crit] [pid 3951:tid 139803899172608] (13)Permission denied: [client 77.109.191.140:55446] AH00529: /var/www/vhosts/saratogahistory.com/httpdocs/phpBB/.htaccess pcfg_openfile: unable to check htaccess file, ensure it is readable and that '/var/www/vhosts/saratogahistory.com/httpdocs/phpBB/' is executable, referer: http://www.saratogahistory.com/phpBB/index.php
[Tue Sep 29 09:26:00.220658 2020] [core:crit] [pid 16376:tid 139803771258624] (13)Permission denied: [client 5.183.92.205:50438] AH00529: /var/www/vhosts/saratogahistory.com/httpdocs/phpBB/.htaccess pcfg_openfile: unable to check htaccess file, ensure it is readable and that '/var/www/vhosts/saratogahistory.com/httpdocs/phpBB/' is executable, referer: https://lolz.guru
[Tue Sep 29 09:27:32.473606 2020] [core:crit] [pid 16376:tid 139803708319488] (13)Permission denied: [client 185.25.35.11:53606] AH00529: /var/www/vhosts/saratogahistory.com/httpdocs/phpBB/.htaccess pcfg_openfile: unable to check htaccess file, ensure it is readable and that '/var/www/vhosts/saratogahistory.com/httpdocs/phpBB/' is executable
[Tue Sep 29 09:36:42.291483 2020] [core:crit] [pid 16376:tid 139803624400640] (13)Permission denied: [client 162.247.74.204:46416] AH00529: /var/www/vhosts/saratogahistory.com/httpdocs/phpBB/.htaccess pcfg_openfile: unable to check htaccess file, ensure it is readable and that '/var/www/vhosts/saratogahistory.com/httpdocs/phpBB/' is executable, referer: http://www.saratogahistory.com/phpBB/index.php
[Tue Sep 29 09:41:55.335215 2020] [core:crit] [pid 16376:tid 139803792238336] (13)Permission denied: [client 185.25.35.11:59810] AH00529: /var/www/vhosts/saratogahistory.com/httpdocs/phpBB/.htaccess pcfg_openfile: unable to check htaccess file, ensure it is readable and that '/var/www/vhosts/saratogahistory.com/httpdocs/phpBB/' is executable
[Tue Sep 29 11:14:56.558565 2020] [core:crit] [pid 16376:tid 139803760768768] (13)Permission denied: [client 185.245.84.56:60752] AH00529: /var/www/vhosts/saratogahistory.com/httpdocs/phpBB/.htaccess pcfg_openfile: unable to check htaccess file, ensure it is readable and that '/var/www/vhosts/saratogahistory.com/httpdocs/phpBB/' is executable, referer: https://hydraland.net/
[Tue Sep 29 11:36:55.159594 2020] [core:crit] [pid 3951:tid 139803613910784] (13)Permission denied: [client 185.220.100.254:56216] AH00529: /var/www/vhosts/saratogahistory.com/httpdocs/phpBB/.htaccess pcfg_openfile: unable to check htaccess file, ensure it is readable and that '/var/www/vhosts/saratogahistory.com/httpdocs/phpBB/' is executable, referer: http://www.saratogahistory.com/phpBB/index.php
[Tue Sep 29 12:35:21.597747 2020] [core:crit] [pid 16376:tid 139803888682752] (13)Permission denied: [client 195.254.134.194:59590] AH00529: /var/www/vhosts/saratogahistory.com/httpdocs/phpBB/.htaccess pcfg_openfile: unable to check htaccess file, ensure it is readable and that '/var/www/vhosts/saratogahistory.com/httpdocs/phpBB/' is executable, referer: http://www.saratogahistory.com/phpBB/index.php
[Tue Sep 29 12:37:00.793179 2020] [core:crit] [pid 16376:tid 139803899172608] (13)Permission denied: [client 185.245.84.56:37616] AH00529: /var/www/vhosts/saratogahistory.com/httpdocs/phpBB/.htaccess pcfg_openfile: unable to check htaccess file, ensure it is readable and that '/var/www/vhosts/saratogahistory.com/httpdocs/phpBB/' is executable, referer: http://adult-video-chat.ru/seks-video-chat/chati-obshcheniya-shkid.html
[Tue Sep 29 12:51:18.028095 2020] [core:crit] [pid 16376:tid 139803676849920] (13)Permission denied: [client 104.149.134.218:43260] AH00529: /var/www/vhosts/saratogahistory.com/httpdocs/phpBB/.htaccess pcfg_openfile: unable to check htaccess file, ensure it is readable and that '/var/www/vhosts/saratogahistory.com/httpdocs/phpBB/' is executable, referer: http://www.saratogahistory.com/phpBB/index.php
[Tue Sep 29 13:37:45.176963 2020] [core:crit] [pid 3951:tid 139803750278912] (13)Permission denied: [client 23.129.64.180:45218] AH00529: /var/www/vhosts/saratogahistory.com/httpdocs/phpBB/.htaccess pcfg_openfile: unable to check htaccess file, ensure it is readable and that '/var/www/vhosts/saratogahistory.com/httpdocs/phpBB/' is executable, referer: http://www.saratogahistory.com/phpBB/index.php
[Tue Sep 29 13:47:19.702338 2020] [core:crit] [pid 16376:tid 139803645380352] (13)Permission denied: [client 104.144.254.124:38490] AH00529: /var/www/vhosts/saratogahistory.com/httpdocs/phpBB/.htaccess pcfg_openfile: unable to check htaccess file, ensure it is readable and that '/var/www/vhosts/saratogahistory.com/httpdocs/phpBB/' is executable, referer: http://www.saratogahistory.com/
[Tue Sep 29 13:47:20.075480 2020] [core:crit] [pid 3951:tid 139803697829632] (13)Permission denied: [client 107.172.155.242:38524] AH00529: /var/www/vhosts/saratogahistory.com/httpdocs/phpBB/.htaccess pcfg_openfile: unable to check htaccess file, ensure it is readable and that '/var/www/vhosts/saratogahistory.com/httpdocs/phpBB/' is executable, referer: http://www.saratogahistory.com/
[Tue Sep 29 13:47:20.429692 2020] [core:crit] [pid 16376:tid 139803634890496] (13)Permission denied: [client 107.175.68.249:38546] AH00529: /var/www/vhosts/saratogahistory.com/httpdocs/phpBB/.htaccess pcfg_openfile: unable to check htaccess file, ensure it is readable and that '/var/www/vhosts/saratogahistory.com/httpdocs/phpBB/' is executable, referer: http://www.saratogahistory.com/
[Tue Sep 29 13:47:20.783242 2020] [core:crit] [pid 16376:tid 139803624400640] (13)Permission denied: [client 172.245.30.178:38560] AH00529: /var/www/vhosts/saratogahistory.com/httpdocs/phpBB/.htaccess pcfg_openfile: unable to check htaccess file, ensure it is readable and that '/var/www/vhosts/saratogahistory.com/httpdocs/phpBB/' is executable, referer: http://www.saratogahistory.com/
[Tue Sep 29 13:52:28.744890 2020] [core:crit] [pid 16376:tid 139803888682752] (13)Permission denied: [client 185.25.35.13:50036] AH00529: /var/www/vhosts/saratogahistory.com/httpdocs/phpBB/.htaccess pcfg_openfile: unable to check htaccess file, ensure it is readable and that '/var/www/vhosts/saratogahistory.com/httpdocs/phpBB/' is executable
[Tue Sep 29 14:30:21.091356 2020] [core:crit] [pid 16376:tid 139803718809344] (13)Permission denied: [client 185.25.35.13:60010] AH00529: /var/www/vhosts/saratogahistory.com/httpdocs/phpBB/.htaccess pcfg_openfile: unable to check htaccess file, ensure it is readable and that '/var/www/vhosts/saratogahistory.com/httpdocs/phpBB/' is executable
[Tue Sep 29 14:32:22.809063 2020] [core:crit] [pid 16376:tid 139803708319488] (13)Permission denied: [client 66.249.64.26:36540] AH00529: /var/www/vhosts/saratogahistory.com/httpdocs/phpBB/.htaccess pcfg_openfile: unable to check htaccess file, ensure it is readable and that '/var/www/vhosts/saratogahistory.com/httpdocs/phpBB/' is executable
[Tue Sep 29 14:35:31.637492 2020] [core:crit] [pid 16376:tid 139803666360064] (13)Permission denied: [client 198.251.89.136:44994] AH00529: /var/www/vhosts/saratogahistory.com/httpdocs/phpBB/.htaccess pcfg_openfile: unable to check htaccess file, ensure it is readable and that '/var/www/vhosts/saratogahistory.com/httpdocs/phpBB/' is executable, referer: http://www.saratogahistory.com/phpBB/index.php
[Tue Sep 29 14:43:42.289950 2020] [core:crit] [pid 16376:tid 139803920152320] (13)Permission denied: [client 178.159.37.139:36624] AH00529: /var/www/vhosts/saratogahistory.com/httpdocs/phpBB/.htaccess pcfg_openfile: unable to check htaccess file, ensure it is readable and that '/var/www/vhosts/saratogahistory.com/httpdocs/phpBB/' is executable, referer: http://www.saratogahistory.com/phpBB/index.php
[Tue Sep 29 14:43:43.973816 2020] [proxy_fcgi:error] [pid 16376:tid 139803899172608] [client 178.159.37.139:36700] AH01071: Got error 'Primary script unknown\n', referer: http://www.saratogahistory.com/index.php
[Tue Sep 29 14:43:44.250722 2020] [proxy_fcgi:error] [pid 16376:tid 139803781748480] [client 178.159.37.139:36714] AH01071: Got error 'Primary script unknown\n', referer: http://www.saratogahistory.com/index.php
[Tue Sep 29 14:43:44.520447 2020] [proxy_fcgi:error] [pid 16376:tid 139803771258624] [client 178.159.37.139:36750] AH01071: Got error 'Primary script unknown\n', referer: http://www.saratogahistory.com/index.php
[Tue Sep 29 15:37:48.710622 2020] [core:crit] [pid 3951:tid 139803655870208] (13)Permission denied: [client 185.220.102.242:38826] AH00529: /var/www/vhosts/saratogahistory.com/httpdocs/phpBB/.htaccess pcfg_openfile: unable to check htaccess file, ensure it is readable and that '/var/www/vhosts/saratogahistory.com/httpdocs/phpBB/' is executable, referer: http://www.saratogahistory.com/phpBB/index.php
[Tue Sep 29 15:38:05.585709 2020] [core:crit] [pid 16376:tid 139803655870208] (13)Permission denied: [client 185.25.35.15:39512] AH00529: /var/www/vhosts/saratogahistory.com/httpdocs/phpBB/.htaccess pcfg_openfile: unable to check htaccess file, ensure it is readable and that '/var/www/vhosts/saratogahistory.com/httpdocs/phpBB/' is executable
[Tue Sep 29 15:50:46.500682 2020] [core:crit] [pid 3951:tid 139803592931072] (13)Permission denied: [client 185.25.35.10:49052] AH00529: /var/www/vhosts/saratogahistory.com/httpdocs/phpBB/.htaccess pcfg_openfile: unable to check htaccess file, ensure it is readable and that '/var/www/vhosts/saratogahistory.com/httpdocs/phpBB/' is executable
[Tue Sep 29 15:56:30.012346 2020] [core:crit] [pid 16376:tid 139803792238336] (13)Permission denied: [client 188.122.82.146:36106] AH00529: /var/www/vhosts/saratogahistory.com/httpdocs/phpBB/.htaccess pcfg_openfile: unable to check htaccess file, ensure it is readable and that '/var/www/vhosts/saratogahistory.com/httpdocs/phpBB/' is executable, referer: http://www.saratogahistory.com/phpBB/index.php
[Tue Sep 29 17:00:29.241556 2020] [core:crit] [pid 16376:tid 139803697829632] (13)Permission denied: [client 31.220.0.16:45286] AH00529: /var/www/vhosts/saratogahistory.com/httpdocs/phpBB/.htaccess pcfg_openfile: unable to check htaccess file, ensure it is readable and that '/var/www/vhosts/saratogahistory.com/httpdocs/phpBB/' is executable, referer: http://www.saratogahistory.com/phpBB/index.php
[Tue Sep 29 17:03:14.996917 2020] [core:crit] [pid 3951:tid 139803802728192] (13)Permission denied: [client 145.255.1.219:52366] AH00529: /var/www/vhosts/saratogahistory.com/httpdocs/phpBB/.htaccess pcfg_openfile: unable to check htaccess file, ensure it is readable and that '/var/www/vhosts/saratogahistory.com/httpdocs/phpBB/' is executable, referer: http://www.saratogahistory.com/phpBB/index.php
[Tue Sep 29 17:39:53.748570 2020] [core:crit] [pid 3951:tid 139803697829632] (13)Permission denied: [client 77.247.181.162:41438] AH00529: /var/www/vhosts/saratogahistory.com/httpdocs/phpBB/.htaccess pcfg_openfile: unable to check htaccess file, ensure it is readable and that '/var/www/vhosts/saratogahistory.com/httpdocs/phpBB/' is executable, referer: http://www.saratogahistory.com/phpBB/index.php
[Tue Sep 29 18:07:43.070389 2020] [core:crit] [pid 16376:tid 139803624400640] (13)Permission denied: [client 45.10.165.81:60430] AH00529: /var/www/vhosts/saratogahistory.com/httpdocs/phpBB/.htaccess pcfg_openfile: unable to check htaccess file, ensure it is readable and that '/var/www/vhosts/saratogahistory.com/httpdocs/phpBB/' is executable, referer: http://www.saratogahistory.com/phpBB/index.php
[Tue Sep 29 18:35:47.917304 2020] [core:crit] [pid 3952:tid 139803802728192] (13)Permission denied: [client 5.188.210.18:53906] AH00529: /var/www/vhosts/saratogahistory.com/httpdocs/phpBB/.htaccess pcfg_openfile: unable to check htaccess file, ensure it is readable and that '/var/www/vhosts/saratogahistory.com/httpdocs/phpBB/' is executable, referer: http://www.saratogahistory.com/phpBB/index.php
[Tue Sep 29 18:43:06.025183 2020] [core:crit] [pid 16376:tid 139803624400640] (13)Permission denied: [client 66.249.64.26:46270] AH00529: /var/www/vhosts/saratogahistory.com/httpdocs/phpBB/.htaccess pcfg_openfile: unable to check htaccess file, ensure it is readable and that '/var/www/vhosts/saratogahistory.com/httpdocs/phpBB/' is executable
[Tue Sep 29 19:02:13.782137 2020] [proxy_fcgi:error] [pid 16376:tid 139803802728192] [client 110.43.54.236:50292] AH01071: Got error 'Primary script unknown\n'
[Tue Sep 29 19:02:16.350823 2020] [proxy_fcgi:error] [pid 16376:tid 139803888682752] [client 110.43.54.236:50422] AH01071: Got error 'Primary script unknown\n'
[Tue Sep 29 19:02:35.149403 2020] [proxy_fcgi:error] [pid 3952:tid 139803708319488] [client 110.43.54.236:51286] AH01071: Got error 'Primary script unknown\n'
[Tue Sep 29 19:02:36.995096 2020] [proxy_fcgi:error] [pid 16376:tid 139803771258624] [client 110.43.54.236:51374] AH01071: Got error 'Primary script unknown\n'
[Tue Sep 29 19:02:38.703395 2020] [proxy_fcgi:error] [pid 16376:tid 139803750278912] [client 110.43.54.236:51462] AH01071: Got error 'Primary script unknown\n'
[Tue Sep 29 19:02:44.075769 2020] [proxy_fcgi:error] [pid 16376:tid 139803760768768] [client 110.43.54.236:51692] AH01071: Got error 'Primary script unknown\n'
[Tue Sep 29 19:02:45.843496 2020] [proxy_fcgi:error] [pid 3951:tid 139803899172608] [client 110.43.54.236:51772] AH01071: Got error 'Primary script unknown\n'
[Tue Sep 29 19:02:48.346685 2020] [proxy_fcgi:error] [pid 3951:tid 139803802728192] [client 110.43.54.236:51872] AH01071: Got error 'Primary script unknown\n'
[Tue Sep 29 19:36:48.522093 2020] [core:crit] [pid 16376:tid 139803781748480] (13)Permission denied: [client 51.81.32.15:55484] AH00529: /var/www/vhosts/saratogahistory.com/httpdocs/phpBB/.htaccess pcfg_openfile: unable to check htaccess file, ensure it is readable and that '/var/www/vhosts/saratogahistory.com/httpdocs/phpBB/' is executable, referer: http://www.saratogahistory.com/phpBB/index.php
[Tue Sep 29 20:17:21.533519 2020] [core:crit] [pid 16376:tid 139803603420928] (13)Permission denied: [client 185.25.35.15:51904] AH00529: /var/www/vhosts/saratogahistory.com/httpdocs/phpBB/.htaccess pcfg_openfile: unable to check htaccess file, ensure it is readable and that '/var/www/vhosts/saratogahistory.com/httpdocs/phpBB/' is executable
[Tue Sep 29 20:56:20.233863 2020] [core:crit] [pid 16376:tid 139803899172608] (13)Permission denied: [client 185.25.35.12:46118] AH00529: /var/www/vhosts/saratogahistory.com/httpdocs/phpBB/.htaccess pcfg_openfile: unable to check htaccess file, ensure it is readable and that '/var/www/vhosts/saratogahistory.com/httpdocs/phpBB/' is executable
[Tue Sep 29 21:29:31.280744 2020] [core:crit] [pid 16376:tid 139803708319488] (13)Permission denied: [client 51.195.149.140:52840] AH00529: /var/www/vhosts/saratogahistory.com/httpdocs/phpBB/.htaccess pcfg_openfile: unable to check htaccess file, ensure it is readable and that '/var/www/vhosts/saratogahistory.com/httpdocs/phpBB/' is executable, referer: http://www.saratogahistory.com/phpBB/index.php
[Tue Sep 29 21:43:53.387600 2020] [core:crit] [pid 16376:tid 139803613910784] (13)Permission denied: [client 54.36.108.162:34574] AH00529: /var/www/vhosts/saratogahistory.com/httpdocs/phpBB/.htaccess pcfg_openfile: unable to check htaccess file, ensure it is readable and that '/var/www/vhosts/saratogahistory.com/httpdocs/phpBB/' is executable, referer: http://www.saratogahistory.com/phpBB/index.php
[Tue Sep 29 22:00:06.864805 2020] [core:crit] [pid 16376:tid 139803687339776] (13)Permission denied: [client 185.25.35.14:49456] AH00529: /var/www/vhosts/saratogahistory.com/httpdocs/phpBB/.htaccess pcfg_openfile: unable to check htaccess file, ensure it is readable and that '/var/www/vhosts/saratogahistory.com/httpdocs/phpBB/' is executable
[Tue Sep 29 22:04:08.370441 2020] [core:crit] [pid 16376:tid 139803645380352] (13)Permission denied: [client 5.188.84.92:58894] AH00529: /var/www/vhosts/saratogahistory.com/httpdocs/phpBB/.htaccess pcfg_openfile: unable to check htaccess file, ensure it is readable and that '/var/www/vhosts/saratogahistory.com/httpdocs/phpBB/' is executable, referer: http://www.saratogahistory.com/phpBB/index.php
[Tue Sep 29 22:11:21.961984 2020] [core:crit] [pid 16376:tid 139803666360064] (13)Permission denied: [client 185.25.35.12:49160] AH00529: /var/www/vhosts/saratogahistory.com/httpdocs/phpBB/.htaccess pcfg_openfile: unable to check htaccess file, ensure it is readable and that '/var/www/vhosts/saratogahistory.com/httpdocs/phpBB/' is executable
[Tue Sep 29 22:33:41.529627 2020] [proxy_fcgi:error] [pid 16376:tid 139803792238336] [client 54.89.127.239:56476] AH01071: Got error 'Primary script unknown\n'
[Tue Sep 29 22:42:21.059780 2020] [core:crit] [pid 3951:tid 139803592931072] (13)Permission denied: [client 178.71.184.240:50668] AH00529: /var/www/vhosts/saratogahistory.com/httpdocs/phpBB/.htaccess pcfg_openfile: unable to check htaccess file, ensure it is readable and that '/var/www/vhosts/saratogahistory.com/httpdocs/phpBB/' is executable, referer: http://www.saratogahistory.com/phpBB/index.php
[Tue Sep 29 23:37:10.707604 2020] [core:crit] [pid 3951:tid 139803920152320] (13)Permission denied: [client 51.79.86.181:57108] AH00529: /var/www/vhosts/saratogahistory.com/httpdocs/phpBB/.htaccess pcfg_openfile: unable to check htaccess file, ensure it is readable and that '/var/www/vhosts/saratogahistory.com/httpdocs/phpBB/' is executable, referer: http://www.saratogahistory.com/phpBB/index.php
[Tue Sep 29 23:58:16.256329 2020] [core:crit] [pid 16376:tid 139803655870208] (13)Permission denied: [client 62.210.188.222:55322] AH00529: /var/www/vhosts/saratogahistory.com/httpdocs/phpBB/.htaccess pcfg_openfile: unable to check htaccess file, ensure it is readable and that '/var/www/vhosts/saratogahistory.com/httpdocs/phpBB/' is executable
[Wed Sep 30 01:13:02.169938 2020] [core:crit] [pid 16376:tid 139803634890496] (13)Permission denied: [client 185.220.101.197:35186] AH00529: /var/www/vhosts/saratogahistory.com/httpdocs/phpBB/.htaccess pcfg_openfile: unable to check htaccess file, ensure it is readable and that '/var/www/vhosts/saratogahistory.com/httpdocs/phpBB/' is executable, referer: http://www.saratogahistory.com/phpBB/index.php
[Wed Sep 30 01:16:37.285224 2020] [core:crit] [pid 3951:tid 139803920152320] (13)Permission denied: [client 5.188.84.92:45834] AH00529: /var/www/vhosts/saratogahistory.com/httpdocs/phpBB/.htaccess pcfg_openfile: unable to check htaccess file, ensure it is readable and that '/var/www/vhosts/saratogahistory.com/httpdocs/phpBB/' is executable, referer: http://www.saratogahistory.com/phpBB/index.php
[Wed Sep 30 01:44:37.897809 2020] [core:crit] [pid 16376:tid 139803687339776] (13)Permission denied: [client 185.220.100.240:44638] AH00529: /var/www/vhosts/saratogahistory.com/httpdocs/phpBB/.htaccess pcfg_openfile: unable to check htaccess file, ensure it is readable and that '/var/www/vhosts/saratogahistory.com/httpdocs/phpBB/' is executable, referer: http://www.saratogahistory.com/phpBB/index.php
[Wed Sep 30 02:28:24.338954 2020] [core:crit] [pid 3952:tid 139803613910784] (13)Permission denied: [client 185.25.35.11:54690] AH00529: /var/www/vhosts/saratogahistory.com/httpdocs/phpBB/.htaccess pcfg_openfile: unable to check htaccess file, ensure it is readable and that '/var/www/vhosts/saratogahistory.com/httpdocs/phpBB/' is executable
[Wed Sep 30 02:54:05.773804 2020] [core:crit] [pid 3951:tid 139803624400640] (13)Permission denied: [client 5.188.84.251:42594] AH00529: /var/www/vhosts/saratogahistory.com/httpdocs/phpBB/.htaccess pcfg_openfile: unable to check htaccess file, ensure it is readable and that '/var/www/vhosts/saratogahistory.com/httpdocs/phpBB/' is executable, referer: http://www.saratogahistory.com/phpBB/index.php
[Wed Sep 30 03:02:47.675728 2020] [core:crit] [pid 3951:tid 139803909662464] (13)Permission denied: [client 185.25.35.11:38838] AH00529: /var/www/vhosts/saratogahistory.com/httpdocs/phpBB/.htaccess pcfg_openfile: unable to check htaccess file, ensure it is readable and that '/var/www/vhosts/saratogahistory.com/httpdocs/phpBB/' is executable
[Wed Sep 30 03:36:00.366160 2020] [core:crit] [pid 16376:tid 139803645380352] (13)Permission denied: [client 192.42.116.25:50038] AH00529: /var/www/vhosts/saratogahistory.com/httpdocs/phpBB/.htaccess pcfg_openfile: unable to check htaccess file, ensure it is readable and that '/var/www/vhosts/saratogahistory.com/httpdocs/phpBB/' is executable, referer: http://www.saratogahistory.com/phpBB/index.php
[Wed Sep 30 03:52:36.044496 2020] [core:crit] [pid 3951:tid 139803624400640] (13)Permission denied: [client 176.67.86.156:39940] AH00529: /var/www/vhosts/saratogahistory.com/httpdocs/phpBB/.htaccess pcfg_openfile: unable to check htaccess file, ensure it is readable and that '/var/www/vhosts/saratogahistory.com/httpdocs/phpBB/' is executable, referer: http://www.saratogahistory.com/phpBB/index.php
[Wed Sep 30 03:53:06.983982 2020] [core:crit] [pid 16376:tid 139803888682752] (13)Permission denied: [client 5.188.84.230:41280] AH00529: /var/www/vhosts/saratogahistory.com/httpdocs/phpBB/.htaccess pcfg_openfile: unable to check htaccess file, ensure it is readable and that '/var/www/vhosts/saratogahistory.com/httpdocs/phpBB/' is executable, referer: http://www.saratogahistory.com/phpBB/index.php
[Wed Sep 30 04:05:30.783063 2020] [core:crit] [pid 3951:tid 139803888682752] (13)Permission denied: [client 185.25.35.14:48316] AH00529: /var/www/vhosts/saratogahistory.com/httpdocs/phpBB/.htaccess pcfg_openfile: unable to check htaccess file, ensure it is readable and that '/var/www/vhosts/saratogahistory.com/httpdocs/phpBB/' is executable
[Wed Sep 30 04:16:06.034876 2020] [core:crit] [pid 16376:tid 139803592931072] (13)Permission denied: [client 185.25.35.8:54266] AH00529: /var/www/vhosts/saratogahistory.com/httpdocs/phpBB/.htaccess pcfg_openfile: unable to check htaccess file, ensure it is readable and that '/var/www/vhosts/saratogahistory.com/httpdocs/phpBB/' is executable
[Wed Sep 30 04:47:44.158126 2020] [core:crit] [pid 3951:tid 139803687339776] (13)Permission denied: [client 185.245.84.56:60058] AH00529: /var/www/vhosts/saratogahistory.com/httpdocs/phpBB/.htaccess pcfg_openfile: unable to check htaccess file, ensure it is readable and that '/var/www/vhosts/saratogahistory.com/httpdocs/phpBB/' is executable, referer: http://www.saratogahistory.com/phpBB/index.php
[Wed Sep 30 04:59:37.076558 2020] [core:crit] [pid 16376:tid 139803676849920] (13)Permission denied: [client 20.190.47.88:36166] AH00529: /var/www/vhosts/saratogahistory.com/httpdocs/phpBB/.htaccess pcfg_openfile: unable to check htaccess file, ensure it is readable and that '/var/www/vhosts/saratogahistory.com/httpdocs/phpBB/' is executable, referer: http://www.saratogahistory.com/
[Wed Sep 30 04:59:37.686200 2020] [core:crit] [pid 16376:tid 139803645380352] (13)Permission denied: [client 87.255.8.74:36194] AH00529: /var/www/vhosts/saratogahistory.com/httpdocs/phpBB/.htaccess pcfg_openfile: unable to check htaccess file, ensure it is readable and that '/var/www/vhosts/saratogahistory.com/httpdocs/phpBB/' is executable, referer: http://www.saratogahistory.com/
[Wed Sep 30 04:59:39.162663 2020] [core:crit] [pid 3951:tid 139803603420928] (13)Permission denied: [client 88.135.44.252:36272] AH00529: /var/www/vhosts/saratogahistory.com/httpdocs/phpBB/.htaccess pcfg_openfile: unable to check htaccess file, ensure it is readable and that '/var/www/vhosts/saratogahistory.com/httpdocs/phpBB/' is executable, referer: http://www.saratogahistory.com/
[Wed Sep 30 04:59:39.948567 2020] [core:crit] [pid 16376:tid 139803655870208] (13)Permission denied: [client 90.183.158.50:36334] AH00529: /var/www/vhosts/saratogahistory.com/httpdocs/phpBB/.htaccess pcfg_openfile: unable to check htaccess file, ensure it is readable and that '/var/www/vhosts/saratogahistory.com/httpdocs/phpBB/' is executable, referer: http://www.saratogahistory.com/
[Wed Sep 30 05:28:20.821989 2020] [core:crit] [pid 16376:tid 139803697829632] (13)Permission denied: [client 176.67.86.156:60942] AH00529: /var/www/vhosts/saratogahistory.com/httpdocs/phpBB/.htaccess pcfg_openfile: unable to check htaccess file, ensure it is readable and that '/var/www/vhosts/saratogahistory.com/httpdocs/phpBB/' is executable, referer: http://www.saratogahistory.com/phpBB/index.php
[Wed Sep 30 05:35:42.480337 2020] [core:crit] [pid 16376:tid 139803655870208] (13)Permission denied: [client 185.220.102.243:52842] AH00529: /var/www/vhosts/saratogahistory.com/httpdocs/phpBB/.htaccess pcfg_openfile: unable to check htaccess file, ensure it is readable and that '/var/www/vhosts/saratogahistory.com/httpdocs/phpBB/' is executable, referer: http://www.saratogahistory.com/phpBB/index.php
[Wed Sep 30 06:02:19.199383 2020] [proxy_fcgi:error] [pid 3951:tid 139803697829632] [client 106.53.18.22:39472] AH01071: Got error 'Primary script unknown\n'
[Wed Sep 30 06:30:53.228697 2020] [core:crit] [pid 16376:tid 139803613910784] (13)Permission denied: [client 62.76.229.231:60364] AH00529: /var/www/vhosts/saratogahistory.com/httpdocs/phpBB/.htaccess pcfg_openfile: unable to check htaccess file, ensure it is readable and that '/var/www/vhosts/saratogahistory.com/httpdocs/phpBB/' is executable, referer: http://www.saratogahistory.com/phpBB/index.php
[Wed Sep 30 06:50:31.148596 2020] [core:crit] [pid 16376:tid 139803655870208] (13)Permission denied: [client 185.245.84.56:59934] AH00529: /var/www/vhosts/saratogahistory.com/httpdocs/phpBB/.htaccess pcfg_openfile: unable to check htaccess file, ensure it is readable and that '/var/www/vhosts/saratogahistory.com/httpdocs/phpBB/' is executable, referer: http://www.saratogahistory.com/phpBB/index.php
[Wed Sep 30 07:02:43.509019 2020] [core:crit] [pid 16376:tid 139803676849920] (13)Permission denied: [client 192.42.116.26:60956] AH00529: /var/www/vhosts/saratogahistory.com/httpdocs/phpBB/.htaccess pcfg_openfile: unable to check htaccess file, ensure it is readable and that '/var/www/vhosts/saratogahistory.com/httpdocs/phpBB/' is executable, referer: http://www.saratogahistory.com/phpBB/index.php
[Wed Sep 30 07:38:21.722875 2020] [core:crit] [pid 3951:tid 139803645380352] (13)Permission denied: [client 51.195.150.135:33922] AH00529: /var/www/vhosts/saratogahistory.com/httpdocs/phpBB/.htaccess pcfg_openfile: unable to check htaccess file, ensure it is readable and that '/var/www/vhosts/saratogahistory.com/httpdocs/phpBB/' is executable, referer: http://www.saratogahistory.com/phpBB/index.php
[Wed Sep 30 08:00:56.462674 2020] [core:crit] [pid 16376:tid 139803781748480] (13)Permission denied: [client 199.167.138.22:56194] AH00529: /var/www/vhosts/saratogahistory.com/httpdocs/phpBB/.htaccess pcfg_openfile: unable to check htaccess file, ensure it is readable and that '/var/www/vhosts/saratogahistory.com/httpdocs/phpBB/' is executable, referer: http://www.saratogahistory.com/phpBB/profile.php?mode=register&agreed=true
[Wed Sep 30 08:01:58.246340 2020] [core:crit] [pid 16376:tid 139803718809344] (13)Permission denied: [client 45.64.134.198:58256] AH00529: /var/www/vhosts/saratogahistory.com/httpdocs/phpBB/.htaccess pcfg_openfile: unable to check htaccess file, ensure it is readable and that '/var/www/vhosts/saratogahistory.com/httpdocs/phpBB/' is executable, referer: http://www.saratogahistory.com/phpBB/index.php
[Wed Sep 30 08:01:59.439216 2020] [core:crit] [pid 3951:tid 139803909662464] (13)Permission denied: [client 39.106.223.134:58322] AH00529: /var/www/vhosts/saratogahistory.com/httpdocs/phpBB/.htaccess pcfg_openfile: unable to check htaccess file, ensure it is readable and that '/var/www/vhosts/saratogahistory.com/httpdocs/phpBB/' is executable, referer: http://www.saratogahistory.com/phpBB/index.php
[Wed Sep 30 08:31:15.205753 2020] [core:crit] [pid 3951:tid 139803697829632] (13)Permission denied: [client 185.25.35.15:38132] AH00529: /var/www/vhosts/saratogahistory.com/httpdocs/phpBB/.htaccess pcfg_openfile: unable to check htaccess file, ensure it is readable and that '/var/www/vhosts/saratogahistory.com/httpdocs/phpBB/' is executable
[Wed Sep 30 08:47:40.545775 2020] [core:crit] [pid 16376:tid 139803771258624] (13)Permission denied: [client 37.115.221.193:49360] AH00529: /var/www/vhosts/saratogahistory.com/httpdocs/phpBB/.htaccess pcfg_openfile: unable to check htaccess file, ensure it is readable and that '/var/www/vhosts/saratogahistory.com/httpdocs/phpBB/' is executable, referer: http://www.saratogahistory.com/phpBB/index.php
[Wed Sep 30 08:49:28.613962 2020] [core:crit] [pid 16376:tid 139803708319488] (13)Permission denied: [client 195.81.112.162:52896] AH00529: /var/www/vhosts/saratogahistory.com/httpdocs/phpBB/.htaccess pcfg_openfile: unable to check htaccess file, ensure it is readable and that '/var/www/vhosts/saratogahistory.com/httpdocs/phpBB/' is executable, referer: http://www.saratogahistory.com/
[Wed Sep 30 08:52:40.652969 2020] [core:crit] [pid 16376:tid 139803687339776] (13)Permission denied: [client 5.196.23.219:59636] AH00529: /var/www/vhosts/saratogahistory.com/httpdocs/phpBB/.htaccess pcfg_openfile: unable to check htaccess file, ensure it is readable and that '/var/www/vhosts/saratogahistory.com/httpdocs/phpBB/' is executable, referer: http://www.saratogahistory.com/phpBB/index.php
[Wed Sep 30 08:52:44.774661 2020] [core:crit] [pid 16376:tid 139803666360064] (13)Permission denied: [client 185.134.23.196:59736] AH00529: /var/www/vhosts/saratogahistory.com/httpdocs/phpBB/.htaccess pcfg_openfile: unable to check htaccess file, ensure it is readable and that '/var/www/vhosts/saratogahistory.com/httpdocs/phpBB/' is executable, referer: http://www.saratogahistory.com/phpbb/index.php
[Wed Sep 30 09:08:16.114826 2020] [core:crit] [pid 16376:tid 139803909662464] (13)Permission denied: [client 185.25.35.8:33794] AH00529: /var/www/vhosts/saratogahistory.com/httpdocs/phpBB/.htaccess pcfg_openfile: unable to check htaccess file, ensure it is readable and that '/var/www/vhosts/saratogahistory.com/httpdocs/phpBB/' is executable
[Wed Sep 30 09:36:00.020066 2020] [core:crit] [pid 3951:tid 139803676849920] (13)Permission denied: [client 198.251.83.73:38642] AH00529: /var/www/vhosts/saratogahistory.com/httpdocs/phpBB/.htaccess pcfg_openfile: unable to check htaccess file, ensure it is readable and that '/var/www/vhosts/saratogahistory.com/httpdocs/phpBB/' is executable, referer: http://www.saratogahistory.com/phpBB/index.php
[Wed Sep 30 09:45:43.222931 2020] [proxy_fcgi:error] [pid 3951:tid 139803655870208] [client 129.226.177.249:40936] AH01071: Got error 'Primary script unknown\n', referer: http://saratogahistory.com/wp-login.php
[Wed Sep 30 10:11:50.482990 2020] [core:crit] [pid 3952:tid 139803920152320] (13)Permission denied: [client 185.25.35.11:55036] AH00529: /var/www/vhosts/saratogahistory.com/httpdocs/phpBB/.htaccess pcfg_openfile: unable to check htaccess file, ensure it is readable and that '/var/www/vhosts/saratogahistory.com/httpdocs/phpBB/' is executable
[Wed Sep 30 10:15:14.567401 2020] [core:crit] [pid 3952:tid 139803909662464] (13)Permission denied: [client 109.70.100.48:38274] AH00529: /var/www/vhosts/saratogahistory.com/httpdocs/phpBB/.htaccess pcfg_openfile: unable to check htaccess file, ensure it is readable and that '/var/www/vhosts/saratogahistory.com/httpdocs/phpBB/' is executable, referer: http://www.saratogahistory.com/phpBB/index.php
[Wed Sep 30 10:25:47.782535 2020] [core:crit] [pid 16376:tid 139803739789056] (13)Permission denied: [client 185.25.35.10:60194] AH00529: /var/www/vhosts/saratogahistory.com/httpdocs/phpBB/.htaccess pcfg_openfile: unable to check htaccess file, ensure it is readable and that '/var/www/vhosts/saratogahistory.com/httpdocs/phpBB/' is executable
[Wed Sep 30 10:27:07.255096 2020] [core:crit] [pid 3951:tid 139803792238336] (13)Permission denied: [client 206.123.139.230:34392] AH00529: /var/www/vhosts/saratogahistory.com/httpdocs/phpBB/.htaccess pcfg_openfile: unable to check htaccess file, ensure it is readable and that '/var/www/vhosts/saratogahistory.com/httpdocs/phpBB/' is executable, referer: http://www.saratogahistory.com/phpBB/index.php
[Wed Sep 30 11:34:20.996652 2020] [core:crit] [pid 3951:tid 139803645380352] (13)Permission denied: [client 35.0.127.52:38358] AH00529: /var/www/vhosts/saratogahistory.com/httpdocs/phpBB/.htaccess pcfg_openfile: unable to check htaccess file, ensure it is readable and that '/var/www/vhosts/saratogahistory.com/httpdocs/phpBB/' is executable, referer: http://www.saratogahistory.com/phpBB/index.php
[Wed Sep 30 11:43:32.133388 2020] [core:crit] [pid 16376:tid 139803676849920] (13)Permission denied: [client 23.95.188.190:58920] AH00529: /var/www/vhosts/saratogahistory.com/httpdocs/phpBB/.htaccess pcfg_openfile: unable to check htaccess file, ensure it is readable and that '/var/www/vhosts/saratogahistory.com/httpdocs/phpBB/' is executable, referer: http://saratogahistory.com/phpBB/index.php
[Wed Sep 30 11:43:32.693284 2020] [core:crit] [pid 16376:tid 139803645380352] (13)Permission denied: [client 138.128.11.244:58950] AH00529: /var/www/vhosts/saratogahistory.com/httpdocs/phpBB/.htaccess pcfg_openfile: unable to check htaccess file, ensure it is readable and that '/var/www/vhosts/saratogahistory.com/httpdocs/phpBB/' is executable, referer: http://www.saratogahistory.com/
[Wed Sep 30 11:43:33.363572 2020] [core:crit] [pid 3951:tid 139803592931072] (13)Permission denied: [client 192.186.143.16:58968] AH00529: /var/www/vhosts/saratogahistory.com/httpdocs/phpBB/.htaccess pcfg_openfile: unable to check htaccess file, ensure it is readable and that '/var/www/vhosts/saratogahistory.com/httpdocs/phpBB/' is executable, referer: http://www.saratogahistory.com/
[Wed Sep 30 11:43:33.914812 2020] [core:crit] [pid 16376:tid 139803655870208] (13)Permission denied: [client 198.12.125.245:58998] AH00529: /var/www/vhosts/saratogahistory.com/httpdocs/phpBB/.htaccess pcfg_openfile: unable to check htaccess file, ensure it is readable and that '/var/www/vhosts/saratogahistory.com/httpdocs/phpBB/' is executable, referer: http://www.saratogahistory.com/
[Wed Sep 30 13:16:02.032068 2020] [core:crit] [pid 3951:tid 139803655870208] (13)Permission denied: [client 51.15.82.176:42996] AH00529: /var/www/vhosts/saratogahistory.com/httpdocs/phpBB/.htaccess pcfg_openfile: unable to check htaccess file, ensure it is readable and that '/var/www/vhosts/saratogahistory.com/httpdocs/phpBB/' is executable, referer: http://www.saratogahistory.com/phpBB/index.php
[Wed Sep 30 13:37:33.825152 2020] [core:crit] [pid 3952:tid 139803634890496] (13)Permission denied: [client 109.70.100.49:50798] AH00529: /var/www/vhosts/saratogahistory.com/httpdocs/phpBB/.htaccess pcfg_openfile: unable to check htaccess file, ensure it is readable and that '/var/www/vhosts/saratogahistory.com/httpdocs/phpBB/' is executable, referer: http://www.saratogahistory.com/phpBB/index.php
[Wed Sep 30 14:05:19.201674 2020] [core:crit] [pid 16376:tid 139803771258624] (13)Permission denied: [client 199.249.230.71:40522] AH00529: /var/www/vhosts/saratogahistory.com/httpdocs/phpBB/.htaccess pcfg_openfile: unable to check htaccess file, ensure it is readable and that '/var/www/vhosts/saratogahistory.com/httpdocs/phpBB/' is executable, referer: http://www.saratogahistory.com/phpBB/index.php
[Wed Sep 30 14:19:52.006534 2020] [core:crit] [pid 3952:tid 139803666360064] (13)Permission denied: [client 195.154.60.85:35690] AH00529: /var/www/vhosts/saratogahistory.com/httpdocs/phpBB/.htaccess pcfg_openfile: unable to check htaccess file, ensure it is readable and that '/var/www/vhosts/saratogahistory.com/httpdocs/phpBB/' is executable, referer: http://www.saratogahistory.com/phpBB/index.php
[Wed Sep 30 14:48:13.455329 2020] [core:crit] [pid 3951:tid 139803687339776] (13)Permission denied: [client 185.25.35.12:57334] AH00529: /var/www/vhosts/saratogahistory.com/httpdocs/phpBB/.htaccess pcfg_openfile: unable to check htaccess file, ensure it is readable and that '/var/www/vhosts/saratogahistory.com/httpdocs/phpBB/' is executable
[Wed Sep 30 15:13:08.418860 2020] [core:crit] [pid 3951:tid 139803592931072] (13)Permission denied: [client 178.214.254.165:44188] AH00529: /var/www/vhosts/saratogahistory.com/httpdocs/phpBB/.htaccess pcfg_openfile: unable to check htaccess file, ensure it is readable and that '/var/www/vhosts/saratogahistory.com/httpdocs/phpBB/' is executable, referer: http://www.saratogahistory.com/phpBB/index.php
[Wed Sep 30 15:27:08.312386 2020] [core:crit] [pid 16376:tid 139803792238336] (13)Permission denied: [client 185.25.35.10:38934] AH00529: /var/www/vhosts/saratogahistory.com/httpdocs/phpBB/.htaccess pcfg_openfile: unable to check htaccess file, ensure it is readable and that '/var/www/vhosts/saratogahistory.com/httpdocs/phpBB/' is executable
[Wed Sep 30 15:36:07.715781 2020] [core:crit] [pid 3951:tid 139803909662464] (13)Permission denied: [client 176.119.30.4:53674] AH00529: /var/www/vhosts/saratogahistory.com/httpdocs/phpBB/.htaccess pcfg_openfile: unable to check htaccess file, ensure it is readable and that '/var/www/vhosts/saratogahistory.com/httpdocs/phpBB/' is executable, referer: http://www.saratogahistory.com/phpBB/index.php
[Wed Sep 30 16:29:32.409866 2020] [core:crit] [pid 3951:tid 139803624400640] (13)Permission denied: [client 185.25.35.15:37316] AH00529: /var/www/vhosts/saratogahistory.com/httpdocs/phpBB/.htaccess pcfg_openfile: unable to check htaccess file, ensure it is readable and that '/var/www/vhosts/saratogahistory.com/httpdocs/phpBB/' is executable
[Wed Sep 30 16:41:31.439403 2020] [core:crit] [pid 3951:tid 139803802728192] (13)Permission denied: [client 185.25.35.15:58882] AH00529: /var/www/vhosts/saratogahistory.com/httpdocs/phpBB/.htaccess pcfg_openfile: unable to check htaccess file, ensure it is readable and that '/var/www/vhosts/saratogahistory.com/httpdocs/phpBB/' is executable
[Wed Sep 30 17:35:42.958737 2020] [core:crit] [pid 3951:tid 139803603420928] (13)Permission denied: [client 45.154.255.75:40246] AH00529: /var/www/vhosts/saratogahistory.com/httpdocs/phpBB/.htaccess pcfg_openfile: unable to check htaccess file, ensure it is readable and that '/var/www/vhosts/saratogahistory.com/httpdocs/phpBB/' is executable, referer: http://www.saratogahistory.com/phpBB/index.php
[Wed Sep 30 17:36:06.048986 2020] [core:crit] [pid 16376:tid 139803634890496] (13)Permission denied: [client 51.195.136.190:40772] AH00529: /var/www/vhosts/saratogahistory.com/httpdocs/phpBB/.htaccess pcfg_openfile: unable to check htaccess file, ensure it is readable and that '/var/www/vhosts/saratogahistory.com/httpdocs/phpBB/' is executable, referer: http://www.saratogahistory.com/phpBB/index.php
[Wed Sep 30 18:43:22.038374 2020] [core:crit] [pid 16376:tid 139803792238336] (13)Permission denied: [client 46.243.220.227:44244] AH00529: /var/www/vhosts/saratogahistory.com/httpdocs/phpBB/.htaccess pcfg_openfile: unable to check htaccess file, ensure it is readable and that '/var/www/vhosts/saratogahistory.com/httpdocs/phpBB/' is executable, referer: http://www.saratogahistory.com/phpBB/index.php
[Wed Sep 30 18:43:24.863745 2020] [core:crit] [pid 16376:tid 139803909662464] (13)Permission denied: [client 46.243.220.227:44306] AH00529: /var/www/vhosts/saratogahistory.com/httpdocs/phpBB/.htaccess pcfg_openfile: unable to check htaccess file, ensure it is readable and that '/var/www/vhosts/saratogahistory.com/httpdocs/phpBB/' is executable, referer: http://www.saratogahistory.com/phpBB/index.php
[Wed Sep 30 18:51:47.452720 2020] [core:crit] [pid 16376:tid 139803718809344] (13)Permission denied: [client 178.159.37.58:56800] AH00529: /var/www/vhosts/saratogahistory.com/httpdocs/phpBB/.htaccess pcfg_openfile: unable to check htaccess file, ensure it is readable and that '/var/www/vhosts/saratogahistory.com/httpdocs/phpBB/' is executable, referer: http://www.saratogahistory.com/phpBB/index.php
[Wed Sep 30 19:34:01.414060 2020] [core:crit] [pid 16376:tid 139803729299200] (13)Permission denied: [client 178.17.171.53:40962] AH00529: /var/www/vhosts/saratogahistory.com/httpdocs/phpBB/.htaccess pcfg_openfile: unable to check htaccess file, ensure it is readable and that '/var/www/vhosts/saratogahistory.com/httpdocs/phpBB/' is executable, referer: http://www.saratogahistory.com/phpBB/index.php
[Wed Sep 30 19:45:22.459872 2020] [core:crit] [pid 16376:tid 139803592931072] (13)Permission denied: [client 151.80.237.96:58258] AH00529: /var/www/vhosts/saratogahistory.com/httpdocs/phpBB/.htaccess pcfg_openfile: unable to check htaccess file, ensure it is readable and that '/var/www/vhosts/saratogahistory.com/httpdocs/phpBB/' is executable, referer: http://www.saratogahistory.com/phpBB/index.php
[Wed Sep 30 20:53:53.711574 2020] [core:crit] [pid 3951:tid 139803802728192] (13)Permission denied: [client 198.144.149.253:50376] AH00529: /var/www/vhosts/saratogahistory.com/httpdocs/phpBB/.htaccess pcfg_openfile: unable to check htaccess file, ensure it is readable and that '/var/www/vhosts/saratogahistory.com/httpdocs/phpBB/' is executable, referer: http://www.saratogahistory.com/phpBB/profile.php?mode=register&agreed=true
[Wed Sep 30 21:04:02.485446 2020] [core:crit] [pid 3951:tid 139803708319488] (13)Permission denied: [client 198.144.120.223:38534] AH00529: /var/www/vhosts/saratogahistory.com/httpdocs/phpBB/.htaccess pcfg_openfile: unable to check htaccess file, ensure it is readable and that '/var/www/vhosts/saratogahistory.com/httpdocs/phpBB/' is executable, referer: http://www.saratogahistory.com/phpBB/index.php
[Wed Sep 30 21:04:44.081931 2020] [core:crit] [pid 3951:tid 139803687339776] (13)Permission denied: [client 185.25.35.15:39596] AH00529: /var/www/vhosts/saratogahistory.com/httpdocs/phpBB/.htaccess pcfg_openfile: unable to check htaccess file, ensure it is readable and that '/var/www/vhosts/saratogahistory.com/httpdocs/phpBB/' is executable
[Wed Sep 30 21:36:25.236559 2020] [core:crit] [pid 16376:tid 139803624400640] (13)Permission denied: [client 217.182.192.217:60482] AH00529: /var/www/vhosts/saratogahistory.com/httpdocs/phpBB/.htaccess pcfg_openfile: unable to check htaccess file, ensure it is readable and that '/var/www/vhosts/saratogahistory.com/httpdocs/phpBB/' is executable, referer: http://www.saratogahistory.com/phpBB/index.php
[Wed Sep 30 21:49:10.299326 2020] [core:crit] [pid 16376:tid 139803802728192] (13)Permission denied: [client 5.188.210.18:52906] AH00529: /var/www/vhosts/saratogahistory.com/httpdocs/phpBB/.htaccess pcfg_openfile: unable to check htaccess file, ensure it is readable and that '/var/www/vhosts/saratogahistory.com/httpdocs/phpBB/' is executable, referer: http://www.saratogahistory.com/phpBB/index.php
[Wed Sep 30 21:54:54.523470 2020] [core:crit] [pid 16376:tid 139803592931072] (13)Permission denied: [client 185.25.35.8:33196] AH00529: /var/www/vhosts/saratogahistory.com/httpdocs/phpBB/.htaccess pcfg_openfile: unable to check htaccess file, ensure it is readable and that '/var/www/vhosts/saratogahistory.com/httpdocs/phpBB/' is executable
[Wed Sep 30 22:47:04.064815 2020] [core:crit] [pid 3952:tid 139803899172608] (13)Permission denied: [client 185.25.35.8:57168] AH00529: /var/www/vhosts/saratogahistory.com/httpdocs/phpBB/.htaccess pcfg_openfile: unable to check htaccess file, ensure it is readable and that '/var/www/vhosts/saratogahistory.com/httpdocs/phpBB/' is executable
[Wed Sep 30 22:55:06.870546 2020] [core:crit] [pid 3951:tid 139803666360064] (13)Permission denied: [client 46.243.220.227:40278] AH00529: /var/www/vhosts/saratogahistory.com/httpdocs/phpBB/.htaccess pcfg_openfile: unable to check htaccess file, ensure it is readable and that '/var/www/vhosts/saratogahistory.com/httpdocs/phpBB/' is executable, referer: http://www.saratogahistory.com/phpBB/index.php
[Wed Sep 30 22:56:54.391600 2020] [core:crit] [pid 16376:tid 139803613910784] (13)Permission denied: [client 185.25.35.14:42624] AH00529: /var/www/vhosts/saratogahistory.com/httpdocs/phpBB/.htaccess pcfg_openfile: unable to check htaccess file, ensure it is readable and that '/var/www/vhosts/saratogahistory.com/httpdocs/phpBB/' is executable
[Wed Sep 30 23:33:56.649054 2020] [core:crit] [pid 16376:tid 139803634890496] (13)Permission denied: [client 60.255.151.82:38626] AH00529: /var/www/vhosts/saratogahistory.com/httpdocs/phpBB/.htaccess pcfg_openfile: unable to check htaccess file, ensure it is readable and that '/var/www/vhosts/saratogahistory.com/httpdocs/phpBB/' is executable, referer: http://www.saratogahistory.com/phpBB/index.php
[Wed Sep 30 23:39:24.560379 2020] [core:crit] [pid 16376:tid 139803909662464] (13)Permission denied: [client 185.220.100.250:46018] AH00529: /var/www/vhosts/saratogahistory.com/httpdocs/phpBB/.htaccess pcfg_openfile: unable to check htaccess file, ensure it is readable and that '/var/www/vhosts/saratogahistory.com/httpdocs/phpBB/' is executable, referer: http://www.saratogahistory.com/phpBB/index.php
[Wed Sep 30 23:59:55.621860 2020] [core:crit] [pid 16376:tid 139803676849920] (13)Permission denied: [client 178.214.254.165:47904] AH00529: /var/www/vhosts/saratogahistory.com/httpdocs/phpBB/.htaccess pcfg_openfile: unable to check htaccess file, ensure it is readable and that '/var/www/vhosts/saratogahistory.com/httpdocs/phpBB/' is executable, referer: http://www.saratogahistory.com/phpBB/index.php
[Thu Oct 01 01:29:04.626315 2020] [core:crit] [pid 16376:tid 139803603420928] (13)Permission denied: [client 89.229.155.198:37862] AH00529: /var/www/vhosts/saratogahistory.com/httpdocs/phpBB/.htaccess pcfg_openfile: unable to check htaccess file, ensure it is readable and that '/var/www/vhosts/saratogahistory.com/httpdocs/phpBB/' is executable, referer: http://www.saratogahistory.com/phpBB/index.php
[Thu Oct 01 01:34:04.454504 2020] [core:crit] [pid 16376:tid 139803899172608] (13)Permission denied: [client 82.102.18.60:45218] AH00529: /var/www/vhosts/saratogahistory.com/httpdocs/phpBB/.htaccess pcfg_openfile: unable to check htaccess file, ensure it is readable and that '/var/www/vhosts/saratogahistory.com/httpdocs/phpBB/' is executable, referer: http://www.saratogahistory.com/phpBB/
[Thu Oct 01 01:38:10.783501 2020] [core:crit] [pid 3952:tid 139803718809344] (13)Permission denied: [client 185.220.101.194:50586] AH00529: /var/www/vhosts/saratogahistory.com/httpdocs/phpBB/.htaccess pcfg_openfile: unable to check htaccess file, ensure it is readable and that '/var/www/vhosts/saratogahistory.com/httpdocs/phpBB/' is executable, referer: http://www.saratogahistory.com/phpBB/index.php
[Thu Oct 01 01:47:41.386292 2020] [core:crit] [pid 3951:tid 139803802728192] (13)Permission denied: [client 119.45.124.9:44260] AH00529: /var/www/vhosts/saratogahistory.com/httpdocs/phpBB/.htaccess pcfg_openfile: unable to check htaccess file, ensure it is readable and that '/var/www/vhosts/saratogahistory.com/httpdocs/phpBB/' is executable
[Thu Oct 01 01:47:42.558270 2020] [core:crit] [pid 3952:tid 139803708319488] (13)Permission denied: [client 119.45.124.9:44294] AH00529: /var/www/vhosts/saratogahistory.com/httpdocs/phpBB/.htaccess pcfg_openfile: unable to check htaccess file, ensure it is readable and that '/var/www/vhosts/saratogahistory.com/httpdocs/phpBB/' is executable
[Thu Oct 01 01:47:43.052200 2020] [core:crit] [pid 3950:tid 139803771258624] (13)Permission denied: [client 119.45.124.9:44298] AH00529: /var/www/vhosts/saratogahistory.com/httpdocs/phpBB/.htaccess pcfg_openfile: unable to check htaccess file, ensure it is readable and that '/var/www/vhosts/saratogahistory.com/httpdocs/phpBB/' is executable
[Thu Oct 01 02:28:46.731379 2020] [core:crit] [pid 3951:tid 139803645380352] (13)Permission denied: [client 66.249.64.28:42938] AH00529: /var/www/vhosts/saratogahistory.com/httpdocs/phpBB/.htaccess pcfg_openfile: unable to check htaccess file, ensure it is readable and that '/var/www/vhosts/saratogahistory.com/httpdocs/phpBB/' is executable
[Thu Oct 01 02:38:23.958506 2020] [core:crit] [pid 16376:tid 139803676849920] (13)Permission denied: [client 31.220.40.237:35570] AH00529: /var/www/vhosts/saratogahistory.com/httpdocs/phpBB/.htaccess pcfg_openfile: unable to check htaccess file, ensure it is readable and that '/var/www/vhosts/saratogahistory.com/httpdocs/phpBB/' is executable, referer: http://www.saratogahistory.com/phpBB/index.php
[Thu Oct 01 03:11:19.815893 2020] [core:crit] [pid 3951:tid 139803624400640] (13)Permission denied: [client 185.25.35.10:49206] AH00529: /var/www/vhosts/saratogahistory.com/httpdocs/phpBB/.htaccess pcfg_openfile: unable to check htaccess file, ensure it is readable and that '/var/www/vhosts/saratogahistory.com/httpdocs/phpBB/' is executable
[Thu Oct 01 03:37:46.982626 2020] [core:crit] [pid 16376:tid 139803676849920] (13)Permission denied: [client 96.44.133.110:51776] AH00529: /var/www/vhosts/saratogahistory.com/httpdocs/phpBB/.htaccess pcfg_openfile: unable to check htaccess file, ensure it is readable and that '/var/www/vhosts/saratogahistory.com/httpdocs/phpBB/' is executable, referer: http://www.saratogahistory.com/phpBB/download.php?id=321&sid=66122311e9da3c44dadda2e01e38512f
[Thu Oct 01 03:37:53.647148 2020] [proxy_fcgi:error] [pid 16376:tid 139803645380352] [client 96.44.133.110:51996] AH01071: Got error 'Primary script unknown\n', referer: http://www.saratogahistory.com/index.php
[Thu Oct 01 03:37:55.694362 2020] [proxy_fcgi:error] [pid 3951:tid 139803888682752] [client 96.44.133.110:52060] AH01071: Got error 'Primary script unknown\n', referer: http://www.saratogahistory.com/index.php
[Thu Oct 01 03:37:57.490453 2020] [proxy_fcgi:error] [pid 3952:tid 139803708319488] [client 96.44.133.110:52128] AH01071: Got error 'Primary script unknown\n', referer: http://www.saratogahistory.com/index.php
[Thu Oct 01 03:38:15.990687 2020] [core:crit] [pid 16376:tid 139803624400640] (13)Permission denied: [client 109.70.100.43:53038] AH00529: /var/www/vhosts/saratogahistory.com/httpdocs/phpBB/.htaccess pcfg_openfile: unable to check htaccess file, ensure it is readable and that '/var/www/vhosts/saratogahistory.com/httpdocs/phpBB/' is executable, referer: http://www.saratogahistory.com/phpBB/index.php
[Thu Oct 01 03:49:04.071456 2020] [core:crit] [pid 16376:tid 139803750278912] (13)Permission denied: [client 185.25.35.8:48466] AH00529: /var/www/vhosts/saratogahistory.com/httpdocs/phpBB/.htaccess pcfg_openfile: unable to check htaccess file, ensure it is readable and that '/var/www/vhosts/saratogahistory.com/httpdocs/phpBB/' is executable
[Thu Oct 01 04:53:18.496147 2020] [core:crit] [pid 3951:tid 139803613910784] (13)Permission denied: [client 85.254.72.27:54882] AH00529: /var/www/vhosts/saratogahistory.com/httpdocs/phpBB/.htaccess pcfg_openfile: unable to check htaccess file, ensure it is readable and that '/var/www/vhosts/saratogahistory.com/httpdocs/phpBB/' is executable, referer: http://www.saratogahistory.com/phpBB/index.php
[Thu Oct 01 04:55:10.891055 2020] [core:crit] [pid 16376:tid 139803802728192] (13)Permission denied: [client 185.25.35.10:58834] AH00529: /var/www/vhosts/saratogahistory.com/httpdocs/phpBB/.htaccess pcfg_openfile: unable to check htaccess file, ensure it is readable and that '/var/www/vhosts/saratogahistory.com/httpdocs/phpBB/' is executable
[Thu Oct 01 05:08:56.752178 2020] [core:crit] [pid 16376:tid 139803718809344] (13)Permission denied: [client 185.25.35.12:60274] AH00529: /var/www/vhosts/saratogahistory.com/httpdocs/phpBB/.htaccess pcfg_openfile: unable to check htaccess file, ensure it is readable and that '/var/www/vhosts/saratogahistory.com/httpdocs/phpBB/' is executable
[Thu Oct 01 05:37:07.052743 2020] [core:crit] [pid 16376:tid 139803792238336] (13)Permission denied: [client 109.70.100.52:33452] AH00529: /var/www/vhosts/saratogahistory.com/httpdocs/phpBB/.htaccess pcfg_openfile: unable to check htaccess file, ensure it is readable and that '/var/www/vhosts/saratogahistory.com/httpdocs/phpBB/' is executable, referer: http://www.saratogahistory.com/phpBB/index.php
[Thu Oct 01 05:59:05.684038 2020] [core:crit] [pid 16376:tid 139803920152320] (13)Permission denied: [client 176.67.86.156:54058] AH00529: /var/www/vhosts/saratogahistory.com/httpdocs/phpBB/.htaccess pcfg_openfile: unable to check htaccess file, ensure it is readable and that '/var/www/vhosts/saratogahistory.com/httpdocs/phpBB/' is executable, referer: http://www.saratogahistory.com/phpBB/index.php
[Thu Oct 01 06:38:44.472168 2020] [core:crit] [pid 16376:tid 139803909662464] (13)Permission denied: [client 188.126.89.132:59952] AH00529: /var/www/vhosts/saratogahistory.com/httpdocs/phpBB/.htaccess pcfg_openfile: unable to check htaccess file, ensure it is readable and that '/var/www/vhosts/saratogahistory.com/httpdocs/phpBB/' is executable, referer: http://www.saratogahistory.com/phpBB/index.php
[Thu Oct 01 07:40:26.395348 2020] [core:crit] [pid 3951:tid 139803899172608] (13)Permission denied: [client 104.244.74.169:59132] AH00529: /var/www/vhosts/saratogahistory.com/httpdocs/phpBB/.htaccess pcfg_openfile: unable to check htaccess file, ensure it is readable and that '/var/www/vhosts/saratogahistory.com/httpdocs/phpBB/' is executable, referer: http://www.saratogahistory.com/phpBB/index.php
[Thu Oct 01 07:45:48.698608 2020] [core:crit] [pid 16376:tid 139803687339776] (13)Permission denied: [client 104.244.76.39:43536] AH00529: /var/www/vhosts/saratogahistory.com/httpdocs/phpBB/.htaccess pcfg_openfile: unable to check htaccess file, ensure it is readable and that '/var/www/vhosts/saratogahistory.com/httpdocs/phpBB/' is executable, referer: http://www.saratogahistory.com/phpBB/index.php
[Thu Oct 01 07:58:47.497211 2020] [core:crit] [pid 3951:tid 139803750278912] (13)Permission denied: [client 192.160.102.166:44082] AH00529: /var/www/vhosts/saratogahistory.com/httpdocs/phpBB/.htaccess pcfg_openfile: unable to check htaccess file, ensure it is readable and that '/var/www/vhosts/saratogahistory.com/httpdocs/phpBB/' is executable, referer: http://www.saratogahistory.com/phpBB/index.php
[Thu Oct 01 09:21:59.979106 2020] [core:crit] [pid 3951:tid 139803708319488] (13)Permission denied: [client 185.25.35.11:52956] AH00529: /var/www/vhosts/saratogahistory.com/httpdocs/phpBB/.htaccess pcfg_openfile: unable to check htaccess file, ensure it is readable and that '/var/www/vhosts/saratogahistory.com/httpdocs/phpBB/' is executable
[Thu Oct 01 09:38:39.537298 2020] [core:crit] [pid 3951:tid 139803676849920] (13)Permission denied: [client 185.220.102.250:55750] AH00529: /var/www/vhosts/saratogahistory.com/httpdocs/phpBB/.htaccess pcfg_openfile: unable to check htaccess file, ensure it is readable and that '/var/www/vhosts/saratogahistory.com/httpdocs/phpBB/' is executable, referer: http://www.saratogahistory.com/phpBB/index.php
[Thu Oct 01 09:43:51.519593 2020] [core:crit] [pid 16376:tid 139803624400640] (13)Permission denied: [client 141.101.7.201:46124] AH00529: /var/www/vhosts/saratogahistory.com/httpdocs/phpBB/.htaccess pcfg_openfile: unable to check htaccess file, ensure it is readable and that '/var/www/vhosts/saratogahistory.com/httpdocs/phpBB/' is executable, referer: http://www.saratogahistory.com/phpBB/index.php
[Thu Oct 01 09:43:52.644018 2020] [proxy_fcgi:error] [pid 16376:tid 139803592931072] [client 141.101.7.201:46188] AH01071: Got error 'Primary script unknown\n', referer: http://www.saratogahistory.com/index.php
[Thu Oct 01 09:43:52.956480 2020] [proxy_fcgi:error] [pid 3951:tid 139803634890496] [client 141.101.7.201:46198] AH01071: Got error 'Primary script unknown\n', referer: http://www.saratogahistory.com/index.php
[Thu Oct 01 09:43:53.280536 2020] [proxy_fcgi:error] [pid 16376:tid 139803613910784] [client 141.101.7.201:46214] AH01071: Got error 'Primary script unknown\n', referer: http://www.saratogahistory.com/index.php
[Thu Oct 01 09:50:39.231771 2020] [proxy_fcgi:error] [pid 16376:tid 139803899172608] [client 13.78.140.29:41656] AH01071: Got error 'Primary script unknown\n'
[Thu Oct 01 09:59:02.879934 2020] [core:crit] [pid 16376:tid 139803909662464] (13)Permission denied: [client 185.25.35.15:33110] AH00529: /var/www/vhosts/saratogahistory.com/httpdocs/phpBB/.htaccess pcfg_openfile: unable to check htaccess file, ensure it is readable and that '/var/www/vhosts/saratogahistory.com/httpdocs/phpBB/' is executable
[Thu Oct 01 11:04:55.265127 2020] [core:crit] [pid 3952:tid 139803781748480] (13)Permission denied: [client 185.25.35.10:58374] AH00529: /var/www/vhosts/saratogahistory.com/httpdocs/phpBB/.htaccess pcfg_openfile: unable to check htaccess file, ensure it is readable and that '/var/www/vhosts/saratogahistory.com/httpdocs/phpBB/' is executable
[Thu Oct 01 11:14:28.239503 2020] [core:crit] [pid 3951:tid 139803802728192] (13)Permission denied: [client 199.195.249.57:34612] AH00529: /var/www/vhosts/saratogahistory.com/httpdocs/phpBB/.htaccess pcfg_openfile: unable to check htaccess file, ensure it is readable and that '/var/www/vhosts/saratogahistory.com/httpdocs/phpBB/' is executable, referer: http://www.saratogahistory.com/phpBB/index.php
[Thu Oct 01 11:17:24.973080 2020] [core:crit] [pid 3950:tid 139803739789056] (13)Permission denied: [client 185.25.35.12:44614] AH00529: /var/www/vhosts/saratogahistory.com/httpdocs/phpBB/.htaccess pcfg_openfile: unable to check htaccess file, ensure it is readable and that '/var/www/vhosts/saratogahistory.com/httpdocs/phpBB/' is executable
[Thu Oct 01 11:34:25.625789 2020] [proxy_fcgi:error] [pid 3952:tid 139803718809344] [client 213.59.130.63:48150] AH01071: Got error 'Primary script unknown\n'
[Thu Oct 01 11:37:32.127076 2020] [core:crit] [pid 16376:tid 139803666360064] (13)Permission denied: [client 185.220.101.6:58594] AH00529: /var/www/vhosts/saratogahistory.com/httpdocs/phpBB/.htaccess pcfg_openfile: unable to check htaccess file, ensure it is readable and that '/var/www/vhosts/saratogahistory.com/httpdocs/phpBB/' is executable, referer: http://www.saratogahistory.com/phpBB/index.php
[Thu Oct 01 12:06:06.421787 2020] [core:crit] [pid 16376:tid 139803708319488] (13)Permission denied: [client 188.126.89.132:33574] AH00529: /var/www/vhosts/saratogahistory.com/httpdocs/phpBB/.htaccess pcfg_openfile: unable to check htaccess file, ensure it is readable and that '/var/www/vhosts/saratogahistory.com/httpdocs/phpBB/' is executable, referer: http://www.saratogahistory.com/phpBB/index.php
[Thu Oct 01 13:11:26.565565 2020] [core:crit] [pid 16376:tid 139803920152320] (13)Permission denied: [client 89.207.92.107:54518] AH00529: /var/www/vhosts/saratogahistory.com/httpdocs/phpBB/.htaccess pcfg_openfile: unable to check htaccess file, ensure it is readable and that '/var/www/vhosts/saratogahistory.com/httpdocs/phpBB/' is executable, referer: http://www.saratogahistory.com/
[Thu Oct 01 13:11:27.460456 2020] [core:crit] [pid 3952:tid 139803899172608] (13)Permission denied: [client 96.77.77.53:54568] AH00529: /var/www/vhosts/saratogahistory.com/httpdocs/phpBB/.htaccess pcfg_openfile: unable to check htaccess file, ensure it is readable and that '/var/www/vhosts/saratogahistory.com/httpdocs/phpBB/' is executable, referer: http://www.saratogahistory.com/
[Thu Oct 01 13:42:16.086331 2020] [core:crit] [pid 3950:tid 139803792238336] (13)Permission denied: [client 171.25.193.25:35184] AH00529: /var/www/vhosts/saratogahistory.com/httpdocs/phpBB/.htaccess pcfg_openfile: unable to check htaccess file, ensure it is readable and that '/var/www/vhosts/saratogahistory.com/httpdocs/phpBB/' is executable, referer: http://www.saratogahistory.com/phpBB/index.php
[Thu Oct 01 14:25:39.611403 2020] [core:crit] [pid 3951:tid 139803920152320] (13)Permission denied: [client 92.38.136.69:56792] AH00529: /var/www/vhosts/saratogahistory.com/httpdocs/phpBB/.htaccess pcfg_openfile: unable to check htaccess file, ensure it is readable and that '/var/www/vhosts/saratogahistory.com/httpdocs/phpBB/' is executable, referer: http://www.saratogahistory.com/phpBB/index.php
[Thu Oct 01 14:43:31.291684 2020] [core:crit] [pid 16376:tid 139803750278912] (13)Permission denied: [client 46.183.220.229:39382] AH00529: /var/www/vhosts/saratogahistory.com/httpdocs/phpBB/.htaccess pcfg_openfile: unable to check htaccess file, ensure it is readable and that '/var/www/vhosts/saratogahistory.com/httpdocs/phpBB/' is executable, referer: http://www.saratogahistory.com/phpBB/index.php
[Thu Oct 01 14:43:32.688136 2020] [proxy_fcgi:error] [pid 3951:tid 139803760768768] [client 46.183.220.229:39436] AH01071: Got error 'Primary script unknown\n', referer: http://www.saratogahistory.com/index.php
[Thu Oct 01 14:43:33.035989 2020] [proxy_fcgi:error] [pid 16376:tid 139803771258624] [client 46.183.220.229:39466] AH01071: Got error 'Primary script unknown\n', referer: http://www.saratogahistory.com/index.php
[Thu Oct 01 14:43:33.383143 2020] [proxy_fcgi:error] [pid 3950:tid 139803802728192] [client 46.183.220.229:39478] AH01071: Got error 'Primary script unknown\n', referer: http://www.saratogahistory.com/index.php
[Thu Oct 01 14:45:52.476069 2020] [core:crit] [pid 16376:tid 139803781748480] (13)Permission denied: [client 206.217.138.205:45074] AH00529: /var/www/vhosts/saratogahistory.com/httpdocs/phpBB/.htaccess pcfg_openfile: unable to check htaccess file, ensure it is readable and that '/var/www/vhosts/saratogahistory.com/httpdocs/phpBB/' is executable, referer: http://www.saratogahistory.com/
[Thu Oct 01 14:45:52.959128 2020] [core:crit] [pid 16376:tid 139803760768768] (13)Permission denied: [client 23.229.25.102:45094] AH00529: /var/www/vhosts/saratogahistory.com/httpdocs/phpBB/.htaccess pcfg_openfile: unable to check htaccess file, ensure it is readable and that '/var/www/vhosts/saratogahistory.com/httpdocs/phpBB/' is executable, referer: http://www.saratogahistory.com/
[Thu Oct 01 14:45:53.436799 2020] [core:crit] [pid 16376:tid 139803718809344] (13)Permission denied: [client 45.72.73.31:45110] AH00529: /var/www/vhosts/saratogahistory.com/httpdocs/phpBB/.htaccess pcfg_openfile: unable to check htaccess file, ensure it is readable and that '/var/www/vhosts/saratogahistory.com/httpdocs/phpBB/' is executable, referer: http://www.saratogahistory.com/
[Thu Oct 01 14:45:53.868471 2020] [core:crit] [pid 3951:tid 139803750278912] (13)Permission denied: [client 192.186.174.28:45118] AH00529: /var/www/vhosts/saratogahistory.com/httpdocs/phpBB/.htaccess pcfg_openfile: unable to check htaccess file, ensure it is readable and that '/var/www/vhosts/saratogahistory.com/httpdocs/phpBB/' is executable, referer: http://www.saratogahistory.com/
[Thu Oct 01 14:49:07.947782 2020] [core:crit] [pid 3951:tid 139803708319488] (13)Permission denied: [client 36.227.162.87:52026] AH00529: /var/www/vhosts/saratogahistory.com/httpdocs/phpBB/.htaccess pcfg_openfile: unable to check htaccess file, ensure it is readable and that '/var/www/vhosts/saratogahistory.com/httpdocs/phpBB/' is executable, referer: http://www.saratogahistory.com/phpBB/index.php
[Thu Oct 01 15:25:43.260250 2020] [core:crit] [pid 3950:tid 139803888682752] (13)Permission denied: [client 37.115.206.131:51570] AH00529: /var/www/vhosts/saratogahistory.com/httpdocs/phpBB/.htaccess pcfg_openfile: unable to check htaccess file, ensure it is readable and that '/var/www/vhosts/saratogahistory.com/httpdocs/phpBB/' is executable, referer: http://www.saratogahistory.com/phpBB/index.php
[Thu Oct 01 15:31:10.975490 2020] [core:crit] [pid 16376:tid 139803655870208] (13)Permission denied: [client 195.246.120.176:35086] AH00529: /var/www/vhosts/saratogahistory.com/httpdocs/phpBB/.htaccess pcfg_openfile: unable to check htaccess file, ensure it is readable and that '/var/www/vhosts/saratogahistory.com/httpdocs/phpBB/' is executable, referer: http://www.saratogahistory.com/phpBB/index.php
[Thu Oct 01 15:31:11.460933 2020] [core:crit] [pid 3951:tid 139803920152320] (13)Permission denied: [client 195.246.120.176:35108] AH00529: /var/www/vhosts/saratogahistory.com/httpdocs/phpBB/.htaccess pcfg_openfile: unable to check htaccess file, ensure it is readable and that '/var/www/vhosts/saratogahistory.com/httpdocs/phpBB/' is executable, referer: http://www.saratogahistory.com/phpBB/index.php
[Thu Oct 01 15:39:00.353430 2020] [core:crit] [pid 3952:tid 139803802728192] (13)Permission denied: [client 23.129.64.213:52776] AH00529: /var/www/vhosts/saratogahistory.com/httpdocs/phpBB/.htaccess pcfg_openfile: unable to check htaccess file, ensure it is readable and that '/var/www/vhosts/saratogahistory.com/httpdocs/phpBB/' is executable, referer: http://www.saratogahistory.com/phpBB/index.php
[Thu Oct 01 16:00:36.254415 2020] [core:crit] [pid 3950:tid 139803592931072] (13)Permission denied: [client 185.25.35.10:45558] AH00529: /var/www/vhosts/saratogahistory.com/httpdocs/phpBB/.htaccess pcfg_openfile: unable to check htaccess file, ensure it is readable and that '/var/www/vhosts/saratogahistory.com/httpdocs/phpBB/' is executable
[Thu Oct 01 16:38:51.499015 2020] [core:crit] [pid 3951:tid 139803592931072] (13)Permission denied: [client 185.25.35.13:44324] AH00529: /var/www/vhosts/saratogahistory.com/httpdocs/phpBB/.htaccess pcfg_openfile: unable to check htaccess file, ensure it is readable and that '/var/www/vhosts/saratogahistory.com/httpdocs/phpBB/' is executable
[Thu Oct 01 17:03:40.378859 2020] [core:crit] [pid 16376:tid 139803792238336] (13)Permission denied: [client 71.80.110.112:46018] AH00529: /var/www/vhosts/saratogahistory.com/httpdocs/phpBB/.htaccess pcfg_openfile: unable to check htaccess file, ensure it is readable and that '/var/www/vhosts/saratogahistory.com/httpdocs/phpBB/' is executable
[Thu Oct 01 17:03:42.624130 2020] [core:crit] [pid 16376:tid 139803888682752] (13)Permission denied: [client 68.196.177.158:46212] AH00529: /var/www/vhosts/saratogahistory.com/httpdocs/phpBB/.htaccess pcfg_openfile: unable to check htaccess file, ensure it is readable and that '/var/www/vhosts/saratogahistory.com/httpdocs/phpBB/' is executable
[Thu Oct 01 17:17:59.929238 2020] [core:crit] [pid 16376:tid 139803697829632] (13)Permission denied: [client 178.214.254.165:41070] AH00529: /var/www/vhosts/saratogahistory.com/httpdocs/phpBB/.htaccess pcfg_openfile: unable to check htaccess file, ensure it is readable and that '/var/www/vhosts/saratogahistory.com/httpdocs/phpBB/' is executable, referer: http://www.saratogahistory.com/phpBB/index.php
[Thu Oct 01 17:19:53.495112 2020] [core:crit] [pid 3951:tid 139803708319488] (13)Permission denied: [client 178.214.254.165:47296] AH00529: /var/www/vhosts/saratogahistory.com/httpdocs/phpBB/.htaccess pcfg_openfile: unable to check htaccess file, ensure it is readable and that '/var/www/vhosts/saratogahistory.com/httpdocs/phpBB/' is executable, referer: http://www.saratogahistory.com/phpBB/index.php
[Thu Oct 01 17:28:48.190746 2020] [proxy_fcgi:error] [pid 3951:tid 139803645380352] [client 37.252.14.7:50756] AH01071: Got error 'Primary script unknown\n'
[Thu Oct 01 17:40:53.335218 2020] [core:crit] [pid 3951:tid 139803634890496] (13)Permission denied: [client 185.25.35.12:35956] AH00529: /var/www/vhosts/saratogahistory.com/httpdocs/phpBB/.htaccess pcfg_openfile: unable to check htaccess file, ensure it is readable and that '/var/www/vhosts/saratogahistory.com/httpdocs/phpBB/' is executable
[Thu Oct 01 17:41:13.252391 2020] [core:crit] [pid 3952:tid 139803697829632] (13)Permission denied: [client 176.10.99.200:36586] AH00529: /var/www/vhosts/saratogahistory.com/httpdocs/phpBB/.htaccess pcfg_openfile: unable to check htaccess file, ensure it is readable and that '/var/www/vhosts/saratogahistory.com/httpdocs/phpBB/' is executable, referer: http://www.saratogahistory.com/phpBB/index.php
[Thu Oct 01 17:55:05.117138 2020] [core:crit] [pid 16376:tid 139803592931072] (13)Permission denied: [client 185.25.35.12:40750] AH00529: /var/www/vhosts/saratogahistory.com/httpdocs/phpBB/.htaccess pcfg_openfile: unable to check htaccess file, ensure it is readable and that '/var/www/vhosts/saratogahistory.com/httpdocs/phpBB/' is executable
[Thu Oct 01 18:34:48.006248 2020] [core:crit] [pid 16376:tid 139803676849920] (13)Permission denied: [client 195.206.105.217:43550] AH00529: /var/www/vhosts/saratogahistory.com/httpdocs/phpBB/.htaccess pcfg_openfile: unable to check htaccess file, ensure it is readable and that '/var/www/vhosts/saratogahistory.com/httpdocs/phpBB/' is executable, referer: http://www.saratogahistory.com/phpBB/index.php
[Thu Oct 01 19:25:55.857124 2020] [core:crit] [pid 16376:tid 139803781748480] (13)Permission denied: [client 188.126.89.132:53416] AH00529: /var/www/vhosts/saratogahistory.com/httpdocs/phpBB/.htaccess pcfg_openfile: unable to check htaccess file, ensure it is readable and that '/var/www/vhosts/saratogahistory.com/httpdocs/phpBB/' is executable, referer: http://www.saratogahistory.com/phpBB/index.php
[Thu Oct 01 19:37:07.875738 2020] [core:crit] [pid 16376:tid 139803645380352] (13)Permission denied: [client 92.246.84.133:51792] AH00529: /var/www/vhosts/saratogahistory.com/httpdocs/phpBB/.htaccess pcfg_openfile: unable to check htaccess file, ensure it is readable and that '/var/www/vhosts/saratogahistory.com/httpdocs/phpBB/' is executable, referer: http://www.saratogahistory.com/phpBB/index.php
[Thu Oct 01 19:55:53.702595 2020] [core:crit] [pid 16376:tid 139803750278912] (13)Permission denied: [client 178.214.254.165:48852] AH00529: /var/www/vhosts/saratogahistory.com/httpdocs/phpBB/.htaccess pcfg_openfile: unable to check htaccess file, ensure it is readable and that '/var/www/vhosts/saratogahistory.com/httpdocs/phpBB/' is executable, referer: http://www.saratogahistory.com/phpBB/index.php
[Thu Oct 01 20:07:08.472825 2020] [core:crit] [pid 16376:tid 139803676849920] (13)Permission denied: [client 212.106.44.145:53728] AH00529: /var/www/vhosts/saratogahistory.com/httpdocs/phpBB/.htaccess pcfg_openfile: unable to check htaccess file, ensure it is readable and that '/var/www/vhosts/saratogahistory.com/httpdocs/phpBB/' is executable, referer: http://www.saratogahistory.com/phpBB/index.php
[Thu Oct 01 20:44:41.854005 2020] [proxy_fcgi:error] [pid 16376:tid 139803771258624] [client 49.235.130.109:40080] AH01071: Got error 'Primary script unknown\n'
[Thu Oct 01 21:35:48.150088 2020] [core:crit] [pid 16376:tid 139803888682752] (13)Permission denied: [client 185.220.102.242:41208] AH00529: /var/www/vhosts/saratogahistory.com/httpdocs/phpBB/.htaccess pcfg_openfile: unable to check htaccess file, ensure it is readable and that '/var/www/vhosts/saratogahistory.com/httpdocs/phpBB/' is executable, referer: http://www.saratogahistory.com/phpBB/index.php
[Thu Oct 01 22:27:50.973028 2020] [core:crit] [pid 16376:tid 139803613910784] (13)Permission denied: [client 95.55.88.160:54164] AH00529: /var/www/vhosts/saratogahistory.com/httpdocs/phpBB/.htaccess pcfg_openfile: unable to check htaccess file, ensure it is readable and that '/var/www/vhosts/saratogahistory.com/httpdocs/phpBB/' is executable, referer: http://www.saratogahistory.com/phpBB/index.php
[Thu Oct 01 22:27:52.167290 2020] [proxy_fcgi:error] [pid 3952:tid 139803624400640] [client 95.55.88.160:54254] AH01071: Got error 'Primary script unknown\n', referer: http://www.saratogahistory.com/index.php
[Thu Oct 01 22:27:52.546468 2020] [proxy_fcgi:error] [pid 3950:tid 139803771258624] [client 95.55.88.160:54278] AH01071: Got error 'Primary script unknown\n', referer: http://www.saratogahistory.com/index.php
[Thu Oct 01 22:27:52.901063 2020] [proxy_fcgi:error] [pid 3951:tid 139803718809344] [client 95.55.88.160:54298] AH01071: Got error 'Primary script unknown\n', referer: http://www.saratogahistory.com/index.php
[Thu Oct 01 22:29:08.525679 2020] [core:crit] [pid 3951:tid 139803666360064] (13)Permission denied: [client 185.25.35.15:59122] AH00529: /var/www/vhosts/saratogahistory.com/httpdocs/phpBB/.htaccess pcfg_openfile: unable to check htaccess file, ensure it is readable and that '/var/www/vhosts/saratogahistory.com/httpdocs/phpBB/' is executable
[Thu Oct 01 23:06:14.727938 2020] [core:crit] [pid 3951:tid 139803792238336] (13)Permission denied: [client 5.183.94.50:54656] AH00529: /var/www/vhosts/saratogahistory.com/httpdocs/phpBB/.htaccess pcfg_openfile: unable to check htaccess file, ensure it is readable and that '/var/www/vhosts/saratogahistory.com/httpdocs/phpBB/' is executable, referer: http://www.saratogahistory.com/phpBB/index.php
[Thu Oct 01 23:06:59.372788 2020] [core:crit] [pid 3952:tid 139803781748480] (13)Permission denied: [client 185.25.35.12:57058] AH00529: /var/www/vhosts/saratogahistory.com/httpdocs/phpBB/.htaccess pcfg_openfile: unable to check htaccess file, ensure it is readable and that '/var/www/vhosts/saratogahistory.com/httpdocs/phpBB/' is executable
[Thu Oct 01 23:46:02.138636 2020] [core:crit] [pid 16376:tid 139803750278912] (13)Permission denied: [client 185.220.100.240:57826] AH00529: /var/www/vhosts/saratogahistory.com/httpdocs/phpBB/.htaccess pcfg_openfile: unable to check htaccess file, ensure it is readable and that '/var/www/vhosts/saratogahistory.com/httpdocs/phpBB/' is executable, referer: http://www.saratogahistory.com/phpBB/index.php
[Thu Oct 01 23:55:00.494520 2020] [core:crit] [pid 16376:tid 139803760768768] (13)Permission denied: [client 66.249.66.213:44262] AH00529: /var/www/vhosts/saratogahistory.com/httpdocs/phpBB/.htaccess pcfg_openfile: unable to check htaccess file, ensure it is readable and that '/var/www/vhosts/saratogahistory.com/httpdocs/phpBB/' is executable
[Fri Oct 02 00:02:41.270753 2020] [core:crit] [pid 3952:tid 139803592931072] (13)Permission denied: [client 5.188.210.18:57166] AH00529: /var/www/vhosts/saratogahistory.com/httpdocs/phpBB/.htaccess pcfg_openfile: unable to check htaccess file, ensure it is readable and that '/var/www/vhosts/saratogahistory.com/httpdocs/phpBB/' is executable, referer: http://www.saratogahistory.com/phpBB/index.php
[Fri Oct 02 00:13:29.975495 2020] [core:crit] [pid 3952:tid 139803888682752] (13)Permission denied: [client 185.25.35.9:47348] AH00529: /var/www/vhosts/saratogahistory.com/httpdocs/phpBB/.htaccess pcfg_openfile: unable to check htaccess file, ensure it is readable and that '/var/www/vhosts/saratogahistory.com/httpdocs/phpBB/' is executable
[Fri Oct 02 00:21:26.215733 2020] [core:crit] [pid 3951:tid 139803899172608] (13)Permission denied: [client 178.214.254.165:34568] AH00529: /var/www/vhosts/saratogahistory.com/httpdocs/phpBB/.htaccess pcfg_openfile: unable to check htaccess file, ensure it is readable and that '/var/www/vhosts/saratogahistory.com/httpdocs/phpBB/' is executable, referer: http://www.saratogahistory.com/phpBB/index.php
[Fri Oct 02 00:26:04.566563 2020] [core:crit] [pid 16376:tid 139803920152320] (13)Permission denied: [client 185.25.35.8:42878] AH00529: /var/www/vhosts/saratogahistory.com/httpdocs/phpBB/.htaccess pcfg_openfile: unable to check htaccess file, ensure it is readable and that '/var/www/vhosts/saratogahistory.com/httpdocs/phpBB/' is executable
[Fri Oct 02 00:33:53.977417 2020] [core:crit] [pid 16376:tid 139803739789056] (13)Permission denied: [client 94.172.219.66:55788] AH00529: /var/www/vhosts/saratogahistory.com/httpdocs/phpBB/.htaccess pcfg_openfile: unable to check htaccess file, ensure it is readable and that '/var/www/vhosts/saratogahistory.com/httpdocs/phpBB/' is executable, referer: http://www.saratogahistory.com/
[Fri Oct 02 00:35:40.681474 2020] [core:crit] [pid 3952:tid 139803697829632] (13)Permission denied: [client 176.99.163.138:59688] AH00529: /var/www/vhosts/saratogahistory.com/httpdocs/phpBB/.htaccess pcfg_openfile: unable to check htaccess file, ensure it is readable and that '/var/www/vhosts/saratogahistory.com/httpdocs/phpBB/' is executable, referer: http://www.saratogahistory.com/phpBB/index.php
[Fri Oct 02 00:35:41.703202 2020] [proxy_fcgi:error] [pid 3952:tid 139803687339776] [client 176.99.163.138:59728] AH01071: Got error 'Primary script unknown\n', referer: http://www.saratogahistory.com/index.php
[Fri Oct 02 00:35:42.011536 2020] [proxy_fcgi:error] [pid 16376:tid 139803771258624] [client 176.99.163.138:59730] AH01071: Got error 'Primary script unknown\n', referer: http://www.saratogahistory.com/index.php
[Fri Oct 02 00:35:42.320360 2020] [proxy_fcgi:error] [pid 16376:tid 139803781748480] [client 176.99.163.138:59734] AH01071: Got error 'Primary script unknown\n', referer: http://www.saratogahistory.com/index.php
[Fri Oct 02 00:59:53.330030 2020] [core:crit] [pid 3951:tid 139803760768768] (13)Permission denied: [client 5.183.94.50:44104] AH00529: /var/www/vhosts/saratogahistory.com/httpdocs/phpBB/.htaccess pcfg_openfile: unable to check htaccess file, ensure it is readable and that '/var/www/vhosts/saratogahistory.com/httpdocs/phpBB/' is executable, referer: http://www.saratogahistory.com/phpBB/index.php
[Fri Oct 02 01:38:52.408338 2020] [core:crit] [pid 16376:tid 139803750278912] (13)Permission denied: [client 104.244.74.28:58300] AH00529: /var/www/vhosts/saratogahistory.com/httpdocs/phpBB/.htaccess pcfg_openfile: unable to check htaccess file, ensure it is readable and that '/var/www/vhosts/saratogahistory.com/httpdocs/phpBB/' is executable, referer: http://www.saratogahistory.com/phpBB/index.php
[Fri Oct 02 02:07:56.204751 2020] [core:crit] [pid 16376:tid 139803613910784] (13)Permission denied: [client 104.244.75.153:33140] AH00529: /var/www/vhosts/saratogahistory.com/httpdocs/phpBB/.htaccess pcfg_openfile: unable to check htaccess file, ensure it is readable and that '/var/www/vhosts/saratogahistory.com/httpdocs/phpBB/' is executable, referer: http://www.saratogahistory.com/phpBB/index.php
[Fri Oct 02 02:11:24.931474 2020] [core:crit] [pid 3951:tid 139803899172608] (13)Permission denied: [client 135.181.76.62:39850] AH00529: /var/www/vhosts/saratogahistory.com/httpdocs/phpBB/.htaccess pcfg_openfile: unable to check htaccess file, ensure it is readable and that '/var/www/vhosts/saratogahistory.com/httpdocs/phpBB/' is executable, referer: http://www.saratogahistory.com/phpBB/index.php?_sm_au_=iVVL3jBF55H07NRJ
[Fri Oct 02 02:51:34.042623 2020] [core:crit] [pid 16376:tid 139803802728192] (13)Permission denied: [client 5.183.94.50:35008] AH00529: /var/www/vhosts/saratogahistory.com/httpdocs/phpBB/.htaccess pcfg_openfile: unable to check htaccess file, ensure it is readable and that '/var/www/vhosts/saratogahistory.com/httpdocs/phpBB/' is executable, referer: http://www.saratogahistory.com/phpBB/index.php
[Fri Oct 02 03:38:57.152459 2020] [core:crit] [pid 16376:tid 139803624400640] (13)Permission denied: [client 89.234.157.254:41666] AH00529: /var/www/vhosts/saratogahistory.com/httpdocs/phpBB/.htaccess pcfg_openfile: unable to check htaccess file, ensure it is readable and that '/var/www/vhosts/saratogahistory.com/httpdocs/phpBB/' is executable, referer: http://www.saratogahistory.com/phpBB/index.php
[Fri Oct 02 04:39:15.592311 2020] [core:crit] [pid 16376:tid 139803655870208] (13)Permission denied: [client 185.25.35.11:48184] AH00529: /var/www/vhosts/saratogahistory.com/httpdocs/phpBB/.htaccess pcfg_openfile: unable to check htaccess file, ensure it is readable and that '/var/www/vhosts/saratogahistory.com/httpdocs/phpBB/' is executable
[Fri Oct 02 04:58:25.562770 2020] [core:crit] [pid 16376:tid 139803729299200] (13)Permission denied: [client 171.237.150.184:53492] AH00529: /var/www/vhosts/saratogahistory.com/httpdocs/phpBB/.htaccess pcfg_openfile: unable to check htaccess file, ensure it is readable and that '/var/www/vhosts/saratogahistory.com/httpdocs/phpBB/' is executable, referer: http://www.saratogahistory.com/phpBB/index.php
[Fri Oct 02 04:58:38.831433 2020] [proxy_fcgi:error] [pid 3951:tid 139803613910784] [client 171.237.150.184:53912] AH01071: Got error 'Primary script unknown\n', referer: http://www.saratogahistory.com/index.php
[Fri Oct 02 04:58:44.806041 2020] [proxy_fcgi:error] [pid 16376:tid 139803687339776] [client 171.237.150.184:54058] AH01071: Got error 'Primary script unknown\n', referer: http://www.saratogahistory.com/index.php
[Fri Oct 02 04:58:52.180979 2020] [proxy_fcgi:error] [pid 16376:tid 139803697829632] [client 171.237.150.184:54310] AH01071: Got error 'Primary script unknown\n', referer: http://www.saratogahistory.com/index.php
[Fri Oct 02 05:15:20.011362 2020] [core:crit] [pid 3952:tid 139803603420928] (13)Permission denied: [client 185.25.35.10:58684] AH00529: /var/www/vhosts/saratogahistory.com/httpdocs/phpBB/.htaccess pcfg_openfile: unable to check htaccess file, ensure it is readable and that '/var/www/vhosts/saratogahistory.com/httpdocs/phpBB/' is executable
[Fri Oct 02 05:38:43.815516 2020] [core:crit] [pid 3951:tid 139803634890496] (13)Permission denied: [client 94.142.241.194:48000] AH00529: /var/www/vhosts/saratogahistory.com/httpdocs/phpBB/.htaccess pcfg_openfile: unable to check htaccess file, ensure it is readable and that '/var/www/vhosts/saratogahistory.com/httpdocs/phpBB/' is executable, referer: http://www.saratogahistory.com/phpBB/index.php
[Fri Oct 02 06:20:44.929881 2020] [core:crit] [pid 3951:tid 139803781748480] (13)Permission denied: [client 185.25.35.11:44054] AH00529: /var/www/vhosts/saratogahistory.com/httpdocs/phpBB/.htaccess pcfg_openfile: unable to check htaccess file, ensure it is readable and that '/var/www/vhosts/saratogahistory.com/httpdocs/phpBB/' is executable
[Fri Oct 02 06:33:48.229053 2020] [core:crit] [pid 16376:tid 139803718809344] (13)Permission denied: [client 185.25.35.15:41490] AH00529: /var/www/vhosts/saratogahistory.com/httpdocs/phpBB/.htaccess pcfg_openfile: unable to check htaccess file, ensure it is readable and that '/var/www/vhosts/saratogahistory.com/httpdocs/phpBB/' is executable
[Fri Oct 02 06:47:32.181837 2020] [core:crit] [pid 3951:tid 139803666360064] (13)Permission denied: [client 198.144.120.30:44146] AH00529: /var/www/vhosts/saratogahistory.com/httpdocs/phpBB/.htaccess pcfg_openfile: unable to check htaccess file, ensure it is readable and that '/var/www/vhosts/saratogahistory.com/httpdocs/phpBB/' is executable, referer: http://www.saratogahistory.com/phpBB/index.php
[Fri Oct 02 07:03:01.471625 2020] [core:crit] [pid 16376:tid 139803792238336] (13)Permission denied: [client 185.134.23.196:46644] AH00529: /var/www/vhosts/saratogahistory.com/httpdocs/phpBB/.htaccess pcfg_openfile: unable to check htaccess file, ensure it is readable and that '/var/www/vhosts/saratogahistory.com/httpdocs/phpBB/' is executable, referer: http://www.saratogahistory.com/phpBB/index.php
[Fri Oct 02 07:20:45.896967 2020] [core:crit] [pid 3951:tid 139803603420928] (13)Permission denied: [client 185.245.84.56:55854] AH00529: /var/www/vhosts/saratogahistory.com/httpdocs/phpBB/.htaccess pcfg_openfile: unable to check htaccess file, ensure it is readable and that '/var/www/vhosts/saratogahistory.com/httpdocs/phpBB/' is executable, referer: http://www.saratogahistory.com/phpBB/index.php
[Fri Oct 02 07:39:22.091320 2020] [core:crit] [pid 16376:tid 139803920152320] (13)Permission denied: [client 107.189.10.93:37346] AH00529: /var/www/vhosts/saratogahistory.com/httpdocs/phpBB/.htaccess pcfg_openfile: unable to check htaccess file, ensure it is readable and that '/var/www/vhosts/saratogahistory.com/httpdocs/phpBB/' is executable, referer: http://www.saratogahistory.com/phpBB/index.php
[Fri Oct 02 07:39:44.861631 2020] [core:crit] [pid 16376:tid 139803909662464] (13)Permission denied: [client 154.54.249.17:38108] AH00529: /var/www/vhosts/saratogahistory.com/httpdocs/phpBB/.htaccess pcfg_openfile: unable to check htaccess file, ensure it is readable and that '/var/www/vhosts/saratogahistory.com/httpdocs/phpBB/' is executable
[Fri Oct 02 07:46:10.287211 2020] [core:crit] [pid 16376:tid 139803708319488] (13)Permission denied: [client 185.220.101.144:50088] AH00529: /var/www/vhosts/saratogahistory.com/httpdocs/phpBB/.htaccess pcfg_openfile: unable to check htaccess file, ensure it is readable and that '/var/www/vhosts/saratogahistory.com/httpdocs/phpBB/' is executable, referer: http://www.saratogahistory.com/phpBB/index.php
[Fri Oct 02 07:53:47.765011 2020] [core:crit] [pid 16376:tid 139803624400640] (13)Permission denied: [client 176.110.134.2:37846] AH00529: /var/www/vhosts/saratogahistory.com/httpdocs/phpBB/.htaccess pcfg_openfile: unable to check htaccess file, ensure it is readable and that '/var/www/vhosts/saratogahistory.com/httpdocs/phpBB/' is executable, referer: http://www.saratogahistory.com/phpBB/index.php
[Fri Oct 02 07:53:49.091545 2020] [proxy_fcgi:error] [pid 16376:tid 139803592931072] [client 176.110.134.2:37884] AH01071: Got error 'Primary script unknown\n', referer: http://www.saratogahistory.com/index.php
[Fri Oct 02 07:53:49.447856 2020] [proxy_fcgi:error] [pid 16376:tid 139803634890496] [client 176.110.134.2:37894] AH01071: Got error 'Primary script unknown\n', referer: http://www.saratogahistory.com/index.php
[Fri Oct 02 07:53:49.789475 2020] [proxy_fcgi:error] [pid 16376:tid 139803920152320] [client 176.110.134.2:37908] AH01071: Got error 'Primary script unknown\n', referer: http://www.saratogahistory.com/index.php
[Fri Oct 02 08:22:58.746634 2020] [proxy_fcgi:error] [pid 16376:tid 139803676849920] [client 109.119.240.208:42108] AH01071: Got error 'Primary script unknown\n'
[Fri Oct 02 08:33:43.722215 2020] [proxy_fcgi:error] [pid 16376:tid 139803666360064] [client 37.233.17.225:36596] AH01071: Got error 'Primary script unknown\n', referer: http://www.saratogahistory.com/index.php
[Fri Oct 02 08:33:44.040437 2020] [proxy_fcgi:error] [pid 3952:tid 139803697829632] [client 37.233.17.225:36606] AH01071: Got error 'Primary script unknown\n', referer: http://www.saratogahistory.com/index.php
[Fri Oct 02 08:33:44.359981 2020] [proxy_fcgi:error] [pid 3951:tid 139803888682752] [client 37.233.17.225:36618] AH01071: Got error 'Primary script unknown\n', referer: http://www.saratogahistory.com/index.php
[Fri Oct 02 09:43:11.674857 2020] [core:crit] [pid 3951:tid 139803888682752] (13)Permission denied: [client 51.81.82.243:35024] AH00529: /var/www/vhosts/saratogahistory.com/httpdocs/phpBB/.htaccess pcfg_openfile: unable to check htaccess file, ensure it is readable and that '/var/www/vhosts/saratogahistory.com/httpdocs/phpBB/' is executable, referer: http://www.saratogahistory.com/phpBB/index.php
[Fri Oct 02 09:52:50.145548 2020] [core:crit] [pid 16376:tid 139803676849920] (13)Permission denied: [client 91.207.102.157:58334] AH00529: /var/www/vhosts/saratogahistory.com/httpdocs/phpBB/.htaccess pcfg_openfile: unable to check htaccess file, ensure it is readable and that '/var/www/vhosts/saratogahistory.com/httpdocs/phpBB/' is executable, referer: http://www.saratogahistory.com/phpBB/index.php
[Fri Oct 02 10:17:16.167953 2020] [proxy_fcgi:error] [pid 16376:tid 139803592931072] [client 35.192.204.102:53200] AH01071: Got error 'Primary script unknown\n', referer: http://saratogahistory.com/wp-login.php
[Fri Oct 02 10:27:31.039006 2020] [core:crit] [pid 3950:tid 139803792238336] (13)Permission denied: [client 207.188.6.158:45524] AH00529: /var/www/vhosts/saratogahistory.com/httpdocs/phpBB/.htaccess pcfg_openfile: unable to check htaccess file, ensure it is readable and that '/var/www/vhosts/saratogahistory.com/httpdocs/phpBB/' is executable
[Fri Oct 02 10:34:35.351191 2020] [proxy_fcgi:error] [pid 16376:tid 139803771258624] [client 128.199.21.230:59606] AH01071: Got error 'Primary script unknown\n'
[Fri Oct 02 10:36:05.570754 2020] [core:crit] [pid 3951:tid 139803909662464] (13)Permission denied: [client 3.133.142.227:34096] AH00529: /var/www/vhosts/saratogahistory.com/httpdocs/phpBB/.htaccess pcfg_openfile: unable to check htaccess file, ensure it is readable and that '/var/www/vhosts/saratogahistory.com/httpdocs/phpBB/' is executable, referer: http://www.saratogahistory.com/phpBB/index.php
[Fri Oct 02 10:36:05.880470 2020] [proxy_fcgi:error] [pid 3951:tid 139803802728192] [client 3.133.142.227:34106] AH01071: Got error 'Primary script unknown\n', referer: http://www.saratogahistory.com/index.php
[Fri Oct 02 10:36:05.921825 2020] [proxy_fcgi:error] [pid 16376:tid 139803729299200] [client 3.133.142.227:34108] AH01071: Got error 'Primary script unknown\n', referer: http://www.saratogahistory.com/index.php
[Fri Oct 02 10:36:05.963398 2020] [proxy_fcgi:error] [pid 3951:tid 139803888682752] [client 3.133.142.227:34112] AH01071: Got error 'Primary script unknown\n', referer: http://www.saratogahistory.com/index.php
[Fri Oct 02 11:15:33.751483 2020] [core:crit] [pid 16376:tid 139803909662464] (13)Permission denied: [client 109.70.100.39:55770] AH00529: /var/www/vhosts/saratogahistory.com/httpdocs/phpBB/.htaccess pcfg_openfile: unable to check htaccess file, ensure it is readable and that '/var/www/vhosts/saratogahistory.com/httpdocs/phpBB/' is executable, referer: http://www.saratogahistory.com/phpBB/index.php
[Fri Oct 02 11:16:12.800618 2020] [core:crit] [pid 16376:tid 139803899172608] (13)Permission denied: [client 185.25.35.8:56978] AH00529: /var/www/vhosts/saratogahistory.com/httpdocs/phpBB/.htaccess pcfg_openfile: unable to check htaccess file, ensure it is readable and that '/var/www/vhosts/saratogahistory.com/httpdocs/phpBB/' is executable
[Fri Oct 02 11:36:36.376819 2020] [core:crit] [pid 16376:tid 139803708319488] (13)Permission denied: [client 185.100.87.41:46990] AH00529: /var/www/vhosts/saratogahistory.com/httpdocs/phpBB/.htaccess pcfg_openfile: unable to check htaccess file, ensure it is readable and that '/var/www/vhosts/saratogahistory.com/httpdocs/phpBB/' is executable, referer: http://www.saratogahistory.com/phpBB/index.php
[Fri Oct 02 12:01:35.298561 2020] [core:crit] [pid 3951:tid 139803899172608] (13)Permission denied: [client 185.25.35.13:53998] AH00529: /var/www/vhosts/saratogahistory.com/httpdocs/phpBB/.htaccess pcfg_openfile: unable to check htaccess file, ensure it is readable and that '/var/www/vhosts/saratogahistory.com/httpdocs/phpBB/' is executable
[Fri Oct 02 13:06:58.030490 2020] [core:crit] [pid 3951:tid 139803909662464] (13)Permission denied: [client 185.25.35.10:48928] AH00529: /var/www/vhosts/saratogahistory.com/httpdocs/phpBB/.htaccess pcfg_openfile: unable to check htaccess file, ensure it is readable and that '/var/www/vhosts/saratogahistory.com/httpdocs/phpBB/' is executable
[Fri Oct 02 13:23:51.096534 2020] [core:crit] [pid 16376:tid 139803909662464] (13)Permission denied: [client 185.25.35.11:35340] AH00529: /var/www/vhosts/saratogahistory.com/httpdocs/phpBB/.htaccess pcfg_openfile: unable to check htaccess file, ensure it is readable and that '/var/www/vhosts/saratogahistory.com/httpdocs/phpBB/' is executable
[Fri Oct 02 13:38:24.475678 2020] [core:crit] [pid 16376:tid 139803708319488] (13)Permission denied: [client 185.220.100.240:42826] AH00529: /var/www/vhosts/saratogahistory.com/httpdocs/phpBB/.htaccess pcfg_openfile: unable to check htaccess file, ensure it is readable and that '/var/www/vhosts/saratogahistory.com/httpdocs/phpBB/' is executable, referer: http://www.saratogahistory.com/phpBB/index.php
[Fri Oct 02 13:42:01.020369 2020] [core:crit] [pid 3951:tid 139803655870208] (13)Permission denied: [client 188.122.82.146:52146] AH00529: /var/www/vhosts/saratogahistory.com/httpdocs/phpBB/.htaccess pcfg_openfile: unable to check htaccess file, ensure it is readable and that '/var/www/vhosts/saratogahistory.com/httpdocs/phpBB/' is executable, referer: http://www.saratogahistory.com/phpBB/index.php
[Fri Oct 02 13:54:06.023687 2020] [core:crit] [pid 16376:tid 139803718809344] (13)Permission denied: [client 185.206.213.233:54110] AH00529: /var/www/vhosts/saratogahistory.com/httpdocs/phpBB/.htaccess pcfg_openfile: unable to check htaccess file, ensure it is readable and that '/var/www/vhosts/saratogahistory.com/httpdocs/phpBB/' is executable
[Fri Oct 02 14:02:54.696011 2020] [core:crit] [pid 3951:tid 139803592931072] (13)Permission denied: [client 143.244.38.1:47288] AH00529: /var/www/vhosts/saratogahistory.com/httpdocs/phpBB/.htaccess pcfg_openfile: unable to check htaccess file, ensure it is readable and that '/var/www/vhosts/saratogahistory.com/httpdocs/phpBB/' is executable, referer: http://www.saratogahistory.com/phpBB/viewtopic.php?t=340
[Fri Oct 02 14:02:59.065586 2020] [core:crit] [pid 3951:tid 139803920152320] (13)Permission denied: [client 219.140.239.31:47494] AH00529: /var/www/vhosts/saratogahistory.com/httpdocs/phpBB/.htaccess pcfg_openfile: unable to check htaccess file, ensure it is readable and that '/var/www/vhosts/saratogahistory.com/httpdocs/phpBB/' is executable, referer: http://www.saratogahistory.com/phpBB/viewtopic.php?t=340
[Fri Oct 02 14:02:59.634176 2020] [core:crit] [pid 16376:tid 139803676849920] (13)Permission denied: [client 212.102.35.104:47524] AH00529: /var/www/vhosts/saratogahistory.com/httpdocs/phpBB/.htaccess pcfg_openfile: unable to check htaccess file, ensure it is readable and that '/var/www/vhosts/saratogahistory.com/httpdocs/phpBB/' is executable, referer: http://www.saratogahistory.com/phpBB/viewtopic.php?t=340
[Fri Oct 02 14:03:00.394971 2020] [core:crit] [pid 16376:tid 139803645380352] (13)Permission denied: [client 185.77.248.4:47566] AH00529: /var/www/vhosts/saratogahistory.com/httpdocs/phpBB/.htaccess pcfg_openfile: unable to check htaccess file, ensure it is readable and that '/var/www/vhosts/saratogahistory.com/httpdocs/phpBB/' is executable, referer: http://www.saratogahistory.com/phpBB/viewtopic.php?t=340
[Fri Oct 02 14:03:02.981316 2020] [proxy_fcgi:error] [pid 16376:tid 139803592931072] [client 185.77.248.4:47668] AH01071: Got error 'Primary script unknown\n', referer: http://www.saratogahistory.com/index.php
[Fri Oct 02 14:03:03.760820 2020] [proxy_fcgi:error] [pid 3951:tid 139803909662464] [client 185.77.248.4:47708] AH01071: Got error 'Primary script unknown\n', referer: http://www.saratogahistory.com/index.php
[Fri Oct 02 14:03:04.318174 2020] [proxy_fcgi:error] [pid 16376:tid 139803634890496] [client 185.77.248.4:47742] AH01071: Got error 'Primary script unknown\n', referer: http://www.saratogahistory.com/index.php
[Fri Oct 02 14:49:03.049129 2020] [core:crit] [pid 16376:tid 139803760768768] (13)Permission denied: [client 94.172.219.66:52526] AH00529: /var/www/vhosts/saratogahistory.com/httpdocs/phpBB/.htaccess pcfg_openfile: unable to check htaccess file, ensure it is readable and that '/var/www/vhosts/saratogahistory.com/httpdocs/phpBB/' is executable, referer: http://www.saratogahistory.com/
[Fri Oct 02 15:33:11.016163 2020] [core:crit] [pid 16376:tid 139803592931072] (13)Permission denied: [client 216.144.228.130:51012] AH00529: /var/www/vhosts/saratogahistory.com/httpdocs/phpBB/.htaccess pcfg_openfile: unable to check htaccess file, ensure it is readable and that '/var/www/vhosts/saratogahistory.com/httpdocs/phpBB/' is executable, referer: http://www.saratogahistory.com/phpBB/download.php?id=321&sid=66122311e9da3c44dadda2e01e38512f
[Fri Oct 02 15:33:14.315768 2020] [proxy_fcgi:error] [pid 16376:tid 139803792238336] [client 216.144.228.130:51128] AH01071: Got error 'Primary script unknown\n', referer: http://www.saratogahistory.com/index.php
[Fri Oct 02 15:33:15.310193 2020] [proxy_fcgi:error] [pid 16376:tid 139803634890496] [client 216.144.228.130:51162] AH01071: Got error 'Primary script unknown\n', referer: http://www.saratogahistory.com/index.php
[Fri Oct 02 15:33:16.317281 2020] [proxy_fcgi:error] [pid 3951:tid 139803771258624] [client 216.144.228.130:51198] AH01071: Got error 'Primary script unknown\n', referer: http://www.saratogahistory.com/index.php
[Fri Oct 02 15:35:47.755654 2020] [core:crit] [pid 3951:tid 139803760768768] (13)Permission denied: [client 104.244.75.53:57504] AH00529: /var/www/vhosts/saratogahistory.com/httpdocs/phpBB/.htaccess pcfg_openfile: unable to check htaccess file, ensure it is readable and that '/var/www/vhosts/saratogahistory.com/httpdocs/phpBB/' is executable, referer: http://www.saratogahistory.com/phpBB/index.php
[Fri Oct 02 16:04:09.618132 2020] [core:crit] [pid 3951:tid 139803613910784] (13)Permission denied: [client 178.159.37.139:48684] AH00529: /var/www/vhosts/saratogahistory.com/httpdocs/phpBB/.htaccess pcfg_openfile: unable to check htaccess file, ensure it is readable and that '/var/www/vhosts/saratogahistory.com/httpdocs/phpBB/' is executable, referer: http://www.saratogahistory.com/phpBB/index.php
[Fri Oct 02 16:04:10.650821 2020] [proxy_fcgi:error] [pid 3951:tid 139803592931072] [client 178.159.37.139:48722] AH01071: Got error 'Primary script unknown\n', referer: http://www.saratogahistory.com/index.php
[Fri Oct 02 16:04:10.935309 2020] [proxy_fcgi:error] [pid 16376:tid 139803750278912] [client 178.159.37.139:48740] AH01071: Got error 'Primary script unknown\n', referer: http://www.saratogahistory.com/index.php
[Fri Oct 02 16:04:11.220810 2020] [proxy_fcgi:error] [pid 16376:tid 139803739789056] [client 178.159.37.139:48754] AH01071: Got error 'Primary script unknown\n', referer: http://www.saratogahistory.com/index.php
[Fri Oct 02 16:18:06.295151 2020] [proxy_fcgi:error] [pid 16376:tid 139803718809344] [client 195.54.167.190:35870] AH01071: Got error 'Primary script unknown\n'
[Fri Oct 02 16:29:45.691965 2020] [core:crit] [pid 3951:tid 139803645380352] (13)Permission denied: [client 109.70.100.44:36994] AH00529: /var/www/vhosts/saratogahistory.com/httpdocs/phpBB/.htaccess pcfg_openfile: unable to check htaccess file, ensure it is readable and that '/var/www/vhosts/saratogahistory.com/httpdocs/phpBB/' is executable, referer: http://www.saratogahistory.com/phpBB/index.php
[Fri Oct 02 17:09:25.200176 2020] [core:crit] [pid 3951:tid 139803750278912] (13)Permission denied: [client 91.76.156.63:57588] AH00529: /var/www/vhosts/saratogahistory.com/httpdocs/phpBB/.htaccess pcfg_openfile: unable to check htaccess file, ensure it is readable and that '/var/www/vhosts/saratogahistory.com/httpdocs/phpBB/' is executable, referer: http://www.saratogahistory.com/phpBB/index.php
[Fri Oct 02 17:15:30.057952 2020] [core:crit] [pid 3951:tid 139803729299200] (13)Permission denied: [client 185.123.143.252:45880] AH00529: /var/www/vhosts/saratogahistory.com/httpdocs/phpBB/.htaccess pcfg_openfile: unable to check htaccess file, ensure it is readable and that '/var/www/vhosts/saratogahistory.com/httpdocs/phpBB/' is executable, referer: http://www.saratogahistory.com/phpBB/index.php
[Fri Oct 02 17:34:19.330678 2020] [core:crit] [pid 16376:tid 139803613910784] (13)Permission denied: [client 198.98.62.35:39532] AH00529: /var/www/vhosts/saratogahistory.com/httpdocs/phpBB/.htaccess pcfg_openfile: unable to check htaccess file, ensure it is readable and that '/var/www/vhosts/saratogahistory.com/httpdocs/phpBB/' is executable, referer: http://www.saratogahistory.com/phpBB/index.php
[Fri Oct 02 18:18:36.194697 2020] [core:crit] [pid 16376:tid 139803666360064] (13)Permission denied: [client 98.190.102.62:56560] AH00529: /var/www/vhosts/saratogahistory.com/httpdocs/phpBB/.htaccess pcfg_openfile: unable to check htaccess file, ensure it is readable and that '/var/www/vhosts/saratogahistory.com/httpdocs/phpBB/' is executable, referer: http://www.saratogahistory.com/phpBB/index.php
[Fri Oct 02 18:48:35.995212 2020] [core:crit] [pid 3952:tid 139803899172608] (13)Permission denied: [client 185.25.35.8:56614] AH00529: /var/www/vhosts/saratogahistory.com/httpdocs/phpBB/.htaccess pcfg_openfile: unable to check htaccess file, ensure it is readable and that '/var/www/vhosts/saratogahistory.com/httpdocs/phpBB/' is executable
[Fri Oct 02 19:29:37.148756 2020] [core:crit] [pid 16376:tid 139803802728192] (13)Permission denied: [client 192.186.174.28:56776] AH00529: /var/www/vhosts/saratogahistory.com/httpdocs/phpBB/.htaccess pcfg_openfile: unable to check htaccess file, ensure it is readable and that '/var/www/vhosts/saratogahistory.com/httpdocs/phpBB/' is executable, referer: http://www.saratogahistory.com/
[Fri Oct 02 19:29:39.012595 2020] [core:crit] [pid 3952:tid 139803739789056] (13)Permission denied: [client 206.217.138.205:56812] AH00529: /var/www/vhosts/saratogahistory.com/httpdocs/phpBB/.htaccess pcfg_openfile: unable to check htaccess file, ensure it is readable and that '/var/www/vhosts/saratogahistory.com/httpdocs/phpBB/' is executable, referer: http://www.saratogahistory.com/
[Fri Oct 02 19:29:40.963183 2020] [core:crit] [pid 3951:tid 139803687339776] (13)Permission denied: [client 45.72.73.31:56856] AH00529: /var/www/vhosts/saratogahistory.com/httpdocs/phpBB/.htaccess pcfg_openfile: unable to check htaccess file, ensure it is readable and that '/var/www/vhosts/saratogahistory.com/httpdocs/phpBB/' is executable, referer: http://www.saratogahistory.com/
[Fri Oct 02 19:32:37.289905 2020] [core:crit] [pid 3952:tid 139803718809344] (13)Permission denied: [client 185.25.35.14:34274] AH00529: /var/www/vhosts/saratogahistory.com/httpdocs/phpBB/.htaccess pcfg_openfile: unable to check htaccess file, ensure it is readable and that '/var/www/vhosts/saratogahistory.com/httpdocs/phpBB/' is executable
[Fri Oct 02 19:37:03.173592 2020] [core:crit] [pid 3951:tid 139803624400640] (13)Permission denied: [client 23.106.34.44:41816] AH00529: /var/www/vhosts/saratogahistory.com/httpdocs/phpBB/.htaccess pcfg_openfile: unable to check htaccess file, ensure it is readable and that '/var/www/vhosts/saratogahistory.com/httpdocs/phpBB/' is executable, referer: http://www.saratogahistory.com/phpBB/index.php
[Fri Oct 02 20:36:14.331833 2020] [core:crit] [pid 16376:tid 139803792238336] (13)Permission denied: [client 185.25.35.11:47552] AH00529: /var/www/vhosts/saratogahistory.com/httpdocs/phpBB/.htaccess pcfg_openfile: unable to check htaccess file, ensure it is readable and that '/var/www/vhosts/saratogahistory.com/httpdocs/phpBB/' is executable
[Fri Oct 02 20:48:52.585420 2020] [core:crit] [pid 16376:tid 139803888682752] (13)Permission denied: [client 185.25.35.13:42550] AH00529: /var/www/vhosts/saratogahistory.com/httpdocs/phpBB/.htaccess pcfg_openfile: unable to check htaccess file, ensure it is readable and that '/var/www/vhosts/saratogahistory.com/httpdocs/phpBB/' is executable
[Fri Oct 02 20:55:41.734956 2020] [core:crit] [pid 3951:tid 139803802728192] (13)Permission denied: [client 46.243.220.227:54704] AH00529: /var/www/vhosts/saratogahistory.com/httpdocs/phpBB/.htaccess pcfg_openfile: unable to check htaccess file, ensure it is readable and that '/var/www/vhosts/saratogahistory.com/httpdocs/phpBB/' is executable, referer: http://www.saratogahistory.com/phpBB/index.php
[Fri Oct 02 21:26:22.212592 2020] [core:crit] [pid 3951:tid 139803739789056] (13)Permission denied: [client 103.216.82.30:60806] AH00529: /var/www/vhosts/saratogahistory.com/httpdocs/phpBB/.htaccess pcfg_openfile: unable to check htaccess file, ensure it is readable and that '/var/www/vhosts/saratogahistory.com/httpdocs/phpBB/' is executable, referer: http://www.saratogahistory.com/phpBB/index.php
[Fri Oct 02 21:36:23.519384 2020] [core:crit] [pid 3952:tid 139803624400640] (13)Permission denied: [client 185.220.101.9:52224] AH00529: /var/www/vhosts/saratogahistory.com/httpdocs/phpBB/.htaccess pcfg_openfile: unable to check htaccess file, ensure it is readable and that '/var/www/vhosts/saratogahistory.com/httpdocs/phpBB/' is executable, referer: http://www.saratogahistory.com/phpBB/index.php
[Fri Oct 02 22:20:54.381310 2020] [core:crit] [pid 3951:tid 139803899172608] (13)Permission denied: [client 95.216.145.1:59466] AH00529: /var/www/vhosts/saratogahistory.com/httpdocs/phpBB/.htaccess pcfg_openfile: unable to check htaccess file, ensure it is readable and that '/var/www/vhosts/saratogahistory.com/httpdocs/phpBB/' is executable, referer: http://www.saratogahistory.com/phpBB/index.php
[Fri Oct 02 22:25:37.083520 2020] [core:crit] [pid 3951:tid 139803760768768] (13)Permission denied: [client 37.115.206.131:40858] AH00529: /var/www/vhosts/saratogahistory.com/httpdocs/phpBB/.htaccess pcfg_openfile: unable to check htaccess file, ensure it is readable and that '/var/www/vhosts/saratogahistory.com/httpdocs/phpBB/' is executable, referer: http://www.saratogahistory.com/phpBB/index.php
[Fri Oct 02 23:42:09.982627 2020] [core:crit] [pid 16376:tid 139803613910784] (13)Permission denied: [client 199.249.230.104:42110] AH00529: /var/www/vhosts/saratogahistory.com/httpdocs/phpBB/.htaccess pcfg_openfile: unable to check htaccess file, ensure it is readable and that '/var/www/vhosts/saratogahistory.com/httpdocs/phpBB/' is executable, referer: http://www.saratogahistory.com/phpBB/index.php
[Sat Oct 03 01:33:40.228021 2020] [core:crit] [pid 16376:tid 139803802728192] (13)Permission denied: [client 185.25.35.15:38080] AH00529: /var/www/vhosts/saratogahistory.com/httpdocs/phpBB/.htaccess pcfg_openfile: unable to check htaccess file, ensure it is readable and that '/var/www/vhosts/saratogahistory.com/httpdocs/phpBB/' is executable
[Sat Oct 03 01:38:02.250066 2020] [core:crit] [pid 3951:tid 139803634890496] (13)Permission denied: [client 195.206.105.217:46054] AH00529: /var/www/vhosts/saratogahistory.com/httpdocs/phpBB/.htaccess pcfg_openfile: unable to check htaccess file, ensure it is readable and that '/var/www/vhosts/saratogahistory.com/httpdocs/phpBB/' is executable, referer: http://www.saratogahistory.com/phpBB/index.php
[Sat Oct 03 02:09:02.764853 2020] [core:crit] [pid 3951:tid 139803760768768] (13)Permission denied: [client 50.0.149.196:58918] AH00529: /var/www/vhosts/saratogahistory.com/httpdocs/phpBB/.htaccess pcfg_openfile: unable to check htaccess file, ensure it is readable and that '/var/www/vhosts/saratogahistory.com/httpdocs/phpBB/' is executable
[Sat Oct 03 02:09:05.903784 2020] [core:crit] [pid 3950:tid 139803708319488] (13)Permission denied: [client 50.0.149.196:59024] AH00529: /var/www/vhosts/saratogahistory.com/httpdocs/phpBB/.htaccess pcfg_openfile: unable to check htaccess file, ensure it is readable and that '/var/www/vhosts/saratogahistory.com/httpdocs/phpBB/' is executable
[Sat Oct 03 02:09:18.889201 2020] [core:crit] [pid 3951:tid 139803708319488] (13)Permission denied: [client 185.25.35.11:59430] AH00529: /var/www/vhosts/saratogahistory.com/httpdocs/phpBB/.htaccess pcfg_openfile: unable to check htaccess file, ensure it is readable and that '/var/www/vhosts/saratogahistory.com/httpdocs/phpBB/' is executable
[Sat Oct 03 02:52:24.619062 2020] [core:crit] [pid 16376:tid 139803592931072] (13)Permission denied: [client 109.70.100.51:55160] AH00529: /var/www/vhosts/saratogahistory.com/httpdocs/phpBB/.htaccess pcfg_openfile: unable to check htaccess file, ensure it is readable and that '/var/www/vhosts/saratogahistory.com/httpdocs/phpBB/' is executable, referer: http://www.saratogahistory.com/phpBB/index.php
[Sat Oct 03 03:15:49.852120 2020] [core:crit] [pid 16376:tid 139803771258624] (13)Permission denied: [client 185.25.35.9:39988] AH00529: /var/www/vhosts/saratogahistory.com/httpdocs/phpBB/.htaccess pcfg_openfile: unable to check htaccess file, ensure it is readable and that '/var/www/vhosts/saratogahistory.com/httpdocs/phpBB/' is executable
[Sat Oct 03 03:28:48.982700 2020] [core:crit] [pid 16376:tid 139803666360064] (13)Permission denied: [client 185.25.35.13:33360] AH00529: /var/www/vhosts/saratogahistory.com/httpdocs/phpBB/.htaccess pcfg_openfile: unable to check htaccess file, ensure it is readable and that '/var/www/vhosts/saratogahistory.com/httpdocs/phpBB/' is executable
[Sat Oct 03 03:44:46.067479 2020] [core:crit] [pid 16376:tid 139803592931072] (13)Permission denied: [client 185.220.102.245:59918] AH00529: /var/www/vhosts/saratogahistory.com/httpdocs/phpBB/.htaccess pcfg_openfile: unable to check htaccess file, ensure it is readable and that '/var/www/vhosts/saratogahistory.com/httpdocs/phpBB/' is executable, referer: http://www.saratogahistory.com/phpBB/index.php
[Sat Oct 03 04:11:55.973470 2020] [core:crit] [pid 3952:tid 139803655870208] (13)Permission denied: [client 92.38.136.69:45266] AH00529: /var/www/vhosts/saratogahistory.com/httpdocs/phpBB/.htaccess pcfg_openfile: unable to check htaccess file, ensure it is readable and that '/var/www/vhosts/saratogahistory.com/httpdocs/phpBB/' is executable, referer: http://www.saratogahistory.com/phpBB/index.php
[Sat Oct 03 04:28:16.793084 2020] [core:crit] [pid 16376:tid 139803729299200] (13)Permission denied: [client 37.115.147.241:48916] AH00529: /var/www/vhosts/saratogahistory.com/httpdocs/phpBB/.htaccess pcfg_openfile: unable to check htaccess file, ensure it is readable and that '/var/www/vhosts/saratogahistory.com/httpdocs/phpBB/' is executable, referer: http://www.saratogahistory.com/phpBB/index.php
[Sat Oct 03 05:41:20.846937 2020] [core:crit] [pid 16376:tid 139803899172608] (13)Permission denied: [client 45.154.35.214:48460] AH00529: /var/www/vhosts/saratogahistory.com/httpdocs/phpBB/.htaccess pcfg_openfile: unable to check htaccess file, ensure it is readable and that '/var/www/vhosts/saratogahistory.com/httpdocs/phpBB/' is executable, referer: http://www.saratogahistory.com/phpBB/index.php
[Sat Oct 03 07:38:53.084692 2020] [core:crit] [pid 3951:tid 139803899172608] (13)Permission denied: [client 185.25.35.15:47254] AH00529: /var/www/vhosts/saratogahistory.com/httpdocs/phpBB/.htaccess pcfg_openfile: unable to check htaccess file, ensure it is readable and that '/var/www/vhosts/saratogahistory.com/httpdocs/phpBB/' is executable
[Sat Oct 03 07:43:08.005818 2020] [core:crit] [pid 16376:tid 139803624400640] (13)Permission denied: [client 54.36.108.162:54308] AH00529: /var/www/vhosts/saratogahistory.com/httpdocs/phpBB/.htaccess pcfg_openfile: unable to check htaccess file, ensure it is readable and that '/var/www/vhosts/saratogahistory.com/httpdocs/phpBB/' is executable, referer: http://www.saratogahistory.com/phpBB/index.php
[Sat Oct 03 08:10:23.511576 2020] [core:crit] [pid 3951:tid 139803899172608] (13)Permission denied: [client 185.220.101.209:44416] AH00529: /var/www/vhosts/saratogahistory.com/httpdocs/phpBB/.htaccess pcfg_openfile: unable to check htaccess file, ensure it is readable and that '/var/www/vhosts/saratogahistory.com/httpdocs/phpBB/' is executable, referer: http://www.saratogahistory.com/phpBB/index.php
[Sat Oct 03 08:24:34.874865 2020] [core:crit] [pid 16376:tid 139803613910784] (13)Permission denied: [client 185.25.35.14:41046] AH00529: /var/www/vhosts/saratogahistory.com/httpdocs/phpBB/.htaccess pcfg_openfile: unable to check htaccess file, ensure it is readable and that '/var/www/vhosts/saratogahistory.com/httpdocs/phpBB/' is executable
[Sat Oct 03 08:40:01.057305 2020] [core:crit] [pid 16376:tid 139803802728192] (13)Permission denied: [client 185.245.84.56:39622] AH00529: /var/www/vhosts/saratogahistory.com/httpdocs/phpBB/.htaccess pcfg_openfile: unable to check htaccess file, ensure it is readable and that '/var/www/vhosts/saratogahistory.com/httpdocs/phpBB/' is executable, referer: http://www.saratogahistory.com/phpBB/index.php
[Sat Oct 03 09:19:14.706854 2020] [core:crit] [pid 16376:tid 139803634890496] (13)Permission denied: [client 5.188.84.251:41580] AH00529: /var/www/vhosts/saratogahistory.com/httpdocs/phpBB/.htaccess pcfg_openfile: unable to check htaccess file, ensure it is readable and that '/var/www/vhosts/saratogahistory.com/httpdocs/phpBB/' is executable, referer: http://www.saratogahistory.com/phpBB/index.php
[Sat Oct 03 09:24:33.138692 2020] [core:crit] [pid 3951:tid 139803792238336] (13)Permission denied: [client 185.25.35.11:50366] AH00529: /var/www/vhosts/saratogahistory.com/httpdocs/phpBB/.htaccess pcfg_openfile: unable to check htaccess file, ensure it is readable and that '/var/www/vhosts/saratogahistory.com/httpdocs/phpBB/' is executable
[Sat Oct 03 09:38:23.688786 2020] [core:crit] [pid 3950:tid 139803802728192] (13)Permission denied: [client 185.25.35.11:44858] AH00529: /var/www/vhosts/saratogahistory.com/httpdocs/phpBB/.htaccess pcfg_openfile: unable to check htaccess file, ensure it is readable and that '/var/www/vhosts/saratogahistory.com/httpdocs/phpBB/' is executable
[Sat Oct 03 09:42:37.903366 2020] [core:crit] [pid 3952:tid 139803792238336] (13)Permission denied: [client 85.248.227.163:50396] AH00529: /var/www/vhosts/saratogahistory.com/httpdocs/phpBB/.htaccess pcfg_openfile: unable to check htaccess file, ensure it is readable and that '/var/www/vhosts/saratogahistory.com/httpdocs/phpBB/' is executable, referer: http://www.saratogahistory.com/phpBB/index.php
[Sat Oct 03 10:37:11.986653 2020] [core:crit] [pid 3951:tid 139803739789056] (13)Permission denied: [client 185.255.96.99:51980] AH00529: /var/www/vhosts/saratogahistory.com/httpdocs/phpBB/.htaccess pcfg_openfile: unable to check htaccess file, ensure it is readable and that '/var/www/vhosts/saratogahistory.com/httpdocs/phpBB/' is executable, referer: http://www.saratogahistory.com/phpBB/index.php
[Sat Oct 03 10:54:20.839651 2020] [core:crit] [pid 16376:tid 139803802728192] (13)Permission denied: [client 185.245.84.56:42182] AH00529: /var/www/vhosts/saratogahistory.com/httpdocs/phpBB/.htaccess pcfg_openfile: unable to check htaccess file, ensure it is readable and that '/var/www/vhosts/saratogahistory.com/httpdocs/phpBB/' is executable, referer: http://www.saratogahistory.com/phpBB/index.php
[Sat Oct 03 11:31:39.983887 2020] [proxy_fcgi:error] [pid 16376:tid 139803676849920] [client 39.104.207.247:55076] AH01071: Got error 'Primary script unknown\n'
[Sat Oct 03 11:42:11.496921 2020] [core:crit] [pid 16376:tid 139803792238336] (13)Permission denied: [client 91.250.242.12:41790] AH00529: /var/www/vhosts/saratogahistory.com/httpdocs/phpBB/.htaccess pcfg_openfile: unable to check htaccess file, ensure it is readable and that '/var/www/vhosts/saratogahistory.com/httpdocs/phpBB/' is executable, referer: http://www.saratogahistory.com/phpBB/index.php
[Sat Oct 03 13:14:25.778417 2020] [proxy_fcgi:error] [pid 3951:tid 139803771258624] [client 39.104.207.247:40542] AH01071: Got error 'Primary script unknown\n'
[Sat Oct 03 13:32:03.618190 2020] [core:crit] [pid 16376:tid 139803920152320] (13)Permission denied: [client 93.158.161.10:36256] AH00529: /var/www/vhosts/saratogahistory.com/httpdocs/phpBB/.htaccess pcfg_openfile: unable to check htaccess file, ensure it is readable and that '/var/www/vhosts/saratogahistory.com/httpdocs/phpBB/' is executable
[Sat Oct 03 13:41:21.450733 2020] [core:crit] [pid 16376:tid 139803666360064] (13)Permission denied: [client 217.182.192.217:48094] AH00529: /var/www/vhosts/saratogahistory.com/httpdocs/phpBB/.htaccess pcfg_openfile: unable to check htaccess file, ensure it is readable and that '/var/www/vhosts/saratogahistory.com/httpdocs/phpBB/' is executable, referer: http://www.saratogahistory.com/phpBB/index.php
[Sat Oct 03 14:11:17.566199 2020] [core:crit] [pid 16376:tid 139803603420928] (13)Permission denied: [client 185.25.35.14:59060] AH00529: /var/www/vhosts/saratogahistory.com/httpdocs/phpBB/.htaccess pcfg_openfile: unable to check htaccess file, ensure it is readable and that '/var/www/vhosts/saratogahistory.com/httpdocs/phpBB/' is executable
[Sat Oct 03 14:27:09.616481 2020] [proxy_fcgi:error] [pid 3952:tid 139803729299200] [client 27.186.10.18:50576] AH01071: Got error 'Primary script unknown\n'
[Sat Oct 03 14:59:39.484568 2020] [core:crit] [pid 3951:tid 139803920152320] (13)Permission denied: [client 185.25.35.15:35046] AH00529: /var/www/vhosts/saratogahistory.com/httpdocs/phpBB/.htaccess pcfg_openfile: unable to check htaccess file, ensure it is readable and that '/var/www/vhosts/saratogahistory.com/httpdocs/phpBB/' is executable
[Sat Oct 03 15:40:59.777599 2020] [core:crit] [pid 16376:tid 139803676849920] (13)Permission denied: [client 185.220.100.252:58820] AH00529: /var/www/vhosts/saratogahistory.com/httpdocs/phpBB/.htaccess pcfg_openfile: unable to check htaccess file, ensure it is readable and that '/var/www/vhosts/saratogahistory.com/httpdocs/phpBB/' is executable, referer: http://www.saratogahistory.com/phpBB/index.php
[Sat Oct 03 15:52:29.204224 2020] [core:crit] [pid 16376:tid 139803771258624] (13)Permission denied: [client 185.25.35.12:44480] AH00529: /var/www/vhosts/saratogahistory.com/httpdocs/phpBB/.htaccess pcfg_openfile: unable to check htaccess file, ensure it is readable and that '/var/www/vhosts/saratogahistory.com/httpdocs/phpBB/' is executable
[Sat Oct 03 15:59:43.618964 2020] [core:crit] [pid 16376:tid 139803687339776] (13)Permission denied: [client 199.249.230.152:52806] AH00529: /var/www/vhosts/saratogahistory.com/httpdocs/phpBB/.htaccess pcfg_openfile: unable to check htaccess file, ensure it is readable and that '/var/www/vhosts/saratogahistory.com/httpdocs/phpBB/' is executable, referer: http://www.saratogahistory.com/phpBB/index.php
[Sat Oct 03 16:05:35.892719 2020] [core:crit] [pid 16376:tid 139803613910784] (13)Permission denied: [client 185.25.35.12:59896] AH00529: /var/www/vhosts/saratogahistory.com/httpdocs/phpBB/.htaccess pcfg_openfile: unable to check htaccess file, ensure it is readable and that '/var/www/vhosts/saratogahistory.com/httpdocs/phpBB/' is executable
[Sat Oct 03 17:40:21.196438 2020] [core:crit] [pid 3951:tid 139803802728192] (13)Permission denied: [client 185.220.101.149:38086] AH00529: /var/www/vhosts/saratogahistory.com/httpdocs/phpBB/.htaccess pcfg_openfile: unable to check htaccess file, ensure it is readable and that '/var/www/vhosts/saratogahistory.com/httpdocs/phpBB/' is executable, referer: http://www.saratogahistory.com/phpBB/index.php
[Sat Oct 03 19:44:51.049240 2020] [core:crit] [pid 3951:tid 139803729299200] (13)Permission denied: [client 185.220.101.134:34290] AH00529: /var/www/vhosts/saratogahistory.com/httpdocs/phpBB/.htaccess pcfg_openfile: unable to check htaccess file, ensure it is readable and that '/var/www/vhosts/saratogahistory.com/httpdocs/phpBB/' is executable, referer: http://www.saratogahistory.com/phpBB/index.php
[Sat Oct 03 20:11:23.678851 2020] [core:crit] [pid 3952:tid 139803739789056] (13)Permission denied: [client 207.244.119.191:35806] AH00529: /var/www/vhosts/saratogahistory.com/httpdocs/phpBB/.htaccess pcfg_openfile: unable to check htaccess file, ensure it is readable and that '/var/www/vhosts/saratogahistory.com/httpdocs/phpBB/' is executable, referer: http://www.saratogahistory.com/
[Sat Oct 03 20:11:24.479346 2020] [core:crit] [pid 3951:tid 139803655870208] (13)Permission denied: [client 168.90.199.130:35824] AH00529: /var/www/vhosts/saratogahistory.com/httpdocs/phpBB/.htaccess pcfg_openfile: unable to check htaccess file, ensure it is readable and that '/var/www/vhosts/saratogahistory.com/httpdocs/phpBB/' is executable, referer: http://www.saratogahistory.com/
[Sat Oct 03 20:11:25.655566 2020] [core:crit] [pid 16376:tid 139803592931072] (13)Permission denied: [client 196.245.184.124:35852] AH00529: /var/www/vhosts/saratogahistory.com/httpdocs/phpBB/.htaccess pcfg_openfile: unable to check htaccess file, ensure it is readable and that '/var/www/vhosts/saratogahistory.com/httpdocs/phpBB/' is executable, referer: http://www.saratogahistory.com/
[Sat Oct 03 20:11:26.548867 2020] [core:crit] [pid 16376:tid 139803603420928] (13)Permission denied: [client 191.102.153.225:35874] AH00529: /var/www/vhosts/saratogahistory.com/httpdocs/phpBB/.htaccess pcfg_openfile: unable to check htaccess file, ensure it is readable and that '/var/www/vhosts/saratogahistory.com/httpdocs/phpBB/' is executable, referer: http://www.saratogahistory.com/
[Sat Oct 03 20:37:55.219141 2020] [core:crit] [pid 16376:tid 139803708319488] (13)Permission denied: [client 185.25.35.15:37272] AH00529: /var/www/vhosts/saratogahistory.com/httpdocs/phpBB/.htaccess pcfg_openfile: unable to check htaccess file, ensure it is readable and that '/var/www/vhosts/saratogahistory.com/httpdocs/phpBB/' is executable
[Sat Oct 03 21:17:03.470747 2020] [core:crit] [pid 3952:tid 139803592931072] (13)Permission denied: [client 185.25.35.14:54618] AH00529: /var/www/vhosts/saratogahistory.com/httpdocs/phpBB/.htaccess pcfg_openfile: unable to check htaccess file, ensure it is readable and that '/var/www/vhosts/saratogahistory.com/httpdocs/phpBB/' is executable
[Sat Oct 03 21:47:34.239341 2020] [core:crit] [pid 16376:tid 139803739789056] (13)Permission denied: [client 185.220.101.12:57174] AH00529: /var/www/vhosts/saratogahistory.com/httpdocs/phpBB/.htaccess pcfg_openfile: unable to check htaccess file, ensure it is readable and that '/var/www/vhosts/saratogahistory.com/httpdocs/phpBB/' is executable, referer: http://www.saratogahistory.com/phpBB/index.php
[Sat Oct 03 21:49:04.536880 2020] [core:crit] [pid 16376:tid 139803781748480] (13)Permission denied: [client 62.171.144.155:58774] AH00529: /var/www/vhosts/saratogahistory.com/httpdocs/phpBB/.htaccess pcfg_openfile: unable to check htaccess file, ensure it is readable and that '/var/www/vhosts/saratogahistory.com/httpdocs/phpBB/' is executable, referer: http://www.saratogahistory.com/phpBB/index.php
[Sat Oct 03 22:04:38.934310 2020] [core:crit] [pid 16376:tid 139803624400640] (13)Permission denied: [client 77.83.175.161:48986] AH00529: /var/www/vhosts/saratogahistory.com/httpdocs/phpBB/.htaccess pcfg_openfile: unable to check htaccess file, ensure it is readable and that '/var/www/vhosts/saratogahistory.com/httpdocs/phpBB/' is executable, referer: http://www.saratogahistory.com/phpBB/index.php
[Sat Oct 03 22:09:24.076643 2020] [core:crit] [pid 3951:tid 139803899172608] (13)Permission denied: [client 213.59.158.2:54856] AH00529: /var/www/vhosts/saratogahistory.com/httpdocs/phpBB/.htaccess pcfg_openfile: unable to check htaccess file, ensure it is readable and that '/var/www/vhosts/saratogahistory.com/httpdocs/phpBB/' is executable, referer: http://www.saratogahistory.com/phpBB/index.php
[Sat Oct 03 22:09:25.150143 2020] [proxy_fcgi:error] [pid 16376:tid 139803613910784] [client 213.59.158.2:54868] AH01071: Got error 'Primary script unknown\n', referer: http://www.saratogahistory.com/index.php
[Sat Oct 03 22:09:25.454802 2020] [proxy_fcgi:error] [pid 16376:tid 139803666360064] [client 213.59.158.2:54872] AH01071: Got error 'Primary script unknown\n', referer: http://www.saratogahistory.com/index.php
[Sat Oct 03 22:09:25.760032 2020] [proxy_fcgi:error] [pid 16376:tid 139803888682752] [client 213.59.158.2:54878] AH01071: Got error 'Primary script unknown\n', referer: http://www.saratogahistory.com/index.php
[Sat Oct 03 22:23:45.991081 2020] [core:crit] [pid 16376:tid 139803760768768] (13)Permission denied: [client 185.25.35.12:48350] AH00529: /var/www/vhosts/saratogahistory.com/httpdocs/phpBB/.htaccess pcfg_openfile: unable to check htaccess file, ensure it is readable and that '/var/www/vhosts/saratogahistory.com/httpdocs/phpBB/' is executable
[Sat Oct 03 22:37:10.009379 2020] [core:crit] [pid 16376:tid 139803613910784] (13)Permission denied: [client 185.25.35.9:34468] AH00529: /var/www/vhosts/saratogahistory.com/httpdocs/phpBB/.htaccess pcfg_openfile: unable to check htaccess file, ensure it is readable and that '/var/www/vhosts/saratogahistory.com/httpdocs/phpBB/' is executable
[Sat Oct 03 22:56:03.876450 2020] [core:crit] [pid 3952:tid 139803613910784] (13)Permission denied: [client 178.159.37.92:56280] AH00529: /var/www/vhosts/saratogahistory.com/httpdocs/phpBB/.htaccess pcfg_openfile: unable to check htaccess file, ensure it is readable and that '/var/www/vhosts/saratogahistory.com/httpdocs/phpBB/' is executable, referer: http://www.saratogahistory.com/phpBB/index.php
[Sat Oct 03 23:43:51.950971 2020] [core:crit] [pid 3951:tid 139803771258624] (13)Permission denied: [client 162.247.74.204:50588] AH00529: /var/www/vhosts/saratogahistory.com/httpdocs/phpBB/.htaccess pcfg_openfile: unable to check htaccess file, ensure it is readable and that '/var/www/vhosts/saratogahistory.com/httpdocs/phpBB/' is executable, referer: http://www.saratogahistory.com/phpBB/index.php
[Sat Oct 03 23:59:32.146493 2020] [core:crit] [pid 3951:tid 139803697829632] (13)Permission denied: [client 5.188.210.18:39390] AH00529: /var/www/vhosts/saratogahistory.com/httpdocs/phpBB/.htaccess pcfg_openfile: unable to check htaccess file, ensure it is readable and that '/var/www/vhosts/saratogahistory.com/httpdocs/phpBB/' is executable, referer: http://www.saratogahistory.com/phpBB/index.php
[Sun Oct 04 00:12:33.692335 2020] [core:crit] [pid 3951:tid 139803781748480] (13)Permission denied: [client 80.246.31.31:53184] AH00529: /var/www/vhosts/saratogahistory.com/httpdocs/phpBB/.htaccess pcfg_openfile: unable to check htaccess file, ensure it is readable and that '/var/www/vhosts/saratogahistory.com/httpdocs/phpBB/' is executable, referer: http://www.saratogahistory.com/phpBB/index.php
[Sun Oct 04 01:43:52.834062 2020] [core:crit] [pid 16376:tid 139803687339776] (13)Permission denied: [client 185.220.102.6:55126] AH00529: /var/www/vhosts/saratogahistory.com/httpdocs/phpBB/.htaccess pcfg_openfile: unable to check htaccess file, ensure it is readable and that '/var/www/vhosts/saratogahistory.com/httpdocs/phpBB/' is executable, referer: http://www.saratogahistory.com/phpBB/index.php
[Sun Oct 04 02:16:56.793228 2020] [core:crit] [pid 16376:tid 139803634890496] (13)Permission denied: [client 77.247.181.163:40606] AH00529: /var/www/vhosts/saratogahistory.com/httpdocs/phpBB/.htaccess pcfg_openfile: unable to check htaccess file, ensure it is readable and that '/var/www/vhosts/saratogahistory.com/httpdocs/phpBB/' is executable, referer: http://www.saratogahistory.com/phpBB/index.php
[Sun Oct 04 03:00:53.807987 2020] [core:crit] [pid 16376:tid 139803613910784] (13)Permission denied: [client 5.188.84.230:40350] AH00529: /var/www/vhosts/saratogahistory.com/httpdocs/phpBB/.htaccess pcfg_openfile: unable to check htaccess file, ensure it is readable and that '/var/www/vhosts/saratogahistory.com/httpdocs/phpBB/' is executable, referer: http://www.saratogahistory.com/phpBB/index.php
[Sun Oct 04 03:02:01.264650 2020] [core:crit] [pid 3951:tid 139803655870208] (13)Permission denied: [client 185.25.35.10:41776] AH00529: /var/www/vhosts/saratogahistory.com/httpdocs/phpBB/.htaccess pcfg_openfile: unable to check htaccess file, ensure it is readable and that '/var/www/vhosts/saratogahistory.com/httpdocs/phpBB/' is executable
[Sun Oct 04 03:36:11.060604 2020] [core:crit] [pid 3951:tid 139803750278912] (13)Permission denied: [client 213.61.215.54:60690] AH00529: /var/www/vhosts/saratogahistory.com/httpdocs/phpBB/.htaccess pcfg_openfile: unable to check htaccess file, ensure it is readable and that '/var/www/vhosts/saratogahistory.com/httpdocs/phpBB/' is executable, referer: http://www.saratogahistory.com/phpBB/index.php
[Sun Oct 04 03:55:00.170635 2020] [core:crit] [pid 16376:tid 139803645380352] (13)Permission denied: [client 185.25.35.9:56566] AH00529: /var/www/vhosts/saratogahistory.com/httpdocs/phpBB/.htaccess pcfg_openfile: unable to check htaccess file, ensure it is readable and that '/var/www/vhosts/saratogahistory.com/httpdocs/phpBB/' is executable
[Sun Oct 04 04:24:54.845398 2020] [core:crit] [pid 3951:tid 139803760768768] (13)Permission denied: [client 176.114.153.124:44312] AH00529: /var/www/vhosts/saratogahistory.com/httpdocs/phpBB/.htaccess pcfg_openfile: unable to check htaccess file, ensure it is readable and that '/var/www/vhosts/saratogahistory.com/httpdocs/phpBB/' is executable, referer: http://www.saratogahistory.com/phpBB/index.php
[Sun Oct 04 04:24:56.358786 2020] [proxy_fcgi:error] [pid 16376:tid 139803739789056] [client 176.114.153.124:44366] AH01071: Got error 'Primary script unknown\n', referer: http://www.saratogahistory.com/index.php
[Sun Oct 04 04:24:56.755717 2020] [proxy_fcgi:error] [pid 16376:tid 139803760768768] [client 176.114.153.124:44372] AH01071: Got error 'Primary script unknown\n', referer: http://www.saratogahistory.com/index.php
[Sun Oct 04 04:24:57.161889 2020] [proxy_fcgi:error] [pid 16376:tid 139803708319488] [client 176.114.153.124:44376] AH01071: Got error 'Primary script unknown\n', referer: http://www.saratogahistory.com/index.php
[Sun Oct 04 04:50:41.915554 2020] [core:crit] [pid 3952:tid 139803802728192] (13)Permission denied: [client 185.25.35.10:50338] AH00529: /var/www/vhosts/saratogahistory.com/httpdocs/phpBB/.htaccess pcfg_openfile: unable to check htaccess file, ensure it is readable and that '/var/www/vhosts/saratogahistory.com/httpdocs/phpBB/' is executable
[Sun Oct 04 05:02:20.203191 2020] [core:crit] [pid 16376:tid 139803676849920] (13)Permission denied: [client 185.25.35.14:35516] AH00529: /var/www/vhosts/saratogahistory.com/httpdocs/phpBB/.htaccess pcfg_openfile: unable to check htaccess file, ensure it is readable and that '/var/www/vhosts/saratogahistory.com/httpdocs/phpBB/' is executable
[Sun Oct 04 05:41:23.470290 2020] [core:crit] [pid 3952:tid 139803666360064] (13)Permission denied: [client 185.220.102.249:55824] AH00529: /var/www/vhosts/saratogahistory.com/httpdocs/phpBB/.htaccess pcfg_openfile: unable to check htaccess file, ensure it is readable and that '/var/www/vhosts/saratogahistory.com/httpdocs/phpBB/' is executable, referer: http://www.saratogahistory.com/phpBB/index.php
[Sun Oct 04 05:42:05.196023 2020] [core:crit] [pid 16376:tid 139803802728192] (13)Permission denied: [client 188.163.109.153:56634] AH00529: /var/www/vhosts/saratogahistory.com/httpdocs/phpBB/.htaccess pcfg_openfile: unable to check htaccess file, ensure it is readable and that '/var/www/vhosts/saratogahistory.com/httpdocs/phpBB/' is executable, referer: http://www.saratogahistory.com/phpBB/index.php
[Sun Oct 04 05:42:05.916802 2020] [core:crit] [pid 16376:tid 139803739789056] (13)Permission denied: [client 188.163.109.153:56656] AH00529: /var/www/vhosts/saratogahistory.com/httpdocs/phpBB/.htaccess pcfg_openfile: unable to check htaccess file, ensure it is readable and that '/var/www/vhosts/saratogahistory.com/httpdocs/phpBB/' is executable, referer: http://www.saratogahistory.com/phpBB/index.php
[Sun Oct 04 05:43:06.789900 2020] [core:crit] [pid 16376:tid 139803729299200] (13)Permission denied: [client 34.73.39.225:57782] AH00529: /var/www/vhosts/saratogahistory.com/httpdocs/phpBB/.htaccess pcfg_openfile: unable to check htaccess file, ensure it is readable and that '/var/www/vhosts/saratogahistory.com/httpdocs/phpBB/' is executable
[Sun Oct 04 05:48:16.675293 2020] [core:crit] [pid 3951:tid 139803592931072] (13)Permission denied: [client 45.132.185.53:36298] AH00529: /var/www/vhosts/saratogahistory.com/httpdocs/phpBB/.htaccess pcfg_openfile: unable to check htaccess file, ensure it is readable and that '/var/www/vhosts/saratogahistory.com/httpdocs/phpBB/' is executable, referer: http://www.saratogahistory.com/phpBB/index.php
[Sun Oct 04 06:38:12.018254 2020] [core:crit] [pid 3950:tid 139803718809344] (13)Permission denied: [client 35.237.167.241:39922] AH00529: /var/www/vhosts/saratogahistory.com/httpdocs/phpBB/.htaccess pcfg_openfile: unable to check htaccess file, ensure it is readable and that '/var/www/vhosts/saratogahistory.com/httpdocs/phpBB/' is executable
[Sun Oct 04 07:27:53.313403 2020] [core:crit] [pid 3951:tid 139803687339776] (13)Permission denied: [client 91.236.12.89:55350] AH00529: /var/www/vhosts/saratogahistory.com/httpdocs/phpBB/.htaccess pcfg_openfile: unable to check htaccess file, ensure it is readable and that '/var/www/vhosts/saratogahistory.com/httpdocs/phpBB/' is executable, referer: http://www.saratogahistory.com/phpBB/index.php
[Sun Oct 04 07:43:47.737838 2020] [core:crit] [pid 16376:tid 139803781748480] (13)Permission denied: [client 185.220.100.244:54114] AH00529: /var/www/vhosts/saratogahistory.com/httpdocs/phpBB/.htaccess pcfg_openfile: unable to check htaccess file, ensure it is readable and that '/var/www/vhosts/saratogahistory.com/httpdocs/phpBB/' is executable, referer: http://www.saratogahistory.com/phpBB/index.php
[Sun Oct 04 08:03:30.633415 2020] [core:crit] [pid 16376:tid 139803603420928] (13)Permission denied: [client 51.81.83.150:53300] AH00529: /var/www/vhosts/saratogahistory.com/httpdocs/phpBB/.htaccess pcfg_openfile: unable to check htaccess file, ensure it is readable and that '/var/www/vhosts/saratogahistory.com/httpdocs/phpBB/' is executable, referer: http://www.saratogahistory.com/phpBB/index.php
[Sun Oct 04 08:08:57.073240 2020] [core:crit] [pid 3951:tid 139803802728192] (13)Permission denied: [client 77.247.181.162:34100] AH00529: /var/www/vhosts/saratogahistory.com/httpdocs/phpBB/.htaccess pcfg_openfile: unable to check htaccess file, ensure it is readable and that '/var/www/vhosts/saratogahistory.com/httpdocs/phpBB/' is executable, referer: http://www.saratogahistory.com/phpBB/index.php
[Sun Oct 04 08:32:14.942189 2020] [core:crit] [pid 16376:tid 139803792238336] (13)Permission denied: [client 35.229.79.81:47824] AH00529: /var/www/vhosts/saratogahistory.com/httpdocs/phpBB/.htaccess pcfg_openfile: unable to check htaccess file, ensure it is readable and that '/var/www/vhosts/saratogahistory.com/httpdocs/phpBB/' is executable
[Sun Oct 04 09:26:46.445360 2020] [core:crit] [pid 16376:tid 139803655870208] (13)Permission denied: [client 185.25.35.12:53888] AH00529: /var/www/vhosts/saratogahistory.com/httpdocs/phpBB/.htaccess pcfg_openfile: unable to check htaccess file, ensure it is readable and that '/var/www/vhosts/saratogahistory.com/httpdocs/phpBB/' is executable
[Sun Oct 04 09:41:52.503804 2020] [core:crit] [pid 3952:tid 139803729299200] (13)Permission denied: [client 185.100.85.61:56770] AH00529: /var/www/vhosts/saratogahistory.com/httpdocs/phpBB/.htaccess pcfg_openfile: unable to check htaccess file, ensure it is readable and that '/var/www/vhosts/saratogahistory.com/httpdocs/phpBB/' is executable, referer: http://www.saratogahistory.com/phpBB/index.php
[Sun Oct 04 09:57:02.830694 2020] [core:crit] [pid 16376:tid 139803792238336] (13)Permission denied: [client 92.124.160.190:48978] AH00529: /var/www/vhosts/saratogahistory.com/httpdocs/phpBB/.htaccess pcfg_openfile: unable to check htaccess file, ensure it is readable and that '/var/www/vhosts/saratogahistory.com/httpdocs/phpBB/' is executable, referer: http://www.saratogahistory.com/phpBB/index.php
[Sun Oct 04 09:57:03.162837 2020] [core:crit] [pid 16376:tid 139803634890496] (13)Permission denied: [client 92.124.160.190:48986] AH00529: /var/www/vhosts/saratogahistory.com/httpdocs/phpBB/.htaccess pcfg_openfile: unable to check htaccess file, ensure it is readable and that '/var/www/vhosts/saratogahistory.com/httpdocs/phpBB/' is executable, referer: http://www.saratogahistory.com/phpBB/index.php
[Sun Oct 04 10:13:22.532186 2020] [core:crit] [pid 16376:tid 139803592931072] (13)Permission denied: [client 185.25.35.14:39804] AH00529: /var/www/vhosts/saratogahistory.com/httpdocs/phpBB/.htaccess pcfg_openfile: unable to check htaccess file, ensure it is readable and that '/var/www/vhosts/saratogahistory.com/httpdocs/phpBB/' is executable
[Sun Oct 04 11:03:37.565067 2020] [core:crit] [pid 16376:tid 139803634890496] (13)Permission denied: [client 185.25.35.8:45960] AH00529: /var/www/vhosts/saratogahistory.com/httpdocs/phpBB/.htaccess pcfg_openfile: unable to check htaccess file, ensure it is readable and that '/var/www/vhosts/saratogahistory.com/httpdocs/phpBB/' is executable
[Sun Oct 04 11:15:57.871481 2020] [core:crit] [pid 3951:tid 139803592931072] (13)Permission denied: [client 185.25.35.8:60940] AH00529: /var/www/vhosts/saratogahistory.com/httpdocs/phpBB/.htaccess pcfg_openfile: unable to check htaccess file, ensure it is readable and that '/var/www/vhosts/saratogahistory.com/httpdocs/phpBB/' is executable
[Sun Oct 04 11:43:19.183134 2020] [core:crit] [pid 3951:tid 139803729299200] (13)Permission denied: [client 185.220.101.146:38884] AH00529: /var/www/vhosts/saratogahistory.com/httpdocs/phpBB/.htaccess pcfg_openfile: unable to check htaccess file, ensure it is readable and that '/var/www/vhosts/saratogahistory.com/httpdocs/phpBB/' is executable, referer: http://www.saratogahistory.com/phpBB/index.php
[Sun Oct 04 12:39:30.981196 2020] [core:crit] [pid 16376:tid 139803888682752] (13)Permission denied: [client 94.172.219.66:57234] AH00529: /var/www/vhosts/saratogahistory.com/httpdocs/phpBB/.htaccess pcfg_openfile: unable to check htaccess file, ensure it is readable and that '/var/www/vhosts/saratogahistory.com/httpdocs/phpBB/' is executable, referer: http://www.saratogahistory.com/
[Sun Oct 04 13:10:46.046304 2020] [core:crit] [pid 3950:tid 139803634890496] (13)Permission denied: [client 51.77.53.174:44910] AH00529: /var/www/vhosts/saratogahistory.com/httpdocs/phpBB/.htaccess pcfg_openfile: unable to check htaccess file, ensure it is readable and that '/var/www/vhosts/saratogahistory.com/httpdocs/phpBB/' is executable, referer: http://www.saratogahistory.com/phpBB/index.php
[Sun Oct 04 13:18:43.494366 2020] [core:crit] [pid 16376:tid 139803687339776] (13)Permission denied: [client 185.220.102.240:56072] AH00529: /var/www/vhosts/saratogahistory.com/httpdocs/phpBB/.htaccess pcfg_openfile: unable to check htaccess file, ensure it is readable and that '/var/www/vhosts/saratogahistory.com/httpdocs/phpBB/' is executable, referer: http://www.saratogahistory.com/phpBB/index.php
[Sun Oct 04 13:37:33.555493 2020] [core:crit] [pid 16376:tid 139803613910784] (13)Permission denied: [client 185.220.102.250:53434] AH00529: /var/www/vhosts/saratogahistory.com/httpdocs/phpBB/.htaccess pcfg_openfile: unable to check htaccess file, ensure it is readable and that '/var/www/vhosts/saratogahistory.com/httpdocs/phpBB/' is executable, referer: http://www.saratogahistory.com/phpBB/index.php
[Sun Oct 04 15:12:17.701868 2020] [core:crit] [pid 3951:tid 139803666360064] (13)Permission denied: [client 176.114.153.124:46166] AH00529: /var/www/vhosts/saratogahistory.com/httpdocs/phpBB/.htaccess pcfg_openfile: unable to check htaccess file, ensure it is readable and that '/var/www/vhosts/saratogahistory.com/httpdocs/phpBB/' is executable, referer: http://www.saratogahistory.com/phpBB/index.php
[Sun Oct 04 15:36:42.509446 2020] [core:crit] [pid 16376:tid 139803676849920] (13)Permission denied: [client 217.79.178.53:53934] AH00529: /var/www/vhosts/saratogahistory.com/httpdocs/phpBB/.htaccess pcfg_openfile: unable to check htaccess file, ensure it is readable and that '/var/www/vhosts/saratogahistory.com/httpdocs/phpBB/' is executable, referer: http://www.saratogahistory.com/phpBB/index.php
[Sun Oct 04 15:53:04.782608 2020] [core:crit] [pid 16376:tid 139803613910784] (13)Permission denied: [client 185.25.35.8:48418] AH00529: /var/www/vhosts/saratogahistory.com/httpdocs/phpBB/.htaccess pcfg_openfile: unable to check htaccess file, ensure it is readable and that '/var/www/vhosts/saratogahistory.com/httpdocs/phpBB/' is executable
[Sun Oct 04 16:06:09.840880 2020] [core:crit] [pid 3952:tid 139803739789056] (13)Permission denied: [client 192.42.116.18:41162] AH00529: /var/www/vhosts/saratogahistory.com/httpdocs/phpBB/.htaccess pcfg_openfile: unable to check htaccess file, ensure it is readable and that '/var/www/vhosts/saratogahistory.com/httpdocs/phpBB/' is executable, referer: http://www.saratogahistory.com/phpBB/index.php
[Sun Oct 04 16:34:02.646696 2020] [core:crit] [pid 16376:tid 139803750278912] (13)Permission denied: [client 185.25.35.11:38336] AH00529: /var/www/vhosts/saratogahistory.com/httpdocs/phpBB/.htaccess pcfg_openfile: unable to check htaccess file, ensure it is readable and that '/var/www/vhosts/saratogahistory.com/httpdocs/phpBB/' is executable
[Sun Oct 04 17:30:57.817243 2020] [proxy_fcgi:error] [pid 3951:tid 139803899172608] [client 173.212.244.135:54348] AH01071: Got error 'Primary script unknown\n', referer: http://saratogahistory.com/wp-login.php
[Sun Oct 04 17:37:18.540359 2020] [core:crit] [pid 16376:tid 139803909662464] (13)Permission denied: [client 178.17.171.135:37216] AH00529: /var/www/vhosts/saratogahistory.com/httpdocs/phpBB/.htaccess pcfg_openfile: unable to check htaccess file, ensure it is readable and that '/var/www/vhosts/saratogahistory.com/httpdocs/phpBB/' is executable, referer: http://www.saratogahistory.com/phpBB/index.php
[Sun Oct 04 17:38:14.727673 2020] [core:crit] [pid 16376:tid 139803750278912] (13)Permission denied: [client 185.25.35.12:38664] AH00529: /var/www/vhosts/saratogahistory.com/httpdocs/phpBB/.htaccess pcfg_openfile: unable to check htaccess file, ensure it is readable and that '/var/www/vhosts/saratogahistory.com/httpdocs/phpBB/' is executable
[Sun Oct 04 17:51:41.826670 2020] [core:crit] [pid 16376:tid 139803920152320] (13)Permission denied: [client 185.25.35.15:59948] AH00529: /var/www/vhosts/saratogahistory.com/httpdocs/phpBB/.htaccess pcfg_openfile: unable to check htaccess file, ensure it is readable and that '/var/www/vhosts/saratogahistory.com/httpdocs/phpBB/' is executable
[Sun Oct 04 18:09:07.024946 2020] [core:crit] [pid 16376:tid 139803781748480] (13)Permission denied: [client 162.247.74.7:57430] AH00529: /var/www/vhosts/saratogahistory.com/httpdocs/phpBB/.htaccess pcfg_openfile: unable to check htaccess file, ensure it is readable and that '/var/www/vhosts/saratogahistory.com/httpdocs/phpBB/' is executable, referer: http://www.saratogahistory.com/phpBB/index.php
[Sun Oct 04 19:24:03.436160 2020] [core:crit] [pid 16376:tid 139803592931072] (13)Permission denied: [client 51.77.53.174:59990] AH00529: /var/www/vhosts/saratogahistory.com/httpdocs/phpBB/.htaccess pcfg_openfile: unable to check htaccess file, ensure it is readable and that '/var/www/vhosts/saratogahistory.com/httpdocs/phpBB/' is executable, referer: http://www.saratogahistory.com/phpBB/index.php
[Sun Oct 04 21:26:17.712669 2020] [proxy_fcgi:error] [pid 3952:tid 139803888682752] [client 123.207.29.152:50518] AH01071: Got error 'Primary script unknown\n'
[Sun Oct 04 21:37:31.189372 2020] [core:crit] [pid 16376:tid 139803687339776] (13)Permission denied: [client 54.38.81.231:35734] AH00529: /var/www/vhosts/saratogahistory.com/httpdocs/phpBB/.htaccess pcfg_openfile: unable to check htaccess file, ensure it is readable and that '/var/www/vhosts/saratogahistory.com/httpdocs/phpBB/' is executable, referer: http://www.saratogahistory.com/phpBB/index.php
[Sun Oct 04 22:11:15.253197 2020] [autoindex:error] [pid 16376:tid 139803666360064] [client 17.58.99.56:50858] AH01276: Cannot serve directory /var/www/vhosts/saratogahistory.com/httpdocs/grandview/: No matching DirectoryIndex (index.html,index.cgi,index.pl,index.php,index.xhtml,index.htm,index.shtml) found, and server-generated directory index forbidden by Options directive
[Sun Oct 04 22:15:03.616130 2020] [core:crit] [pid 3952:tid 139803729299200] (13)Permission denied: [client 185.25.35.8:56848] AH00529: /var/www/vhosts/saratogahistory.com/httpdocs/phpBB/.htaccess pcfg_openfile: unable to check htaccess file, ensure it is readable and that '/var/www/vhosts/saratogahistory.com/httpdocs/phpBB/' is executable
[Sun Oct 04 22:52:51.594532 2020] [core:crit] [pid 3951:tid 139803771258624] (13)Permission denied: [client 185.25.35.12:51758] AH00529: /var/www/vhosts/saratogahistory.com/httpdocs/phpBB/.htaccess pcfg_openfile: unable to check htaccess file, ensure it is readable and that '/var/www/vhosts/saratogahistory.com/httpdocs/phpBB/' is executable
[Sun Oct 04 23:36:35.414577 2020] [core:crit] [pid 3952:tid 139803802728192] (13)Permission denied: [client 162.247.74.27:52714] AH00529: /var/www/vhosts/saratogahistory.com/httpdocs/phpBB/.htaccess pcfg_openfile: unable to check htaccess file, ensure it is readable and that '/var/www/vhosts/saratogahistory.com/httpdocs/phpBB/' is executable, referer: http://www.saratogahistory.com/phpBB/index.php
[Sun Oct 04 23:56:27.735807 2020] [core:crit] [pid 3951:tid 139803792238336] (13)Permission denied: [client 104.244.79.241:49408] AH00529: /var/www/vhosts/saratogahistory.com/httpdocs/phpBB/.htaccess pcfg_openfile: unable to check htaccess file, ensure it is readable and that '/var/www/vhosts/saratogahistory.com/httpdocs/phpBB/' is executable, referer: http://www.saratogahistory.com/phpBB/index.php
[Sun Oct 04 23:57:31.242304 2020] [core:crit] [pid 16376:tid 139803645380352] (13)Permission denied: [client 185.25.35.12:50602] AH00529: /var/www/vhosts/saratogahistory.com/httpdocs/phpBB/.htaccess pcfg_openfile: unable to check htaccess file, ensure it is readable and that '/var/www/vhosts/saratogahistory.com/httpdocs/phpBB/' is executable
[Mon Oct 05 00:11:29.722041 2020] [core:crit] [pid 16376:tid 139803624400640] (13)Permission denied: [client 185.25.35.12:41302] AH00529: /var/www/vhosts/saratogahistory.com/httpdocs/phpBB/.htaccess pcfg_openfile: unable to check htaccess file, ensure it is readable and that '/var/www/vhosts/saratogahistory.com/httpdocs/phpBB/' is executable
[Mon Oct 05 00:24:35.799394 2020] [core:crit] [pid 16376:tid 139803899172608] (13)Permission denied: [client 91.220.206.69:58784] AH00529: /var/www/vhosts/saratogahistory.com/httpdocs/phpBB/.htaccess pcfg_openfile: unable to check htaccess file, ensure it is readable and that '/var/www/vhosts/saratogahistory.com/httpdocs/phpBB/' is executable, referer: http://www.saratogahistory.com/phpBB/index.php
[Mon Oct 05 00:24:38.315673 2020] [proxy_fcgi:error] [pid 16376:tid 139803802728192] [client 91.220.206.69:58834] AH01071: Got error 'Primary script unknown\n', referer: http://www.saratogahistory.com/index.php
[Mon Oct 05 00:24:38.696051 2020] [proxy_fcgi:error] [pid 16376:tid 139803920152320] [client 91.220.206.69:58840] AH01071: Got error 'Primary script unknown\n', referer: http://www.saratogahistory.com/index.php
[Mon Oct 05 00:24:39.062710 2020] [proxy_fcgi:error] [pid 16376:tid 139803750278912] [client 91.220.206.69:58846] AH01071: Got error 'Primary script unknown\n', referer: http://www.saratogahistory.com/index.php
[Mon Oct 05 00:41:31.892182 2020] [core:crit] [pid 16376:tid 139803592931072] (13)Permission denied: [client 92.246.84.133:52412] AH00529: /var/www/vhosts/saratogahistory.com/httpdocs/phpBB/.htaccess pcfg_openfile: unable to check htaccess file, ensure it is readable and that '/var/www/vhosts/saratogahistory.com/httpdocs/phpBB/' is executable, referer: http://www.saratogahistory.com/phpBB/index.php
[Mon Oct 05 01:37:46.290500 2020] [core:crit] [pid 3951:tid 139803687339776] (13)Permission denied: [client 185.220.101.14:43090] AH00529: /var/www/vhosts/saratogahistory.com/httpdocs/phpBB/.htaccess pcfg_openfile: unable to check htaccess file, ensure it is readable and that '/var/www/vhosts/saratogahistory.com/httpdocs/phpBB/' is executable, referer: http://www.saratogahistory.com/phpBB/index.php
[Mon Oct 05 03:10:04.849076 2020] [core:crit] [pid 16376:tid 139803760768768] (13)Permission denied: [client 51.77.53.174:59246] AH00529: /var/www/vhosts/saratogahistory.com/httpdocs/phpBB/.htaccess pcfg_openfile: unable to check htaccess file, ensure it is readable and that '/var/www/vhosts/saratogahistory.com/httpdocs/phpBB/' is executable, referer: http://www.saratogahistory.com/phpBB/index.php
[Mon Oct 05 03:17:43.689436 2020] [proxy_fcgi:error] [pid 16376:tid 139803676849920] [client 103.21.142.12:42742] AH01071: Got error 'Primary script unknown\n'
[Mon Oct 05 03:39:57.075080 2020] [core:crit] [pid 16376:tid 139803624400640] (13)Permission denied: [client 185.191.126.240:42748] AH00529: /var/www/vhosts/saratogahistory.com/httpdocs/phpBB/.htaccess pcfg_openfile: unable to check htaccess file, ensure it is readable and that '/var/www/vhosts/saratogahistory.com/httpdocs/phpBB/' is executable, referer: http://www.saratogahistory.com/phpBB/index.php
[Mon Oct 05 04:39:52.499743 2020] [core:crit] [pid 16376:tid 139803676849920] (13)Permission denied: [client 178.159.37.58:45946] AH00529: /var/www/vhosts/saratogahistory.com/httpdocs/phpBB/.htaccess pcfg_openfile: unable to check htaccess file, ensure it is readable and that '/var/www/vhosts/saratogahistory.com/httpdocs/phpBB/' is executable, referer: http://www.saratogahistory.com/phpBB/index.php
[Mon Oct 05 04:44:53.490733 2020] [core:crit] [pid 16376:tid 139803729299200] (13)Permission denied: [client 185.25.35.15:52110] AH00529: /var/www/vhosts/saratogahistory.com/httpdocs/phpBB/.htaccess pcfg_openfile: unable to check htaccess file, ensure it is readable and that '/var/www/vhosts/saratogahistory.com/httpdocs/phpBB/' is executable
[Mon Oct 05 05:05:20.511130 2020] [core:crit] [pid 3951:tid 139803592931072] (13)Permission denied: [client 95.65.81.152:51284] AH00529: /var/www/vhosts/saratogahistory.com/httpdocs/phpBB/.htaccess pcfg_openfile: unable to check htaccess file, ensure it is readable and that '/var/www/vhosts/saratogahistory.com/httpdocs/phpBB/' is executable, referer: http://www.saratogahistory.com/phpBB/index.php
[Mon Oct 05 05:16:01.521221 2020] [core:crit] [pid 16376:tid 139803613910784] (13)Permission denied: [client 185.38.175.71:38218] AH00529: /var/www/vhosts/saratogahistory.com/httpdocs/phpBB/.htaccess pcfg_openfile: unable to check htaccess file, ensure it is readable and that '/var/www/vhosts/saratogahistory.com/httpdocs/phpBB/' is executable, referer: http://www.saratogahistory.com/phpBB/index.php
[Mon Oct 05 05:22:02.328314 2020] [core:crit] [pid 16376:tid 139803909662464] (13)Permission denied: [client 185.25.35.12:47168] AH00529: /var/www/vhosts/saratogahistory.com/httpdocs/phpBB/.htaccess pcfg_openfile: unable to check htaccess file, ensure it is readable and that '/var/www/vhosts/saratogahistory.com/httpdocs/phpBB/' is executable
[Mon Oct 05 05:25:33.530704 2020] [core:crit] [pid 16376:tid 139803899172608] (13)Permission denied: [client 66.249.69.154:52116] AH00529: /var/www/vhosts/saratogahistory.com/httpdocs/phpBB/.htaccess pcfg_openfile: unable to check htaccess file, ensure it is readable and that '/var/www/vhosts/saratogahistory.com/httpdocs/phpBB/' is executable
[Mon Oct 05 05:26:41.729242 2020] [core:crit] [pid 16376:tid 139803802728192] (13)Permission denied: [client 66.249.69.155:53760] AH00529: /var/www/vhosts/saratogahistory.com/httpdocs/phpBB/.htaccess pcfg_openfile: unable to check htaccess file, ensure it is readable and that '/var/www/vhosts/saratogahistory.com/httpdocs/phpBB/' is executable
[Mon Oct 05 05:28:24.379426 2020] [core:crit] [pid 16376:tid 139803592931072] (13)Permission denied: [client 66.249.69.154:56104] AH00529: /var/www/vhosts/saratogahistory.com/httpdocs/phpBB/.htaccess pcfg_openfile: unable to check htaccess file, ensure it is readable and that '/var/www/vhosts/saratogahistory.com/httpdocs/phpBB/' is executable
[Mon Oct 05 05:29:39.361184 2020] [core:crit] [pid 16376:tid 139803655870208] (13)Permission denied: [client 66.249.69.156:57748] AH00529: /var/www/vhosts/saratogahistory.com/httpdocs/phpBB/.htaccess pcfg_openfile: unable to check htaccess file, ensure it is readable and that '/var/www/vhosts/saratogahistory.com/httpdocs/phpBB/' is executable
[Mon Oct 05 05:30:23.276294 2020] [core:crit] [pid 16376:tid 139803792238336] (13)Permission denied: [client 66.249.69.155:59042] AH00529: /var/www/vhosts/saratogahistory.com/httpdocs/phpBB/.htaccess pcfg_openfile: unable to check htaccess file, ensure it is readable and that '/var/www/vhosts/saratogahistory.com/httpdocs/phpBB/' is executable
[Mon Oct 05 05:31:50.551742 2020] [core:crit] [pid 16376:tid 139803613910784] (13)Permission denied: [client 66.249.69.154:32816] AH00529: /var/www/vhosts/saratogahistory.com/httpdocs/phpBB/.htaccess pcfg_openfile: unable to check htaccess file, ensure it is readable and that '/var/www/vhosts/saratogahistory.com/httpdocs/phpBB/' is executable
[Mon Oct 05 05:33:03.471100 2020] [core:crit] [pid 3952:tid 139803771258624] (13)Permission denied: [client 66.249.69.154:34642] AH00529: /var/www/vhosts/saratogahistory.com/httpdocs/phpBB/.htaccess pcfg_openfile: unable to check htaccess file, ensure it is readable and that '/var/www/vhosts/saratogahistory.com/httpdocs/phpBB/' is executable
[Mon Oct 05 05:36:02.313633 2020] [core:crit] [pid 16376:tid 139803666360064] (13)Permission denied: [client 51.195.149.84:37906] AH00529: /var/www/vhosts/saratogahistory.com/httpdocs/phpBB/.htaccess pcfg_openfile: unable to check htaccess file, ensure it is readable and that '/var/www/vhosts/saratogahistory.com/httpdocs/phpBB/' is executable, referer: http://www.saratogahistory.com/phpBB/index.php
[Mon Oct 05 06:15:22.975546 2020] [core:crit] [pid 3951:tid 139803666360064] (13)Permission denied: [client 92.38.136.69:60694] AH00529: /var/www/vhosts/saratogahistory.com/httpdocs/phpBB/.htaccess pcfg_openfile: unable to check htaccess file, ensure it is readable and that '/var/www/vhosts/saratogahistory.com/httpdocs/phpBB/' is executable, referer: http://www.saratogahistory.com/phpBB/index.php
[Mon Oct 05 06:33:26.845627 2020] [core:crit] [pid 16376:tid 139803687339776] (13)Permission denied: [client 185.25.35.8:55596] AH00529: /var/www/vhosts/saratogahistory.com/httpdocs/phpBB/.htaccess pcfg_openfile: unable to check htaccess file, ensure it is readable and that '/var/www/vhosts/saratogahistory.com/httpdocs/phpBB/' is executable
[Mon Oct 05 06:47:01.365113 2020] [core:crit] [pid 16376:tid 139803624400640] (13)Permission denied: [client 185.25.35.9:49630] AH00529: /var/www/vhosts/saratogahistory.com/httpdocs/phpBB/.htaccess pcfg_openfile: unable to check htaccess file, ensure it is readable and that '/var/www/vhosts/saratogahistory.com/httpdocs/phpBB/' is executable
[Mon Oct 05 07:36:46.466060 2020] [core:crit] [pid 16376:tid 139803708319488] (13)Permission denied: [client 185.220.100.244:35256] AH00529: /var/www/vhosts/saratogahistory.com/httpdocs/phpBB/.htaccess pcfg_openfile: unable to check htaccess file, ensure it is readable and that '/var/www/vhosts/saratogahistory.com/httpdocs/phpBB/' is executable, referer: http://www.saratogahistory.com/phpBB/index.php
[Mon Oct 05 09:15:51.471747 2020] [core:crit] [pid 16376:tid 139803729299200] (13)Permission denied: [client 5.188.84.92:36266] AH00529: /var/www/vhosts/saratogahistory.com/httpdocs/phpBB/.htaccess pcfg_openfile: unable to check htaccess file, ensure it is readable and that '/var/www/vhosts/saratogahistory.com/httpdocs/phpBB/' is executable, referer: http://www.saratogahistory.com/phpBB/index.php
[Mon Oct 05 09:15:51.486388 2020] [core:crit] [pid 3951:tid 139803645380352] (13)Permission denied: [client 5.188.84.92:36268] AH00529: /var/www/vhosts/saratogahistory.com/httpdocs/phpBB/.htaccess pcfg_openfile: unable to check htaccess file, ensure it is readable and that '/var/www/vhosts/saratogahistory.com/httpdocs/phpBB/' is executable, referer: http://www.saratogahistory.com/phpBB/index.php
[Mon Oct 05 09:36:56.942496 2020] [core:crit] [pid 16376:tid 139803802728192] (13)Permission denied: [client 130.149.80.199:36456] AH00529: /var/www/vhosts/saratogahistory.com/httpdocs/phpBB/.htaccess pcfg_openfile: unable to check htaccess file, ensure it is readable and that '/var/www/vhosts/saratogahistory.com/httpdocs/phpBB/' is executable, referer: http://www.saratogahistory.com/phpBB/index.php
[Mon Oct 05 10:38:26.894470 2020] [proxy_fcgi:error] [pid 16376:tid 139803739789056] [client 92.222.86.205:58814] AH01071: Got error 'Primary script unknown\n', referer: http://saratogahistory.com/wp-login.php
[Mon Oct 05 10:46:05.607906 2020] [core:crit] [pid 3951:tid 139803899172608] (13)Permission denied: [client 178.175.148.224:50486] AH00529: /var/www/vhosts/saratogahistory.com/httpdocs/phpBB/.htaccess pcfg_openfile: unable to check htaccess file, ensure it is readable and that '/var/www/vhosts/saratogahistory.com/httpdocs/phpBB/' is executable, referer: http://www.saratogahistory.com/phpBB/index.php
[Mon Oct 05 11:25:07.857747 2020] [core:crit] [pid 3951:tid 139803687339776] (13)Permission denied: [client 185.25.35.15:44982] AH00529: /var/www/vhosts/saratogahistory.com/httpdocs/phpBB/.htaccess pcfg_openfile: unable to check htaccess file, ensure it is readable and that '/var/www/vhosts/saratogahistory.com/httpdocs/phpBB/' is executable
[Mon Oct 05 11:35:25.437600 2020] [core:crit] [pid 16376:tid 139803676849920] (13)Permission denied: [client 185.220.101.10:56254] AH00529: /var/www/vhosts/saratogahistory.com/httpdocs/phpBB/.htaccess pcfg_openfile: unable to check htaccess file, ensure it is readable and that '/var/www/vhosts/saratogahistory.com/httpdocs/phpBB/' is executable, referer: http://www.saratogahistory.com/phpBB/index.php
[Mon Oct 05 12:06:05.334540 2020] [core:crit] [pid 16376:tid 139803909662464] (13)Permission denied: [client 185.25.35.8:35880] AH00529: /var/www/vhosts/saratogahistory.com/httpdocs/phpBB/.htaccess pcfg_openfile: unable to check htaccess file, ensure it is readable and that '/var/www/vhosts/saratogahistory.com/httpdocs/phpBB/' is executable
[Mon Oct 05 13:10:56.496367 2020] [core:crit] [pid 3951:tid 139803781748480] (13)Permission denied: [client 185.25.35.15:36468] AH00529: /var/www/vhosts/saratogahistory.com/httpdocs/phpBB/.htaccess pcfg_openfile: unable to check htaccess file, ensure it is readable and that '/var/www/vhosts/saratogahistory.com/httpdocs/phpBB/' is executable
[Mon Oct 05 13:24:59.575214 2020] [core:crit] [pid 16376:tid 139803655870208] (13)Permission denied: [client 185.25.35.9:54646] AH00529: /var/www/vhosts/saratogahistory.com/httpdocs/phpBB/.htaccess pcfg_openfile: unable to check htaccess file, ensure it is readable and that '/var/www/vhosts/saratogahistory.com/httpdocs/phpBB/' is executable
[Mon Oct 05 13:37:53.337600 2020] [core:crit] [pid 16376:tid 139803613910784] (13)Permission denied: [client 198.98.49.153:42156] AH00529: /var/www/vhosts/saratogahistory.com/httpdocs/phpBB/.htaccess pcfg_openfile: unable to check htaccess file, ensure it is readable and that '/var/www/vhosts/saratogahistory.com/httpdocs/phpBB/' is executable, referer: http://www.saratogahistory.com/phpBB/index.php
[Mon Oct 05 13:38:36.315730 2020] [core:crit] [pid 16376:tid 139803909662464] (13)Permission denied: [client 178.159.37.139:43044] AH00529: /var/www/vhosts/saratogahistory.com/httpdocs/phpBB/.htaccess pcfg_openfile: unable to check htaccess file, ensure it is readable and that '/var/www/vhosts/saratogahistory.com/httpdocs/phpBB/' is executable, referer: http://www.saratogahistory.com/phpBB/index.php
[Mon Oct 05 13:38:37.325176 2020] [proxy_fcgi:error] [pid 3951:tid 139803729299200] [client 178.159.37.139:43078] AH01071: Got error 'Primary script unknown\n', referer: http://www.saratogahistory.com/index.php
[Mon Oct 05 13:38:37.604020 2020] [proxy_fcgi:error] [pid 16376:tid 139803920152320] [client 178.159.37.139:43096] AH01071: Got error 'Primary script unknown\n', referer: http://www.saratogahistory.com/index.php
[Mon Oct 05 13:38:37.879820 2020] [proxy_fcgi:error] [pid 16376:tid 139803750278912] [client 178.159.37.139:43104] AH01071: Got error 'Primary script unknown\n', referer: http://www.saratogahistory.com/index.php
[Mon Oct 05 14:18:19.280249 2020] [core:crit] [pid 16376:tid 139803624400640] (13)Permission denied: [client 5.188.210.18:34070] AH00529: /var/www/vhosts/saratogahistory.com/httpdocs/phpBB/.htaccess pcfg_openfile: unable to check htaccess file, ensure it is readable and that '/var/www/vhosts/saratogahistory.com/httpdocs/phpBB/' is executable, referer: http://www.saratogahistory.com/phpBB/index.php
[Mon Oct 05 14:18:25.157939 2020] [core:crit] [pid 3951:tid 139803802728192] (13)Permission denied: [client 5.188.210.18:34246] AH00529: /var/www/vhosts/saratogahistory.com/httpdocs/phpBB/.htaccess pcfg_openfile: unable to check htaccess file, ensure it is readable and that '/var/www/vhosts/saratogahistory.com/httpdocs/phpBB/' is executable, referer: http://www.saratogahistory.com/phpBB/index.php
[Mon Oct 05 14:40:51.911682 2020] [proxy_fcgi:error] [pid 16376:tid 139803920152320] [client 64.225.47.236:33160] AH01071: Got error 'Primary script unknown\n', referer: http://saratogahistory.com/wp-login.php
[Mon Oct 05 15:26:39.131704 2020] [core:crit] [pid 16376:tid 139803718809344] (13)Permission denied: [client 35.189.199.205:60958] AH00529: /var/www/vhosts/saratogahistory.com/httpdocs/phpBB/.htaccess pcfg_openfile: unable to check htaccess file, ensure it is readable and that '/var/www/vhosts/saratogahistory.com/httpdocs/phpBB/' is executable
[Mon Oct 05 15:26:48.561102 2020] [proxy_fcgi:error] [pid 16376:tid 139803708319488] [client 35.189.199.205:32844] AH01071: Got error 'Primary script unknown\n'
[Mon Oct 05 15:45:09.854882 2020] [core:crit] [pid 3951:tid 139803624400640] (13)Permission denied: [client 51.255.45.144:41646] AH00529: /var/www/vhosts/saratogahistory.com/httpdocs/phpBB/.htaccess pcfg_openfile: unable to check htaccess file, ensure it is readable and that '/var/www/vhosts/saratogahistory.com/httpdocs/phpBB/' is executable, referer: http://www.saratogahistory.com/phpBB/index.php
[Mon Oct 05 17:21:36.051753 2020] [core:crit] [pid 16376:tid 139803920152320] (13)Permission denied: [client 185.220.101.20:52380] AH00529: /var/www/vhosts/saratogahistory.com/httpdocs/phpBB/.htaccess pcfg_openfile: unable to check htaccess file, ensure it is readable and that '/var/www/vhosts/saratogahistory.com/httpdocs/phpBB/' is executable, referer: http://www.saratogahistory.com/phpBB/index.php
[Mon Oct 05 17:30:57.740729 2020] [core:crit] [pid 16376:tid 139803708319488] (13)Permission denied: [client 178.159.37.58:35796] AH00529: /var/www/vhosts/saratogahistory.com/httpdocs/phpBB/.htaccess pcfg_openfile: unable to check htaccess file, ensure it is readable and that '/var/www/vhosts/saratogahistory.com/httpdocs/phpBB/' is executable, referer: http://www.saratogahistory.com/phpBB/index.php
[Mon Oct 05 17:35:58.339976 2020] [core:crit] [pid 16376:tid 139803624400640] (13)Permission denied: [client 195.176.3.23:42206] AH00529: /var/www/vhosts/saratogahistory.com/httpdocs/phpBB/.htaccess pcfg_openfile: unable to check htaccess file, ensure it is readable and that '/var/www/vhosts/saratogahistory.com/httpdocs/phpBB/' is executable, referer: http://www.saratogahistory.com/phpBB/index.php
[Mon Oct 05 18:08:58.125528 2020] [core:crit] [pid 16376:tid 139803909662464] (13)Permission denied: [client 185.25.35.11:56284] AH00529: /var/www/vhosts/saratogahistory.com/httpdocs/phpBB/.htaccess pcfg_openfile: unable to check htaccess file, ensure it is readable and that '/var/www/vhosts/saratogahistory.com/httpdocs/phpBB/' is executable
[Mon Oct 05 18:09:57.093770 2020] [core:crit] [pid 16376:tid 139803899172608] (13)Permission denied: [client 46.150.253.36:57668] AH00529: /var/www/vhosts/saratogahistory.com/httpdocs/phpBB/.htaccess pcfg_openfile: unable to check htaccess file, ensure it is readable and that '/var/www/vhosts/saratogahistory.com/httpdocs/phpBB/' is executable, referer: http://www.saratogahistory.com/phpBB/index.php
[Mon Oct 05 18:09:57.465179 2020] [core:crit] [pid 3951:tid 139803771258624] (13)Permission denied: [client 46.150.255.146:57670] AH00529: /var/www/vhosts/saratogahistory.com/httpdocs/phpBB/.htaccess pcfg_openfile: unable to check htaccess file, ensure it is readable and that '/var/www/vhosts/saratogahistory.com/httpdocs/phpBB/' is executable, referer: http://www.saratogahistory.com/phpBB/index.php
[Mon Oct 05 18:09:57.828614 2020] [core:crit] [pid 16376:tid 139803802728192] (13)Permission denied: [client 46.150.254.99:57678] AH00529: /var/www/vhosts/saratogahistory.com/httpdocs/phpBB/.htaccess pcfg_openfile: unable to check htaccess file, ensure it is readable and that '/var/www/vhosts/saratogahistory.com/httpdocs/phpBB/' is executable, referer: http://www.saratogahistory.com/phpBB/index.php
[Mon Oct 05 18:09:58.193697 2020] [core:crit] [pid 16376:tid 139803750278912] (13)Permission denied: [client 91.213.35.84:57682] AH00529: /var/www/vhosts/saratogahistory.com/httpdocs/phpBB/.htaccess pcfg_openfile: unable to check htaccess file, ensure it is readable and that '/var/www/vhosts/saratogahistory.com/httpdocs/phpBB/' is executable, referer: http://www.saratogahistory.com/phpBB/index.php
[Mon Oct 05 18:09:59.946834 2020] [proxy_fcgi:error] [pid 16376:tid 139803739789056] [client 91.213.35.84:57704] AH01071: Got error 'Primary script unknown\n', referer: http://www.saratogahistory.com/index.php
[Mon Oct 05 18:10:00.311707 2020] [proxy_fcgi:error] [pid 3951:tid 139803708319488] [client 91.213.35.84:57706] AH01071: Got error 'Primary script unknown\n', referer: http://www.saratogahistory.com/index.php
[Mon Oct 05 18:10:00.685670 2020] [proxy_fcgi:error] [pid 3951:tid 139803729299200] [client 91.213.35.84:57712] AH01071: Got error 'Primary script unknown\n', referer: http://www.saratogahistory.com/index.php
[Mon Oct 05 18:48:40.589882 2020] [core:crit] [pid 16376:tid 139803781748480] (13)Permission denied: [client 185.25.35.8:50874] AH00529: /var/www/vhosts/saratogahistory.com/httpdocs/phpBB/.htaccess pcfg_openfile: unable to check htaccess file, ensure it is readable and that '/var/www/vhosts/saratogahistory.com/httpdocs/phpBB/' is executable
[Mon Oct 05 19:36:56.154735 2020] [core:crit] [pid 16376:tid 139803603420928] (13)Permission denied: [client 45.133.182.18:55182] AH00529: /var/www/vhosts/saratogahistory.com/httpdocs/phpBB/.htaccess pcfg_openfile: unable to check htaccess file, ensure it is readable and that '/var/www/vhosts/saratogahistory.com/httpdocs/phpBB/' is executable, referer: http://www.saratogahistory.com/phpBB/index.php
[Mon Oct 05 19:36:56.441489 2020] [core:crit] [pid 3951:tid 139803697829632] (13)Permission denied: [client 185.220.102.252:55190] AH00529: /var/www/vhosts/saratogahistory.com/httpdocs/phpBB/.htaccess pcfg_openfile: unable to check htaccess file, ensure it is readable and that '/var/www/vhosts/saratogahistory.com/httpdocs/phpBB/' is executable, referer: http://www.saratogahistory.com/phpBB/index.php
[Mon Oct 05 19:44:56.784337 2020] [core:crit] [pid 3951:tid 139803771258624] (13)Permission denied: [client 91.197.187.168:36810] AH00529: /var/www/vhosts/saratogahistory.com/httpdocs/phpBB/.htaccess pcfg_openfile: unable to check htaccess file, ensure it is readable and that '/var/www/vhosts/saratogahistory.com/httpdocs/phpBB/' is executable, referer: http://www.saratogahistory.com/phpBB/index.php
[Mon Oct 05 19:44:57.711840 2020] [proxy_fcgi:error] [pid 3951:tid 139803750278912] [client 91.197.187.168:36848] AH01071: Got error 'Primary script unknown\n', referer: http://www.saratogahistory.com/index.php
[Mon Oct 05 19:44:57.968551 2020] [proxy_fcgi:error] [pid 16376:tid 139803739789056] [client 91.197.187.168:36858] AH01071: Got error 'Primary script unknown\n', referer: http://www.saratogahistory.com/index.php
[Mon Oct 05 19:44:58.225157 2020] [proxy_fcgi:error] [pid 3951:tid 139803760768768] [client 91.197.187.168:36870] AH01071: Got error 'Primary script unknown\n', referer: http://www.saratogahistory.com/index.php
[Mon Oct 05 19:56:15.784350 2020] [core:crit] [pid 16376:tid 139803645380352] (13)Permission denied: [client 185.25.35.14:52874] AH00529: /var/www/vhosts/saratogahistory.com/httpdocs/phpBB/.htaccess pcfg_openfile: unable to check htaccess file, ensure it is readable and that '/var/www/vhosts/saratogahistory.com/httpdocs/phpBB/' is executable
[Mon Oct 05 20:03:49.021079 2020] [core:crit] [pid 3951:tid 139803624400640] (13)Permission denied: [client 172.113.238.159:33612] AH00529: /var/www/vhosts/saratogahistory.com/httpdocs/phpBB/.htaccess pcfg_openfile: unable to check htaccess file, ensure it is readable and that '/var/www/vhosts/saratogahistory.com/httpdocs/phpBB/' is executable, referer: http://www.saratogahistory.com/History/called_saratoga.htm
[Mon Oct 05 20:09:57.121706 2020] [core:crit] [pid 3951:tid 139803739789056] (13)Permission denied: [client 185.25.35.11:41210] AH00529: /var/www/vhosts/saratogahistory.com/httpdocs/phpBB/.htaccess pcfg_openfile: unable to check htaccess file, ensure it is readable and that '/var/www/vhosts/saratogahistory.com/httpdocs/phpBB/' is executable
[Mon Oct 05 21:38:24.477841 2020] [core:crit] [pid 3951:tid 139803676849920] (13)Permission denied: [client 92.246.84.133:34028] AH00529: /var/www/vhosts/saratogahistory.com/httpdocs/phpBB/.htaccess pcfg_openfile: unable to check htaccess file, ensure it is readable and that '/var/www/vhosts/saratogahistory.com/httpdocs/phpBB/' is executable, referer: http://www.saratogahistory.com/phpBB/index.php
[Mon Oct 05 21:46:20.923179 2020] [core:crit] [pid 16376:tid 139803634890496] (13)Permission denied: [client 185.220.102.242:42252] AH00529: /var/www/vhosts/saratogahistory.com/httpdocs/phpBB/.htaccess pcfg_openfile: unable to check htaccess file, ensure it is readable and that '/var/www/vhosts/saratogahistory.com/httpdocs/phpBB/' is executable, referer: http://www.saratogahistory.com/phpBB/index.php
[Mon Oct 05 22:31:34.548902 2020] [core:crit] [pid 16376:tid 139803750278912] (13)Permission denied: [client 207.46.13.224:42254] AH00529: /var/www/vhosts/saratogahistory.com/httpdocs/phpBB/.htaccess pcfg_openfile: unable to check htaccess file, ensure it is readable and that '/var/www/vhosts/saratogahistory.com/httpdocs/phpBB/' is executable
[Mon Oct 05 22:59:49.528335 2020] [core:crit] [pid 16376:tid 139803899172608] (13)Permission denied: [client 109.184.175.83:46406] AH00529: /var/www/vhosts/saratogahistory.com/httpdocs/phpBB/.htaccess pcfg_openfile: unable to check htaccess file, ensure it is readable and that '/var/www/vhosts/saratogahistory.com/httpdocs/phpBB/' is executable, referer: http://www.saratogahistory.com/phpBB/index.php
[Mon Oct 05 23:41:38.000928 2020] [core:crit] [pid 3951:tid 139803676849920] (13)Permission denied: [client 176.10.99.200:38644] AH00529: /var/www/vhosts/saratogahistory.com/httpdocs/phpBB/.htaccess pcfg_openfile: unable to check htaccess file, ensure it is readable and that '/var/www/vhosts/saratogahistory.com/httpdocs/phpBB/' is executable, referer: http://www.saratogahistory.com/phpBB/index.php
[Mon Oct 05 23:49:45.905441 2020] [core:crit] [pid 3951:tid 139803697829632] (13)Permission denied: [client 207.46.13.137:48502] AH00529: /var/www/vhosts/saratogahistory.com/httpdocs/phpBB/.htaccess pcfg_openfile: unable to check htaccess file, ensure it is readable and that '/var/www/vhosts/saratogahistory.com/httpdocs/phpBB/' is executable
[Tue Oct 06 00:23:09.500775 2020] [core:crit] [pid 3951:tid 139803739789056] (13)Permission denied: [client 185.25.35.15:34154] AH00529: /var/www/vhosts/saratogahistory.com/httpdocs/phpBB/.htaccess pcfg_openfile: unable to check htaccess file, ensure it is readable and that '/var/www/vhosts/saratogahistory.com/httpdocs/phpBB/' is executable
[Tue Oct 06 00:27:52.044818 2020] [core:crit] [pid 16376:tid 139803624400640] (13)Permission denied: [client 5.188.84.230:39544] AH00529: /var/www/vhosts/saratogahistory.com/httpdocs/phpBB/.htaccess pcfg_openfile: unable to check htaccess file, ensure it is readable and that '/var/www/vhosts/saratogahistory.com/httpdocs/phpBB/' is executable, referer: http://www.saratogahistory.com/phpBB/index.php
[Tue Oct 06 00:32:54.291722 2020] [core:crit] [pid 16376:tid 139803760768768] (13)Permission denied: [client 171.25.193.20:45698] AH00529: /var/www/vhosts/saratogahistory.com/httpdocs/phpBB/.htaccess pcfg_openfile: unable to check htaccess file, ensure it is readable and that '/var/www/vhosts/saratogahistory.com/httpdocs/phpBB/' is executable, referer: http://www.saratogahistory.com/phpBB/index.php
[Tue Oct 06 00:38:50.181936 2020] [core:crit] [pid 16376:tid 139803624400640] (13)Permission denied: [client 95.153.31.94:53278] AH00529: /var/www/vhosts/saratogahistory.com/httpdocs/phpBB/.htaccess pcfg_openfile: unable to check htaccess file, ensure it is readable and that '/var/www/vhosts/saratogahistory.com/httpdocs/phpBB/' is executable, referer: http://www.saratogahistory.com/phpBB/index.php
[Tue Oct 06 01:01:51.387471 2020] [core:crit] [pid 16376:tid 139803676849920] (13)Permission denied: [client 185.25.35.12:52734] AH00529: /var/www/vhosts/saratogahistory.com/httpdocs/phpBB/.htaccess pcfg_openfile: unable to check htaccess file, ensure it is readable and that '/var/www/vhosts/saratogahistory.com/httpdocs/phpBB/' is executable
[Tue Oct 06 01:36:20.477997 2020] [core:crit] [pid 16376:tid 139803676849920] (13)Permission denied: [client 185.220.100.243:41152] AH00529: /var/www/vhosts/saratogahistory.com/httpdocs/phpBB/.htaccess pcfg_openfile: unable to check htaccess file, ensure it is readable and that '/var/www/vhosts/saratogahistory.com/httpdocs/phpBB/' is executable, referer: http://www.saratogahistory.com/phpBB/index.php
[Tue Oct 06 02:08:35.086360 2020] [core:crit] [pid 16376:tid 139803666360064] (13)Permission denied: [client 185.25.35.15:59940] AH00529: /var/www/vhosts/saratogahistory.com/httpdocs/phpBB/.htaccess pcfg_openfile: unable to check htaccess file, ensure it is readable and that '/var/www/vhosts/saratogahistory.com/httpdocs/phpBB/' is executable
[Tue Oct 06 02:19:05.527951 2020] [core:crit] [pid 3951:tid 139803899172608] (13)Permission denied: [client 185.25.35.13:44874] AH00529: /var/www/vhosts/saratogahistory.com/httpdocs/phpBB/.htaccess pcfg_openfile: unable to check htaccess file, ensure it is readable and that '/var/www/vhosts/saratogahistory.com/httpdocs/phpBB/' is executable
[Tue Oct 06 03:39:17.209626 2020] [core:crit] [pid 16376:tid 139803781748480] (13)Permission denied: [client 91.132.147.168:33574] AH00529: /var/www/vhosts/saratogahistory.com/httpdocs/phpBB/.htaccess pcfg_openfile: unable to check htaccess file, ensure it is readable and that '/var/www/vhosts/saratogahistory.com/httpdocs/phpBB/' is executable, referer: http://www.saratogahistory.com/phpBB/index.php
[Tue Oct 06 04:39:49.275771 2020] [core:crit] [pid 16376:tid 139803909662464] (13)Permission denied: [client 23.129.64.195:58854] AH00529: /var/www/vhosts/saratogahistory.com/httpdocs/phpBB/.htaccess pcfg_openfile: unable to check htaccess file, ensure it is readable and that '/var/www/vhosts/saratogahistory.com/httpdocs/phpBB/' is executable, referer: http://www.saratogahistory.com/phpBB/index.php
[Tue Oct 06 04:45:24.637821 2020] [core:crit] [pid 16376:tid 139803718809344] (13)Permission denied: [client 121.138.155.41:37086] AH00529: /var/www/vhosts/saratogahistory.com/httpdocs/phpBB/.htaccess pcfg_openfile: unable to check htaccess file, ensure it is readable and that '/var/www/vhosts/saratogahistory.com/httpdocs/phpBB/' is executable, referer: http://www.saratogahistory.com/phpBB/index.php
[Tue Oct 06 05:24:31.385323 2020] [core:crit] [pid 3951:tid 139803781748480] (13)Permission denied: [client 176.110.134.2:58328] AH00529: /var/www/vhosts/saratogahistory.com/httpdocs/phpBB/.htaccess pcfg_openfile: unable to check htaccess file, ensure it is readable and that '/var/www/vhosts/saratogahistory.com/httpdocs/phpBB/' is executable, referer: http://www.saratogahistory.com/phpBB/index.php
[Tue Oct 06 05:24:32.646716 2020] [proxy_fcgi:error] [pid 3952:tid 139803697829632] [client 176.110.134.2:58356] AH01071: Got error 'Primary script unknown\n', referer: http://www.saratogahistory.com/index.php
[Tue Oct 06 05:24:32.998036 2020] [proxy_fcgi:error] [pid 3952:tid 139803613910784] [client 176.110.134.2:58372] AH01071: Got error 'Primary script unknown\n', referer: http://www.saratogahistory.com/index.php
[Tue Oct 06 05:24:33.351066 2020] [proxy_fcgi:error] [pid 16376:tid 139803888682752] [client 176.110.134.2:58384] AH01071: Got error 'Primary script unknown\n', referer: http://www.saratogahistory.com/index.php
[Tue Oct 06 05:37:50.465280 2020] [core:crit] [pid 3951:tid 139803592931072] (13)Permission denied: [client 185.220.102.247:46476] AH00529: /var/www/vhosts/saratogahistory.com/httpdocs/phpBB/.htaccess pcfg_openfile: unable to check htaccess file, ensure it is readable and that '/var/www/vhosts/saratogahistory.com/httpdocs/phpBB/' is executable, referer: http://www.saratogahistory.com/phpBB/index.php
[Tue Oct 06 05:53:35.569737 2020] [proxy_fcgi:error] [pid 3952:tid 139803624400640] [client 97.74.229.70:45978] AH01071: Got error 'Primary script unknown\n', referer: http://saratogahistory.com/wp-login.php
[Tue Oct 06 05:53:50.537714 2020] [proxy_fcgi:error] [pid 3951:tid 139803888682752] [client 173.57.215.25:46788] AH01071: Got error 'Primary script unknown\n', referer: http://saratogahistory.com/wp-login.php
[Tue Oct 06 06:18:53.760680 2020] [core:crit] [pid 16376:tid 139803729299200] (13)Permission denied: [client 91.197.187.168:54510] AH00529: /var/www/vhosts/saratogahistory.com/httpdocs/phpBB/.htaccess pcfg_openfile: unable to check htaccess file, ensure it is readable and that '/var/www/vhosts/saratogahistory.com/httpdocs/phpBB/' is executable, referer: http://www.saratogahistory.com/phpBB/index.php
[Tue Oct 06 06:54:22.554003 2020] [autoindex:error] [pid 16376:tid 139803645380352] [client 77.88.5.246:50600] AH01276: Cannot serve directory /var/www/vhosts/saratogahistory.com/httpdocs/grandview/: No matching DirectoryIndex (index.html,index.cgi,index.pl,index.php,index.xhtml,index.htm,index.shtml) found, and server-generated directory index forbidden by Options directive
[Tue Oct 06 06:59:23.949731 2020] [core:crit] [pid 3952:tid 139803739789056] (13)Permission denied: [client 185.25.35.15:59980] AH00529: /var/www/vhosts/saratogahistory.com/httpdocs/phpBB/.htaccess pcfg_openfile: unable to check htaccess file, ensure it is readable and that '/var/www/vhosts/saratogahistory.com/httpdocs/phpBB/' is executable
[Tue Oct 06 07:08:19.664740 2020] [core:crit] [pid 3951:tid 139803771258624] (13)Permission denied: [client 156.146.63.65:49510] AH00529: /var/www/vhosts/saratogahistory.com/httpdocs/phpBB/.htaccess pcfg_openfile: unable to check htaccess file, ensure it is readable and that '/var/www/vhosts/saratogahistory.com/httpdocs/phpBB/' is executable, referer: http://www.saratogahistory.com/phpBB/index.php
[Tue Oct 06 07:33:51.523073 2020] [core:crit] [pid 3951:tid 139803718809344] (13)Permission denied: [client 185.25.35.9:43014] AH00529: /var/www/vhosts/saratogahistory.com/httpdocs/phpBB/.htaccess pcfg_openfile: unable to check htaccess file, ensure it is readable and that '/var/www/vhosts/saratogahistory.com/httpdocs/phpBB/' is executable
[Tue Oct 06 07:39:22.567230 2020] [core:crit] [pid 3950:tid 139803802728192] (13)Permission denied: [client 80.127.116.96:50728] AH00529: /var/www/vhosts/saratogahistory.com/httpdocs/phpBB/.htaccess pcfg_openfile: unable to check htaccess file, ensure it is readable and that '/var/www/vhosts/saratogahistory.com/httpdocs/phpBB/' is executable, referer: http://www.saratogahistory.com/phpBB/index.php
[Tue Oct 06 07:41:13.204460 2020] [core:crit] [pid 3951:tid 139803645380352] (13)Permission denied: [client 109.184.239.84:53712] AH00529: /var/www/vhosts/saratogahistory.com/httpdocs/phpBB/.htaccess pcfg_openfile: unable to check htaccess file, ensure it is readable and that '/var/www/vhosts/saratogahistory.com/httpdocs/phpBB/' is executable, referer: http://www.saratogahistory.com/phpBB/index.php
[Tue Oct 06 07:51:27.187622 2020] [core:crit] [pid 16376:tid 139803729299200] (13)Permission denied: [client 176.67.86.18:38142] AH00529: /var/www/vhosts/saratogahistory.com/httpdocs/phpBB/.htaccess pcfg_openfile: unable to check htaccess file, ensure it is readable and that '/var/www/vhosts/saratogahistory.com/httpdocs/phpBB/' is executable, referer: http://www.saratogahistory.com/phpBB/index.php
[Tue Oct 06 07:58:48.016386 2020] [core:crit] [pid 16376:tid 139803634890496] (13)Permission denied: [client 95.153.31.94:45850] AH00529: /var/www/vhosts/saratogahistory.com/httpdocs/phpBB/.htaccess pcfg_openfile: unable to check htaccess file, ensure it is readable and that '/var/www/vhosts/saratogahistory.com/httpdocs/phpBB/' is executable, referer: http://www.saratogahistory.com/phpBB/index.php
[Tue Oct 06 08:18:28.772497 2020] [core:crit] [pid 3950:tid 139803899172608] (13)Permission denied: [client 80.246.31.31:42500] AH00529: /var/www/vhosts/saratogahistory.com/httpdocs/phpBB/.htaccess pcfg_openfile: unable to check htaccess file, ensure it is readable and that '/var/www/vhosts/saratogahistory.com/httpdocs/phpBB/' is executable, referer: http://www.saratogahistory.com/phpBB/index.php
[Tue Oct 06 08:19:59.890073 2020] [core:crit] [pid 3951:tid 139803750278912] (13)Permission denied: [client 66.249.65.222:43828] AH00529: /var/www/vhosts/saratogahistory.com/httpdocs/phpBB/.htaccess pcfg_openfile: unable to check htaccess file, ensure it is readable and that '/var/www/vhosts/saratogahistory.com/httpdocs/phpBB/' is executable, referer: http://www.saratogahistory.com/phpBB/viewtopic.php?p=1040&sid=4bd32147fe3d18f0634e328020f20d4e
[Tue Oct 06 08:32:08.216649 2020] [core:crit] [pid 16376:tid 139803739789056] (13)Permission denied: [client 185.25.35.10:33288] AH00529: /var/www/vhosts/saratogahistory.com/httpdocs/phpBB/.htaccess pcfg_openfile: unable to check htaccess file, ensure it is readable and that '/var/www/vhosts/saratogahistory.com/httpdocs/phpBB/' is executable
[Tue Oct 06 08:43:50.665772 2020] [core:crit] [pid 16376:tid 139803645380352] (13)Permission denied: [client 185.25.35.12:46466] AH00529: /var/www/vhosts/saratogahistory.com/httpdocs/phpBB/.htaccess pcfg_openfile: unable to check htaccess file, ensure it is readable and that '/var/www/vhosts/saratogahistory.com/httpdocs/phpBB/' is executable
[Tue Oct 06 09:37:52.261739 2020] [core:crit] [pid 3951:tid 139803729299200] (13)Permission denied: [client 94.242.63.4:53332] AH00529: /var/www/vhosts/saratogahistory.com/httpdocs/phpBB/.htaccess pcfg_openfile: unable to check htaccess file, ensure it is readable and that '/var/www/vhosts/saratogahistory.com/httpdocs/phpBB/' is executable, referer: http://www.saratogahistory.com/phpBB/index.php
[Tue Oct 06 10:06:38.597999 2020] [core:crit] [pid 3951:tid 139803624400640] (13)Permission denied: [client 176.67.86.18:58626] AH00529: /var/www/vhosts/saratogahistory.com/httpdocs/phpBB/.htaccess pcfg_openfile: unable to check htaccess file, ensure it is readable and that '/var/www/vhosts/saratogahistory.com/httpdocs/phpBB/' is executable, referer: http://www.saratogahistory.com/phpBB/index.php
[Tue Oct 06 10:07:07.249153 2020] [core:crit] [pid 3952:tid 139803687339776] (13)Permission denied: [client 80.246.31.31:59232] AH00529: /var/www/vhosts/saratogahistory.com/httpdocs/phpBB/.htaccess pcfg_openfile: unable to check htaccess file, ensure it is readable and that '/var/www/vhosts/saratogahistory.com/httpdocs/phpBB/' is executable, referer: http://www.saratogahistory.com/phpBB/index.php
[Tue Oct 06 10:27:36.636009 2020] [core:crit] [pid 16376:tid 139803909662464] (13)Permission denied: [client 93.85.168.118:33160] AH00529: /var/www/vhosts/saratogahistory.com/httpdocs/phpBB/.htaccess pcfg_openfile: unable to check htaccess file, ensure it is readable and that '/var/www/vhosts/saratogahistory.com/httpdocs/phpBB/' is executable, referer: http://www.saratogahistory.com/phpBB/index.php
[Tue Oct 06 10:27:37.771133 2020] [proxy_fcgi:error] [pid 16376:tid 139803750278912] [client 93.85.168.118:33188] AH01071: Got error 'Primary script unknown\n', referer: http://www.saratogahistory.com/index.php
[Tue Oct 06 10:27:38.066256 2020] [proxy_fcgi:error] [pid 16376:tid 139803739789056] [client 93.85.168.118:33196] AH01071: Got error 'Primary script unknown\n', referer: http://www.saratogahistory.com/index.php
[Tue Oct 06 10:27:38.370546 2020] [proxy_fcgi:error] [pid 3951:tid 139803760768768] [client 93.85.168.118:33204] AH01071: Got error 'Primary script unknown\n', referer: http://www.saratogahistory.com/index.php
[Tue Oct 06 11:42:21.017202 2020] [core:crit] [pid 16376:tid 139803802728192] (13)Permission denied: [client 77.247.181.165:46382] AH00529: /var/www/vhosts/saratogahistory.com/httpdocs/phpBB/.htaccess pcfg_openfile: unable to check htaccess file, ensure it is readable and that '/var/www/vhosts/saratogahistory.com/httpdocs/phpBB/' is executable, referer: http://www.saratogahistory.com/phpBB/index.php
[Tue Oct 06 11:44:56.873936 2020] [core:crit] [pid 3952:tid 139803909662464] (13)Permission denied: [client 95.214.10.116:49882] AH00529: /var/www/vhosts/saratogahistory.com/httpdocs/phpBB/.htaccess pcfg_openfile: unable to check htaccess file, ensure it is readable and that '/var/www/vhosts/saratogahistory.com/httpdocs/phpBB/' is executable, referer: http://www.saratogahistory.com/phpBB/index.php
[Tue Oct 06 11:45:27.414364 2020] [proxy_fcgi:error] [pid 3952:tid 139803592931072] [client 93.170.123.200:50778] AH01071: Got error 'Primary script unknown\n', referer: http://www.saratogahistory.com/index.php
[Tue Oct 06 11:45:28.006395 2020] [proxy_fcgi:error] [pid 16376:tid 139803920152320] [client 93.170.123.200:50790] AH01071: Got error 'Primary script unknown\n', referer: http://www.saratogahistory.com/index.php
[Tue Oct 06 11:45:28.748270 2020] [proxy_fcgi:error] [pid 3952:tid 139803920152320] [client 93.170.123.200:50812] AH01071: Got error 'Primary script unknown\n', referer: http://www.saratogahistory.com/index.php
[Tue Oct 06 11:53:50.741901 2020] [core:crit] [pid 16376:tid 139803771258624] (13)Permission denied: [client 162.247.74.204:33372] AH00529: /var/www/vhosts/saratogahistory.com/httpdocs/phpBB/.htaccess pcfg_openfile: unable to check htaccess file, ensure it is readable and that '/var/www/vhosts/saratogahistory.com/httpdocs/phpBB/' is executable, referer: http://www.saratogahistory.com/phpBB/index.php
[Tue Oct 06 13:24:19.335525 2020] [core:crit] [pid 16376:tid 139803920152320] (13)Permission denied: [client 185.25.35.11:43774] AH00529: /var/www/vhosts/saratogahistory.com/httpdocs/phpBB/.htaccess pcfg_openfile: unable to check htaccess file, ensure it is readable and that '/var/www/vhosts/saratogahistory.com/httpdocs/phpBB/' is executable
[Tue Oct 06 13:36:30.609148 2020] [core:crit] [pid 3951:tid 139803687339776] (13)Permission denied: [client 199.249.230.167:57844] AH00529: /var/www/vhosts/saratogahistory.com/httpdocs/phpBB/.htaccess pcfg_openfile: unable to check htaccess file, ensure it is readable and that '/var/www/vhosts/saratogahistory.com/httpdocs/phpBB/' is executable, referer: http://www.saratogahistory.com/phpBB/index.php
[Tue Oct 06 14:05:35.536981 2020] [core:crit] [pid 16376:tid 139803666360064] (13)Permission denied: [client 185.25.35.10:34432] AH00529: /var/www/vhosts/saratogahistory.com/httpdocs/phpBB/.htaccess pcfg_openfile: unable to check htaccess file, ensure it is readable and that '/var/www/vhosts/saratogahistory.com/httpdocs/phpBB/' is executable
[Tue Oct 06 14:22:47.407101 2020] [core:crit] [pid 16376:tid 139803920152320] (13)Permission denied: [client 199.249.230.146:42050] AH00529: /var/www/vhosts/saratogahistory.com/httpdocs/phpBB/.htaccess pcfg_openfile: unable to check htaccess file, ensure it is readable and that '/var/www/vhosts/saratogahistory.com/httpdocs/phpBB/' is executable, referer: http://www.saratogahistory.com/phpBB/index.php
[Tue Oct 06 15:19:40.856723 2020] [core:crit] [pid 3951:tid 139803624400640] (13)Permission denied: [client 185.25.35.10:43298] AH00529: /var/www/vhosts/saratogahistory.com/httpdocs/phpBB/.htaccess pcfg_openfile: unable to check htaccess file, ensure it is readable and that '/var/www/vhosts/saratogahistory.com/httpdocs/phpBB/' is executable
[Tue Oct 06 15:35:19.489587 2020] [core:crit] [pid 3951:tid 139803781748480] (13)Permission denied: [client 185.25.35.14:52864] AH00529: /var/www/vhosts/saratogahistory.com/httpdocs/phpBB/.htaccess pcfg_openfile: unable to check htaccess file, ensure it is readable and that '/var/www/vhosts/saratogahistory.com/httpdocs/phpBB/' is executable
[Tue Oct 06 15:38:31.584636 2020] [core:crit] [pid 16376:tid 139803760768768] (13)Permission denied: [client 162.247.74.201:58340] AH00529: /var/www/vhosts/saratogahistory.com/httpdocs/phpBB/.htaccess pcfg_openfile: unable to check htaccess file, ensure it is readable and that '/var/www/vhosts/saratogahistory.com/httpdocs/phpBB/' is executable, referer: http://www.saratogahistory.com/phpBB/index.php
[Tue Oct 06 15:57:38.832239 2020] [core:crit] [pid 16376:tid 139803909662464] (13)Permission denied: [client 178.159.37.58:56262] AH00529: /var/www/vhosts/saratogahistory.com/httpdocs/phpBB/.htaccess pcfg_openfile: unable to check htaccess file, ensure it is readable and that '/var/www/vhosts/saratogahistory.com/httpdocs/phpBB/' is executable, referer: http://www.saratogahistory.com/phpBB/index.php
[Tue Oct 06 16:33:35.225699 2020] [core:crit] [pid 3950:tid 139803760768768] (13)Permission denied: [client 66.249.65.193:56682] AH00529: /var/www/vhosts/saratogahistory.com/httpdocs/phpBB/.htaccess pcfg_openfile: unable to check htaccess file, ensure it is readable and that '/var/www/vhosts/saratogahistory.com/httpdocs/phpBB/' is executable
[Tue Oct 06 16:53:01.012314 2020] [core:crit] [pid 16376:tid 139803666360064] (13)Permission denied: [client 185.123.143.252:58218] AH00529: /var/www/vhosts/saratogahistory.com/httpdocs/phpBB/.htaccess pcfg_openfile: unable to check htaccess file, ensure it is readable and that '/var/www/vhosts/saratogahistory.com/httpdocs/phpBB/' is executable, referer: http://www.saratogahistory.com/phpBB/index.php
[Tue Oct 06 17:45:36.783288 2020] [core:crit] [pid 3951:tid 139803655870208] (13)Permission denied: [client 46.182.21.248:51472] AH00529: /var/www/vhosts/saratogahistory.com/httpdocs/phpBB/.htaccess pcfg_openfile: unable to check htaccess file, ensure it is readable and that '/var/www/vhosts/saratogahistory.com/httpdocs/phpBB/' is executable, referer: http://www.saratogahistory.com/phpBB/index.php
[Tue Oct 06 17:45:53.343289 2020] [core:crit] [pid 16376:tid 139803792238336] (13)Permission denied: [client 185.220.100.245:51858] AH00529: /var/www/vhosts/saratogahistory.com/httpdocs/phpBB/.htaccess pcfg_openfile: unable to check htaccess file, ensure it is readable and that '/var/www/vhosts/saratogahistory.com/httpdocs/phpBB/' is executable, referer: http://www.saratogahistory.com/phpBB/index.php
[Tue Oct 06 17:57:01.553333 2020] [core:crit] [pid 3951:tid 139803771258624] (13)Permission denied: [client 157.55.39.227:37708] AH00529: /var/www/vhosts/saratogahistory.com/httpdocs/phpBB/.htaccess pcfg_openfile: unable to check htaccess file, ensure it is readable and that '/var/www/vhosts/saratogahistory.com/httpdocs/phpBB/' is executable
[Tue Oct 06 18:36:46.964446 2020] [core:crit] [pid 3951:tid 139803909662464] (13)Permission denied: [client 185.220.100.243:38496] AH00529: /var/www/vhosts/saratogahistory.com/httpdocs/phpBB/.htaccess pcfg_openfile: unable to check htaccess file, ensure it is readable and that '/var/www/vhosts/saratogahistory.com/httpdocs/phpBB/' is executable, referer: http://www.saratogahistory.com/phpBB/index.php
[Tue Oct 06 19:44:37.615387 2020] [core:crit] [pid 3951:tid 139803687339776] (13)Permission denied: [client 162.247.74.213:42220] AH00529: /var/www/vhosts/saratogahistory.com/httpdocs/phpBB/.htaccess pcfg_openfile: unable to check htaccess file, ensure it is readable and that '/var/www/vhosts/saratogahistory.com/httpdocs/phpBB/' is executable, referer: http://www.saratogahistory.com/phpBB/index.php
[Tue Oct 06 20:31:17.041120 2020] [core:crit] [pid 3952:tid 139803760768768] (13)Permission denied: [client 185.25.35.8:44110] AH00529: /var/www/vhosts/saratogahistory.com/httpdocs/phpBB/.htaccess pcfg_openfile: unable to check htaccess file, ensure it is readable and that '/var/www/vhosts/saratogahistory.com/httpdocs/phpBB/' is executable
[Tue Oct 06 20:46:52.488226 2020] [core:crit] [pid 16376:tid 139803792238336] (13)Permission denied: [client 5.183.92.218:34852] AH00529: /var/www/vhosts/saratogahistory.com/httpdocs/phpBB/.htaccess pcfg_openfile: unable to check htaccess file, ensure it is readable and that '/var/www/vhosts/saratogahistory.com/httpdocs/phpBB/' is executable, referer: http://www.saratogahistory.com/phpBB/index.php
[Tue Oct 06 21:19:14.169750 2020] [core:crit] [pid 16376:tid 139803687339776] (13)Permission denied: [client 185.25.35.13:45490] AH00529: /var/www/vhosts/saratogahistory.com/httpdocs/phpBB/.htaccess pcfg_openfile: unable to check htaccess file, ensure it is readable and that '/var/www/vhosts/saratogahistory.com/httpdocs/phpBB/' is executable
[Tue Oct 06 21:35:45.836889 2020] [core:crit] [pid 3951:tid 139803603420928] (13)Permission denied: [client 66.249.69.154:38972] AH00529: /var/www/vhosts/saratogahistory.com/httpdocs/phpBB/.htaccess pcfg_openfile: unable to check htaccess file, ensure it is readable and that '/var/www/vhosts/saratogahistory.com/httpdocs/phpBB/' is executable
[Tue Oct 06 21:39:28.961230 2020] [core:crit] [pid 3952:tid 139803899172608] (13)Permission denied: [client 23.160.208.250:42650] AH00529: /var/www/vhosts/saratogahistory.com/httpdocs/phpBB/.htaccess pcfg_openfile: unable to check htaccess file, ensure it is readable and that '/var/www/vhosts/saratogahistory.com/httpdocs/phpBB/' is executable, referer: http://www.saratogahistory.com/phpBB/index.php
[Tue Oct 06 21:39:35.272769 2020] [core:crit] [pid 3951:tid 139803899172608] (13)Permission denied: [client 162.213.3.221:42878] AH00529: /var/www/vhosts/saratogahistory.com/httpdocs/phpBB/.htaccess pcfg_openfile: unable to check htaccess file, ensure it is readable and that '/var/www/vhosts/saratogahistory.com/httpdocs/phpBB/' is executable, referer: http://www.saratogahistory.com/phpBB/index.php
[Tue Oct 06 21:53:23.970287 2020] [core:crit] [pid 16376:tid 139803802728192] (13)Permission denied: [client 95.153.31.94:57634] AH00529: /var/www/vhosts/saratogahistory.com/httpdocs/phpBB/.htaccess pcfg_openfile: unable to check htaccess file, ensure it is readable and that '/var/www/vhosts/saratogahistory.com/httpdocs/phpBB/' is executable, referer: http://www.saratogahistory.com/phpBB/index.php
[Tue Oct 06 22:20:01.699921 2020] [core:crit] [pid 16376:tid 139803802728192] (13)Permission denied: [client 185.25.35.9:36684] AH00529: /var/www/vhosts/saratogahistory.com/httpdocs/phpBB/.htaccess pcfg_openfile: unable to check htaccess file, ensure it is readable and that '/var/www/vhosts/saratogahistory.com/httpdocs/phpBB/' is executable
[Tue Oct 06 22:32:56.874305 2020] [core:crit] [pid 3951:tid 139803909662464] (13)Permission denied: [client 185.25.35.11:51880] AH00529: /var/www/vhosts/saratogahistory.com/httpdocs/phpBB/.htaccess pcfg_openfile: unable to check htaccess file, ensure it is readable and that '/var/www/vhosts/saratogahistory.com/httpdocs/phpBB/' is executable
[Tue Oct 06 23:19:47.157285 2020] [core:crit] [pid 16376:tid 139803718809344] (13)Permission denied: [client 45.86.201.84:47266] AH00529: /var/www/vhosts/saratogahistory.com/httpdocs/phpBB/.htaccess pcfg_openfile: unable to check htaccess file, ensure it is readable and that '/var/www/vhosts/saratogahistory.com/httpdocs/phpBB/' is executable, referer: http://www.saratogahistory.com/phpBB/index.php
[Wed Oct 07 01:12:43.612229 2020] [core:crit] [pid 16376:tid 139803592931072] (13)Permission denied: [client 54.38.52.137:34656] AH00529: /var/www/vhosts/saratogahistory.com/httpdocs/phpBB/.htaccess pcfg_openfile: unable to check htaccess file, ensure it is readable and that '/var/www/vhosts/saratogahistory.com/httpdocs/phpBB/' is executable, referer: http://www.saratogahistory.com/phpBB/index.php
[Wed Oct 07 01:37:14.388100 2020] [core:crit] [pid 16376:tid 139803729299200] (13)Permission denied: [client 46.19.141.83:37016] AH00529: /var/www/vhosts/saratogahistory.com/httpdocs/phpBB/.htaccess pcfg_openfile: unable to check htaccess file, ensure it is readable and that '/var/www/vhosts/saratogahistory.com/httpdocs/phpBB/' is executable, referer: http://www.saratogahistory.com/phpBB/index.php
[Wed Oct 07 02:57:22.334466 2020] [core:crit] [pid 3951:tid 139803909662464] (13)Permission denied: [client 185.25.35.9:37476] AH00529: /var/www/vhosts/saratogahistory.com/httpdocs/phpBB/.htaccess pcfg_openfile: unable to check htaccess file, ensure it is readable and that '/var/www/vhosts/saratogahistory.com/httpdocs/phpBB/' is executable
[Wed Oct 07 03:19:19.720898 2020] [core:crit] [pid 3951:tid 139803624400640] (13)Permission denied: [client 14.169.173.4:37554] AH00529: /var/www/vhosts/saratogahistory.com/httpdocs/phpBB/.htaccess pcfg_openfile: unable to check htaccess file, ensure it is readable and that '/var/www/vhosts/saratogahistory.com/httpdocs/phpBB/' is executable
[Wed Oct 07 03:37:40.355437 2020] [core:crit] [pid 16376:tid 139803792238336] (13)Permission denied: [client 213.61.215.54:35248] AH00529: /var/www/vhosts/saratogahistory.com/httpdocs/phpBB/.htaccess pcfg_openfile: unable to check htaccess file, ensure it is readable and that '/var/www/vhosts/saratogahistory.com/httpdocs/phpBB/' is executable, referer: http://www.saratogahistory.com/phpBB/index.php
[Wed Oct 07 03:55:05.990992 2020] [core:crit] [pid 16376:tid 139803666360064] (13)Permission denied: [client 185.25.35.11:57398] AH00529: /var/www/vhosts/saratogahistory.com/httpdocs/phpBB/.htaccess pcfg_openfile: unable to check htaccess file, ensure it is readable and that '/var/www/vhosts/saratogahistory.com/httpdocs/phpBB/' is executable
[Wed Oct 07 04:43:13.464119 2020] [core:crit] [pid 16376:tid 139803655870208] (13)Permission denied: [client 185.25.35.10:35702] AH00529: /var/www/vhosts/saratogahistory.com/httpdocs/phpBB/.htaccess pcfg_openfile: unable to check htaccess file, ensure it is readable and that '/var/www/vhosts/saratogahistory.com/httpdocs/phpBB/' is executable
[Wed Oct 07 04:55:15.057548 2020] [core:crit] [pid 16376:tid 139803613910784] (13)Permission denied: [client 185.25.35.11:50194] AH00529: /var/www/vhosts/saratogahistory.com/httpdocs/phpBB/.htaccess pcfg_openfile: unable to check htaccess file, ensure it is readable and that '/var/www/vhosts/saratogahistory.com/httpdocs/phpBB/' is executable
[Wed Oct 07 05:21:25.214226 2020] [core:crit] [pid 3952:tid 139803613910784] (13)Permission denied: [client 207.46.13.224:55246] AH00529: /var/www/vhosts/saratogahistory.com/httpdocs/phpBB/.htaccess pcfg_openfile: unable to check htaccess file, ensure it is readable and that '/var/www/vhosts/saratogahistory.com/httpdocs/phpBB/' is executable
[Wed Oct 07 05:46:15.403280 2020] [core:crit] [pid 16376:tid 139803781748480] (13)Permission denied: [client 198.98.58.241:45618] AH00529: /var/www/vhosts/saratogahistory.com/httpdocs/phpBB/.htaccess pcfg_openfile: unable to check htaccess file, ensure it is readable and that '/var/www/vhosts/saratogahistory.com/httpdocs/phpBB/' is executable, referer: http://www.saratogahistory.com/phpBB/index.php
[Wed Oct 07 05:55:05.415746 2020] [core:crit] [pid 16376:tid 139803687339776] (13)Permission denied: [client 176.99.188.100:56584] AH00529: /var/www/vhosts/saratogahistory.com/httpdocs/phpBB/.htaccess pcfg_openfile: unable to check htaccess file, ensure it is readable and that '/var/www/vhosts/saratogahistory.com/httpdocs/phpBB/' is executable, referer: http://www.saratogahistory.com/phpBB/index.php
[Wed Oct 07 05:55:06.485319 2020] [proxy_fcgi:error] [pid 16376:tid 139803645380352] [client 176.99.188.100:56710] AH01071: Got error 'Primary script unknown\n', referer: http://www.saratogahistory.com/index.php
[Wed Oct 07 05:55:06.775736 2020] [proxy_fcgi:error] [pid 3952:tid 139803624400640] [client 176.99.188.100:56748] AH01071: Got error 'Primary script unknown\n', referer: http://www.saratogahistory.com/index.php
[Wed Oct 07 05:55:07.065514 2020] [proxy_fcgi:error] [pid 16376:tid 139803655870208] [client 176.99.188.100:56778] AH01071: Got error 'Primary script unknown\n', referer: http://www.saratogahistory.com/index.php
[Wed Oct 07 06:31:24.137133 2020] [core:crit] [pid 3951:tid 139803729299200] (13)Permission denied: [client 185.220.101.4:47380] AH00529: /var/www/vhosts/saratogahistory.com/httpdocs/phpBB/.htaccess pcfg_openfile: unable to check htaccess file, ensure it is readable and that '/var/www/vhosts/saratogahistory.com/httpdocs/phpBB/' is executable, referer: http://www.saratogahistory.com/phpBB/index.php
[Wed Oct 07 07:22:40.699802 2020] [core:crit] [pid 16376:tid 139803655870208] (13)Permission denied: [client 109.61.213.189:60002] AH00529: /var/www/vhosts/saratogahistory.com/httpdocs/phpBB/.htaccess pcfg_openfile: unable to check htaccess file, ensure it is readable and that '/var/www/vhosts/saratogahistory.com/httpdocs/phpBB/' is executable, referer: http://www.saratogahistory.com/phpBB/index.php
[Wed Oct 07 07:30:07.571316 2020] [proxy_fcgi:error] [pid 16376:tid 139803666360064] [client 203.194.99.205:41478] AH01071: Got error 'Primary script unknown\n'
[Wed Oct 07 07:41:24.430601 2020] [core:crit] [pid 3951:tid 139803624400640] (13)Permission denied: [client 198.98.52.169:57470] AH00529: /var/www/vhosts/saratogahistory.com/httpdocs/phpBB/.htaccess pcfg_openfile: unable to check htaccess file, ensure it is readable and that '/var/www/vhosts/saratogahistory.com/httpdocs/phpBB/' is executable, referer: http://www.saratogahistory.com/phpBB/index.php
[Wed Oct 07 09:32:49.779860 2020] [core:crit] [pid 16376:tid 139803888682752] (13)Permission denied: [client 37.212.86.166:59410] AH00529: /var/www/vhosts/saratogahistory.com/httpdocs/phpBB/.htaccess pcfg_openfile: unable to check htaccess file, ensure it is readable and that '/var/www/vhosts/saratogahistory.com/httpdocs/phpBB/' is executable, referer: http://www.saratogahistory.com/phpBB/index.php
[Wed Oct 07 09:32:51.225580 2020] [proxy_fcgi:error] [pid 16376:tid 139803666360064] [client 37.212.86.166:59490] AH01071: Got error 'Primary script unknown\n', referer: http://www.saratogahistory.com/index.php
[Wed Oct 07 09:32:51.593598 2020] [proxy_fcgi:error] [pid 3951:tid 139803718809344] [client 37.212.86.166:59532] AH01071: Got error 'Primary script unknown\n', referer: http://www.saratogahistory.com/index.php
[Wed Oct 07 09:32:51.910004 2020] [proxy_fcgi:error] [pid 16376:tid 139803899172608] [client 37.212.86.166:59554] AH01071: Got error 'Primary script unknown\n', referer: http://www.saratogahistory.com/index.php
[Wed Oct 07 09:37:03.159029 2020] [core:crit] [pid 3951:tid 139803634890496] (13)Permission denied: [client 217.170.206.192:37806] AH00529: /var/www/vhosts/saratogahistory.com/httpdocs/phpBB/.htaccess pcfg_openfile: unable to check htaccess file, ensure it is readable and that '/var/www/vhosts/saratogahistory.com/httpdocs/phpBB/' is executable, referer: http://www.saratogahistory.com/phpBB/index.php
[Wed Oct 07 09:41:25.266005 2020] [core:crit] [pid 16376:tid 139803760768768] (13)Permission denied: [client 185.25.35.9:43066] AH00529: /var/www/vhosts/saratogahistory.com/httpdocs/phpBB/.htaccess pcfg_openfile: unable to check htaccess file, ensure it is readable and that '/var/www/vhosts/saratogahistory.com/httpdocs/phpBB/' is executable
[Wed Oct 07 09:51:28.112998 2020] [core:crit] [pid 16376:tid 139803760768768] (13)Permission denied: [client 185.220.100.247:57786] AH00529: /var/www/vhosts/saratogahistory.com/httpdocs/phpBB/.htaccess pcfg_openfile: unable to check htaccess file, ensure it is readable and that '/var/www/vhosts/saratogahistory.com/httpdocs/phpBB/' is executable, referer: http://www.saratogahistory.com/phpBB/index.php
[Wed Oct 07 10:32:13.237659 2020] [core:crit] [pid 3951:tid 139803899172608] (13)Permission denied: [client 188.122.82.146:50124] AH00529: /var/www/vhosts/saratogahistory.com/httpdocs/phpBB/.htaccess pcfg_openfile: unable to check htaccess file, ensure it is readable and that '/var/www/vhosts/saratogahistory.com/httpdocs/phpBB/' is executable, referer: http://www.saratogahistory.com/phpBB/index.php
[Wed Oct 07 10:39:47.022437 2020] [core:crit] [pid 3950:tid 139803697829632] (13)Permission denied: [client 185.25.35.10:59296] AH00529: /var/www/vhosts/saratogahistory.com/httpdocs/phpBB/.htaccess pcfg_openfile: unable to check htaccess file, ensure it is readable and that '/var/www/vhosts/saratogahistory.com/httpdocs/phpBB/' is executable
[Wed Oct 07 10:42:39.365338 2020] [core:crit] [pid 16376:tid 139803802728192] (13)Permission denied: [client 14.169.214.75:34334] AH00529: /var/www/vhosts/saratogahistory.com/httpdocs/phpBB/.htaccess pcfg_openfile: unable to check htaccess file, ensure it is readable and that '/var/www/vhosts/saratogahistory.com/httpdocs/phpBB/' is executable
[Wed Oct 07 11:17:59.305508 2020] [core:crit] [pid 16376:tid 139803687339776] (13)Permission denied: [client 185.25.35.12:51154] AH00529: /var/www/vhosts/saratogahistory.com/httpdocs/phpBB/.htaccess pcfg_openfile: unable to check htaccess file, ensure it is readable and that '/var/www/vhosts/saratogahistory.com/httpdocs/phpBB/' is executable
[Wed Oct 07 11:27:10.483796 2020] [core:crit] [pid 16376:tid 139803729299200] (13)Permission denied: [client 51.77.53.174:34258] AH00529: /var/www/vhosts/saratogahistory.com/httpdocs/phpBB/.htaccess pcfg_openfile: unable to check htaccess file, ensure it is readable and that '/var/www/vhosts/saratogahistory.com/httpdocs/phpBB/' is executable, referer: http://www.saratogahistory.com/phpBB/index.php
[Wed Oct 07 11:30:11.503283 2020] [core:crit] [pid 16376:tid 139803603420928] (13)Permission denied: [client 185.25.35.10:37990] AH00529: /var/www/vhosts/saratogahistory.com/httpdocs/phpBB/.htaccess pcfg_openfile: unable to check htaccess file, ensure it is readable and that '/var/www/vhosts/saratogahistory.com/httpdocs/phpBB/' is executable
[Wed Oct 07 11:35:58.872853 2020] [core:crit] [pid 3951:tid 139803666360064] (13)Permission denied: [client 176.10.107.180:44146] AH00529: /var/www/vhosts/saratogahistory.com/httpdocs/phpBB/.htaccess pcfg_openfile: unable to check htaccess file, ensure it is readable and that '/var/www/vhosts/saratogahistory.com/httpdocs/phpBB/' is executable, referer: http://www.saratogahistory.com/phpBB/index.php
[Wed Oct 07 11:36:02.267221 2020] [proxy_fcgi:error] [pid 16376:tid 139803634890496] [client 176.10.107.180:44242] AH01071: Got error 'Primary script unknown\n', referer: http://www.saratogahistory.com/index.php
[Wed Oct 07 11:36:03.530315 2020] [proxy_fcgi:error] [pid 16376:tid 139803888682752] [client 104.244.72.99:44296] AH01071: Got error 'Primary script unknown\n', referer: http://www.saratogahistory.com/index.php
[Wed Oct 07 11:36:04.571674 2020] [proxy_fcgi:error] [pid 16376:tid 139803909662464] [client 104.244.72.99:44334] AH01071: Got error 'Primary script unknown\n', referer: http://www.saratogahistory.com/index.php
[Wed Oct 07 11:38:22.305580 2020] [core:crit] [pid 16376:tid 139803666360064] (13)Permission denied: [client 14.169.214.75:47126] AH00529: /var/www/vhosts/saratogahistory.com/httpdocs/phpBB/.htaccess pcfg_openfile: unable to check htaccess file, ensure it is readable and that '/var/www/vhosts/saratogahistory.com/httpdocs/phpBB/' is executable
[Wed Oct 07 11:47:03.966849 2020] [core:crit] [pid 3951:tid 139803676849920] (13)Permission denied: [client 51.195.149.69:57866] AH00529: /var/www/vhosts/saratogahistory.com/httpdocs/phpBB/.htaccess pcfg_openfile: unable to check htaccess file, ensure it is readable and that '/var/www/vhosts/saratogahistory.com/httpdocs/phpBB/' is executable, referer: http://www.saratogahistory.com/phpBB/index.php
[Wed Oct 07 12:20:01.811513 2020] [proxy_fcgi:error] [pid 16376:tid 139803592931072] [client 139.59.78.248:45180] AH01071: Got error 'Primary script unknown\n', referer: http://saratogahistory.com/wp-login.php
[Wed Oct 07 12:26:08.759532 2020] [core:crit] [pid 16376:tid 139803792238336] (13)Permission denied: [client 54.38.123.225:53134] AH00529: /var/www/vhosts/saratogahistory.com/httpdocs/phpBB/.htaccess pcfg_openfile: unable to check htaccess file, ensure it is readable and that '/var/www/vhosts/saratogahistory.com/httpdocs/phpBB/' is executable, referer: http://www.saratogahistory.com/phpBB/index.php
[Wed Oct 07 13:14:06.457217 2020] [core:crit] [pid 3951:tid 139803792238336] (13)Permission denied: [client 82.115.215.137:57802] AH00529: /var/www/vhosts/saratogahistory.com/httpdocs/phpBB/.htaccess pcfg_openfile: unable to check htaccess file, ensure it is readable and that '/var/www/vhosts/saratogahistory.com/httpdocs/phpBB/' is executable, referer: http://www.saratogahistory.com/
[Wed Oct 07 13:14:07.039237 2020] [core:crit] [pid 3951:tid 139803781748480] (13)Permission denied: [client 85.208.115.133:57826] AH00529: /var/www/vhosts/saratogahistory.com/httpdocs/phpBB/.htaccess pcfg_openfile: unable to check htaccess file, ensure it is readable and that '/var/www/vhosts/saratogahistory.com/httpdocs/phpBB/' is executable, referer: http://www.saratogahistory.com/
[Wed Oct 07 13:14:07.295052 2020] [core:crit] [pid 3951:tid 139803739789056] (13)Permission denied: [client 85.208.115.57:57834] AH00529: /var/www/vhosts/saratogahistory.com/httpdocs/phpBB/.htaccess pcfg_openfile: unable to check htaccess file, ensure it is readable and that '/var/www/vhosts/saratogahistory.com/httpdocs/phpBB/' is executable, referer: http://www.saratogahistory.com/
[Wed Oct 07 13:14:07.845714 2020] [core:crit] [pid 3951:tid 139803771258624] (13)Permission denied: [client 89.19.47.129:57846] AH00529: /var/www/vhosts/saratogahistory.com/httpdocs/phpBB/.htaccess pcfg_openfile: unable to check htaccess file, ensure it is readable and that '/var/www/vhosts/saratogahistory.com/httpdocs/phpBB/' is executable, referer: http://www.saratogahistory.com/
[Wed Oct 07 13:40:15.492403 2020] [core:crit] [pid 16376:tid 139803655870208] (13)Permission denied: [client 51.81.83.146:36094] AH00529: /var/www/vhosts/saratogahistory.com/httpdocs/phpBB/.htaccess pcfg_openfile: unable to check htaccess file, ensure it is readable and that '/var/www/vhosts/saratogahistory.com/httpdocs/phpBB/' is executable, referer: http://www.saratogahistory.com/phpBB/index.php
[Wed Oct 07 13:49:58.091841 2020] [core:crit] [pid 3952:tid 139803687339776] (13)Permission denied: [client 51.195.166.160:49098] AH00529: /var/www/vhosts/saratogahistory.com/httpdocs/phpBB/.htaccess pcfg_openfile: unable to check htaccess file, ensure it is readable and that '/var/www/vhosts/saratogahistory.com/httpdocs/phpBB/' is executable, referer: http://www.saratogahistory.com/phpBB/index.php
[Wed Oct 07 13:53:06.821453 2020] [core:crit] [pid 16376:tid 139803739789056] (13)Permission denied: [client 207.46.13.83:53212] AH00529: /var/www/vhosts/saratogahistory.com/httpdocs/phpBB/.htaccess pcfg_openfile: unable to check htaccess file, ensure it is readable and that '/var/www/vhosts/saratogahistory.com/httpdocs/phpBB/' is executable
[Wed Oct 07 15:24:23.552483 2020] [proxy_fcgi:error] [pid 3951:tid 139803697829632] [client 188.166.210.26:57406] AH01071: Got error 'Primary script unknown\n'
[Wed Oct 07 15:42:05.256315 2020] [core:crit] [pid 3951:tid 139803624400640] (13)Permission denied: [client 89.31.57.5:51474] AH00529: /var/www/vhosts/saratogahistory.com/httpdocs/phpBB/.htaccess pcfg_openfile: unable to check htaccess file, ensure it is readable and that '/var/www/vhosts/saratogahistory.com/httpdocs/phpBB/' is executable, referer: http://www.saratogahistory.com/phpBB/index.php
[Wed Oct 07 15:56:19.223227 2020] [core:crit] [pid 3951:tid 139803920152320] (13)Permission denied: [client 46.33.43.151:42960] AH00529: /var/www/vhosts/saratogahistory.com/httpdocs/phpBB/.htaccess pcfg_openfile: unable to check htaccess file, ensure it is readable and that '/var/www/vhosts/saratogahistory.com/httpdocs/phpBB/' is executable, referer: http://www.saratogahistory.com/phpBB/index.php
[Wed Oct 07 15:56:20.273693 2020] [proxy_fcgi:error] [pid 16376:tid 139803899172608] [client 46.33.43.151:42994] AH01071: Got error 'Primary script unknown\n', referer: http://www.saratogahistory.com/index.php
[Wed Oct 07 15:56:20.554263 2020] [proxy_fcgi:error] [pid 3952:tid 139803909662464] [client 46.33.43.151:43002] AH01071: Got error 'Primary script unknown\n', referer: http://www.saratogahistory.com/index.php
[Wed Oct 07 15:56:20.835897 2020] [proxy_fcgi:error] [pid 16376:tid 139803750278912] [client 46.33.43.151:43008] AH01071: Got error 'Primary script unknown\n', referer: http://www.saratogahistory.com/index.php
[Wed Oct 07 16:07:30.959698 2020] [core:crit] [pid 3952:tid 139803920152320] (13)Permission denied: [client 185.25.35.14:58990] AH00529: /var/www/vhosts/saratogahistory.com/httpdocs/phpBB/.htaccess pcfg_openfile: unable to check htaccess file, ensure it is readable and that '/var/www/vhosts/saratogahistory.com/httpdocs/phpBB/' is executable
[Wed Oct 07 16:21:48.038478 2020] [core:crit] [pid 3952:tid 139803760768768] (13)Permission denied: [client 66.249.69.154:58692] AH00529: /var/www/vhosts/saratogahistory.com/httpdocs/phpBB/.htaccess pcfg_openfile: unable to check htaccess file, ensure it is readable and that '/var/www/vhosts/saratogahistory.com/httpdocs/phpBB/' is executable
[Wed Oct 07 17:02:24.977832 2020] [core:crit] [pid 3951:tid 139803718809344] (13)Permission denied: [client 185.25.35.9:57790] AH00529: /var/www/vhosts/saratogahistory.com/httpdocs/phpBB/.htaccess pcfg_openfile: unable to check htaccess file, ensure it is readable and that '/var/www/vhosts/saratogahistory.com/httpdocs/phpBB/' is executable
[Wed Oct 07 17:35:20.637109 2020] [core:crit] [pid 16376:tid 139803802728192] (13)Permission denied: [client 66.146.193.33:46590] AH00529: /var/www/vhosts/saratogahistory.com/httpdocs/phpBB/.htaccess pcfg_openfile: unable to check htaccess file, ensure it is readable and that '/var/www/vhosts/saratogahistory.com/httpdocs/phpBB/' is executable, referer: http://www.saratogahistory.com/phpBB/index.php
[Wed Oct 07 17:38:53.230124 2020] [core:crit] [pid 3951:tid 139803697829632] (13)Permission denied: [client 51.77.53.174:51100] AH00529: /var/www/vhosts/saratogahistory.com/httpdocs/phpBB/.htaccess pcfg_openfile: unable to check htaccess file, ensure it is readable and that '/var/www/vhosts/saratogahistory.com/httpdocs/phpBB/' is executable, referer: http://www.saratogahistory.com/phpBB/index.php
[Wed Oct 07 17:49:33.816779 2020] [core:crit] [pid 16376:tid 139803771258624] (13)Permission denied: [client 185.25.35.11:37366] AH00529: /var/www/vhosts/saratogahistory.com/httpdocs/phpBB/.htaccess pcfg_openfile: unable to check htaccess file, ensure it is readable and that '/var/www/vhosts/saratogahistory.com/httpdocs/phpBB/' is executable
[Wed Oct 07 17:50:08.796975 2020] [core:crit] [pid 3951:tid 139803624400640] (13)Permission denied: [client 217.170.205.14:38090] AH00529: /var/www/vhosts/saratogahistory.com/httpdocs/phpBB/.htaccess pcfg_openfile: unable to check htaccess file, ensure it is readable and that '/var/www/vhosts/saratogahistory.com/httpdocs/phpBB/' is executable, referer: http://www.saratogahistory.com/phpBB/index.php
[Wed Oct 07 18:03:39.148881 2020] [core:crit] [pid 16376:tid 139803624400640] (13)Permission denied: [client 185.25.35.8:58512] AH00529: /var/www/vhosts/saratogahistory.com/httpdocs/phpBB/.htaccess pcfg_openfile: unable to check htaccess file, ensure it is readable and that '/var/www/vhosts/saratogahistory.com/httpdocs/phpBB/' is executable
[Wed Oct 07 18:22:32.121611 2020] [core:crit] [pid 16376:tid 139803603420928] (13)Permission denied: [client 178.214.245.131:54936] AH00529: /var/www/vhosts/saratogahistory.com/httpdocs/phpBB/.htaccess pcfg_openfile: unable to check htaccess file, ensure it is readable and that '/var/www/vhosts/saratogahistory.com/httpdocs/phpBB/' is executable, referer: http://www.saratogahistory.com/phpBB/index.php
[Wed Oct 07 18:32:38.159345 2020] [core:crit] [pid 16376:tid 139803655870208] (13)Permission denied: [client 84.17.48.97:39508] AH00529: /var/www/vhosts/saratogahistory.com/httpdocs/phpBB/.htaccess pcfg_openfile: unable to check htaccess file, ensure it is readable and that '/var/www/vhosts/saratogahistory.com/httpdocs/phpBB/' is executable, referer: http://www.saratogahistory.com/phpBB/index.php
[Wed Oct 07 18:32:39.213993 2020] [proxy_fcgi:error] [pid 16376:tid 139803603420928] [client 84.17.48.97:39546] AH01071: Got error 'Primary script unknown\n', referer: http://www.saratogahistory.com/index.php
[Wed Oct 07 18:32:39.511445 2020] [proxy_fcgi:error] [pid 16376:tid 139803592931072] [client 84.17.48.97:39552] AH01071: Got error 'Primary script unknown\n', referer: http://www.saratogahistory.com/index.php
[Wed Oct 07 18:32:39.801759 2020] [proxy_fcgi:error] [pid 16376:tid 139803792238336] [client 84.17.48.97:39560] AH01071: Got error 'Primary script unknown\n', referer: http://www.saratogahistory.com/index.php
[Wed Oct 07 19:02:06.098079 2020] [core:crit] [pid 16376:tid 139803655870208] (13)Permission denied: [client 217.150.77.31:49274] AH00529: /var/www/vhosts/saratogahistory.com/httpdocs/phpBB/.htaccess pcfg_openfile: unable to check htaccess file, ensure it is readable and that '/var/www/vhosts/saratogahistory.com/httpdocs/phpBB/' is executable, referer: http://www.saratogahistory.com/
[Wed Oct 07 19:39:06.194876 2020] [core:crit] [pid 16376:tid 139803909662464] (13)Permission denied: [client 51.38.233.93:40254] AH00529: /var/www/vhosts/saratogahistory.com/httpdocs/phpBB/.htaccess pcfg_openfile: unable to check htaccess file, ensure it is readable and that '/var/www/vhosts/saratogahistory.com/httpdocs/phpBB/' is executable, referer: http://www.saratogahistory.com/phpBB/index.php
[Wed Oct 07 20:19:26.381935 2020] [core:crit] [pid 3951:tid 139803655870208] (13)Permission denied: [client 46.232.249.138:35038] AH00529: /var/www/vhosts/saratogahistory.com/httpdocs/phpBB/.htaccess pcfg_openfile: unable to check htaccess file, ensure it is readable and that '/var/www/vhosts/saratogahistory.com/httpdocs/phpBB/' is executable, referer: http://www.saratogahistory.com/phpBB/index.php
[Wed Oct 07 20:23:54.721558 2020] [core:crit] [pid 16376:tid 139803739789056] (13)Permission denied: [client 123.123.219.68:40930] AH00529: /var/www/vhosts/saratogahistory.com/httpdocs/phpBB/.htaccess pcfg_openfile: unable to check htaccess file, ensure it is readable and that '/var/www/vhosts/saratogahistory.com/httpdocs/phpBB/' is executable
[Wed Oct 07 21:18:00.674167 2020] [core:crit] [pid 16376:tid 139803687339776] (13)Permission denied: [client 217.96.224.149:49688] AH00529: /var/www/vhosts/saratogahistory.com/httpdocs/phpBB/.htaccess pcfg_openfile: unable to check htaccess file, ensure it is readable and that '/var/www/vhosts/saratogahistory.com/httpdocs/phpBB/' is executable
[Wed Oct 07 21:36:03.236043 2020] [core:crit] [pid 16376:tid 139803888682752] (13)Permission denied: [client 185.220.102.246:42042] AH00529: /var/www/vhosts/saratogahistory.com/httpdocs/phpBB/.htaccess pcfg_openfile: unable to check htaccess file, ensure it is readable and that '/var/www/vhosts/saratogahistory.com/httpdocs/phpBB/' is executable, referer: http://www.saratogahistory.com/phpBB/index.php
[Wed Oct 07 22:32:30.954766 2020] [core:crit] [pid 16376:tid 139803613910784] (13)Permission denied: [client 185.220.100.242:52828] AH00529: /var/www/vhosts/saratogahistory.com/httpdocs/phpBB/.htaccess pcfg_openfile: unable to check htaccess file, ensure it is readable and that '/var/www/vhosts/saratogahistory.com/httpdocs/phpBB/' is executable, referer: http://www.saratogahistory.com/phpBB/index.php
[Wed Oct 07 22:38:19.728325 2020] [core:crit] [pid 3951:tid 139803624400640] (13)Permission denied: [client 80.246.31.45:58690] AH00529: /var/www/vhosts/saratogahistory.com/httpdocs/phpBB/.htaccess pcfg_openfile: unable to check htaccess file, ensure it is readable and that '/var/www/vhosts/saratogahistory.com/httpdocs/phpBB/' is executable, referer: http://www.saratogahistory.com/phpBB/index.php
[Wed Oct 07 23:02:20.539027 2020] [core:crit] [pid 3951:tid 139803802728192] (13)Permission denied: [client 185.25.35.10:56396] AH00529: /var/www/vhosts/saratogahistory.com/httpdocs/phpBB/.htaccess pcfg_openfile: unable to check htaccess file, ensure it is readable and that '/var/www/vhosts/saratogahistory.com/httpdocs/phpBB/' is executable
[Wed Oct 07 23:27:05.153877 2020] [core:crit] [pid 3951:tid 139803920152320] (13)Permission denied: [client 158.58.168.61:57682] AH00529: /var/www/vhosts/saratogahistory.com/httpdocs/phpBB/.htaccess pcfg_openfile: unable to check htaccess file, ensure it is readable and that '/var/www/vhosts/saratogahistory.com/httpdocs/phpBB/' is executable, referer: http://www.saratogahistory.com/phpBB/index.php
[Wed Oct 07 23:27:06.391510 2020] [proxy_fcgi:error] [pid 16376:tid 139803888682752] [client 158.58.168.61:57694] AH01071: Got error 'Primary script unknown\n', referer: http://www.saratogahistory.com/index.php
[Wed Oct 07 23:27:06.753084 2020] [proxy_fcgi:error] [pid 3951:tid 139803802728192] [client 158.58.168.61:57702] AH01071: Got error 'Primary script unknown\n', referer: http://www.saratogahistory.com/index.php
[Wed Oct 07 23:27:07.091306 2020] [proxy_fcgi:error] [pid 16376:tid 139803613910784] [client 158.58.168.61:57714] AH01071: Got error 'Primary script unknown\n', referer: http://www.saratogahistory.com/index.php
[Wed Oct 07 23:41:23.366990 2020] [core:crit] [pid 3951:tid 139803750278912] (13)Permission denied: [client 2.38.152.84:47992] AH00529: /var/www/vhosts/saratogahistory.com/httpdocs/phpBB/.htaccess pcfg_openfile: unable to check htaccess file, ensure it is readable and that '/var/www/vhosts/saratogahistory.com/httpdocs/phpBB/' is executable, referer: http://www.saratogahistory.com/
[Wed Oct 07 23:41:31.028163 2020] [core:crit] [pid 3951:tid 139803760768768] (13)Permission denied: [client 41.139.223.242:48110] AH00529: /var/www/vhosts/saratogahistory.com/httpdocs/phpBB/.htaccess pcfg_openfile: unable to check htaccess file, ensure it is readable and that '/var/www/vhosts/saratogahistory.com/httpdocs/phpBB/' is executable, referer: http://www.saratogahistory.com/
[Wed Oct 07 23:41:49.479619 2020] [core:crit] [pid 3951:tid 139803708319488] (13)Permission denied: [client 51.195.91.150:48346] AH00529: /var/www/vhosts/saratogahistory.com/httpdocs/phpBB/.htaccess pcfg_openfile: unable to check htaccess file, ensure it is readable and that '/var/www/vhosts/saratogahistory.com/httpdocs/phpBB/' is executable, referer: http://www.saratogahistory.com/phpBB/index.php
[Wed Oct 07 23:51:20.482243 2020] [proxy_fcgi:error] [pid 16376:tid 139803729299200] [client 40.65.103.104:59566] AH01071: Got error 'Primary script unknown\n'
[Thu Oct 08 00:08:24.564178 2020] [core:crit] [pid 3951:tid 139803909662464] (13)Permission denied: [client 185.25.35.14:55766] AH00529: /var/www/vhosts/saratogahistory.com/httpdocs/phpBB/.htaccess pcfg_openfile: unable to check htaccess file, ensure it is readable and that '/var/www/vhosts/saratogahistory.com/httpdocs/phpBB/' is executable
[Thu Oct 08 01:02:53.847599 2020] [core:crit] [pid 3951:tid 139803729299200] (13)Permission denied: [client 185.25.35.14:44484] AH00529: /var/www/vhosts/saratogahistory.com/httpdocs/phpBB/.htaccess pcfg_openfile: unable to check htaccess file, ensure it is readable and that '/var/www/vhosts/saratogahistory.com/httpdocs/phpBB/' is executable
[Thu Oct 08 01:19:07.197999 2020] [core:crit] [pid 3951:tid 139803666360064] (13)Permission denied: [client 185.25.35.8:37084] AH00529: /var/www/vhosts/saratogahistory.com/httpdocs/phpBB/.htaccess pcfg_openfile: unable to check htaccess file, ensure it is readable and that '/var/www/vhosts/saratogahistory.com/httpdocs/phpBB/' is executable
[Thu Oct 08 01:37:01.676977 2020] [core:crit] [pid 3952:tid 139803802728192] (13)Permission denied: [client 51.79.53.146:34004] AH00529: /var/www/vhosts/saratogahistory.com/httpdocs/phpBB/.htaccess pcfg_openfile: unable to check htaccess file, ensure it is readable and that '/var/www/vhosts/saratogahistory.com/httpdocs/phpBB/' is executable, referer: http://www.saratogahistory.com/phpBB/index.php
[Thu Oct 08 01:39:02.698522 2020] [core:crit] [pid 16376:tid 139803739789056] (13)Permission denied: [client 178.175.142.134:36348] AH00529: /var/www/vhosts/saratogahistory.com/httpdocs/phpBB/.htaccess pcfg_openfile: unable to check htaccess file, ensure it is readable and that '/var/www/vhosts/saratogahistory.com/httpdocs/phpBB/' is executable, referer: http://www.saratogahistory.com/phpBB/index.php
[Thu Oct 08 01:48:21.119984 2020] [core:crit] [pid 16376:tid 139803697829632] (13)Permission denied: [client 46.246.65.183:53124] AH00529: /var/www/vhosts/saratogahistory.com/httpdocs/phpBB/.htaccess pcfg_openfile: unable to check htaccess file, ensure it is readable and that '/var/www/vhosts/saratogahistory.com/httpdocs/phpBB/' is executable, referer: http://www.saratogahistory.com/phpBB/index.php
[Thu Oct 08 02:11:19.923380 2020] [core:crit] [pid 16376:tid 139803645380352] (13)Permission denied: [client 185.220.101.198:51722] AH00529: /var/www/vhosts/saratogahistory.com/httpdocs/phpBB/.htaccess pcfg_openfile: unable to check htaccess file, ensure it is readable and that '/var/www/vhosts/saratogahistory.com/httpdocs/phpBB/' is executable, referer: http://www.saratogahistory.com/phpBB/index.php
[Thu Oct 08 02:58:02.849270 2020] [core:crit] [pid 16376:tid 139803781748480] (13)Permission denied: [client 185.244.214.41:55382] AH00529: /var/www/vhosts/saratogahistory.com/httpdocs/phpBB/.htaccess pcfg_openfile: unable to check htaccess file, ensure it is readable and that '/var/www/vhosts/saratogahistory.com/httpdocs/phpBB/' is executable, referer: http://www.saratogahistory.com/phpBB/index.php
[Thu Oct 08 03:38:15.351493 2020] [core:crit] [pid 16376:tid 139803718809344] (13)Permission denied: [client 51.195.148.18:49292] AH00529: /var/www/vhosts/saratogahistory.com/httpdocs/phpBB/.htaccess pcfg_openfile: unable to check htaccess file, ensure it is readable and that '/var/www/vhosts/saratogahistory.com/httpdocs/phpBB/' is executable, referer: http://www.saratogahistory.com/phpBB/index.php
[Thu Oct 08 04:08:50.635166 2020] [core:crit] [pid 3952:tid 139803708319488] (13)Permission denied: [client 198.144.149.253:57800] AH00529: /var/www/vhosts/saratogahistory.com/httpdocs/phpBB/.htaccess pcfg_openfile: unable to check htaccess file, ensure it is readable and that '/var/www/vhosts/saratogahistory.com/httpdocs/phpBB/' is executable, referer: http://www.saratogahistory.com/phpBB/profile.php?mode=register&agreed=true
[Thu Oct 08 05:39:11.427732 2020] [core:crit] [pid 16376:tid 139803899172608] (13)Permission denied: [client 185.220.100.247:38058] AH00529: /var/www/vhosts/saratogahistory.com/httpdocs/phpBB/.htaccess pcfg_openfile: unable to check htaccess file, ensure it is readable and that '/var/www/vhosts/saratogahistory.com/httpdocs/phpBB/' is executable, referer: http://www.saratogahistory.com/phpBB/index.php
[Thu Oct 08 05:45:21.096861 2020] [core:crit] [pid 16376:tid 139803771258624] (13)Permission denied: [client 185.220.100.243:45854] AH00529: /var/www/vhosts/saratogahistory.com/httpdocs/phpBB/.htaccess pcfg_openfile: unable to check htaccess file, ensure it is readable and that '/var/www/vhosts/saratogahistory.com/httpdocs/phpBB/' is executable, referer: http://www.saratogahistory.com/phpBB/index.php
[Thu Oct 08 05:47:13.119071 2020] [proxy_fcgi:error] [pid 16376:tid 139803645380352] [client 39.98.74.86:48024] AH01071: Got error 'Primary script unknown\n'
[Thu Oct 08 06:06:06.803536 2020] [core:crit] [pid 3952:tid 139803592931072] (13)Permission denied: [client 185.25.35.8:41546] AH00529: /var/www/vhosts/saratogahistory.com/httpdocs/phpBB/.htaccess pcfg_openfile: unable to check htaccess file, ensure it is readable and that '/var/www/vhosts/saratogahistory.com/httpdocs/phpBB/' is executable
[Thu Oct 08 07:11:30.935936 2020] [core:crit] [pid 3952:tid 139803792238336] (13)Permission denied: [client 185.25.35.13:43062] AH00529: /var/www/vhosts/saratogahistory.com/httpdocs/phpBB/.htaccess pcfg_openfile: unable to check htaccess file, ensure it is readable and that '/var/www/vhosts/saratogahistory.com/httpdocs/phpBB/' is executable
[Thu Oct 08 07:31:01.021114 2020] [core:crit] [pid 3951:tid 139803718809344] (13)Permission denied: [client 185.112.82.239:39236] AH00529: /var/www/vhosts/saratogahistory.com/httpdocs/phpBB/.htaccess pcfg_openfile: unable to check htaccess file, ensure it is readable and that '/var/www/vhosts/saratogahistory.com/httpdocs/phpBB/' is executable, referer: http://www.saratogahistory.com/phpBB/index.php
[Thu Oct 08 07:41:06.186259 2020] [core:crit] [pid 16376:tid 139803792238336] (13)Permission denied: [client 51.195.150.132:50916] AH00529: /var/www/vhosts/saratogahistory.com/httpdocs/phpBB/.htaccess pcfg_openfile: unable to check htaccess file, ensure it is readable and that '/var/www/vhosts/saratogahistory.com/httpdocs/phpBB/' is executable, referer: http://www.saratogahistory.com/phpBB/index.php
[Thu Oct 08 08:02:23.657981 2020] [core:crit] [pid 16376:tid 139803687339776] (13)Permission denied: [client 185.25.35.12:48118] AH00529: /var/www/vhosts/saratogahistory.com/httpdocs/phpBB/.htaccess pcfg_openfile: unable to check htaccess file, ensure it is readable and that '/var/www/vhosts/saratogahistory.com/httpdocs/phpBB/' is executable
[Thu Oct 08 08:17:15.992188 2020] [core:crit] [pid 3951:tid 139803603420928] (13)Permission denied: [client 185.25.35.13:40294] AH00529: /var/www/vhosts/saratogahistory.com/httpdocs/phpBB/.htaccess pcfg_openfile: unable to check htaccess file, ensure it is readable and that '/var/www/vhosts/saratogahistory.com/httpdocs/phpBB/' is executable
[Thu Oct 08 08:34:22.781299 2020] [core:crit] [pid 3951:tid 139803899172608] (13)Permission denied: [client 5.183.92.91:37510] AH00529: /var/www/vhosts/saratogahistory.com/httpdocs/phpBB/.htaccess pcfg_openfile: unable to check htaccess file, ensure it is readable and that '/var/www/vhosts/saratogahistory.com/httpdocs/phpBB/' is executable, referer: http://www.saratogahistory.com/phpBB/index.php
[Thu Oct 08 08:37:53.955715 2020] [core:crit] [pid 3952:tid 139803687339776] (13)Permission denied: [client 5.183.92.91:42016] AH00529: /var/www/vhosts/saratogahistory.com/httpdocs/phpBB/.htaccess pcfg_openfile: unable to check htaccess file, ensure it is readable and that '/var/www/vhosts/saratogahistory.com/httpdocs/phpBB/' is executable, referer: http://www.saratogahistory.com/phpBB/index.php
[Thu Oct 08 08:42:27.654058 2020] [core:crit] [pid 16376:tid 139803655870208] (13)Permission denied: [client 176.67.86.155:47642] AH00529: /var/www/vhosts/saratogahistory.com/httpdocs/phpBB/.htaccess pcfg_openfile: unable to check htaccess file, ensure it is readable and that '/var/www/vhosts/saratogahistory.com/httpdocs/phpBB/' is executable, referer: http://www.saratogahistory.com/phpBB/index.php
[Thu Oct 08 09:05:37.035133 2020] [core:crit] [pid 16376:tid 139803909662464] (13)Permission denied: [client 31.220.40.236:46234] AH00529: /var/www/vhosts/saratogahistory.com/httpdocs/phpBB/.htaccess pcfg_openfile: unable to check htaccess file, ensure it is readable and that '/var/www/vhosts/saratogahistory.com/httpdocs/phpBB/' is executable, referer: http://www.saratogahistory.com/phpBB/index.php
[Thu Oct 08 09:11:00.675145 2020] [core:crit] [pid 3951:tid 139803592931072] (13)Permission denied: [client 185.245.85.7:52396] AH00529: /var/www/vhosts/saratogahistory.com/httpdocs/phpBB/.htaccess pcfg_openfile: unable to check htaccess file, ensure it is readable and that '/var/www/vhosts/saratogahistory.com/httpdocs/phpBB/' is executable, referer: http://www.saratogahistory.com/phpBB/index.php
[Thu Oct 08 09:38:08.221216 2020] [core:crit] [pid 16376:tid 139803909662464] (13)Permission denied: [client 185.42.170.203:55804] AH00529: /var/www/vhosts/saratogahistory.com/httpdocs/phpBB/.htaccess pcfg_openfile: unable to check htaccess file, ensure it is readable and that '/var/www/vhosts/saratogahistory.com/httpdocs/phpBB/' is executable, referer: http://www.saratogahistory.com/phpBB/index.php
[Thu Oct 08 09:40:40.481714 2020] [core:crit] [pid 16376:tid 139803666360064] (13)Permission denied: [client 185.112.82.239:59182] AH00529: /var/www/vhosts/saratogahistory.com/httpdocs/phpBB/.htaccess pcfg_openfile: unable to check htaccess file, ensure it is readable and that '/var/www/vhosts/saratogahistory.com/httpdocs/phpBB/' is executable, referer: http://www.saratogahistory.com/phpBB/index.php
[Thu Oct 08 11:20:26.087098 2020] [core:crit] [pid 16376:tid 139803676849920] (13)Permission denied: [client 178.175.142.134:32938] AH00529: /var/www/vhosts/saratogahistory.com/httpdocs/phpBB/.htaccess pcfg_openfile: unable to check htaccess file, ensure it is readable and that '/var/www/vhosts/saratogahistory.com/httpdocs/phpBB/' is executable, referer: https://allfan.ru/
[Thu Oct 08 11:20:26.120610 2020] [core:crit] [pid 16376:tid 139803645380352] (13)Permission denied: [client 178.175.142.134:32940] AH00529: /var/www/vhosts/saratogahistory.com/httpdocs/phpBB/.htaccess pcfg_openfile: unable to check htaccess file, ensure it is readable and that '/var/www/vhosts/saratogahistory.com/httpdocs/phpBB/' is executable, referer: https://casinox-jp.com/
[Thu Oct 08 11:20:26.160186 2020] [core:crit] [pid 16376:tid 139803655870208] (13)Permission denied: [client 178.175.142.134:32944] AH00529: /var/www/vhosts/saratogahistory.com/httpdocs/phpBB/.htaccess pcfg_openfile: unable to check htaccess file, ensure it is readable and that '/var/www/vhosts/saratogahistory.com/httpdocs/phpBB/' is executable, referer: https://top-kasyna.com/
[Thu Oct 08 11:43:23.009765 2020] [core:crit] [pid 16376:tid 139803687339776] (13)Permission denied: [client 199.195.252.47:60110] AH00529: /var/www/vhosts/saratogahistory.com/httpdocs/phpBB/.htaccess pcfg_openfile: unable to check htaccess file, ensure it is readable and that '/var/www/vhosts/saratogahistory.com/httpdocs/phpBB/' is executable, referer: http://www.saratogahistory.com/phpBB/index.php
[Thu Oct 08 12:43:50.512232 2020] [proxy_fcgi:error] [pid 3951:tid 139803645380352] [client 35.176.13.23:49384] AH01071: Got error 'Primary script unknown\n'
[Thu Oct 08 13:09:26.430198 2020] [core:crit] [pid 16376:tid 139803802728192] (13)Permission denied: [client 66.249.69.156:54366] AH00529: /var/www/vhosts/saratogahistory.com/httpdocs/phpBB/.htaccess pcfg_openfile: unable to check htaccess file, ensure it is readable and that '/var/www/vhosts/saratogahistory.com/httpdocs/phpBB/' is executable
[Thu Oct 08 13:16:00.663866 2020] [core:crit] [pid 16376:tid 139803666360064] (13)Permission denied: [client 185.25.35.15:34652] AH00529: /var/www/vhosts/saratogahistory.com/httpdocs/phpBB/.htaccess pcfg_openfile: unable to check htaccess file, ensure it is readable and that '/var/www/vhosts/saratogahistory.com/httpdocs/phpBB/' is executable
[Thu Oct 08 13:25:01.251638 2020] [core:crit] [pid 16376:tid 139803920152320] (13)Permission denied: [client 92.38.136.69:45992] AH00529: /var/www/vhosts/saratogahistory.com/httpdocs/phpBB/.htaccess pcfg_openfile: unable to check htaccess file, ensure it is readable and that '/var/www/vhosts/saratogahistory.com/httpdocs/phpBB/' is executable, referer: http://www.saratogahistory.com/phpBB/index.php
[Thu Oct 08 13:39:20.085288 2020] [core:crit] [pid 3951:tid 139803802728192] (13)Permission denied: [client 51.91.102.78:37866] AH00529: /var/www/vhosts/saratogahistory.com/httpdocs/phpBB/.htaccess pcfg_openfile: unable to check htaccess file, ensure it is readable and that '/var/www/vhosts/saratogahistory.com/httpdocs/phpBB/' is executable, referer: http://www.saratogahistory.com/phpBB/index.php
[Thu Oct 08 14:10:53.706599 2020] [core:crit] [pid 16376:tid 139803781748480] (13)Permission denied: [client 46.8.143.157:56940] AH00529: /var/www/vhosts/saratogahistory.com/httpdocs/phpBB/.htaccess pcfg_openfile: unable to check htaccess file, ensure it is readable and that '/var/www/vhosts/saratogahistory.com/httpdocs/phpBB/' is executable, referer: http://www.saratogahistory.com/phpBB/index.php
[Thu Oct 08 14:20:13.205765 2020] [core:crit] [pid 16376:tid 139803613910784] (13)Permission denied: [client 178.159.37.139:42544] AH00529: /var/www/vhosts/saratogahistory.com/httpdocs/phpBB/.htaccess pcfg_openfile: unable to check htaccess file, ensure it is readable and that '/var/www/vhosts/saratogahistory.com/httpdocs/phpBB/' is executable, referer: http://www.saratogahistory.com/phpBB/index.php
[Thu Oct 08 14:20:14.198129 2020] [proxy_fcgi:error] [pid 3952:tid 139803750278912] [client 178.159.37.139:42592] AH01071: Got error 'Primary script unknown\n', referer: http://www.saratogahistory.com/index.php
[Thu Oct 08 14:20:14.478541 2020] [proxy_fcgi:error] [pid 3952:tid 139803729299200] [client 178.159.37.139:42616] AH01071: Got error 'Primary script unknown\n', referer: http://www.saratogahistory.com/index.php
[Thu Oct 08 14:20:14.755621 2020] [proxy_fcgi:error] [pid 16376:tid 139803899172608] [client 178.159.37.139:42634] AH01071: Got error 'Primary script unknown\n', referer: http://www.saratogahistory.com/index.php
[Thu Oct 08 14:22:52.197709 2020] [core:crit] [pid 16376:tid 139803909662464] (13)Permission denied: [client 185.220.100.246:45934] AH00529: /var/www/vhosts/saratogahistory.com/httpdocs/phpBB/.htaccess pcfg_openfile: unable to check htaccess file, ensure it is readable and that '/var/www/vhosts/saratogahistory.com/httpdocs/phpBB/' is executable, referer: http://www.saratogahistory.com/phpBB/index.php
[Thu Oct 08 14:23:01.306650 2020] [core:crit] [pid 16376:tid 139803760768768] (13)Permission denied: [client 185.25.35.9:46068] AH00529: /var/www/vhosts/saratogahistory.com/httpdocs/phpBB/.htaccess pcfg_openfile: unable to check htaccess file, ensure it is readable and that '/var/www/vhosts/saratogahistory.com/httpdocs/phpBB/' is executable
[Thu Oct 08 15:11:15.032443 2020] [core:crit] [pid 16376:tid 139803760768768] (13)Permission denied: [client 185.25.35.8:55482] AH00529: /var/www/vhosts/saratogahistory.com/httpdocs/phpBB/.htaccess pcfg_openfile: unable to check htaccess file, ensure it is readable and that '/var/www/vhosts/saratogahistory.com/httpdocs/phpBB/' is executable
[Thu Oct 08 15:25:52.691684 2020] [core:crit] [pid 16376:tid 139803920152320] (13)Permission denied: [client 185.25.35.10:47810] AH00529: /var/www/vhosts/saratogahistory.com/httpdocs/phpBB/.htaccess pcfg_openfile: unable to check htaccess file, ensure it is readable and that '/var/www/vhosts/saratogahistory.com/httpdocs/phpBB/' is executable
[Thu Oct 08 15:37:55.833036 2020] [core:crit] [pid 3952:tid 139803645380352] (13)Permission denied: [client 85.248.227.165:35440] AH00529: /var/www/vhosts/saratogahistory.com/httpdocs/phpBB/.htaccess pcfg_openfile: unable to check htaccess file, ensure it is readable and that '/var/www/vhosts/saratogahistory.com/httpdocs/phpBB/' is executable, referer: http://www.saratogahistory.com/phpBB/index.php
[Thu Oct 08 15:59:14.818673 2020] [core:crit] [pid 16376:tid 139803792238336] (13)Permission denied: [client 176.31.124.223:37300] AH00529: /var/www/vhosts/saratogahistory.com/httpdocs/phpBB/.htaccess pcfg_openfile: unable to check htaccess file, ensure it is readable and that '/var/www/vhosts/saratogahistory.com/httpdocs/phpBB/' is executable
[Thu Oct 08 15:59:15.027375 2020] [core:crit] [pid 16376:tid 139803624400640] (13)Permission denied: [client 176.31.124.223:37312] AH00529: /var/www/vhosts/saratogahistory.com/httpdocs/phpBB/.htaccess pcfg_openfile: unable to check htaccess file, ensure it is readable and that '/var/www/vhosts/saratogahistory.com/httpdocs/phpBB/' is executable
[Thu Oct 08 16:28:19.970523 2020] [core:crit] [pid 16376:tid 139803613910784] (13)Permission denied: [client 185.220.100.253:34328] AH00529: /var/www/vhosts/saratogahistory.com/httpdocs/phpBB/.htaccess pcfg_openfile: unable to check htaccess file, ensure it is readable and that '/var/www/vhosts/saratogahistory.com/httpdocs/phpBB/' is executable, referer: http://www.saratogahistory.com/phpBB/index.php
[Thu Oct 08 16:53:29.923802 2020] [proxy_fcgi:error] [pid 16376:tid 139803729299200] [client 110.229.216.252:45692] AH01071: Got error 'Primary script unknown\n'
[Thu Oct 08 16:53:29.964491 2020] [proxy_fcgi:error] [pid 3951:tid 139803729299200] [client 110.229.216.252:45696] AH01071: Got error 'Primary script unknown\n'
[Thu Oct 08 17:43:47.991309 2020] [core:crit] [pid 3952:tid 139803634890496] (13)Permission denied: [client 45.151.167.10:38128] AH00529: /var/www/vhosts/saratogahistory.com/httpdocs/phpBB/.htaccess pcfg_openfile: unable to check htaccess file, ensure it is readable and that '/var/www/vhosts/saratogahistory.com/httpdocs/phpBB/' is executable, referer: http://www.saratogahistory.com/phpBB/index.php
[Thu Oct 08 17:58:33.937946 2020] [core:crit] [pid 3951:tid 139803739789056] (13)Permission denied: [client 176.67.86.155:60862] AH00529: /var/www/vhosts/saratogahistory.com/httpdocs/phpBB/.htaccess pcfg_openfile: unable to check htaccess file, ensure it is readable and that '/var/www/vhosts/saratogahistory.com/httpdocs/phpBB/' is executable, referer: https://vulkan-nadengi.ru/
[Thu Oct 08 18:53:51.187841 2020] [core:crit] [pid 16376:tid 139803645380352] (13)Permission denied: [client 207.46.13.224:55874] AH00529: /var/www/vhosts/saratogahistory.com/httpdocs/phpBB/.htaccess pcfg_openfile: unable to check htaccess file, ensure it is readable and that '/var/www/vhosts/saratogahistory.com/httpdocs/phpBB/' is executable
[Thu Oct 08 19:38:25.845069 2020] [core:crit] [pid 16376:tid 139803592931072] (13)Permission denied: [client 104.149.141.66:60168] AH00529: /var/www/vhosts/saratogahistory.com/httpdocs/phpBB/.htaccess pcfg_openfile: unable to check htaccess file, ensure it is readable and that '/var/www/vhosts/saratogahistory.com/httpdocs/phpBB/' is executable, referer: http://www.saratogahistory.com/phpBB/index.php
[Thu Oct 08 20:14:02.929097 2020] [core:crit] [pid 16376:tid 139803792238336] (13)Permission denied: [client 199.195.252.47:50172] AH00529: /var/www/vhosts/saratogahistory.com/httpdocs/phpBB/.htaccess pcfg_openfile: unable to check htaccess file, ensure it is readable and that '/var/www/vhosts/saratogahistory.com/httpdocs/phpBB/' is executable, referer: http://www.saratogahistory.com/phpBB/index.php
[Thu Oct 08 20:33:21.327073 2020] [core:crit] [pid 3951:tid 139803687339776] (13)Permission denied: [client 185.25.35.8:46162] AH00529: /var/www/vhosts/saratogahistory.com/httpdocs/phpBB/.htaccess pcfg_openfile: unable to check htaccess file, ensure it is readable and that '/var/www/vhosts/saratogahistory.com/httpdocs/phpBB/' is executable
[Thu Oct 08 21:13:53.719126 2020] [core:crit] [pid 16376:tid 139803624400640] (13)Permission denied: [client 95.213.193.235:37964] AH00529: /var/www/vhosts/saratogahistory.com/httpdocs/phpBB/.htaccess pcfg_openfile: unable to check htaccess file, ensure it is readable and that '/var/www/vhosts/saratogahistory.com/httpdocs/phpBB/' is executable, referer: http://www.saratogahistory.com/phpBB/index.php
[Thu Oct 08 21:32:32.114277 2020] [core:crit] [pid 3951:tid 139803676849920] (13)Permission denied: [client 176.67.86.155:60800] AH00529: /var/www/vhosts/saratogahistory.com/httpdocs/phpBB/.htaccess pcfg_openfile: unable to check htaccess file, ensure it is readable and that '/var/www/vhosts/saratogahistory.com/httpdocs/phpBB/' is executable, referer: https://shanscasino1.ru/
[Thu Oct 08 21:36:31.598604 2020] [core:crit] [pid 3951:tid 139803603420928] (13)Permission denied: [client 185.25.35.8:36766] AH00529: /var/www/vhosts/saratogahistory.com/httpdocs/phpBB/.htaccess pcfg_openfile: unable to check htaccess file, ensure it is readable and that '/var/www/vhosts/saratogahistory.com/httpdocs/phpBB/' is executable
[Thu Oct 08 21:38:46.884453 2020] [core:crit] [pid 3951:tid 139803920152320] (13)Permission denied: [client 176.10.99.200:39140] AH00529: /var/www/vhosts/saratogahistory.com/httpdocs/phpBB/.htaccess pcfg_openfile: unable to check htaccess file, ensure it is readable and that '/var/www/vhosts/saratogahistory.com/httpdocs/phpBB/' is executable, referer: http://www.saratogahistory.com/phpBB/index.php
[Thu Oct 08 22:15:48.793169 2020] [core:crit] [pid 3952:tid 139803655870208] (13)Permission denied: [client 81.92.200.93:33762] AH00529: /var/www/vhosts/saratogahistory.com/httpdocs/phpBB/.htaccess pcfg_openfile: unable to check htaccess file, ensure it is readable and that '/var/www/vhosts/saratogahistory.com/httpdocs/phpBB/' is executable, referer: http://www.saratogahistory.com/phpBB/index.php
[Thu Oct 08 22:25:17.297403 2020] [core:crit] [pid 3951:tid 139803888682752] (13)Permission denied: [client 185.25.35.12:46008] AH00529: /var/www/vhosts/saratogahistory.com/httpdocs/phpBB/.htaccess pcfg_openfile: unable to check htaccess file, ensure it is readable and that '/var/www/vhosts/saratogahistory.com/httpdocs/phpBB/' is executable
[Thu Oct 08 22:38:40.779296 2020] [core:crit] [pid 16376:tid 139803634890496] (13)Permission denied: [client 185.25.35.9:60250] AH00529: /var/www/vhosts/saratogahistory.com/httpdocs/phpBB/.htaccess pcfg_openfile: unable to check htaccess file, ensure it is readable and that '/var/www/vhosts/saratogahistory.com/httpdocs/phpBB/' is executable
[Thu Oct 08 22:55:28.537269 2020] [core:crit] [pid 3951:tid 139803666360064] (13)Permission denied: [client 176.67.86.155:52344] AH00529: /var/www/vhosts/saratogahistory.com/httpdocs/phpBB/.htaccess pcfg_openfile: unable to check htaccess file, ensure it is readable and that '/var/www/vhosts/saratogahistory.com/httpdocs/phpBB/' is executable, referer: https://casino-x-now.ru/
[Thu Oct 08 23:39:34.515801 2020] [core:crit] [pid 16376:tid 139803760768768] (13)Permission denied: [client 23.129.64.190:46622] AH00529: /var/www/vhosts/saratogahistory.com/httpdocs/phpBB/.htaccess pcfg_openfile: unable to check htaccess file, ensure it is readable and that '/var/www/vhosts/saratogahistory.com/httpdocs/phpBB/' is executable, referer: http://www.saratogahistory.com/phpBB/index.php
[Thu Oct 08 23:44:16.828173 2020] [core:crit] [pid 16376:tid 139803729299200] (13)Permission denied: [client 92.246.84.133:51368] AH00529: /var/www/vhosts/saratogahistory.com/httpdocs/phpBB/.htaccess pcfg_openfile: unable to check htaccess file, ensure it is readable and that '/var/www/vhosts/saratogahistory.com/httpdocs/phpBB/' is executable, referer: http://www.saratogahistory.com/phpBB/index.php
[Fri Oct 09 00:52:18.766631 2020] [core:crit] [pid 3951:tid 139803687339776] (13)Permission denied: [client 207.46.13.224:47924] AH00529: /var/www/vhosts/saratogahistory.com/httpdocs/phpBB/.htaccess pcfg_openfile: unable to check htaccess file, ensure it is readable and that '/var/www/vhosts/saratogahistory.com/httpdocs/phpBB/' is executable
[Fri Oct 09 01:33:55.543165 2020] [core:crit] [pid 3951:tid 139803781748480] (13)Permission denied: [client 207.46.13.224:41600] AH00529: /var/www/vhosts/saratogahistory.com/httpdocs/phpBB/.htaccess pcfg_openfile: unable to check htaccess file, ensure it is readable and that '/var/www/vhosts/saratogahistory.com/httpdocs/phpBB/' is executable
[Fri Oct 09 01:39:47.289045 2020] [core:crit] [pid 16376:tid 139803592931072] (13)Permission denied: [client 185.220.101.200:48674] AH00529: /var/www/vhosts/saratogahistory.com/httpdocs/phpBB/.htaccess pcfg_openfile: unable to check htaccess file, ensure it is readable and that '/var/www/vhosts/saratogahistory.com/httpdocs/phpBB/' is executable, referer: http://www.saratogahistory.com/phpBB/index.php
[Fri Oct 09 01:39:50.402830 2020] [core:crit] [pid 3951:tid 139803655870208] (13)Permission denied: [client 81.83.24.129:48726] AH00529: /var/www/vhosts/saratogahistory.com/httpdocs/phpBB/.htaccess pcfg_openfile: unable to check htaccess file, ensure it is readable and that '/var/www/vhosts/saratogahistory.com/httpdocs/phpBB/' is executable
[Fri Oct 09 01:39:50.682748 2020] [core:crit] [pid 16376:tid 139803739789056] (13)Permission denied: [client 81.83.24.129:48730] AH00529: /var/www/vhosts/saratogahistory.com/httpdocs/phpBB/.htaccess pcfg_openfile: unable to check htaccess file, ensure it is readable and that '/var/www/vhosts/saratogahistory.com/httpdocs/phpBB/' is executable
[Fri Oct 09 02:12:42.577336 2020] [core:crit] [pid 16376:tid 139803781748480] (13)Permission denied: [client 178.175.142.134:40534] AH00529: /var/www/vhosts/saratogahistory.com/httpdocs/phpBB/.htaccess pcfg_openfile: unable to check htaccess file, ensure it is readable and that '/var/www/vhosts/saratogahistory.com/httpdocs/phpBB/' is executable, referer: https://xn----7sbaa0ahcw6asxi4k7a.xn--p1ai/
[Fri Oct 09 02:12:42.577360 2020] [core:crit] [pid 16376:tid 139803697829632] (13)Permission denied: [client 178.175.142.134:40536] AH00529: /var/www/vhosts/saratogahistory.com/httpdocs/phpBB/.htaccess pcfg_openfile: unable to check htaccess file, ensure it is readable and that '/var/www/vhosts/saratogahistory.com/httpdocs/phpBB/' is executable, referer: https://assets.falco3d.com/
[Fri Oct 09 02:12:48.401241 2020] [core:crit] [pid 16376:tid 139803792238336] (13)Permission denied: [client 178.175.142.134:40656] AH00529: /var/www/vhosts/saratogahistory.com/httpdocs/phpBB/.htaccess pcfg_openfile: unable to check htaccess file, ensure it is readable and that '/var/www/vhosts/saratogahistory.com/httpdocs/phpBB/' is executable, referer: https://falcoware.com/rus/match3_games.php
[Fri Oct 09 03:11:54.169243 2020] [core:crit] [pid 16376:tid 139803760768768] (13)Permission denied: [client 185.25.35.11:55684] AH00529: /var/www/vhosts/saratogahistory.com/httpdocs/phpBB/.htaccess pcfg_openfile: unable to check htaccess file, ensure it is readable and that '/var/www/vhosts/saratogahistory.com/httpdocs/phpBB/' is executable
[Fri Oct 09 03:44:03.378722 2020] [core:crit] [pid 16376:tid 139803687339776] (13)Permission denied: [client 23.160.208.247:42510] AH00529: /var/www/vhosts/saratogahistory.com/httpdocs/phpBB/.htaccess pcfg_openfile: unable to check htaccess file, ensure it is readable and that '/var/www/vhosts/saratogahistory.com/httpdocs/phpBB/' is executable, referer: http://www.saratogahistory.com/phpBB/index.php
[Fri Oct 09 03:51:51.834690 2020] [core:crit] [pid 16376:tid 139803676849920] (13)Permission denied: [client 5.183.92.91:52602] AH00529: /var/www/vhosts/saratogahistory.com/httpdocs/phpBB/.htaccess pcfg_openfile: unable to check htaccess file, ensure it is readable and that '/var/www/vhosts/saratogahistory.com/httpdocs/phpBB/' is executable, referer: https://live-xbet.com/
[Fri Oct 09 03:52:23.489256 2020] [core:crit] [pid 16376:tid 139803645380352] (13)Permission denied: [client 46.33.43.151:53212] AH00529: /var/www/vhosts/saratogahistory.com/httpdocs/phpBB/.htaccess pcfg_openfile: unable to check htaccess file, ensure it is readable and that '/var/www/vhosts/saratogahistory.com/httpdocs/phpBB/' is executable, referer: http://www.saratogahistory.com/phpBB/
[Fri Oct 09 04:07:08.277773 2020] [core:crit] [pid 3951:tid 139803655870208] (13)Permission denied: [client 185.25.35.14:42642] AH00529: /var/www/vhosts/saratogahistory.com/httpdocs/phpBB/.htaccess pcfg_openfile: unable to check htaccess file, ensure it is readable and that '/var/www/vhosts/saratogahistory.com/httpdocs/phpBB/' is executable
[Fri Oct 09 04:54:25.489452 2020] [core:crit] [pid 16376:tid 139803802728192] (13)Permission denied: [client 199.21.113.254:49736] AH00529: /var/www/vhosts/saratogahistory.com/httpdocs/phpBB/.htaccess pcfg_openfile: unable to check htaccess file, ensure it is readable and that '/var/www/vhosts/saratogahistory.com/httpdocs/phpBB/' is executable, referer: http://www.saratogahistory.com/
[Fri Oct 09 04:54:25.651925 2020] [core:crit] [pid 16376:tid 139803634890496] (13)Permission denied: [client 104.144.112.184:49742] AH00529: /var/www/vhosts/saratogahistory.com/httpdocs/phpBB/.htaccess pcfg_openfile: unable to check htaccess file, ensure it is readable and that '/var/www/vhosts/saratogahistory.com/httpdocs/phpBB/' is executable, referer: http://www.saratogahistory.com/
[Fri Oct 09 04:54:25.843444 2020] [core:crit] [pid 16376:tid 139803909662464] (13)Permission denied: [client 192.157.56.101:49756] AH00529: /var/www/vhosts/saratogahistory.com/httpdocs/phpBB/.htaccess pcfg_openfile: unable to check htaccess file, ensure it is readable and that '/var/www/vhosts/saratogahistory.com/httpdocs/phpBB/' is executable, referer: http://www.saratogahistory.com/
[Fri Oct 09 04:54:26.012560 2020] [core:crit] [pid 16376:tid 139803899172608] (13)Permission denied: [client 198.12.123.132:49768] AH00529: /var/www/vhosts/saratogahistory.com/httpdocs/phpBB/.htaccess pcfg_openfile: unable to check htaccess file, ensure it is readable and that '/var/www/vhosts/saratogahistory.com/httpdocs/phpBB/' is executable, referer: http://www.saratogahistory.com/
[Fri Oct 09 04:54:33.564724 2020] [core:crit] [pid 16376:tid 139803750278912] (13)Permission denied: [client 185.25.35.9:49934] AH00529: /var/www/vhosts/saratogahistory.com/httpdocs/phpBB/.htaccess pcfg_openfile: unable to check htaccess file, ensure it is readable and that '/var/www/vhosts/saratogahistory.com/httpdocs/phpBB/' is executable
[Fri Oct 09 05:04:02.485428 2020] [core:crit] [pid 16376:tid 139803708319488] (13)Permission denied: [client 176.10.99.200:60778] AH00529: /var/www/vhosts/saratogahistory.com/httpdocs/phpBB/.htaccess pcfg_openfile: unable to check htaccess file, ensure it is readable and that '/var/www/vhosts/saratogahistory.com/httpdocs/phpBB/' is executable, referer: http://www.saratogahistory.com/phpBB/index.php
[Fri Oct 09 05:08:16.242350 2020] [core:crit] [pid 16376:tid 139803792238336] (13)Permission denied: [client 185.25.35.8:37816] AH00529: /var/www/vhosts/saratogahistory.com/httpdocs/phpBB/.htaccess pcfg_openfile: unable to check htaccess file, ensure it is readable and that '/var/www/vhosts/saratogahistory.com/httpdocs/phpBB/' is executable
[Fri Oct 09 05:21:57.977619 2020] [core:crit] [pid 16376:tid 139803603420928] (13)Permission denied: [client 77.83.175.161:52898] AH00529: /var/www/vhosts/saratogahistory.com/httpdocs/phpBB/.htaccess pcfg_openfile: unable to check htaccess file, ensure it is readable and that '/var/www/vhosts/saratogahistory.com/httpdocs/phpBB/' is executable, referer: http://www.saratogahistory.com/phpBB/index.php
[Fri Oct 09 05:38:11.018891 2020] [core:crit] [pid 16376:tid 139803909662464] (13)Permission denied: [client 209.141.46.38:42804] AH00529: /var/www/vhosts/saratogahistory.com/httpdocs/phpBB/.htaccess pcfg_openfile: unable to check htaccess file, ensure it is readable and that '/var/www/vhosts/saratogahistory.com/httpdocs/phpBB/' is executable, referer: http://www.saratogahistory.com/phpBB/index.php
[Fri Oct 09 07:12:23.571119 2020] [core:crit] [pid 16376:tid 139803718809344] (13)Permission denied: [client 37.212.51.14:49372] AH00529: /var/www/vhosts/saratogahistory.com/httpdocs/phpBB/.htaccess pcfg_openfile: unable to check htaccess file, ensure it is readable and that '/var/www/vhosts/saratogahistory.com/httpdocs/phpBB/' is executable, referer: http://www.saratogahistory.com/phpBB/
[Fri Oct 09 07:42:12.378879 2020] [core:crit] [pid 16376:tid 139803760768768] (13)Permission denied: [client 46.19.141.85:59790] AH00529: /var/www/vhosts/saratogahistory.com/httpdocs/phpBB/.htaccess pcfg_openfile: unable to check htaccess file, ensure it is readable and that '/var/www/vhosts/saratogahistory.com/httpdocs/phpBB/' is executable, referer: http://www.saratogahistory.com/phpBB/index.php
[Fri Oct 09 08:37:21.842115 2020] [core:crit] [pid 16376:tid 139803718809344] (13)Permission denied: [client 51.83.131.234:47268] AH00529: /var/www/vhosts/saratogahistory.com/httpdocs/phpBB/.htaccess pcfg_openfile: unable to check htaccess file, ensure it is readable and that '/var/www/vhosts/saratogahistory.com/httpdocs/phpBB/' is executable, referer: http://www.saratogahistory.com/phpBB/index.php
[Fri Oct 09 09:37:27.286778 2020] [core:crit] [pid 3952:tid 139803666360064] (13)Permission denied: [client 185.220.100.247:39266] AH00529: /var/www/vhosts/saratogahistory.com/httpdocs/phpBB/.htaccess pcfg_openfile: unable to check htaccess file, ensure it is readable and that '/var/www/vhosts/saratogahistory.com/httpdocs/phpBB/' is executable, referer: http://www.saratogahistory.com/phpBB/index.php
[Fri Oct 09 10:04:58.918791 2020] [core:crit] [pid 16376:tid 139803771258624] (13)Permission denied: [client 185.25.35.14:43282] AH00529: /var/www/vhosts/saratogahistory.com/httpdocs/phpBB/.htaccess pcfg_openfile: unable to check htaccess file, ensure it is readable and that '/var/www/vhosts/saratogahistory.com/httpdocs/phpBB/' is executable
[Fri Oct 09 10:33:53.872826 2020] [core:crit] [pid 3952:tid 139803899172608] (13)Permission denied: [client 103.212.69.235:53060] AH00529: /var/www/vhosts/saratogahistory.com/httpdocs/phpBB/.htaccess pcfg_openfile: unable to check htaccess file, ensure it is readable and that '/var/www/vhosts/saratogahistory.com/httpdocs/phpBB/' is executable, referer: http://www.saratogahistory.com/phpBB/index.php
[Fri Oct 09 10:58:42.691629 2020] [core:crit] [pid 16376:tid 139803888682752] (13)Permission denied: [client 185.25.35.14:54312] AH00529: /var/www/vhosts/saratogahistory.com/httpdocs/phpBB/.htaccess pcfg_openfile: unable to check htaccess file, ensure it is readable and that '/var/www/vhosts/saratogahistory.com/httpdocs/phpBB/' is executable
[Fri Oct 09 11:36:40.553802 2020] [core:crit] [pid 3951:tid 139803909662464] (13)Permission denied: [client 51.81.254.1:43060] AH00529: /var/www/vhosts/saratogahistory.com/httpdocs/phpBB/.htaccess pcfg_openfile: unable to check htaccess file, ensure it is readable and that '/var/www/vhosts/saratogahistory.com/httpdocs/phpBB/' is executable, referer: http://www.saratogahistory.com/phpBB/index.php
[Fri Oct 09 11:38:34.225202 2020] [core:crit] [pid 3951:tid 139803792238336] (13)Permission denied: [client 178.159.37.58:45186] AH00529: /var/www/vhosts/saratogahistory.com/httpdocs/phpBB/.htaccess pcfg_openfile: unable to check htaccess file, ensure it is readable and that '/var/www/vhosts/saratogahistory.com/httpdocs/phpBB/' is executable, referer: http://www.saratogahistory.com/phpBB/index.php
[Fri Oct 09 11:41:07.745290 2020] [core:crit] [pid 3951:tid 139803750278912] (13)Permission denied: [client 5.183.92.91:48286] AH00529: /var/www/vhosts/saratogahistory.com/httpdocs/phpBB/.htaccess pcfg_openfile: unable to check htaccess file, ensure it is readable and that '/var/www/vhosts/saratogahistory.com/httpdocs/phpBB/' is executable, referer: https://bet2much.ru/
[Fri Oct 09 11:42:05.100874 2020] [core:crit] [pid 16376:tid 139803760768768] (13)Permission denied: [client 206.41.168.139:49356] AH00529: /var/www/vhosts/saratogahistory.com/httpdocs/phpBB/.htaccess pcfg_openfile: unable to check htaccess file, ensure it is readable and that '/var/www/vhosts/saratogahistory.com/httpdocs/phpBB/' is executable, referer: http://www.saratogahistory.com/
[Fri Oct 09 11:42:05.418741 2020] [core:crit] [pid 3951:tid 139803708319488] (13)Permission denied: [client 107.174.251.196:49362] AH00529: /var/www/vhosts/saratogahistory.com/httpdocs/phpBB/.htaccess pcfg_openfile: unable to check htaccess file, ensure it is readable and that '/var/www/vhosts/saratogahistory.com/httpdocs/phpBB/' is executable, referer: http://www.saratogahistory.com/
[Fri Oct 09 11:42:05.665060 2020] [core:crit] [pid 16376:tid 139803750278912] (13)Permission denied: [client 206.41.168.139:49364] AH00529: /var/www/vhosts/saratogahistory.com/httpdocs/phpBB/.htaccess pcfg_openfile: unable to check htaccess file, ensure it is readable and that '/var/www/vhosts/saratogahistory.com/httpdocs/phpBB/' is executable, referer: http://www.saratogahistory.com/
[Fri Oct 09 11:42:05.902239 2020] [core:crit] [pid 16376:tid 139803718809344] (13)Permission denied: [client 206.41.168.235:49370] AH00529: /var/www/vhosts/saratogahistory.com/httpdocs/phpBB/.htaccess pcfg_openfile: unable to check htaccess file, ensure it is readable and that '/var/www/vhosts/saratogahistory.com/httpdocs/phpBB/' is executable, referer: http://www.saratogahistory.com/
[Fri Oct 09 11:48:02.049128 2020] [core:crit] [pid 16376:tid 139803729299200] (13)Permission denied: [client 185.25.35.13:56490] AH00529: /var/www/vhosts/saratogahistory.com/httpdocs/phpBB/.htaccess pcfg_openfile: unable to check htaccess file, ensure it is readable and that '/var/www/vhosts/saratogahistory.com/httpdocs/phpBB/' is executable
[Fri Oct 09 12:01:07.830733 2020] [core:crit] [pid 3951:tid 139803676849920] (13)Permission denied: [client 185.25.35.9:44536] AH00529: /var/www/vhosts/saratogahistory.com/httpdocs/phpBB/.htaccess pcfg_openfile: unable to check htaccess file, ensure it is readable and that '/var/www/vhosts/saratogahistory.com/httpdocs/phpBB/' is executable
[Fri Oct 09 12:05:35.929842 2020] [core:crit] [pid 16376:tid 139803655870208] (13)Permission denied: [client 185.191.126.241:50358] AH00529: /var/www/vhosts/saratogahistory.com/httpdocs/phpBB/.htaccess pcfg_openfile: unable to check htaccess file, ensure it is readable and that '/var/www/vhosts/saratogahistory.com/httpdocs/phpBB/' is executable, referer: http://www.saratogahistory.com/phpBB/index.php
[Fri Oct 09 13:04:24.888403 2020] [core:crit] [pid 16376:tid 139803899172608] (13)Permission denied: [client 46.246.65.141:45024] AH00529: /var/www/vhosts/saratogahistory.com/httpdocs/phpBB/.htaccess pcfg_openfile: unable to check htaccess file, ensure it is readable and that '/var/www/vhosts/saratogahistory.com/httpdocs/phpBB/' is executable, referer: http://www.saratogahistory.com/phpBB/index.php
[Fri Oct 09 13:30:27.323944 2020] [core:crit] [pid 16376:tid 139803792238336] (13)Permission denied: [client 5.183.92.91:51798] AH00529: /var/www/vhosts/saratogahistory.com/httpdocs/phpBB/.htaccess pcfg_openfile: unable to check htaccess file, ensure it is readable and that '/var/www/vhosts/saratogahistory.com/httpdocs/phpBB/' is executable, referer: https://bahisgunceladresi.com/
[Fri Oct 09 13:44:57.186504 2020] [core:crit] [pid 16376:tid 139803645380352] (13)Permission denied: [client 51.195.91.144:41144] AH00529: /var/www/vhosts/saratogahistory.com/httpdocs/phpBB/.htaccess pcfg_openfile: unable to check htaccess file, ensure it is readable and that '/var/www/vhosts/saratogahistory.com/httpdocs/phpBB/' is executable, referer: http://www.saratogahistory.com/phpBB/index.php
[Fri Oct 09 14:01:01.793949 2020] [core:crit] [pid 3951:tid 139803666360064] (13)Permission denied: [client 207.46.13.224:33790] AH00529: /var/www/vhosts/saratogahistory.com/httpdocs/phpBB/.htaccess pcfg_openfile: unable to check htaccess file, ensure it is readable and that '/var/www/vhosts/saratogahistory.com/httpdocs/phpBB/' is executable
[Fri Oct 09 15:16:54.236212 2020] [core:crit] [pid 16376:tid 139803634890496] (13)Permission denied: [client 37.79.21.106:42614] AH00529: /var/www/vhosts/saratogahistory.com/httpdocs/phpBB/.htaccess pcfg_openfile: unable to check htaccess file, ensure it is readable and that '/var/www/vhosts/saratogahistory.com/httpdocs/phpBB/' is executable
[Fri Oct 09 15:28:58.169199 2020] [core:crit] [pid 3950:tid 139803760768768] (13)Permission denied: [client 185.220.100.254:59042] AH00529: /var/www/vhosts/saratogahistory.com/httpdocs/phpBB/.htaccess pcfg_openfile: unable to check htaccess file, ensure it is readable and that '/var/www/vhosts/saratogahistory.com/httpdocs/phpBB/' is executable, referer: http://www.saratogahistory.com/phpBB/index.php
[Fri Oct 09 15:35:33.202900 2020] [core:crit] [pid 3951:tid 139803634890496] (13)Permission denied: [client 5.188.210.18:40224] AH00529: /var/www/vhosts/saratogahistory.com/httpdocs/phpBB/.htaccess pcfg_openfile: unable to check htaccess file, ensure it is readable and that '/var/www/vhosts/saratogahistory.com/httpdocs/phpBB/' is executable, referer: http://www.saratogahistory.com/phpBB/index.php
[Fri Oct 09 15:41:06.497235 2020] [core:crit] [pid 3951:tid 139803920152320] (13)Permission denied: [client 199.249.230.105:47550] AH00529: /var/www/vhosts/saratogahistory.com/httpdocs/phpBB/.htaccess pcfg_openfile: unable to check htaccess file, ensure it is readable and that '/var/www/vhosts/saratogahistory.com/httpdocs/phpBB/' is executable, referer: http://www.saratogahistory.com/phpBB/index.php
[Fri Oct 09 15:48:10.511244 2020] [core:crit] [pid 16376:tid 139803697829632] (13)Permission denied: [client 188.165.232.202:57604] AH00529: /var/www/vhosts/saratogahistory.com/httpdocs/phpBB/.htaccess pcfg_openfile: unable to check htaccess file, ensure it is readable and that '/var/www/vhosts/saratogahistory.com/httpdocs/phpBB/' is executable, referer: http://www.saratogahistory.com/phpBB/index.php
[Fri Oct 09 15:48:13.380653 2020] [proxy_fcgi:error] [pid 3950:tid 139803781748480] [client 188.165.232.202:57676] AH01071: Got error 'Primary script unknown\n', referer: http://www.saratogahistory.com/index.php
[Fri Oct 09 15:48:14.025206 2020] [proxy_fcgi:error] [pid 16376:tid 139803655870208] [client 188.165.232.202:57696] AH01071: Got error 'Primary script unknown\n', referer: http://www.saratogahistory.com/index.php
[Fri Oct 09 15:48:14.714997 2020] [proxy_fcgi:error] [pid 16376:tid 139803645380352] [client 188.165.232.202:57710] AH01071: Got error 'Primary script unknown\n', referer: http://www.saratogahistory.com/index.php
[Fri Oct 09 16:51:12.401127 2020] [core:crit] [pid 16376:tid 139803697829632] (13)Permission denied: [client 5.188.210.18:42748] AH00529: /var/www/vhosts/saratogahistory.com/httpdocs/phpBB/.htaccess pcfg_openfile: unable to check htaccess file, ensure it is readable and that '/var/www/vhosts/saratogahistory.com/httpdocs/phpBB/' is executable, referer: http://www.saratogahistory.com/phpBB/index.php
[Fri Oct 09 16:53:16.652195 2020] [core:crit] [pid 16376:tid 139803792238336] (13)Permission denied: [client 185.25.35.14:45470] AH00529: /var/www/vhosts/saratogahistory.com/httpdocs/phpBB/.htaccess pcfg_openfile: unable to check htaccess file, ensure it is readable and that '/var/www/vhosts/saratogahistory.com/httpdocs/phpBB/' is executable
[Fri Oct 09 17:39:35.438833 2020] [core:crit] [pid 3951:tid 139803624400640] (13)Permission denied: [client 104.244.72.38:58162] AH00529: /var/www/vhosts/saratogahistory.com/httpdocs/phpBB/.htaccess pcfg_openfile: unable to check htaccess file, ensure it is readable and that '/var/www/vhosts/saratogahistory.com/httpdocs/phpBB/' is executable, referer: http://www.saratogahistory.com/phpBB/index.php
[Fri Oct 09 17:58:28.977854 2020] [core:crit] [pid 3951:tid 139803718809344] (13)Permission denied: [client 185.25.35.12:55438] AH00529: /var/www/vhosts/saratogahistory.com/httpdocs/phpBB/.htaccess pcfg_openfile: unable to check htaccess file, ensure it is readable and that '/var/www/vhosts/saratogahistory.com/httpdocs/phpBB/' is executable
[Fri Oct 09 18:47:00.115329 2020] [core:crit] [pid 3952:tid 139803729299200] (13)Permission denied: [client 185.25.35.9:33212] AH00529: /var/www/vhosts/saratogahistory.com/httpdocs/phpBB/.htaccess pcfg_openfile: unable to check htaccess file, ensure it is readable and that '/var/www/vhosts/saratogahistory.com/httpdocs/phpBB/' is executable
[Fri Oct 09 18:56:23.570539 2020] [core:crit] [pid 16376:tid 139803666360064] (13)Permission denied: [client 185.220.101.140:45250] AH00529: /var/www/vhosts/saratogahistory.com/httpdocs/phpBB/.htaccess pcfg_openfile: unable to check htaccess file, ensure it is readable and that '/var/www/vhosts/saratogahistory.com/httpdocs/phpBB/' is executable, referer: http://www.saratogahistory.com/phpBB/index.php
[Fri Oct 09 19:01:31.275897 2020] [core:crit] [pid 3951:tid 139803666360064] (13)Permission denied: [client 185.25.35.9:53198] AH00529: /var/www/vhosts/saratogahistory.com/httpdocs/phpBB/.htaccess pcfg_openfile: unable to check htaccess file, ensure it is readable and that '/var/www/vhosts/saratogahistory.com/httpdocs/phpBB/' is executable
[Fri Oct 09 19:10:56.681719 2020] [proxy_fcgi:error] [pid 16376:tid 139803603420928] [client 51.79.111.220:37888] AH01071: Got error 'Primary script unknown\n'
[Fri Oct 09 19:40:31.414292 2020] [core:crit] [pid 16376:tid 139803592931072] (13)Permission denied: [client 145.239.92.26:46496] AH00529: /var/www/vhosts/saratogahistory.com/httpdocs/phpBB/.htaccess pcfg_openfile: unable to check htaccess file, ensure it is readable and that '/var/www/vhosts/saratogahistory.com/httpdocs/phpBB/' is executable, referer: http://www.saratogahistory.com/phpBB/index.php
[Fri Oct 09 21:37:53.924477 2020] [core:crit] [pid 16376:tid 139803592931072] (13)Permission denied: [client 89.163.143.8:42902] AH00529: /var/www/vhosts/saratogahistory.com/httpdocs/phpBB/.htaccess pcfg_openfile: unable to check htaccess file, ensure it is readable and that '/var/www/vhosts/saratogahistory.com/httpdocs/phpBB/' is executable, referer: http://www.saratogahistory.com/phpBB/index.php
[Fri Oct 09 22:31:29.004414 2020] [core:crit] [pid 3951:tid 139803909662464] (13)Permission denied: [client 54.37.16.241:52828] AH00529: /var/www/vhosts/saratogahistory.com/httpdocs/phpBB/.htaccess pcfg_openfile: unable to check htaccess file, ensure it is readable and that '/var/www/vhosts/saratogahistory.com/httpdocs/phpBB/' is executable, referer: http://www.saratogahistory.com/phpBB/index.php
[Fri Oct 09 22:37:38.683356 2020] [core:crit] [pid 3951:tid 139803750278912] (13)Permission denied: [client 207.46.13.138:59406] AH00529: /var/www/vhosts/saratogahistory.com/httpdocs/phpBB/.htaccess pcfg_openfile: unable to check htaccess file, ensure it is readable and that '/var/www/vhosts/saratogahistory.com/httpdocs/phpBB/' is executable
[Fri Oct 09 23:30:31.450319 2020] [core:crit] [pid 16376:tid 139803792238336] (13)Permission denied: [client 185.25.35.14:35290] AH00529: /var/www/vhosts/saratogahistory.com/httpdocs/phpBB/.htaccess pcfg_openfile: unable to check htaccess file, ensure it is readable and that '/var/www/vhosts/saratogahistory.com/httpdocs/phpBB/' is executable
[Fri Oct 09 23:35:55.167607 2020] [core:crit] [pid 3951:tid 139803718809344] (13)Permission denied: [client 37.115.200.35:41710] AH00529: /var/www/vhosts/saratogahistory.com/httpdocs/phpBB/.htaccess pcfg_openfile: unable to check htaccess file, ensure it is readable and that '/var/www/vhosts/saratogahistory.com/httpdocs/phpBB/' is executable, referer: http://www.saratogahistory.com/phpBB/index.php
[Fri Oct 09 23:40:07.918927 2020] [core:crit] [pid 3950:tid 139803624400640] (13)Permission denied: [client 96.66.15.147:46644] AH00529: /var/www/vhosts/saratogahistory.com/httpdocs/phpBB/.htaccess pcfg_openfile: unable to check htaccess file, ensure it is readable and that '/var/www/vhosts/saratogahistory.com/httpdocs/phpBB/' is executable, referer: http://www.saratogahistory.com/phpBB/index.php
[Fri Oct 09 23:59:14.280147 2020] [core:crit] [pid 3951:tid 139803634890496] (13)Permission denied: [client 40.77.167.144:42110] AH00529: /var/www/vhosts/saratogahistory.com/httpdocs/phpBB/.htaccess pcfg_openfile: unable to check htaccess file, ensure it is readable and that '/var/www/vhosts/saratogahistory.com/httpdocs/phpBB/' is executable
[Sat Oct 10 00:29:06.284956 2020] [core:crit] [pid 16376:tid 139803676849920] (13)Permission denied: [client 185.25.35.14:51436] AH00529: /var/www/vhosts/saratogahistory.com/httpdocs/phpBB/.htaccess pcfg_openfile: unable to check htaccess file, ensure it is readable and that '/var/www/vhosts/saratogahistory.com/httpdocs/phpBB/' is executable
[Sat Oct 10 01:10:48.884168 2020] [core:crit] [pid 3951:tid 139803888682752] (13)Permission denied: [client 216.18.204.200:46954] AH00529: /var/www/vhosts/saratogahistory.com/httpdocs/phpBB/.htaccess pcfg_openfile: unable to check htaccess file, ensure it is readable and that '/var/www/vhosts/saratogahistory.com/httpdocs/phpBB/' is executable, referer: http://www.saratogahistory.com/
[Sat Oct 10 01:18:44.628121 2020] [core:crit] [pid 16376:tid 139803666360064] (13)Permission denied: [client 185.25.35.13:57390] AH00529: /var/www/vhosts/saratogahistory.com/httpdocs/phpBB/.htaccess pcfg_openfile: unable to check htaccess file, ensure it is readable and that '/var/www/vhosts/saratogahistory.com/httpdocs/phpBB/' is executable
[Sat Oct 10 01:32:46.507830 2020] [core:crit] [pid 16376:tid 139803899172608] (13)Permission denied: [client 185.25.35.15:46746] AH00529: /var/www/vhosts/saratogahistory.com/httpdocs/phpBB/.htaccess pcfg_openfile: unable to check htaccess file, ensure it is readable and that '/var/www/vhosts/saratogahistory.com/httpdocs/phpBB/' is executable
[Sat Oct 10 01:41:02.549223 2020] [core:crit] [pid 16376:tid 139803739789056] (13)Permission denied: [client 51.195.91.145:57092] AH00529: /var/www/vhosts/saratogahistory.com/httpdocs/phpBB/.htaccess pcfg_openfile: unable to check htaccess file, ensure it is readable and that '/var/www/vhosts/saratogahistory.com/httpdocs/phpBB/' is executable, referer: http://www.saratogahistory.com/phpBB/index.php
[Sat Oct 10 01:55:49.033032 2020] [core:crit] [pid 16376:tid 139803592931072] (13)Permission denied: [client 185.220.101.10:52018] AH00529: /var/www/vhosts/saratogahistory.com/httpdocs/phpBB/.htaccess pcfg_openfile: unable to check htaccess file, ensure it is readable and that '/var/www/vhosts/saratogahistory.com/httpdocs/phpBB/' is executable, referer: http://www.saratogahistory.com/phpBB/index.php
[Sat Oct 10 02:36:47.242433 2020] [core:crit] [pid 3951:tid 139803792238336] (13)Permission denied: [client 64.139.79.35:52218] AH00529: /var/www/vhosts/saratogahistory.com/httpdocs/phpBB/.htaccess pcfg_openfile: unable to check htaccess file, ensure it is readable and that '/var/www/vhosts/saratogahistory.com/httpdocs/phpBB/' is executable, referer: http://www.saratogahistory.com/
[Sat Oct 10 03:38:38.881090 2020] [core:crit] [pid 16376:tid 139803920152320] (13)Permission denied: [client 185.220.102.243:46176] AH00529: /var/www/vhosts/saratogahistory.com/httpdocs/phpBB/.htaccess pcfg_openfile: unable to check htaccess file, ensure it is readable and that '/var/www/vhosts/saratogahistory.com/httpdocs/phpBB/' is executable, referer: http://www.saratogahistory.com/phpBB/index.php
[Sat Oct 10 04:04:58.808212 2020] [core:crit] [pid 16376:tid 139803603420928] (13)Permission denied: [client 194.110.114.4:49868] AH00529: /var/www/vhosts/saratogahistory.com/httpdocs/phpBB/.htaccess pcfg_openfile: unable to check htaccess file, ensure it is readable and that '/var/www/vhosts/saratogahistory.com/httpdocs/phpBB/' is executable, referer: http://www.saratogahistory.com/phpBB/index.php
[Sat Oct 10 04:04:59.854283 2020] [proxy_fcgi:error] [pid 16376:tid 139803624400640] [client 194.110.114.4:49894] AH01071: Got error 'Primary script unknown\n', referer: http://www.saratogahistory.com/index.php
[Sat Oct 10 04:05:00.143469 2020] [proxy_fcgi:error] [pid 3951:tid 139803645380352] [client 194.110.114.4:49898] AH01071: Got error 'Primary script unknown\n', referer: http://www.saratogahistory.com/index.php
[Sat Oct 10 04:05:00.422605 2020] [proxy_fcgi:error] [pid 3952:tid 139803603420928] [client 194.110.114.4:49904] AH01071: Got error 'Primary script unknown\n', referer: http://www.saratogahistory.com/index.php
[Sat Oct 10 05:36:01.586105 2020] [core:crit] [pid 3951:tid 139803687339776] (13)Permission denied: [client 199.249.230.69:56646] AH00529: /var/www/vhosts/saratogahistory.com/httpdocs/phpBB/.htaccess pcfg_openfile: unable to check htaccess file, ensure it is readable and that '/var/www/vhosts/saratogahistory.com/httpdocs/phpBB/' is executable, referer: http://www.saratogahistory.com/phpBB/index.php
[Sat Oct 10 06:02:36.378843 2020] [proxy_fcgi:error] [pid 3951:tid 139803592931072] [client 27.186.13.124:58250] AH01071: Got error 'Primary script unknown\n'
[Sat Oct 10 06:04:49.134486 2020] [core:crit] [pid 16376:tid 139803592931072] (13)Permission denied: [client 185.25.35.14:60996] AH00529: /var/www/vhosts/saratogahistory.com/httpdocs/phpBB/.htaccess pcfg_openfile: unable to check htaccess file, ensure it is readable and that '/var/www/vhosts/saratogahistory.com/httpdocs/phpBB/' is executable
[Sat Oct 10 06:33:29.675657 2020] [core:crit] [pid 16376:tid 139803687339776] (13)Permission denied: [client 104.244.76.39:39608] AH00529: /var/www/vhosts/saratogahistory.com/httpdocs/phpBB/.htaccess pcfg_openfile: unable to check htaccess file, ensure it is readable and that '/var/www/vhosts/saratogahistory.com/httpdocs/phpBB/' is executable, referer: http://www.saratogahistory.com/phpBB/index.php
[Sat Oct 10 07:04:02.117196 2020] [core:crit] [pid 16376:tid 139803750278912] (13)Permission denied: [client 185.25.35.8:56156] AH00529: /var/www/vhosts/saratogahistory.com/httpdocs/phpBB/.htaccess pcfg_openfile: unable to check htaccess file, ensure it is readable and that '/var/www/vhosts/saratogahistory.com/httpdocs/phpBB/' is executable
[Sat Oct 10 07:11:01.617107 2020] [core:crit] [pid 16376:tid 139803729299200] (13)Permission denied: [client 174.76.35.15:38068] AH00529: /var/www/vhosts/saratogahistory.com/httpdocs/phpBB/.htaccess pcfg_openfile: unable to check htaccess file, ensure it is readable and that '/var/www/vhosts/saratogahistory.com/httpdocs/phpBB/' is executable, referer: http://www.saratogahistory.com/phpBB/viewtopic.php?t=317&sid=1f6fb7fa6f082406dda757f329896aa6
[Sat Oct 10 07:12:51.521035 2020] [proxy_fcgi:error] [pid 16376:tid 139803655870208] [client 174.76.35.15:40726] AH01071: Got error 'Primary script unknown\n', referer: http://www.saratogahistory.com/index.php
[Sat Oct 10 07:13:03.136489 2020] [proxy_fcgi:error] [pid 16376:tid 139803645380352] [client 174.76.35.15:40990] AH01071: Got error 'Primary script unknown\n', referer: http://www.saratogahistory.com/index.php
[Sat Oct 10 07:13:10.029897 2020] [core:crit] [pid 3951:tid 139803888682752] (13)Permission denied: [client 66.249.70.119:41110] AH00529: /var/www/vhosts/saratogahistory.com/httpdocs/phpBB/.htaccess pcfg_openfile: unable to check htaccess file, ensure it is readable and that '/var/www/vhosts/saratogahistory.com/httpdocs/phpBB/' is executable
[Sat Oct 10 07:13:13.122652 2020] [proxy_fcgi:error] [pid 16376:tid 139803603420928] [client 174.76.35.15:41162] AH01071: Got error 'Primary script unknown\n', referer: http://www.saratogahistory.com/index.php
[Sat Oct 10 07:44:07.794710 2020] [core:crit] [pid 16376:tid 139803676849920] (13)Permission denied: [client 5.188.84.230:57698] AH00529: /var/www/vhosts/saratogahistory.com/httpdocs/phpBB/.htaccess pcfg_openfile: unable to check htaccess file, ensure it is readable and that '/var/www/vhosts/saratogahistory.com/httpdocs/phpBB/' is executable, referer: http://www.saratogahistory.com/phpBB/index.php
[Sat Oct 10 07:49:20.457610 2020] [core:crit] [pid 16376:tid 139803802728192] (13)Permission denied: [client 185.25.35.10:37418] AH00529: /var/www/vhosts/saratogahistory.com/httpdocs/phpBB/.htaccess pcfg_openfile: unable to check htaccess file, ensure it is readable and that '/var/www/vhosts/saratogahistory.com/httpdocs/phpBB/' is executable
[Sat Oct 10 08:01:19.766739 2020] [core:crit] [pid 16376:tid 139803718809344] (13)Permission denied: [client 185.25.35.10:51452] AH00529: /var/www/vhosts/saratogahistory.com/httpdocs/phpBB/.htaccess pcfg_openfile: unable to check htaccess file, ensure it is readable and that '/var/www/vhosts/saratogahistory.com/httpdocs/phpBB/' is executable
[Sat Oct 10 09:51:31.028361 2020] [core:crit] [pid 16376:tid 139803655870208] (13)Permission denied: [client 86.102.209.25:56232] AH00529: /var/www/vhosts/saratogahistory.com/httpdocs/phpBB/.htaccess pcfg_openfile: unable to check htaccess file, ensure it is readable and that '/var/www/vhosts/saratogahistory.com/httpdocs/phpBB/' is executable, referer: http://www.saratogahistory.com/phpBB/index.php
[Sat Oct 10 09:56:43.720340 2020] [core:crit] [pid 16376:tid 139803792238336] (13)Permission denied: [client 199.167.138.22:33446] AH00529: /var/www/vhosts/saratogahistory.com/httpdocs/phpBB/.htaccess pcfg_openfile: unable to check htaccess file, ensure it is readable and that '/var/www/vhosts/saratogahistory.com/httpdocs/phpBB/' is executable, referer: http://www.saratogahistory.com/phpBB/viewtopic.php?printertopic=1&t=347&start=0&postdays=0&postorder=asc&vote=viewresult
[Sat Oct 10 10:20:55.875788 2020] [core:crit] [pid 3951:tid 139803802728192] (13)Permission denied: [client 54.39.16.73:36482] AH00529: /var/www/vhosts/saratogahistory.com/httpdocs/phpBB/.htaccess pcfg_openfile: unable to check htaccess file, ensure it is readable and that '/var/www/vhosts/saratogahistory.com/httpdocs/phpBB/' is executable, referer: http://www.saratogahistory.com/phpBB/index.php
[Sat Oct 10 12:44:27.835564 2020] [core:crit] [pid 16376:tid 139803750278912] (13)Permission denied: [client 107.189.10.182:60104] AH00529: /var/www/vhosts/saratogahistory.com/httpdocs/phpBB/.htaccess pcfg_openfile: unable to check htaccess file, ensure it is readable and that '/var/www/vhosts/saratogahistory.com/httpdocs/phpBB/' is executable, referer: http://www.saratogahistory.com/phpBB/index.php
[Sat Oct 10 12:48:39.371685 2020] [core:crit] [pid 16376:tid 139803920152320] (13)Permission denied: [client 66.249.70.117:36940] AH00529: /var/www/vhosts/saratogahistory.com/httpdocs/phpBB/.htaccess pcfg_openfile: unable to check htaccess file, ensure it is readable and that '/var/www/vhosts/saratogahistory.com/httpdocs/phpBB/' is executable
[Sat Oct 10 12:49:10.857859 2020] [core:crit] [pid 16376:tid 139803729299200] (13)Permission denied: [client 66.249.70.117:37420] AH00529: /var/www/vhosts/saratogahistory.com/httpdocs/phpBB/.htaccess pcfg_openfile: unable to check htaccess file, ensure it is readable and that '/var/www/vhosts/saratogahistory.com/httpdocs/phpBB/' is executable
[Sat Oct 10 12:49:32.251379 2020] [core:crit] [pid 16376:tid 139803708319488] (13)Permission denied: [client 66.249.70.117:37766] AH00529: /var/www/vhosts/saratogahistory.com/httpdocs/phpBB/.htaccess pcfg_openfile: unable to check htaccess file, ensure it is readable and that '/var/www/vhosts/saratogahistory.com/httpdocs/phpBB/' is executable
[Sat Oct 10 12:49:32.688272 2020] [core:crit] [pid 3951:tid 139803634890496] (13)Permission denied: [client 66.249.70.117:37774] AH00529: /var/www/vhosts/saratogahistory.com/httpdocs/phpBB/.htaccess pcfg_openfile: unable to check htaccess file, ensure it is readable and that '/var/www/vhosts/saratogahistory.com/httpdocs/phpBB/' is executable
[Sat Oct 10 12:50:54.458040 2020] [core:crit] [pid 3952:tid 139803802728192] (13)Permission denied: [client 66.249.70.117:39216] AH00529: /var/www/vhosts/saratogahistory.com/httpdocs/phpBB/.htaccess pcfg_openfile: unable to check htaccess file, ensure it is readable and that '/var/www/vhosts/saratogahistory.com/httpdocs/phpBB/' is executable
[Sat Oct 10 12:52:01.332595 2020] [core:crit] [pid 16376:tid 139803603420928] (13)Permission denied: [client 66.249.70.119:40884] AH00529: /var/www/vhosts/saratogahistory.com/httpdocs/phpBB/.htaccess pcfg_openfile: unable to check htaccess file, ensure it is readable and that '/var/www/vhosts/saratogahistory.com/httpdocs/phpBB/' is executable
[Sat Oct 10 12:53:14.131915 2020] [core:crit] [pid 3951:tid 139803613910784] (13)Permission denied: [client 185.25.35.9:42022] AH00529: /var/www/vhosts/saratogahistory.com/httpdocs/phpBB/.htaccess pcfg_openfile: unable to check htaccess file, ensure it is readable and that '/var/www/vhosts/saratogahistory.com/httpdocs/phpBB/' is executable
[Sat Oct 10 12:53:29.266037 2020] [core:crit] [pid 16376:tid 139803592931072] (13)Permission denied: [client 66.249.70.119:42466] AH00529: /var/www/vhosts/saratogahistory.com/httpdocs/phpBB/.htaccess pcfg_openfile: unable to check htaccess file, ensure it is readable and that '/var/www/vhosts/saratogahistory.com/httpdocs/phpBB/' is executable
[Sat Oct 10 13:55:09.283090 2020] [core:crit] [pid 16376:tid 139803750278912] (13)Permission denied: [client 185.25.35.12:35724] AH00529: /var/www/vhosts/saratogahistory.com/httpdocs/phpBB/.htaccess pcfg_openfile: unable to check htaccess file, ensure it is readable and that '/var/www/vhosts/saratogahistory.com/httpdocs/phpBB/' is executable
[Sat Oct 10 13:57:58.459084 2020] [core:crit] [pid 16376:tid 139803718809344] (13)Permission denied: [client 185.220.101.195:38758] AH00529: /var/www/vhosts/saratogahistory.com/httpdocs/phpBB/.htaccess pcfg_openfile: unable to check htaccess file, ensure it is readable and that '/var/www/vhosts/saratogahistory.com/httpdocs/phpBB/' is executable, referer: http://www.saratogahistory.com/phpBB/index.php
[Sat Oct 10 14:41:34.840975 2020] [core:crit] [pid 3951:tid 139803624400640] (13)Permission denied: [client 185.25.35.13:34582] AH00529: /var/www/vhosts/saratogahistory.com/httpdocs/phpBB/.htaccess pcfg_openfile: unable to check htaccess file, ensure it is readable and that '/var/www/vhosts/saratogahistory.com/httpdocs/phpBB/' is executable
[Sat Oct 10 14:55:50.567290 2020] [core:crit] [pid 16376:tid 139803899172608] (13)Permission denied: [client 185.25.35.13:55004] AH00529: /var/www/vhosts/saratogahistory.com/httpdocs/phpBB/.htaccess pcfg_openfile: unable to check htaccess file, ensure it is readable and that '/var/www/vhosts/saratogahistory.com/httpdocs/phpBB/' is executable
[Sat Oct 10 15:32:09.128535 2020] [core:crit] [pid 16376:tid 139803899172608] (13)Permission denied: [client 46.243.220.49:48140] AH00529: /var/www/vhosts/saratogahistory.com/httpdocs/phpBB/.htaccess pcfg_openfile: unable to check htaccess file, ensure it is readable and that '/var/www/vhosts/saratogahistory.com/httpdocs/phpBB/' is executable, referer: http://www.saratogahistory.com/phpBB/index.php
[Sat Oct 10 15:32:11.498653 2020] [core:crit] [pid 16376:tid 139803739789056] (13)Permission denied: [client 46.243.220.49:48204] AH00529: /var/www/vhosts/saratogahistory.com/httpdocs/phpBB/.htaccess pcfg_openfile: unable to check htaccess file, ensure it is readable and that '/var/www/vhosts/saratogahistory.com/httpdocs/phpBB/' is executable, referer: http://www.saratogahistory.com/phpBB/index.php
[Sat Oct 10 15:32:13.248324 2020] [core:crit] [pid 3951:tid 139803771258624] (13)Permission denied: [client 46.243.220.49:48220] AH00529: /var/www/vhosts/saratogahistory.com/httpdocs/phpBB/.htaccess pcfg_openfile: unable to check htaccess file, ensure it is readable and that '/var/www/vhosts/saratogahistory.com/httpdocs/phpBB/' is executable, referer: http://www.saratogahistory.com/phpBB/index.php
[Sat Oct 10 16:37:49.407373 2020] [core:crit] [pid 3951:tid 139803676849920] (13)Permission denied: [client 5.188.84.92:48140] AH00529: /var/www/vhosts/saratogahistory.com/httpdocs/phpBB/.htaccess pcfg_openfile: unable to check htaccess file, ensure it is readable and that '/var/www/vhosts/saratogahistory.com/httpdocs/phpBB/' is executable, referer: http://www.saratogahistory.com/phpBB/index.php
[Sat Oct 10 17:10:09.828840 2020] [core:crit] [pid 16376:tid 139803909662464] (13)Permission denied: [client 185.220.102.246:56416] AH00529: /var/www/vhosts/saratogahistory.com/httpdocs/phpBB/.htaccess pcfg_openfile: unable to check htaccess file, ensure it is readable and that '/var/www/vhosts/saratogahistory.com/httpdocs/phpBB/' is executable, referer: http://www.saratogahistory.com/phpBB/index.php
[Sat Oct 10 17:26:13.866565 2020] [core:crit] [pid 16376:tid 139803645380352] (13)Permission denied: [client 198.98.49.153:48710] AH00529: /var/www/vhosts/saratogahistory.com/httpdocs/phpBB/.htaccess pcfg_openfile: unable to check htaccess file, ensure it is readable and that '/var/www/vhosts/saratogahistory.com/httpdocs/phpBB/' is executable, referer: http://www.saratogahistory.com/phpBB/index.php
[Sat Oct 10 17:29:55.836264 2020] [core:crit] [pid 3951:tid 139803655870208] (13)Permission denied: [client 45.87.212.61:52556] AH00529: /var/www/vhosts/saratogahistory.com/httpdocs/phpBB/.htaccess pcfg_openfile: unable to check htaccess file, ensure it is readable and that '/var/www/vhosts/saratogahistory.com/httpdocs/phpBB/' is executable, referer: http://www.saratogahistory.com/phpBB/index.php
[Sat Oct 10 17:58:08.672640 2020] [core:crit] [pid 16376:tid 139803792238336] (13)Permission denied: [client 170.177.253.23:55412] AH00529: /var/www/vhosts/saratogahistory.com/httpdocs/phpBB/.htaccess pcfg_openfile: unable to check htaccess file, ensure it is readable and that '/var/www/vhosts/saratogahistory.com/httpdocs/phpBB/' is executable, referer: http://www.saratogahistory.com/
[Sat Oct 10 18:12:07.690525 2020] [core:crit] [pid 16376:tid 139803920152320] (13)Permission denied: [client 45.87.215.59:42816] AH00529: /var/www/vhosts/saratogahistory.com/httpdocs/phpBB/.htaccess pcfg_openfile: unable to check htaccess file, ensure it is readable and that '/var/www/vhosts/saratogahistory.com/httpdocs/phpBB/' is executable, referer: http://www.saratogahistory.com/phpBB/index.php
[Sat Oct 10 18:30:36.209519 2020] [core:crit] [pid 3951:tid 139803624400640] (13)Permission denied: [client 77.124.63.14:36496] AH00529: /var/www/vhosts/saratogahistory.com/httpdocs/phpBB/.htaccess pcfg_openfile: unable to check htaccess file, ensure it is readable and that '/var/www/vhosts/saratogahistory.com/httpdocs/phpBB/' is executable, referer: http://www.saratogahistory.com/phpBB/index.php
[Sat Oct 10 19:25:18.520846 2020] [core:crit] [pid 3951:tid 139803718809344] (13)Permission denied: [client 185.25.35.14:38824] AH00529: /var/www/vhosts/saratogahistory.com/httpdocs/phpBB/.htaccess pcfg_openfile: unable to check htaccess file, ensure it is readable and that '/var/www/vhosts/saratogahistory.com/httpdocs/phpBB/' is executable
[Sat Oct 10 19:29:31.690810 2020] [core:crit] [pid 16376:tid 139803708319488] (13)Permission denied: [client 193.148.70.150:42924] AH00529: /var/www/vhosts/saratogahistory.com/httpdocs/phpBB/.htaccess pcfg_openfile: unable to check htaccess file, ensure it is readable and that '/var/www/vhosts/saratogahistory.com/httpdocs/phpBB/' is executable, referer: http://www.saratogahistory.com/phpBB/index.php
[Sat Oct 10 19:32:28.473058 2020] [core:crit] [pid 16376:tid 139803645380352] (13)Permission denied: [client 207.46.13.138:46696] AH00529: /var/www/vhosts/saratogahistory.com/httpdocs/phpBB/.htaccess pcfg_openfile: unable to check htaccess file, ensure it is readable and that '/var/www/vhosts/saratogahistory.com/httpdocs/phpBB/' is executable
[Sat Oct 10 20:26:14.615851 2020] [core:crit] [pid 16376:tid 139803645380352] (13)Permission denied: [client 185.25.35.8:51304] AH00529: /var/www/vhosts/saratogahistory.com/httpdocs/phpBB/.htaccess pcfg_openfile: unable to check htaccess file, ensure it is readable and that '/var/www/vhosts/saratogahistory.com/httpdocs/phpBB/' is executable
[Sat Oct 10 20:28:36.601803 2020] [core:crit] [pid 16376:tid 139803603420928] (13)Permission denied: [client 104.244.77.95:53760] AH00529: /var/www/vhosts/saratogahistory.com/httpdocs/phpBB/.htaccess pcfg_openfile: unable to check htaccess file, ensure it is readable and that '/var/www/vhosts/saratogahistory.com/httpdocs/phpBB/' is executable, referer: http://www.saratogahistory.com/phpBB/index.php
[Sat Oct 10 21:07:51.755199 2020] [core:crit] [pid 3951:tid 139803802728192] (13)Permission denied: [client 89.109.35.231:39940] AH00529: /var/www/vhosts/saratogahistory.com/httpdocs/phpBB/.htaccess pcfg_openfile: unable to check htaccess file, ensure it is readable and that '/var/www/vhosts/saratogahistory.com/httpdocs/phpBB/' is executable, referer: http://www.saratogahistory.com/phpBB/index.php
[Sat Oct 10 21:12:48.687679 2020] [core:crit] [pid 3951:tid 139803739789056] (13)Permission denied: [client 185.25.35.11:46278] AH00529: /var/www/vhosts/saratogahistory.com/httpdocs/phpBB/.htaccess pcfg_openfile: unable to check htaccess file, ensure it is readable and that '/var/www/vhosts/saratogahistory.com/httpdocs/phpBB/' is executable
[Sat Oct 10 21:26:07.239754 2020] [core:crit] [pid 3951:tid 139803760768768] (13)Permission denied: [client 185.25.35.9:59842] AH00529: /var/www/vhosts/saratogahistory.com/httpdocs/phpBB/.htaccess pcfg_openfile: unable to check htaccess file, ensure it is readable and that '/var/www/vhosts/saratogahistory.com/httpdocs/phpBB/' is executable
[Sat Oct 10 22:18:32.738594 2020] [core:crit] [pid 16376:tid 139803718809344] (13)Permission denied: [client 176.103.88.165:36442] AH00529: /var/www/vhosts/saratogahistory.com/httpdocs/phpBB/.htaccess pcfg_openfile: unable to check htaccess file, ensure it is readable and that '/var/www/vhosts/saratogahistory.com/httpdocs/phpBB/' is executable, referer: http://www.saratogahistory.com/phpBB/index.php
[Sat Oct 10 22:18:35.262598 2020] [proxy_fcgi:error] [pid 16376:tid 139803729299200] [client 176.103.88.165:36480] AH01071: Got error 'Primary script unknown\n', referer: http://www.saratogahistory.com/index.php
[Sat Oct 10 22:18:35.624523 2020] [proxy_fcgi:error] [pid 16376:tid 139803708319488] [client 176.103.88.165:36484] AH01071: Got error 'Primary script unknown\n', referer: http://www.saratogahistory.com/index.php
[Sat Oct 10 22:18:35.995956 2020] [proxy_fcgi:error] [pid 16376:tid 139803676849920] [client 176.103.88.165:36488] AH01071: Got error 'Primary script unknown\n', referer: http://www.saratogahistory.com/index.php
[Sat Oct 10 23:21:43.381281 2020] [core:crit] [pid 16376:tid 139803909662464] (13)Permission denied: [client 176.10.104.240:47912] AH00529: /var/www/vhosts/saratogahistory.com/httpdocs/phpBB/.htaccess pcfg_openfile: unable to check htaccess file, ensure it is readable and that '/var/www/vhosts/saratogahistory.com/httpdocs/phpBB/' is executable, referer: http://www.saratogahistory.com/phpBB/index.php
[Sat Oct 10 23:47:17.537910 2020] [core:crit] [pid 3950:tid 139803634890496] (13)Permission denied: [client 205.185.117.149:49438] AH00529: /var/www/vhosts/saratogahistory.com/httpdocs/phpBB/.htaccess pcfg_openfile: unable to check htaccess file, ensure it is readable and that '/var/www/vhosts/saratogahistory.com/httpdocs/phpBB/' is executable, referer: http://www.saratogahistory.com/phpBB/index.php
[Sat Oct 10 23:53:37.432827 2020] [proxy_fcgi:error] [pid 16376:tid 139803687339776] [client 52.142.57.205:55878] AH01071: Got error 'Primary script unknown\n'
[Sat Oct 10 23:59:20.953327 2020] [proxy_fcgi:error] [pid 16376:tid 139803718809344] [client 160.16.147.188:34198] AH01071: Got error 'Primary script unknown\n', referer: http://saratogahistory.com/wp-login.php
[Sun Oct 11 02:05:03.669893 2020] [core:crit] [pid 3952:tid 139803729299200] (13)Permission denied: [client 185.25.35.14:53890] AH00529: /var/www/vhosts/saratogahistory.com/httpdocs/phpBB/.htaccess pcfg_openfile: unable to check htaccess file, ensure it is readable and that '/var/www/vhosts/saratogahistory.com/httpdocs/phpBB/' is executable
[Sun Oct 11 02:23:18.764289 2020] [proxy_fcgi:error] [pid 16376:tid 139803739789056] [client 62.210.91.20:48874] AH01071: Got error 'Primary script unknown\n'
[Sun Oct 11 02:57:35.894486 2020] [core:crit] [pid 3951:tid 139803697829632] (13)Permission denied: [client 185.121.69.16:35510] AH00529: /var/www/vhosts/saratogahistory.com/httpdocs/phpBB/.htaccess pcfg_openfile: unable to check htaccess file, ensure it is readable and that '/var/www/vhosts/saratogahistory.com/httpdocs/phpBB/' is executable, referer: http://www.saratogahistory.com/phpBB/index.php
[Sun Oct 11 03:00:36.070232 2020] [core:crit] [pid 16376:tid 139803920152320] (13)Permission denied: [client 185.25.35.14:40392] AH00529: /var/www/vhosts/saratogahistory.com/httpdocs/phpBB/.htaccess pcfg_openfile: unable to check htaccess file, ensure it is readable and that '/var/www/vhosts/saratogahistory.com/httpdocs/phpBB/' is executable
[Sun Oct 11 03:43:18.784092 2020] [core:crit] [pid 3951:tid 139803899172608] (13)Permission denied: [client 185.25.35.13:44624] AH00529: /var/www/vhosts/saratogahistory.com/httpdocs/phpBB/.htaccess pcfg_openfile: unable to check htaccess file, ensure it is readable and that '/var/www/vhosts/saratogahistory.com/httpdocs/phpBB/' is executable
[Sun Oct 11 03:57:57.214535 2020] [core:crit] [pid 3951:tid 139803697829632] (13)Permission denied: [client 185.25.35.13:34682] AH00529: /var/www/vhosts/saratogahistory.com/httpdocs/phpBB/.htaccess pcfg_openfile: unable to check htaccess file, ensure it is readable and that '/var/www/vhosts/saratogahistory.com/httpdocs/phpBB/' is executable
[Sun Oct 11 04:18:17.237109 2020] [core:crit] [pid 16376:tid 139803676849920] (13)Permission denied: [client 5.199.130.188:39236] AH00529: /var/www/vhosts/saratogahistory.com/httpdocs/phpBB/.htaccess pcfg_openfile: unable to check htaccess file, ensure it is readable and that '/var/www/vhosts/saratogahistory.com/httpdocs/phpBB/' is executable, referer: http://www.saratogahistory.com/phpBB/index.php
[Sun Oct 11 04:59:36.201871 2020] [core:crit] [pid 3951:tid 139803645380352] (13)Permission denied: [client 86.98.32.155:33034] AH00529: /var/www/vhosts/saratogahistory.com/httpdocs/phpBB/.htaccess pcfg_openfile: unable to check htaccess file, ensure it is readable and that '/var/www/vhosts/saratogahistory.com/httpdocs/phpBB/' is executable, referer: http://www.saratogahistory.com/phpBB/viewtopic.php?t=343&sid=8365eb262c979acab2424f33f9365594
[Sun Oct 11 04:59:47.745280 2020] [core:crit] [pid 3951:tid 139803624400640] (13)Permission denied: [client 86.98.32.155:33242] AH00529: /var/www/vhosts/saratogahistory.com/httpdocs/phpBB/.htaccess pcfg_openfile: unable to check htaccess file, ensure it is readable and that '/var/www/vhosts/saratogahistory.com/httpdocs/phpBB/' is executable, referer: http://www.saratogahistory.com/board_of_directors.htm
[Sun Oct 11 05:39:34.251689 2020] [core:crit] [pid 3952:tid 139803624400640] (13)Permission denied: [client 66.249.70.119:52618] AH00529: /var/www/vhosts/saratogahistory.com/httpdocs/phpBB/.htaccess pcfg_openfile: unable to check htaccess file, ensure it is readable and that '/var/www/vhosts/saratogahistory.com/httpdocs/phpBB/' is executable
[Sun Oct 11 05:45:03.676452 2020] [core:crit] [pid 16376:tid 139803739789056] (13)Permission denied: [client 178.159.37.58:59194] AH00529: /var/www/vhosts/saratogahistory.com/httpdocs/phpBB/.htaccess pcfg_openfile: unable to check htaccess file, ensure it is readable and that '/var/www/vhosts/saratogahistory.com/httpdocs/phpBB/' is executable, referer: http://www.saratogahistory.com/phpBB/index.php
[Sun Oct 11 05:48:18.992145 2020] [core:crit] [pid 16376:tid 139803771258624] (13)Permission denied: [client 91.243.92.134:34654] AH00529: /var/www/vhosts/saratogahistory.com/httpdocs/phpBB/.htaccess pcfg_openfile: unable to check htaccess file, ensure it is readable and that '/var/www/vhosts/saratogahistory.com/httpdocs/phpBB/' is executable, referer: http://www.saratogahistory.com/phpBB/index.php
[Sun Oct 11 05:48:19.951389 2020] [proxy_fcgi:error] [pid 16376:tid 139803729299200] [client 91.243.92.134:34674] AH01071: Got error 'Primary script unknown\n', referer: http://www.saratogahistory.com/index.php
[Sun Oct 11 05:48:20.271065 2020] [proxy_fcgi:error] [pid 16376:tid 139803676849920] [client 91.243.92.134:34680] AH01071: Got error 'Primary script unknown\n', referer: http://www.saratogahistory.com/index.php
[Sun Oct 11 05:48:20.546357 2020] [proxy_fcgi:error] [pid 16376:tid 139803708319488] [client 91.243.92.134:34684] AH01071: Got error 'Primary script unknown\n', referer: http://www.saratogahistory.com/index.php
[Sun Oct 11 06:16:09.065071 2020] [core:crit] [pid 3951:tid 139803708319488] (13)Permission denied: [client 185.220.101.21:38748] AH00529: /var/www/vhosts/saratogahistory.com/httpdocs/phpBB/.htaccess pcfg_openfile: unable to check htaccess file, ensure it is readable and that '/var/www/vhosts/saratogahistory.com/httpdocs/phpBB/' is executable, referer: http://www.saratogahistory.com/phpBB/index.php
[Sun Oct 11 06:18:54.318310 2020] [core:crit] [pid 3951:tid 139803899172608] (13)Permission denied: [client 95.216.157.138:41620] AH00529: /var/www/vhosts/saratogahistory.com/httpdocs/phpBB/.htaccess pcfg_openfile: unable to check htaccess file, ensure it is readable and that '/var/www/vhosts/saratogahistory.com/httpdocs/phpBB/' is executable
[Sun Oct 11 07:11:28.606206 2020] [core:crit] [pid 16376:tid 139803750278912] (13)Permission denied: [client 157.55.39.4:53988] AH00529: /var/www/vhosts/saratogahistory.com/httpdocs/phpBB/.htaccess pcfg_openfile: unable to check htaccess file, ensure it is readable and that '/var/www/vhosts/saratogahistory.com/httpdocs/phpBB/' is executable
[Sun Oct 11 07:19:41.560134 2020] [core:crit] [pid 16376:tid 139803920152320] (13)Permission denied: [client 51.68.152.226:35794] AH00529: /var/www/vhosts/saratogahistory.com/httpdocs/phpBB/.htaccess pcfg_openfile: unable to check htaccess file, ensure it is readable and that '/var/www/vhosts/saratogahistory.com/httpdocs/phpBB/' is executable, referer: http://www.saratogahistory.com/phpBB/index.php
[Sun Oct 11 07:29:11.252528 2020] [core:crit] [pid 16376:tid 139803802728192] (13)Permission denied: [client 46.187.38.244:47650] AH00529: /var/www/vhosts/saratogahistory.com/httpdocs/phpBB/.htaccess pcfg_openfile: unable to check htaccess file, ensure it is readable and that '/var/www/vhosts/saratogahistory.com/httpdocs/phpBB/' is executable, referer: http://www.saratogahistory.com/phpBB/index.php
[Sun Oct 11 07:29:12.422440 2020] [proxy_fcgi:error] [pid 3951:tid 139803666360064] [client 46.187.38.244:47664] AH01071: Got error 'Primary script unknown\n', referer: http://www.saratogahistory.com/index.php
[Sun Oct 11 07:29:12.754331 2020] [proxy_fcgi:error] [pid 16376:tid 139803909662464] [client 46.187.38.244:47672] AH01071: Got error 'Primary script unknown\n', referer: http://www.saratogahistory.com/index.php
[Sun Oct 11 07:29:13.073949 2020] [proxy_fcgi:error] [pid 16376:tid 139803634890496] [client 46.187.38.244:47674] AH01071: Got error 'Primary script unknown\n', referer: http://www.saratogahistory.com/index.php
[Sun Oct 11 07:49:12.899174 2020] [core:crit] [pid 3951:tid 139803603420928] (13)Permission denied: [client 185.220.102.244:47168] AH00529: /var/www/vhosts/saratogahistory.com/httpdocs/phpBB/.htaccess pcfg_openfile: unable to check htaccess file, ensure it is readable and that '/var/www/vhosts/saratogahistory.com/httpdocs/phpBB/' is executable, referer: http://www.saratogahistory.com/phpBB/index.php
[Sun Oct 11 08:36:45.362723 2020] [core:crit] [pid 16376:tid 139803708319488] (13)Permission denied: [client 185.25.35.10:54976] AH00529: /var/www/vhosts/saratogahistory.com/httpdocs/phpBB/.htaccess pcfg_openfile: unable to check htaccess file, ensure it is readable and that '/var/www/vhosts/saratogahistory.com/httpdocs/phpBB/' is executable
[Sun Oct 11 08:44:31.293270 2020] [core:crit] [pid 16376:tid 139803655870208] (13)Permission denied: [client 178.159.37.58:35466] AH00529: /var/www/vhosts/saratogahistory.com/httpdocs/phpBB/.htaccess pcfg_openfile: unable to check htaccess file, ensure it is readable and that '/var/www/vhosts/saratogahistory.com/httpdocs/phpBB/' is executable, referer: http://www.saratogahistory.com/phpBB/index.php
[Sun Oct 11 08:44:32.298822 2020] [proxy_fcgi:error] [pid 16376:tid 139803792238336] [client 178.159.37.58:35482] AH01071: Got error 'Primary script unknown\n', referer: http://www.saratogahistory.com/index.php
[Sun Oct 11 08:44:32.574520 2020] [proxy_fcgi:error] [pid 16376:tid 139803603420928] [client 178.159.37.58:35490] AH01071: Got error 'Primary script unknown\n', referer: http://www.saratogahistory.com/index.php
[Sun Oct 11 08:44:32.852661 2020] [proxy_fcgi:error] [pid 3951:tid 139803687339776] [client 178.159.37.58:35500] AH01071: Got error 'Primary script unknown\n', referer: http://www.saratogahistory.com/index.php
[Sun Oct 11 08:51:36.140809 2020] [core:crit] [pid 3951:tid 139803666360064] (13)Permission denied: [client 185.94.192.93:44406] AH00529: /var/www/vhosts/saratogahistory.com/httpdocs/phpBB/.htaccess pcfg_openfile: unable to check htaccess file, ensure it is readable and that '/var/www/vhosts/saratogahistory.com/httpdocs/phpBB/' is executable, referer: http://www.saratogahistory.com/phpBB/index.php
[Sun Oct 11 09:29:14.534192 2020] [core:crit] [pid 16376:tid 139803655870208] (13)Permission denied: [client 185.220.101.11:37186] AH00529: /var/www/vhosts/saratogahistory.com/httpdocs/phpBB/.htaccess pcfg_openfile: unable to check htaccess file, ensure it is readable and that '/var/www/vhosts/saratogahistory.com/httpdocs/phpBB/' is executable, referer: http://www.saratogahistory.com/phpBB/index.php
[Sun Oct 11 09:38:26.165549 2020] [core:crit] [pid 16376:tid 139803613910784] (13)Permission denied: [client 185.25.35.11:47342] AH00529: /var/www/vhosts/saratogahistory.com/httpdocs/phpBB/.htaccess pcfg_openfile: unable to check htaccess file, ensure it is readable and that '/var/www/vhosts/saratogahistory.com/httpdocs/phpBB/' is executable
[Sun Oct 11 10:26:35.746034 2020] [core:crit] [pid 3951:tid 139803760768768] (13)Permission denied: [client 185.25.35.12:51432] AH00529: /var/www/vhosts/saratogahistory.com/httpdocs/phpBB/.htaccess pcfg_openfile: unable to check htaccess file, ensure it is readable and that '/var/www/vhosts/saratogahistory.com/httpdocs/phpBB/' is executable
[Sun Oct 11 10:40:02.403636 2020] [core:crit] [pid 3951:tid 139803771258624] (13)Permission denied: [client 185.25.35.12:40390] AH00529: /var/www/vhosts/saratogahistory.com/httpdocs/phpBB/.htaccess pcfg_openfile: unable to check htaccess file, ensure it is readable and that '/var/www/vhosts/saratogahistory.com/httpdocs/phpBB/' is executable
[Sun Oct 11 11:08:06.313403 2020] [core:crit] [pid 16376:tid 139803771258624] (13)Permission denied: [client 185.112.82.239:38970] AH00529: /var/www/vhosts/saratogahistory.com/httpdocs/phpBB/.htaccess pcfg_openfile: unable to check htaccess file, ensure it is readable and that '/var/www/vhosts/saratogahistory.com/httpdocs/phpBB/' is executable, referer: http://www.saratogahistory.com/phpBB/index.php
[Sun Oct 11 11:08:07.523914 2020] [proxy_fcgi:error] [pid 16376:tid 139803920152320] [client 185.112.82.239:38998] AH01071: Got error 'Primary script unknown\n', referer: http://www.saratogahistory.com/index.php
[Sun Oct 11 11:08:07.901583 2020] [proxy_fcgi:error] [pid 16376:tid 139803676849920] [client 185.112.82.239:39002] AH01071: Got error 'Primary script unknown\n', referer: http://www.saratogahistory.com/index.php
[Sun Oct 11 11:08:08.178458 2020] [proxy_fcgi:error] [pid 16376:tid 139803729299200] [client 185.112.82.239:39010] AH01071: Got error 'Primary script unknown\n', referer: http://www.saratogahistory.com/index.php
[Sun Oct 11 11:48:23.525917 2020] [core:crit] [pid 16376:tid 139803899172608] (13)Permission denied: [client 199.249.230.88:33878] AH00529: /var/www/vhosts/saratogahistory.com/httpdocs/phpBB/.htaccess pcfg_openfile: unable to check htaccess file, ensure it is readable and that '/var/www/vhosts/saratogahistory.com/httpdocs/phpBB/' is executable, referer: http://www.saratogahistory.com/phpBB/index.php
[Sun Oct 11 12:45:26.126106 2020] [core:crit] [pid 3952:tid 139803697829632] (13)Permission denied: [client 31.220.3.108:50636] AH00529: /var/www/vhosts/saratogahistory.com/httpdocs/phpBB/.htaccess pcfg_openfile: unable to check htaccess file, ensure it is readable and that '/var/www/vhosts/saratogahistory.com/httpdocs/phpBB/' is executable, referer: http://www.saratogahistory.com/phpBB/index.php
[Sun Oct 11 13:04:56.407221 2020] [core:crit] [pid 3951:tid 139803655870208] (13)Permission denied: [client 185.112.82.239:47414] AH00529: /var/www/vhosts/saratogahistory.com/httpdocs/phpBB/.htaccess pcfg_openfile: unable to check htaccess file, ensure it is readable and that '/var/www/vhosts/saratogahistory.com/httpdocs/phpBB/' is executable, referer: http://www.saratogahistory.com/phpBB/index.php
[Sun Oct 11 13:04:57.833540 2020] [proxy_fcgi:error] [pid 3951:tid 139803624400640] [client 185.112.82.239:47428] AH01071: Got error 'Primary script unknown\n', referer: http://www.saratogahistory.com/index.php
[Sun Oct 11 13:04:58.083331 2020] [proxy_fcgi:error] [pid 3951:tid 139803634890496] [client 185.112.82.239:47432] AH01071: Got error 'Primary script unknown\n', referer: http://www.saratogahistory.com/index.php
[Sun Oct 11 13:04:58.327570 2020] [proxy_fcgi:error] [pid 3951:tid 139803613910784] [client 185.112.82.239:47442] AH01071: Got error 'Primary script unknown\n', referer: http://www.saratogahistory.com/index.php
[Sun Oct 11 14:20:56.400623 2020] [core:crit] [pid 3952:tid 139803750278912] (13)Permission denied: [client 157.55.39.4:37460] AH00529: /var/www/vhosts/saratogahistory.com/httpdocs/phpBB/.htaccess pcfg_openfile: unable to check htaccess file, ensure it is readable and that '/var/www/vhosts/saratogahistory.com/httpdocs/phpBB/' is executable
[Sun Oct 11 14:24:33.750412 2020] [core:crit] [pid 3951:tid 139803624400640] (13)Permission denied: [client 45.87.248.58:43426] AH00529: /var/www/vhosts/saratogahistory.com/httpdocs/phpBB/.htaccess pcfg_openfile: unable to check htaccess file, ensure it is readable and that '/var/www/vhosts/saratogahistory.com/httpdocs/phpBB/' is executable, referer: http://www.saratogahistory.com/
[Sun Oct 11 14:24:34.333265 2020] [core:crit] [pid 3951:tid 139803634890496] (13)Permission denied: [client 85.209.130.39:43444] AH00529: /var/www/vhosts/saratogahistory.com/httpdocs/phpBB/.htaccess pcfg_openfile: unable to check htaccess file, ensure it is readable and that '/var/www/vhosts/saratogahistory.com/httpdocs/phpBB/' is executable, referer: http://www.saratogahistory.com/
[Sun Oct 11 14:24:34.950756 2020] [core:crit] [pid 16376:tid 139803655870208] (13)Permission denied: [client 193.8.215.216:43452] AH00529: /var/www/vhosts/saratogahistory.com/httpdocs/phpBB/.htaccess pcfg_openfile: unable to check htaccess file, ensure it is readable and that '/var/www/vhosts/saratogahistory.com/httpdocs/phpBB/' is executable, referer: http://www.saratogahistory.com/
[Sun Oct 11 14:24:35.937825 2020] [core:crit] [pid 3951:tid 139803613910784] (13)Permission denied: [client 2.56.101.87:43474] AH00529: /var/www/vhosts/saratogahistory.com/httpdocs/phpBB/.htaccess pcfg_openfile: unable to check htaccess file, ensure it is readable and that '/var/www/vhosts/saratogahistory.com/httpdocs/phpBB/' is executable, referer: http://www.saratogahistory.com/
[Sun Oct 11 14:57:14.711742 2020] [core:crit] [pid 3951:tid 139803920152320] (13)Permission denied: [client 51.81.83.136:35708] AH00529: /var/www/vhosts/saratogahistory.com/httpdocs/phpBB/.htaccess pcfg_openfile: unable to check htaccess file, ensure it is readable and that '/var/www/vhosts/saratogahistory.com/httpdocs/phpBB/' is executable, referer: http://www.saratogahistory.com/phpBB/index.php
[Sun Oct 11 15:07:40.674150 2020] [core:crit] [pid 3951:tid 139803802728192] (13)Permission denied: [client 185.25.35.15:51954] AH00529: /var/www/vhosts/saratogahistory.com/httpdocs/phpBB/.htaccess pcfg_openfile: unable to check htaccess file, ensure it is readable and that '/var/www/vhosts/saratogahistory.com/httpdocs/phpBB/' is executable
[Sun Oct 11 16:05:14.832406 2020] [core:crit] [pid 3952:tid 139803920152320] (13)Permission denied: [client 176.10.99.200:50772] AH00529: /var/www/vhosts/saratogahistory.com/httpdocs/phpBB/.htaccess pcfg_openfile: unable to check htaccess file, ensure it is readable and that '/var/www/vhosts/saratogahistory.com/httpdocs/phpBB/' is executable, referer: http://www.saratogahistory.com/phpBB/index.php
[Sun Oct 11 16:13:54.275070 2020] [core:crit] [pid 16376:tid 139803645380352] (13)Permission denied: [client 93.158.161.10:33208] AH00529: /var/www/vhosts/saratogahistory.com/httpdocs/phpBB/.htaccess pcfg_openfile: unable to check htaccess file, ensure it is readable and that '/var/www/vhosts/saratogahistory.com/httpdocs/phpBB/' is executable
[Sun Oct 11 16:16:30.476505 2020] [core:crit] [pid 3952:tid 139803899172608] (13)Permission denied: [client 185.25.35.11:43552] AH00529: /var/www/vhosts/saratogahistory.com/httpdocs/phpBB/.htaccess pcfg_openfile: unable to check htaccess file, ensure it is readable and that '/var/www/vhosts/saratogahistory.com/httpdocs/phpBB/' is executable
[Sun Oct 11 16:56:33.171468 2020] [core:crit] [pid 16376:tid 139803697829632] (13)Permission denied: [client 51.81.84.154:43420] AH00529: /var/www/vhosts/saratogahistory.com/httpdocs/phpBB/.htaccess pcfg_openfile: unable to check htaccess file, ensure it is readable and that '/var/www/vhosts/saratogahistory.com/httpdocs/phpBB/' is executable, referer: http://www.saratogahistory.com/phpBB/index.php
[Sun Oct 11 16:56:57.277499 2020] [core:crit] [pid 16376:tid 139803603420928] (13)Permission denied: [client 185.25.35.13:43856] AH00529: /var/www/vhosts/saratogahistory.com/httpdocs/phpBB/.htaccess pcfg_openfile: unable to check htaccess file, ensure it is readable and that '/var/www/vhosts/saratogahistory.com/httpdocs/phpBB/' is executable
[Sun Oct 11 17:11:41.906188 2020] [core:crit] [pid 16376:tid 139803655870208] (13)Permission denied: [client 185.25.35.12:35300] AH00529: /var/www/vhosts/saratogahistory.com/httpdocs/phpBB/.htaccess pcfg_openfile: unable to check htaccess file, ensure it is readable and that '/var/www/vhosts/saratogahistory.com/httpdocs/phpBB/' is executable
[Sun Oct 11 17:44:07.998652 2020] [core:crit] [pid 16376:tid 139803697829632] (13)Permission denied: [client 168.90.199.45:50210] AH00529: /var/www/vhosts/saratogahistory.com/httpdocs/phpBB/.htaccess pcfg_openfile: unable to check htaccess file, ensure it is readable and that '/var/www/vhosts/saratogahistory.com/httpdocs/phpBB/' is executable, referer: http://www.saratogahistory.com/
[Sun Oct 11 17:44:08.749033 2020] [core:crit] [pid 16376:tid 139803888682752] (13)Permission denied: [client 144.168.213.195:50220] AH00529: /var/www/vhosts/saratogahistory.com/httpdocs/phpBB/.htaccess pcfg_openfile: unable to check htaccess file, ensure it is readable and that '/var/www/vhosts/saratogahistory.com/httpdocs/phpBB/' is executable, referer: http://www.saratogahistory.com/
[Sun Oct 11 17:44:09.958756 2020] [core:crit] [pid 3951:tid 139803909662464] (13)Permission denied: [client 196.245.184.144:50262] AH00529: /var/www/vhosts/saratogahistory.com/httpdocs/phpBB/.htaccess pcfg_openfile: unable to check htaccess file, ensure it is readable and that '/var/www/vhosts/saratogahistory.com/httpdocs/phpBB/' is executable, referer: http://www.saratogahistory.com/
[Sun Oct 11 17:44:10.794706 2020] [core:crit] [pid 16376:tid 139803603420928] (13)Permission denied: [client 168.90.199.130:50286] AH00529: /var/www/vhosts/saratogahistory.com/httpdocs/phpBB/.htaccess pcfg_openfile: unable to check htaccess file, ensure it is readable and that '/var/www/vhosts/saratogahistory.com/httpdocs/phpBB/' is executable, referer: http://www.saratogahistory.com/
[Sun Oct 11 19:04:54.548520 2020] [core:crit] [pid 16376:tid 139803792238336] (13)Permission denied: [client 178.159.37.139:43620] AH00529: /var/www/vhosts/saratogahistory.com/httpdocs/phpBB/.htaccess pcfg_openfile: unable to check htaccess file, ensure it is readable and that '/var/www/vhosts/saratogahistory.com/httpdocs/phpBB/' is executable, referer: http://www.saratogahistory.com/phpBB/index.php
[Sun Oct 11 19:04:56.936608 2020] [proxy_fcgi:error] [pid 3951:tid 139803899172608] [client 178.159.37.139:43654] AH01071: Got error 'Primary script unknown\n', referer: http://www.saratogahistory.com/index.php
[Sun Oct 11 19:04:57.203217 2020] [proxy_fcgi:error] [pid 16376:tid 139803888682752] [client 178.159.37.139:43662] AH01071: Got error 'Primary script unknown\n', referer: http://www.saratogahistory.com/index.php
[Sun Oct 11 19:04:57.471071 2020] [proxy_fcgi:error] [pid 16376:tid 139803603420928] [client 178.159.37.139:43666] AH01071: Got error 'Primary script unknown\n', referer: http://www.saratogahistory.com/index.php
[Sun Oct 11 19:30:55.471918 2020] [core:crit] [pid 16376:tid 139803909662464] (13)Permission denied: [client 23.106.58.156:46792] AH00529: /var/www/vhosts/saratogahistory.com/httpdocs/phpBB/.htaccess pcfg_openfile: unable to check htaccess file, ensure it is readable and that '/var/www/vhosts/saratogahistory.com/httpdocs/phpBB/' is executable, referer: http://www.saratogahistory.com/phpBB/index.php
[Sun Oct 11 19:45:50.674844 2020] [proxy_fcgi:error] [pid 16376:tid 139803771258624] [client 119.45.239.252:36092] AH01071: Got error 'Primary script unknown\n'
[Sun Oct 11 21:08:09.139514 2020] [core:crit] [pid 3951:tid 139803899172608] (13)Permission denied: [client 185.220.101.130:54278] AH00529: /var/www/vhosts/saratogahistory.com/httpdocs/phpBB/.htaccess pcfg_openfile: unable to check htaccess file, ensure it is readable and that '/var/www/vhosts/saratogahistory.com/httpdocs/phpBB/' is executable, referer: http://www.saratogahistory.com/phpBB/index.php
[Sun Oct 11 21:34:32.314629 2020] [core:crit] [pid 16376:tid 139803888682752] (13)Permission denied: [client 185.25.35.12:57758] AH00529: /var/www/vhosts/saratogahistory.com/httpdocs/phpBB/.htaccess pcfg_openfile: unable to check htaccess file, ensure it is readable and that '/var/www/vhosts/saratogahistory.com/httpdocs/phpBB/' is executable
[Sun Oct 11 21:52:32.999161 2020] [core:crit] [pid 16376:tid 139803676849920] (13)Permission denied: [client 185.32.222.169:49536] AH00529: /var/www/vhosts/saratogahistory.com/httpdocs/phpBB/.htaccess pcfg_openfile: unable to check htaccess file, ensure it is readable and that '/var/www/vhosts/saratogahistory.com/httpdocs/phpBB/' is executable, referer: http://www.saratogahistory.com/phpBB/index.php
[Sun Oct 11 22:17:44.066943 2020] [core:crit] [pid 16376:tid 139803613910784] (13)Permission denied: [client 176.114.153.64:57474] AH00529: /var/www/vhosts/saratogahistory.com/httpdocs/phpBB/.htaccess pcfg_openfile: unable to check htaccess file, ensure it is readable and that '/var/www/vhosts/saratogahistory.com/httpdocs/phpBB/' is executable, referer: http://www.saratogahistory.com/phpBB/index.php
[Sun Oct 11 22:17:52.209314 2020] [proxy_fcgi:error] [pid 16376:tid 139803634890496] [client 176.114.153.64:57528] AH01071: Got error 'Primary script unknown\n', referer: http://www.saratogahistory.com/index.php
[Sun Oct 11 22:17:52.654226 2020] [proxy_fcgi:error] [pid 16376:tid 139803760768768] [client 176.114.153.64:57550] AH01071: Got error 'Primary script unknown\n', referer: http://www.saratogahistory.com/index.php
[Sun Oct 11 22:17:53.039528 2020] [proxy_fcgi:error] [pid 16376:tid 139803899172608] [client 176.114.153.64:57556] AH01071: Got error 'Primary script unknown\n', referer: http://www.saratogahistory.com/index.php
[Sun Oct 11 22:24:53.483960 2020] [core:crit] [pid 16376:tid 139803718809344] (13)Permission denied: [client 185.25.35.12:37104] AH00529: /var/www/vhosts/saratogahistory.com/httpdocs/phpBB/.htaccess pcfg_openfile: unable to check htaccess file, ensure it is readable and that '/var/www/vhosts/saratogahistory.com/httpdocs/phpBB/' is executable
[Sun Oct 11 23:02:43.172248 2020] [core:crit] [pid 3951:tid 139803697829632] (13)Permission denied: [client 51.79.86.175:53132] AH00529: /var/www/vhosts/saratogahistory.com/httpdocs/phpBB/.htaccess pcfg_openfile: unable to check htaccess file, ensure it is readable and that '/var/www/vhosts/saratogahistory.com/httpdocs/phpBB/' is executable, referer: http://www.saratogahistory.com/phpBB/index.php
[Sun Oct 11 23:09:04.791173 2020] [core:crit] [pid 16376:tid 139803634890496] (13)Permission denied: [client 185.25.35.8:60894] AH00529: /var/www/vhosts/saratogahistory.com/httpdocs/phpBB/.htaccess pcfg_openfile: unable to check htaccess file, ensure it is readable and that '/var/www/vhosts/saratogahistory.com/httpdocs/phpBB/' is executable
[Sun Oct 11 23:23:41.168045 2020] [core:crit] [pid 16376:tid 139803655870208] (13)Permission denied: [client 185.25.35.9:51372] AH00529: /var/www/vhosts/saratogahistory.com/httpdocs/phpBB/.htaccess pcfg_openfile: unable to check htaccess file, ensure it is readable and that '/var/www/vhosts/saratogahistory.com/httpdocs/phpBB/' is executable
[Mon Oct 12 00:24:17.635615 2020] [core:crit] [pid 3951:tid 139803739789056] (13)Permission denied: [client 185.246.210.7:39932] AH00529: /var/www/vhosts/saratogahistory.com/httpdocs/phpBB/.htaccess pcfg_openfile: unable to check htaccess file, ensure it is readable and that '/var/www/vhosts/saratogahistory.com/httpdocs/phpBB/' is executable, referer: http://www.saratogahistory.com/phpBB/index.php
[Mon Oct 12 01:32:39.866413 2020] [core:crit] [pid 16376:tid 139803802728192] (13)Permission denied: [client 51.195.149.99:41032] AH00529: /var/www/vhosts/saratogahistory.com/httpdocs/phpBB/.htaccess pcfg_openfile: unable to check htaccess file, ensure it is readable and that '/var/www/vhosts/saratogahistory.com/httpdocs/phpBB/' is executable, referer: http://www.saratogahistory.com/phpBB/index.php
[Mon Oct 12 02:19:02.368514 2020] [core:crit] [pid 16376:tid 139803666360064] (13)Permission denied: [client 104.238.59.109:54360] AH00529: /var/www/vhosts/saratogahistory.com/httpdocs/phpBB/.htaccess pcfg_openfile: unable to check htaccess file, ensure it is readable and that '/var/www/vhosts/saratogahistory.com/httpdocs/phpBB/' is executable, referer: http://www.saratogahistory.com/phpBB/index.php
[Mon Oct 12 02:33:29.938064 2020] [core:crit] [pid 16376:tid 139803676849920] (13)Permission denied: [client 51.81.83.139:47002] AH00529: /var/www/vhosts/saratogahistory.com/httpdocs/phpBB/.htaccess pcfg_openfile: unable to check htaccess file, ensure it is readable and that '/var/www/vhosts/saratogahistory.com/httpdocs/phpBB/' is executable, referer: http://www.saratogahistory.com/phpBB/index.php
[Mon Oct 12 02:57:56.268526 2020] [core:crit] [pid 3951:tid 139803899172608] (13)Permission denied: [client 45.125.65.31:49850] AH00529: /var/www/vhosts/saratogahistory.com/httpdocs/phpBB/.htaccess pcfg_openfile: unable to check htaccess file, ensure it is readable and that '/var/www/vhosts/saratogahistory.com/httpdocs/phpBB/' is executable, referer: http://www.saratogahistory.com/phpBB/index.php
[Mon Oct 12 03:03:56.411661 2020] [core:crit] [pid 3951:tid 139803792238336] (13)Permission denied: [client 95.214.8.86:57872] AH00529: /var/www/vhosts/saratogahistory.com/httpdocs/phpBB/.htaccess pcfg_openfile: unable to check htaccess file, ensure it is readable and that '/var/www/vhosts/saratogahistory.com/httpdocs/phpBB/' is executable, referer: http://www.saratogahistory.com/phpBB/
[Mon Oct 12 03:05:54.163136 2020] [core:crit] [pid 16376:tid 139803888682752] (13)Permission denied: [client 188.163.109.153:33156] AH00529: /var/www/vhosts/saratogahistory.com/httpdocs/phpBB/.htaccess pcfg_openfile: unable to check htaccess file, ensure it is readable and that '/var/www/vhosts/saratogahistory.com/httpdocs/phpBB/' is executable, referer: http://www.saratogahistory.com/phpBB/index.php
[Mon Oct 12 03:26:05.481228 2020] [core:crit] [pid 16376:tid 139803666360064] (13)Permission denied: [client 185.216.195.194:36568] AH00529: /var/www/vhosts/saratogahistory.com/httpdocs/phpBB/.htaccess pcfg_openfile: unable to check htaccess file, ensure it is readable and that '/var/www/vhosts/saratogahistory.com/httpdocs/phpBB/' is executable, referer: http://www.saratogahistory.com/phpBB/
[Mon Oct 12 03:59:40.487265 2020] [core:crit] [pid 16376:tid 139803771258624] (13)Permission denied: [client 185.25.35.8:53674] AH00529: /var/www/vhosts/saratogahistory.com/httpdocs/phpBB/.htaccess pcfg_openfile: unable to check htaccess file, ensure it is readable and that '/var/www/vhosts/saratogahistory.com/httpdocs/phpBB/' is executable
[Mon Oct 12 03:59:57.132204 2020] [core:crit] [pid 3951:tid 139803624400640] (13)Permission denied: [client 104.238.46.174:53816] AH00529: /var/www/vhosts/saratogahistory.com/httpdocs/phpBB/.htaccess pcfg_openfile: unable to check htaccess file, ensure it is readable and that '/var/www/vhosts/saratogahistory.com/httpdocs/phpBB/' is executable, referer: http://www.saratogahistory.com/phpBB/index.php
[Mon Oct 12 05:04:29.907207 2020] [core:crit] [pid 3951:tid 139803920152320] (13)Permission denied: [client 185.25.35.9:34240] AH00529: /var/www/vhosts/saratogahistory.com/httpdocs/phpBB/.htaccess pcfg_openfile: unable to check htaccess file, ensure it is readable and that '/var/www/vhosts/saratogahistory.com/httpdocs/phpBB/' is executable
[Mon Oct 12 05:42:50.626300 2020] [core:crit] [pid 16376:tid 139803655870208] (13)Permission denied: [client 185.25.35.10:58544] AH00529: /var/www/vhosts/saratogahistory.com/httpdocs/phpBB/.htaccess pcfg_openfile: unable to check htaccess file, ensure it is readable and that '/var/www/vhosts/saratogahistory.com/httpdocs/phpBB/' is executable
[Mon Oct 12 05:49:08.848661 2020] [core:crit] [pid 16376:tid 139803687339776] (13)Permission denied: [client 83.97.20.39:37578] AH00529: /var/www/vhosts/saratogahistory.com/httpdocs/phpBB/.htaccess pcfg_openfile: unable to check htaccess file, ensure it is readable and that '/var/www/vhosts/saratogahistory.com/httpdocs/phpBB/' is executable, referer: http://www.saratogahistory.com/phpBB/index.php
[Mon Oct 12 05:56:40.586384 2020] [core:crit] [pid 16376:tid 139803666360064] (13)Permission denied: [client 185.25.35.12:47464] AH00529: /var/www/vhosts/saratogahistory.com/httpdocs/phpBB/.htaccess pcfg_openfile: unable to check htaccess file, ensure it is readable and that '/var/www/vhosts/saratogahistory.com/httpdocs/phpBB/' is executable
[Mon Oct 12 06:28:45.454347 2020] [core:crit] [pid 16376:tid 139803739789056] (13)Permission denied: [client 185.220.101.202:60840] AH00529: /var/www/vhosts/saratogahistory.com/httpdocs/phpBB/.htaccess pcfg_openfile: unable to check htaccess file, ensure it is readable and that '/var/www/vhosts/saratogahistory.com/httpdocs/phpBB/' is executable, referer: http://www.saratogahistory.com/phpBB/index.php
[Mon Oct 12 08:26:10.154286 2020] [core:crit] [pid 3952:tid 139803634890496] (13)Permission denied: [client 45.10.232.74:36014] AH00529: /var/www/vhosts/saratogahistory.com/httpdocs/phpBB/.htaccess pcfg_openfile: unable to check htaccess file, ensure it is readable and that '/var/www/vhosts/saratogahistory.com/httpdocs/phpBB/' is executable, referer: http://www.saratogahistory.com/phpBB/index.php
[Mon Oct 12 08:26:55.635386 2020] [core:crit] [pid 16376:tid 139803909662464] (13)Permission denied: [client 5.196.23.219:36800] AH00529: /var/www/vhosts/saratogahistory.com/httpdocs/phpBB/.htaccess pcfg_openfile: unable to check htaccess file, ensure it is readable and that '/var/www/vhosts/saratogahistory.com/httpdocs/phpBB/' is executable, referer: http://www.saratogahistory.com/phpBB/index.php
[Mon Oct 12 08:26:57.802334 2020] [core:crit] [pid 16376:tid 139803634890496] (13)Permission denied: [client 5.196.23.219:36818] AH00529: /var/www/vhosts/saratogahistory.com/httpdocs/phpBB/.htaccess pcfg_openfile: unable to check htaccess file, ensure it is readable and that '/var/www/vhosts/saratogahistory.com/httpdocs/phpBB/' is executable, referer: http://www.saratogahistory.com/phpBB/index.php
[Mon Oct 12 08:27:01.525415 2020] [core:crit] [pid 3951:tid 139803603420928] (13)Permission denied: [client 5.196.23.219:36914] AH00529: /var/www/vhosts/saratogahistory.com/httpdocs/phpBB/.htaccess pcfg_openfile: unable to check htaccess file, ensure it is readable and that '/var/www/vhosts/saratogahistory.com/httpdocs/phpBB/' is executable, referer: http://www.saratogahistory.com/phpBB/index.php
[Mon Oct 12 08:31:06.069697 2020] [proxy_fcgi:error] [pid 3951:tid 139803920152320] [client 111.231.200.12:44318] AH01071: Got error 'Primary script unknown\n'
[Mon Oct 12 09:10:07.546795 2020] [core:crit] [pid 16376:tid 139803634890496] (13)Permission denied: [client 209.141.34.95:39242] AH00529: /var/www/vhosts/saratogahistory.com/httpdocs/phpBB/.htaccess pcfg_openfile: unable to check htaccess file, ensure it is readable and that '/var/www/vhosts/saratogahistory.com/httpdocs/phpBB/' is executable, referer: http://www.saratogahistory.com/phpBB/index.php
[Mon Oct 12 09:36:04.684449 2020] [proxy_fcgi:error] [pid 16376:tid 139803613910784] [client 110.229.218.54:47448] AH01071: Got error 'Primary script unknown\n'
[Mon Oct 12 09:56:49.764858 2020] [core:crit] [pid 3951:tid 139803760768768] (13)Permission denied: [client 41.66.246.130:45994] AH00529: /var/www/vhosts/saratogahistory.com/httpdocs/phpBB/.htaccess pcfg_openfile: unable to check htaccess file, ensure it is readable and that '/var/www/vhosts/saratogahistory.com/httpdocs/phpBB/' is executable, referer: http://www.saratogahistory.com/phpBB/index.php
[Mon Oct 12 09:56:53.023138 2020] [proxy_fcgi:error] [pid 16376:tid 139803687339776] [client 41.66.246.130:46060] AH01071: Got error 'Primary script unknown\n', referer: http://www.saratogahistory.com/index.php
[Mon Oct 12 09:56:53.944430 2020] [proxy_fcgi:error] [pid 16376:tid 139803676849920] [client 41.66.246.130:46074] AH01071: Got error 'Primary script unknown\n', referer: http://www.saratogahistory.com/index.php
[Mon Oct 12 09:56:54.805016 2020] [proxy_fcgi:error] [pid 16376:tid 139803729299200] [client 41.66.246.130:46094] AH01071: Got error 'Primary script unknown\n', referer: http://www.saratogahistory.com/index.php
[Mon Oct 12 10:02:34.204748 2020] [core:crit] [pid 16376:tid 139803708319488] (13)Permission denied: [client 207.46.13.83:53546] AH00529: /var/www/vhosts/saratogahistory.com/httpdocs/phpBB/.htaccess pcfg_openfile: unable to check htaccess file, ensure it is readable and that '/var/www/vhosts/saratogahistory.com/httpdocs/phpBB/' is executable
[Mon Oct 12 10:03:46.694528 2020] [core:crit] [pid 3951:tid 139803729299200] (13)Permission denied: [client 37.115.200.35:54574] AH00529: /var/www/vhosts/saratogahistory.com/httpdocs/phpBB/.htaccess pcfg_openfile: unable to check htaccess file, ensure it is readable and that '/var/www/vhosts/saratogahistory.com/httpdocs/phpBB/' is executable, referer: http://www.saratogahistory.com/phpBB/index.php
[Mon Oct 12 10:48:38.787811 2020] [proxy_fcgi:error] [pid 16376:tid 139803708319488] [client 146.59.172.62:34104] AH01071: Got error 'Primary script unknown\n', referer: http://saratogahistory.com/wp-login.php
[Mon Oct 12 11:00:40.749182 2020] [core:crit] [pid 16376:tid 139803888682752] (13)Permission denied: [client 185.25.35.15:48928] AH00529: /var/www/vhosts/saratogahistory.com/httpdocs/phpBB/.htaccess pcfg_openfile: unable to check htaccess file, ensure it is readable and that '/var/www/vhosts/saratogahistory.com/httpdocs/phpBB/' is executable
[Mon Oct 12 11:34:08.353586 2020] [proxy_fcgi:error] [pid 16376:tid 139803676849920] [client 110.229.218.54:34170] AH01071: Got error 'Primary script unknown\n'
[Mon Oct 12 11:52:11.698064 2020] [core:crit] [pid 3951:tid 139803718809344] (13)Permission denied: [client 185.191.126.212:56220] AH00529: /var/www/vhosts/saratogahistory.com/httpdocs/phpBB/.htaccess pcfg_openfile: unable to check htaccess file, ensure it is readable and that '/var/www/vhosts/saratogahistory.com/httpdocs/phpBB/' is executable, referer: http://www.saratogahistory.com/phpBB/index.php
[Mon Oct 12 12:02:47.309056 2020] [core:crit] [pid 16376:tid 139803760768768] (13)Permission denied: [client 185.25.35.11:47492] AH00529: /var/www/vhosts/saratogahistory.com/httpdocs/phpBB/.htaccess pcfg_openfile: unable to check htaccess file, ensure it is readable and that '/var/www/vhosts/saratogahistory.com/httpdocs/phpBB/' is executable
[Mon Oct 12 12:31:51.020467 2020] [core:crit] [pid 16376:tid 139803697829632] (13)Permission denied: [client 23.129.64.200:33592] AH00529: /var/www/vhosts/saratogahistory.com/httpdocs/phpBB/.htaccess pcfg_openfile: unable to check htaccess file, ensure it is readable and that '/var/www/vhosts/saratogahistory.com/httpdocs/phpBB/' is executable, referer: http://www.saratogahistory.com/phpBB/index.php
[Mon Oct 12 12:48:55.449524 2020] [core:crit] [pid 3950:tid 139803687339776] (13)Permission denied: [client 91.211.251.192:55756] AH00529: /var/www/vhosts/saratogahistory.com/httpdocs/phpBB/.htaccess pcfg_openfile: unable to check htaccess file, ensure it is readable and that '/var/www/vhosts/saratogahistory.com/httpdocs/phpBB/' is executable, referer: http://www.saratogahistory.com/phpBB/index.php
[Mon Oct 12 12:50:35.230812 2020] [core:crit] [pid 3952:tid 139803624400640] (13)Permission denied: [client 185.25.35.12:57876] AH00529: /var/www/vhosts/saratogahistory.com/httpdocs/phpBB/.htaccess pcfg_openfile: unable to check htaccess file, ensure it is readable and that '/var/www/vhosts/saratogahistory.com/httpdocs/phpBB/' is executable
[Mon Oct 12 13:04:34.241999 2020] [core:crit] [pid 3952:tid 139803603420928] (13)Permission denied: [client 185.25.35.8:49306] AH00529: /var/www/vhosts/saratogahistory.com/httpdocs/phpBB/.htaccess pcfg_openfile: unable to check htaccess file, ensure it is readable and that '/var/www/vhosts/saratogahistory.com/httpdocs/phpBB/' is executable
[Mon Oct 12 14:07:36.878190 2020] [core:crit] [pid 16376:tid 139803634890496] (13)Permission denied: [client 23.129.64.205:52590] AH00529: /var/www/vhosts/saratogahistory.com/httpdocs/phpBB/.htaccess pcfg_openfile: unable to check htaccess file, ensure it is readable and that '/var/www/vhosts/saratogahistory.com/httpdocs/phpBB/' is executable, referer: http://www.saratogahistory.com/phpBB/index.php
[Mon Oct 12 14:07:40.894967 2020] [proxy_fcgi:error] [pid 16376:tid 139803739789056] [client 104.244.72.38:52666] AH01071: Got error 'Primary script unknown\n', referer: http://www.saratogahistory.com/index.php
[Mon Oct 12 14:07:41.869474 2020] [proxy_fcgi:error] [pid 16376:tid 139803718809344] [client 91.219.238.207:52676] AH01071: Got error 'Primary script unknown\n', referer: http://www.saratogahistory.com/index.php
[Mon Oct 12 14:07:43.107665 2020] [proxy_fcgi:error] [pid 16376:tid 139803750278912] [client 209.95.51.11:52690] AH01071: Got error 'Primary script unknown\n', referer: http://www.saratogahistory.com/index.php
[Mon Oct 12 14:16:46.709653 2020] [core:crit] [pid 3951:tid 139803781748480] (13)Permission denied: [client 45.141.156.54:36372] AH00529: /var/www/vhosts/saratogahistory.com/httpdocs/phpBB/.htaccess pcfg_openfile: unable to check htaccess file, ensure it is readable and that '/var/www/vhosts/saratogahistory.com/httpdocs/phpBB/' is executable, referer: http://www.saratogahistory.com/phpBB/
[Mon Oct 12 14:35:16.268520 2020] [proxy_fcgi:error] [pid 3951:tid 139803708319488] [client 207.148.95.87:60106] AH01071: Got error 'Primary script unknown\n', referer: http://saratogahistory.com/wp-login.php
[Mon Oct 12 15:32:00.565533 2020] [core:crit] [pid 16376:tid 139803645380352] (13)Permission denied: [client 185.246.210.7:51844] AH00529: /var/www/vhosts/saratogahistory.com/httpdocs/phpBB/.htaccess pcfg_openfile: unable to check htaccess file, ensure it is readable and that '/var/www/vhosts/saratogahistory.com/httpdocs/phpBB/' is executable, referer: http://www.saratogahistory.com/phpBB/index.php
[Mon Oct 12 16:03:09.556021 2020] [core:crit] [pid 16376:tid 139803592931072] (13)Permission denied: [client 51.81.254.17:35454] AH00529: /var/www/vhosts/saratogahistory.com/httpdocs/phpBB/.htaccess pcfg_openfile: unable to check htaccess file, ensure it is readable and that '/var/www/vhosts/saratogahistory.com/httpdocs/phpBB/' is executable, referer: http://www.saratogahistory.com/phpBB/index.php
[Mon Oct 12 16:28:07.304081 2020] [core:crit] [pid 16376:tid 139803624400640] (13)Permission denied: [client 185.220.101.205:52724] AH00529: /var/www/vhosts/saratogahistory.com/httpdocs/phpBB/.htaccess pcfg_openfile: unable to check htaccess file, ensure it is readable and that '/var/www/vhosts/saratogahistory.com/httpdocs/phpBB/' is executable, referer: http://www.saratogahistory.com/phpBB/index.php
[Mon Oct 12 17:02:09.778332 2020] [core:crit] [pid 16376:tid 139803888682752] (13)Permission denied: [client 95.214.8.86:45590] AH00529: /var/www/vhosts/saratogahistory.com/httpdocs/phpBB/.htaccess pcfg_openfile: unable to check htaccess file, ensure it is readable and that '/var/www/vhosts/saratogahistory.com/httpdocs/phpBB/' is executable, referer: http://www.saratogahistory.com/phpBB/
[Mon Oct 12 17:03:15.388495 2020] [core:crit] [pid 16376:tid 139803697829632] (13)Permission denied: [client 192.157.56.101:47150] AH00529: /var/www/vhosts/saratogahistory.com/httpdocs/phpBB/.htaccess pcfg_openfile: unable to check htaccess file, ensure it is readable and that '/var/www/vhosts/saratogahistory.com/httpdocs/phpBB/' is executable, referer: http://www.saratogahistory.com/
[Mon Oct 12 17:03:15.560035 2020] [core:crit] [pid 3952:tid 139803624400640] (13)Permission denied: [client 192.241.80.239:47152] AH00529: /var/www/vhosts/saratogahistory.com/httpdocs/phpBB/.htaccess pcfg_openfile: unable to check htaccess file, ensure it is readable and that '/var/www/vhosts/saratogahistory.com/httpdocs/phpBB/' is executable, referer: http://www.saratogahistory.com/
[Mon Oct 12 17:03:15.724854 2020] [core:crit] [pid 3950:tid 139803888682752] (13)Permission denied: [client 23.229.25.92:47160] AH00529: /var/www/vhosts/saratogahistory.com/httpdocs/phpBB/.htaccess pcfg_openfile: unable to check htaccess file, ensure it is readable and that '/var/www/vhosts/saratogahistory.com/httpdocs/phpBB/' is executable, referer: http://www.saratogahistory.com/
[Mon Oct 12 17:03:15.878652 2020] [core:crit] [pid 3951:tid 139803655870208] (13)Permission denied: [client 104.144.249.90:47166] AH00529: /var/www/vhosts/saratogahistory.com/httpdocs/phpBB/.htaccess pcfg_openfile: unable to check htaccess file, ensure it is readable and that '/var/www/vhosts/saratogahistory.com/httpdocs/phpBB/' is executable, referer: http://www.saratogahistory.com/
[Mon Oct 12 17:41:53.067322 2020] [core:crit] [pid 16376:tid 139803771258624] (13)Permission denied: [client 37.115.200.35:50734] AH00529: /var/www/vhosts/saratogahistory.com/httpdocs/phpBB/.htaccess pcfg_openfile: unable to check htaccess file, ensure it is readable and that '/var/www/vhosts/saratogahistory.com/httpdocs/phpBB/' is executable, referer: http://www.saratogahistory.com/phpBB/index.php
[Mon Oct 12 17:47:07.969415 2020] [autoindex:error] [pid 3952:tid 139803899172608] [client 216.244.66.235:60328] AH01276: Cannot serve directory /var/www/vhosts/saratogahistory.com/httpdocs/grandview/: No matching DirectoryIndex (index.html,index.cgi,index.pl,index.php,index.xhtml,index.htm,index.shtml) found, and server-generated directory index forbidden by Options directive
[Mon Oct 12 17:47:34.075871 2020] [core:crit] [pid 3951:tid 139803899172608] (13)Permission denied: [client 185.25.35.9:32838] AH00529: /var/www/vhosts/saratogahistory.com/httpdocs/phpBB/.htaccess pcfg_openfile: unable to check htaccess file, ensure it is readable and that '/var/www/vhosts/saratogahistory.com/httpdocs/phpBB/' is executable
[Mon Oct 12 18:54:37.540053 2020] [core:crit] [pid 16376:tid 139803802728192] (13)Permission denied: [client 185.25.35.8:38190] AH00529: /var/www/vhosts/saratogahistory.com/httpdocs/phpBB/.htaccess pcfg_openfile: unable to check htaccess file, ensure it is readable and that '/var/www/vhosts/saratogahistory.com/httpdocs/phpBB/' is executable
[Mon Oct 12 18:55:20.459749 2020] [core:crit] [pid 16376:tid 139803613910784] (13)Permission denied: [client 142.234.202.69:39190] AH00529: /var/www/vhosts/saratogahistory.com/httpdocs/phpBB/.htaccess pcfg_openfile: unable to check htaccess file, ensure it is readable and that '/var/www/vhosts/saratogahistory.com/httpdocs/phpBB/' is executable, referer: http://www.saratogahistory.com/
[Mon Oct 12 18:55:21.563608 2020] [core:crit] [pid 16376:tid 139803909662464] (13)Permission denied: [client 196.240.58.125:39204] AH00529: /var/www/vhosts/saratogahistory.com/httpdocs/phpBB/.htaccess pcfg_openfile: unable to check htaccess file, ensure it is readable and that '/var/www/vhosts/saratogahistory.com/httpdocs/phpBB/' is executable, referer: http://www.saratogahistory.com/
[Mon Oct 12 18:55:22.459712 2020] [core:crit] [pid 16376:tid 139803634890496] (13)Permission denied: [client 173.234.100.102:39216] AH00529: /var/www/vhosts/saratogahistory.com/httpdocs/phpBB/.htaccess pcfg_openfile: unable to check htaccess file, ensure it is readable and that '/var/www/vhosts/saratogahistory.com/httpdocs/phpBB/' is executable, referer: http://www.saratogahistory.com/
[Mon Oct 12 18:55:23.611167 2020] [core:crit] [pid 3951:tid 139803888682752] (13)Permission denied: [client 45.12.177.127:39240] AH00529: /var/www/vhosts/saratogahistory.com/httpdocs/phpBB/.htaccess pcfg_openfile: unable to check htaccess file, ensure it is readable and that '/var/www/vhosts/saratogahistory.com/httpdocs/phpBB/' is executable, referer: http://www.saratogahistory.com/
[Mon Oct 12 19:04:42.467770 2020] [core:crit] [pid 3951:tid 139803739789056] (13)Permission denied: [client 5.188.84.230:51726] AH00529: /var/www/vhosts/saratogahistory.com/httpdocs/phpBB/.htaccess pcfg_openfile: unable to check htaccess file, ensure it is readable and that '/var/www/vhosts/saratogahistory.com/httpdocs/phpBB/' is executable, referer: http://www.saratogahistory.com/phpBB/index.php
[Mon Oct 12 19:33:41.366070 2020] [core:crit] [pid 16376:tid 139803771258624] (13)Permission denied: [client 31.220.3.104:33174] AH00529: /var/www/vhosts/saratogahistory.com/httpdocs/phpBB/.htaccess pcfg_openfile: unable to check htaccess file, ensure it is readable and that '/var/www/vhosts/saratogahistory.com/httpdocs/phpBB/' is executable, referer: http://www.saratogahistory.com/phpBB/index.php
[Mon Oct 12 19:34:20.911203 2020] [core:crit] [pid 3951:tid 139803687339776] (13)Permission denied: [client 185.25.35.15:33920] AH00529: /var/www/vhosts/saratogahistory.com/httpdocs/phpBB/.htaccess pcfg_openfile: unable to check htaccess file, ensure it is readable and that '/var/www/vhosts/saratogahistory.com/httpdocs/phpBB/' is executable
[Mon Oct 12 19:48:13.633685 2020] [core:crit] [pid 3950:tid 139803592931072] (13)Permission denied: [client 185.25.35.8:50386] AH00529: /var/www/vhosts/saratogahistory.com/httpdocs/phpBB/.htaccess pcfg_openfile: unable to check htaccess file, ensure it is readable and that '/var/www/vhosts/saratogahistory.com/httpdocs/phpBB/' is executable
[Mon Oct 12 21:39:49.122805 2020] [core:crit] [pid 16376:tid 139803655870208] (13)Permission denied: [client 79.172.193.32:45682] AH00529: /var/www/vhosts/saratogahistory.com/httpdocs/phpBB/.htaccess pcfg_openfile: unable to check htaccess file, ensure it is readable and that '/var/www/vhosts/saratogahistory.com/httpdocs/phpBB/' is executable, referer: http://www.saratogahistory.com/phpBB/index.php
[Mon Oct 12 21:42:17.248954 2020] [core:crit] [pid 3951:tid 139803708319488] (13)Permission denied: [client 123.123.219.33:48476] AH00529: /var/www/vhosts/saratogahistory.com/httpdocs/phpBB/.htaccess pcfg_openfile: unable to check htaccess file, ensure it is readable and that '/var/www/vhosts/saratogahistory.com/httpdocs/phpBB/' is executable
[Mon Oct 12 21:48:43.141365 2020] [core:crit] [pid 16376:tid 139803729299200] (13)Permission denied: [client 123.123.219.33:56496] AH00529: /var/www/vhosts/saratogahistory.com/httpdocs/phpBB/.htaccess pcfg_openfile: unable to check htaccess file, ensure it is readable and that '/var/www/vhosts/saratogahistory.com/httpdocs/phpBB/' is executable
[Mon Oct 12 22:26:32.432985 2020] [core:crit] [pid 16376:tid 139803781748480] (13)Permission denied: [client 163.172.18.192:50736] AH00529: /var/www/vhosts/saratogahistory.com/httpdocs/phpBB/.htaccess pcfg_openfile: unable to check htaccess file, ensure it is readable and that '/var/www/vhosts/saratogahistory.com/httpdocs/phpBB/' is executable, referer: http://www.saratogahistory.com/
[Mon Oct 12 23:02:06.712656 2020] [core:crit] [pid 16376:tid 139803750278912] (13)Permission denied: [client 162.247.73.192:34072] AH00529: /var/www/vhosts/saratogahistory.com/httpdocs/phpBB/.htaccess pcfg_openfile: unable to check htaccess file, ensure it is readable and that '/var/www/vhosts/saratogahistory.com/httpdocs/phpBB/' is executable, referer: http://www.saratogahistory.com/phpBB/index.php
[Mon Oct 12 23:29:43.713753 2020] [core:crit] [pid 16376:tid 139803666360064] (13)Permission denied: [client 188.122.82.146:39988] AH00529: /var/www/vhosts/saratogahistory.com/httpdocs/phpBB/.htaccess pcfg_openfile: unable to check htaccess file, ensure it is readable and that '/var/www/vhosts/saratogahistory.com/httpdocs/phpBB/' is executable, referer: http://www.saratogahistory.com/phpBB/index.php
[Mon Oct 12 23:44:16.846149 2020] [core:crit] [pid 16376:tid 139803624400640] (13)Permission denied: [client 178.175.142.134:57046] AH00529: /var/www/vhosts/saratogahistory.com/httpdocs/phpBB/.htaccess pcfg_openfile: unable to check htaccess file, ensure it is readable and that '/var/www/vhosts/saratogahistory.com/httpdocs/phpBB/' is executable, referer: https://kursy-ege.ru/english/54-ege-english.html
[Tue Oct 13 00:22:48.970606 2020] [core:crit] [pid 16376:tid 139803718809344] (13)Permission denied: [client 185.216.195.194:50368] AH00529: /var/www/vhosts/saratogahistory.com/httpdocs/phpBB/.htaccess pcfg_openfile: unable to check htaccess file, ensure it is readable and that '/var/www/vhosts/saratogahistory.com/httpdocs/phpBB/' is executable, referer: http://www.saratogahistory.com/phpBB/
[Tue Oct 13 00:34:23.130363 2020] [core:crit] [pid 3951:tid 139803781748480] (13)Permission denied: [client 185.25.35.14:37390] AH00529: /var/www/vhosts/saratogahistory.com/httpdocs/phpBB/.htaccess pcfg_openfile: unable to check htaccess file, ensure it is readable and that '/var/www/vhosts/saratogahistory.com/httpdocs/phpBB/' is executable
[Tue Oct 13 00:42:03.364419 2020] [core:crit] [pid 16376:tid 139803666360064] (13)Permission denied: [client 185.220.102.248:46978] AH00529: /var/www/vhosts/saratogahistory.com/httpdocs/phpBB/.htaccess pcfg_openfile: unable to check htaccess file, ensure it is readable and that '/var/www/vhosts/saratogahistory.com/httpdocs/phpBB/' is executable, referer: http://www.saratogahistory.com/phpBB/index.php
[Tue Oct 13 01:32:14.956064 2020] [core:crit] [pid 16376:tid 139803792238336] (13)Permission denied: [client 185.25.35.14:58238] AH00529: /var/www/vhosts/saratogahistory.com/httpdocs/phpBB/.htaccess pcfg_openfile: unable to check htaccess file, ensure it is readable and that '/var/www/vhosts/saratogahistory.com/httpdocs/phpBB/' is executable
[Tue Oct 13 01:53:31.342577 2020] [core:crit] [pid 16376:tid 139803718809344] (13)Permission denied: [client 45.86.201.229:36552] AH00529: /var/www/vhosts/saratogahistory.com/httpdocs/phpBB/.htaccess pcfg_openfile: unable to check htaccess file, ensure it is readable and that '/var/www/vhosts/saratogahistory.com/httpdocs/phpBB/' is executable, referer: http://www.saratogahistory.com/phpBB/index.php
[Tue Oct 13 02:01:44.363910 2020] [core:crit] [pid 16376:tid 139803771258624] (13)Permission denied: [client 176.114.153.64:47664] AH00529: /var/www/vhosts/saratogahistory.com/httpdocs/phpBB/.htaccess pcfg_openfile: unable to check htaccess file, ensure it is readable and that '/var/www/vhosts/saratogahistory.com/httpdocs/phpBB/' is executable, referer: http://www.saratogahistory.com/phpBB/index.php
[Tue Oct 13 02:14:12.874830 2020] [core:crit] [pid 3951:tid 139803909662464] (13)Permission denied: [client 185.25.35.13:35742] AH00529: /var/www/vhosts/saratogahistory.com/httpdocs/phpBB/.htaccess pcfg_openfile: unable to check htaccess file, ensure it is readable and that '/var/www/vhosts/saratogahistory.com/httpdocs/phpBB/' is executable
[Tue Oct 13 02:24:57.165630 2020] [core:crit] [pid 16376:tid 139803624400640] (13)Permission denied: [client 185.25.35.9:50518] AH00529: /var/www/vhosts/saratogahistory.com/httpdocs/phpBB/.htaccess pcfg_openfile: unable to check htaccess file, ensure it is readable and that '/var/www/vhosts/saratogahistory.com/httpdocs/phpBB/' is executable
[Tue Oct 13 02:32:53.338217 2020] [core:crit] [pid 16376:tid 139803739789056] (13)Permission denied: [client 89.34.27.49:60294] AH00529: /var/www/vhosts/saratogahistory.com/httpdocs/phpBB/.htaccess pcfg_openfile: unable to check htaccess file, ensure it is readable and that '/var/www/vhosts/saratogahistory.com/httpdocs/phpBB/' is executable, referer: http://www.saratogahistory.com/phpBB/index.php
[Tue Oct 13 02:39:13.867269 2020] [core:crit] [pid 16376:tid 139803771258624] (13)Permission denied: [client 185.220.101.130:40738] AH00529: /var/www/vhosts/saratogahistory.com/httpdocs/phpBB/.htaccess pcfg_openfile: unable to check htaccess file, ensure it is readable and that '/var/www/vhosts/saratogahistory.com/httpdocs/phpBB/' is executable, referer: http://www.saratogahistory.com/phpBB/index.php
[Tue Oct 13 02:42:00.786414 2020] [proxy_fcgi:error] [pid 3951:tid 139803592931072] [client 111.231.194.190:44394] AH01071: Got error 'Primary script unknown\n'
[Tue Oct 13 03:06:27.829941 2020] [core:crit] [pid 16376:tid 139803718809344] (13)Permission denied: [client 199.249.230.82:49200] AH00529: /var/www/vhosts/saratogahistory.com/httpdocs/phpBB/.htaccess pcfg_openfile: unable to check htaccess file, ensure it is readable and that '/var/www/vhosts/saratogahistory.com/httpdocs/phpBB/' is executable, referer: http://www.saratogahistory.com/phpBB/index.php
[Tue Oct 13 03:27:19.566181 2020] [core:crit] [pid 16376:tid 139803592931072] (13)Permission denied: [client 91.211.251.192:51994] AH00529: /var/www/vhosts/saratogahistory.com/httpdocs/phpBB/.htaccess pcfg_openfile: unable to check htaccess file, ensure it is readable and that '/var/www/vhosts/saratogahistory.com/httpdocs/phpBB/' is executable, referer: http://www.saratogahistory.com/phpBB/
[Tue Oct 13 06:02:28.770684 2020] [core:crit] [pid 16376:tid 139803729299200] (13)Permission denied: [client 51.15.82.176:50492] AH00529: /var/www/vhosts/saratogahistory.com/httpdocs/phpBB/.htaccess pcfg_openfile: unable to check htaccess file, ensure it is readable and that '/var/www/vhosts/saratogahistory.com/httpdocs/phpBB/' is executable, referer: http://www.saratogahistory.com/phpBB/index.php
[Tue Oct 13 06:12:28.782708 2020] [core:crit] [pid 16376:tid 139803771258624] (13)Permission denied: [client 46.19.141.83:37520] AH00529: /var/www/vhosts/saratogahistory.com/httpdocs/phpBB/.htaccess pcfg_openfile: unable to check htaccess file, ensure it is readable and that '/var/www/vhosts/saratogahistory.com/httpdocs/phpBB/' is executable, referer: http://www.saratogahistory.com/phpBB/index.php
[Tue Oct 13 06:14:20.275201 2020] [proxy_fcgi:error] [pid 16376:tid 139803708319488] [client 110.229.220.212:39992] AH01071: Got error 'Primary script unknown\n'
[Tue Oct 13 06:38:45.921191 2020] [core:crit] [pid 3951:tid 139803729299200] (13)Permission denied: [client 51.81.33.249:51134] AH00529: /var/www/vhosts/saratogahistory.com/httpdocs/phpBB/.htaccess pcfg_openfile: unable to check htaccess file, ensure it is readable and that '/var/www/vhosts/saratogahistory.com/httpdocs/phpBB/' is executable, referer: http://www.saratogahistory.com/phpBB/index.php
[Tue Oct 13 06:48:02.826542 2020] [core:crit] [pid 16376:tid 139803634890496] (13)Permission denied: [client 217.107.194.26:35206] AH00529: /var/www/vhosts/saratogahistory.com/httpdocs/phpBB/.htaccess pcfg_openfile: unable to check htaccess file, ensure it is readable and that '/var/www/vhosts/saratogahistory.com/httpdocs/phpBB/' is executable, referer: http://www.saratogahistory.com/phpBB/index.php
[Tue Oct 13 06:48:04.114849 2020] [proxy_fcgi:error] [pid 16376:tid 139803760768768] [client 217.107.194.26:35220] AH01071: Got error 'Primary script unknown\n', referer: http://www.saratogahistory.com/index.php
[Tue Oct 13 06:48:07.678624 2020] [proxy_fcgi:error] [pid 16376:tid 139803718809344] [client 217.107.194.26:35286] AH01071: Got error 'Primary script unknown\n', referer: http://www.saratogahistory.com/index.php
[Tue Oct 13 06:48:08.009468 2020] [proxy_fcgi:error] [pid 16376:tid 139803750278912] [client 217.107.194.26:35294] AH01071: Got error 'Primary script unknown\n', referer: http://www.saratogahistory.com/index.php
[Tue Oct 13 07:07:52.612432 2020] [core:crit] [pid 3952:tid 139803634890496] (13)Permission denied: [client 185.25.35.10:35624] AH00529: /var/www/vhosts/saratogahistory.com/httpdocs/phpBB/.htaccess pcfg_openfile: unable to check htaccess file, ensure it is readable and that '/var/www/vhosts/saratogahistory.com/httpdocs/phpBB/' is executable
[Tue Oct 13 07:20:34.540374 2020] [core:crit] [pid 16376:tid 139803592931072] (13)Permission denied: [client 185.246.210.7:53348] AH00529: /var/www/vhosts/saratogahistory.com/httpdocs/phpBB/.htaccess pcfg_openfile: unable to check htaccess file, ensure it is readable and that '/var/www/vhosts/saratogahistory.com/httpdocs/phpBB/' is executable, referer: http://www.saratogahistory.com/phpBB/index.php
[Tue Oct 13 08:13:33.103703 2020] [core:crit] [pid 3952:tid 139803909662464] (13)Permission denied: [client 185.25.35.10:41880] AH00529: /var/www/vhosts/saratogahistory.com/httpdocs/phpBB/.htaccess pcfg_openfile: unable to check htaccess file, ensure it is readable and that '/var/www/vhosts/saratogahistory.com/httpdocs/phpBB/' is executable
[Tue Oct 13 08:56:20.419606 2020] [core:crit] [pid 16376:tid 139803718809344] (13)Permission denied: [client 185.25.35.11:45744] AH00529: /var/www/vhosts/saratogahistory.com/httpdocs/phpBB/.htaccess pcfg_openfile: unable to check htaccess file, ensure it is readable and that '/var/www/vhosts/saratogahistory.com/httpdocs/phpBB/' is executable
[Tue Oct 13 09:09:43.150110 2020] [core:crit] [pid 16376:tid 139803771258624] (13)Permission denied: [client 185.25.35.14:34286] AH00529: /var/www/vhosts/saratogahistory.com/httpdocs/phpBB/.htaccess pcfg_openfile: unable to check htaccess file, ensure it is readable and that '/var/www/vhosts/saratogahistory.com/httpdocs/phpBB/' is executable
[Tue Oct 13 09:09:49.305648 2020] [core:crit] [pid 16376:tid 139803687339776] (13)Permission denied: [client 216.244.66.235:34336] AH00529: /var/www/vhosts/saratogahistory.com/httpdocs/phpBB/.htaccess pcfg_openfile: unable to check htaccess file, ensure it is readable and that '/var/www/vhosts/saratogahistory.com/httpdocs/phpBB/' is executable
[Tue Oct 13 09:37:32.695588 2020] [core:crit] [pid 16376:tid 139803899172608] (13)Permission denied: [client 185.220.102.246:49158] AH00529: /var/www/vhosts/saratogahistory.com/httpdocs/phpBB/.htaccess pcfg_openfile: unable to check htaccess file, ensure it is readable and that '/var/www/vhosts/saratogahistory.com/httpdocs/phpBB/' is executable, referer: http://www.saratogahistory.com/phpBB/index.php
[Tue Oct 13 09:52:06.315239 2020] [core:crit] [pid 16376:tid 139803624400640] (13)Permission denied: [client 178.159.37.58:37484] AH00529: /var/www/vhosts/saratogahistory.com/httpdocs/phpBB/.htaccess pcfg_openfile: unable to check htaccess file, ensure it is readable and that '/var/www/vhosts/saratogahistory.com/httpdocs/phpBB/' is executable, referer: http://www.saratogahistory.com/phpBB/index.php
[Tue Oct 13 09:53:28.986406 2020] [core:crit] [pid 3952:tid 139803750278912] (13)Permission denied: [client 91.211.251.192:39376] AH00529: /var/www/vhosts/saratogahistory.com/httpdocs/phpBB/.htaccess pcfg_openfile: unable to check htaccess file, ensure it is readable and that '/var/www/vhosts/saratogahistory.com/httpdocs/phpBB/' is executable, referer: http://www.saratogahistory.com/phpBB/
[Tue Oct 13 09:59:18.853432 2020] [core:crit] [pid 16376:tid 139803718809344] (13)Permission denied: [client 198.98.56.27:46168] AH00529: /var/www/vhosts/saratogahistory.com/httpdocs/phpBB/.htaccess pcfg_openfile: unable to check htaccess file, ensure it is readable and that '/var/www/vhosts/saratogahistory.com/httpdocs/phpBB/' is executable, referer: http://www.saratogahistory.com/phpBB/index.php
[Tue Oct 13 10:09:43.638448 2020] [core:crit] [pid 3951:tid 139803781748480] (13)Permission denied: [client 185.216.195.194:59472] AH00529: /var/www/vhosts/saratogahistory.com/httpdocs/phpBB/.htaccess pcfg_openfile: unable to check htaccess file, ensure it is readable and that '/var/www/vhosts/saratogahistory.com/httpdocs/phpBB/' is executable, referer: http://www.saratogahistory.com/phpBB/index.php
[Tue Oct 13 10:13:21.147991 2020] [core:crit] [pid 16376:tid 139803750278912] (13)Permission denied: [client 207.46.13.54:35244] AH00529: /var/www/vhosts/saratogahistory.com/httpdocs/phpBB/.htaccess pcfg_openfile: unable to check htaccess file, ensure it is readable and that '/var/www/vhosts/saratogahistory.com/httpdocs/phpBB/' is executable
[Tue Oct 13 11:17:35.504655 2020] [core:crit] [pid 16376:tid 139803718809344] (13)Permission denied: [client 40.77.167.144:40640] AH00529: /var/www/vhosts/saratogahistory.com/httpdocs/phpBB/.htaccess pcfg_openfile: unable to check htaccess file, ensure it is readable and that '/var/www/vhosts/saratogahistory.com/httpdocs/phpBB/' is executable
[Tue Oct 13 11:52:11.588822 2020] [core:crit] [pid 3951:tid 139803718809344] (13)Permission denied: [client 31.220.3.108:55878] AH00529: /var/www/vhosts/saratogahistory.com/httpdocs/phpBB/.htaccess pcfg_openfile: unable to check htaccess file, ensure it is readable and that '/var/www/vhosts/saratogahistory.com/httpdocs/phpBB/' is executable, referer: http://www.saratogahistory.com/phpBB/index.php
[Tue Oct 13 13:05:12.048841 2020] [core:crit] [pid 16376:tid 139803655870208] (13)Permission denied: [client 199.249.230.77:43812] AH00529: /var/www/vhosts/saratogahistory.com/httpdocs/phpBB/.htaccess pcfg_openfile: unable to check htaccess file, ensure it is readable and that '/var/www/vhosts/saratogahistory.com/httpdocs/phpBB/' is executable, referer: http://www.saratogahistory.com/phpBB/index.php
[Tue Oct 13 13:23:25.182641 2020] [core:crit] [pid 16376:tid 139803792238336] (13)Permission denied: [client 195.181.175.105:41808] AH00529: /var/www/vhosts/saratogahistory.com/httpdocs/phpBB/.htaccess pcfg_openfile: unable to check htaccess file, ensure it is readable and that '/var/www/vhosts/saratogahistory.com/httpdocs/phpBB/' is executable, referer: http://www.saratogahistory.com/phpBB/index.php
[Tue Oct 13 13:23:26.241528 2020] [proxy_fcgi:error] [pid 16376:tid 139803592931072] [client 195.181.175.105:41838] AH01071: Got error 'Primary script unknown\n', referer: http://www.saratogahistory.com/index.php
[Tue Oct 13 13:23:26.527339 2020] [proxy_fcgi:error] [pid 3951:tid 139803718809344] [client 195.181.175.105:41844] AH01071: Got error 'Primary script unknown\n', referer: http://www.saratogahistory.com/index.php
[Tue Oct 13 13:23:26.826317 2020] [proxy_fcgi:error] [pid 16376:tid 139803802728192] [client 195.181.175.105:41848] AH01071: Got error 'Primary script unknown\n', referer: http://www.saratogahistory.com/index.php
[Tue Oct 13 13:39:09.655456 2020] [core:crit] [pid 3951:tid 139803655870208] (13)Permission denied: [client 185.25.35.15:36370] AH00529: /var/www/vhosts/saratogahistory.com/httpdocs/phpBB/.htaccess pcfg_openfile: unable to check htaccess file, ensure it is readable and that '/var/www/vhosts/saratogahistory.com/httpdocs/phpBB/' is executable
[Tue Oct 13 14:37:57.011376 2020] [core:crit] [pid 16376:tid 139803888682752] (13)Permission denied: [client 185.25.35.11:59948] AH00529: /var/www/vhosts/saratogahistory.com/httpdocs/phpBB/.htaccess pcfg_openfile: unable to check htaccess file, ensure it is readable and that '/var/www/vhosts/saratogahistory.com/httpdocs/phpBB/' is executable
[Tue Oct 13 15:21:44.437162 2020] [core:crit] [pid 16376:tid 139803687339776] (13)Permission denied: [client 162.250.123.243:37654] AH00529: /var/www/vhosts/saratogahistory.com/httpdocs/phpBB/.htaccess pcfg_openfile: unable to check htaccess file, ensure it is readable and that '/var/www/vhosts/saratogahistory.com/httpdocs/phpBB/' is executable, referer: http://saratogahistory.com/phpBB/index.php
[Tue Oct 13 15:26:34.488230 2020] [core:crit] [pid 16376:tid 139803624400640] (13)Permission denied: [client 185.25.35.15:44742] AH00529: /var/www/vhosts/saratogahistory.com/httpdocs/phpBB/.htaccess pcfg_openfile: unable to check htaccess file, ensure it is readable and that '/var/www/vhosts/saratogahistory.com/httpdocs/phpBB/' is executable
[Tue Oct 13 15:41:26.258550 2020] [core:crit] [pid 16376:tid 139803624400640] (13)Permission denied: [client 185.25.35.15:38078] AH00529: /var/www/vhosts/saratogahistory.com/httpdocs/phpBB/.htaccess pcfg_openfile: unable to check htaccess file, ensure it is readable and that '/var/www/vhosts/saratogahistory.com/httpdocs/phpBB/' is executable
[Tue Oct 13 15:44:17.717174 2020] [core:crit] [pid 3951:tid 139803899172608] (13)Permission denied: [client 178.214.251.214:42586] AH00529: /var/www/vhosts/saratogahistory.com/httpdocs/phpBB/.htaccess pcfg_openfile: unable to check htaccess file, ensure it is readable and that '/var/www/vhosts/saratogahistory.com/httpdocs/phpBB/' is executable, referer: http://www.saratogahistory.com/phpBB/index.php
[Tue Oct 13 03:57:42.366282 2020] [core:crit] [pid 16376:tid 139803920152320] (13)Permission denied: [client 185.216.195.194:35956] AH00529: /var/www/vhosts/saratogahistory.com/httpdocs/phpBB/.htaccess pcfg_openfile: unable to check htaccess file, ensure it is readable and that '/var/www/vhosts/saratogahistory.com/httpdocs/phpBB/' is executable, referer: http://www.saratogahistory.com/phpBB/index.php
[Tue Oct 13 04:09:07.178586 2020] [core:crit] [pid 3951:tid 139803666360064] (13)Permission denied: [client 198.202.171.215:52426] AH00529: /var/www/vhosts/saratogahistory.com/httpdocs/phpBB/.htaccess pcfg_openfile: unable to check htaccess file, ensure it is readable and that '/var/www/vhosts/saratogahistory.com/httpdocs/phpBB/' is executable, referer: http://www.saratogahistory.com/
[Tue Oct 13 04:09:07.590170 2020] [core:crit] [pid 3951:tid 139803708319488] (13)Permission denied: [client 191.102.156.213:52438] AH00529: /var/www/vhosts/saratogahistory.com/httpdocs/phpBB/.htaccess pcfg_openfile: unable to check htaccess file, ensure it is readable and that '/var/www/vhosts/saratogahistory.com/httpdocs/phpBB/' is executable, referer: http://www.saratogahistory.com/
[Tue Oct 13 04:09:08.054905 2020] [core:crit] [pid 16376:tid 139803676849920] (13)Permission denied: [client 198.202.171.41:52464] AH00529: /var/www/vhosts/saratogahistory.com/httpdocs/phpBB/.htaccess pcfg_openfile: unable to check htaccess file, ensure it is readable and that '/var/www/vhosts/saratogahistory.com/httpdocs/phpBB/' is executable, referer: http://www.saratogahistory.com/
[Tue Oct 13 04:09:08.462215 2020] [core:crit] [pid 16376:tid 139803781748480] (13)Permission denied: [client 191.102.154.231:52472] AH00529: /var/www/vhosts/saratogahistory.com/httpdocs/phpBB/.htaccess pcfg_openfile: unable to check htaccess file, ensure it is readable and that '/var/www/vhosts/saratogahistory.com/httpdocs/phpBB/' is executable, referer: http://www.saratogahistory.com/
[Tue Oct 13 04:14:22.671747 2020] [core:crit] [pid 16376:tid 139803624400640] (13)Permission denied: [client 51.195.91.146:58872] AH00529: /var/www/vhosts/saratogahistory.com/httpdocs/phpBB/.htaccess pcfg_openfile: unable to check htaccess file, ensure it is readable and that '/var/www/vhosts/saratogahistory.com/httpdocs/phpBB/' is executable, referer: http://www.saratogahistory.com/phpBB/index.php
[Tue Oct 13 04:24:06.120237 2020] [core:crit] [pid 16376:tid 139803603420928] (13)Permission denied: [client 145.239.95.15:43844] AH00529: /var/www/vhosts/saratogahistory.com/httpdocs/phpBB/.htaccess pcfg_openfile: unable to check htaccess file, ensure it is readable and that '/var/www/vhosts/saratogahistory.com/httpdocs/phpBB/' is executable, referer: http://www.saratogahistory.com/phpBB/index.php
[Tue Oct 13 06:14:15.101253 2020] [core:crit] [pid 16376:tid 139803697829632] (13)Permission denied: [client 113.194.134.11:56376] AH00529: /var/www/vhosts/saratogahistory.com/httpdocs/phpBB/.htaccess pcfg_openfile: unable to check htaccess file, ensure it is readable and that '/var/www/vhosts/saratogahistory.com/httpdocs/phpBB/' is executable, referer: http://www.saratogahistory.com/phpBB/index.php
[Tue Oct 13 06:14:23.454282 2020] [proxy_fcgi:error] [pid 16376:tid 139803592931072] [client 113.194.134.11:56526] AH01071: Got error 'Primary script unknown\n', referer: http://www.saratogahistory.com/index.php
[Tue Oct 13 06:14:25.239416 2020] [proxy_fcgi:error] [pid 16376:tid 139803802728192] [client 113.194.134.11:56558] AH01071: Got error 'Primary script unknown\n', referer: http://www.saratogahistory.com/index.php
[Tue Oct 13 06:14:27.046862 2020] [proxy_fcgi:error] [pid 16376:tid 139803613910784] [client 113.194.134.11:56574] AH01071: Got error 'Primary script unknown\n', referer: http://www.saratogahistory.com/index.php
[Tue Oct 13 06:31:53.431992 2020] [core:crit] [pid 16376:tid 139803739789056] (13)Permission denied: [client 5.188.84.251:52556] AH00529: /var/www/vhosts/saratogahistory.com/httpdocs/phpBB/.htaccess pcfg_openfile: unable to check htaccess file, ensure it is readable and that '/var/www/vhosts/saratogahistory.com/httpdocs/phpBB/' is executable, referer: http://www.saratogahistory.com/phpBB/index.php
[Tue Oct 13 06:49:09.693284 2020] [core:crit] [pid 3951:tid 139803697829632] (13)Permission denied: [client 178.214.251.214:44366] AH00529: /var/www/vhosts/saratogahistory.com/httpdocs/phpBB/.htaccess pcfg_openfile: unable to check htaccess file, ensure it is readable and that '/var/www/vhosts/saratogahistory.com/httpdocs/phpBB/' is executable, referer: http://www.saratogahistory.com/phpBB/index.php
[Tue Oct 13 07:27:24.263961 2020] [core:crit] [pid 3951:tid 139803899172608] (13)Permission denied: [client 5.188.84.251:57236] AH00529: /var/www/vhosts/saratogahistory.com/httpdocs/phpBB/.htaccess pcfg_openfile: unable to check htaccess file, ensure it is readable and that '/var/www/vhosts/saratogahistory.com/httpdocs/phpBB/' is executable, referer: http://www.saratogahistory.com/phpBB/index.php
[Tue Oct 13 07:47:15.181595 2020] [core:crit] [pid 3951:tid 139803771258624] (13)Permission denied: [client 178.159.37.85:48638] AH00529: /var/www/vhosts/saratogahistory.com/httpdocs/phpBB/.htaccess pcfg_openfile: unable to check htaccess file, ensure it is readable and that '/var/www/vhosts/saratogahistory.com/httpdocs/phpBB/' is executable, referer: http://www.saratogahistory.com/phpBB/index.php
[Tue Oct 13 07:58:00.737050 2020] [core:crit] [pid 16376:tid 139803645380352] (13)Permission denied: [client 185.220.102.4:59366] AH00529: /var/www/vhosts/saratogahistory.com/httpdocs/phpBB/.htaccess pcfg_openfile: unable to check htaccess file, ensure it is readable and that '/var/www/vhosts/saratogahistory.com/httpdocs/phpBB/' is executable, referer: http://www.saratogahistory.com/phpBB/index.php
[Tue Oct 13 08:25:31.852909 2020] [core:crit] [pid 3951:tid 139803697829632] (13)Permission denied: [client 193.239.85.134:60924] AH00529: /var/www/vhosts/saratogahistory.com/httpdocs/phpBB/.htaccess pcfg_openfile: unable to check htaccess file, ensure it is readable and that '/var/www/vhosts/saratogahistory.com/httpdocs/phpBB/' is executable, referer: http://www.saratogahistory.com/phpBB/index.php
[Tue Oct 13 09:10:34.296283 2020] [core:crit] [pid 3951:tid 139803760768768] (13)Permission denied: [client 185.25.35.15:49864] AH00529: /var/www/vhosts/saratogahistory.com/httpdocs/phpBB/.htaccess pcfg_openfile: unable to check htaccess file, ensure it is readable and that '/var/www/vhosts/saratogahistory.com/httpdocs/phpBB/' is executable
[Tue Oct 13 09:42:21.505986 2020] [core:crit] [pid 16376:tid 139803708319488] (13)Permission denied: [client 23.106.58.131:51116] AH00529: /var/www/vhosts/saratogahistory.com/httpdocs/phpBB/.htaccess pcfg_openfile: unable to check htaccess file, ensure it is readable and that '/var/www/vhosts/saratogahistory.com/httpdocs/phpBB/' is executable, referer: http://www.saratogahistory.com/phpBB/index.php
[Tue Oct 13 09:59:36.676833 2020] [core:crit] [pid 16376:tid 139803676849920] (13)Permission denied: [client 178.214.251.214:38986] AH00529: /var/www/vhosts/saratogahistory.com/httpdocs/phpBB/.htaccess pcfg_openfile: unable to check htaccess file, ensure it is readable and that '/var/www/vhosts/saratogahistory.com/httpdocs/phpBB/' is executable, referer: http://www.saratogahistory.com/phpBB/index.php
[Tue Oct 13 10:09:13.376043 2020] [core:crit] [pid 3952:tid 139803708319488] (13)Permission denied: [client 185.25.35.10:47978] AH00529: /var/www/vhosts/saratogahistory.com/httpdocs/phpBB/.htaccess pcfg_openfile: unable to check htaccess file, ensure it is readable and that '/var/www/vhosts/saratogahistory.com/httpdocs/phpBB/' is executable
[Tue Oct 13 10:36:21.334224 2020] [core:crit] [pid 16376:tid 139803655870208] (13)Permission denied: [client 185.72.224.165:47420] AH00529: /var/www/vhosts/saratogahistory.com/httpdocs/phpBB/.htaccess pcfg_openfile: unable to check htaccess file, ensure it is readable and that '/var/www/vhosts/saratogahistory.com/httpdocs/phpBB/' is executable, referer: http://www.saratogahistory.com/phpBB/index.php
[Tue Oct 13 10:41:27.669373 2020] [core:crit] [pid 3951:tid 139803888682752] (13)Permission denied: [client 185.246.210.7:52294] AH00529: /var/www/vhosts/saratogahistory.com/httpdocs/phpBB/.htaccess pcfg_openfile: unable to check htaccess file, ensure it is readable and that '/var/www/vhosts/saratogahistory.com/httpdocs/phpBB/' is executable, referer: http://www.saratogahistory.com/phpBB/index.php
[Tue Oct 13 10:54:20.828615 2020] [core:crit] [pid 3952:tid 139803603420928] (13)Permission denied: [client 5.188.84.251:36946] AH00529: /var/www/vhosts/saratogahistory.com/httpdocs/phpBB/.htaccess pcfg_openfile: unable to check htaccess file, ensure it is readable and that '/var/www/vhosts/saratogahistory.com/httpdocs/phpBB/' is executable, referer: http://www.saratogahistory.com/phpBB/index.php
[Tue Oct 13 10:57:45.611787 2020] [core:crit] [pid 16376:tid 139803739789056] (13)Permission denied: [client 185.25.35.15:40250] AH00529: /var/www/vhosts/saratogahistory.com/httpdocs/phpBB/.htaccess pcfg_openfile: unable to check htaccess file, ensure it is readable and that '/var/www/vhosts/saratogahistory.com/httpdocs/phpBB/' is executable
[Tue Oct 13 11:12:58.518622 2020] [core:crit] [pid 16376:tid 139803592931072] (13)Permission denied: [client 185.25.35.8:56050] AH00529: /var/www/vhosts/saratogahistory.com/httpdocs/phpBB/.htaccess pcfg_openfile: unable to check htaccess file, ensure it is readable and that '/var/www/vhosts/saratogahistory.com/httpdocs/phpBB/' is executable
[Tue Oct 13 11:18:31.714162 2020] [core:crit] [pid 16376:tid 139803634890496] (13)Permission denied: [client 199.249.230.189:33290] AH00529: /var/www/vhosts/saratogahistory.com/httpdocs/phpBB/.htaccess pcfg_openfile: unable to check htaccess file, ensure it is readable and that '/var/www/vhosts/saratogahistory.com/httpdocs/phpBB/' is executable, referer: http://www.saratogahistory.com/phpBB/index.php
[Tue Oct 13 11:45:08.493789 2020] [core:crit] [pid 3950:tid 139803739789056] (13)Permission denied: [client 95.65.81.152:59050] AH00529: /var/www/vhosts/saratogahistory.com/httpdocs/phpBB/.htaccess pcfg_openfile: unable to check htaccess file, ensure it is readable and that '/var/www/vhosts/saratogahistory.com/httpdocs/phpBB/' is executable, referer: http://www.saratogahistory.com/phpBB/index.php
[Tue Oct 13 11:45:10.071451 2020] [proxy_fcgi:error] [pid 3951:tid 139803888682752] [client 95.65.81.152:59076] AH01071: Got error 'Primary script unknown\n', referer: http://www.saratogahistory.com/index.php
[Tue Oct 13 11:45:10.394092 2020] [proxy_fcgi:error] [pid 16376:tid 139803613910784] [client 95.65.81.152:59080] AH01071: Got error 'Primary script unknown\n', referer: http://www.saratogahistory.com/index.php
[Tue Oct 13 11:45:10.765104 2020] [proxy_fcgi:error] [pid 16376:tid 139803909662464] [client 95.65.81.152:59084] AH01071: Got error 'Primary script unknown\n', referer: http://www.saratogahistory.com/index.php
[Tue Oct 13 12:42:05.011224 2020] [proxy_fcgi:error] [pid 16376:tid 139803603420928] [client 52.149.144.169:60888] AH01071: Got error 'Primary script unknown\n'
[Tue Oct 13 13:08:43.329153 2020] [core:crit] [pid 3951:tid 139803592931072] (13)Permission denied: [client 109.252.2.48:33904] AH00529: /var/www/vhosts/saratogahistory.com/httpdocs/phpBB/.htaccess pcfg_openfile: unable to check htaccess file, ensure it is readable and that '/var/www/vhosts/saratogahistory.com/httpdocs/phpBB/' is executable, referer: http://www.saratogahistory.com/phpBB/index.php
[Tue Oct 13 13:14:07.242506 2020] [core:crit] [pid 16376:tid 139803739789056] (13)Permission denied: [client 185.220.102.8:39548] AH00529: /var/www/vhosts/saratogahistory.com/httpdocs/phpBB/.htaccess pcfg_openfile: unable to check htaccess file, ensure it is readable and that '/var/www/vhosts/saratogahistory.com/httpdocs/phpBB/' is executable, referer: http://www.saratogahistory.com/phpBB/index.php
[Tue Oct 13 02:37:28.337825 2020] [core:crit] [pid 3951:tid 139803729299200] (13)Permission denied: [client 89.234.157.254:51506] AH00529: /var/www/vhosts/saratogahistory.com/httpdocs/phpBB/.htaccess pcfg_openfile: unable to check htaccess file, ensure it is readable and that '/var/www/vhosts/saratogahistory.com/httpdocs/phpBB/' is executable, referer: http://www.saratogahistory.com/phpBB/index.php
[Tue Oct 13 02:41:05.472275 2020] [core:crit] [pid 16376:tid 139803899172608] (13)Permission denied: [client 85.248.227.165:55776] AH00529: /var/www/vhosts/saratogahistory.com/httpdocs/phpBB/.htaccess pcfg_openfile: unable to check htaccess file, ensure it is readable and that '/var/www/vhosts/saratogahistory.com/httpdocs/phpBB/' is executable, referer: http://www.saratogahistory.com/phpBB/index.php
[Tue Oct 13 03:22:47.123358 2020] [core:crit] [pid 16376:tid 139803634890496] (13)Permission denied: [client 178.214.251.214:45692] AH00529: /var/www/vhosts/saratogahistory.com/httpdocs/phpBB/.htaccess pcfg_openfile: unable to check htaccess file, ensure it is readable and that '/var/www/vhosts/saratogahistory.com/httpdocs/phpBB/' is executable, referer: http://www.saratogahistory.com/phpBB/index.php
[Tue Oct 13 03:47:18.746027 2020] [core:crit] [pid 16376:tid 139803624400640] (13)Permission denied: [client 85.236.14.54:43098] AH00529: /var/www/vhosts/saratogahistory.com/httpdocs/phpBB/.htaccess pcfg_openfile: unable to check htaccess file, ensure it is readable and that '/var/www/vhosts/saratogahistory.com/httpdocs/phpBB/' is executable, referer: http://www.saratogahistory.com/phpBB/index.php
[Tue Oct 13 03:47:22.135052 2020] [proxy_fcgi:error] [pid 3951:tid 139803613910784] [client 85.236.14.54:43188] AH01071: Got error 'Primary script unknown\n', referer: http://www.saratogahistory.com/index.php
[Tue Oct 13 03:47:22.444278 2020] [proxy_fcgi:error] [pid 16376:tid 139803697829632] [client 85.236.14.54:43200] AH01071: Got error 'Primary script unknown\n', referer: http://www.saratogahistory.com/index.php
[Tue Oct 13 03:47:22.762637 2020] [proxy_fcgi:error] [pid 16376:tid 139803603420928] [client 85.236.14.54:43206] AH01071: Got error 'Primary script unknown\n', referer: http://www.saratogahistory.com/index.php
[Tue Oct 13 03:50:10.934946 2020] [core:crit] [pid 16376:tid 139803613910784] (13)Permission denied: [client 185.25.35.11:45964] AH00529: /var/www/vhosts/saratogahistory.com/httpdocs/phpBB/.htaccess pcfg_openfile: unable to check htaccess file, ensure it is readable and that '/var/www/vhosts/saratogahistory.com/httpdocs/phpBB/' is executable
[Tue Oct 13 04:11:36.789410 2020] [core:crit] [pid 16376:tid 139803645380352] (13)Permission denied: [client 185.220.102.7:42362] AH00529: /var/www/vhosts/saratogahistory.com/httpdocs/phpBB/.htaccess pcfg_openfile: unable to check htaccess file, ensure it is readable and that '/var/www/vhosts/saratogahistory.com/httpdocs/phpBB/' is executable, referer: http://www.saratogahistory.com/phpBB/index.php
[Tue Oct 13 04:52:32.769636 2020] [core:crit] [pid 16376:tid 139803888682752] (13)Permission denied: [client 185.25.35.10:33568] AH00529: /var/www/vhosts/saratogahistory.com/httpdocs/phpBB/.htaccess pcfg_openfile: unable to check htaccess file, ensure it is readable and that '/var/www/vhosts/saratogahistory.com/httpdocs/phpBB/' is executable
[Wed Oct 14 05:41:22.575119 2020] [core:crit] [pid 3951:tid 139803781748480] (13)Permission denied: [client 185.25.35.12:39736] AH00529: /var/www/vhosts/saratogahistory.com/httpdocs/phpBB/.htaccess pcfg_openfile: unable to check htaccess file, ensure it is readable and that '/var/www/vhosts/saratogahistory.com/httpdocs/phpBB/' is executable
[Wed Oct 14 05:54:10.855303 2020] [core:crit] [pid 16376:tid 139803592931072] (13)Permission denied: [client 185.25.35.13:54356] AH00529: /var/www/vhosts/saratogahistory.com/httpdocs/phpBB/.htaccess pcfg_openfile: unable to check htaccess file, ensure it is readable and that '/var/www/vhosts/saratogahistory.com/httpdocs/phpBB/' is executable
[Wed Oct 14 05:57:16.912663 2020] [core:crit] [pid 16376:tid 139803802728192] (13)Permission denied: [client 185.220.100.243:58196] AH00529: /var/www/vhosts/saratogahistory.com/httpdocs/phpBB/.htaccess pcfg_openfile: unable to check htaccess file, ensure it is readable and that '/var/www/vhosts/saratogahistory.com/httpdocs/phpBB/' is executable, referer: http://www.saratogahistory.com/phpBB/index.php
[Wed Oct 14 07:47:46.662816 2020] [core:crit] [pid 3951:tid 139803802728192] (13)Permission denied: [client 217.170.206.138:39836] AH00529: /var/www/vhosts/saratogahistory.com/httpdocs/phpBB/.htaccess pcfg_openfile: unable to check htaccess file, ensure it is readable and that '/var/www/vhosts/saratogahistory.com/httpdocs/phpBB/' is executable, referer: http://www.saratogahistory.com/phpBB/index.php
[Wed Oct 14 08:00:42.017615 2020] [core:crit] [pid 16376:tid 139803624400640] (13)Permission denied: [client 188.122.82.146:59172] AH00529: /var/www/vhosts/saratogahistory.com/httpdocs/phpBB/.htaccess pcfg_openfile: unable to check htaccess file, ensure it is readable and that '/var/www/vhosts/saratogahistory.com/httpdocs/phpBB/' is executable, referer: http://www.saratogahistory.com/phpBB/index.php
[Wed Oct 14 08:20:47.428679 2020] [proxy_fcgi:error] [pid 3951:tid 139803729299200] [client 132.232.35.199:33990] AH01071: Got error 'Primary script unknown\n'
[Wed Oct 14 09:12:39.719853 2020] [core:crit] [pid 3951:tid 139803718809344] (13)Permission denied: [client 51.195.166.160:47684] AH00529: /var/www/vhosts/saratogahistory.com/httpdocs/phpBB/.htaccess pcfg_openfile: unable to check htaccess file, ensure it is readable and that '/var/www/vhosts/saratogahistory.com/httpdocs/phpBB/' is executable, referer: http://www.saratogahistory.com/phpBB/index.php
[Wed Oct 14 10:16:01.900688 2020] [proxy_fcgi:error] [pid 16376:tid 139803909662464] [client 40.112.62.41:49698] AH01071: Got error 'Primary script unknown\n'
[Wed Oct 14 10:21:52.366449 2020] [core:crit] [pid 3951:tid 139803760768768] (13)Permission denied: [client 187.33.160.252:59330] AH00529: /var/www/vhosts/saratogahistory.com/httpdocs/phpBB/.htaccess pcfg_openfile: unable to check htaccess file, ensure it is readable and that '/var/www/vhosts/saratogahistory.com/httpdocs/phpBB/' is executable, referer: http://www.saratogahistory.com/phpBB/index.php
[Wed Oct 14 10:39:10.077392 2020] [core:crit] [pid 3951:tid 139803613910784] (13)Permission denied: [client 185.25.35.12:56200] AH00529: /var/www/vhosts/saratogahistory.com/httpdocs/phpBB/.htaccess pcfg_openfile: unable to check htaccess file, ensure it is readable and that '/var/www/vhosts/saratogahistory.com/httpdocs/phpBB/' is executable
[Wed Oct 14 11:37:54.866995 2020] [core:crit] [pid 16376:tid 139803760768768] (13)Permission denied: [client 185.25.35.15:47438] AH00529: /var/www/vhosts/saratogahistory.com/httpdocs/phpBB/.htaccess pcfg_openfile: unable to check htaccess file, ensure it is readable and that '/var/www/vhosts/saratogahistory.com/httpdocs/phpBB/' is executable
[Wed Oct 14 12:26:35.475152 2020] [core:crit] [pid 3951:tid 139803792238336] (13)Permission denied: [client 185.25.35.11:36094] AH00529: /var/www/vhosts/saratogahistory.com/httpdocs/phpBB/.htaccess pcfg_openfile: unable to check htaccess file, ensure it is readable and that '/var/www/vhosts/saratogahistory.com/httpdocs/phpBB/' is executable
[Wed Oct 14 12:35:00.116723 2020] [core:crit] [pid 3950:tid 139803634890496] (13)Permission denied: [client 198.144.149.253:46912] AH00529: /var/www/vhosts/saratogahistory.com/httpdocs/phpBB/.htaccess pcfg_openfile: unable to check htaccess file, ensure it is readable and that '/var/www/vhosts/saratogahistory.com/httpdocs/phpBB/' is executable, referer: http://www.saratogahistory.com/phpBB/viewtopic.php?printertopic=1&t=347&start=0&postdays=0&postorder=asc&vote=viewresult
[Wed Oct 14 12:35:41.733073 2020] [core:crit] [pid 16376:tid 139803802728192] (13)Permission denied: [client 185.220.101.145:48166] AH00529: /var/www/vhosts/saratogahistory.com/httpdocs/phpBB/.htaccess pcfg_openfile: unable to check htaccess file, ensure it is readable and that '/var/www/vhosts/saratogahistory.com/httpdocs/phpBB/' is executable, referer: http://www.saratogahistory.com/phpBB/index.php
[Wed Oct 14 12:39:15.112799 2020] [core:crit] [pid 16376:tid 139803634890496] (13)Permission denied: [client 185.25.35.13:52362] AH00529: /var/www/vhosts/saratogahistory.com/httpdocs/phpBB/.htaccess pcfg_openfile: unable to check htaccess file, ensure it is readable and that '/var/www/vhosts/saratogahistory.com/httpdocs/phpBB/' is executable
[Wed Oct 14 12:42:03.588046 2020] [core:crit] [pid 3952:tid 139803645380352] (13)Permission denied: [client 77.247.181.162:56812] AH00529: /var/www/vhosts/saratogahistory.com/httpdocs/phpBB/.htaccess pcfg_openfile: unable to check htaccess file, ensure it is readable and that '/var/www/vhosts/saratogahistory.com/httpdocs/phpBB/' is executable, referer: http://www.saratogahistory.com/phpBB/index.php
[Wed Oct 14 12:42:18.393324 2020] [core:crit] [pid 16376:tid 139803718809344] (13)Permission denied: [client 178.122.207.82:57066] AH00529: /var/www/vhosts/saratogahistory.com/httpdocs/phpBB/.htaccess pcfg_openfile: unable to check htaccess file, ensure it is readable and that '/var/www/vhosts/saratogahistory.com/httpdocs/phpBB/' is executable, referer: http://www.saratogahistory.com/phpBB/index.php
[Wed Oct 14 12:42:19.442894 2020] [proxy_fcgi:error] [pid 16376:tid 139803750278912] [client 178.122.207.82:57080] AH01071: Got error 'Primary script unknown\n', referer: http://www.saratogahistory.com/index.php
[Wed Oct 14 12:42:19.760580 2020] [proxy_fcgi:error] [pid 16376:tid 139803666360064] [client 178.122.207.82:57084] AH01071: Got error 'Primary script unknown\n', referer: http://www.saratogahistory.com/index.php
[Wed Oct 14 12:42:20.048387 2020] [proxy_fcgi:error] [pid 16376:tid 139803655870208] [client 178.122.207.82:57088] AH01071: Got error 'Primary script unknown\n', referer: http://www.saratogahistory.com/index.php
[Wed Oct 14 13:24:57.485524 2020] [core:crit] [pid 16376:tid 139803888682752] (13)Permission denied: [client 145.255.1.65:59906] AH00529: /var/www/vhosts/saratogahistory.com/httpdocs/phpBB/.htaccess pcfg_openfile: unable to check htaccess file, ensure it is readable and that '/var/www/vhosts/saratogahistory.com/httpdocs/phpBB/' is executable, referer: http://www.saratogahistory.com/phpBB/index.php
[Wed Oct 14 13:50:42.646429 2020] [core:crit] [pid 3951:tid 139803645380352] (13)Permission denied: [client 185.220.102.6:38068] AH00529: /var/www/vhosts/saratogahistory.com/httpdocs/phpBB/.htaccess pcfg_openfile: unable to check htaccess file, ensure it is readable and that '/var/www/vhosts/saratogahistory.com/httpdocs/phpBB/' is executable, referer: http://www.saratogahistory.com/phpBB/index.php
[Wed Oct 14 14:06:27.583069 2020] [core:crit] [pid 16376:tid 139803718809344] (13)Permission denied: [client 199.249.230.166:60314] AH00529: /var/www/vhosts/saratogahistory.com/httpdocs/phpBB/.htaccess pcfg_openfile: unable to check htaccess file, ensure it is readable and that '/var/www/vhosts/saratogahistory.com/httpdocs/phpBB/' is executable, referer: http://www.saratogahistory.com/phpBB/index.php
[Wed Oct 14 14:55:14.099492 2020] [proxy_fcgi:error] [pid 3951:tid 139803750278912] [client 104.43.131.223:46658] AH01071: Got error 'Primary script unknown\n'
[Wed Oct 14 15:33:28.568748 2020] [core:crit] [pid 16376:tid 139803781748480] (13)Permission denied: [client 178.159.37.139:55412] AH00529: /var/www/vhosts/saratogahistory.com/httpdocs/phpBB/.htaccess pcfg_openfile: unable to check htaccess file, ensure it is readable and that '/var/www/vhosts/saratogahistory.com/httpdocs/phpBB/' is executable, referer: http://www.saratogahistory.com/phpBB/index.php
[Wed Oct 14 15:33:29.551170 2020] [proxy_fcgi:error] [pid 3951:tid 139803634890496] [client 178.159.37.139:55440] AH01071: Got error 'Primary script unknown\n', referer: http://www.saratogahistory.com/index.php
[Wed Oct 14 15:33:29.822893 2020] [proxy_fcgi:error] [pid 16376:tid 139803624400640] [client 178.159.37.139:55448] AH01071: Got error 'Primary script unknown\n', referer: http://www.saratogahistory.com/index.php
[Wed Oct 14 15:33:30.111494 2020] [proxy_fcgi:error] [pid 16376:tid 139803792238336] [client 178.159.37.139:55456] AH01071: Got error 'Primary script unknown\n', referer: http://www.saratogahistory.com/index.php
[Wed Oct 14 15:34:03.294023 2020] [core:crit] [pid 3951:tid 139803624400640] (13)Permission denied: [client 178.159.37.92:56108] AH00529: /var/www/vhosts/saratogahistory.com/httpdocs/phpBB/.htaccess pcfg_openfile: unable to check htaccess file, ensure it is readable and that '/var/www/vhosts/saratogahistory.com/httpdocs/phpBB/' is executable, referer: http://www.saratogahistory.com/phpBB/index.php
[Wed Oct 14 15:41:17.565827 2020] [core:crit] [pid 3952:tid 139803909662464] (13)Permission denied: [client 198.11.246.181:39300] AH00529: /var/www/vhosts/saratogahistory.com/httpdocs/phpBB/.htaccess pcfg_openfile: unable to check htaccess file, ensure it is readable and that '/var/www/vhosts/saratogahistory.com/httpdocs/phpBB/' is executable, referer: http://www.saratogahistory.com/phpBB/index.php
[Wed Oct 14 15:41:36.498945 2020] [proxy_fcgi:error] [pid 3951:tid 139803802728192] [client 198.11.246.181:40546] AH01071: Got error 'Primary script unknown\n', referer: http://www.saratogahistory.com/index.php
[Wed Oct 14 16:30:03.997138 2020] [proxy_fcgi:error] [pid 16376:tid 139803655870208] [client 139.59.40.233:45814] AH01071: Got error 'Primary script unknown\n', referer: http://saratogahistory.com/wp-login.php
[Wed Oct 14 16:57:28.120811 2020] [core:crit] [pid 3951:tid 139803634890496] (13)Permission denied: [client 23.106.58.133:33162] AH00529: /var/www/vhosts/saratogahistory.com/httpdocs/phpBB/.htaccess pcfg_openfile: unable to check htaccess file, ensure it is readable and that '/var/www/vhosts/saratogahistory.com/httpdocs/phpBB/' is executable, referer: http://www.saratogahistory.com/phpBB/index.php
[Wed Oct 14 17:30:51.838443 2020] [core:crit] [pid 16376:tid 139803666360064] (13)Permission denied: [client 185.25.35.11:33468] AH00529: /var/www/vhosts/saratogahistory.com/httpdocs/phpBB/.htaccess pcfg_openfile: unable to check htaccess file, ensure it is readable and that '/var/www/vhosts/saratogahistory.com/httpdocs/phpBB/' is executable
[Wed Oct 14 18:13:47.938015 2020] [core:crit] [pid 16376:tid 139803645380352] (13)Permission denied: [client 31.220.40.236:41794] AH00529: /var/www/vhosts/saratogahistory.com/httpdocs/phpBB/.htaccess pcfg_openfile: unable to check htaccess file, ensure it is readable and that '/var/www/vhosts/saratogahistory.com/httpdocs/phpBB/' is executable, referer: http://www.saratogahistory.com/phpBB/index.php
[Wed Oct 14 18:15:58.725542 2020] [core:crit] [pid 16376:tid 139803592931072] (13)Permission denied: [client 51.195.150.68:45998] AH00529: /var/www/vhosts/saratogahistory.com/httpdocs/phpBB/.htaccess pcfg_openfile: unable to check htaccess file, ensure it is readable and that '/var/www/vhosts/saratogahistory.com/httpdocs/phpBB/' is executable, referer: http://www.saratogahistory.com/phpBB/index.php
[Wed Oct 14 18:30:56.885577 2020] [core:crit] [pid 16376:tid 139803888682752] (13)Permission denied: [client 185.25.35.15:43378] AH00529: /var/www/vhosts/saratogahistory.com/httpdocs/phpBB/.htaccess pcfg_openfile: unable to check htaccess file, ensure it is readable and that '/var/www/vhosts/saratogahistory.com/httpdocs/phpBB/' is executable
[Wed Oct 14 18:51:30.968819 2020] [core:crit] [pid 3951:tid 139803592931072] (13)Permission denied: [client 5.188.84.230:48348] AH00529: /var/www/vhosts/saratogahistory.com/httpdocs/phpBB/.htaccess pcfg_openfile: unable to check htaccess file, ensure it is readable and that '/var/www/vhosts/saratogahistory.com/httpdocs/phpBB/' is executable, referer: http://www.saratogahistory.com/phpBB/
[Wed Oct 14 19:16:39.735903 2020] [core:crit] [pid 3950:tid 139803781748480] (13)Permission denied: [client 185.25.35.12:33234] AH00529: /var/www/vhosts/saratogahistory.com/httpdocs/phpBB/.htaccess pcfg_openfile: unable to check htaccess file, ensure it is readable and that '/var/www/vhosts/saratogahistory.com/httpdocs/phpBB/' is executable
[Wed Oct 14 19:31:47.014145 2020] [core:crit] [pid 16376:tid 139803802728192] (13)Permission denied: [client 185.25.35.8:57040] AH00529: /var/www/vhosts/saratogahistory.com/httpdocs/phpBB/.htaccess pcfg_openfile: unable to check htaccess file, ensure it is readable and that '/var/www/vhosts/saratogahistory.com/httpdocs/phpBB/' is executable
[Wed Oct 14 19:44:15.936859 2020] [core:crit] [pid 16376:tid 139803687339776] (13)Permission denied: [client 128.199.133.186:47130] AH00529: /var/www/vhosts/saratogahistory.com/httpdocs/phpBB/.htaccess pcfg_openfile: unable to check htaccess file, ensure it is readable and that '/var/www/vhosts/saratogahistory.com/httpdocs/phpBB/' is executable, referer: http://www.saratogahistory.com/phpBB/index.php
[Wed Oct 14 19:48:51.519803 2020] [core:crit] [pid 16376:tid 139803634890496] (13)Permission denied: [client 109.184.239.84:53800] AH00529: /var/www/vhosts/saratogahistory.com/httpdocs/phpBB/.htaccess pcfg_openfile: unable to check htaccess file, ensure it is readable and that '/var/www/vhosts/saratogahistory.com/httpdocs/phpBB/' is executable, referer: http://www.saratogahistory.com/phpBB/index.php
[Wed Oct 14 20:03:31.576739 2020] [core:crit] [pid 16376:tid 139803645380352] (13)Permission denied: [client 199.195.249.57:45970] AH00529: /var/www/vhosts/saratogahistory.com/httpdocs/phpBB/.htaccess pcfg_openfile: unable to check htaccess file, ensure it is readable and that '/var/www/vhosts/saratogahistory.com/httpdocs/phpBB/' is executable, referer: http://www.saratogahistory.com/phpBB/index.php
[Wed Oct 14 20:13:17.918072 2020] [autoindex:error] [pid 3951:tid 139803760768768] [client 77.88.5.246:59816] AH01276: Cannot serve directory /var/www/vhosts/saratogahistory.com/httpdocs/grandview/: No matching DirectoryIndex (index.html,index.cgi,index.pl,index.php,index.xhtml,index.htm,index.shtml) found, and server-generated directory index forbidden by Options directive
[Wed Oct 14 20:13:21.297669 2020] [autoindex:error] [pid 16376:tid 139803909662464] [client 77.88.5.246:59852] AH01276: Cannot serve directory /var/www/vhosts/saratogahistory.com/httpdocs/grandview/: No matching DirectoryIndex (index.html,index.cgi,index.pl,index.php,index.xhtml,index.htm,index.shtml) found, and server-generated directory index forbidden by Options directive
[Wed Oct 14 20:15:54.426172 2020] [core:crit] [pid 3951:tid 139803666360064] (13)Permission denied: [client 185.246.210.7:34984] AH00529: /var/www/vhosts/saratogahistory.com/httpdocs/phpBB/.htaccess pcfg_openfile: unable to check htaccess file, ensure it is readable and that '/var/www/vhosts/saratogahistory.com/httpdocs/phpBB/' is executable, referer: http://www.saratogahistory.com/phpBB/index.php
[Wed Oct 14 21:36:18.278050 2020] [core:crit] [pid 16376:tid 139803603420928] (13)Permission denied: [client 162.247.74.216:35842] AH00529: /var/www/vhosts/saratogahistory.com/httpdocs/phpBB/.htaccess pcfg_openfile: unable to check htaccess file, ensure it is readable and that '/var/www/vhosts/saratogahistory.com/httpdocs/phpBB/' is executable, referer: http://www.saratogahistory.com/phpBB/index.php
[Wed Oct 14 21:54:11.924767 2020] [core:crit] [pid 16376:tid 139803718809344] (13)Permission denied: [client 178.159.37.58:60150] AH00529: /var/www/vhosts/saratogahistory.com/httpdocs/phpBB/.htaccess pcfg_openfile: unable to check htaccess file, ensure it is readable and that '/var/www/vhosts/saratogahistory.com/httpdocs/phpBB/' is executable, referer: http://www.saratogahistory.com/phpBB/index.php
[Wed Oct 14 22:00:15.605171 2020] [core:crit] [pid 16376:tid 139803676849920] (13)Permission denied: [client 51.195.150.130:39104] AH00529: /var/www/vhosts/saratogahistory.com/httpdocs/phpBB/.htaccess pcfg_openfile: unable to check htaccess file, ensure it is readable and that '/var/www/vhosts/saratogahistory.com/httpdocs/phpBB/' is executable, referer: http://www.saratogahistory.com/phpBB/index.php
[Wed Oct 14 22:40:44.534448 2020] [core:crit] [pid 3951:tid 139803899172608] (13)Permission denied: [client 145.255.1.65:42866] AH00529: /var/www/vhosts/saratogahistory.com/httpdocs/phpBB/.htaccess pcfg_openfile: unable to check htaccess file, ensure it is readable and that '/var/www/vhosts/saratogahistory.com/httpdocs/phpBB/' is executable, referer: http://www.saratogahistory.com/phpBB/index.php
[Thu Oct 15 00:04:03.712667 2020] [core:crit] [pid 3952:tid 139803750278912] (13)Permission denied: [client 51.91.101.143:43534] AH00529: /var/www/vhosts/saratogahistory.com/httpdocs/phpBB/.htaccess pcfg_openfile: unable to check htaccess file, ensure it is readable and that '/var/www/vhosts/saratogahistory.com/httpdocs/phpBB/' is executable, referer: http://www.saratogahistory.com/phpBB/index.php
[Thu Oct 15 00:05:18.031627 2020] [core:crit] [pid 3951:tid 139803603420928] (13)Permission denied: [client 185.25.35.13:45750] AH00529: /var/www/vhosts/saratogahistory.com/httpdocs/phpBB/.htaccess pcfg_openfile: unable to check htaccess file, ensure it is readable and that '/var/www/vhosts/saratogahistory.com/httpdocs/phpBB/' is executable
[Thu Oct 15 00:30:41.976777 2020] [core:crit] [pid 16376:tid 139803781748480] (13)Permission denied: [client 109.70.100.41:52968] AH00529: /var/www/vhosts/saratogahistory.com/httpdocs/phpBB/.htaccess pcfg_openfile: unable to check htaccess file, ensure it is readable and that '/var/www/vhosts/saratogahistory.com/httpdocs/phpBB/' is executable, referer: http://www.saratogahistory.com/phpBB/index.php
[Thu Oct 15 01:07:19.510541 2020] [core:crit] [pid 16376:tid 139803697829632] (13)Permission denied: [client 91.192.103.8:50226] AH00529: /var/www/vhosts/saratogahistory.com/httpdocs/phpBB/.htaccess pcfg_openfile: unable to check htaccess file, ensure it is readable and that '/var/www/vhosts/saratogahistory.com/httpdocs/phpBB/' is executable, referer: http://www.saratogahistory.com/phpBB/index.php
[Thu Oct 15 01:07:47.020145 2020] [core:crit] [pid 3951:tid 139803771258624] (13)Permission denied: [client 185.25.35.9:50722] AH00529: /var/www/vhosts/saratogahistory.com/httpdocs/phpBB/.htaccess pcfg_openfile: unable to check htaccess file, ensure it is readable and that '/var/www/vhosts/saratogahistory.com/httpdocs/phpBB/' is executable
[Thu Oct 15 01:13:58.521940 2020] [core:crit] [pid 3951:tid 139803718809344] (13)Permission denied: [client 62.210.188.222:59822] AH00529: /var/www/vhosts/saratogahistory.com/httpdocs/phpBB/.htaccess pcfg_openfile: unable to check htaccess file, ensure it is readable and that '/var/www/vhosts/saratogahistory.com/httpdocs/phpBB/' is executable
[Thu Oct 15 01:39:32.612125 2020] [core:crit] [pid 3951:tid 139803781748480] (13)Permission denied: [client 185.216.195.194:41018] AH00529: /var/www/vhosts/saratogahistory.com/httpdocs/phpBB/.htaccess pcfg_openfile: unable to check htaccess file, ensure it is readable and that '/var/www/vhosts/saratogahistory.com/httpdocs/phpBB/' is executable, referer: http://www.saratogahistory.com/phpBB/index.php
[Thu Oct 15 01:53:28.531376 2020] [core:crit] [pid 16376:tid 139803792238336] (13)Permission denied: [client 185.25.35.10:39150] AH00529: /var/www/vhosts/saratogahistory.com/httpdocs/phpBB/.htaccess pcfg_openfile: unable to check htaccess file, ensure it is readable and that '/var/www/vhosts/saratogahistory.com/httpdocs/phpBB/' is executable
[Thu Oct 15 02:04:25.585058 2020] [core:crit] [pid 16376:tid 139803697829632] (13)Permission denied: [client 64.113.32.29:53888] AH00529: /var/www/vhosts/saratogahistory.com/httpdocs/phpBB/.htaccess pcfg_openfile: unable to check htaccess file, ensure it is readable and that '/var/www/vhosts/saratogahistory.com/httpdocs/phpBB/' is executable, referer: http://www.saratogahistory.com/phpBB/index.php
[Thu Oct 15 02:06:47.032825 2020] [core:crit] [pid 16376:tid 139803909662464] (13)Permission denied: [client 185.25.35.10:57362] AH00529: /var/www/vhosts/saratogahistory.com/httpdocs/phpBB/.htaccess pcfg_openfile: unable to check htaccess file, ensure it is readable and that '/var/www/vhosts/saratogahistory.com/httpdocs/phpBB/' is executable
[Thu Oct 15 03:25:40.562412 2020] [core:crit] [pid 16376:tid 139803888682752] (13)Permission denied: [client 66.249.66.213:59928] AH00529: /var/www/vhosts/saratogahistory.com/httpdocs/phpBB/.htaccess pcfg_openfile: unable to check htaccess file, ensure it is readable and that '/var/www/vhosts/saratogahistory.com/httpdocs/phpBB/' is executable
[Thu Oct 15 03:26:33.057620 2020] [core:crit] [pid 16376:tid 139803697829632] (13)Permission denied: [client 66.249.66.217:32986] AH00529: /var/www/vhosts/saratogahistory.com/httpdocs/phpBB/.htaccess pcfg_openfile: unable to check htaccess file, ensure it is readable and that '/var/www/vhosts/saratogahistory.com/httpdocs/phpBB/' is executable
[Thu Oct 15 03:27:47.981843 2020] [core:crit] [pid 16376:tid 139803603420928] (13)Permission denied: [client 66.249.66.213:34718] AH00529: /var/www/vhosts/saratogahistory.com/httpdocs/phpBB/.htaccess pcfg_openfile: unable to check htaccess file, ensure it is readable and that '/var/www/vhosts/saratogahistory.com/httpdocs/phpBB/' is executable
[Thu Oct 15 03:28:47.804906 2020] [core:crit] [pid 16376:tid 139803909662464] (13)Permission denied: [client 66.249.66.213:36272] AH00529: /var/www/vhosts/saratogahistory.com/httpdocs/phpBB/.htaccess pcfg_openfile: unable to check htaccess file, ensure it is readable and that '/var/www/vhosts/saratogahistory.com/httpdocs/phpBB/' is executable
[Thu Oct 15 03:30:36.931160 2020] [core:crit] [pid 3952:tid 139803909662464] (13)Permission denied: [client 66.249.66.213:39408] AH00529: /var/www/vhosts/saratogahistory.com/httpdocs/phpBB/.htaccess pcfg_openfile: unable to check htaccess file, ensure it is readable and that '/var/www/vhosts/saratogahistory.com/httpdocs/phpBB/' is executable
[Thu Oct 15 03:31:14.162536 2020] [core:crit] [pid 16376:tid 139803802728192] (13)Permission denied: [client 66.249.66.215:40280] AH00529: /var/www/vhosts/saratogahistory.com/httpdocs/phpBB/.htaccess pcfg_openfile: unable to check htaccess file, ensure it is readable and that '/var/www/vhosts/saratogahistory.com/httpdocs/phpBB/' is executable
[Thu Oct 15 03:31:57.297121 2020] [core:crit] [pid 3951:tid 139803739789056] (13)Permission denied: [client 66.249.66.215:41004] AH00529: /var/www/vhosts/saratogahistory.com/httpdocs/phpBB/.htaccess pcfg_openfile: unable to check htaccess file, ensure it is readable and that '/var/www/vhosts/saratogahistory.com/httpdocs/phpBB/' is executable
[Thu Oct 15 04:00:05.591678 2020] [core:crit] [pid 16376:tid 139803899172608] (13)Permission denied: [client 85.248.227.165:56112] AH00529: /var/www/vhosts/saratogahistory.com/httpdocs/phpBB/.htaccess pcfg_openfile: unable to check htaccess file, ensure it is readable and that '/var/www/vhosts/saratogahistory.com/httpdocs/phpBB/' is executable, referer: http://www.saratogahistory.com/phpBB/index.php
[Thu Oct 15 04:00:42.365753 2020] [core:crit] [pid 16376:tid 139803666360064] (13)Permission denied: [client 51.38.233.93:56788] AH00529: /var/www/vhosts/saratogahistory.com/httpdocs/phpBB/.htaccess pcfg_openfile: unable to check htaccess file, ensure it is readable and that '/var/www/vhosts/saratogahistory.com/httpdocs/phpBB/' is executable, referer: http://www.saratogahistory.com/phpBB/index.php
[Thu Oct 15 04:00:58.431067 2020] [core:crit] [pid 16376:tid 139803750278912] (13)Permission denied: [client 107.189.10.40:57148] AH00529: /var/www/vhosts/saratogahistory.com/httpdocs/phpBB/.htaccess pcfg_openfile: unable to check htaccess file, ensure it is readable and that '/var/www/vhosts/saratogahistory.com/httpdocs/phpBB/' is executable, referer: http://www.saratogahistory.com/phpBB/index.php
[Thu Oct 15 04:26:21.349512 2020] [core:crit] [pid 16376:tid 139803697829632] (13)Permission denied: [client 62.102.148.68:44630] AH00529: /var/www/vhosts/saratogahistory.com/httpdocs/phpBB/.htaccess pcfg_openfile: unable to check htaccess file, ensure it is readable and that '/var/www/vhosts/saratogahistory.com/httpdocs/phpBB/' is executable, referer: http://www.saratogahistory.com/phpBB/index.php
[Thu Oct 15 04:36:46.872724 2020] [core:crit] [pid 3952:tid 139803771258624] (13)Permission denied: [client 188.163.109.153:59506] AH00529: /var/www/vhosts/saratogahistory.com/httpdocs/phpBB/.htaccess pcfg_openfile: unable to check htaccess file, ensure it is readable and that '/var/www/vhosts/saratogahistory.com/httpdocs/phpBB/' is executable, referer: http://www.saratogahistory.com/phpBB/index.php
[Thu Oct 15 05:05:54.187987 2020] [core:crit] [pid 3952:tid 139803750278912] (13)Permission denied: [client 40.77.167.157:43274] AH00529: /var/www/vhosts/saratogahistory.com/httpdocs/phpBB/.htaccess pcfg_openfile: unable to check htaccess file, ensure it is readable and that '/var/www/vhosts/saratogahistory.com/httpdocs/phpBB/' is executable
[Thu Oct 15 06:01:29.235919 2020] [core:crit] [pid 3951:tid 139803920152320] (13)Permission denied: [client 46.59.65.88:40312] AH00529: /var/www/vhosts/saratogahistory.com/httpdocs/phpBB/.htaccess pcfg_openfile: unable to check htaccess file, ensure it is readable and that '/var/www/vhosts/saratogahistory.com/httpdocs/phpBB/' is executable, referer: http://www.saratogahistory.com/phpBB/index.php
[Thu Oct 15 06:04:21.456035 2020] [core:crit] [pid 3952:tid 139803613910784] (13)Permission denied: [client 77.51.91.96:45722] AH00529: /var/www/vhosts/saratogahistory.com/httpdocs/phpBB/.htaccess pcfg_openfile: unable to check htaccess file, ensure it is readable and that '/var/www/vhosts/saratogahistory.com/httpdocs/phpBB/' is executable, referer: http://www.saratogahistory.com/phpBB/index.php
[Thu Oct 15 06:04:22.483625 2020] [proxy_fcgi:error] [pid 16376:tid 139803634890496] [client 77.51.91.96:45742] AH01071: Got error 'Primary script unknown\n', referer: http://www.saratogahistory.com/index.php
[Thu Oct 15 06:04:22.774296 2020] [proxy_fcgi:error] [pid 16376:tid 139803760768768] [client 77.51.91.96:45754] AH01071: Got error 'Primary script unknown\n', referer: http://www.saratogahistory.com/index.php
[Thu Oct 15 06:04:23.068839 2020] [proxy_fcgi:error] [pid 16376:tid 139803739789056] [client 77.51.91.96:45764] AH01071: Got error 'Primary script unknown\n', referer: http://www.saratogahistory.com/index.php
[Thu Oct 15 06:31:27.129907 2020] [proxy_fcgi:error] [pid 16376:tid 139803771258624] [client 104.43.131.223:59990] AH01071: Got error 'Primary script unknown\n'
[Thu Oct 15 06:48:42.101240 2020] [core:crit] [pid 3951:tid 139803718809344] (13)Permission denied: [client 185.25.35.13:35420] AH00529: /var/www/vhosts/saratogahistory.com/httpdocs/phpBB/.htaccess pcfg_openfile: unable to check htaccess file, ensure it is readable and that '/var/www/vhosts/saratogahistory.com/httpdocs/phpBB/' is executable
[Thu Oct 15 07:50:19.576003 2020] [core:crit] [pid 16376:tid 139803687339776] (13)Permission denied: [client 185.25.35.12:44832] AH00529: /var/www/vhosts/saratogahistory.com/httpdocs/phpBB/.htaccess pcfg_openfile: unable to check htaccess file, ensure it is readable and that '/var/www/vhosts/saratogahistory.com/httpdocs/phpBB/' is executable
[Thu Oct 15 08:01:11.429552 2020] [core:crit] [pid 16376:tid 139803676849920] (13)Permission denied: [client 31.220.40.241:60452] AH00529: /var/www/vhosts/saratogahistory.com/httpdocs/phpBB/.htaccess pcfg_openfile: unable to check htaccess file, ensure it is readable and that '/var/www/vhosts/saratogahistory.com/httpdocs/phpBB/' is executable, referer: http://www.saratogahistory.com/phpBB/index.php
[Thu Oct 15 08:08:08.696884 2020] [core:crit] [pid 3950:tid 139803909662464] (13)Permission denied: [client 51.91.101.237:43838] AH00529: /var/www/vhosts/saratogahistory.com/httpdocs/phpBB/.htaccess pcfg_openfile: unable to check htaccess file, ensure it is readable and that '/var/www/vhosts/saratogahistory.com/httpdocs/phpBB/' is executable, referer: http://www.saratogahistory.com/phpBB/index.php
[Thu Oct 15 08:37:51.353003 2020] [core:crit] [pid 16376:tid 139803920152320] (13)Permission denied: [client 185.25.35.13:36412] AH00529: /var/www/vhosts/saratogahistory.com/httpdocs/phpBB/.htaccess pcfg_openfile: unable to check htaccess file, ensure it is readable and that '/var/www/vhosts/saratogahistory.com/httpdocs/phpBB/' is executable
[Thu Oct 15 08:44:35.936717 2020] [core:crit] [pid 16376:tid 139803771258624] (13)Permission denied: [client 40.77.167.69:46210] AH00529: /var/www/vhosts/saratogahistory.com/httpdocs/phpBB/.htaccess pcfg_openfile: unable to check htaccess file, ensure it is readable and that '/var/www/vhosts/saratogahistory.com/httpdocs/phpBB/' is executable
[Thu Oct 15 08:53:29.325984 2020] [core:crit] [pid 3951:tid 139803729299200] (13)Permission denied: [client 185.25.35.10:33568] AH00529: /var/www/vhosts/saratogahistory.com/httpdocs/phpBB/.htaccess pcfg_openfile: unable to check htaccess file, ensure it is readable and that '/var/www/vhosts/saratogahistory.com/httpdocs/phpBB/' is executable
[Thu Oct 15 09:00:38.513404 2020] [core:crit] [pid 3950:tid 139803920152320] (13)Permission denied: [client 185.220.102.4:44232] AH00529: /var/www/vhosts/saratogahistory.com/httpdocs/phpBB/.htaccess pcfg_openfile: unable to check htaccess file, ensure it is readable and that '/var/www/vhosts/saratogahistory.com/httpdocs/phpBB/' is executable, referer: http://www.saratogahistory.com/phpBB/index.php
[Thu Oct 15 09:45:13.888148 2020] [core:crit] [pid 16376:tid 139803909662464] (13)Permission denied: [client 66.249.66.213:52438] AH00529: /var/www/vhosts/saratogahistory.com/httpdocs/phpBB/.htaccess pcfg_openfile: unable to check htaccess file, ensure it is readable and that '/var/www/vhosts/saratogahistory.com/httpdocs/phpBB/' is executable
[Thu Oct 15 10:07:48.196651 2020] [core:crit] [pid 16376:tid 139803613910784] (13)Permission denied: [client 51.158.111.157:55794] AH00529: /var/www/vhosts/saratogahistory.com/httpdocs/phpBB/.htaccess pcfg_openfile: unable to check htaccess file, ensure it is readable and that '/var/www/vhosts/saratogahistory.com/httpdocs/phpBB/' is executable, referer: http://www.saratogahistory.com/phpBB/index.php
[Thu Oct 15 11:15:07.713135 2020] [core:crit] [pid 3951:tid 139803760768768] (13)Permission denied: [client 185.206.224.205:41786] AH00529: /var/www/vhosts/saratogahistory.com/httpdocs/phpBB/.htaccess pcfg_openfile: unable to check htaccess file, ensure it is readable and that '/var/www/vhosts/saratogahistory.com/httpdocs/phpBB/' is executable, referer: http://www.saratogahistory.com/phpBB/index.php
[Thu Oct 15 11:24:41.806313 2020] [core:crit] [pid 16376:tid 139803645380352] (13)Permission denied: [client 51.195.149.69:48880] AH00529: /var/www/vhosts/saratogahistory.com/httpdocs/phpBB/.htaccess pcfg_openfile: unable to check htaccess file, ensure it is readable and that '/var/www/vhosts/saratogahistory.com/httpdocs/phpBB/' is executable, referer: http://www.saratogahistory.com/phpBB/index.php
[Thu Oct 15 11:57:17.743995 2020] [core:crit] [pid 16376:tid 139803718809344] (13)Permission denied: [client 198.251.89.198:60066] AH00529: /var/www/vhosts/saratogahistory.com/httpdocs/phpBB/.htaccess pcfg_openfile: unable to check htaccess file, ensure it is readable and that '/var/www/vhosts/saratogahistory.com/httpdocs/phpBB/' is executable, referer: http://www.saratogahistory.com/phpBB/index.php
[Thu Oct 15 13:14:18.656273 2020] [core:crit] [pid 16376:tid 139803592931072] (13)Permission denied: [client 104.168.82.8:54266] AH00529: /var/www/vhosts/saratogahistory.com/httpdocs/phpBB/.htaccess pcfg_openfile: unable to check htaccess file, ensure it is readable and that '/var/www/vhosts/saratogahistory.com/httpdocs/phpBB/' is executable
[Thu Oct 15 13:24:58.573774 2020] [core:crit] [pid 16376:tid 139803697829632] (13)Permission denied: [client 185.25.35.14:41038] AH00529: /var/www/vhosts/saratogahistory.com/httpdocs/phpBB/.htaccess pcfg_openfile: unable to check htaccess file, ensure it is readable and that '/var/www/vhosts/saratogahistory.com/httpdocs/phpBB/' is executable
[Thu Oct 15 13:53:27.991189 2020] [core:crit] [pid 16376:tid 139803771258624] (13)Permission denied: [client 66.249.66.213:57160] AH00529: /var/www/vhosts/saratogahistory.com/httpdocs/phpBB/.htaccess pcfg_openfile: unable to check htaccess file, ensure it is readable and that '/var/www/vhosts/saratogahistory.com/httpdocs/phpBB/' is executable
[Thu Oct 15 14:04:34.176468 2020] [core:crit] [pid 16376:tid 139803676849920] (13)Permission denied: [client 23.129.64.212:44962] AH00529: /var/www/vhosts/saratogahistory.com/httpdocs/phpBB/.htaccess pcfg_openfile: unable to check htaccess file, ensure it is readable and that '/var/www/vhosts/saratogahistory.com/httpdocs/phpBB/' is executable, referer: http://www.saratogahistory.com/phpBB/index.php
[Thu Oct 15 14:07:59.678911 2020] [core:crit] [pid 3951:tid 139803771258624] (13)Permission denied: [client 51.81.82.252:51266] AH00529: /var/www/vhosts/saratogahistory.com/httpdocs/phpBB/.htaccess pcfg_openfile: unable to check htaccess file, ensure it is readable and that '/var/www/vhosts/saratogahistory.com/httpdocs/phpBB/' is executable, referer: http://www.saratogahistory.com/phpBB/index.php
[Thu Oct 15 14:23:20.772394 2020] [core:crit] [pid 16376:tid 139803802728192] (13)Permission denied: [client 185.25.35.9:47148] AH00529: /var/www/vhosts/saratogahistory.com/httpdocs/phpBB/.htaccess pcfg_openfile: unable to check htaccess file, ensure it is readable and that '/var/www/vhosts/saratogahistory.com/httpdocs/phpBB/' is executable
[Thu Oct 15 14:40:17.726475 2020] [core:crit] [pid 16376:tid 139803792238336] (13)Permission denied: [client 109.70.100.55:48904] AH00529: /var/www/vhosts/saratogahistory.com/httpdocs/phpBB/.htaccess pcfg_openfile: unable to check htaccess file, ensure it is readable and that '/var/www/vhosts/saratogahistory.com/httpdocs/phpBB/' is executable, referer: http://www.saratogahistory.com/phpBB/index.php
[Thu Oct 15 14:54:11.927221 2020] [core:crit] [pid 16376:tid 139803655870208] (13)Permission denied: [client 95.65.81.152:43318] AH00529: /var/www/vhosts/saratogahistory.com/httpdocs/phpBB/.htaccess pcfg_openfile: unable to check htaccess file, ensure it is readable and that '/var/www/vhosts/saratogahistory.com/httpdocs/phpBB/' is executable, referer: http://www.saratogahistory.com/phpBB/index.php
[Thu Oct 15 15:09:53.893102 2020] [core:crit] [pid 16376:tid 139803645380352] (13)Permission denied: [client 185.25.35.8:40956] AH00529: /var/www/vhosts/saratogahistory.com/httpdocs/phpBB/.htaccess pcfg_openfile: unable to check htaccess file, ensure it is readable and that '/var/www/vhosts/saratogahistory.com/httpdocs/phpBB/' is executable
[Thu Oct 15 15:25:21.884142 2020] [core:crit] [pid 16376:tid 139803697829632] (13)Permission denied: [client 185.25.35.13:37320] AH00529: /var/www/vhosts/saratogahistory.com/httpdocs/phpBB/.htaccess pcfg_openfile: unable to check htaccess file, ensure it is readable and that '/var/www/vhosts/saratogahistory.com/httpdocs/phpBB/' is executable
[Thu Oct 15 16:02:21.805775 2020] [core:crit] [pid 16376:tid 139803655870208] (13)Permission denied: [client 104.244.77.91:57746] AH00529: /var/www/vhosts/saratogahistory.com/httpdocs/phpBB/.htaccess pcfg_openfile: unable to check htaccess file, ensure it is readable and that '/var/www/vhosts/saratogahistory.com/httpdocs/phpBB/' is executable, referer: http://www.saratogahistory.com/phpBB/index.php
[Thu Oct 15 16:28:32.070766 2020] [core:crit] [pid 16376:tid 139803781748480] (13)Permission denied: [client 66.249.66.215:45622] AH00529: /var/www/vhosts/saratogahistory.com/httpdocs/phpBB/.htaccess pcfg_openfile: unable to check htaccess file, ensure it is readable and that '/var/www/vhosts/saratogahistory.com/httpdocs/phpBB/' is executable, referer: http://saratogahistory.com/phpBB/viewtopic.php?t=334&start=0&postdays=0&postorder=asc&highlight=&sid=a1e4b70a0357f7d32b9a93d2dd82907e
[Thu Oct 15 17:04:36.697338 2020] [core:crit] [pid 3951:tid 139803771258624] (13)Permission denied: [client 95.174.124.153:44666] AH00529: /var/www/vhosts/saratogahistory.com/httpdocs/phpBB/.htaccess pcfg_openfile: unable to check htaccess file, ensure it is readable and that '/var/www/vhosts/saratogahistory.com/httpdocs/phpBB/' is executable, referer: http://www.saratogahistory.com/phpBB/index.php
[Thu Oct 15 18:03:00.789720 2020] [core:crit] [pid 16376:tid 139803771258624] (13)Permission denied: [client 198.144.120.223:33564] AH00529: /var/www/vhosts/saratogahistory.com/httpdocs/phpBB/.htaccess pcfg_openfile: unable to check htaccess file, ensure it is readable and that '/var/www/vhosts/saratogahistory.com/httpdocs/phpBB/' is executable, referer: http://www.saratogahistory.com/phpBB/index.php
[Thu Oct 15 18:06:00.891928 2020] [core:crit] [pid 3952:tid 139803624400640] (13)Permission denied: [client 51.195.149.141:40134] AH00529: /var/www/vhosts/saratogahistory.com/httpdocs/phpBB/.htaccess pcfg_openfile: unable to check htaccess file, ensure it is readable and that '/var/www/vhosts/saratogahistory.com/httpdocs/phpBB/' is executable, referer: http://www.saratogahistory.com/phpBB/index.php
[Thu Oct 15 19:25:48.786200 2020] [core:crit] [pid 3951:tid 139803771258624] (13)Permission denied: [client 185.220.101.144:38914] AH00529: /var/www/vhosts/saratogahistory.com/httpdocs/phpBB/.htaccess pcfg_openfile: unable to check htaccess file, ensure it is readable and that '/var/www/vhosts/saratogahistory.com/httpdocs/phpBB/' is executable, referer: http://www.saratogahistory.com/phpBB/index.php
[Thu Oct 15 20:05:41.687793 2020] [core:crit] [pid 3951:tid 139803750278912] (13)Permission denied: [client 185.220.102.6:39166] AH00529: /var/www/vhosts/saratogahistory.com/httpdocs/phpBB/.htaccess pcfg_openfile: unable to check htaccess file, ensure it is readable and that '/var/www/vhosts/saratogahistory.com/httpdocs/phpBB/' is executable, referer: http://www.saratogahistory.com/phpBB/index.php
[Thu Oct 15 20:09:51.270647 2020] [core:crit] [pid 16376:tid 139803792238336] (13)Permission denied: [client 185.25.35.14:45396] AH00529: /var/www/vhosts/saratogahistory.com/httpdocs/phpBB/.htaccess pcfg_openfile: unable to check htaccess file, ensure it is readable and that '/var/www/vhosts/saratogahistory.com/httpdocs/phpBB/' is executable
[Thu Oct 15 20:39:27.119653 2020] [core:crit] [pid 16376:tid 139803655870208] (13)Permission denied: [client 37.153.1.167:55966] AH00529: /var/www/vhosts/saratogahistory.com/httpdocs/phpBB/.htaccess pcfg_openfile: unable to check htaccess file, ensure it is readable and that '/var/www/vhosts/saratogahistory.com/httpdocs/phpBB/' is executable, referer: http://www.saratogahistory.com/phpBB/index.php
[Thu Oct 15 20:39:28.362883 2020] [proxy_fcgi:error] [pid 3951:tid 139803708319488] [client 37.153.1.167:55986] AH01071: Got error 'Primary script unknown\n', referer: http://www.saratogahistory.com/index.php
[Thu Oct 15 20:39:28.712012 2020] [proxy_fcgi:error] [pid 16376:tid 139803771258624] [client 37.153.1.167:56018] AH01071: Got error 'Primary script unknown\n', referer: http://www.saratogahistory.com/index.php
[Thu Oct 15 20:39:29.048133 2020] [proxy_fcgi:error] [pid 3951:tid 139803718809344] [client 37.153.1.167:56028] AH01071: Got error 'Primary script unknown\n', referer: http://www.saratogahistory.com/index.php
[Thu Oct 15 21:07:08.352328 2020] [core:crit] [pid 16376:tid 139803634890496] (13)Permission denied: [client 185.25.35.8:34154] AH00529: /var/www/vhosts/saratogahistory.com/httpdocs/phpBB/.htaccess pcfg_openfile: unable to check htaccess file, ensure it is readable and that '/var/www/vhosts/saratogahistory.com/httpdocs/phpBB/' is executable
[Thu Oct 15 21:10:39.272932 2020] [core:crit] [pid 3952:tid 139803687339776] (13)Permission denied: [client 185.220.100.243:39264] AH00529: /var/www/vhosts/saratogahistory.com/httpdocs/phpBB/.htaccess pcfg_openfile: unable to check htaccess file, ensure it is readable and that '/var/www/vhosts/saratogahistory.com/httpdocs/phpBB/' is executable, referer: http://www.saratogahistory.com/phpBB/index.php
[Thu Oct 15 21:34:59.379495 2020] [core:crit] [pid 16376:tid 139803792238336] (13)Permission denied: [client 199.249.230.185:39534] AH00529: /var/www/vhosts/saratogahistory.com/httpdocs/phpBB/.htaccess pcfg_openfile: unable to check htaccess file, ensure it is readable and that '/var/www/vhosts/saratogahistory.com/httpdocs/phpBB/' is executable, referer: http://www.saratogahistory.com/phpBB/index.php
[Thu Oct 15 21:46:02.728899 2020] [core:crit] [pid 3952:tid 139803676849920] (13)Permission denied: [client 185.25.35.12:52640] AH00529: /var/www/vhosts/saratogahistory.com/httpdocs/phpBB/.htaccess pcfg_openfile: unable to check htaccess file, ensure it is readable and that '/var/www/vhosts/saratogahistory.com/httpdocs/phpBB/' is executable
[Thu Oct 15 21:59:23.933937 2020] [core:crit] [pid 16376:tid 139803592931072] (13)Permission denied: [client 185.25.35.10:38894] AH00529: /var/www/vhosts/saratogahistory.com/httpdocs/phpBB/.htaccess pcfg_openfile: unable to check htaccess file, ensure it is readable and that '/var/www/vhosts/saratogahistory.com/httpdocs/phpBB/' is executable
[Thu Oct 15 22:00:57.912837 2020] [core:crit] [pid 16376:tid 139803899172608] (13)Permission denied: [client 178.17.171.115:40592] AH00529: /var/www/vhosts/saratogahistory.com/httpdocs/phpBB/.htaccess pcfg_openfile: unable to check htaccess file, ensure it is readable and that '/var/www/vhosts/saratogahistory.com/httpdocs/phpBB/' is executable, referer: http://www.saratogahistory.com/phpBB/index.php
[Thu Oct 15 22:22:21.458041 2020] [core:crit] [pid 3952:tid 139803771258624] (13)Permission denied: [client 92.124.163.5:45476] AH00529: /var/www/vhosts/saratogahistory.com/httpdocs/phpBB/.htaccess pcfg_openfile: unable to check htaccess file, ensure it is readable and that '/var/www/vhosts/saratogahistory.com/httpdocs/phpBB/' is executable, referer: http://www.saratogahistory.com/phpBB/index.php
[Thu Oct 15 23:17:25.918545 2020] [core:crit] [pid 16376:tid 139803909662464] (13)Permission denied: [client 173.231.59.196:50220] AH00529: /var/www/vhosts/saratogahistory.com/httpdocs/phpBB/.htaccess pcfg_openfile: unable to check htaccess file, ensure it is readable and that '/var/www/vhosts/saratogahistory.com/httpdocs/phpBB/' is executable, referer: http://www.saratogahistory.com/
[Thu Oct 15 23:53:08.069628 2020] [core:crit] [pid 3951:tid 139803634890496] (13)Permission denied: [client 66.249.66.213:33962] AH00529: /var/www/vhosts/saratogahistory.com/httpdocs/phpBB/.htaccess pcfg_openfile: unable to check htaccess file, ensure it is readable and that '/var/www/vhosts/saratogahistory.com/httpdocs/phpBB/' is executable
[Thu Oct 15 23:59:41.105072 2020] [core:crit] [pid 16376:tid 139803750278912] (13)Permission denied: [client 51.68.214.116:42096] AH00529: /var/www/vhosts/saratogahistory.com/httpdocs/phpBB/.htaccess pcfg_openfile: unable to check htaccess file, ensure it is readable and that '/var/www/vhosts/saratogahistory.com/httpdocs/phpBB/' is executable, referer: http://www.saratogahistory.com/phpBB/index.php
[Fri Oct 16 00:54:32.500721 2020] [core:crit] [pid 3950:tid 139803899172608] (13)Permission denied: [client 185.107.70.202:51114] AH00529: /var/www/vhosts/saratogahistory.com/httpdocs/phpBB/.htaccess pcfg_openfile: unable to check htaccess file, ensure it is readable and that '/var/www/vhosts/saratogahistory.com/httpdocs/phpBB/' is executable, referer: http://www.saratogahistory.com/phpBB/index.php
[Fri Oct 16 01:58:54.636242 2020] [core:crit] [pid 3951:tid 139803750278912] (13)Permission denied: [client 199.249.230.173:53668] AH00529: /var/www/vhosts/saratogahistory.com/httpdocs/phpBB/.htaccess pcfg_openfile: unable to check htaccess file, ensure it is readable and that '/var/www/vhosts/saratogahistory.com/httpdocs/phpBB/' is executable, referer: http://www.saratogahistory.com/phpBB/index.php
[Fri Oct 16 02:00:39.660979 2020] [core:crit] [pid 3951:tid 139803729299200] (13)Permission denied: [client 77.247.181.162:57180] AH00529: /var/www/vhosts/saratogahistory.com/httpdocs/phpBB/.htaccess pcfg_openfile: unable to check htaccess file, ensure it is readable and that '/var/www/vhosts/saratogahistory.com/httpdocs/phpBB/' is executable, referer: http://www.saratogahistory.com/phpBB/index.php
[Fri Oct 16 02:27:17.115894 2020] [core:crit] [pid 3951:tid 139803802728192] (13)Permission denied: [client 185.25.35.14:39494] AH00529: /var/www/vhosts/saratogahistory.com/httpdocs/phpBB/.htaccess pcfg_openfile: unable to check htaccess file, ensure it is readable and that '/var/www/vhosts/saratogahistory.com/httpdocs/phpBB/' is executable
[Fri Oct 16 02:47:10.815928 2020] [core:crit] [pid 16376:tid 139803899172608] (13)Permission denied: [client 178.159.37.58:37458] AH00529: /var/www/vhosts/saratogahistory.com/httpdocs/phpBB/.htaccess pcfg_openfile: unable to check htaccess file, ensure it is readable and that '/var/www/vhosts/saratogahistory.com/httpdocs/phpBB/' is executable, referer: http://www.saratogahistory.com/phpBB/index.php
[Fri Oct 16 03:29:32.510488 2020] [core:crit] [pid 16376:tid 139803676849920] (13)Permission denied: [client 185.25.35.11:41462] AH00529: /var/www/vhosts/saratogahistory.com/httpdocs/phpBB/.htaccess pcfg_openfile: unable to check htaccess file, ensure it is readable and that '/var/www/vhosts/saratogahistory.com/httpdocs/phpBB/' is executable
[Fri Oct 16 04:04:54.068785 2020] [core:crit] [pid 3951:tid 139803603420928] (13)Permission denied: [client 185.220.101.15:54042] AH00529: /var/www/vhosts/saratogahistory.com/httpdocs/phpBB/.htaccess pcfg_openfile: unable to check htaccess file, ensure it is readable and that '/var/www/vhosts/saratogahistory.com/httpdocs/phpBB/' is executable, referer: http://www.saratogahistory.com/phpBB/index.php
[Fri Oct 16 04:17:28.519164 2020] [core:crit] [pid 16376:tid 139803909662464] (13)Permission denied: [client 185.25.35.13:50350] AH00529: /var/www/vhosts/saratogahistory.com/httpdocs/phpBB/.htaccess pcfg_openfile: unable to check htaccess file, ensure it is readable and that '/var/www/vhosts/saratogahistory.com/httpdocs/phpBB/' is executable
[Fri Oct 16 04:30:11.305672 2020] [core:crit] [pid 16376:tid 139803676849920] (13)Permission denied: [client 51.210.8.229:37944] AH00529: /var/www/vhosts/saratogahistory.com/httpdocs/phpBB/.htaccess pcfg_openfile: unable to check htaccess file, ensure it is readable and that '/var/www/vhosts/saratogahistory.com/httpdocs/phpBB/' is executable, referer: http://www.saratogahistory.com/phpBB/index.php
[Fri Oct 16 04:31:57.629640 2020] [core:crit] [pid 16376:tid 139803645380352] (13)Permission denied: [client 185.25.35.8:39696] AH00529: /var/www/vhosts/saratogahistory.com/httpdocs/phpBB/.htaccess pcfg_openfile: unable to check htaccess file, ensure it is readable and that '/var/www/vhosts/saratogahistory.com/httpdocs/phpBB/' is executable
[Fri Oct 16 05:04:02.955267 2020] [core:crit] [pid 3950:tid 139803802728192] (13)Permission denied: [client 45.10.232.68:50228] AH00529: /var/www/vhosts/saratogahistory.com/httpdocs/phpBB/.htaccess pcfg_openfile: unable to check htaccess file, ensure it is readable and that '/var/www/vhosts/saratogahistory.com/httpdocs/phpBB/' is executable, referer: http://www.saratogahistory.com/phpBB/index.php
[Fri Oct 16 05:40:50.779513 2020] [core:crit] [pid 16376:tid 139803697829632] (13)Permission denied: [client 45.10.232.68:49304] AH00529: /var/www/vhosts/saratogahistory.com/httpdocs/phpBB/.htaccess pcfg_openfile: unable to check htaccess file, ensure it is readable and that '/var/www/vhosts/saratogahistory.com/httpdocs/phpBB/' is executable, referer: http://www.saratogahistory.com/phpBB/index.php
[Fri Oct 16 06:02:35.721975 2020] [core:crit] [pid 16376:tid 139803771258624] (13)Permission denied: [client 51.81.83.89:49976] AH00529: /var/www/vhosts/saratogahistory.com/httpdocs/phpBB/.htaccess pcfg_openfile: unable to check htaccess file, ensure it is readable and that '/var/www/vhosts/saratogahistory.com/httpdocs/phpBB/' is executable, referer: http://www.saratogahistory.com/phpBB/index.php
[Fri Oct 16 06:12:36.114889 2020] [core:crit] [pid 3951:tid 139803645380352] (13)Permission denied: [client 157.55.39.252:36814] AH00529: /var/www/vhosts/saratogahistory.com/httpdocs/phpBB/.htaccess pcfg_openfile: unable to check htaccess file, ensure it is readable and that '/var/www/vhosts/saratogahistory.com/httpdocs/phpBB/' is executable
[Fri Oct 16 06:19:44.331390 2020] [core:crit] [pid 3951:tid 139803592931072] (13)Permission denied: [client 185.220.100.245:48202] AH00529: /var/www/vhosts/saratogahistory.com/httpdocs/phpBB/.htaccess pcfg_openfile: unable to check htaccess file, ensure it is readable and that '/var/www/vhosts/saratogahistory.com/httpdocs/phpBB/' is executable, referer: http://www.saratogahistory.com/phpBB/index.php
[Fri Oct 16 07:01:32.767500 2020] [core:crit] [pid 16376:tid 139803888682752] (13)Permission denied: [client 88.147.226.89:57114] AH00529: /var/www/vhosts/saratogahistory.com/httpdocs/phpBB/.htaccess pcfg_openfile: unable to check htaccess file, ensure it is readable and that '/var/www/vhosts/saratogahistory.com/httpdocs/phpBB/' is executable, referer: http://www.saratogahistory.com/phpBB/index.php
[Fri Oct 16 07:02:17.098254 2020] [proxy_fcgi:error] [pid 16376:tid 139803603420928] [client 88.147.226.89:58134] AH01071: Got error 'Primary script unknown\n', referer: http://www.saratogahistory.com/index.php
[Fri Oct 16 07:02:17.471156 2020] [proxy_fcgi:error] [pid 3951:tid 139803708319488] [client 88.147.226.89:58142] AH01071: Got error 'Primary script unknown\n', referer: http://www.saratogahistory.com/index.php
[Fri Oct 16 07:02:17.994323 2020] [proxy_fcgi:error] [pid 3951:tid 139803718809344] [client 88.147.226.89:58148] AH01071: Got error 'Primary script unknown\n', referer: http://www.saratogahistory.com/index.php
[Fri Oct 16 07:49:55.735893 2020] [core:crit] [pid 16376:tid 139803899172608] (13)Permission denied: [client 46.232.249.138:51194] AH00529: /var/www/vhosts/saratogahistory.com/httpdocs/phpBB/.htaccess pcfg_openfile: unable to check htaccess file, ensure it is readable and that '/var/www/vhosts/saratogahistory.com/httpdocs/phpBB/' is executable, referer: http://www.saratogahistory.com/phpBB/index.php
[Fri Oct 16 07:58:56.954487 2020] [core:crit] [pid 3952:tid 139803592931072] (13)Permission denied: [client 185.206.224.205:37818] AH00529: /var/www/vhosts/saratogahistory.com/httpdocs/phpBB/.htaccess pcfg_openfile: unable to check htaccess file, ensure it is readable and that '/var/www/vhosts/saratogahistory.com/httpdocs/phpBB/' is executable, referer: http://www.saratogahistory.com/phpBB/index.php
[Fri Oct 16 08:03:15.373305 2020] [core:crit] [pid 16376:tid 139803666360064] (13)Permission denied: [client 185.220.101.18:44328] AH00529: /var/www/vhosts/saratogahistory.com/httpdocs/phpBB/.htaccess pcfg_openfile: unable to check htaccess file, ensure it is readable and that '/var/www/vhosts/saratogahistory.com/httpdocs/phpBB/' is executable, referer: http://www.saratogahistory.com/phpBB/index.php
[Fri Oct 16 08:36:02.002558 2020] [core:crit] [pid 16376:tid 139803613910784] (13)Permission denied: [client 188.127.226.184:42062] AH00529: /var/www/vhosts/saratogahistory.com/httpdocs/phpBB/.htaccess pcfg_openfile: unable to check htaccess file, ensure it is readable and that '/var/www/vhosts/saratogahistory.com/httpdocs/phpBB/' is executable, referer: http://www.saratogahistory.com/phpBB/index.php
[Fri Oct 16 08:52:29.469687 2020] [core:crit] [pid 16376:tid 139803750278912] (13)Permission denied: [client 185.25.35.14:38724] AH00529: /var/www/vhosts/saratogahistory.com/httpdocs/phpBB/.htaccess pcfg_openfile: unable to check htaccess file, ensure it is readable and that '/var/www/vhosts/saratogahistory.com/httpdocs/phpBB/' is executable
[Fri Oct 16 08:53:26.107292 2020] [core:crit] [pid 16376:tid 139803771258624] (13)Permission denied: [client 40.77.167.33:39890] AH00529: /var/www/vhosts/saratogahistory.com/httpdocs/phpBB/.htaccess pcfg_openfile: unable to check htaccess file, ensure it is readable and that '/var/www/vhosts/saratogahistory.com/httpdocs/phpBB/' is executable
[Fri Oct 16 09:34:42.344630 2020] [core:crit] [pid 16376:tid 139803666360064] (13)Permission denied: [client 185.220.100.243:48866] AH00529: /var/www/vhosts/saratogahistory.com/httpdocs/phpBB/.htaccess pcfg_openfile: unable to check htaccess file, ensure it is readable and that '/var/www/vhosts/saratogahistory.com/httpdocs/phpBB/' is executable, referer: http://www.saratogahistory.com/phpBB/index.php
[Fri Oct 16 09:41:15.742946 2020] [core:crit] [pid 16376:tid 139803718809344] (13)Permission denied: [client 192.3.188.242:58368] AH00529: /var/www/vhosts/saratogahistory.com/httpdocs/phpBB/.htaccess pcfg_openfile: unable to check htaccess file, ensure it is readable and that '/var/www/vhosts/saratogahistory.com/httpdocs/phpBB/' is executable, referer: http://www.saratogahistory.com/
[Fri Oct 16 09:41:16.594192 2020] [core:crit] [pid 3950:tid 139803920152320] (13)Permission denied: [client 192.3.188.242:58384] AH00529: /var/www/vhosts/saratogahistory.com/httpdocs/phpBB/.htaccess pcfg_openfile: unable to check htaccess file, ensure it is readable and that '/var/www/vhosts/saratogahistory.com/httpdocs/phpBB/' is executable, referer: http://www.saratogahistory.com/
[Fri Oct 16 09:41:17.376883 2020] [core:crit] [pid 16376:tid 139803655870208] (13)Permission denied: [client 144.168.213.195:58404] AH00529: /var/www/vhosts/saratogahistory.com/httpdocs/phpBB/.htaccess pcfg_openfile: unable to check htaccess file, ensure it is readable and that '/var/www/vhosts/saratogahistory.com/httpdocs/phpBB/' is executable, referer: http://www.saratogahistory.com/
[Fri Oct 16 09:41:18.195963 2020] [core:crit] [pid 3951:tid 139803888682752] (13)Permission denied: [client 104.160.14.196:58422] AH00529: /var/www/vhosts/saratogahistory.com/httpdocs/phpBB/.htaccess pcfg_openfile: unable to check htaccess file, ensure it is readable and that '/var/www/vhosts/saratogahistory.com/httpdocs/phpBB/' is executable, referer: http://www.saratogahistory.com/
[Fri Oct 16 09:50:23.252265 2020] [core:crit] [pid 16376:tid 139803676849920] (13)Permission denied: [client 185.25.35.14:43090] AH00529: /var/www/vhosts/saratogahistory.com/httpdocs/phpBB/.htaccess pcfg_openfile: unable to check htaccess file, ensure it is readable and that '/var/www/vhosts/saratogahistory.com/httpdocs/phpBB/' is executable
[Fri Oct 16 10:00:32.565770 2020] [proxy_fcgi:error] [pid 3951:tid 139803792238336] [client 77.243.24.116:56954] AH01071: Got error 'Primary script unknown\n'
[Fri Oct 16 10:02:10.600755 2020] [core:crit] [pid 3952:tid 139803750278912] (13)Permission denied: [client 185.67.82.114:58972] AH00529: /var/www/vhosts/saratogahistory.com/httpdocs/phpBB/.htaccess pcfg_openfile: unable to check htaccess file, ensure it is readable and that '/var/www/vhosts/saratogahistory.com/httpdocs/phpBB/' is executable, referer: http://www.saratogahistory.com/phpBB/index.php
[Fri Oct 16 10:38:17.497537 2020] [core:crit] [pid 3951:tid 139803655870208] (13)Permission denied: [client 185.25.35.8:33222] AH00529: /var/www/vhosts/saratogahistory.com/httpdocs/phpBB/.htaccess pcfg_openfile: unable to check htaccess file, ensure it is readable and that '/var/www/vhosts/saratogahistory.com/httpdocs/phpBB/' is executable
[Fri Oct 16 10:51:52.495143 2020] [core:crit] [pid 16376:tid 139803909662464] (13)Permission denied: [client 185.25.35.12:51452] AH00529: /var/www/vhosts/saratogahistory.com/httpdocs/phpBB/.htaccess pcfg_openfile: unable to check htaccess file, ensure it is readable and that '/var/www/vhosts/saratogahistory.com/httpdocs/phpBB/' is executable
[Fri Oct 16 11:04:32.016689 2020] [core:crit] [pid 3951:tid 139803624400640] (13)Permission denied: [client 51.38.233.93:42522] AH00529: /var/www/vhosts/saratogahistory.com/httpdocs/phpBB/.htaccess pcfg_openfile: unable to check htaccess file, ensure it is readable and that '/var/www/vhosts/saratogahistory.com/httpdocs/phpBB/' is executable, referer: http://www.saratogahistory.com/phpBB/index.php
[Fri Oct 16 11:07:53.381903 2020] [core:crit] [pid 3951:tid 139803613910784] (13)Permission denied: [client 92.38.136.69:48212] AH00529: /var/www/vhosts/saratogahistory.com/httpdocs/phpBB/.htaccess pcfg_openfile: unable to check htaccess file, ensure it is readable and that '/var/www/vhosts/saratogahistory.com/httpdocs/phpBB/' is executable, referer: http://www.saratogahistory.com/phpBB/index.php
[Fri Oct 16 11:25:11.620454 2020] [core:crit] [pid 3951:tid 139803750278912] (13)Permission denied: [client 178.159.37.58:45772] AH00529: /var/www/vhosts/saratogahistory.com/httpdocs/phpBB/.htaccess pcfg_openfile: unable to check htaccess file, ensure it is readable and that '/var/www/vhosts/saratogahistory.com/httpdocs/phpBB/' is executable, referer: http://www.saratogahistory.com/phpBB/index.php
[Fri Oct 16 11:32:15.757056 2020] [core:crit] [pid 16376:tid 139803592931072] (13)Permission denied: [client 40.77.167.69:55212] AH00529: /var/www/vhosts/saratogahistory.com/httpdocs/phpBB/.htaccess pcfg_openfile: unable to check htaccess file, ensure it is readable and that '/var/www/vhosts/saratogahistory.com/httpdocs/phpBB/' is executable
[Fri Oct 16 12:02:03.947373 2020] [core:crit] [pid 16376:tid 139803676849920] (13)Permission denied: [client 199.249.230.172:43842] AH00529: /var/www/vhosts/saratogahistory.com/httpdocs/phpBB/.htaccess pcfg_openfile: unable to check htaccess file, ensure it is readable and that '/var/www/vhosts/saratogahistory.com/httpdocs/phpBB/' is executable, referer: http://www.saratogahistory.com/phpBB/index.php
[Fri Oct 16 12:19:41.506738 2020] [proxy_fcgi:error] [pid 16376:tid 139803613910784] [client 152.32.111.230:49410] AH01071: Got error 'Primary script unknown\n'
[Fri Oct 16 12:40:22.374293 2020] [core:crit] [pid 3951:tid 139803603420928] (13)Permission denied: [client 185.220.101.9:57070] AH00529: /var/www/vhosts/saratogahistory.com/httpdocs/phpBB/.htaccess pcfg_openfile: unable to check htaccess file, ensure it is readable and that '/var/www/vhosts/saratogahistory.com/httpdocs/phpBB/' is executable, referer: http://www.saratogahistory.com/phpBB/index.php
[Fri Oct 16 14:01:10.709742 2020] [core:crit] [pid 16376:tid 139803771258624] (13)Permission denied: [client 162.247.73.192:56770] AH00529: /var/www/vhosts/saratogahistory.com/httpdocs/phpBB/.htaccess pcfg_openfile: unable to check htaccess file, ensure it is readable and that '/var/www/vhosts/saratogahistory.com/httpdocs/phpBB/' is executable, referer: http://www.saratogahistory.com/phpBB/index.php
[Fri Oct 16 14:25:20.138735 2020] [core:crit] [pid 16376:tid 139803645380352] (13)Permission denied: [client 178.17.170.178:38078] AH00529: /var/www/vhosts/saratogahistory.com/httpdocs/phpBB/.htaccess pcfg_openfile: unable to check htaccess file, ensure it is readable and that '/var/www/vhosts/saratogahistory.com/httpdocs/phpBB/' is executable, referer: http://www.saratogahistory.com/phpBB/index.php
[Fri Oct 16 15:31:51.873522 2020] [core:crit] [pid 16376:tid 139803645380352] (13)Permission denied: [client 185.220.101.20:43232] AH00529: /var/www/vhosts/saratogahistory.com/httpdocs/phpBB/.htaccess pcfg_openfile: unable to check htaccess file, ensure it is readable and that '/var/www/vhosts/saratogahistory.com/httpdocs/phpBB/' is executable, referer: http://www.saratogahistory.com/phpBB/index.php
[Fri Oct 16 15:33:43.483780 2020] [core:crit] [pid 3951:tid 139803771258624] (13)Permission denied: [client 188.163.109.153:46568] AH00529: /var/www/vhosts/saratogahistory.com/httpdocs/phpBB/.htaccess pcfg_openfile: unable to check htaccess file, ensure it is readable and that '/var/www/vhosts/saratogahistory.com/httpdocs/phpBB/' is executable, referer: http://www.saratogahistory.com/phpBB/index.php
[Fri Oct 16 15:44:47.592597 2020] [core:crit] [pid 16376:tid 139803655870208] (13)Permission denied: [client 185.25.35.12:40228] AH00529: /var/www/vhosts/saratogahistory.com/httpdocs/phpBB/.htaccess pcfg_openfile: unable to check htaccess file, ensure it is readable and that '/var/www/vhosts/saratogahistory.com/httpdocs/phpBB/' is executable
[Fri Oct 16 15:58:29.155429 2020] [core:crit] [pid 3951:tid 139803666360064] (13)Permission denied: [client 185.220.100.240:41066] AH00529: /var/www/vhosts/saratogahistory.com/httpdocs/phpBB/.htaccess pcfg_openfile: unable to check htaccess file, ensure it is readable and that '/var/www/vhosts/saratogahistory.com/httpdocs/phpBB/' is executable, referer: http://www.saratogahistory.com/phpBB/index.php
[Fri Oct 16 16:01:03.217866 2020] [core:crit] [pid 16376:tid 139803666360064] (13)Permission denied: [client 46.185.125.201:46724] AH00529: /var/www/vhosts/saratogahistory.com/httpdocs/phpBB/.htaccess pcfg_openfile: unable to check htaccess file, ensure it is readable and that '/var/www/vhosts/saratogahistory.com/httpdocs/phpBB/' is executable, referer: http://www.saratogahistory.com/phpBB/index.php
[Fri Oct 16 16:06:07.729207 2020] [core:crit] [pid 3951:tid 139803718809344] (13)Permission denied: [client 185.220.100.243:57780] AH00529: /var/www/vhosts/saratogahistory.com/httpdocs/phpBB/.htaccess pcfg_openfile: unable to check htaccess file, ensure it is readable and that '/var/www/vhosts/saratogahistory.com/httpdocs/phpBB/' is executable, referer: http://www.saratogahistory.com/phpBB/index.php
[Fri Oct 16 16:14:06.738670 2020] [core:crit] [pid 16376:tid 139803781748480] (13)Permission denied: [client 45.132.227.171:46890] AH00529: /var/www/vhosts/saratogahistory.com/httpdocs/phpBB/.htaccess pcfg_openfile: unable to check htaccess file, ensure it is readable and that '/var/www/vhosts/saratogahistory.com/httpdocs/phpBB/' is executable, referer: http://www.saratogahistory.com/phpBB/index.php
[Fri Oct 16 16:14:07.486391 2020] [proxy_fcgi:error] [pid 16376:tid 139803645380352] [client 45.132.227.171:46916] AH01071: Got error 'Primary script unknown\n', referer: http://www.saratogahistory.com/index.php
[Fri Oct 16 16:14:07.718264 2020] [proxy_fcgi:error] [pid 3951:tid 139803687339776] [client 45.132.227.171:46926] AH01071: Got error 'Primary script unknown\n', referer: http://www.saratogahistory.com/index.php
[Fri Oct 16 16:14:07.947700 2020] [proxy_fcgi:error] [pid 16376:tid 139803888682752] [client 45.132.227.171:46936] AH01071: Got error 'Primary script unknown\n', referer: http://www.saratogahistory.com/index.php
[Fri Oct 16 16:18:24.087417 2020] [core:crit] [pid 16376:tid 139803613910784] (13)Permission denied: [client 40.77.167.33:34608] AH00529: /var/www/vhosts/saratogahistory.com/httpdocs/phpBB/.htaccess pcfg_openfile: unable to check htaccess file, ensure it is readable and that '/var/www/vhosts/saratogahistory.com/httpdocs/phpBB/' is executable
[Fri Oct 16 16:44:40.329169 2020] [core:crit] [pid 16376:tid 139803792238336] (13)Permission denied: [client 185.25.35.14:34452] AH00529: /var/www/vhosts/saratogahistory.com/httpdocs/phpBB/.htaccess pcfg_openfile: unable to check htaccess file, ensure it is readable and that '/var/www/vhosts/saratogahistory.com/httpdocs/phpBB/' is executable
[Fri Oct 16 17:32:37.632655 2020] [core:crit] [pid 16376:tid 139803771258624] (13)Permission denied: [client 185.25.35.14:53342] AH00529: /var/www/vhosts/saratogahistory.com/httpdocs/phpBB/.htaccess pcfg_openfile: unable to check htaccess file, ensure it is readable and that '/var/www/vhosts/saratogahistory.com/httpdocs/phpBB/' is executable
[Fri Oct 16 17:37:53.086754 2020] [core:crit] [pid 16376:tid 139803781748480] (13)Permission denied: [client 198.98.58.241:36128] AH00529: /var/www/vhosts/saratogahistory.com/httpdocs/phpBB/.htaccess pcfg_openfile: unable to check htaccess file, ensure it is readable and that '/var/www/vhosts/saratogahistory.com/httpdocs/phpBB/' is executable, referer: http://www.saratogahistory.com/phpBB/index.php
[Fri Oct 16 17:43:43.605352 2020] [core:crit] [pid 16376:tid 139803792238336] (13)Permission denied: [client 195.176.3.24:46994] AH00529: /var/www/vhosts/saratogahistory.com/httpdocs/phpBB/.htaccess pcfg_openfile: unable to check htaccess file, ensure it is readable and that '/var/www/vhosts/saratogahistory.com/httpdocs/phpBB/' is executable, referer: http://www.saratogahistory.com/phpBB/index.php
[Fri Oct 16 17:46:07.426305 2020] [core:crit] [pid 16376:tid 139803909662464] (13)Permission denied: [client 185.25.35.8:51942] AH00529: /var/www/vhosts/saratogahistory.com/httpdocs/phpBB/.htaccess pcfg_openfile: unable to check htaccess file, ensure it is readable and that '/var/www/vhosts/saratogahistory.com/httpdocs/phpBB/' is executable
[Fri Oct 16 18:08:03.926693 2020] [core:crit] [pid 16376:tid 139803771258624] (13)Permission denied: [client 139.28.36.20:38422] AH00529: /var/www/vhosts/saratogahistory.com/httpdocs/phpBB/.htaccess pcfg_openfile: unable to check htaccess file, ensure it is readable and that '/var/www/vhosts/saratogahistory.com/httpdocs/phpBB/' is executable, referer: http://www.saratogahistory.com/phpBB/index.php
[Fri Oct 16 18:16:12.824063 2020] [core:crit] [pid 16376:tid 139803697829632] (13)Permission denied: [client 45.138.147.17:55794] AH00529: /var/www/vhosts/saratogahistory.com/httpdocs/phpBB/.htaccess pcfg_openfile: unable to check htaccess file, ensure it is readable and that '/var/www/vhosts/saratogahistory.com/httpdocs/phpBB/' is executable, referer: http://www.saratogahistory.com/phpBB/index.php
[Fri Oct 16 18:16:15.224024 2020] [proxy_fcgi:error] [pid 16376:tid 139803613910784] [client 45.138.147.17:55856] AH01071: Got error 'Primary script unknown\n', referer: http://www.saratogahistory.com/index.php
[Fri Oct 16 18:16:15.595753 2020] [proxy_fcgi:error] [pid 3952:tid 139803739789056] [client 45.138.147.17:55866] AH01071: Got error 'Primary script unknown\n', referer: http://www.saratogahistory.com/index.php
[Fri Oct 16 18:16:15.958636 2020] [proxy_fcgi:error] [pid 3951:tid 139803760768768] [client 45.138.147.17:55884] AH01071: Got error 'Primary script unknown\n', referer: http://www.saratogahistory.com/index.php
[Fri Oct 16 18:26:32.071945 2020] [core:crit] [pid 3950:tid 139803666360064] (13)Permission denied: [client 92.124.162.183:49676] AH00529: /var/www/vhosts/saratogahistory.com/httpdocs/phpBB/.htaccess pcfg_openfile: unable to check htaccess file, ensure it is readable and that '/var/www/vhosts/saratogahistory.com/httpdocs/phpBB/' is executable, referer: http://www.saratogahistory.com/phpBB/index.php
[Fri Oct 16 19:15:27.406003 2020] [core:crit] [pid 16376:tid 139803888682752] (13)Permission denied: [client 185.216.195.194:38936] AH00529: /var/www/vhosts/saratogahistory.com/httpdocs/phpBB/.htaccess pcfg_openfile: unable to check htaccess file, ensure it is readable and that '/var/www/vhosts/saratogahistory.com/httpdocs/phpBB/' is executable, referer: http://www.saratogahistory.com/phpBB/index.php
[Fri Oct 16 19:36:32.461530 2020] [core:crit] [pid 16376:tid 139803750278912] (13)Permission denied: [client 46.246.65.158:47826] AH00529: /var/www/vhosts/saratogahistory.com/httpdocs/phpBB/.htaccess pcfg_openfile: unable to check htaccess file, ensure it is readable and that '/var/www/vhosts/saratogahistory.com/httpdocs/phpBB/' is executable, referer: http://www.saratogahistory.com/phpBB/index.php
[Fri Oct 16 19:36:32.466427 2020] [core:crit] [pid 3950:tid 139803708319488] (13)Permission denied: [client 46.246.65.158:47828] AH00529: /var/www/vhosts/saratogahistory.com/httpdocs/phpBB/.htaccess pcfg_openfile: unable to check htaccess file, ensure it is readable and that '/var/www/vhosts/saratogahistory.com/httpdocs/phpBB/' is executable, referer: http://www.saratogahistory.com/phpBB/index.php
[Fri Oct 16 19:44:27.039167 2020] [core:crit] [pid 16376:tid 139803645380352] (13)Permission denied: [client 104.238.46.192:33374] AH00529: /var/www/vhosts/saratogahistory.com/httpdocs/phpBB/.htaccess pcfg_openfile: unable to check htaccess file, ensure it is readable and that '/var/www/vhosts/saratogahistory.com/httpdocs/phpBB/' is executable, referer: http://www.saratogahistory.com/phpBB/index.php
[Fri Oct 16 19:44:27.870608 2020] [proxy_fcgi:error] [pid 16376:tid 139803888682752] [client 104.238.46.192:33390] AH01071: Got error 'Primary script unknown\n', referer: http://www.saratogahistory.com/index.php
[Fri Oct 16 19:44:28.106021 2020] [proxy_fcgi:error] [pid 16376:tid 139803792238336] [client 104.238.46.192:33398] AH01071: Got error 'Primary script unknown\n', referer: http://www.saratogahistory.com/index.php
[Fri Oct 16 19:44:28.368093 2020] [proxy_fcgi:error] [pid 16376:tid 139803697829632] [client 104.238.46.192:33406] AH01071: Got error 'Primary script unknown\n', referer: http://www.saratogahistory.com/index.php
[Fri Oct 16 20:02:56.891517 2020] [core:crit] [pid 16376:tid 139803655870208] (13)Permission denied: [client 185.220.101.14:38006] AH00529: /var/www/vhosts/saratogahistory.com/httpdocs/phpBB/.htaccess pcfg_openfile: unable to check htaccess file, ensure it is readable and that '/var/www/vhosts/saratogahistory.com/httpdocs/phpBB/' is executable, referer: http://www.saratogahistory.com/phpBB/index.php
[Fri Oct 16 20:16:45.674584 2020] [core:crit] [pid 16376:tid 139803739789056] (13)Permission denied: [client 77.247.181.162:34744] AH00529: /var/www/vhosts/saratogahistory.com/httpdocs/phpBB/.htaccess pcfg_openfile: unable to check htaccess file, ensure it is readable and that '/var/www/vhosts/saratogahistory.com/httpdocs/phpBB/' is executable, referer: http://www.saratogahistory.com/phpBB/index.php
[Fri Oct 16 21:29:44.464194 2020] [core:crit] [pid 3951:tid 139803802728192] (13)Permission denied: [client 31.220.2.223:55390] AH00529: /var/www/vhosts/saratogahistory.com/httpdocs/phpBB/.htaccess pcfg_openfile: unable to check htaccess file, ensure it is readable and that '/var/www/vhosts/saratogahistory.com/httpdocs/phpBB/' is executable, referer: http://www.saratogahistory.com/phpBB/index.php
[Fri Oct 16 21:39:05.124006 2020] [core:crit] [pid 16376:tid 139803655870208] (13)Permission denied: [client 24.249.199.14:50790] AH00529: /var/www/vhosts/saratogahistory.com/httpdocs/phpBB/.htaccess pcfg_openfile: unable to check htaccess file, ensure it is readable and that '/var/www/vhosts/saratogahistory.com/httpdocs/phpBB/' is executable, referer: http://www.saratogahistory.com/phpBB/index.php
[Fri Oct 16 22:00:20.353427 2020] [core:crit] [pid 3951:tid 139803676849920] (13)Permission denied: [client 171.25.193.25:49016] AH00529: /var/www/vhosts/saratogahistory.com/httpdocs/phpBB/.htaccess pcfg_openfile: unable to check htaccess file, ensure it is readable and that '/var/www/vhosts/saratogahistory.com/httpdocs/phpBB/' is executable, referer: http://www.saratogahistory.com/phpBB/index.php
[Fri Oct 16 22:35:48.005414 2020] [core:crit] [pid 16376:tid 139803603420928] (13)Permission denied: [client 185.25.35.8:33998] AH00529: /var/www/vhosts/saratogahistory.com/httpdocs/phpBB/.htaccess pcfg_openfile: unable to check htaccess file, ensure it is readable and that '/var/www/vhosts/saratogahistory.com/httpdocs/phpBB/' is executable
[Fri Oct 16 23:37:06.994550 2020] [core:crit] [pid 16376:tid 139803613910784] (13)Permission denied: [client 185.25.35.13:56486] AH00529: /var/www/vhosts/saratogahistory.com/httpdocs/phpBB/.htaccess pcfg_openfile: unable to check htaccess file, ensure it is readable and that '/var/www/vhosts/saratogahistory.com/httpdocs/phpBB/' is executable
[Fri Oct 16 23:59:07.998353 2020] [core:crit] [pid 16376:tid 139803645380352] (13)Permission denied: [client 185.220.102.7:57114] AH00529: /var/www/vhosts/saratogahistory.com/httpdocs/phpBB/.htaccess pcfg_openfile: unable to check htaccess file, ensure it is readable and that '/var/www/vhosts/saratogahistory.com/httpdocs/phpBB/' is executable, referer: http://www.saratogahistory.com/phpBB/index.php
[Sat Oct 17 00:03:42.723562 2020] [core:crit] [pid 16376:tid 139803909662464] (13)Permission denied: [client 185.134.23.198:41362] AH00529: /var/www/vhosts/saratogahistory.com/httpdocs/phpBB/.htaccess pcfg_openfile: unable to check htaccess file, ensure it is readable and that '/var/www/vhosts/saratogahistory.com/httpdocs/phpBB/' is executable, referer: http://www.saratogahistory.com/phpBB/index.php
[Sat Oct 17 00:05:43.594367 2020] [core:crit] [pid 3952:tid 139803909662464] (13)Permission denied: [client 179.43.167.226:47030] AH00529: /var/www/vhosts/saratogahistory.com/httpdocs/phpBB/.htaccess pcfg_openfile: unable to check htaccess file, ensure it is readable and that '/var/www/vhosts/saratogahistory.com/httpdocs/phpBB/' is executable, referer: http://www.saratogahistory.com/phpBB/index.php
[Sat Oct 17 00:25:36.079800 2020] [core:crit] [pid 3950:tid 139803687339776] (13)Permission denied: [client 185.25.35.15:44338] AH00529: /var/www/vhosts/saratogahistory.com/httpdocs/phpBB/.htaccess pcfg_openfile: unable to check htaccess file, ensure it is readable and that '/var/www/vhosts/saratogahistory.com/httpdocs/phpBB/' is executable
[Sat Oct 17 00:39:47.014219 2020] [core:crit] [pid 3951:tid 139803624400640] (13)Permission denied: [client 185.25.35.10:54706] AH00529: /var/www/vhosts/saratogahistory.com/httpdocs/phpBB/.htaccess pcfg_openfile: unable to check htaccess file, ensure it is readable and that '/var/www/vhosts/saratogahistory.com/httpdocs/phpBB/' is executable
[Sat Oct 17 00:56:36.593675 2020] [core:crit] [pid 16376:tid 139803666360064] (13)Permission denied: [client 185.107.70.202:42796] AH00529: /var/www/vhosts/saratogahistory.com/httpdocs/phpBB/.htaccess pcfg_openfile: unable to check htaccess file, ensure it is readable and that '/var/www/vhosts/saratogahistory.com/httpdocs/phpBB/' is executable, referer: http://www.saratogahistory.com/phpBB/index.php
[Sat Oct 17 01:02:10.167862 2020] [core:crit] [pid 16376:tid 139803676849920] (13)Permission denied: [client 185.205.204.54:52638] AH00529: /var/www/vhosts/saratogahistory.com/httpdocs/phpBB/.htaccess pcfg_openfile: unable to check htaccess file, ensure it is readable and that '/var/www/vhosts/saratogahistory.com/httpdocs/phpBB/' is executable, referer: http://www.saratogahistory.com/phpBB/index.php
[Sat Oct 17 01:02:13.639782 2020] [proxy_fcgi:error] [pid 16376:tid 139803645380352] [client 185.205.204.54:52678] AH01071: Got error 'Primary script unknown\n', referer: http://www.saratogahistory.com/index.php
[Sat Oct 17 01:02:14.682865 2020] [proxy_fcgi:error] [pid 16376:tid 139803888682752] [client 185.205.204.54:52700] AH01071: Got error 'Primary script unknown\n', referer: http://www.saratogahistory.com/index.php
[Sat Oct 17 01:02:15.967825 2020] [proxy_fcgi:error] [pid 3951:tid 139803802728192] [client 185.205.204.54:52724] AH01071: Got error 'Primary script unknown\n', referer: http://www.saratogahistory.com/index.php
[Sat Oct 17 01:10:40.425178 2020] [core:crit] [pid 16376:tid 139803888682752] (13)Permission denied: [client 85.208.209.241:42214] AH00529: /var/www/vhosts/saratogahistory.com/httpdocs/phpBB/.htaccess pcfg_openfile: unable to check htaccess file, ensure it is readable and that '/var/www/vhosts/saratogahistory.com/httpdocs/phpBB/' is executable, referer: http://www.saratogahistory.com/phpBB/index.php
[Sat Oct 17 02:00:08.981339 2020] [core:crit] [pid 16376:tid 139803771258624] (13)Permission denied: [client 217.79.178.53:50744] AH00529: /var/www/vhosts/saratogahistory.com/httpdocs/phpBB/.htaccess pcfg_openfile: unable to check htaccess file, ensure it is readable and that '/var/www/vhosts/saratogahistory.com/httpdocs/phpBB/' is executable, referer: http://www.saratogahistory.com/phpBB/index.php
[Sat Oct 17 02:20:55.294770 2020] [core:crit] [pid 16376:tid 139803781748480] (13)Permission denied: [client 188.122.82.146:41382] AH00529: /var/www/vhosts/saratogahistory.com/httpdocs/phpBB/.htaccess pcfg_openfile: unable to check htaccess file, ensure it is readable and that '/var/www/vhosts/saratogahistory.com/httpdocs/phpBB/' is executable, referer: http://www.saratogahistory.com/phpBB/index.php
[Sat Oct 17 02:41:41.484390 2020] [core:crit] [pid 16376:tid 139803655870208] (13)Permission denied: [client 185.220.100.243:55466] AH00529: /var/www/vhosts/saratogahistory.com/httpdocs/phpBB/.htaccess pcfg_openfile: unable to check htaccess file, ensure it is readable and that '/var/www/vhosts/saratogahistory.com/httpdocs/phpBB/' is executable, referer: http://www.saratogahistory.com/phpBB/index.php
[Sat Oct 17 03:50:56.431983 2020] [core:crit] [pid 16376:tid 139803899172608] (13)Permission denied: [client 178.255.215.98:41610] AH00529: /var/www/vhosts/saratogahistory.com/httpdocs/phpBB/.htaccess pcfg_openfile: unable to check htaccess file, ensure it is readable and that '/var/www/vhosts/saratogahistory.com/httpdocs/phpBB/' is executable
[Sat Oct 17 03:57:56.373311 2020] [core:crit] [pid 16376:tid 139803739789056] (13)Permission denied: [client 23.106.58.148:55198] AH00529: /var/www/vhosts/saratogahistory.com/httpdocs/phpBB/.htaccess pcfg_openfile: unable to check htaccess file, ensure it is readable and that '/var/www/vhosts/saratogahistory.com/httpdocs/phpBB/' is executable, referer: http://www.saratogahistory.com/phpBB/index.php
[Sat Oct 17 04:15:00.434489 2020] [core:crit] [pid 16376:tid 139803592931072] (13)Permission denied: [client 162.247.74.27:60288] AH00529: /var/www/vhosts/saratogahistory.com/httpdocs/phpBB/.htaccess pcfg_openfile: unable to check htaccess file, ensure it is readable and that '/var/www/vhosts/saratogahistory.com/httpdocs/phpBB/' is executable, referer: http://www.saratogahistory.com/phpBB/index.php
[Sat Oct 17 04:20:47.926324 2020] [core:crit] [pid 16376:tid 139803666360064] (13)Permission denied: [client 113.53.83.210:49818] AH00529: /var/www/vhosts/saratogahistory.com/httpdocs/phpBB/.htaccess pcfg_openfile: unable to check htaccess file, ensure it is readable and that '/var/www/vhosts/saratogahistory.com/httpdocs/phpBB/' is executable, referer: http://www.saratogahistory.com/phpBB/index.php
[Sat Oct 17 04:25:13.739821 2020] [proxy_fcgi:error] [pid 16376:tid 139803920152320] [client 132.232.115.47:58300] AH01071: Got error 'Primary script unknown\n'
[Sat Oct 17 04:39:16.252022 2020] [core:crit] [pid 3951:tid 139803634890496] (13)Permission denied: [client 157.55.39.4:54912] AH00529: /var/www/vhosts/saratogahistory.com/httpdocs/phpBB/.htaccess pcfg_openfile: unable to check htaccess file, ensure it is readable and that '/var/www/vhosts/saratogahistory.com/httpdocs/phpBB/' is executable
[Sat Oct 17 05:04:07.409956 2020] [core:crit] [pid 3952:tid 139803750278912] (13)Permission denied: [client 178.159.37.58:40450] AH00529: /var/www/vhosts/saratogahistory.com/httpdocs/phpBB/.htaccess pcfg_openfile: unable to check htaccess file, ensure it is readable and that '/var/www/vhosts/saratogahistory.com/httpdocs/phpBB/' is executable, referer: http://www.saratogahistory.com/phpBB/index.php
[Sat Oct 17 05:09:25.004350 2020] [core:crit] [pid 16376:tid 139803750278912] (13)Permission denied: [client 23.106.58.178:49870] AH00529: /var/www/vhosts/saratogahistory.com/httpdocs/phpBB/.htaccess pcfg_openfile: unable to check htaccess file, ensure it is readable and that '/var/www/vhosts/saratogahistory.com/httpdocs/phpBB/' is executable, referer: http://www.saratogahistory.com/phpBB/index.php
[Sat Oct 17 05:09:29.103972 2020] [core:crit] [pid 16376:tid 139803771258624] (13)Permission denied: [client 185.25.35.8:49942] AH00529: /var/www/vhosts/saratogahistory.com/httpdocs/phpBB/.htaccess pcfg_openfile: unable to check htaccess file, ensure it is readable and that '/var/www/vhosts/saratogahistory.com/httpdocs/phpBB/' is executable
[Sat Oct 17 05:59:06.113669 2020] [core:crit] [pid 16376:tid 139803888682752] (13)Permission denied: [client 51.195.150.250:52492] AH00529: /var/www/vhosts/saratogahistory.com/httpdocs/phpBB/.htaccess pcfg_openfile: unable to check htaccess file, ensure it is readable and that '/var/www/vhosts/saratogahistory.com/httpdocs/phpBB/' is executable, referer: http://www.saratogahistory.com/phpBB/index.php
[Sat Oct 17 06:05:12.275453 2020] [core:crit] [pid 16376:tid 139803920152320] (13)Permission denied: [client 185.25.35.11:35428] AH00529: /var/www/vhosts/saratogahistory.com/httpdocs/phpBB/.htaccess pcfg_openfile: unable to check htaccess file, ensure it is readable and that '/var/www/vhosts/saratogahistory.com/httpdocs/phpBB/' is executable
[Sat Oct 17 06:52:00.972219 2020] [core:crit] [pid 16376:tid 139803760768768] (13)Permission denied: [client 185.25.35.11:44218] AH00529: /var/www/vhosts/saratogahistory.com/httpdocs/phpBB/.htaccess pcfg_openfile: unable to check htaccess file, ensure it is readable and that '/var/www/vhosts/saratogahistory.com/httpdocs/phpBB/' is executable
[Sat Oct 17 07:03:54.538236 2020] [core:crit] [pid 16376:tid 139803909662464] (13)Permission denied: [client 185.25.35.15:36518] AH00529: /var/www/vhosts/saratogahistory.com/httpdocs/phpBB/.htaccess pcfg_openfile: unable to check htaccess file, ensure it is readable and that '/var/www/vhosts/saratogahistory.com/httpdocs/phpBB/' is executable
[Sat Oct 17 07:05:47.799170 2020] [core:crit] [pid 3951:tid 139803781748480] (13)Permission denied: [client 185.206.224.205:41606] AH00529: /var/www/vhosts/saratogahistory.com/httpdocs/phpBB/.htaccess pcfg_openfile: unable to check htaccess file, ensure it is readable and that '/var/www/vhosts/saratogahistory.com/httpdocs/phpBB/' is executable, referer: http://www.saratogahistory.com/phpBB/index.php
[Sat Oct 17 07:34:14.978426 2020] [core:crit] [pid 3951:tid 139803634890496] (13)Permission denied: [client 185.220.101.135:41300] AH00529: /var/www/vhosts/saratogahistory.com/httpdocs/phpBB/.htaccess pcfg_openfile: unable to check htaccess file, ensure it is readable and that '/var/www/vhosts/saratogahistory.com/httpdocs/phpBB/' is executable, referer: http://www.saratogahistory.com/phpBB/index.php
[Sat Oct 17 07:43:40.276401 2020] [core:crit] [pid 16376:tid 139803655870208] (13)Permission denied: [client 209.141.45.189:34486] AH00529: /var/www/vhosts/saratogahistory.com/httpdocs/phpBB/.htaccess pcfg_openfile: unable to check htaccess file, ensure it is readable and that '/var/www/vhosts/saratogahistory.com/httpdocs/phpBB/' is executable, referer: http://www.saratogahistory.com/phpBB/index.php
[Sat Oct 17 07:44:13.251120 2020] [core:crit] [pid 16376:tid 139803729299200] (13)Permission denied: [client 5.188.84.92:36288] AH00529: /var/www/vhosts/saratogahistory.com/httpdocs/phpBB/.htaccess pcfg_openfile: unable to check htaccess file, ensure it is readable and that '/var/www/vhosts/saratogahistory.com/httpdocs/phpBB/' is executable, referer: http://www.saratogahistory.com/phpBB/index.php
[Sat Oct 17 07:44:55.898008 2020] [core:crit] [pid 16376:tid 139803802728192] (13)Permission denied: [client 5.188.84.92:38190] AH00529: /var/www/vhosts/saratogahistory.com/httpdocs/phpBB/.htaccess pcfg_openfile: unable to check htaccess file, ensure it is readable and that '/var/www/vhosts/saratogahistory.com/httpdocs/phpBB/' is executable, referer: http://www.saratogahistory.com/phpBB/index.php
[Sat Oct 17 07:51:57.968598 2020] [proxy_fcgi:error] [pid 16376:tid 139803708319488] [client 139.59.180.212:53478] AH01071: Got error 'Primary script unknown\n', referer: http://saratogahistory.com/wp-login.php
[Sat Oct 17 08:00:08.666689 2020] [core:crit] [pid 16376:tid 139803645380352] (13)Permission denied: [client 107.189.10.40:39426] AH00529: /var/www/vhosts/saratogahistory.com/httpdocs/phpBB/.htaccess pcfg_openfile: unable to check htaccess file, ensure it is readable and that '/var/www/vhosts/saratogahistory.com/httpdocs/phpBB/' is executable, referer: http://www.saratogahistory.com/phpBB/index.php
[Sat Oct 17 08:58:43.828173 2020] [proxy_fcgi:error] [pid 3951:tid 139803624400640] [client 198.245.49.18:35894] AH01071: Got error 'Primary script unknown\n'
[Sat Oct 17 10:00:14.747760 2020] [core:crit] [pid 3951:tid 139803739789056] (13)Permission denied: [client 109.70.100.46:46786] AH00529: /var/www/vhosts/saratogahistory.com/httpdocs/phpBB/.htaccess pcfg_openfile: unable to check htaccess file, ensure it is readable and that '/var/www/vhosts/saratogahistory.com/httpdocs/phpBB/' is executable, referer: http://www.saratogahistory.com/phpBB/index.php
[Sat Oct 17 10:50:34.091985 2020] [core:crit] [pid 16376:tid 139803781748480] (13)Permission denied: [client 31.220.2.223:47148] AH00529: /var/www/vhosts/saratogahistory.com/httpdocs/phpBB/.htaccess pcfg_openfile: unable to check htaccess file, ensure it is readable and that '/var/www/vhosts/saratogahistory.com/httpdocs/phpBB/' is executable, referer: http://www.saratogahistory.com/phpBB/index.php
[Sat Oct 17 11:40:34.396264 2020] [proxy_fcgi:error] [pid 3951:tid 139803613910784] [client 13.91.33.69:60322] AH01071: Got error 'Primary script unknown\n'
[Sat Oct 17 11:48:37.987074 2020] [core:crit] [pid 16376:tid 139803802728192] (13)Permission denied: [client 185.25.35.10:42610] AH00529: /var/www/vhosts/saratogahistory.com/httpdocs/phpBB/.htaccess pcfg_openfile: unable to check htaccess file, ensure it is readable and that '/var/www/vhosts/saratogahistory.com/httpdocs/phpBB/' is executable
[Sat Oct 17 12:00:18.703934 2020] [core:crit] [pid 3952:tid 139803708319488] (13)Permission denied: [client 185.220.101.206:58816] AH00529: /var/www/vhosts/saratogahistory.com/httpdocs/phpBB/.htaccess pcfg_openfile: unable to check htaccess file, ensure it is readable and that '/var/www/vhosts/saratogahistory.com/httpdocs/phpBB/' is executable, referer: http://www.saratogahistory.com/phpBB/index.php
[Sat Oct 17 12:30:37.976885 2020] [proxy_fcgi:error] [pid 16376:tid 139803909662464] [client 182.2.37.3:45638] AH01071: Got error 'Primary script unknown\n'
[Sat Oct 17 12:46:30.394319 2020] [core:crit] [pid 16376:tid 139803708319488] (13)Permission denied: [client 185.25.35.15:39432] AH00529: /var/www/vhosts/saratogahistory.com/httpdocs/phpBB/.htaccess pcfg_openfile: unable to check htaccess file, ensure it is readable and that '/var/www/vhosts/saratogahistory.com/httpdocs/phpBB/' is executable
[Sat Oct 17 13:08:58.147199 2020] [core:crit] [pid 16376:tid 139803645380352] (13)Permission denied: [client 195.154.179.3:43184] AH00529: /var/www/vhosts/saratogahistory.com/httpdocs/phpBB/.htaccess pcfg_openfile: unable to check htaccess file, ensure it is readable and that '/var/www/vhosts/saratogahistory.com/httpdocs/phpBB/' is executable, referer: http://www.saratogahistory.com/phpBB/index.php
[Sat Oct 17 13:36:16.774843 2020] [core:crit] [pid 16376:tid 139803603420928] (13)Permission denied: [client 185.25.35.13:56678] AH00529: /var/www/vhosts/saratogahistory.com/httpdocs/phpBB/.htaccess pcfg_openfile: unable to check htaccess file, ensure it is readable and that '/var/www/vhosts/saratogahistory.com/httpdocs/phpBB/' is executable
[Sat Oct 17 13:38:59.307972 2020] [core:crit] [pid 16376:tid 139803802728192] (13)Permission denied: [client 5.188.84.230:33368] AH00529: /var/www/vhosts/saratogahistory.com/httpdocs/phpBB/.htaccess pcfg_openfile: unable to check htaccess file, ensure it is readable and that '/var/www/vhosts/saratogahistory.com/httpdocs/phpBB/' is executable, referer: http://www.saratogahistory.com/phpBB/
[Sat Oct 17 13:50:13.829133 2020] [core:crit] [pid 16376:tid 139803760768768] (13)Permission denied: [client 185.25.35.10:49004] AH00529: /var/www/vhosts/saratogahistory.com/httpdocs/phpBB/.htaccess pcfg_openfile: unable to check htaccess file, ensure it is readable and that '/var/www/vhosts/saratogahistory.com/httpdocs/phpBB/' is executable
[Sat Oct 17 13:51:13.556463 2020] [proxy_fcgi:error] [pid 3951:tid 139803697829632] [client 139.59.141.196:50700] AH01071: Got error 'Primary script unknown\n'
[Sat Oct 17 13:57:45.297824 2020] [proxy_fcgi:error] [pid 16376:tid 139803920152320] [client 13.91.33.69:59346] AH01071: Got error 'Primary script unknown\n'
[Sat Oct 17 14:01:16.392686 2020] [core:crit] [pid 3951:tid 139803613910784] (13)Permission denied: [client 51.195.91.155:36242] AH00529: /var/www/vhosts/saratogahistory.com/httpdocs/phpBB/.htaccess pcfg_openfile: unable to check htaccess file, ensure it is readable and that '/var/www/vhosts/saratogahistory.com/httpdocs/phpBB/' is executable, referer: http://www.saratogahistory.com/phpBB/index.php
[Sat Oct 17 14:15:55.116391 2020] [core:crit] [pid 16376:tid 139803750278912] (13)Permission denied: [client 51.81.83.137:57194] AH00529: /var/www/vhosts/saratogahistory.com/httpdocs/phpBB/.htaccess pcfg_openfile: unable to check htaccess file, ensure it is readable and that '/var/www/vhosts/saratogahistory.com/httpdocs/phpBB/' is executable, referer: http://www.saratogahistory.com/phpBB/index.php
[Sat Oct 17 14:22:16.967825 2020] [core:crit] [pid 16376:tid 139803729299200] (13)Permission denied: [client 107.152.196.243:37276] AH00529: /var/www/vhosts/saratogahistory.com/httpdocs/phpBB/.htaccess pcfg_openfile: unable to check htaccess file, ensure it is readable and that '/var/www/vhosts/saratogahistory.com/httpdocs/phpBB/' is executable, referer: http://www.saratogahistory.com
[Sat Oct 17 14:22:19.114110 2020] [core:crit] [pid 16376:tid 139803676849920] (13)Permission denied: [client 107.152.196.243:37284] AH00529: /var/www/vhosts/saratogahistory.com/httpdocs/phpBB/.htaccess pcfg_openfile: unable to check htaccess file, ensure it is readable and that '/var/www/vhosts/saratogahistory.com/httpdocs/phpBB/' is executable, referer: http://www.saratogahistory.com
[Sat Oct 17 14:22:21.253451 2020] [core:crit] [pid 16376:tid 139803645380352] (13)Permission denied: [client 107.152.196.243:37304] AH00529: /var/www/vhosts/saratogahistory.com/httpdocs/phpBB/.htaccess pcfg_openfile: unable to check htaccess file, ensure it is readable and that '/var/www/vhosts/saratogahistory.com/httpdocs/phpBB/' is executable, referer: http://www.saratogahistory.com
[Sat Oct 17 14:22:23.394893 2020] [core:crit] [pid 16376:tid 139803888682752] (13)Permission denied: [client 107.152.196.243:37330] AH00529: /var/www/vhosts/saratogahistory.com/httpdocs/phpBB/.htaccess pcfg_openfile: unable to check htaccess file, ensure it is readable and that '/var/www/vhosts/saratogahistory.com/httpdocs/phpBB/' is executable, referer: http://www.saratogahistory.com
[Sat Oct 17 14:28:34.730674 2020] [core:crit] [pid 3952:tid 139803802728192] (13)Permission denied: [client 173.231.59.199:44766] AH00529: /var/www/vhosts/saratogahistory.com/httpdocs/phpBB/.htaccess pcfg_openfile: unable to check htaccess file, ensure it is readable and that '/var/www/vhosts/saratogahistory.com/httpdocs/phpBB/' is executable, referer: http://www.saratogahistory.com/
[Sat Oct 17 16:01:25.537446 2020] [core:crit] [pid 3951:tid 139803750278912] (13)Permission denied: [client 185.191.126.241:59374] AH00529: /var/www/vhosts/saratogahistory.com/httpdocs/phpBB/.htaccess pcfg_openfile: unable to check htaccess file, ensure it is readable and that '/var/www/vhosts/saratogahistory.com/httpdocs/phpBB/' is executable, referer: http://www.saratogahistory.com/phpBB/index.php
[Sat Oct 17 16:07:38.487678 2020] [core:crit] [pid 3951:tid 139803655870208] (13)Permission denied: [client 198.144.149.253:40712] AH00529: /var/www/vhosts/saratogahistory.com/httpdocs/phpBB/.htaccess pcfg_openfile: unable to check htaccess file, ensure it is readable and that '/var/www/vhosts/saratogahistory.com/httpdocs/phpBB/' is executable, referer: http://www.saratogahistory.com/phpBB/viewtopic.php?printertopic=1&t=347&start=0&postdays=0&postorder=asc&vote=viewresult
[Sat Oct 17 16:11:02.681367 2020] [core:crit] [pid 3952:tid 139803697829632] (13)Permission denied: [client 178.159.37.58:45912] AH00529: /var/www/vhosts/saratogahistory.com/httpdocs/phpBB/.htaccess pcfg_openfile: unable to check htaccess file, ensure it is readable and that '/var/www/vhosts/saratogahistory.com/httpdocs/phpBB/' is executable, referer: http://www.saratogahistory.com/phpBB/index.php
[Sat Oct 17 17:43:18.234511 2020] [core:crit] [pid 16376:tid 139803634890496] (13)Permission denied: [client 51.195.150.130:56930] AH00529: /var/www/vhosts/saratogahistory.com/httpdocs/phpBB/.htaccess pcfg_openfile: unable to check htaccess file, ensure it is readable and that '/var/www/vhosts/saratogahistory.com/httpdocs/phpBB/' is executable, referer: http://www.saratogahistory.com/phpBB/index.php
[Sat Oct 17 17:56:14.540444 2020] [core:crit] [pid 3951:tid 139803687339776] (13)Permission denied: [client 149.202.86.18:44198] AH00529: /var/www/vhosts/saratogahistory.com/httpdocs/phpBB/.htaccess pcfg_openfile: unable to check htaccess file, ensure it is readable and that '/var/www/vhosts/saratogahistory.com/httpdocs/phpBB/' is executable, referer: http://www.saratogahistory.com/phpBB/
[Sat Oct 17 18:05:27.124933 2020] [core:crit] [pid 16376:tid 139803708319488] (13)Permission denied: [client 178.159.37.139:55492] AH00529: /var/www/vhosts/saratogahistory.com/httpdocs/phpBB/.htaccess pcfg_openfile: unable to check htaccess file, ensure it is readable and that '/var/www/vhosts/saratogahistory.com/httpdocs/phpBB/' is executable, referer: http://www.saratogahistory.com/phpBB/index.php
[Sat Oct 17 18:05:28.140919 2020] [proxy_fcgi:error] [pid 16376:tid 139803920152320] [client 178.159.37.139:55580] AH01071: Got error 'Primary script unknown\n', referer: http://www.saratogahistory.com/index.php
[Sat Oct 17 18:05:28.415483 2020] [proxy_fcgi:error] [pid 3952:tid 139803750278912] [client 178.159.37.139:55602] AH01071: Got error 'Primary script unknown\n', referer: http://www.saratogahistory.com/index.php
[Sat Oct 17 18:05:28.679816 2020] [proxy_fcgi:error] [pid 3950:tid 139803718809344] [client 178.159.37.139:55608] AH01071: Got error 'Primary script unknown\n', referer: http://www.saratogahistory.com/index.php
[Sat Oct 17 18:17:54.522830 2020] [core:crit] [pid 3951:tid 139803909662464] (13)Permission denied: [client 185.220.100.254:45838] AH00529: /var/www/vhosts/saratogahistory.com/httpdocs/phpBB/.htaccess pcfg_openfile: unable to check htaccess file, ensure it is readable and that '/var/www/vhosts/saratogahistory.com/httpdocs/phpBB/' is executable, referer: http://www.saratogahistory.com/phpBB/index.php
[Sat Oct 17 18:25:09.511966 2020] [core:crit] [pid 16376:tid 139803750278912] (13)Permission denied: [client 85.248.227.163:54362] AH00529: /var/www/vhosts/saratogahistory.com/httpdocs/phpBB/.htaccess pcfg_openfile: unable to check htaccess file, ensure it is readable and that '/var/www/vhosts/saratogahistory.com/httpdocs/phpBB/' is executable, referer: http://www.saratogahistory.com/phpBB/index.php
[Sat Oct 17 18:33:44.272280 2020] [core:crit] [pid 16376:tid 139803792238336] (13)Permission denied: [client 185.25.35.12:37032] AH00529: /var/www/vhosts/saratogahistory.com/httpdocs/phpBB/.htaccess pcfg_openfile: unable to check htaccess file, ensure it is readable and that '/var/www/vhosts/saratogahistory.com/httpdocs/phpBB/' is executable
[Sat Oct 17 19:39:55.342003 2020] [core:crit] [pid 16376:tid 139803729299200] (13)Permission denied: [client 185.25.35.14:42126] AH00529: /var/www/vhosts/saratogahistory.com/httpdocs/phpBB/.htaccess pcfg_openfile: unable to check htaccess file, ensure it is readable and that '/var/www/vhosts/saratogahistory.com/httpdocs/phpBB/' is executable
[Sat Oct 17 20:15:36.190672 2020] [core:crit] [pid 16376:tid 139803697829632] (13)Permission denied: [client 51.81.83.125:44038] AH00529: /var/www/vhosts/saratogahistory.com/httpdocs/phpBB/.htaccess pcfg_openfile: unable to check htaccess file, ensure it is readable and that '/var/www/vhosts/saratogahistory.com/httpdocs/phpBB/' is executable, referer: http://www.saratogahistory.com/phpBB/index.php
[Sat Oct 17 20:27:14.042664 2020] [core:crit] [pid 16376:tid 139803792238336] (13)Permission denied: [client 95.55.86.197:36258] AH00529: /var/www/vhosts/saratogahistory.com/httpdocs/phpBB/.htaccess pcfg_openfile: unable to check htaccess file, ensure it is readable and that '/var/www/vhosts/saratogahistory.com/httpdocs/phpBB/' is executable, referer: http://www.saratogahistory.com/phpBB/index.php
[Sat Oct 17 20:27:15.020822 2020] [proxy_fcgi:error] [pid 3951:tid 139803888682752] [client 95.55.86.197:36286] AH01071: Got error 'Primary script unknown\n', referer: http://www.saratogahistory.com/index.php
[Sat Oct 17 20:27:15.286819 2020] [proxy_fcgi:error] [pid 16376:tid 139803624400640] [client 95.55.86.197:36294] AH01071: Got error 'Primary script unknown\n', referer: http://www.saratogahistory.com/index.php
[Sat Oct 17 20:27:15.549584 2020] [proxy_fcgi:error] [pid 16376:tid 139803645380352] [client 95.55.86.197:36370] AH01071: Got error 'Primary script unknown\n', referer: http://www.saratogahistory.com/index.php
[Sat Oct 17 20:28:40.734547 2020] [core:crit] [pid 16376:tid 139803718809344] (13)Permission denied: [client 185.25.35.12:38062] AH00529: /var/www/vhosts/saratogahistory.com/httpdocs/phpBB/.htaccess pcfg_openfile: unable to check htaccess file, ensure it is readable and that '/var/www/vhosts/saratogahistory.com/httpdocs/phpBB/' is executable
[Sat Oct 17 20:42:04.456036 2020] [core:crit] [pid 16376:tid 139803687339776] (13)Permission denied: [client 185.25.35.8:60512] AH00529: /var/www/vhosts/saratogahistory.com/httpdocs/phpBB/.htaccess pcfg_openfile: unable to check htaccess file, ensure it is readable and that '/var/www/vhosts/saratogahistory.com/httpdocs/phpBB/' is executable
[Sat Oct 17 22:00:35.524221 2020] [core:crit] [pid 16376:tid 139803888682752] (13)Permission denied: [client 109.70.100.50:49152] AH00529: /var/www/vhosts/saratogahistory.com/httpdocs/phpBB/.htaccess pcfg_openfile: unable to check htaccess file, ensure it is readable and that '/var/www/vhosts/saratogahistory.com/httpdocs/phpBB/' is executable, referer: http://www.saratogahistory.com/phpBB/index.php
[Sat Oct 17 22:09:01.062672 2020] [core:crit] [pid 3950:tid 139803771258624] (13)Permission denied: [client 185.220.101.10:35396] AH00529: /var/www/vhosts/saratogahistory.com/httpdocs/phpBB/.htaccess pcfg_openfile: unable to check htaccess file, ensure it is readable and that '/var/www/vhosts/saratogahistory.com/httpdocs/phpBB/' is executable, referer: http://www.saratogahistory.com/phpBB/index.php
[Sat Oct 17 22:49:43.996927 2020] [core:crit] [pid 16376:tid 139803792238336] (13)Permission denied: [client 179.43.167.230:49442] AH00529: /var/www/vhosts/saratogahistory.com/httpdocs/phpBB/.htaccess pcfg_openfile: unable to check htaccess file, ensure it is readable and that '/var/www/vhosts/saratogahistory.com/httpdocs/phpBB/' is executable, referer: http://www.saratogahistory.com/phpBB/index.php
[Sat Oct 17 23:24:21.280868 2020] [core:crit] [pid 3951:tid 139803655870208] (13)Permission denied: [client 40.77.167.33:53336] AH00529: /var/www/vhosts/saratogahistory.com/httpdocs/phpBB/.htaccess pcfg_openfile: unable to check htaccess file, ensure it is readable and that '/var/www/vhosts/saratogahistory.com/httpdocs/phpBB/' is executable
[Sat Oct 17 23:38:41.687364 2020] [core:crit] [pid 16376:tid 139803634890496] (13)Permission denied: [client 62.210.188.222:47798] AH00529: /var/www/vhosts/saratogahistory.com/httpdocs/phpBB/.htaccess pcfg_openfile: unable to check htaccess file, ensure it is readable and that '/var/www/vhosts/saratogahistory.com/httpdocs/phpBB/' is executable
[Sat Oct 17 23:58:50.004836 2020] [core:crit] [pid 16376:tid 139803792238336] (13)Permission denied: [client 51.195.150.139:53476] AH00529: /var/www/vhosts/saratogahistory.com/httpdocs/phpBB/.htaccess pcfg_openfile: unable to check htaccess file, ensure it is readable and that '/var/www/vhosts/saratogahistory.com/httpdocs/phpBB/' is executable, referer: http://www.saratogahistory.com/phpBB/index.php
[Sun Oct 18 00:31:03.052246 2020] [core:crit] [pid 3951:tid 139803802728192] (13)Permission denied: [client 41.218.192.108:51170] AH00529: /var/www/vhosts/saratogahistory.com/httpdocs/phpBB/.htaccess pcfg_openfile: unable to check htaccess file, ensure it is readable and that '/var/www/vhosts/saratogahistory.com/httpdocs/phpBB/' is executable, referer: http://www.saratogahistory.com/phpBB/index.php
[Sun Oct 18 00:31:06.369783 2020] [proxy_fcgi:error] [pid 16376:tid 139803909662464] [client 41.218.192.108:51286] AH01071: Got error 'Primary script unknown\n', referer: http://www.saratogahistory.com/index.php
[Sun Oct 18 00:31:07.164269 2020] [proxy_fcgi:error] [pid 3951:tid 139803920152320] [client 41.218.192.108:51344] AH01071: Got error 'Primary script unknown\n', referer: http://www.saratogahistory.com/index.php
[Sun Oct 18 00:31:08.172604 2020] [proxy_fcgi:error] [pid 16376:tid 139803708319488] [client 41.218.192.108:51370] AH01071: Got error 'Primary script unknown\n', referer: http://www.saratogahistory.com/index.php
[Sun Oct 18 01:13:18.358100 2020] [core:crit] [pid 16376:tid 139803760768768] (13)Permission denied: [client 185.25.35.10:40530] AH00529: /var/www/vhosts/saratogahistory.com/httpdocs/phpBB/.htaccess pcfg_openfile: unable to check htaccess file, ensure it is readable and that '/var/www/vhosts/saratogahistory.com/httpdocs/phpBB/' is executable
[Sun Oct 18 01:18:01.199391 2020] [autoindex:error] [pid 3952:tid 139803624400640] [client 34.70.60.68:50510] AH01276: Cannot serve directory /var/www/vhosts/saratogahistory.com/httpdocs/test/: No matching DirectoryIndex (index.html,index.cgi,index.pl,index.php,index.xhtml,index.htm,index.shtml) found, and server-generated directory index forbidden by Options directive
[Sun Oct 18 01:43:19.360009 2020] [core:crit] [pid 16376:tid 139803792238336] (13)Permission denied: [client 89.163.143.8:36384] AH00529: /var/www/vhosts/saratogahistory.com/httpdocs/phpBB/.htaccess pcfg_openfile: unable to check htaccess file, ensure it is readable and that '/var/www/vhosts/saratogahistory.com/httpdocs/phpBB/' is executable, referer: http://www.saratogahistory.com/phpBB/index.php
[Sun Oct 18 01:56:59.830520 2020] [core:crit] [pid 16376:tid 139803624400640] (13)Permission denied: [client 51.91.101.186:33824] AH00529: /var/www/vhosts/saratogahistory.com/httpdocs/phpBB/.htaccess pcfg_openfile: unable to check htaccess file, ensure it is readable and that '/var/www/vhosts/saratogahistory.com/httpdocs/phpBB/' is executable, referer: http://www.saratogahistory.com/phpBB/index.php
[Sun Oct 18 02:14:32.362401 2020] [core:crit] [pid 16376:tid 139803802728192] (13)Permission denied: [client 185.25.35.10:34720] AH00529: /var/www/vhosts/saratogahistory.com/httpdocs/phpBB/.htaccess pcfg_openfile: unable to check htaccess file, ensure it is readable and that '/var/www/vhosts/saratogahistory.com/httpdocs/phpBB/' is executable
[Sun Oct 18 02:25:25.576042 2020] [core:crit] [pid 16376:tid 139803645380352] (13)Permission denied: [client 188.163.109.153:54468] AH00529: /var/www/vhosts/saratogahistory.com/httpdocs/phpBB/.htaccess pcfg_openfile: unable to check htaccess file, ensure it is readable and that '/var/www/vhosts/saratogahistory.com/httpdocs/phpBB/' is executable, referer: http://www.saratogahistory.com/phpBB/index.php
[Sun Oct 18 02:57:17.686044 2020] [core:crit] [pid 16376:tid 139803603420928] (13)Permission denied: [client 185.25.35.12:53216] AH00529: /var/www/vhosts/saratogahistory.com/httpdocs/phpBB/.htaccess pcfg_openfile: unable to check htaccess file, ensure it is readable and that '/var/www/vhosts/saratogahistory.com/httpdocs/phpBB/' is executable
[Sun Oct 18 03:02:58.024375 2020] [proxy_fcgi:error] [pid 16376:tid 139803613910784] [client 119.45.159.220:36080] AH01071: Got error 'Primary script unknown\n'
[Sun Oct 18 03:03:55.687496 2020] [core:crit] [pid 16376:tid 139803666360064] (13)Permission denied: [client 46.185.125.201:38472] AH00529: /var/www/vhosts/saratogahistory.com/httpdocs/phpBB/.htaccess pcfg_openfile: unable to check htaccess file, ensure it is readable and that '/var/www/vhosts/saratogahistory.com/httpdocs/phpBB/' is executable, referer: http://www.saratogahistory.com/phpBB/index.php
[Sun Oct 18 03:07:02.403466 2020] [core:crit] [pid 3952:tid 139803781748480] (13)Permission denied: [client 91.219.236.31:44352] AH00529: /var/www/vhosts/saratogahistory.com/httpdocs/phpBB/.htaccess pcfg_openfile: unable to check htaccess file, ensure it is readable and that '/var/www/vhosts/saratogahistory.com/httpdocs/phpBB/' is executable, referer: http://www.saratogahistory.com/phpBB/index.php
[Sun Oct 18 03:19:52.446626 2020] [core:crit] [pid 3951:tid 139803592931072] (13)Permission denied: [client 185.25.35.10:40514] AH00529: /var/www/vhosts/saratogahistory.com/httpdocs/phpBB/.htaccess pcfg_openfile: unable to check htaccess file, ensure it is readable and that '/var/www/vhosts/saratogahistory.com/httpdocs/phpBB/' is executable
[Sun Oct 18 04:00:32.441102 2020] [core:crit] [pid 16376:tid 139803729299200] (13)Permission denied: [client 198.251.89.198:52402] AH00529: /var/www/vhosts/saratogahistory.com/httpdocs/phpBB/.htaccess pcfg_openfile: unable to check htaccess file, ensure it is readable and that '/var/www/vhosts/saratogahistory.com/httpdocs/phpBB/' is executable, referer: http://www.saratogahistory.com/phpBB/index.php
[Sun Oct 18 05:02:03.388187 2020] [core:crit] [pid 16376:tid 139803634890496] (13)Permission denied: [client 185.220.100.253:42190] AH00529: /var/www/vhosts/saratogahistory.com/httpdocs/phpBB/.htaccess pcfg_openfile: unable to check htaccess file, ensure it is readable and that '/var/www/vhosts/saratogahistory.com/httpdocs/phpBB/' is executable, referer: http://www.saratogahistory.com/phpBB/index.php
[Sun Oct 18 05:58:51.551619 2020] [core:crit] [pid 3951:tid 139803603420928] (13)Permission denied: [client 185.220.100.252:46678] AH00529: /var/www/vhosts/saratogahistory.com/httpdocs/phpBB/.htaccess pcfg_openfile: unable to check htaccess file, ensure it is readable and that '/var/www/vhosts/saratogahistory.com/httpdocs/phpBB/' is executable, referer: http://www.saratogahistory.com/phpBB/index.php
[Sun Oct 18 06:16:59.266200 2020] [core:crit] [pid 16376:tid 139803676849920] (13)Permission denied: [client 185.206.224.205:47302] AH00529: /var/www/vhosts/saratogahistory.com/httpdocs/phpBB/.htaccess pcfg_openfile: unable to check htaccess file, ensure it is readable and that '/var/www/vhosts/saratogahistory.com/httpdocs/phpBB/' is executable, referer: http://www.saratogahistory.com/phpBB/index.php
[Sun Oct 18 07:05:13.749078 2020] [proxy_fcgi:error] [pid 3952:tid 139803624400640] [client 198.245.49.18:40364] AH01071: Got error 'Primary script unknown\n'
[Sun Oct 18 07:54:14.120049 2020] [core:crit] [pid 16376:tid 139803781748480] (13)Permission denied: [client 185.25.35.11:57986] AH00529: /var/www/vhosts/saratogahistory.com/httpdocs/phpBB/.htaccess pcfg_openfile: unable to check htaccess file, ensure it is readable and that '/var/www/vhosts/saratogahistory.com/httpdocs/phpBB/' is executable
[Sun Oct 18 08:00:00.653022 2020] [core:crit] [pid 3951:tid 139803899172608] (13)Permission denied: [client 179.43.160.234:37692] AH00529: /var/www/vhosts/saratogahistory.com/httpdocs/phpBB/.htaccess pcfg_openfile: unable to check htaccess file, ensure it is readable and that '/var/www/vhosts/saratogahistory.com/httpdocs/phpBB/' is executable, referer: http://www.saratogahistory.com/phpBB/index.php
[Sun Oct 18 08:22:16.412129 2020] [core:crit] [pid 16376:tid 139803645380352] (13)Permission denied: [client 51.91.102.68:47868] AH00529: /var/www/vhosts/saratogahistory.com/httpdocs/phpBB/.htaccess pcfg_openfile: unable to check htaccess file, ensure it is readable and that '/var/www/vhosts/saratogahistory.com/httpdocs/phpBB/' is executable, referer: http://www.saratogahistory.com/phpBB/index.php
[Sun Oct 18 08:37:12.359432 2020] [core:crit] [pid 16376:tid 139803708319488] (13)Permission denied: [client 109.162.71.220:44710] AH00529: /var/www/vhosts/saratogahistory.com/httpdocs/phpBB/.htaccess pcfg_openfile: unable to check htaccess file, ensure it is readable and that '/var/www/vhosts/saratogahistory.com/httpdocs/phpBB/' is executable, referer: http://www.saratogahistory.com/phpBB/index.php
[Sun Oct 18 08:47:26.105543 2020] [core:crit] [pid 3951:tid 139803909662464] (13)Permission denied: [client 40.77.167.157:59334] AH00529: /var/www/vhosts/saratogahistory.com/httpdocs/phpBB/.htaccess pcfg_openfile: unable to check htaccess file, ensure it is readable and that '/var/www/vhosts/saratogahistory.com/httpdocs/phpBB/' is executable
[Sun Oct 18 08:52:14.871914 2020] [core:crit] [pid 3951:tid 139803655870208] (13)Permission denied: [client 185.25.35.10:38380] AH00529: /var/www/vhosts/saratogahistory.com/httpdocs/phpBB/.htaccess pcfg_openfile: unable to check htaccess file, ensure it is readable and that '/var/www/vhosts/saratogahistory.com/httpdocs/phpBB/' is executable
[Sun Oct 18 09:03:17.234026 2020] [core:crit] [pid 16376:tid 139803888682752] (13)Permission denied: [client 51.195.166.160:54038] AH00529: /var/www/vhosts/saratogahistory.com/httpdocs/phpBB/.htaccess pcfg_openfile: unable to check htaccess file, ensure it is readable and that '/var/www/vhosts/saratogahistory.com/httpdocs/phpBB/' is executable, referer: http://www.saratogahistory.com/phpBB/index.php
[Sun Oct 18 09:35:39.189906 2020] [core:crit] [pid 16376:tid 139803708319488] (13)Permission denied: [client 185.25.35.11:47808] AH00529: /var/www/vhosts/saratogahistory.com/httpdocs/phpBB/.htaccess pcfg_openfile: unable to check htaccess file, ensure it is readable and that '/var/www/vhosts/saratogahistory.com/httpdocs/phpBB/' is executable
[Sun Oct 18 09:58:43.773899 2020] [core:crit] [pid 16376:tid 139803603420928] (13)Permission denied: [client 185.25.35.11:55252] AH00529: /var/www/vhosts/saratogahistory.com/httpdocs/phpBB/.htaccess pcfg_openfile: unable to check htaccess file, ensure it is readable and that '/var/www/vhosts/saratogahistory.com/httpdocs/phpBB/' is executable
[Sun Oct 18 10:01:19.308277 2020] [core:crit] [pid 16376:tid 139803634890496] (13)Permission denied: [client 51.15.235.211:59188] AH00529: /var/www/vhosts/saratogahistory.com/httpdocs/phpBB/.htaccess pcfg_openfile: unable to check htaccess file, ensure it is readable and that '/var/www/vhosts/saratogahistory.com/httpdocs/phpBB/' is executable, referer: http://www.saratogahistory.com/phpBB/index.php
[Sun Oct 18 10:45:57.740631 2020] [core:crit] [pid 16376:tid 139803729299200] (13)Permission denied: [client 188.163.74.184:48386] AH00529: /var/www/vhosts/saratogahistory.com/httpdocs/phpBB/.htaccess pcfg_openfile: unable to check htaccess file, ensure it is readable and that '/var/www/vhosts/saratogahistory.com/httpdocs/phpBB/' is executable, referer: http://www.saratogahistory.com/phpBB/index.php
[Sun Oct 18 11:42:54.752769 2020] [core:crit] [pid 3951:tid 139803909662464] (13)Permission denied: [client 51.81.83.130:48368] AH00529: /var/www/vhosts/saratogahistory.com/httpdocs/phpBB/.htaccess pcfg_openfile: unable to check htaccess file, ensure it is readable and that '/var/www/vhosts/saratogahistory.com/httpdocs/phpBB/' is executable, referer: http://www.saratogahistory.com/phpBB/index.php
[Sun Oct 18 11:59:13.623143 2020] [core:crit] [pid 3952:tid 139803920152320] (13)Permission denied: [client 192.42.116.23:43702] AH00529: /var/www/vhosts/saratogahistory.com/httpdocs/phpBB/.htaccess pcfg_openfile: unable to check htaccess file, ensure it is readable and that '/var/www/vhosts/saratogahistory.com/httpdocs/phpBB/' is executable, referer: http://www.saratogahistory.com/phpBB/index.php
[Sun Oct 18 12:07:32.618480 2020] [core:crit] [pid 16376:tid 139803645380352] (13)Permission denied: [client 54.38.81.231:57536] AH00529: /var/www/vhosts/saratogahistory.com/httpdocs/phpBB/.htaccess pcfg_openfile: unable to check htaccess file, ensure it is readable and that '/var/www/vhosts/saratogahistory.com/httpdocs/phpBB/' is executable, referer: http://www.saratogahistory.com/phpBB/index.php
[Sun Oct 18 12:46:26.050500 2020] [core:crit] [pid 3951:tid 139803760768768] (13)Permission denied: [client 185.191.126.243:58492] AH00529: /var/www/vhosts/saratogahistory.com/httpdocs/phpBB/.htaccess pcfg_openfile: unable to check htaccess file, ensure it is readable and that '/var/www/vhosts/saratogahistory.com/httpdocs/phpBB/' is executable, referer: http://www.saratogahistory.com/phpBB/index.php
[Sun Oct 18 12:55:39.671370 2020] [core:crit] [pid 3952:tid 139803760768768] (13)Permission denied: [client 109.162.71.220:43792] AH00529: /var/www/vhosts/saratogahistory.com/httpdocs/phpBB/.htaccess pcfg_openfile: unable to check htaccess file, ensure it is readable and that '/var/www/vhosts/saratogahistory.com/httpdocs/phpBB/' is executable, referer: http://www.saratogahistory.com/phpBB/index.php
[Sun Oct 18 13:50:31.053141 2020] [proxy_fcgi:error] [pid 16376:tid 139803666360064] [client 106.55.47.205:52170] AH01071: Got error 'Primary script unknown\n'
[Sun Oct 18 14:00:47.289382 2020] [core:crit] [pid 3952:tid 139803603420928] (13)Permission denied: [client 163.172.43.109:39916] AH00529: /var/www/vhosts/saratogahistory.com/httpdocs/phpBB/.htaccess pcfg_openfile: unable to check htaccess file, ensure it is readable and that '/var/www/vhosts/saratogahistory.com/httpdocs/phpBB/' is executable, referer: http://www.saratogahistory.com/phpBB/index.php
[Sun Oct 18 14:48:13.993013 2020] [core:crit] [pid 16376:tid 139803718809344] (13)Permission denied: [client 185.25.35.9:34680] AH00529: /var/www/vhosts/saratogahistory.com/httpdocs/phpBB/.htaccess pcfg_openfile: unable to check htaccess file, ensure it is readable and that '/var/www/vhosts/saratogahistory.com/httpdocs/phpBB/' is executable
[Sun Oct 18 15:07:11.271470 2020] [core:crit] [pid 16376:tid 139803718809344] (13)Permission denied: [client 109.70.100.51:38510] AH00529: /var/www/vhosts/saratogahistory.com/httpdocs/phpBB/.htaccess pcfg_openfile: unable to check htaccess file, ensure it is readable and that '/var/www/vhosts/saratogahistory.com/httpdocs/phpBB/' is executable, referer: http://www.saratogahistory.com/phpBB/index.php
[Sun Oct 18 15:28:28.714748 2020] [core:crit] [pid 3951:tid 139803771258624] (13)Permission denied: [client 40.77.167.157:47390] AH00529: /var/www/vhosts/saratogahistory.com/httpdocs/phpBB/.htaccess pcfg_openfile: unable to check htaccess file, ensure it is readable and that '/var/www/vhosts/saratogahistory.com/httpdocs/phpBB/' is executable
[Sun Oct 18 15:48:19.981110 2020] [core:crit] [pid 3952:tid 139803760768768] (13)Permission denied: [client 45.158.44.2:52584] AH00529: /var/www/vhosts/saratogahistory.com/httpdocs/phpBB/.htaccess pcfg_openfile: unable to check htaccess file, ensure it is readable and that '/var/www/vhosts/saratogahistory.com/httpdocs/phpBB/' is executable, referer: http://www.saratogahistory.com/phpBB/
[Sun Oct 18 15:59:02.286659 2020] [core:crit] [pid 3951:tid 139803624400640] (13)Permission denied: [client 185.25.35.10:42724] AH00529: /var/www/vhosts/saratogahistory.com/httpdocs/phpBB/.htaccess pcfg_openfile: unable to check htaccess file, ensure it is readable and that '/var/www/vhosts/saratogahistory.com/httpdocs/phpBB/' is executable
[Sun Oct 18 16:01:28.401334 2020] [core:crit] [pid 3952:tid 139803909662464] (13)Permission denied: [client 185.220.101.136:48036] AH00529: /var/www/vhosts/saratogahistory.com/httpdocs/phpBB/.htaccess pcfg_openfile: unable to check htaccess file, ensure it is readable and that '/var/www/vhosts/saratogahistory.com/httpdocs/phpBB/' is executable, referer: http://www.saratogahistory.com/phpBB/index.php
[Sun Oct 18 16:07:53.649931 2020] [core:crit] [pid 16376:tid 139803760768768] (13)Permission denied: [client 40.77.167.144:60198] AH00529: /var/www/vhosts/saratogahistory.com/httpdocs/phpBB/.htaccess pcfg_openfile: unable to check htaccess file, ensure it is readable and that '/var/www/vhosts/saratogahistory.com/httpdocs/phpBB/' is executable
[Sun Oct 18 16:33:24.630003 2020] [core:crit] [pid 3951:tid 139803909662464] (13)Permission denied: [client 185.25.35.12:57286] AH00529: /var/www/vhosts/saratogahistory.com/httpdocs/phpBB/.htaccess pcfg_openfile: unable to check htaccess file, ensure it is readable and that '/var/www/vhosts/saratogahistory.com/httpdocs/phpBB/' is executable
[Sun Oct 18 16:35:43.532608 2020] [core:crit] [pid 16376:tid 139803613910784] (13)Permission denied: [client 207.46.13.162:33106] AH00529: /var/www/vhosts/saratogahistory.com/httpdocs/phpBB/.htaccess pcfg_openfile: unable to check htaccess file, ensure it is readable and that '/var/www/vhosts/saratogahistory.com/httpdocs/phpBB/' is executable
[Sun Oct 18 16:55:22.297670 2020] [core:crit] [pid 16376:tid 139803708319488] (13)Permission denied: [client 185.25.35.13:36506] AH00529: /var/www/vhosts/saratogahistory.com/httpdocs/phpBB/.htaccess pcfg_openfile: unable to check htaccess file, ensure it is readable and that '/var/www/vhosts/saratogahistory.com/httpdocs/phpBB/' is executable
[Sun Oct 18 17:54:46.200651 2020] [core:crit] [pid 16376:tid 139803771258624] (13)Permission denied: [client 31.220.40.237:43942] AH00529: /var/www/vhosts/saratogahistory.com/httpdocs/phpBB/.htaccess pcfg_openfile: unable to check htaccess file, ensure it is readable and that '/var/www/vhosts/saratogahistory.com/httpdocs/phpBB/' is executable, referer: http://www.saratogahistory.com/phpBB/index.php
[Sun Oct 18 18:01:45.083478 2020] [core:crit] [pid 3951:tid 139803920152320] (13)Permission denied: [client 188.163.109.153:54296] AH00529: /var/www/vhosts/saratogahistory.com/httpdocs/phpBB/.htaccess pcfg_openfile: unable to check htaccess file, ensure it is readable and that '/var/www/vhosts/saratogahistory.com/httpdocs/phpBB/' is executable, referer: http://www.saratogahistory.com/phpBB/index.php
[Sun Oct 18 18:19:37.054039 2020] [core:crit] [pid 3951:tid 139803624400640] (13)Permission denied: [client 167.88.7.134:55374] AH00529: /var/www/vhosts/saratogahistory.com/httpdocs/phpBB/.htaccess pcfg_openfile: unable to check htaccess file, ensure it is readable and that '/var/www/vhosts/saratogahistory.com/httpdocs/phpBB/' is executable, referer: http://www.saratogahistory.com/phpBB/index.php
[Sun Oct 18 18:57:33.164226 2020] [core:crit] [pid 16376:tid 139803729299200] (13)Permission denied: [client 185.206.224.205:55142] AH00529: /var/www/vhosts/saratogahistory.com/httpdocs/phpBB/.htaccess pcfg_openfile: unable to check htaccess file, ensure it is readable and that '/var/www/vhosts/saratogahistory.com/httpdocs/phpBB/' is executable, referer: http://www.saratogahistory.com/phpBB/index.php
[Sun Oct 18 19:17:05.154063 2020] [core:crit] [pid 3952:tid 139803655870208] (13)Permission denied: [client 185.220.100.242:57550] AH00529: /var/www/vhosts/saratogahistory.com/httpdocs/phpBB/.htaccess pcfg_openfile: unable to check htaccess file, ensure it is readable and that '/var/www/vhosts/saratogahistory.com/httpdocs/phpBB/' is executable, referer: http://www.saratogahistory.com/phpBB/index.php
[Sun Oct 18 19:42:43.583490 2020] [core:crit] [pid 16376:tid 139803781748480] (13)Permission denied: [client 45.158.44.7:43010] AH00529: /var/www/vhosts/saratogahistory.com/httpdocs/phpBB/.htaccess pcfg_openfile: unable to check htaccess file, ensure it is readable and that '/var/www/vhosts/saratogahistory.com/httpdocs/phpBB/' is executable, referer: http://www.saratogahistory.com/phpBB/
[Sun Oct 18 19:52:34.534980 2020] [core:crit] [pid 3951:tid 139803687339776] (13)Permission denied: [client 185.191.126.212:58194] AH00529: /var/www/vhosts/saratogahistory.com/httpdocs/phpBB/.htaccess pcfg_openfile: unable to check htaccess file, ensure it is readable and that '/var/www/vhosts/saratogahistory.com/httpdocs/phpBB/' is executable, referer: http://www.saratogahistory.com/phpBB/index.php
[Sun Oct 18 20:27:10.821201 2020] [core:crit] [pid 16376:tid 139803888682752] (13)Permission denied: [client 5.188.84.59:37536] AH00529: /var/www/vhosts/saratogahistory.com/httpdocs/phpBB/.htaccess pcfg_openfile: unable to check htaccess file, ensure it is readable and that '/var/www/vhosts/saratogahistory.com/httpdocs/phpBB/' is executable, referer: http://www.saratogahistory.com/phpBB/index.php
[Sun Oct 18 21:16:56.366650 2020] [core:crit] [pid 16376:tid 139803771258624] (13)Permission denied: [client 104.244.73.43:56594] AH00529: /var/www/vhosts/saratogahistory.com/httpdocs/phpBB/.htaccess pcfg_openfile: unable to check htaccess file, ensure it is readable and that '/var/www/vhosts/saratogahistory.com/httpdocs/phpBB/' is executable, referer: http://www.saratogahistory.com/phpBB/index.php
[Sun Oct 18 21:35:59.378792 2020] [core:crit] [pid 16376:tid 139803888682752] (13)Permission denied: [client 185.25.35.8:57200] AH00529: /var/www/vhosts/saratogahistory.com/httpdocs/phpBB/.htaccess pcfg_openfile: unable to check htaccess file, ensure it is readable and that '/var/www/vhosts/saratogahistory.com/httpdocs/phpBB/' is executable
[Sun Oct 18 22:10:37.849477 2020] [core:crit] [pid 16376:tid 139803888682752] (13)Permission denied: [client 207.46.13.138:51016] AH00529: /var/www/vhosts/saratogahistory.com/httpdocs/phpBB/.htaccess pcfg_openfile: unable to check htaccess file, ensure it is readable and that '/var/www/vhosts/saratogahistory.com/httpdocs/phpBB/' is executable
[Sun Oct 18 22:28:26.629405 2020] [core:crit] [pid 16376:tid 139803781748480] (13)Permission denied: [client 207.46.13.138:57032] AH00529: /var/www/vhosts/saratogahistory.com/httpdocs/phpBB/.htaccess pcfg_openfile: unable to check htaccess file, ensure it is readable and that '/var/www/vhosts/saratogahistory.com/httpdocs/phpBB/' is executable
[Sun Oct 18 22:33:48.667248 2020] [core:crit] [pid 3952:tid 139803750278912] (13)Permission denied: [client 185.25.35.15:36386] AH00529: /var/www/vhosts/saratogahistory.com/httpdocs/phpBB/.htaccess pcfg_openfile: unable to check htaccess file, ensure it is readable and that '/var/www/vhosts/saratogahistory.com/httpdocs/phpBB/' is executable
[Sun Oct 18 22:50:22.873720 2020] [core:crit] [pid 3951:tid 139803613910784] (13)Permission denied: [client 89.34.27.37:59672] AH00529: /var/www/vhosts/saratogahistory.com/httpdocs/phpBB/.htaccess pcfg_openfile: unable to check htaccess file, ensure it is readable and that '/var/www/vhosts/saratogahistory.com/httpdocs/phpBB/' is executable, referer: http://www.saratogahistory.com/phpBB/index.php
[Sun Oct 18 23:15:36.577846 2020] [core:crit] [pid 16376:tid 139803666360064] (13)Permission denied: [client 185.25.35.8:41340] AH00529: /var/www/vhosts/saratogahistory.com/httpdocs/phpBB/.htaccess pcfg_openfile: unable to check htaccess file, ensure it is readable and that '/var/www/vhosts/saratogahistory.com/httpdocs/phpBB/' is executable
[Sun Oct 18 23:37:42.677576 2020] [core:crit] [pid 16376:tid 139803781748480] (13)Permission denied: [client 185.25.35.10:45220] AH00529: /var/www/vhosts/saratogahistory.com/httpdocs/phpBB/.htaccess pcfg_openfile: unable to check htaccess file, ensure it is readable and that '/var/www/vhosts/saratogahistory.com/httpdocs/phpBB/' is executable
[Mon Oct 19 00:10:17.958877 2020] [proxy_fcgi:error] [pid 16376:tid 139803888682752] [client 198.245.61.134:38032] AH01071: Got error 'Primary script unknown\n', referer: http://saratogahistory.com/wp-login.php
[Mon Oct 19 00:45:11.589812 2020] [core:crit] [pid 16376:tid 139803666360064] (13)Permission denied: [client 51.91.102.28:37018] AH00529: /var/www/vhosts/saratogahistory.com/httpdocs/phpBB/.htaccess pcfg_openfile: unable to check htaccess file, ensure it is readable and that '/var/www/vhosts/saratogahistory.com/httpdocs/phpBB/' is executable, referer: http://www.saratogahistory.com/phpBB/index.php
[Mon Oct 19 00:49:45.451346 2020] [core:crit] [pid 16376:tid 139803802728192] (13)Permission denied: [client 5.62.19.54:44180] AH00529: /var/www/vhosts/saratogahistory.com/httpdocs/phpBB/.htaccess pcfg_openfile: unable to check htaccess file, ensure it is readable and that '/var/www/vhosts/saratogahistory.com/httpdocs/phpBB/' is executable, referer: http://www.saratogahistory.com/phpBB/index.php
[Mon Oct 19 02:14:13.125626 2020] [core:crit] [pid 3951:tid 139803603420928] (13)Permission denied: [client 185.220.101.132:51512] AH00529: /var/www/vhosts/saratogahistory.com/httpdocs/phpBB/.htaccess pcfg_openfile: unable to check htaccess file, ensure it is readable and that '/var/www/vhosts/saratogahistory.com/httpdocs/phpBB/' is executable, referer: http://www.saratogahistory.com/phpBB/index.php
[Mon Oct 19 03:33:07.876786 2020] [core:crit] [pid 16376:tid 139803899172608] (13)Permission denied: [client 197.251.193.152:58892] AH00529: /var/www/vhosts/saratogahistory.com/httpdocs/phpBB/.htaccess pcfg_openfile: unable to check htaccess file, ensure it is readable and that '/var/www/vhosts/saratogahistory.com/httpdocs/phpBB/' is executable, referer: http://www.saratogahistory.com/phpBB/index.php
[Mon Oct 19 03:33:10.894782 2020] [proxy_fcgi:error] [pid 16376:tid 139803603420928] [client 197.251.193.152:59066] AH01071: Got error 'Primary script unknown\n', referer: http://www.saratogahistory.com/index.php
[Mon Oct 19 03:33:11.710204 2020] [proxy_fcgi:error] [pid 16376:tid 139803666360064] [client 197.251.193.152:59088] AH01071: Got error 'Primary script unknown\n', referer: http://www.saratogahistory.com/index.php
[Mon Oct 19 03:33:12.534812 2020] [proxy_fcgi:error] [pid 16376:tid 139803802728192] [client 197.251.193.152:59102] AH01071: Got error 'Primary script unknown\n', referer: http://www.saratogahistory.com/index.php
[Mon Oct 19 04:02:29.147116 2020] [core:crit] [pid 16376:tid 139803603420928] (13)Permission denied: [client 185.25.35.9:57348] AH00529: /var/www/vhosts/saratogahistory.com/httpdocs/phpBB/.htaccess pcfg_openfile: unable to check htaccess file, ensure it is readable and that '/var/www/vhosts/saratogahistory.com/httpdocs/phpBB/' is executable
[Mon Oct 19 04:36:07.022660 2020] [core:crit] [pid 16376:tid 139803718809344] (13)Permission denied: [client 192.40.57.58:42078] AH00529: /var/www/vhosts/saratogahistory.com/httpdocs/phpBB/.htaccess pcfg_openfile: unable to check htaccess file, ensure it is readable and that '/var/www/vhosts/saratogahistory.com/httpdocs/phpBB/' is executable, referer: http://www.saratogahistory.com/phpBB/index.php
[Mon Oct 19 05:00:28.652578 2020] [core:crit] [pid 16376:tid 139803781748480] (13)Permission denied: [client 185.25.35.15:57056] AH00529: /var/www/vhosts/saratogahistory.com/httpdocs/phpBB/.htaccess pcfg_openfile: unable to check htaccess file, ensure it is readable and that '/var/www/vhosts/saratogahistory.com/httpdocs/phpBB/' is executable
[Mon Oct 19 05:33:40.591026 2020] [core:crit] [pid 16376:tid 139803666360064] (13)Permission denied: [client 185.220.100.245:34254] AH00529: /var/www/vhosts/saratogahistory.com/httpdocs/phpBB/.htaccess pcfg_openfile: unable to check htaccess file, ensure it is readable and that '/var/www/vhosts/saratogahistory.com/httpdocs/phpBB/' is executable, referer: http://www.saratogahistory.com/phpBB/index.php
[Mon Oct 19 05:37:29.887421 2020] [core:crit] [pid 16376:tid 139803676849920] (13)Permission denied: [client 51.255.45.144:40722] AH00529: /var/www/vhosts/saratogahistory.com/httpdocs/phpBB/.htaccess pcfg_openfile: unable to check htaccess file, ensure it is readable and that '/var/www/vhosts/saratogahistory.com/httpdocs/phpBB/' is executable, referer: http://www.saratogahistory.com/phpBB/index.php
[Mon Oct 19 05:41:02.326865 2020] [core:crit] [pid 16376:tid 139803781748480] (13)Permission denied: [client 185.25.35.12:46960] AH00529: /var/www/vhosts/saratogahistory.com/httpdocs/phpBB/.htaccess pcfg_openfile: unable to check htaccess file, ensure it is readable and that '/var/www/vhosts/saratogahistory.com/httpdocs/phpBB/' is executable
[Mon Oct 19 06:04:27.515518 2020] [core:crit] [pid 16376:tid 139803718809344] (13)Permission denied: [client 185.25.35.11:33262] AH00529: /var/www/vhosts/saratogahistory.com/httpdocs/phpBB/.htaccess pcfg_openfile: unable to check htaccess file, ensure it is readable and that '/var/www/vhosts/saratogahistory.com/httpdocs/phpBB/' is executable
[Mon Oct 19 06:11:57.500255 2020] [core:crit] [pid 16376:tid 139803909662464] (13)Permission denied: [client 179.43.160.235:48288] AH00529: /var/www/vhosts/saratogahistory.com/httpdocs/phpBB/.htaccess pcfg_openfile: unable to check htaccess file, ensure it is readable and that '/var/www/vhosts/saratogahistory.com/httpdocs/phpBB/' is executable, referer: http://www.saratogahistory.com/phpBB/index.php
[Mon Oct 19 06:31:01.408921 2020] [core:crit] [pid 16376:tid 139803802728192] (13)Permission denied: [client 198.144.120.224:56128] AH00529: /var/www/vhosts/saratogahistory.com/httpdocs/phpBB/.htaccess pcfg_openfile: unable to check htaccess file, ensure it is readable and that '/var/www/vhosts/saratogahistory.com/httpdocs/phpBB/' is executable, referer: http://www.saratogahistory.com/phpBB/index.php
[Mon Oct 19 07:33:26.636143 2020] [core:crit] [pid 3952:tid 139803888682752] (13)Permission denied: [client 92.53.65.130:42438] AH00529: /var/www/vhosts/saratogahistory.com/httpdocs/phpBB/.htaccess pcfg_openfile: unable to check htaccess file, ensure it is readable and that '/var/www/vhosts/saratogahistory.com/httpdocs/phpBB/' is executable, referer: http://www.saratogahistory.com/phpBB/index.php
[Mon Oct 19 07:33:27.559973 2020] [proxy_fcgi:error] [pid 16376:tid 139803781748480] [client 92.53.65.130:42448] AH01071: Got error 'Primary script unknown\n', referer: http://www.saratogahistory.com/index.php
[Mon Oct 19 07:33:27.827570 2020] [proxy_fcgi:error] [pid 16376:tid 139803645380352] [client 92.53.65.130:42452] AH01071: Got error 'Primary script unknown\n', referer: http://www.saratogahistory.com/index.php
[Mon Oct 19 07:33:28.084656 2020] [proxy_fcgi:error] [pid 3951:tid 139803613910784] [client 92.53.65.130:42456] AH01071: Got error 'Primary script unknown\n', referer: http://www.saratogahistory.com/index.php
[Mon Oct 19 07:42:25.799198 2020] [core:crit] [pid 16376:tid 139803888682752] (13)Permission denied: [client 188.122.82.146:59872] AH00529: /var/www/vhosts/saratogahistory.com/httpdocs/phpBB/.htaccess pcfg_openfile: unable to check htaccess file, ensure it is readable and that '/var/www/vhosts/saratogahistory.com/httpdocs/phpBB/' is executable, referer: http://www.saratogahistory.com/phpBB/index.php
[Mon Oct 19 08:30:45.384202 2020] [core:crit] [pid 16376:tid 139803888682752] (13)Permission denied: [client 40.77.167.31:43640] AH00529: /var/www/vhosts/saratogahistory.com/httpdocs/phpBB/.htaccess pcfg_openfile: unable to check htaccess file, ensure it is readable and that '/var/www/vhosts/saratogahistory.com/httpdocs/phpBB/' is executable
[Mon Oct 19 08:41:11.202888 2020] [core:crit] [pid 16376:tid 139803697829632] (13)Permission denied: [client 196.244.192.56:60710] AH00529: /var/www/vhosts/saratogahistory.com/httpdocs/phpBB/.htaccess pcfg_openfile: unable to check htaccess file, ensure it is readable and that '/var/www/vhosts/saratogahistory.com/httpdocs/phpBB/' is executable, referer: http://www.saratogahistory.com/phpBB/index.php
[Mon Oct 19 08:59:48.106883 2020] [core:crit] [pid 16376:tid 139803634890496] (13)Permission denied: [client 207.46.13.138:35780] AH00529: /var/www/vhosts/saratogahistory.com/httpdocs/phpBB/.htaccess pcfg_openfile: unable to check htaccess file, ensure it is readable and that '/var/www/vhosts/saratogahistory.com/httpdocs/phpBB/' is executable
[Mon Oct 19 09:01:36.069027 2020] [core:crit] [pid 16376:tid 139803909662464] (13)Permission denied: [client 185.220.101.146:38478] AH00529: /var/www/vhosts/saratogahistory.com/httpdocs/phpBB/.htaccess pcfg_openfile: unable to check htaccess file, ensure it is readable and that '/var/www/vhosts/saratogahistory.com/httpdocs/phpBB/' is executable, referer: http://www.saratogahistory.com/phpBB/index.php
[Mon Oct 19 09:09:09.818462 2020] [core:crit] [pid 16376:tid 139803645380352] (13)Permission denied: [client 51.38.68.108:53242] AH00529: /var/www/vhosts/saratogahistory.com/httpdocs/phpBB/.htaccess pcfg_openfile: unable to check htaccess file, ensure it is readable and that '/var/www/vhosts/saratogahistory.com/httpdocs/phpBB/' is executable, referer: http://www.saratogahistory.com/phpBB/index.php
[Mon Oct 19 10:32:35.696162 2020] [core:crit] [pid 16376:tid 139803729299200] (13)Permission denied: [client 185.25.35.9:36024] AH00529: /var/www/vhosts/saratogahistory.com/httpdocs/phpBB/.htaccess pcfg_openfile: unable to check htaccess file, ensure it is readable and that '/var/www/vhosts/saratogahistory.com/httpdocs/phpBB/' is executable
[Mon Oct 19 10:42:53.274862 2020] [core:crit] [pid 16376:tid 139803697829632] (13)Permission denied: [client 46.187.38.244:55030] AH00529: /var/www/vhosts/saratogahistory.com/httpdocs/phpBB/.htaccess pcfg_openfile: unable to check htaccess file, ensure it is readable and that '/var/www/vhosts/saratogahistory.com/httpdocs/phpBB/' is executable, referer: http://www.saratogahistory.com/phpBB/index.php
[Mon Oct 19 10:42:54.616829 2020] [proxy_fcgi:error] [pid 3951:tid 139803634890496] [client 46.187.38.244:55096] AH01071: Got error 'Primary script unknown\n', referer: http://www.saratogahistory.com/index.php
[Mon Oct 19 10:42:54.933790 2020] [proxy_fcgi:error] [pid 3952:tid 139803760768768] [client 46.187.38.244:55104] AH01071: Got error 'Primary script unknown\n', referer: http://www.saratogahistory.com/index.php
[Mon Oct 19 10:42:55.262824 2020] [proxy_fcgi:error] [pid 16376:tid 139803676849920] [client 46.187.38.244:55116] AH01071: Got error 'Primary script unknown\n', referer: http://www.saratogahistory.com/index.php
[Mon Oct 19 11:16:06.315760 2020] [proxy_fcgi:error] [pid 3951:tid 139803802728192] [client 193.34.145.201:34198] AH01071: Got error 'Primary script unknown\n', referer: http://saratogahistory.com/wp-login.php
[Mon Oct 19 11:46:28.284172 2020] [core:crit] [pid 16376:tid 139803888682752] (13)Permission denied: [client 185.25.35.15:40232] AH00529: /var/www/vhosts/saratogahistory.com/httpdocs/phpBB/.htaccess pcfg_openfile: unable to check htaccess file, ensure it is readable and that '/var/www/vhosts/saratogahistory.com/httpdocs/phpBB/' is executable
[Mon Oct 19 12:22:32.877476 2020] [core:crit] [pid 3951:tid 139803655870208] (13)Permission denied: [client 185.25.35.11:34822] AH00529: /var/www/vhosts/saratogahistory.com/httpdocs/phpBB/.htaccess pcfg_openfile: unable to check htaccess file, ensure it is readable and that '/var/www/vhosts/saratogahistory.com/httpdocs/phpBB/' is executable
[Mon Oct 19 12:29:46.382516 2020] [core:crit] [pid 16376:tid 139803613910784] (13)Permission denied: [client 145.239.82.87:47848] AH00529: /var/www/vhosts/saratogahistory.com/httpdocs/phpBB/.htaccess pcfg_openfile: unable to check htaccess file, ensure it is readable and that '/var/www/vhosts/saratogahistory.com/httpdocs/phpBB/' is executable, referer: http://www.saratogahistory.com/phpBB/index.php
[Mon Oct 19 12:33:06.046432 2020] [core:crit] [pid 16376:tid 139803666360064] (13)Permission denied: [client 45.154.255.74:54214] AH00529: /var/www/vhosts/saratogahistory.com/httpdocs/phpBB/.htaccess pcfg_openfile: unable to check htaccess file, ensure it is readable and that '/var/www/vhosts/saratogahistory.com/httpdocs/phpBB/' is executable, referer: http://www.saratogahistory.com/phpBB/index.php
[Mon Oct 19 12:35:06.460441 2020] [core:crit] [pid 3951:tid 139803645380352] (13)Permission denied: [client 85.208.209.221:58514] AH00529: /var/www/vhosts/saratogahistory.com/httpdocs/phpBB/.htaccess pcfg_openfile: unable to check htaccess file, ensure it is readable and that '/var/www/vhosts/saratogahistory.com/httpdocs/phpBB/' is executable, referer: http://www.saratogahistory.com/phpBB/index.php
[Mon Oct 19 12:43:53.683397 2020] [core:crit] [pid 16376:tid 139803592931072] (13)Permission denied: [client 185.25.35.11:46684] AH00529: /var/www/vhosts/saratogahistory.com/httpdocs/phpBB/.htaccess pcfg_openfile: unable to check htaccess file, ensure it is readable and that '/var/www/vhosts/saratogahistory.com/httpdocs/phpBB/' is executable
[Mon Oct 19 14:09:42.080455 2020] [core:crit] [pid 3951:tid 139803760768768] (13)Permission denied: [client 109.196.172.5:44338] AH00529: /var/www/vhosts/saratogahistory.com/httpdocs/phpBB/.htaccess pcfg_openfile: unable to check htaccess file, ensure it is readable and that '/var/www/vhosts/saratogahistory.com/httpdocs/phpBB/' is executable, referer: http://www.saratogahistory.com/phpBB/index.php
[Mon Oct 19 14:09:42.455510 2020] [core:crit] [pid 16376:tid 139803792238336] (13)Permission denied: [client 91.191.184.124:44356] AH00529: /var/www/vhosts/saratogahistory.com/httpdocs/phpBB/.htaccess pcfg_openfile: unable to check htaccess file, ensure it is readable and that '/var/www/vhosts/saratogahistory.com/httpdocs/phpBB/' is executable, referer: http://www.saratogahistory.com/phpBB/index.php
[Mon Oct 19 14:09:42.832810 2020] [core:crit] [pid 16376:tid 139803624400640] (13)Permission denied: [client 91.191.184.124:44384] AH00529: /var/www/vhosts/saratogahistory.com/httpdocs/phpBB/.htaccess pcfg_openfile: unable to check htaccess file, ensure it is readable and that '/var/www/vhosts/saratogahistory.com/httpdocs/phpBB/' is executable, referer: http://www.saratogahistory.com/phpBB/index.php
[Mon Oct 19 14:09:43.223196 2020] [core:crit] [pid 16376:tid 139803781748480] (13)Permission denied: [client 194.156.105.23:44408] AH00529: /var/www/vhosts/saratogahistory.com/httpdocs/phpBB/.htaccess pcfg_openfile: unable to check htaccess file, ensure it is readable and that '/var/www/vhosts/saratogahistory.com/httpdocs/phpBB/' is executable, referer: http://www.saratogahistory.com/phpBB/index.php
[Mon Oct 19 14:09:44.935765 2020] [proxy_fcgi:error] [pid 16376:tid 139803592931072] [client 194.156.105.23:44458] AH01071: Got error 'Primary script unknown\n', referer: http://www.saratogahistory.com/index.php
[Mon Oct 19 14:09:45.322837 2020] [proxy_fcgi:error] [pid 16376:tid 139803771258624] [client 194.156.105.23:44470] AH01071: Got error 'Primary script unknown\n', referer: http://www.saratogahistory.com/index.php
[Mon Oct 19 14:09:45.693944 2020] [proxy_fcgi:error] [pid 3952:tid 139803920152320] [client 194.156.105.23:44490] AH01071: Got error 'Primary script unknown\n', referer: http://www.saratogahistory.com/index.php
[Mon Oct 19 14:23:54.555011 2020] [core:crit] [pid 16376:tid 139803624400640] (13)Permission denied: [client 94.230.208.147:42186] AH00529: /var/www/vhosts/saratogahistory.com/httpdocs/phpBB/.htaccess pcfg_openfile: unable to check htaccess file, ensure it is readable and that '/var/www/vhosts/saratogahistory.com/httpdocs/phpBB/' is executable, referer: http://www.saratogahistory.com/phpBB/index.php
[Mon Oct 19 15:55:14.124719 2020] [core:crit] [pid 16376:tid 139803603420928] (13)Permission denied: [client 104.244.76.13:37976] AH00529: /var/www/vhosts/saratogahistory.com/httpdocs/phpBB/.htaccess pcfg_openfile: unable to check htaccess file, ensure it is readable and that '/var/www/vhosts/saratogahistory.com/httpdocs/phpBB/' is executable, referer: http://www.saratogahistory.com/phpBB/index.php
[Mon Oct 19 16:12:43.897188 2020] [core:crit] [pid 16376:tid 139803603420928] (13)Permission denied: [client 36.89.155.66:47076] AH00529: /var/www/vhosts/saratogahistory.com/httpdocs/phpBB/.htaccess pcfg_openfile: unable to check htaccess file, ensure it is readable and that '/var/www/vhosts/saratogahistory.com/httpdocs/phpBB/' is executable, referer: http://www.saratogahistory.com/phpBB/profile.php?mode=register&agreed=true
[Mon Oct 19 16:12:50.744743 2020] [proxy_fcgi:error] [pid 3951:tid 139803739789056] [client 36.89.155.66:47240] AH01071: Got error 'Primary script unknown\n', referer: http://www.saratogahistory.com/index.php
[Mon Oct 19 16:12:52.090336 2020] [proxy_fcgi:error] [pid 16376:tid 139803739789056] [client 36.89.155.66:47276] AH01071: Got error 'Primary script unknown\n', referer: http://www.saratogahistory.com/index.php
[Mon Oct 19 16:54:42.358975 2020] [core:crit] [pid 3951:tid 139803899172608] (13)Permission denied: [client 109.162.244.41:55940] AH00529: /var/www/vhosts/saratogahistory.com/httpdocs/phpBB/.htaccess pcfg_openfile: unable to check htaccess file, ensure it is readable and that '/var/www/vhosts/saratogahistory.com/httpdocs/phpBB/' is executable, referer: http://www.saratogahistory.com/phpBB/profile.php?mode=register&agreed=true
[Mon Oct 19 16:54:53.702920 2020] [proxy_fcgi:error] [pid 16376:tid 139803645380352] [client 109.162.244.41:56316] AH01071: Got error 'Primary script unknown\n', referer: http://www.saratogahistory.com/index.php
[Mon Oct 19 16:54:54.698360 2020] [proxy_fcgi:error] [pid 16376:tid 139803899172608] [client 109.162.244.41:56350] AH01071: Got error 'Primary script unknown\n', referer: http://www.saratogahistory.com/index.php
[Mon Oct 19 17:18:32.053015 2020] [core:crit] [pid 3951:tid 139803739789056] (13)Permission denied: [client 185.25.35.10:52674] AH00529: /var/www/vhosts/saratogahistory.com/httpdocs/phpBB/.htaccess pcfg_openfile: unable to check htaccess file, ensure it is readable and that '/var/www/vhosts/saratogahistory.com/httpdocs/phpBB/' is executable
[Mon Oct 19 17:32:06.336817 2020] [core:crit] [pid 3951:tid 139803909662464] (13)Permission denied: [client 200.69.236.72:52984] AH00529: /var/www/vhosts/saratogahistory.com/httpdocs/phpBB/.htaccess pcfg_openfile: unable to check htaccess file, ensure it is readable and that '/var/www/vhosts/saratogahistory.com/httpdocs/phpBB/' is executable, referer: http://www.saratogahistory.com/phpBB/profile.php?mode=register&agreed=true
[Mon Oct 19 18:21:53.438994 2020] [core:crit] [pid 3951:tid 139803718809344] (13)Permission denied: [client 185.25.35.15:38976] AH00529: /var/www/vhosts/saratogahistory.com/httpdocs/phpBB/.htaccess pcfg_openfile: unable to check htaccess file, ensure it is readable and that '/var/www/vhosts/saratogahistory.com/httpdocs/phpBB/' is executable
[Mon Oct 19 18:46:26.837887 2020] [core:crit] [pid 16376:tid 139803739789056] (13)Permission denied: [client 217.182.192.217:41190] AH00529: /var/www/vhosts/saratogahistory.com/httpdocs/phpBB/.htaccess pcfg_openfile: unable to check htaccess file, ensure it is readable and that '/var/www/vhosts/saratogahistory.com/httpdocs/phpBB/' is executable, referer: http://www.saratogahistory.com/phpBB/index.php
[Mon Oct 19 19:06:58.826247 2020] [core:crit] [pid 16376:tid 139803676849920] (13)Permission denied: [client 185.25.35.13:41312] AH00529: /var/www/vhosts/saratogahistory.com/httpdocs/phpBB/.htaccess pcfg_openfile: unable to check htaccess file, ensure it is readable and that '/var/www/vhosts/saratogahistory.com/httpdocs/phpBB/' is executable
[Mon Oct 19 19:10:59.665465 2020] [core:crit] [pid 3951:tid 139803760768768] (13)Permission denied: [client 89.144.12.17:52214] AH00529: /var/www/vhosts/saratogahistory.com/httpdocs/phpBB/.htaccess pcfg_openfile: unable to check htaccess file, ensure it is readable and that '/var/www/vhosts/saratogahistory.com/httpdocs/phpBB/' is executable, referer: http://www.saratogahistory.com/phpBB/index.php
[Mon Oct 19 19:27:24.655078 2020] [core:crit] [pid 16376:tid 139803603420928] (13)Permission denied: [client 185.25.35.12:41366] AH00529: /var/www/vhosts/saratogahistory.com/httpdocs/phpBB/.htaccess pcfg_openfile: unable to check htaccess file, ensure it is readable and that '/var/www/vhosts/saratogahistory.com/httpdocs/phpBB/' is executable
[Mon Oct 19 19:38:33.571538 2020] [core:crit] [pid 3951:tid 139803729299200] (13)Permission denied: [client 162.247.74.27:42682] AH00529: /var/www/vhosts/saratogahistory.com/httpdocs/phpBB/.htaccess pcfg_openfile: unable to check htaccess file, ensure it is readable and that '/var/www/vhosts/saratogahistory.com/httpdocs/phpBB/' is executable, referer: http://www.saratogahistory.com/phpBB/index.php
[Mon Oct 19 19:54:45.301744 2020] [core:crit] [pid 16376:tid 139803760768768] (13)Permission denied: [client 46.47.255.194:60012] AH00529: /var/www/vhosts/saratogahistory.com/httpdocs/phpBB/.htaccess pcfg_openfile: unable to check htaccess file, ensure it is readable and that '/var/www/vhosts/saratogahistory.com/httpdocs/phpBB/' is executable, referer: http://www.saratogahistory.com/phpBB/index.php
[Mon Oct 19 19:55:14.450222 2020] [core:crit] [pid 3950:tid 139803655870208] (13)Permission denied: [client 5.183.92.74:33368] AH00529: /var/www/vhosts/saratogahistory.com/httpdocs/phpBB/.htaccess pcfg_openfile: unable to check htaccess file, ensure it is readable and that '/var/www/vhosts/saratogahistory.com/httpdocs/phpBB/' is executable, referer: http://www.saratogahistory.com/phpBB/index.php
[Mon Oct 19 21:34:54.060840 2020] [core:crit] [pid 3951:tid 139803655870208] (13)Permission denied: [client 157.55.39.158:36318] AH00529: /var/www/vhosts/saratogahistory.com/httpdocs/phpBB/.htaccess pcfg_openfile: unable to check htaccess file, ensure it is readable and that '/var/www/vhosts/saratogahistory.com/httpdocs/phpBB/' is executable
[Mon Oct 19 21:35:00.464685 2020] [proxy_fcgi:error] [pid 16376:tid 139803603420928] [client 119.45.239.252:36502] AH01071: Got error 'Primary script unknown\n'
[Mon Oct 19 22:25:09.496858 2020] [core:crit] [pid 3952:tid 139803771258624] (13)Permission denied: [client 196.244.192.56:38352] AH00529: /var/www/vhosts/saratogahistory.com/httpdocs/phpBB/.htaccess pcfg_openfile: unable to check htaccess file, ensure it is readable and that '/var/www/vhosts/saratogahistory.com/httpdocs/phpBB/' is executable, referer: http://www.saratogahistory.com/phpBB/index.php
[Mon Oct 19 23:04:25.669925 2020] [core:crit] [pid 16376:tid 139803613910784] (13)Permission denied: [client 185.220.102.253:48044] AH00529: /var/www/vhosts/saratogahistory.com/httpdocs/phpBB/.htaccess pcfg_openfile: unable to check htaccess file, ensure it is readable and that '/var/www/vhosts/saratogahistory.com/httpdocs/phpBB/' is executable, referer: http://www.saratogahistory.com/phpBB/index.php
[Mon Oct 19 23:07:00.319840 2020] [core:crit] [pid 16376:tid 139803888682752] (13)Permission denied: [client 40.77.167.37:53984] AH00529: /var/www/vhosts/saratogahistory.com/httpdocs/phpBB/.htaccess pcfg_openfile: unable to check htaccess file, ensure it is readable and that '/var/www/vhosts/saratogahistory.com/httpdocs/phpBB/' is executable
[Mon Oct 19 23:09:20.175283 2020] [core:crit] [pid 16376:tid 139803708319488] (13)Permission denied: [client 89.229.155.198:57622] AH00529: /var/www/vhosts/saratogahistory.com/httpdocs/phpBB/.htaccess pcfg_openfile: unable to check htaccess file, ensure it is readable and that '/var/www/vhosts/saratogahistory.com/httpdocs/phpBB/' is executable, referer: http://www.saratogahistory.com/phpBB/index.php
[Mon Oct 19 23:12:08.384956 2020] [core:crit] [pid 16376:tid 139803708319488] (13)Permission denied: [client 40.77.167.109:35458] AH00529: /var/www/vhosts/saratogahistory.com/httpdocs/phpBB/.htaccess pcfg_openfile: unable to check htaccess file, ensure it is readable and that '/var/www/vhosts/saratogahistory.com/httpdocs/phpBB/' is executable
[Mon Oct 19 23:22:45.454832 2020] [core:crit] [pid 3951:tid 139803666360064] (13)Permission denied: [client 207.46.13.55:55702] AH00529: /var/www/vhosts/saratogahistory.com/httpdocs/phpBB/.htaccess pcfg_openfile: unable to check htaccess file, ensure it is readable and that '/var/www/vhosts/saratogahistory.com/httpdocs/phpBB/' is executable
[Mon Oct 19 23:34:50.869761 2020] [core:crit] [pid 3951:tid 139803634890496] (13)Permission denied: [client 23.106.58.180:48008] AH00529: /var/www/vhosts/saratogahistory.com/httpdocs/phpBB/.htaccess pcfg_openfile: unable to check htaccess file, ensure it is readable and that '/var/www/vhosts/saratogahistory.com/httpdocs/phpBB/' is executable, referer: http://www.saratogahistory.com/phpBB/index.php
[Tue Oct 20 00:00:36.503935 2020] [core:crit] [pid 16376:tid 139803687339776] (13)Permission denied: [client 185.25.35.15:38590] AH00529: /var/www/vhosts/saratogahistory.com/httpdocs/phpBB/.htaccess pcfg_openfile: unable to check htaccess file, ensure it is readable and that '/var/www/vhosts/saratogahistory.com/httpdocs/phpBB/' is executable
[Tue Oct 20 00:26:02.301796 2020] [core:crit] [pid 16376:tid 139803760768768] (13)Permission denied: [client 178.159.37.58:32958] AH00529: /var/www/vhosts/saratogahistory.com/httpdocs/phpBB/.htaccess pcfg_openfile: unable to check htaccess file, ensure it is readable and that '/var/www/vhosts/saratogahistory.com/httpdocs/phpBB/' is executable, referer: http://www.saratogahistory.com/phpBB/index.php
[Tue Oct 20 01:04:11.503223 2020] [core:crit] [pid 16376:tid 139803624400640] (13)Permission denied: [client 185.25.35.12:42776] AH00529: /var/www/vhosts/saratogahistory.com/httpdocs/phpBB/.htaccess pcfg_openfile: unable to check htaccess file, ensure it is readable and that '/var/www/vhosts/saratogahistory.com/httpdocs/phpBB/' is executable
[Tue Oct 20 01:46:35.699451 2020] [core:crit] [pid 16376:tid 139803771258624] (13)Permission denied: [client 185.25.35.9:42808] AH00529: /var/www/vhosts/saratogahistory.com/httpdocs/phpBB/.htaccess pcfg_openfile: unable to check htaccess file, ensure it is readable and that '/var/www/vhosts/saratogahistory.com/httpdocs/phpBB/' is executable
[Tue Oct 20 02:06:47.828496 2020] [core:crit] [pid 3951:tid 139803634890496] (13)Permission denied: [client 185.25.35.15:52418] AH00529: /var/www/vhosts/saratogahistory.com/httpdocs/phpBB/.htaccess pcfg_openfile: unable to check htaccess file, ensure it is readable and that '/var/www/vhosts/saratogahistory.com/httpdocs/phpBB/' is executable
[Tue Oct 20 02:33:13.356231 2020] [core:crit] [pid 3952:tid 139803603420928] (13)Permission denied: [client 185.220.101.208:45626] AH00529: /var/www/vhosts/saratogahistory.com/httpdocs/phpBB/.htaccess pcfg_openfile: unable to check htaccess file, ensure it is readable and that '/var/www/vhosts/saratogahistory.com/httpdocs/phpBB/' is executable, referer: http://www.saratogahistory.com/phpBB/index.php
[Tue Oct 20 02:44:51.330316 2020] [core:crit] [pid 16376:tid 139803624400640] (13)Permission denied: [client 191.243.72.34:38702] AH00529: /var/www/vhosts/saratogahistory.com/httpdocs/phpBB/.htaccess pcfg_openfile: unable to check htaccess file, ensure it is readable and that '/var/www/vhosts/saratogahistory.com/httpdocs/phpBB/' is executable, referer: http://www.saratogahistory.com/phpBB/profile.php?mode=register&agreed=true
[Tue Oct 20 02:45:16.084042 2020] [proxy_fcgi:error] [pid 16376:tid 139803645380352] [client 81.12.169.126:39856] AH01071: Got error 'Primary script unknown\n', referer: http://www.saratogahistory.com/index.php
[Tue Oct 20 02:45:16.513430 2020] [proxy_fcgi:error] [pid 16376:tid 139803592931072] [client 81.12.169.126:39876] AH01071: Got error 'Primary script unknown\n', referer: http://www.saratogahistory.com/index.php
[Tue Oct 20 03:04:26.105885 2020] [core:crit] [pid 3952:tid 139803920152320] (13)Permission denied: [client 23.106.58.179:46458] AH00529: /var/www/vhosts/saratogahistory.com/httpdocs/phpBB/.htaccess pcfg_openfile: unable to check htaccess file, ensure it is readable and that '/var/www/vhosts/saratogahistory.com/httpdocs/phpBB/' is executable, referer: http://www.saratogahistory.com/phpBB/index.php
[Tue Oct 20 03:18:23.213849 2020] [core:crit] [pid 16376:tid 139803802728192] (13)Permission denied: [client 185.10.16.41:45590] AH00529: /var/www/vhosts/saratogahistory.com/httpdocs/phpBB/.htaccess pcfg_openfile: unable to check htaccess file, ensure it is readable and that '/var/www/vhosts/saratogahistory.com/httpdocs/phpBB/' is executable, referer: http://www.saratogahistory.com/phpBB/index.php
[Tue Oct 20 03:51:05.961395 2020] [core:crit] [pid 16376:tid 139803655870208] (13)Permission denied: [client 210.245.51.1:49946] AH00529: /var/www/vhosts/saratogahistory.com/httpdocs/phpBB/.htaccess pcfg_openfile: unable to check htaccess file, ensure it is readable and that '/var/www/vhosts/saratogahistory.com/httpdocs/phpBB/' is executable, referer: http://www.saratogahistory.com/phpBB/profile.php?mode=register&agreed=true
[Tue Oct 20 03:51:11.617703 2020] [proxy_fcgi:error] [pid 16376:tid 139803750278912] [client 85.93.42.143:50136] AH01071: Got error 'Primary script unknown\n', referer: http://www.saratogahistory.com/index.php
[Tue Oct 20 03:51:12.140725 2020] [proxy_fcgi:error] [pid 16376:tid 139803760768768] [client 85.93.42.143:50146] AH01071: Got error 'Primary script unknown\n', referer: http://www.saratogahistory.com/index.php
[Tue Oct 20 05:29:57.400647 2020] [core:crit] [pid 3951:tid 139803888682752] (13)Permission denied: [client 5.180.246.117:50370] AH00529: /var/www/vhosts/saratogahistory.com/httpdocs/phpBB/.htaccess pcfg_openfile: unable to check htaccess file, ensure it is readable and that '/var/www/vhosts/saratogahistory.com/httpdocs/phpBB/' is executable, referer: http://www.saratogahistory.com/phpBB/index.php
[Tue Oct 20 05:29:58.193502 2020] [core:crit] [pid 16376:tid 139803888682752] (13)Permission denied: [client 196.245.161.15:50390] AH00529: /var/www/vhosts/saratogahistory.com/httpdocs/phpBB/.htaccess pcfg_openfile: unable to check htaccess file, ensure it is readable and that '/var/www/vhosts/saratogahistory.com/httpdocs/phpBB/' is executable, referer: http://www.saratogahistory.com/phpBB/index.php
[Tue Oct 20 05:29:59.003048 2020] [core:crit] [pid 16376:tid 139803802728192] (13)Permission denied: [client 85.208.115.215:50416] AH00529: /var/www/vhosts/saratogahistory.com/httpdocs/phpBB/.htaccess pcfg_openfile: unable to check htaccess file, ensure it is readable and that '/var/www/vhosts/saratogahistory.com/httpdocs/phpBB/' is executable, referer: http://www.saratogahistory.com/phpBB/index.php
[Tue Oct 20 05:30:00.311850 2020] [core:crit] [pid 3950:tid 139803760768768] (13)Permission denied: [client 178.216.50.212:50490] AH00529: /var/www/vhosts/saratogahistory.com/httpdocs/phpBB/.htaccess pcfg_openfile: unable to check htaccess file, ensure it is readable and that '/var/www/vhosts/saratogahistory.com/httpdocs/phpBB/' is executable, referer: http://www.saratogahistory.com/phpBB/index.php
[Tue Oct 20 06:07:27.958394 2020] [core:crit] [pid 16376:tid 139803708319488] (13)Permission denied: [client 185.220.101.16:39808] AH00529: /var/www/vhosts/saratogahistory.com/httpdocs/phpBB/.htaccess pcfg_openfile: unable to check htaccess file, ensure it is readable and that '/var/www/vhosts/saratogahistory.com/httpdocs/phpBB/' is executable, referer: http://www.saratogahistory.com/phpBB/index.php
[Tue Oct 20 06:48:53.564240 2020] [core:crit] [pid 16376:tid 139803888682752] (13)Permission denied: [client 185.25.35.9:40848] AH00529: /var/www/vhosts/saratogahistory.com/httpdocs/phpBB/.htaccess pcfg_openfile: unable to check htaccess file, ensure it is readable and that '/var/www/vhosts/saratogahistory.com/httpdocs/phpBB/' is executable
[Tue Oct 20 06:58:37.662596 2020] [core:crit] [pid 16376:tid 139803655870208] (13)Permission denied: [client 159.224.243.185:59712] AH00529: /var/www/vhosts/saratogahistory.com/httpdocs/phpBB/.htaccess pcfg_openfile: unable to check htaccess file, ensure it is readable and that '/var/www/vhosts/saratogahistory.com/httpdocs/phpBB/' is executable, referer: http://www.saratogahistory.com/phpBB/profile.php?mode=register&agreed=true
[Tue Oct 20 06:59:02.709913 2020] [proxy_fcgi:error] [pid 3952:tid 139803899172608] [client 213.178.38.246:60508] AH01071: Got error 'Primary script unknown\n', referer: http://www.saratogahistory.com/index.php
[Tue Oct 20 06:59:03.269899 2020] [proxy_fcgi:error] [pid 3951:tid 139803739789056] [client 213.178.38.246:60524] AH01071: Got error 'Primary script unknown\n', referer: http://www.saratogahistory.com/index.php
[Tue Oct 20 07:23:29.838532 2020] [core:crit] [pid 16376:tid 139803655870208] (13)Permission denied: [client 212.107.238.101:57732] AH00529: /var/www/vhosts/saratogahistory.com/httpdocs/phpBB/.htaccess pcfg_openfile: unable to check htaccess file, ensure it is readable and that '/var/www/vhosts/saratogahistory.com/httpdocs/phpBB/' is executable, referer: http://www.saratogahistory.com/phpBB/profile.php?mode=register&agreed=true
[Tue Oct 20 07:23:40.095717 2020] [proxy_fcgi:error] [pid 3951:tid 139803645380352] [client 212.107.238.101:58172] AH01071: Got error 'Primary script unknown\n', referer: http://www.saratogahistory.com/index.php
[Tue Oct 20 07:23:40.730538 2020] [proxy_fcgi:error] [pid 3950:tid 139803645380352] [client 212.107.238.101:58194] AH01071: Got error 'Primary script unknown\n', referer: http://www.saratogahistory.com/index.php
[Tue Oct 20 07:25:12.975474 2020] [core:crit] [pid 16376:tid 139803750278912] (13)Permission denied: [client 110.168.30.224:34088] AH00529: /var/www/vhosts/saratogahistory.com/httpdocs/phpBB/.htaccess pcfg_openfile: unable to check htaccess file, ensure it is readable and that '/var/www/vhosts/saratogahistory.com/httpdocs/phpBB/' is executable, referer: http://www.saratogahistory.com/phpBB/profile.php?mode=register&agreed=true
[Tue Oct 20 07:25:16.693350 2020] [proxy_fcgi:error] [pid 3951:tid 139803771258624] [client 110.168.30.224:34210] AH01071: Got error 'Primary script unknown\n', referer: http://www.saratogahistory.com/index.php
[Tue Oct 20 07:25:17.830213 2020] [proxy_fcgi:error] [pid 16376:tid 139803920152320] [client 110.168.30.224:34236] AH01071: Got error 'Primary script unknown\n', referer: http://www.saratogahistory.com/index.php
[Tue Oct 20 07:28:26.125019 2020] [core:crit] [pid 3951:tid 139803909662464] (13)Permission denied: [client 95.153.31.84:40704] AH00529: /var/www/vhosts/saratogahistory.com/httpdocs/phpBB/.htaccess pcfg_openfile: unable to check htaccess file, ensure it is readable and that '/var/www/vhosts/saratogahistory.com/httpdocs/phpBB/' is executable, referer: http://www.saratogahistory.com/phpBB/index.php
[Tue Oct 20 07:49:33.485297 2020] [core:crit] [pid 3952:tid 139803750278912] (13)Permission denied: [client 212.33.239.50:56712] AH00529: /var/www/vhosts/saratogahistory.com/httpdocs/phpBB/.htaccess pcfg_openfile: unable to check htaccess file, ensure it is readable and that '/var/www/vhosts/saratogahistory.com/httpdocs/phpBB/' is executable, referer: http://www.saratogahistory.com/phpBB/profile.php?mode=register&agreed=true
[Tue Oct 20 07:49:44.873213 2020] [proxy_fcgi:error] [pid 3952:tid 139803687339776] [client 212.33.239.50:56992] AH01071: Got error 'Primary script unknown\n', referer: http://www.saratogahistory.com/index.php
[Tue Oct 20 07:49:50.512940 2020] [proxy_fcgi:error] [pid 16376:tid 139803718809344] [client 212.33.239.50:57226] AH01071: Got error 'Primary script unknown\n', referer: http://www.saratogahistory.com/index.php
[Tue Oct 20 07:53:18.785944 2020] [core:crit] [pid 3952:tid 139803697829632] (13)Permission denied: [client 185.25.35.8:35596] AH00529: /var/www/vhosts/saratogahistory.com/httpdocs/phpBB/.htaccess pcfg_openfile: unable to check htaccess file, ensure it is readable and that '/var/www/vhosts/saratogahistory.com/httpdocs/phpBB/' is executable
[Tue Oct 20 08:04:50.866360 2020] [core:crit] [pid 3952:tid 139803634890496] (13)Permission denied: [client 186.249.240.146:60778] AH00529: /var/www/vhosts/saratogahistory.com/httpdocs/phpBB/.htaccess pcfg_openfile: unable to check htaccess file, ensure it is readable and that '/var/www/vhosts/saratogahistory.com/httpdocs/phpBB/' is executable, referer: http://www.saratogahistory.com/phpBB/profile.php?mode=register&agreed=true
[Tue Oct 20 08:05:05.969301 2020] [proxy_fcgi:error] [pid 3952:tid 139803645380352] [client 186.249.240.146:33360] AH01071: Got error 'Primary script unknown\n', referer: http://www.saratogahistory.com/index.php
[Tue Oct 20 08:05:06.883327 2020] [proxy_fcgi:error] [pid 3951:tid 139803729299200] [client 186.249.240.146:33394] AH01071: Got error 'Primary script unknown\n', referer: http://www.saratogahistory.com/index.php
[Tue Oct 20 08:16:31.076229 2020] [core:crit] [pid 16376:tid 139803909662464] (13)Permission denied: [client 178.94.30.123:60644] AH00529: /var/www/vhosts/saratogahistory.com/httpdocs/phpBB/.htaccess pcfg_openfile: unable to check htaccess file, ensure it is readable and that '/var/www/vhosts/saratogahistory.com/httpdocs/phpBB/' is executable, referer: http://www.saratogahistory.com/phpBB/profile.php?mode=register&agreed=true
[Tue Oct 20 08:16:38.801513 2020] [proxy_fcgi:error] [pid 16376:tid 139803729299200] [client 178.94.30.123:32922] AH01071: Got error 'Primary script unknown\n', referer: http://www.saratogahistory.com/index.php
[Tue Oct 20 08:16:40.227954 2020] [proxy_fcgi:error] [pid 16376:tid 139803718809344] [client 178.94.30.123:33020] AH01071: Got error 'Primary script unknown\n', referer: http://www.saratogahistory.com/index.php
[Tue Oct 20 08:20:30.616095 2020] [core:crit] [pid 16376:tid 139803624400640] (13)Permission denied: [client 90.151.180.215:41350] AH00529: /var/www/vhosts/saratogahistory.com/httpdocs/phpBB/.htaccess pcfg_openfile: unable to check htaccess file, ensure it is readable and that '/var/www/vhosts/saratogahistory.com/httpdocs/phpBB/' is executable, referer: http://www.saratogahistory.com/phpBB/profile.php?mode=register&agreed=true
[Tue Oct 20 08:20:49.602378 2020] [proxy_fcgi:error] [pid 3951:tid 139803697829632] [client 90.151.180.215:41798] AH01071: Got error 'Primary script unknown\n', referer: http://www.saratogahistory.com/index.php
[Tue Oct 20 08:21:00.467748 2020] [proxy_fcgi:error] [pid 16376:tid 139803592931072] [client 90.151.180.215:42122] AH01071: Got error 'Primary script unknown\n', referer: http://www.saratogahistory.com/index.php
[Tue Oct 20 08:35:47.452532 2020] [core:crit] [pid 3951:tid 139803603420928] (13)Permission denied: [client 185.25.35.9:46296] AH00529: /var/www/vhosts/saratogahistory.com/httpdocs/phpBB/.htaccess pcfg_openfile: unable to check htaccess file, ensure it is readable and that '/var/www/vhosts/saratogahistory.com/httpdocs/phpBB/' is executable
[Tue Oct 20 08:52:56.752125 2020] [core:crit] [pid 16376:tid 139803676849920] (13)Permission denied: [client 188.122.82.146:51568] AH00529: /var/www/vhosts/saratogahistory.com/httpdocs/phpBB/.htaccess pcfg_openfile: unable to check htaccess file, ensure it is readable and that '/var/www/vhosts/saratogahistory.com/httpdocs/phpBB/' is executable, referer: http://www.saratogahistory.com/phpBB/index.php
[Tue Oct 20 08:53:35.872973 2020] [core:crit] [pid 16376:tid 139803592931072] (13)Permission denied: [client 103.12.161.194:52992] AH00529: /var/www/vhosts/saratogahistory.com/httpdocs/phpBB/.htaccess pcfg_openfile: unable to check htaccess file, ensure it is readable and that '/var/www/vhosts/saratogahistory.com/httpdocs/phpBB/' is executable, referer: http://www.saratogahistory.com/phpBB/profile.php?mode=register&agreed=true
[Tue Oct 20 08:53:45.758561 2020] [proxy_fcgi:error] [pid 16376:tid 139803697829632] [client 103.12.161.194:53502] AH01071: Got error 'Primary script unknown\n', referer: http://www.saratogahistory.com/index.php
[Tue Oct 20 08:53:49.963534 2020] [proxy_fcgi:error] [pid 16376:tid 139803613910784] [client 103.12.161.194:53760] AH01071: Got error 'Primary script unknown\n', referer: http://www.saratogahistory.com/index.php
[Tue Oct 20 08:54:16.116396 2020] [core:crit] [pid 16376:tid 139803899172608] (13)Permission denied: [client 185.25.35.11:54612] AH00529: /var/www/vhosts/saratogahistory.com/httpdocs/phpBB/.htaccess pcfg_openfile: unable to check htaccess file, ensure it is readable and that '/var/www/vhosts/saratogahistory.com/httpdocs/phpBB/' is executable
[Tue Oct 20 09:12:38.737237 2020] [core:crit] [pid 16376:tid 139803760768768] (13)Permission denied: [client 207.46.13.19:37520] AH00529: /var/www/vhosts/saratogahistory.com/httpdocs/phpBB/.htaccess pcfg_openfile: unable to check htaccess file, ensure it is readable and that '/var/www/vhosts/saratogahistory.com/httpdocs/phpBB/' is executable
[Tue Oct 20 09:33:27.756927 2020] [core:crit] [pid 16376:tid 139803592931072] (13)Permission denied: [client 37.228.129.5:54034] AH00529: /var/www/vhosts/saratogahistory.com/httpdocs/phpBB/.htaccess pcfg_openfile: unable to check htaccess file, ensure it is readable and that '/var/www/vhosts/saratogahistory.com/httpdocs/phpBB/' is executable, referer: http://www.saratogahistory.com/phpBB/index.php
[Tue Oct 20 09:43:48.088205 2020] [core:crit] [pid 16376:tid 139803634890496] (13)Permission denied: [client 110.77.235.34:46792] AH00529: /var/www/vhosts/saratogahistory.com/httpdocs/phpBB/.htaccess pcfg_openfile: unable to check htaccess file, ensure it is readable and that '/var/www/vhosts/saratogahistory.com/httpdocs/phpBB/' is executable, referer: http://www.saratogahistory.com/phpBB/profile.php?mode=register&agreed=true
[Tue Oct 20 09:43:52.009536 2020] [proxy_fcgi:error] [pid 16376:tid 139803603420928] [client 110.77.235.34:46944] AH01071: Got error 'Primary script unknown\n', referer: http://www.saratogahistory.com/index.php
[Tue Oct 20 09:43:53.202527 2020] [proxy_fcgi:error] [pid 3951:tid 139803634890496] [client 110.77.235.34:47012] AH01071: Got error 'Primary script unknown\n', referer: http://www.saratogahistory.com/index.php
[Tue Oct 20 10:09:49.797160 2020] [proxy_fcgi:error] [pid 16376:tid 139803592931072] [client 119.45.150.6:51592] AH01071: Got error 'Primary script unknown\n', referer: http://www.saratogahistory.com/index.php?m=formguide&c=index&a=show&formid=666&siteid=1
[Tue Oct 20 10:09:50.000856 2020] [proxy_fcgi:error] [pid 16376:tid 139803781748480] [client 119.45.150.6:51594] AH01071: Got error 'Primary script unknown\n', referer: http://www.saratogahistory.com/index.php?m=formguide&c=index&a=show&formid=666&siteid=1
[Tue Oct 20 10:09:50.203856 2020] [proxy_fcgi:error] [pid 3951:tid 139803802728192] [client 119.45.150.6:51596] AH01071: Got error 'Primary script unknown\n', referer: http://www.saratogahistory.com/index.php?m=formguide&c=index&a=show&formid=666&siteid=1
[Tue Oct 20 10:09:53.259596 2020] [proxy_fcgi:error] [pid 3950:tid 139803718809344] [client 119.45.150.6:51716] AH01071: Got error 'Primary script unknown\n', referer: http://www.saratogahistory.com/admin_login.php
[Tue Oct 20 10:10:02.219746 2020] [proxy_fcgi:error] [pid 3952:tid 139803899172608] [client 119.45.150.6:52140] AH01071: Got error 'Primary script unknown\n', referer: http://www.saratogahistory.com/xiaolei.php
[Tue Oct 20 10:10:05.273411 2020] [proxy_fcgi:error] [pid 16376:tid 139803760768768] [client 119.45.150.6:52498] AH01071: Got error 'Primary script unknown\n', referer: http://www.saratogahistory.com/weki.php
[Tue Oct 20 10:22:23.897516 2020] [core:crit] [pid 16376:tid 139803676849920] (13)Permission denied: [client 185.220.101.15:57488] AH00529: /var/www/vhosts/saratogahistory.com/httpdocs/phpBB/.htaccess pcfg_openfile: unable to check htaccess file, ensure it is readable and that '/var/www/vhosts/saratogahistory.com/httpdocs/phpBB/' is executable, referer: http://www.saratogahistory.com/phpBB/index.php
[Tue Oct 20 10:46:21.330387 2020] [core:crit] [pid 3951:tid 139803781748480] (13)Permission denied: [client 110.77.154.250:51442] AH00529: /var/www/vhosts/saratogahistory.com/httpdocs/phpBB/.htaccess pcfg_openfile: unable to check htaccess file, ensure it is readable and that '/var/www/vhosts/saratogahistory.com/httpdocs/phpBB/' is executable, referer: http://www.saratogahistory.com/phpBB/profile.php?mode=register&agreed=true
[Tue Oct 20 10:46:25.245239 2020] [proxy_fcgi:error] [pid 16376:tid 139803687339776] [client 110.77.154.250:51544] AH01071: Got error 'Primary script unknown\n', referer: http://www.saratogahistory.com/index.php
[Tue Oct 20 10:46:26.486111 2020] [proxy_fcgi:error] [pid 16376:tid 139803729299200] [client 110.77.154.250:51570] AH01071: Got error 'Primary script unknown\n', referer: http://www.saratogahistory.com/index.php
[Tue Oct 20 10:52:19.446868 2020] [core:crit] [pid 3951:tid 139803708319488] (13)Permission denied: [client 196.244.192.56:33752] AH00529: /var/www/vhosts/saratogahistory.com/httpdocs/phpBB/.htaccess pcfg_openfile: unable to check htaccess file, ensure it is readable and that '/var/www/vhosts/saratogahistory.com/httpdocs/phpBB/' is executable, referer: http://www.saratogahistory.com/phpBB/index.php
[Tue Oct 20 11:41:10.565546 2020] [core:crit] [pid 3952:tid 139803613910784] (13)Permission denied: [client 35.205.33.118:39882] AH00529: /var/www/vhosts/saratogahistory.com/httpdocs/phpBB/.htaccess pcfg_openfile: unable to check htaccess file, ensure it is readable and that '/var/www/vhosts/saratogahistory.com/httpdocs/phpBB/' is executable
[Tue Oct 20 11:41:16.528067 2020] [proxy_fcgi:error] [pid 3951:tid 139803760768768] [client 35.205.33.118:40124] AH01071: Got error 'Primary script unknown\n'
[Tue Oct 20 11:47:09.393314 2020] [core:crit] [pid 16376:tid 139803697829632] (13)Permission denied: [client 124.41.240.177:50224] AH00529: /var/www/vhosts/saratogahistory.com/httpdocs/phpBB/.htaccess pcfg_openfile: unable to check htaccess file, ensure it is readable and that '/var/www/vhosts/saratogahistory.com/httpdocs/phpBB/' is executable, referer: http://www.saratogahistory.com/phpBB/profile.php?mode=register&agreed=true
[Tue Oct 20 11:47:27.031183 2020] [proxy_fcgi:error] [pid 16376:tid 139803771258624] [client 124.41.240.177:50674] AH01071: Got error 'Primary script unknown\n', referer: http://www.saratogahistory.com/index.php
[Tue Oct 20 11:47:41.635499 2020] [proxy_fcgi:error] [pid 3951:tid 139803676849920] [client 207.97.174.134:51024] AH01071: Got error 'Primary script unknown\n', referer: http://www.saratogahistory.com/index.php
[Tue Oct 20 12:06:55.535030 2020] [core:crit] [pid 16376:tid 139803750278912] (13)Permission denied: [client 87.229.246.66:56540] AH00529: /var/www/vhosts/saratogahistory.com/httpdocs/phpBB/.htaccess pcfg_openfile: unable to check htaccess file, ensure it is readable and that '/var/www/vhosts/saratogahistory.com/httpdocs/phpBB/' is executable, referer: http://www.saratogahistory.com/phpBB/profile.php?mode=register&agreed=true
[Tue Oct 20 12:06:59.262628 2020] [proxy_fcgi:error] [pid 3951:tid 139803802728192] [client 87.229.246.66:56612] AH01071: Got error 'Primary script unknown\n', referer: http://www.saratogahistory.com/index.php
[Tue Oct 20 12:06:59.924126 2020] [proxy_fcgi:error] [pid 3950:tid 139803666360064] [client 87.229.246.66:56624] AH01071: Got error 'Primary script unknown\n', referer: http://www.saratogahistory.com/index.php
[Tue Oct 20 12:33:47.705210 2020] [core:crit] [pid 16376:tid 139803645380352] (13)Permission denied: [client 178.72.74.40:49772] AH00529: /var/www/vhosts/saratogahistory.com/httpdocs/phpBB/.htaccess pcfg_openfile: unable to check htaccess file, ensure it is readable and that '/var/www/vhosts/saratogahistory.com/httpdocs/phpBB/' is executable, referer: http://www.saratogahistory.com/phpBB/profile.php?mode=register&agreed=true
[Tue Oct 20 12:33:57.540017 2020] [proxy_fcgi:error] [pid 16376:tid 139803697829632] [client 178.72.74.40:49952] AH01071: Got error 'Primary script unknown\n', referer: http://www.saratogahistory.com/index.php
[Tue Oct 20 12:34:03.298254 2020] [proxy_fcgi:error] [pid 3951:tid 139803739789056] [client 178.72.74.40:50232] AH01071: Got error 'Primary script unknown\n', referer: http://www.saratogahistory.com/index.php
[Tue Oct 20 12:42:35.086408 2020] [core:crit] [pid 3951:tid 139803666360064] (13)Permission denied: [client 125.166.224.168:36310] AH00529: /var/www/vhosts/saratogahistory.com/httpdocs/phpBB/.htaccess pcfg_openfile: unable to check htaccess file, ensure it is readable and that '/var/www/vhosts/saratogahistory.com/httpdocs/phpBB/' is executable, referer: http://www.saratogahistory.com/phpBB/profile.php?mode=register&agreed=true
[Tue Oct 20 12:42:40.819766 2020] [proxy_fcgi:error] [pid 16376:tid 139803687339776] [client 125.166.224.168:36554] AH01071: Got error 'Primary script unknown\n', referer: http://www.saratogahistory.com/index.php
[Tue Oct 20 12:42:42.087441 2020] [proxy_fcgi:error] [pid 3951:tid 139803676849920] [client 125.166.224.168:36578] AH01071: Got error 'Primary script unknown\n', referer: http://www.saratogahistory.com/index.php
[Tue Oct 20 12:53:07.783747 2020] [core:crit] [pid 16376:tid 139803708319488] (13)Permission denied: [client 168.90.65.78:54460] AH00529: /var/www/vhosts/saratogahistory.com/httpdocs/phpBB/.htaccess pcfg_openfile: unable to check htaccess file, ensure it is readable and that '/var/www/vhosts/saratogahistory.com/httpdocs/phpBB/' is executable, referer: http://www.saratogahistory.com/phpBB/profile.php?mode=register&agreed=true
[Tue Oct 20 12:53:12.711978 2020] [proxy_fcgi:error] [pid 16376:tid 139803676849920] [client 168.90.65.78:54618] AH01071: Got error 'Primary script unknown\n', referer: http://www.saratogahistory.com/index.php
[Tue Oct 20 12:53:15.738494 2020] [proxy_fcgi:error] [pid 3951:tid 139803645380352] [client 194.186.168.50:54702] AH01071: Got error 'Primary script unknown\n', referer: http://www.saratogahistory.com/index.php
[Tue Oct 20 12:55:20.700733 2020] [core:crit] [pid 16376:tid 139803792238336] (13)Permission denied: [client 185.220.102.252:58798] AH00529: /var/www/vhosts/saratogahistory.com/httpdocs/phpBB/.htaccess pcfg_openfile: unable to check htaccess file, ensure it is readable and that '/var/www/vhosts/saratogahistory.com/httpdocs/phpBB/' is executable, referer: http://www.saratogahistory.com/phpBB/index.php
[Tue Oct 20 12:58:41.669969 2020] [core:crit] [pid 16376:tid 139803613910784] (13)Permission denied: [client 201.27.31.184:35962] AH00529: /var/www/vhosts/saratogahistory.com/httpdocs/phpBB/.htaccess pcfg_openfile: unable to check htaccess file, ensure it is readable and that '/var/www/vhosts/saratogahistory.com/httpdocs/phpBB/' is executable, referer: http://www.saratogahistory.com/phpBB/profile.php?mode=register&agreed=true
[Tue Oct 20 12:58:49.948629 2020] [proxy_fcgi:error] [pid 16376:tid 139803888682752] [client 177.21.13.206:36338] AH01071: Got error 'Primary script unknown\n', referer: http://www.saratogahistory.com/index.php
[Tue Oct 20 12:58:51.490141 2020] [proxy_fcgi:error] [pid 16376:tid 139803802728192] [client 177.21.13.206:36394] AH01071: Got error 'Primary script unknown\n', referer: http://www.saratogahistory.com/index.php
[Tue Oct 20 13:20:08.376642 2020] [core:crit] [pid 3951:tid 139803718809344] (13)Permission denied: [client 196.25.237.218:48462] AH00529: /var/www/vhosts/saratogahistory.com/httpdocs/phpBB/.htaccess pcfg_openfile: unable to check htaccess file, ensure it is readable and that '/var/www/vhosts/saratogahistory.com/httpdocs/phpBB/' is executable, referer: http://www.saratogahistory.com/phpBB/profile.php?mode=register&agreed=true
[Tue Oct 20 13:20:28.622661 2020] [proxy_fcgi:error] [pid 16376:tid 139803920152320] [client 125.123.70.18:49314] AH01071: Got error 'Primary script unknown\n', referer: http://www.saratogahistory.com/index.php
[Tue Oct 20 13:20:30.382408 2020] [proxy_fcgi:error] [pid 16376:tid 139803909662464] [client 125.123.70.18:49376] AH01071: Got error 'Primary script unknown\n', referer: http://www.saratogahistory.com/index.php
[Tue Oct 20 13:21:13.246398 2020] [core:crit] [pid 3951:tid 139803909662464] (13)Permission denied: [client 110.171.21.232:50466] AH00529: /var/www/vhosts/saratogahistory.com/httpdocs/phpBB/.htaccess pcfg_openfile: unable to check htaccess file, ensure it is readable and that '/var/www/vhosts/saratogahistory.com/httpdocs/phpBB/' is executable, referer: http://www.saratogahistory.com/phpBB/profile.php?mode=register&agreed=true
[Tue Oct 20 13:21:19.971738 2020] [proxy_fcgi:error] [pid 16376:tid 139803718809344] [client 110.171.21.232:50608] AH01071: Got error 'Primary script unknown\n', referer: http://www.saratogahistory.com/index.php
[Tue Oct 20 13:21:21.242581 2020] [proxy_fcgi:error] [pid 16376:tid 139803708319488] [client 110.171.21.232:50630] AH01071: Got error 'Primary script unknown\n', referer: http://www.saratogahistory.com/index.php
[Tue Oct 20 13:27:49.992522 2020] [core:crit] [pid 16376:tid 139803613910784] (13)Permission denied: [client 125.164.191.74:60930] AH00529: /var/www/vhosts/saratogahistory.com/httpdocs/phpBB/.htaccess pcfg_openfile: unable to check htaccess file, ensure it is readable and that '/var/www/vhosts/saratogahistory.com/httpdocs/phpBB/' is executable, referer: http://www.saratogahistory.com/phpBB/profile.php?mode=register&agreed=true
[Tue Oct 20 13:27:55.138612 2020] [proxy_fcgi:error] [pid 16376:tid 139803771258624] [client 125.164.191.74:32848] AH01071: Got error 'Primary script unknown\n', referer: http://www.saratogahistory.com/index.php
[Tue Oct 20 13:27:56.364570 2020] [proxy_fcgi:error] [pid 16376:tid 139803888682752] [client 125.164.191.74:32956] AH01071: Got error 'Primary script unknown\n', referer: http://www.saratogahistory.com/index.php
[Tue Oct 20 13:34:19.955462 2020] [core:crit] [pid 3952:tid 139803624400640] (13)Permission denied: [client 185.25.35.9:43620] AH00529: /var/www/vhosts/saratogahistory.com/httpdocs/phpBB/.htaccess pcfg_openfile: unable to check htaccess file, ensure it is readable and that '/var/www/vhosts/saratogahistory.com/httpdocs/phpBB/' is executable
[Tue Oct 20 13:54:06.716660 2020] [core:crit] [pid 3951:tid 139803920152320] (13)Permission denied: [client 177.12.191.30:44926] AH00529: /var/www/vhosts/saratogahistory.com/httpdocs/phpBB/.htaccess pcfg_openfile: unable to check htaccess file, ensure it is readable and that '/var/www/vhosts/saratogahistory.com/httpdocs/phpBB/' is executable, referer: http://www.saratogahistory.com/phpBB/profile.php?mode=register&agreed=true
[Tue Oct 20 13:54:52.059765 2020] [proxy_fcgi:error] [pid 3951:tid 139803708319488] [client 177.12.191.30:46362] AH01071: Got error 'Primary script unknown\n', referer: http://www.saratogahistory.com/index.php
[Tue Oct 20 13:55:02.837683 2020] [proxy_fcgi:error] [pid 16376:tid 139803920152320] [client 177.12.191.30:47000] AH01071: Got error 'Primary script unknown\n', referer: http://www.saratogahistory.com/index.php
[Tue Oct 20 13:55:54.368785 2020] [core:crit] [pid 16376:tid 139803909662464] (13)Permission denied: [client 165.227.151.226:47932] AH00529: /var/www/vhosts/saratogahistory.com/httpdocs/phpBB/.htaccess pcfg_openfile: unable to check htaccess file, ensure it is readable and that '/var/www/vhosts/saratogahistory.com/httpdocs/phpBB/' is executable, referer: http://www.saratogahistory.com/phpBB/profile.php?mode=register&agreed=true
[Tue Oct 20 13:55:55.348358 2020] [proxy_fcgi:error] [pid 3951:tid 139803666360064] [client 165.227.151.226:47952] AH01071: Got error 'Primary script unknown\n', referer: http://www.saratogahistory.com/index.php
[Tue Oct 20 13:55:55.635186 2020] [proxy_fcgi:error] [pid 16376:tid 139803708319488] [client 165.227.151.226:47960] AH01071: Got error 'Primary script unknown\n', referer: http://www.saratogahistory.com/index.php
[Tue Oct 20 14:36:25.873795 2020] [core:crit] [pid 16376:tid 139803666360064] (13)Permission denied: [client 185.25.35.14:50560] AH00529: /var/www/vhosts/saratogahistory.com/httpdocs/phpBB/.htaccess pcfg_openfile: unable to check htaccess file, ensure it is readable and that '/var/www/vhosts/saratogahistory.com/httpdocs/phpBB/' is executable
[Tue Oct 20 14:38:58.944023 2020] [core:crit] [pid 16376:tid 139803739789056] (13)Permission denied: [client 178.172.147.77:53628] AH00529: /var/www/vhosts/saratogahistory.com/httpdocs/phpBB/.htaccess pcfg_openfile: unable to check htaccess file, ensure it is readable and that '/var/www/vhosts/saratogahistory.com/httpdocs/phpBB/' is executable, referer: http://www.saratogahistory.com/phpBB/index.php
[Tue Oct 20 14:42:18.196544 2020] [core:crit] [pid 16376:tid 139803750278912] (13)Permission denied: [client 46.149.86.51:59190] AH00529: /var/www/vhosts/saratogahistory.com/httpdocs/phpBB/.htaccess pcfg_openfile: unable to check htaccess file, ensure it is readable and that '/var/www/vhosts/saratogahistory.com/httpdocs/phpBB/' is executable, referer: http://www.saratogahistory.com/phpBB/profile.php?mode=register&agreed=true
[Tue Oct 20 14:42:21.737470 2020] [proxy_fcgi:error] [pid 3950:tid 139803729299200] [client 46.149.86.51:59226] AH01071: Got error 'Primary script unknown\n', referer: http://www.saratogahistory.com/index.php
[Tue Oct 20 14:42:30.248132 2020] [proxy_fcgi:error] [pid 16376:tid 139803920152320] [client 46.149.86.51:59308] AH01071: Got error 'Primary script unknown\n', referer: http://www.saratogahistory.com/index.php
[Tue Oct 20 14:49:10.551576 2020] [core:crit] [pid 3951:tid 139803687339776] (13)Permission denied: [client 186.46.138.194:40176] AH00529: /var/www/vhosts/saratogahistory.com/httpdocs/phpBB/.htaccess pcfg_openfile: unable to check htaccess file, ensure it is readable and that '/var/www/vhosts/saratogahistory.com/httpdocs/phpBB/' is executable, referer: http://www.saratogahistory.com/phpBB/profile.php?mode=register&agreed=true
[Tue Oct 20 14:49:43.637441 2020] [proxy_fcgi:error] [pid 3951:tid 139803697829632] [client 193.59.26.243:41072] AH01071: Got error 'Primary script unknown\n', referer: http://www.saratogahistory.com/index.php
[Tue Oct 20 14:49:44.870056 2020] [proxy_fcgi:error] [pid 3952:tid 139803771258624] [client 193.59.26.243:41098] AH01071: Got error 'Primary script unknown\n', referer: http://www.saratogahistory.com/index.php
[Tue Oct 20 14:50:59.092275 2020] [core:crit] [pid 16376:tid 139803708319488] (13)Permission denied: [client 62.141.66.110:43420] AH00529: /var/www/vhosts/saratogahistory.com/httpdocs/phpBB/.htaccess pcfg_openfile: unable to check htaccess file, ensure it is readable and that '/var/www/vhosts/saratogahistory.com/httpdocs/phpBB/' is executable, referer: http://www.saratogahistory.com/phpBB/profile.php?mode=register&agreed=true
[Tue Oct 20 14:51:01.310679 2020] [proxy_fcgi:error] [pid 16376:tid 139803624400640] [client 62.141.66.110:43480] AH01071: Got error 'Primary script unknown\n', referer: http://www.saratogahistory.com/index.php
[Tue Oct 20 14:51:02.918063 2020] [proxy_fcgi:error] [pid 16376:tid 139803792238336] [client 113.53.80.230:43526] AH01071: Got error 'Primary script unknown\n', referer: http://www.saratogahistory.com/index.php
[Tue Oct 20 15:19:43.634555 2020] [core:crit] [pid 3951:tid 139803708319488] (13)Permission denied: [client 185.25.35.14:60956] AH00529: /var/www/vhosts/saratogahistory.com/httpdocs/phpBB/.htaccess pcfg_openfile: unable to check htaccess file, ensure it is readable and that '/var/www/vhosts/saratogahistory.com/httpdocs/phpBB/' is executable
[Tue Oct 20 15:42:35.579827 2020] [core:crit] [pid 3951:tid 139803676849920] (13)Permission denied: [client 185.25.35.11:40216] AH00529: /var/www/vhosts/saratogahistory.com/httpdocs/phpBB/.htaccess pcfg_openfile: unable to check htaccess file, ensure it is readable and that '/var/www/vhosts/saratogahistory.com/httpdocs/phpBB/' is executable
[Tue Oct 20 15:54:53.158023 2020] [core:crit] [pid 16376:tid 139803592931072] (13)Permission denied: [client 1.0.130.188:58700] AH00529: /var/www/vhosts/saratogahistory.com/httpdocs/phpBB/.htaccess pcfg_openfile: unable to check htaccess file, ensure it is readable and that '/var/www/vhosts/saratogahistory.com/httpdocs/phpBB/' is executable, referer: http://www.saratogahistory.com/phpBB/profile.php?mode=register&agreed=true
[Tue Oct 20 15:55:19.118941 2020] [proxy_fcgi:error] [pid 16376:tid 139803899172608] [client 1.0.130.188:59906] AH01071: Got error 'Primary script unknown\n', referer: http://www.saratogahistory.com/index.php
[Tue Oct 20 15:55:20.200532 2020] [proxy_fcgi:error] [pid 16376:tid 139803613910784] [client 1.0.130.188:59952] AH01071: Got error 'Primary script unknown\n', referer: http://www.saratogahistory.com/index.php
[Tue Oct 20 16:03:03.376276 2020] [core:crit] [pid 16376:tid 139803920152320] (13)Permission denied: [client 185.218.29.222:43292] AH00529: /var/www/vhosts/saratogahistory.com/httpdocs/phpBB/.htaccess pcfg_openfile: unable to check htaccess file, ensure it is readable and that '/var/www/vhosts/saratogahistory.com/httpdocs/phpBB/' is executable, referer: http://www.saratogahistory.com/phpBB/profile.php?mode=register&agreed=true
[Tue Oct 20 16:03:12.939806 2020] [proxy_fcgi:error] [pid 16376:tid 139803687339776] [client 185.218.29.222:43554] AH01071: Got error 'Primary script unknown\n', referer: http://www.saratogahistory.com/index.php
[Tue Oct 20 16:03:15.925224 2020] [proxy_fcgi:error] [pid 16376:tid 139803729299200] [client 185.218.29.222:43652] AH01071: Got error 'Primary script unknown\n', referer: http://www.saratogahistory.com/index.php
[Tue Oct 20 16:04:07.423253 2020] [core:crit] [pid 16376:tid 139803624400640] (13)Permission denied: [client 1.2.202.22:45110] AH00529: /var/www/vhosts/saratogahistory.com/httpdocs/phpBB/.htaccess pcfg_openfile: unable to check htaccess file, ensure it is readable and that '/var/www/vhosts/saratogahistory.com/httpdocs/phpBB/' is executable, referer: http://www.saratogahistory.com/phpBB/profile.php?mode=register&agreed=true
[Tue Oct 20 16:04:11.166940 2020] [proxy_fcgi:error] [pid 3951:tid 139803697829632] [client 1.2.202.22:45234] AH01071: Got error 'Primary script unknown\n', referer: http://www.saratogahistory.com/index.php
[Tue Oct 20 16:04:12.294368 2020] [proxy_fcgi:error] [pid 3951:tid 139803613910784] [client 1.2.202.22:45280] AH01071: Got error 'Primary script unknown\n', referer: http://www.saratogahistory.com/index.php
[Tue Oct 20 16:12:20.731200 2020] [core:crit] [pid 3951:tid 139803592931072] (13)Permission denied: [client 176.120.208.48:58362] AH00529: /var/www/vhosts/saratogahistory.com/httpdocs/phpBB/.htaccess pcfg_openfile: unable to check htaccess file, ensure it is readable and that '/var/www/vhosts/saratogahistory.com/httpdocs/phpBB/' is executable, referer: http://www.saratogahistory.com/phpBB/profile.php?mode=register&agreed=true
[Tue Oct 20 16:12:23.441587 2020] [proxy_fcgi:error] [pid 16376:tid 139803666360064] [client 176.120.208.48:58456] AH01071: Got error 'Primary script unknown\n', referer: http://www.saratogahistory.com/index.php
[Tue Oct 20 16:12:24.084831 2020] [proxy_fcgi:error] [pid 3951:tid 139803802728192] [client 176.120.208.48:58482] AH01071: Got error 'Primary script unknown\n', referer: http://www.saratogahistory.com/index.php
[Tue Oct 20 16:17:54.473499 2020] [core:crit] [pid 3951:tid 139803888682752] (13)Permission denied: [client 51.91.8.106:45830] AH00529: /var/www/vhosts/saratogahistory.com/httpdocs/phpBB/.htaccess pcfg_openfile: unable to check htaccess file, ensure it is readable and that '/var/www/vhosts/saratogahistory.com/httpdocs/phpBB/' is executable, referer: http://www.saratogahistory.com/phpBB/index.php
[Tue Oct 20 16:22:22.900991 2020] [core:crit] [pid 3951:tid 139803792238336] (13)Permission denied: [client 178.159.37.139:52654] AH00529: /var/www/vhosts/saratogahistory.com/httpdocs/phpBB/.htaccess pcfg_openfile: unable to check htaccess file, ensure it is readable and that '/var/www/vhosts/saratogahistory.com/httpdocs/phpBB/' is executable, referer: http://www.saratogahistory.com/phpBB/index.php
[Tue Oct 20 16:22:23.912670 2020] [proxy_fcgi:error] [pid 16376:tid 139803760768768] [client 178.159.37.139:52668] AH01071: Got error 'Primary script unknown\n', referer: http://www.saratogahistory.com/index.php
[Tue Oct 20 16:22:24.198484 2020] [proxy_fcgi:error] [pid 16376:tid 139803920152320] [client 178.159.37.139:52674] AH01071: Got error 'Primary script unknown\n', referer: http://www.saratogahistory.com/index.php
[Tue Oct 20 16:22:24.473824 2020] [proxy_fcgi:error] [pid 3952:tid 139803920152320] [client 178.159.37.139:52680] AH01071: Got error 'Primary script unknown\n', referer: http://www.saratogahistory.com/index.php
[Tue Oct 20 16:51:45.018037 2020] [core:crit] [pid 3951:tid 139803666360064] (13)Permission denied: [client 46.175.70.69:38112] AH00529: /var/www/vhosts/saratogahistory.com/httpdocs/phpBB/.htaccess pcfg_openfile: unable to check htaccess file, ensure it is readable and that '/var/www/vhosts/saratogahistory.com/httpdocs/phpBB/' is executable, referer: http://www.saratogahistory.com/phpBB/profile.php?mode=register&agreed=true
[Tue Oct 20 16:51:47.537426 2020] [proxy_fcgi:error] [pid 16376:tid 139803750278912] [client 46.175.70.69:38158] AH01071: Got error 'Primary script unknown\n', referer: http://www.saratogahistory.com/index.php
[Tue Oct 20 16:51:48.305306 2020] [proxy_fcgi:error] [pid 16376:tid 139803760768768] [client 46.175.70.69:38168] AH01071: Got error 'Primary script unknown\n', referer: http://www.saratogahistory.com/index.php
[Tue Oct 20 17:40:15.491976 2020] [core:crit] [pid 16376:tid 139803888682752] (13)Permission denied: [client 118.175.93.200:58420] AH00529: /var/www/vhosts/saratogahistory.com/httpdocs/phpBB/.htaccess pcfg_openfile: unable to check htaccess file, ensure it is readable and that '/var/www/vhosts/saratogahistory.com/httpdocs/phpBB/' is executable, referer: http://www.saratogahistory.com/phpBB/profile.php?mode=register&agreed=true
[Tue Oct 20 17:40:19.854604 2020] [proxy_fcgi:error] [pid 16376:tid 139803708319488] [client 118.175.93.200:58582] AH01071: Got error 'Primary script unknown\n', referer: http://www.saratogahistory.com/index.php
[Tue Oct 20 17:40:26.048691 2020] [proxy_fcgi:error] [pid 3951:tid 139803920152320] [client 118.175.93.200:58780] AH01071: Got error 'Primary script unknown\n', referer: http://www.saratogahistory.com/index.php
[Tue Oct 20 17:40:26.383834 2020] [proxy_fcgi:error] [pid 16376:tid 139803624400640] [client 159.203.81.93:58792] AH01071: Got error 'Primary script unknown\n', referer: http://www.saratogahistory.com/index.php
[Tue Oct 20 18:41:05.021682 2020] [core:crit] [pid 16376:tid 139803909662464] (13)Permission denied: [client 194.135.97.126:34652] AH00529: /var/www/vhosts/saratogahistory.com/httpdocs/phpBB/.htaccess pcfg_openfile: unable to check htaccess file, ensure it is readable and that '/var/www/vhosts/saratogahistory.com/httpdocs/phpBB/' is executable, referer: http://www.saratogahistory.com/phpBB/profile.php?mode=register&agreed=true
[Tue Oct 20 18:41:09.601600 2020] [proxy_fcgi:error] [pid 3952:tid 139803909662464] [client 194.135.97.126:34742] AH01071: Got error 'Primary script unknown\n', referer: http://www.saratogahistory.com/index.php
[Tue Oct 20 18:41:20.293325 2020] [proxy_fcgi:error] [pid 16376:tid 139803718809344] [client 194.135.97.126:34906] AH01071: Got error 'Primary script unknown\n', referer: http://www.saratogahistory.com/index.php
[Tue Oct 20 18:43:04.787162 2020] [core:crit] [pid 16376:tid 139803708319488] (13)Permission denied: [client 190.133.195.22:37242] AH00529: /var/www/vhosts/saratogahistory.com/httpdocs/phpBB/.htaccess pcfg_openfile: unable to check htaccess file, ensure it is readable and that '/var/www/vhosts/saratogahistory.com/httpdocs/phpBB/' is executable, referer: http://www.saratogahistory.com/phpBB/profile.php?mode=register&agreed=true
[Tue Oct 20 18:43:08.388184 2020] [proxy_fcgi:error] [pid 3951:tid 139803592931072] [client 190.133.195.22:37316] AH01071: Got error 'Primary script unknown\n', referer: http://www.saratogahistory.com/index.php
[Tue Oct 20 18:43:09.493367 2020] [proxy_fcgi:error] [pid 16376:tid 139803624400640] [client 190.133.195.22:37330] AH01071: Got error 'Primary script unknown\n', referer: http://www.saratogahistory.com/index.php
[Tue Oct 20 19:02:19.758227 2020] [core:crit] [pid 3951:tid 139803697829632] (13)Permission denied: [client 51.15.82.176:35620] AH00529: /var/www/vhosts/saratogahistory.com/httpdocs/phpBB/.htaccess pcfg_openfile: unable to check htaccess file, ensure it is readable and that '/var/www/vhosts/saratogahistory.com/httpdocs/phpBB/' is executable, referer: http://www.saratogahistory.com/phpBB/index.php
[Tue Oct 20 19:06:16.318739 2020] [core:crit] [pid 16376:tid 139803729299200] (13)Permission denied: [client 66.249.66.215:41586] AH00529: /var/www/vhosts/saratogahistory.com/httpdocs/phpBB/.htaccess pcfg_openfile: unable to check htaccess file, ensure it is readable and that '/var/www/vhosts/saratogahistory.com/httpdocs/phpBB/' is executable
[Tue Oct 20 19:35:13.979462 2020] [core:crit] [pid 16376:tid 139803624400640] (13)Permission denied: [client 178.93.21.217:57064] AH00529: /var/www/vhosts/saratogahistory.com/httpdocs/phpBB/.htaccess pcfg_openfile: unable to check htaccess file, ensure it is readable and that '/var/www/vhosts/saratogahistory.com/httpdocs/phpBB/' is executable, referer: http://www.saratogahistory.com/phpBB/profile.php?mode=register&agreed=true
[Tue Oct 20 19:35:23.028977 2020] [proxy_fcgi:error] [pid 16376:tid 139803645380352] [client 178.93.21.217:57302] AH01071: Got error 'Primary script unknown\n', referer: http://www.saratogahistory.com/index.php
[Tue Oct 20 19:35:24.023778 2020] [proxy_fcgi:error] [pid 3951:tid 139803771258624] [client 178.93.21.217:57342] AH01071: Got error 'Primary script unknown\n', referer: http://www.saratogahistory.com/index.php
[Tue Oct 20 19:40:36.438790 2020] [core:crit] [pid 3952:tid 139803792238336] (13)Permission denied: [client 185.220.102.7:36636] AH00529: /var/www/vhosts/saratogahistory.com/httpdocs/phpBB/.htaccess pcfg_openfile: unable to check htaccess file, ensure it is readable and that '/var/www/vhosts/saratogahistory.com/httpdocs/phpBB/' is executable, referer: http://www.saratogahistory.com/phpBB/index.php
[Tue Oct 20 20:07:04.371408 2020] [core:crit] [pid 3950:tid 139803888682752] (13)Permission denied: [client 143.244.54.103:43928] AH00529: /var/www/vhosts/saratogahistory.com/httpdocs/phpBB/.htaccess pcfg_openfile: unable to check htaccess file, ensure it is readable and that '/var/www/vhosts/saratogahistory.com/httpdocs/phpBB/' is executable, referer: http://www.saratogahistory.com/phpBB/index.php
[Tue Oct 20 20:07:05.699612 2020] [proxy_fcgi:error] [pid 16376:tid 139803792238336] [client 143.244.54.103:43950] AH01071: Got error 'Primary script unknown\n', referer: http://www.saratogahistory.com/index.php
[Tue Oct 20 20:07:06.052440 2020] [proxy_fcgi:error] [pid 16376:tid 139803592931072] [client 143.244.54.103:43960] AH01071: Got error 'Primary script unknown\n', referer: http://www.saratogahistory.com/index.php
[Tue Oct 20 20:07:06.410868 2020] [proxy_fcgi:error] [pid 16376:tid 139803645380352] [client 143.244.54.103:43964] AH01071: Got error 'Primary script unknown\n', referer: http://www.saratogahistory.com/index.php
[Tue Oct 20 20:12:56.922224 2020] [core:crit] [pid 16376:tid 139803687339776] (13)Permission denied: [client 177.91.181.46:51880] AH00529: /var/www/vhosts/saratogahistory.com/httpdocs/phpBB/.htaccess pcfg_openfile: unable to check htaccess file, ensure it is readable and that '/var/www/vhosts/saratogahistory.com/httpdocs/phpBB/' is executable, referer: http://www.saratogahistory.com/phpBB/profile.php?mode=register&agreed=true
[Tue Oct 20 20:26:08.035936 2020] [core:crit] [pid 3951:tid 139803739789056] (13)Permission denied: [client 185.25.35.9:41054] AH00529: /var/www/vhosts/saratogahistory.com/httpdocs/phpBB/.htaccess pcfg_openfile: unable to check htaccess file, ensure it is readable and that '/var/www/vhosts/saratogahistory.com/httpdocs/phpBB/' is executable
[Tue Oct 20 21:25:17.819704 2020] [core:crit] [pid 3951:tid 139803739789056] (13)Permission denied: [client 185.25.35.10:34020] AH00529: /var/www/vhosts/saratogahistory.com/httpdocs/phpBB/.htaccess pcfg_openfile: unable to check htaccess file, ensure it is readable and that '/var/www/vhosts/saratogahistory.com/httpdocs/phpBB/' is executable
[Tue Oct 20 22:06:42.618466 2020] [core:crit] [pid 16376:tid 139803655870208] (13)Permission denied: [client 185.25.35.15:57372] AH00529: /var/www/vhosts/saratogahistory.com/httpdocs/phpBB/.htaccess pcfg_openfile: unable to check htaccess file, ensure it is readable and that '/var/www/vhosts/saratogahistory.com/httpdocs/phpBB/' is executable
[Tue Oct 20 22:10:14.563389 2020] [core:crit] [pid 3951:tid 139803708319488] (13)Permission denied: [client 51.195.91.144:33654] AH00529: /var/www/vhosts/saratogahistory.com/httpdocs/phpBB/.htaccess pcfg_openfile: unable to check htaccess file, ensure it is readable and that '/var/www/vhosts/saratogahistory.com/httpdocs/phpBB/' is executable, referer: http://www.saratogahistory.com/phpBB/index.php
[Tue Oct 20 22:14:35.742716 2020] [core:crit] [pid 16376:tid 139803760768768] (13)Permission denied: [client 181.129.62.2:39080] AH00529: /var/www/vhosts/saratogahistory.com/httpdocs/phpBB/.htaccess pcfg_openfile: unable to check htaccess file, ensure it is readable and that '/var/www/vhosts/saratogahistory.com/httpdocs/phpBB/' is executable, referer: http://www.saratogahistory.com/phpBB/profile.php?mode=register&agreed=true
[Tue Oct 20 22:14:53.474066 2020] [proxy_fcgi:error] [pid 16376:tid 139803718809344] [client 181.129.62.2:39476] AH01071: Got error 'Primary script unknown\n', referer: http://www.saratogahistory.com/index.php
[Tue Oct 20 22:15:02.306670 2020] [proxy_fcgi:error] [pid 16376:tid 139803708319488] [client 181.129.62.2:39766] AH01071: Got error 'Primary script unknown\n', referer: http://www.saratogahistory.com/index.php
[Tue Oct 20 22:27:08.197886 2020] [core:crit] [pid 16376:tid 139803697829632] (13)Permission denied: [client 185.25.35.9:34070] AH00529: /var/www/vhosts/saratogahistory.com/httpdocs/phpBB/.htaccess pcfg_openfile: unable to check htaccess file, ensure it is readable and that '/var/www/vhosts/saratogahistory.com/httpdocs/phpBB/' is executable
[Tue Oct 20 22:42:15.358593 2020] [core:crit] [pid 3951:tid 139803888682752] (13)Permission denied: [client 77.83.175.161:54608] AH00529: /var/www/vhosts/saratogahistory.com/httpdocs/phpBB/.htaccess pcfg_openfile: unable to check htaccess file, ensure it is readable and that '/var/www/vhosts/saratogahistory.com/httpdocs/phpBB/' is executable, referer: http://www.saratogahistory.com/phpBB/index.php
[Tue Oct 20 22:46:17.827105 2020] [core:crit] [pid 16376:tid 139803697829632] (13)Permission denied: [client 193.122.107.3:32780] AH00529: /var/www/vhosts/saratogahistory.com/httpdocs/phpBB/.htaccess pcfg_openfile: unable to check htaccess file, ensure it is readable and that '/var/www/vhosts/saratogahistory.com/httpdocs/phpBB/' is executable, referer: http://www.saratogahistory.com/phpBB/profile.php?mode=register&agreed=true
[Tue Oct 20 22:46:23.034719 2020] [proxy_fcgi:error] [pid 16376:tid 139803899172608] [client 193.122.107.3:32964] AH01071: Got error 'Primary script unknown\n', referer: http://www.saratogahistory.com/index.php
[Tue Oct 20 22:46:28.345312 2020] [proxy_fcgi:error] [pid 16376:tid 139803613910784] [client 193.122.107.3:33122] AH01071: Got error 'Primary script unknown\n', referer: http://www.saratogahistory.com/index.php
[Tue Oct 20 23:01:37.794725 2020] [core:crit] [pid 16376:tid 139803634890496] (13)Permission denied: [client 91.219.236.31:52330] AH00529: /var/www/vhosts/saratogahistory.com/httpdocs/phpBB/.htaccess pcfg_openfile: unable to check htaccess file, ensure it is readable and that '/var/www/vhosts/saratogahistory.com/httpdocs/phpBB/' is executable, referer: http://www.saratogahistory.com/phpBB/index.php
[Tue Oct 20 23:06:33.855951 2020] [core:crit] [pid 16376:tid 139803687339776] (13)Permission denied: [client 36.90.224.148:57856] AH00529: /var/www/vhosts/saratogahistory.com/httpdocs/phpBB/.htaccess pcfg_openfile: unable to check htaccess file, ensure it is readable and that '/var/www/vhosts/saratogahistory.com/httpdocs/phpBB/' is executable, referer: http://www.saratogahistory.com/phpBB/profile.php?mode=register&agreed=true
[Tue Oct 20 23:06:43.976732 2020] [proxy_fcgi:error] [pid 3951:tid 139803909662464] [client 36.90.224.148:58322] AH01071: Got error 'Primary script unknown\n', referer: http://www.saratogahistory.com/index.php
[Tue Oct 20 23:06:45.110574 2020] [proxy_fcgi:error] [pid 3952:tid 139803750278912] [client 36.90.224.148:58358] AH01071: Got error 'Primary script unknown\n', referer: http://www.saratogahistory.com/index.php
[Tue Oct 20 23:13:51.538072 2020] [core:crit] [pid 16376:tid 139803781748480] (13)Permission denied: [client 80.82.147.210:39360] AH00529: /var/www/vhosts/saratogahistory.com/httpdocs/phpBB/.htaccess pcfg_openfile: unable to check htaccess file, ensure it is readable and that '/var/www/vhosts/saratogahistory.com/httpdocs/phpBB/' is executable, referer: http://www.saratogahistory.com/phpBB/profile.php?mode=register&agreed=true
[Tue Oct 20 23:13:56.637630 2020] [proxy_fcgi:error] [pid 16376:tid 139803613910784] [client 80.82.147.210:39466] AH01071: Got error 'Primary script unknown\n', referer: http://www.saratogahistory.com/index.php
[Tue Oct 20 23:13:57.091390 2020] [proxy_fcgi:error] [pid 16376:tid 139803771258624] [client 80.82.147.210:39476] AH01071: Got error 'Primary script unknown\n', referer: http://www.saratogahistory.com/index.php
[Tue Oct 20 23:35:11.206285 2020] [core:crit] [pid 16376:tid 139803760768768] (13)Permission denied: [client 103.88.221.194:43344] AH00529: /var/www/vhosts/saratogahistory.com/httpdocs/phpBB/.htaccess pcfg_openfile: unable to check htaccess file, ensure it is readable and that '/var/www/vhosts/saratogahistory.com/httpdocs/phpBB/' is executable, referer: http://www.saratogahistory.com/phpBB/profile.php?mode=register&agreed=true
[Tue Oct 20 23:35:14.202761 2020] [proxy_fcgi:error] [pid 16376:tid 139803718809344] [client 103.88.221.194:43412] AH01071: Got error 'Primary script unknown\n', referer: http://www.saratogahistory.com/index.php
[Tue Oct 20 23:35:15.058174 2020] [proxy_fcgi:error] [pid 3951:tid 139803792238336] [client 103.88.221.194:43438] AH01071: Got error 'Primary script unknown\n', referer: http://www.saratogahistory.com/index.php
[Wed Oct 21 00:04:19.887579 2020] [core:crit] [pid 3952:tid 139803666360064] (13)Permission denied: [client 37.57.3.244:54290] AH00529: /var/www/vhosts/saratogahistory.com/httpdocs/phpBB/.htaccess pcfg_openfile: unable to check htaccess file, ensure it is readable and that '/var/www/vhosts/saratogahistory.com/httpdocs/phpBB/' is executable, referer: http://www.saratogahistory.com/phpBB/profile.php?mode=register&agreed=true
[Wed Oct 21 00:04:28.923546 2020] [proxy_fcgi:error] [pid 3951:tid 139803802728192] [client 37.57.3.244:54414] AH01071: Got error 'Primary script unknown\n', referer: http://www.saratogahistory.com/index.php
[Wed Oct 21 00:04:37.523382 2020] [proxy_fcgi:error] [pid 16376:tid 139803666360064] [client 37.57.3.244:54572] AH01071: Got error 'Primary script unknown\n', referer: http://www.saratogahistory.com/index.php
[Wed Oct 21 00:48:25.864775 2020] [proxy_fcgi:error] [pid 3952:tid 139803645380352] [client 195.154.230.207:38668] AH01071: Got error 'Primary script unknown\n', referer: http://saratogahistory.com/wp-login.php
[Wed Oct 21 01:01:22.696683 2020] [core:crit] [pid 16376:tid 139803676849920] (13)Permission denied: [client 82.103.116.126:56410] AH00529: /var/www/vhosts/saratogahistory.com/httpdocs/phpBB/.htaccess pcfg_openfile: unable to check htaccess file, ensure it is readable and that '/var/www/vhosts/saratogahistory.com/httpdocs/phpBB/' is executable, referer: http://www.saratogahistory.com/phpBB/profile.php?mode=register&agreed=true
[Wed Oct 21 01:01:24.753116 2020] [proxy_fcgi:error] [pid 16376:tid 139803792238336] [client 82.103.116.126:56472] AH01071: Got error 'Primary script unknown\n', referer: http://www.saratogahistory.com/index.php
[Wed Oct 21 01:01:25.794655 2020] [proxy_fcgi:error] [pid 3952:tid 139803760768768] [client 82.103.116.126:56486] AH01071: Got error 'Primary script unknown\n', referer: http://www.saratogahistory.com/index.php
[Wed Oct 21 01:20:11.432486 2020] [core:crit] [pid 3951:tid 139803760768768] (13)Permission denied: [client 93.84.158.75:58106] AH00529: /var/www/vhosts/saratogahistory.com/httpdocs/phpBB/.htaccess pcfg_openfile: unable to check htaccess file, ensure it is readable and that '/var/www/vhosts/saratogahistory.com/httpdocs/phpBB/' is executable, referer: http://www.saratogahistory.com/phpBB/index.php
[Wed Oct 21 01:20:12.545728 2020] [proxy_fcgi:error] [pid 16376:tid 139803687339776] [client 93.84.158.75:58208] AH01071: Got error 'Primary script unknown\n', referer: http://www.saratogahistory.com/index.php
[Wed Oct 21 01:20:12.863282 2020] [proxy_fcgi:error] [pid 16376:tid 139803920152320] [client 93.84.158.75:58236] AH01071: Got error 'Primary script unknown\n', referer: http://www.saratogahistory.com/index.php
[Wed Oct 21 01:20:13.171203 2020] [proxy_fcgi:error] [pid 16376:tid 139803760768768] [client 93.84.158.75:58268] AH01071: Got error 'Primary script unknown\n', referer: http://www.saratogahistory.com/index.php
[Wed Oct 21 02:44:53.919218 2020] [core:crit] [pid 16376:tid 139803708319488] (13)Permission denied: [client 62.102.148.68:45126] AH00529: /var/www/vhosts/saratogahistory.com/httpdocs/phpBB/.htaccess pcfg_openfile: unable to check htaccess file, ensure it is readable and that '/var/www/vhosts/saratogahistory.com/httpdocs/phpBB/' is executable, referer: http://www.saratogahistory.com/phpBB/index.php
[Wed Oct 21 02:54:54.872693 2020] [core:crit] [pid 16376:tid 139803802728192] (13)Permission denied: [client 185.25.35.11:57748] AH00529: /var/www/vhosts/saratogahistory.com/httpdocs/phpBB/.htaccess pcfg_openfile: unable to check htaccess file, ensure it is readable and that '/var/www/vhosts/saratogahistory.com/httpdocs/phpBB/' is executable
[Wed Oct 21 03:13:53.323888 2020] [proxy_fcgi:error] [pid 3951:tid 139803888682752] [client 119.45.215.195:57358] AH01071: Got error 'Primary script unknown\n'
[Wed Oct 21 03:53:09.703766 2020] [core:crit] [pid 16376:tid 139803899172608] (13)Permission denied: [client 185.25.35.15:56446] AH00529: /var/www/vhosts/saratogahistory.com/httpdocs/phpBB/.htaccess pcfg_openfile: unable to check htaccess file, ensure it is readable and that '/var/www/vhosts/saratogahistory.com/httpdocs/phpBB/' is executable
[Wed Oct 21 03:54:50.671545 2020] [core:crit] [pid 16376:tid 139803613910784] (13)Permission denied: [client 198.251.83.73:58918] AH00529: /var/www/vhosts/saratogahistory.com/httpdocs/phpBB/.htaccess pcfg_openfile: unable to check htaccess file, ensure it is readable and that '/var/www/vhosts/saratogahistory.com/httpdocs/phpBB/' is executable, referer: http://www.saratogahistory.com/phpBB/index.php
[Wed Oct 21 04:32:28.381887 2020] [core:crit] [pid 16376:tid 139803603420928] (13)Permission denied: [client 185.25.35.15:36880] AH00529: /var/www/vhosts/saratogahistory.com/httpdocs/phpBB/.htaccess pcfg_openfile: unable to check htaccess file, ensure it is readable and that '/var/www/vhosts/saratogahistory.com/httpdocs/phpBB/' is executable
[Wed Oct 21 04:54:18.174489 2020] [core:crit] [pid 16376:tid 139803708319488] (13)Permission denied: [client 185.25.35.13:39372] AH00529: /var/www/vhosts/saratogahistory.com/httpdocs/phpBB/.htaccess pcfg_openfile: unable to check htaccess file, ensure it is readable and that '/var/www/vhosts/saratogahistory.com/httpdocs/phpBB/' is executable
[Wed Oct 21 05:04:39.322185 2020] [core:crit] [pid 16376:tid 139803899172608] (13)Permission denied: [client 84.42.224.146:54638] AH00529: /var/www/vhosts/saratogahistory.com/httpdocs/phpBB/.htaccess pcfg_openfile: unable to check htaccess file, ensure it is readable and that '/var/www/vhosts/saratogahistory.com/httpdocs/phpBB/' is executable, referer: http://www.saratogahistory.com/phpBB/profile.php?mode=register&agreed=true
[Wed Oct 21 05:04:40.665358 2020] [proxy_fcgi:error] [pid 16376:tid 139803771258624] [client 84.42.224.146:54686] AH01071: Got error 'Primary script unknown\n', referer: http://www.saratogahistory.com/index.php
[Wed Oct 21 05:04:41.054101 2020] [proxy_fcgi:error] [pid 16376:tid 139803666360064] [client 84.42.224.146:54700] AH01071: Got error 'Primary script unknown\n', referer: http://www.saratogahistory.com/index.php
[Wed Oct 21 05:36:40.519797 2020] [core:crit] [pid 16376:tid 139803592931072] (13)Permission denied: [client 45.55.236.139:52218] AH00529: /var/www/vhosts/saratogahistory.com/httpdocs/phpBB/.htaccess pcfg_openfile: unable to check htaccess file, ensure it is readable and that '/var/www/vhosts/saratogahistory.com/httpdocs/phpBB/' is executable, referer: http://www.saratogahistory.com/phpBB/profile.php?mode=register&agreed=true
[Wed Oct 21 05:36:41.832380 2020] [proxy_fcgi:error] [pid 3951:tid 139803666360064] [client 45.55.236.139:52230] AH01071: Got error 'Primary script unknown\n', referer: http://www.saratogahistory.com/index.php
[Wed Oct 21 05:36:42.251680 2020] [proxy_fcgi:error] [pid 3951:tid 139803718809344] [client 45.55.236.139:52234] AH01071: Got error 'Primary script unknown\n', referer: http://www.saratogahistory.com/index.php
[Wed Oct 21 05:43:11.255990 2020] [core:crit] [pid 16376:tid 139803771258624] (13)Permission denied: [client 185.220.100.255:34174] AH00529: /var/www/vhosts/saratogahistory.com/httpdocs/phpBB/.htaccess pcfg_openfile: unable to check htaccess file, ensure it is readable and that '/var/www/vhosts/saratogahistory.com/httpdocs/phpBB/' is executable, referer: http://www.saratogahistory.com/phpBB/index.php
[Wed Oct 21 05:58:07.024160 2020] [core:crit] [pid 16376:tid 139803888682752] (13)Permission denied: [client 110.77.170.38:54812] AH00529: /var/www/vhosts/saratogahistory.com/httpdocs/phpBB/.htaccess pcfg_openfile: unable to check htaccess file, ensure it is readable and that '/var/www/vhosts/saratogahistory.com/httpdocs/phpBB/' is executable, referer: http://www.saratogahistory.com/phpBB/profile.php?mode=register&agreed=true
[Wed Oct 21 05:58:10.573699 2020] [proxy_fcgi:error] [pid 3951:tid 139803739789056] [client 110.77.170.38:54932] AH01071: Got error 'Primary script unknown\n', referer: http://www.saratogahistory.com/index.php
[Wed Oct 21 05:58:11.665076 2020] [proxy_fcgi:error] [pid 16376:tid 139803634890496] [client 110.77.170.38:54958] AH01071: Got error 'Primary script unknown\n', referer: http://www.saratogahistory.com/index.php
[Wed Oct 21 05:58:44.810670 2020] [core:crit] [pid 3952:tid 139803760768768] (13)Permission denied: [client 192.111.131.6:55504] AH00529: /var/www/vhosts/saratogahistory.com/httpdocs/phpBB/.htaccess pcfg_openfile: unable to check htaccess file, ensure it is readable and that '/var/www/vhosts/saratogahistory.com/httpdocs/phpBB/' is executable, referer: http://www.saratogahistory.com/phpBB/profile.php?mode=register&agreed=true
[Wed Oct 21 05:59:13.528281 2020] [proxy_fcgi:error] [pid 16376:tid 139803666360064] [client 177.106.172.160:55950] AH01071: Got error 'Primary script unknown\n', referer: http://www.saratogahistory.com/index.php
[Wed Oct 21 05:59:14.507105 2020] [proxy_fcgi:error] [pid 16376:tid 139803888682752] [client 177.106.172.160:55972] AH01071: Got error 'Primary script unknown\n', referer: http://www.saratogahistory.com/index.php
[Wed Oct 21 06:06:32.679339 2020] [core:crit] [pid 16376:tid 139803802728192] (13)Permission denied: [client 193.218.118.90:39028] AH00529: /var/www/vhosts/saratogahistory.com/httpdocs/phpBB/.htaccess pcfg_openfile: unable to check htaccess file, ensure it is readable and that '/var/www/vhosts/saratogahistory.com/httpdocs/phpBB/' is executable, referer: http://www.saratogahistory.com/phpBB/index.php
[Wed Oct 21 06:09:23.726603 2020] [core:crit] [pid 3951:tid 139803676849920] (13)Permission denied: [client 185.142.239.49:43646] AH00529: /var/www/vhosts/saratogahistory.com/httpdocs/phpBB/.htaccess pcfg_openfile: unable to check htaccess file, ensure it is readable and that '/var/www/vhosts/saratogahistory.com/httpdocs/phpBB/' is executable, referer: http://www.saratogahistory.com/phpBB/index.php
[Wed Oct 21 06:19:58.317983 2020] [core:crit] [pid 3951:tid 139803645380352] (13)Permission denied: [client 36.89.182.85:33872] AH00529: /var/www/vhosts/saratogahistory.com/httpdocs/phpBB/.htaccess pcfg_openfile: unable to check htaccess file, ensure it is readable and that '/var/www/vhosts/saratogahistory.com/httpdocs/phpBB/' is executable, referer: http://www.saratogahistory.com/phpBB/profile.php?mode=register&agreed=true
[Wed Oct 21 06:20:05.018482 2020] [proxy_fcgi:error] [pid 3951:tid 139803888682752] [client 36.89.182.85:34264] AH01071: Got error 'Primary script unknown\n', referer: http://www.saratogahistory.com/index.php
[Wed Oct 21 06:20:09.448353 2020] [proxy_fcgi:error] [pid 3951:tid 139803792238336] [client 36.89.182.85:34466] AH01071: Got error 'Primary script unknown\n', referer: http://www.saratogahistory.com/index.php
[Wed Oct 21 06:30:07.903221 2020] [core:crit] [pid 16376:tid 139803888682752] (13)Permission denied: [client 196.244.192.56:49474] AH00529: /var/www/vhosts/saratogahistory.com/httpdocs/phpBB/.htaccess pcfg_openfile: unable to check htaccess file, ensure it is readable and that '/var/www/vhosts/saratogahistory.com/httpdocs/phpBB/' is executable, referer: http://www.saratogahistory.com/phpBB/index.php
[Wed Oct 21 08:11:36.466833 2020] [core:crit] [pid 3951:tid 139803899172608] (13)Permission denied: [client 201.220.140.6:52952] AH00529: /var/www/vhosts/saratogahistory.com/httpdocs/phpBB/.htaccess pcfg_openfile: unable to check htaccess file, ensure it is readable and that '/var/www/vhosts/saratogahistory.com/httpdocs/phpBB/' is executable, referer: http://www.saratogahistory.com/phpBB/profile.php?mode=register&agreed=true
[Wed Oct 21 08:11:39.557612 2020] [proxy_fcgi:error] [pid 16376:tid 139803729299200] [client 201.220.140.6:53000] AH01071: Got error 'Primary script unknown\n', referer: http://www.saratogahistory.com/index.php
[Wed Oct 21 08:11:57.089744 2020] [proxy_fcgi:error] [pid 16376:tid 139803718809344] [client 46.99.175.225:53328] AH01071: Got error 'Primary script unknown\n', referer: http://www.saratogahistory.com/index.php
[Wed Oct 21 08:42:48.339992 2020] [core:crit] [pid 16376:tid 139803771258624] (13)Permission denied: [client 46.146.214.244:51662] AH00529: /var/www/vhosts/saratogahistory.com/httpdocs/phpBB/.htaccess pcfg_openfile: unable to check htaccess file, ensure it is readable and that '/var/www/vhosts/saratogahistory.com/httpdocs/phpBB/' is executable, referer: http://www.saratogahistory.com/phpBB/profile.php?mode=register&agreed=true
[Wed Oct 21 08:42:59.527175 2020] [proxy_fcgi:error] [pid 3951:tid 139803666360064] [client 46.146.214.244:51792] AH01071: Got error 'Primary script unknown\n', referer: http://www.saratogahistory.com/index.php
[Wed Oct 21 08:43:00.064362 2020] [proxy_fcgi:error] [pid 16376:tid 139803666360064] [client 46.146.214.244:51814] AH01071: Got error 'Primary script unknown\n', referer: http://www.saratogahistory.com/index.php
[Wed Oct 21 08:49:12.625001 2020] [core:crit] [pid 16376:tid 139803771258624] (13)Permission denied: [client 202.159.35.86:34054] AH00529: /var/www/vhosts/saratogahistory.com/httpdocs/phpBB/.htaccess pcfg_openfile: unable to check htaccess file, ensure it is readable and that '/var/www/vhosts/saratogahistory.com/httpdocs/phpBB/' is executable, referer: http://www.saratogahistory.com/phpBB/profile.php?mode=register&agreed=true
[Wed Oct 21 08:49:27.140928 2020] [proxy_fcgi:error] [pid 16376:tid 139803888682752] [client 181.211.8.34:34438] AH01071: Got error 'Primary script unknown\n', referer: http://www.saratogahistory.com/index.php
[Wed Oct 21 08:49:27.951659 2020] [proxy_fcgi:error] [pid 16376:tid 139803802728192] [client 181.211.8.34:34460] AH01071: Got error 'Primary script unknown\n', referer: http://www.saratogahistory.com/index.php
[Wed Oct 21 09:01:46.768283 2020] [core:crit] [pid 16376:tid 139803603420928] (13)Permission denied: [client 109.160.97.49:52664] AH00529: /var/www/vhosts/saratogahistory.com/httpdocs/phpBB/.htaccess pcfg_openfile: unable to check htaccess file, ensure it is readable and that '/var/www/vhosts/saratogahistory.com/httpdocs/phpBB/' is executable, referer: http://www.saratogahistory.com/phpBB/profile.php?mode=register&agreed=true
[Wed Oct 21 09:01:49.744857 2020] [proxy_fcgi:error] [pid 16376:tid 139803687339776] [client 109.160.97.49:52736] AH01071: Got error 'Primary script unknown\n', referer: http://www.saratogahistory.com/index.php
[Wed Oct 21 09:01:50.285651 2020] [proxy_fcgi:error] [pid 16376:tid 139803920152320] [client 109.160.97.49:52754] AH01071: Got error 'Primary script unknown\n', referer: http://www.saratogahistory.com/index.php
[Wed Oct 21 09:11:35.649148 2020] [core:crit] [pid 16376:tid 139803760768768] (13)Permission denied: [client 192.42.116.23:41358] AH00529: /var/www/vhosts/saratogahistory.com/httpdocs/phpBB/.htaccess pcfg_openfile: unable to check htaccess file, ensure it is readable and that '/var/www/vhosts/saratogahistory.com/httpdocs/phpBB/' is executable, referer: http://www.saratogahistory.com/phpBB/index.php
[Wed Oct 21 09:21:20.430579 2020] [core:crit] [pid 3951:tid 139803729299200] (13)Permission denied: [client 185.25.35.9:56668] AH00529: /var/www/vhosts/saratogahistory.com/httpdocs/phpBB/.htaccess pcfg_openfile: unable to check htaccess file, ensure it is readable and that '/var/www/vhosts/saratogahistory.com/httpdocs/phpBB/' is executable
[Wed Oct 21 09:33:30.276904 2020] [core:crit] [pid 16376:tid 139803781748480] (13)Permission denied: [client 91.230.138.11:49620] AH00529: /var/www/vhosts/saratogahistory.com/httpdocs/phpBB/.htaccess pcfg_openfile: unable to check htaccess file, ensure it is readable and that '/var/www/vhosts/saratogahistory.com/httpdocs/phpBB/' is executable, referer: http://www.saratogahistory.com/phpBB/profile.php?mode=register&agreed=true
[Wed Oct 21 09:33:38.328306 2020] [proxy_fcgi:error] [pid 16376:tid 139803888682752] [client 91.230.138.11:49758] AH01071: Got error 'Primary script unknown\n', referer: http://www.saratogahistory.com/index.php
[Wed Oct 21 09:33:39.366154 2020] [proxy_fcgi:error] [pid 3951:tid 139803634890496] [client 91.230.138.11:49856] AH01071: Got error 'Primary script unknown\n', referer: http://www.saratogahistory.com/index.php
[Wed Oct 21 09:34:47.034207 2020] [core:crit] [pid 16376:tid 139803634890496] (13)Permission denied: [client 51.83.131.234:51594] AH00529: /var/www/vhosts/saratogahistory.com/httpdocs/phpBB/.htaccess pcfg_openfile: unable to check htaccess file, ensure it is readable and that '/var/www/vhosts/saratogahistory.com/httpdocs/phpBB/' is executable, referer: http://www.saratogahistory.com/phpBB/index.php
[Wed Oct 21 09:48:32.060624 2020] [core:crit] [pid 3951:tid 139803645380352] (13)Permission denied: [client 85.117.63.98:47218] AH00529: /var/www/vhosts/saratogahistory.com/httpdocs/phpBB/.htaccess pcfg_openfile: unable to check htaccess file, ensure it is readable and that '/var/www/vhosts/saratogahistory.com/httpdocs/phpBB/' is executable, referer: http://www.saratogahistory.com/phpBB/profile.php?mode=register&agreed=true
[Wed Oct 21 09:48:38.241968 2020] [proxy_fcgi:error] [pid 16376:tid 139803676849920] [client 1.4.251.195:47346] AH01071: Got error 'Primary script unknown\n', referer: http://www.saratogahistory.com/index.php
[Wed Oct 21 09:48:39.325235 2020] [proxy_fcgi:error] [pid 16376:tid 139803624400640] [client 1.4.251.195:47358] AH01071: Got error 'Primary script unknown\n', referer: http://www.saratogahistory.com/index.php
[Wed Oct 21 09:55:26.498893 2020] [core:crit] [pid 16376:tid 139803899172608] (13)Permission denied: [client 45.139.48.27:56734] AH00529: /var/www/vhosts/saratogahistory.com/httpdocs/phpBB/.htaccess pcfg_openfile: unable to check htaccess file, ensure it is readable and that '/var/www/vhosts/saratogahistory.com/httpdocs/phpBB/' is executable, referer: https://boost24.biz
[Wed Oct 21 10:07:55.658441 2020] [core:crit] [pid 3952:tid 139803624400640] (13)Permission denied: [client 181.129.51.147:50792] AH00529: /var/www/vhosts/saratogahistory.com/httpdocs/phpBB/.htaccess pcfg_openfile: unable to check htaccess file, ensure it is readable and that '/var/www/vhosts/saratogahistory.com/httpdocs/phpBB/' is executable, referer: http://www.saratogahistory.com/phpBB/profile.php?mode=register&agreed=true
[Wed Oct 21 10:08:03.881659 2020] [proxy_fcgi:error] [pid 16376:tid 139803750278912] [client 181.129.51.147:51070] AH01071: Got error 'Primary script unknown\n', referer: http://www.saratogahistory.com/index.php
[Wed Oct 21 10:08:07.562043 2020] [proxy_fcgi:error] [pid 16376:tid 139803603420928] [client 181.129.51.147:51188] AH01071: Got error 'Primary script unknown\n', referer: http://www.saratogahistory.com/index.php
[Wed Oct 21 10:09:37.846819 2020] [core:crit] [pid 3951:tid 139803750278912] (13)Permission denied: [client 23.106.58.180:54646] AH00529: /var/www/vhosts/saratogahistory.com/httpdocs/phpBB/.htaccess pcfg_openfile: unable to check htaccess file, ensure it is readable and that '/var/www/vhosts/saratogahistory.com/httpdocs/phpBB/' is executable, referer: http://www.saratogahistory.com/phpBB/index.php
[Wed Oct 21 10:14:12.011025 2020] [core:crit] [pid 16376:tid 139803708319488] (13)Permission denied: [client 78.106.209.103:33774] AH00529: /var/www/vhosts/saratogahistory.com/httpdocs/phpBB/.htaccess pcfg_openfile: unable to check htaccess file, ensure it is readable and that '/var/www/vhosts/saratogahistory.com/httpdocs/phpBB/' is executable, referer: http://www.saratogahistory.com/phpBB/profile.php?mode=register&agreed=true
[Wed Oct 21 10:14:15.135756 2020] [proxy_fcgi:error] [pid 3952:tid 139803634890496] [client 78.106.209.103:33852] AH01071: Got error 'Primary script unknown\n', referer: http://www.saratogahistory.com/index.php
[Wed Oct 21 10:14:16.667996 2020] [proxy_fcgi:error] [pid 16376:tid 139803676849920] [client 78.106.209.103:33898] AH01071: Got error 'Primary script unknown\n', referer: http://www.saratogahistory.com/index.php
[Wed Oct 21 10:25:01.686237 2020] [core:crit] [pid 3950:tid 139803666360064] (13)Permission denied: [client 185.25.35.14:52222] AH00529: /var/www/vhosts/saratogahistory.com/httpdocs/phpBB/.htaccess pcfg_openfile: unable to check htaccess file, ensure it is readable and that '/var/www/vhosts/saratogahistory.com/httpdocs/phpBB/' is executable
[Wed Oct 21 11:01:27.793237 2020] [core:crit] [pid 16376:tid 139803697829632] (13)Permission denied: [client 202.142.153.181:39782] AH00529: /var/www/vhosts/saratogahistory.com/httpdocs/phpBB/.htaccess pcfg_openfile: unable to check htaccess file, ensure it is readable and that '/var/www/vhosts/saratogahistory.com/httpdocs/phpBB/' is executable, referer: http://www.saratogahistory.com/phpBB/profile.php?mode=register&agreed=true
[Wed Oct 21 11:01:37.273130 2020] [proxy_fcgi:error] [pid 3951:tid 139803613910784] [client 202.142.153.181:39900] AH01071: Got error 'Primary script unknown\n', referer: http://www.saratogahistory.com/index.php
[Wed Oct 21 11:01:43.394290 2020] [proxy_fcgi:error] [pid 3951:tid 139803592931072] [client 202.142.153.181:39960] AH01071: Got error 'Primary script unknown\n', referer: http://www.saratogahistory.com/index.php
[Wed Oct 21 11:06:19.155570 2020] [core:crit] [pid 16376:tid 139803781748480] (13)Permission denied: [client 185.25.35.10:46784] AH00529: /var/www/vhosts/saratogahistory.com/httpdocs/phpBB/.htaccess pcfg_openfile: unable to check htaccess file, ensure it is readable and that '/var/www/vhosts/saratogahistory.com/httpdocs/phpBB/' is executable
[Wed Oct 21 11:28:13.667356 2020] [core:crit] [pid 16376:tid 139803739789056] (13)Permission denied: [client 185.25.35.10:50202] AH00529: /var/www/vhosts/saratogahistory.com/httpdocs/phpBB/.htaccess pcfg_openfile: unable to check htaccess file, ensure it is readable and that '/var/www/vhosts/saratogahistory.com/httpdocs/phpBB/' is executable
[Wed Oct 21 12:40:59.476339 2020] [core:crit] [pid 16376:tid 139803603420928] (13)Permission denied: [client 109.162.248.188:35822] AH00529: /var/www/vhosts/saratogahistory.com/httpdocs/phpBB/.htaccess pcfg_openfile: unable to check htaccess file, ensure it is readable and that '/var/www/vhosts/saratogahistory.com/httpdocs/phpBB/' is executable, referer: http://www.saratogahistory.com/phpBB/profile.php?mode=register&agreed=true
[Wed Oct 21 12:41:07.281458 2020] [proxy_fcgi:error] [pid 16376:tid 139803920152320] [client 200.146.46.194:35972] AH01071: Got error 'Primary script unknown\n', referer: http://www.saratogahistory.com/index.php
[Wed Oct 21 12:41:08.579942 2020] [proxy_fcgi:error] [pid 3952:tid 139803750278912] [client 200.146.46.194:35998] AH01071: Got error 'Primary script unknown\n', referer: http://www.saratogahistory.com/index.php
[Wed Oct 21 12:49:14.412851 2020] [core:crit] [pid 16376:tid 139803613910784] (13)Permission denied: [client 185.220.101.197:47450] AH00529: /var/www/vhosts/saratogahistory.com/httpdocs/phpBB/.htaccess pcfg_openfile: unable to check htaccess file, ensure it is readable and that '/var/www/vhosts/saratogahistory.com/httpdocs/phpBB/' is executable, referer: http://www.saratogahistory.com/phpBB/index.php
[Wed Oct 21 13:24:27.257160 2020] [core:crit] [pid 3951:tid 139803718809344] (13)Permission denied: [client 98.185.94.94:40782] AH00529: /var/www/vhosts/saratogahistory.com/httpdocs/phpBB/.htaccess pcfg_openfile: unable to check htaccess file, ensure it is readable and that '/var/www/vhosts/saratogahistory.com/httpdocs/phpBB/' is executable, referer: http://www.saratogahistory.com/phpBB/profile.php?mode=register&agreed=true
[Wed Oct 21 13:24:54.745620 2020] [proxy_fcgi:error] [pid 16376:tid 139803676849920] [client 98.185.94.94:41706] AH01071: Got error 'Primary script unknown\n', referer: http://www.saratogahistory.com/index.php
[Wed Oct 21 13:25:00.019746 2020] [proxy_fcgi:error] [pid 3951:tid 139803676849920] [client 98.185.94.94:41894] AH01071: Got error 'Primary script unknown\n', referer: http://www.saratogahistory.com/index.php
[Wed Oct 21 14:07:29.458675 2020] [core:crit] [pid 3951:tid 139803729299200] (13)Permission denied: [client 89.249.73.15:35806] AH00529: /var/www/vhosts/saratogahistory.com/httpdocs/phpBB/.htaccess pcfg_openfile: unable to check htaccess file, ensure it is readable and that '/var/www/vhosts/saratogahistory.com/httpdocs/phpBB/' is executable, referer: http://www.saratogahistory.com/phpBB/index.php
[Wed Oct 21 14:19:59.284179 2020] [core:crit] [pid 16376:tid 139803624400640] (13)Permission denied: [client 109.162.240.148:52914] AH00529: /var/www/vhosts/saratogahistory.com/httpdocs/phpBB/.htaccess pcfg_openfile: unable to check htaccess file, ensure it is readable and that '/var/www/vhosts/saratogahistory.com/httpdocs/phpBB/' is executable, referer: http://www.saratogahistory.com/phpBB/profile.php?mode=register&agreed=true
[Wed Oct 21 14:20:02.168015 2020] [proxy_fcgi:error] [pid 16376:tid 139803645380352] [client 109.162.240.148:53076] AH01071: Got error 'Primary script unknown\n', referer: http://www.saratogahistory.com/index.php
[Wed Oct 21 14:20:03.156385 2020] [proxy_fcgi:error] [pid 3950:tid 139803708319488] [client 109.162.240.148:53188] AH01071: Got error 'Primary script unknown\n', referer: http://www.saratogahistory.com/index.php
[Wed Oct 21 15:24:56.208772 2020] [core:crit] [pid 3951:tid 139803792238336] (13)Permission denied: [client 200.73.131.147:51010] AH00529: /var/www/vhosts/saratogahistory.com/httpdocs/phpBB/.htaccess pcfg_openfile: unable to check htaccess file, ensure it is readable and that '/var/www/vhosts/saratogahistory.com/httpdocs/phpBB/' is executable, referer: http://www.saratogahistory.com/phpBB/profile.php?mode=register&agreed=true
[Wed Oct 21 15:25:42.184631 2020] [proxy_fcgi:error] [pid 16376:tid 139803592931072] [client 175.138.134.56:52300] AH01071: Got error 'Primary script unknown\n', referer: http://www.saratogahistory.com/index.php
[Wed Oct 21 15:25:53.407031 2020] [proxy_fcgi:error] [pid 3951:tid 139803781748480] [client 175.138.134.56:52422] AH01071: Got error 'Primary script unknown\n', referer: http://www.saratogahistory.com/index.php
[Wed Oct 21 15:33:34.926681 2020] [core:crit] [pid 3950:tid 139803771258624] (13)Permission denied: [client 91.210.47.85:34048] AH00529: /var/www/vhosts/saratogahistory.com/httpdocs/phpBB/.htaccess pcfg_openfile: unable to check htaccess file, ensure it is readable and that '/var/www/vhosts/saratogahistory.com/httpdocs/phpBB/' is executable, referer: http://www.saratogahistory.com/phpBB/profile.php?mode=register&agreed=true
[Wed Oct 21 15:33:47.996986 2020] [proxy_fcgi:error] [pid 16376:tid 139803655870208] [client 91.210.47.85:34196] AH01071: Got error 'Primary script unknown\n', referer: http://www.saratogahistory.com/index.php
[Wed Oct 21 15:33:48.558721 2020] [proxy_fcgi:error] [pid 16376:tid 139803634890496] [client 91.210.47.85:34208] AH01071: Got error 'Primary script unknown\n', referer: http://www.saratogahistory.com/index.php
[Wed Oct 21 15:39:48.332249 2020] [core:crit] [pid 16376:tid 139803920152320] (13)Permission denied: [client 194.35.113.239:41890] AH00529: /var/www/vhosts/saratogahistory.com/httpdocs/phpBB/.htaccess pcfg_openfile: unable to check htaccess file, ensure it is readable and that '/var/www/vhosts/saratogahistory.com/httpdocs/phpBB/' is executable, referer: http://saratogahistory.com/phpBB/index.php
[Wed Oct 21 15:39:48.923620 2020] [core:crit] [pid 16376:tid 139803760768768] (13)Permission denied: [client 188.130.219.173:41896] AH00529: /var/www/vhosts/saratogahistory.com/httpdocs/phpBB/.htaccess pcfg_openfile: unable to check htaccess file, ensure it is readable and that '/var/www/vhosts/saratogahistory.com/httpdocs/phpBB/' is executable, referer: http://www.saratogahistory.com/
[Wed Oct 21 15:39:49.527612 2020] [core:crit] [pid 3951:tid 139803676849920] (13)Permission denied: [client 46.8.23.113:41908] AH00529: /var/www/vhosts/saratogahistory.com/httpdocs/phpBB/.htaccess pcfg_openfile: unable to check htaccess file, ensure it is readable and that '/var/www/vhosts/saratogahistory.com/httpdocs/phpBB/' is executable, referer: http://www.saratogahistory.com/
[Wed Oct 21 15:39:50.160764 2020] [core:crit] [pid 16376:tid 139803909662464] (13)Permission denied: [client 46.8.15.91:41920] AH00529: /var/www/vhosts/saratogahistory.com/httpdocs/phpBB/.htaccess pcfg_openfile: unable to check htaccess file, ensure it is readable and that '/var/www/vhosts/saratogahistory.com/httpdocs/phpBB/' is executable, referer: http://www.saratogahistory.com/
[Wed Oct 21 16:16:58.677430 2020] [core:crit] [pid 16376:tid 139803909662464] (13)Permission denied: [client 185.25.35.11:42486] AH00529: /var/www/vhosts/saratogahistory.com/httpdocs/phpBB/.htaccess pcfg_openfile: unable to check htaccess file, ensure it is readable and that '/var/www/vhosts/saratogahistory.com/httpdocs/phpBB/' is executable
[Wed Oct 21 16:17:03.580024 2020] [core:crit] [pid 16376:tid 139803708319488] (13)Permission denied: [client 104.244.72.99:42644] AH00529: /var/www/vhosts/saratogahistory.com/httpdocs/phpBB/.htaccess pcfg_openfile: unable to check htaccess file, ensure it is readable and that '/var/www/vhosts/saratogahistory.com/httpdocs/phpBB/' is executable, referer: http://www.saratogahistory.com/phpBB/index.php
[Wed Oct 21 16:29:11.039158 2020] [core:crit] [pid 3951:tid 139803645380352] (13)Permission denied: [client 178.62.4.213:58762] AH00529: /var/www/vhosts/saratogahistory.com/httpdocs/phpBB/.htaccess pcfg_openfile: unable to check htaccess file, ensure it is readable and that '/var/www/vhosts/saratogahistory.com/httpdocs/phpBB/' is executable, referer: http://www.saratogahistory.com/phpBB/index.php
[Wed Oct 21 16:36:14.782153 2020] [proxy_fcgi:error] [pid 16376:tid 139803760768768] [client 39.104.207.247:39732] AH01071: Got error 'Primary script unknown\n'
[Wed Oct 21 17:15:48.503987 2020] [core:crit] [pid 16376:tid 139803899172608] (13)Permission denied: [client 178.214.250.188:35846] AH00529: /var/www/vhosts/saratogahistory.com/httpdocs/phpBB/.htaccess pcfg_openfile: unable to check htaccess file, ensure it is readable and that '/var/www/vhosts/saratogahistory.com/httpdocs/phpBB/' is executable, referer: http://www.saratogahistory.com/phpBB/index.php
[Wed Oct 21 17:20:25.968915 2020] [core:crit] [pid 16376:tid 139803655870208] (13)Permission denied: [client 185.25.35.13:42416] AH00529: /var/www/vhosts/saratogahistory.com/httpdocs/phpBB/.htaccess pcfg_openfile: unable to check htaccess file, ensure it is readable and that '/var/www/vhosts/saratogahistory.com/httpdocs/phpBB/' is executable
[Wed Oct 21 17:25:17.325032 2020] [core:crit] [pid 3950:tid 139803792238336] (13)Permission denied: [client 54.38.123.225:48788] AH00529: /var/www/vhosts/saratogahistory.com/httpdocs/phpBB/.htaccess pcfg_openfile: unable to check htaccess file, ensure it is readable and that '/var/www/vhosts/saratogahistory.com/httpdocs/phpBB/' is executable, referer: http://www.saratogahistory.com/phpBB/index.php
[Wed Oct 21 17:52:33.531875 2020] [core:crit] [pid 3951:tid 139803729299200] (13)Permission denied: [client 109.162.242.204:51894] AH00529: /var/www/vhosts/saratogahistory.com/httpdocs/phpBB/.htaccess pcfg_openfile: unable to check htaccess file, ensure it is readable and that '/var/www/vhosts/saratogahistory.com/httpdocs/phpBB/' is executable, referer: http://www.saratogahistory.com/phpBB/profile.php?mode=register&agreed=true
[Wed Oct 21 17:52:37.940806 2020] [proxy_fcgi:error] [pid 3951:tid 139803624400640] [client 109.162.242.204:51958] AH01071: Got error 'Primary script unknown\n', referer: http://www.saratogahistory.com/index.php
[Wed Oct 21 17:52:39.282809 2020] [proxy_fcgi:error] [pid 3952:tid 139803781748480] [client 109.162.242.204:51972] AH01071: Got error 'Primary script unknown\n', referer: http://www.saratogahistory.com/index.php
[Wed Oct 21 18:00:26.520138 2020] [core:crit] [pid 3952:tid 139803729299200] (13)Permission denied: [client 185.25.35.10:33092] AH00529: /var/www/vhosts/saratogahistory.com/httpdocs/phpBB/.htaccess pcfg_openfile: unable to check htaccess file, ensure it is readable and that '/var/www/vhosts/saratogahistory.com/httpdocs/phpBB/' is executable
[Wed Oct 21 18:23:08.403484 2020] [core:crit] [pid 16376:tid 139803592931072] (13)Permission denied: [client 185.25.35.15:41014] AH00529: /var/www/vhosts/saratogahistory.com/httpdocs/phpBB/.htaccess pcfg_openfile: unable to check htaccess file, ensure it is readable and that '/var/www/vhosts/saratogahistory.com/httpdocs/phpBB/' is executable
[Wed Oct 21 18:52:35.542246 2020] [core:crit] [pid 3951:tid 139803771258624] (13)Permission denied: [client 51.68.152.226:56796] AH00529: /var/www/vhosts/saratogahistory.com/httpdocs/phpBB/.htaccess pcfg_openfile: unable to check htaccess file, ensure it is readable and that '/var/www/vhosts/saratogahistory.com/httpdocs/phpBB/' is executable, referer: http://www.saratogahistory.com/phpBB/index.php
[Wed Oct 21 19:10:43.117412 2020] [core:crit] [pid 3951:tid 139803920152320] (13)Permission denied: [client 188.165.232.202:50570] AH00529: /var/www/vhosts/saratogahistory.com/httpdocs/phpBB/.htaccess pcfg_openfile: unable to check htaccess file, ensure it is readable and that '/var/www/vhosts/saratogahistory.com/httpdocs/phpBB/' is executable, referer: http://www.saratogahistory.com/phpBB/index.php
[Wed Oct 21 19:11:03.210149 2020] [proxy_fcgi:error] [pid 16376:tid 139803634890496] [client 188.165.232.202:51088] AH01071: Got error 'Primary script unknown\n', referer: http://www.saratogahistory.com/index.php
[Wed Oct 21 19:11:05.009021 2020] [proxy_fcgi:error] [pid 3951:tid 139803666360064] [client 188.165.232.202:51144] AH01071: Got error 'Primary script unknown\n', referer: http://www.saratogahistory.com/index.php
[Wed Oct 21 19:11:05.234538 2020] [proxy_fcgi:error] [pid 3951:tid 139803718809344] [client 188.165.232.202:51148] AH01071: Got error 'Primary script unknown\n', referer: http://www.saratogahistory.com/index.php
[Wed Oct 21 19:45:22.498451 2020] [core:crit] [pid 16376:tid 139803645380352] (13)Permission denied: [client 104.244.74.169:60222] AH00529: /var/www/vhosts/saratogahistory.com/httpdocs/phpBB/.htaccess pcfg_openfile: unable to check htaccess file, ensure it is readable and that '/var/www/vhosts/saratogahistory.com/httpdocs/phpBB/' is executable, referer: http://www.saratogahistory.com/phpBB/index.php
[Wed Oct 21 20:29:08.123926 2020] [core:crit] [pid 16376:tid 139803687339776] (13)Permission denied: [client 176.226.184.88:56590] AH00529: /var/www/vhosts/saratogahistory.com/httpdocs/phpBB/.htaccess pcfg_openfile: unable to check htaccess file, ensure it is readable and that '/var/www/vhosts/saratogahistory.com/httpdocs/phpBB/' is executable, referer: http://www.saratogahistory.com/phpBB/index.php
[Wed Oct 21 20:41:26.475734 2020] [core:crit] [pid 3951:tid 139803634890496] (13)Permission denied: [client 92.124.162.19:45588] AH00529: /var/www/vhosts/saratogahistory.com/httpdocs/phpBB/.htaccess pcfg_openfile: unable to check htaccess file, ensure it is readable and that '/var/www/vhosts/saratogahistory.com/httpdocs/phpBB/' is executable, referer: http://www.saratogahistory.com/phpBB/index.php
[Wed Oct 21 20:51:32.483591 2020] [core:crit] [pid 16376:tid 139803899172608] (13)Permission denied: [client 109.184.239.84:58906] AH00529: /var/www/vhosts/saratogahistory.com/httpdocs/phpBB/.htaccess pcfg_openfile: unable to check htaccess file, ensure it is readable and that '/var/www/vhosts/saratogahistory.com/httpdocs/phpBB/' is executable, referer: http://www.saratogahistory.com/phpBB/index.php
[Wed Oct 21 22:10:26.231404 2020] [core:crit] [pid 16376:tid 139803708319488] (13)Permission denied: [client 185.220.102.243:54726] AH00529: /var/www/vhosts/saratogahistory.com/httpdocs/phpBB/.htaccess pcfg_openfile: unable to check htaccess file, ensure it is readable and that '/var/www/vhosts/saratogahistory.com/httpdocs/phpBB/' is executable, referer: http://www.saratogahistory.com/phpBB/index.php
[Wed Oct 21 22:10:43.032960 2020] [core:crit] [pid 16376:tid 139803718809344] (13)Permission denied: [client 196.244.192.56:55032] AH00529: /var/www/vhosts/saratogahistory.com/httpdocs/phpBB/.htaccess pcfg_openfile: unable to check htaccess file, ensure it is readable and that '/var/www/vhosts/saratogahistory.com/httpdocs/phpBB/' is executable, referer: http://www.saratogahistory.com/phpBB/index.php
[Wed Oct 21 22:48:40.505253 2020] [core:crit] [pid 3952:tid 139803676849920] (13)Permission denied: [client 185.25.35.8:58236] AH00529: /var/www/vhosts/saratogahistory.com/httpdocs/phpBB/.htaccess pcfg_openfile: unable to check htaccess file, ensure it is readable and that '/var/www/vhosts/saratogahistory.com/httpdocs/phpBB/' is executable
[Wed Oct 21 23:18:27.944479 2020] [core:crit] [pid 3951:tid 139803634890496] (13)Permission denied: [client 51.83.131.234:44086] AH00529: /var/www/vhosts/saratogahistory.com/httpdocs/phpBB/.htaccess pcfg_openfile: unable to check htaccess file, ensure it is readable and that '/var/www/vhosts/saratogahistory.com/httpdocs/phpBB/' is executable, referer: http://www.saratogahistory.com/phpBB/index.php
[Wed Oct 21 23:45:15.582839 2020] [core:crit] [pid 16376:tid 139803739789056] (13)Permission denied: [client 185.25.35.13:52920] AH00529: /var/www/vhosts/saratogahistory.com/httpdocs/phpBB/.htaccess pcfg_openfile: unable to check htaccess file, ensure it is readable and that '/var/www/vhosts/saratogahistory.com/httpdocs/phpBB/' is executable
[Wed Oct 21 23:49:34.766794 2020] [core:crit] [pid 16376:tid 139803729299200] (13)Permission denied: [client 185.220.102.244:58794] AH00529: /var/www/vhosts/saratogahistory.com/httpdocs/phpBB/.htaccess pcfg_openfile: unable to check htaccess file, ensure it is readable and that '/var/www/vhosts/saratogahistory.com/httpdocs/phpBB/' is executable, referer: http://www.saratogahistory.com/phpBB/index.php
[Wed Oct 21 23:50:05.381153 2020] [core:crit] [pid 16376:tid 139803676849920] (13)Permission denied: [client 180.180.171.113:59742] AH00529: /var/www/vhosts/saratogahistory.com/httpdocs/phpBB/.htaccess pcfg_openfile: unable to check htaccess file, ensure it is readable and that '/var/www/vhosts/saratogahistory.com/httpdocs/phpBB/' is executable, referer: http://www.saratogahistory.com/phpBB/profile.php?mode=register&agreed=true
[Wed Oct 21 23:50:34.253131 2020] [proxy_fcgi:error] [pid 16376:tid 139803792238336] [client 141.136.214.48:60412] AH01071: Got error 'Primary script unknown\n', referer: http://www.saratogahistory.com/index.php
[Wed Oct 21 23:50:34.615511 2020] [proxy_fcgi:error] [pid 3951:tid 139803888682752] [client 141.136.214.48:60416] AH01071: Got error 'Primary script unknown\n', referer: http://www.saratogahistory.com/index.php
[Thu Oct 22 00:05:21.686097 2020] [core:crit] [pid 3951:tid 139803613910784] (13)Permission denied: [client 195.154.60.148:54196] AH00529: /var/www/vhosts/saratogahistory.com/httpdocs/phpBB/.htaccess pcfg_openfile: unable to check htaccess file, ensure it is readable and that '/var/www/vhosts/saratogahistory.com/httpdocs/phpBB/' is executable, referer: http://www.saratogahistory.com/phpBB/index.php
[Thu Oct 22 00:05:22.492527 2020] [proxy_fcgi:error] [pid 16376:tid 139803603420928] [client 195.154.60.148:54224] AH01071: Got error 'Primary script unknown\n', referer: http://www.saratogahistory.com/index.php
[Thu Oct 22 00:05:22.700687 2020] [proxy_fcgi:error] [pid 16376:tid 139803920152320] [client 195.154.60.148:54230] AH01071: Got error 'Primary script unknown\n', referer: http://www.saratogahistory.com/index.php
[Thu Oct 22 00:05:22.897323 2020] [proxy_fcgi:error] [pid 3950:tid 139803708319488] [client 195.154.60.148:54236] AH01071: Got error 'Primary script unknown\n', referer: http://www.saratogahistory.com/index.php
[Thu Oct 22 00:14:28.252877 2020] [core:crit] [pid 16376:tid 139803697829632] (13)Permission denied: [client 110.77.180.219:39476] AH00529: /var/www/vhosts/saratogahistory.com/httpdocs/phpBB/.htaccess pcfg_openfile: unable to check htaccess file, ensure it is readable and that '/var/www/vhosts/saratogahistory.com/httpdocs/phpBB/' is executable, referer: http://www.saratogahistory.com/phpBB/profile.php?mode=register&agreed=true
[Thu Oct 22 00:14:31.901706 2020] [proxy_fcgi:error] [pid 3951:tid 139803888682752] [client 110.77.180.219:39568] AH01071: Got error 'Primary script unknown\n', referer: http://www.saratogahistory.com/index.php
[Thu Oct 22 00:14:33.668139 2020] [proxy_fcgi:error] [pid 16376:tid 139803624400640] [client 110.77.180.219:39614] AH01071: Got error 'Primary script unknown\n', referer: http://www.saratogahistory.com/index.php
[Thu Oct 22 00:18:49.014852 2020] [core:crit] [pid 3951:tid 139803909662464] (13)Permission denied: [client 113.119.198.115:48176] AH00529: /var/www/vhosts/saratogahistory.com/httpdocs/phpBB/.htaccess pcfg_openfile: unable to check htaccess file, ensure it is readable and that '/var/www/vhosts/saratogahistory.com/httpdocs/phpBB/' is executable, referer: http://www.saratogahistory.com/phpBB/profile.php?mode=register&agreed=true
[Thu Oct 22 00:20:18.930338 2020] [proxy_fcgi:error] [pid 3951:tid 139803729299200] [client 113.119.198.115:50350] AH01071: Got error 'Primary script unknown\n', referer: http://www.saratogahistory.com/index.php
[Thu Oct 22 00:20:20.073153 2020] [proxy_fcgi:error] [pid 16376:tid 139803603420928] [client 113.119.198.115:50376] AH01071: Got error 'Primary script unknown\n', referer: http://www.saratogahistory.com/index.php
[Thu Oct 22 00:25:15.725397 2020] [core:crit] [pid 16376:tid 139803760768768] (13)Permission denied: [client 185.25.35.9:58136] AH00529: /var/www/vhosts/saratogahistory.com/httpdocs/phpBB/.htaccess pcfg_openfile: unable to check htaccess file, ensure it is readable and that '/var/www/vhosts/saratogahistory.com/httpdocs/phpBB/' is executable
[Thu Oct 22 00:29:59.292437 2020] [core:crit] [pid 3951:tid 139803613910784] (13)Permission denied: [client 212.154.62.34:36728] AH00529: /var/www/vhosts/saratogahistory.com/httpdocs/phpBB/.htaccess pcfg_openfile: unable to check htaccess file, ensure it is readable and that '/var/www/vhosts/saratogahistory.com/httpdocs/phpBB/' is executable, referer: http://www.saratogahistory.com/phpBB/profile.php?mode=register&agreed=true
[Thu Oct 22 00:30:00.920050 2020] [proxy_fcgi:error] [pid 16376:tid 139803676849920] [client 212.154.62.34:36776] AH01071: Got error 'Primary script unknown\n', referer: http://www.saratogahistory.com/index.php
[Thu Oct 22 00:30:01.620726 2020] [proxy_fcgi:error] [pid 3951:tid 139803802728192] [client 212.154.62.34:36842] AH01071: Got error 'Primary script unknown\n', referer: http://www.saratogahistory.com/index.php
[Thu Oct 22 00:47:18.205810 2020] [core:crit] [pid 16376:tid 139803687339776] (13)Permission denied: [client 185.25.35.8:35520] AH00529: /var/www/vhosts/saratogahistory.com/httpdocs/phpBB/.htaccess pcfg_openfile: unable to check htaccess file, ensure it is readable and that '/var/www/vhosts/saratogahistory.com/httpdocs/phpBB/' is executable
[Thu Oct 22 01:13:51.324370 2020] [core:crit] [pid 16376:tid 139803613910784] (13)Permission denied: [client 91.203.36.102:50622] AH00529: /var/www/vhosts/saratogahistory.com/httpdocs/phpBB/.htaccess pcfg_openfile: unable to check htaccess file, ensure it is readable and that '/var/www/vhosts/saratogahistory.com/httpdocs/phpBB/' is executable, referer: http://www.saratogahistory.com/phpBB/profile.php?mode=register&agreed=true
[Thu Oct 22 01:14:02.720098 2020] [proxy_fcgi:error] [pid 3951:tid 139803718809344] [client 31.192.151.222:50870] AH01071: Got error 'Primary script unknown\n', referer: http://www.saratogahistory.com/index.php
[Thu Oct 22 01:14:03.156688 2020] [proxy_fcgi:error] [pid 16376:tid 139803888682752] [client 31.192.151.222:50886] AH01071: Got error 'Primary script unknown\n', referer: http://www.saratogahistory.com/index.php
[Thu Oct 22 01:18:56.697998 2020] [core:crit] [pid 3952:tid 139803920152320] (13)Permission denied: [client 185.220.100.252:59092] AH00529: /var/www/vhosts/saratogahistory.com/httpdocs/phpBB/.htaccess pcfg_openfile: unable to check htaccess file, ensure it is readable and that '/var/www/vhosts/saratogahistory.com/httpdocs/phpBB/' is executable, referer: http://www.saratogahistory.com/phpBB/index.php
[Thu Oct 22 01:23:37.810779 2020] [core:crit] [pid 3952:tid 139803781748480] (13)Permission denied: [client 195.246.120.157:38348] AH00529: /var/www/vhosts/saratogahistory.com/httpdocs/phpBB/.htaccess pcfg_openfile: unable to check htaccess file, ensure it is readable and that '/var/www/vhosts/saratogahistory.com/httpdocs/phpBB/' is executable, referer: http://www.saratogahistory.com/phpBB/index.php
[Thu Oct 22 01:23:37.837590 2020] [core:crit] [pid 16376:tid 139803802728192] (13)Permission denied: [client 195.246.120.157:38350] AH00529: /var/www/vhosts/saratogahistory.com/httpdocs/phpBB/.htaccess pcfg_openfile: unable to check htaccess file, ensure it is readable and that '/var/www/vhosts/saratogahistory.com/httpdocs/phpBB/' is executable, referer: http://www.saratogahistory.com/phpBB/index.php
[Thu Oct 22 01:50:31.615255 2020] [core:crit] [pid 3951:tid 139803676849920] (13)Permission denied: [client 201.28.87.42:55736] AH00529: /var/www/vhosts/saratogahistory.com/httpdocs/phpBB/.htaccess pcfg_openfile: unable to check htaccess file, ensure it is readable and that '/var/www/vhosts/saratogahistory.com/httpdocs/phpBB/' is executable, referer: http://www.saratogahistory.com/phpBB/profile.php?mode=register&agreed=true
[Thu Oct 22 01:50:59.235275 2020] [proxy_fcgi:error] [pid 16376:tid 139803909662464] [client 201.28.87.42:56382] AH01071: Got error 'Primary script unknown\n', referer: http://www.saratogahistory.com/index.php
[Thu Oct 22 01:51:00.209969 2020] [proxy_fcgi:error] [pid 3951:tid 139803708319488] [client 201.28.87.42:56422] AH01071: Got error 'Primary script unknown\n', referer: http://www.saratogahistory.com/index.php
[Thu Oct 22 02:00:53.850794 2020] [core:crit] [pid 16376:tid 139803634890496] (13)Permission denied: [client 185.220.101.207:44942] AH00529: /var/www/vhosts/saratogahistory.com/httpdocs/phpBB/.htaccess pcfg_openfile: unable to check htaccess file, ensure it is readable and that '/var/www/vhosts/saratogahistory.com/httpdocs/phpBB/' is executable, referer: http://www.saratogahistory.com/phpBB/index.php
[Thu Oct 22 02:09:12.770162 2020] [core:crit] [pid 3952:tid 139803655870208] (13)Permission denied: [client 178.214.250.188:58096] AH00529: /var/www/vhosts/saratogahistory.com/httpdocs/phpBB/.htaccess pcfg_openfile: unable to check htaccess file, ensure it is readable and that '/var/www/vhosts/saratogahistory.com/httpdocs/phpBB/' is executable, referer: http://www.saratogahistory.com/phpBB/index.php
[Thu Oct 22 02:21:36.941154 2020] [core:crit] [pid 16376:tid 139803760768768] (13)Permission denied: [client 139.59.90.148:52452] AH00529: /var/www/vhosts/saratogahistory.com/httpdocs/phpBB/.htaccess pcfg_openfile: unable to check htaccess file, ensure it is readable and that '/var/www/vhosts/saratogahistory.com/httpdocs/phpBB/' is executable, referer: http://www.saratogahistory.com/phpBB/profile.php?mode=register&agreed=true
[Thu Oct 22 02:21:41.081438 2020] [proxy_fcgi:error] [pid 3952:tid 139803634890496] [client 139.59.90.148:52536] AH01071: Got error 'Primary script unknown\n', referer: http://www.saratogahistory.com/index.php
[Thu Oct 22 02:21:42.415199 2020] [proxy_fcgi:error] [pid 16376:tid 139803729299200] [client 139.59.90.148:52590] AH01071: Got error 'Primary script unknown\n', referer: http://www.saratogahistory.com/index.php
[Thu Oct 22 02:51:27.374742 2020] [core:crit] [pid 16376:tid 139803624400640] (13)Permission denied: [client 185.220.101.9:43632] AH00529: /var/www/vhosts/saratogahistory.com/httpdocs/phpBB/.htaccess pcfg_openfile: unable to check htaccess file, ensure it is readable and that '/var/www/vhosts/saratogahistory.com/httpdocs/phpBB/' is executable, referer: http://www.saratogahistory.com/phpBB/index.php
[Thu Oct 22 03:16:09.126073 2020] [core:crit] [pid 16376:tid 139803718809344] (13)Permission denied: [client 176.226.184.88:59622] AH00529: /var/www/vhosts/saratogahistory.com/httpdocs/phpBB/.htaccess pcfg_openfile: unable to check htaccess file, ensure it is readable and that '/var/www/vhosts/saratogahistory.com/httpdocs/phpBB/' is executable, referer: http://www.saratogahistory.com/phpBB/index.php
[Thu Oct 22 04:06:23.978842 2020] [proxy_fcgi:error] [pid 16376:tid 139803634890496] [client 27.186.10.3:55506] AH01071: Got error 'Primary script unknown\n'
[Thu Oct 22 04:33:32.557357 2020] [core:crit] [pid 3951:tid 139803909662464] (13)Permission denied: [client 188.163.74.184:53828] AH00529: /var/www/vhosts/saratogahistory.com/httpdocs/phpBB/.htaccess pcfg_openfile: unable to check htaccess file, ensure it is readable and that '/var/www/vhosts/saratogahistory.com/httpdocs/phpBB/' is executable, referer: http://www.saratogahistory.com/phpBB/index.php
[Thu Oct 22 05:12:42.149003 2020] [core:crit] [pid 16376:tid 139803613910784] (13)Permission denied: [client 185.25.35.13:57220] AH00529: /var/www/vhosts/saratogahistory.com/httpdocs/phpBB/.htaccess pcfg_openfile: unable to check htaccess file, ensure it is readable and that '/var/www/vhosts/saratogahistory.com/httpdocs/phpBB/' is executable
[Thu Oct 22 06:11:37.746624 2020] [core:crit] [pid 16376:tid 139803655870208] (13)Permission denied: [client 185.25.35.14:38274] AH00529: /var/www/vhosts/saratogahistory.com/httpdocs/phpBB/.htaccess pcfg_openfile: unable to check htaccess file, ensure it is readable and that '/var/www/vhosts/saratogahistory.com/httpdocs/phpBB/' is executable
[Thu Oct 22 06:17:18.785247 2020] [core:crit] [pid 16376:tid 139803750278912] (13)Permission denied: [client 185.220.101.144:48546] AH00529: /var/www/vhosts/saratogahistory.com/httpdocs/phpBB/.htaccess pcfg_openfile: unable to check htaccess file, ensure it is readable and that '/var/www/vhosts/saratogahistory.com/httpdocs/phpBB/' is executable, referer: http://www.saratogahistory.com/phpBB/index.php
[Thu Oct 22 06:21:19.166699 2020] [core:crit] [pid 16376:tid 139803718809344] (13)Permission denied: [client 101.109.28.43:55890] AH00529: /var/www/vhosts/saratogahistory.com/httpdocs/phpBB/.htaccess pcfg_openfile: unable to check htaccess file, ensure it is readable and that '/var/www/vhosts/saratogahistory.com/httpdocs/phpBB/' is executable, referer: http://www.saratogahistory.com/phpBB/profile.php?mode=register&agreed=true
[Thu Oct 22 06:21:22.746767 2020] [proxy_fcgi:error] [pid 16376:tid 139803624400640] [client 101.109.28.43:56044] AH01071: Got error 'Primary script unknown\n', referer: http://www.saratogahistory.com/index.php
[Thu Oct 22 06:21:23.825804 2020] [proxy_fcgi:error] [pid 16376:tid 139803592931072] [client 101.109.28.43:56096] AH01071: Got error 'Primary script unknown\n', referer: http://www.saratogahistory.com/index.php
[Thu Oct 22 06:54:43.170570 2020] [core:crit] [pid 3952:tid 139803718809344] (13)Permission denied: [client 185.25.35.14:60876] AH00529: /var/www/vhosts/saratogahistory.com/httpdocs/phpBB/.htaccess pcfg_openfile: unable to check htaccess file, ensure it is readable and that '/var/www/vhosts/saratogahistory.com/httpdocs/phpBB/' is executable
[Thu Oct 22 07:05:39.283733 2020] [core:crit] [pid 16376:tid 139803739789056] (13)Permission denied: [client 58.22.95.194:50666] AH00529: /var/www/vhosts/saratogahistory.com/httpdocs/phpBB/.htaccess pcfg_openfile: unable to check htaccess file, ensure it is readable and that '/var/www/vhosts/saratogahistory.com/httpdocs/phpBB/' is executable, referer: http://www.saratogahistory.com/phpBB/profile.php?mode=register&agreed=true
[Thu Oct 22 07:09:52.888035 2020] [core:crit] [pid 3951:tid 139803655870208] (13)Permission denied: [client 109.86.190.92:57450] AH00529: /var/www/vhosts/saratogahistory.com/httpdocs/phpBB/.htaccess pcfg_openfile: unable to check htaccess file, ensure it is readable and that '/var/www/vhosts/saratogahistory.com/httpdocs/phpBB/' is executable, referer: http://www.saratogahistory.com/phpBB/profile.php?mode=register&agreed=true
[Thu Oct 22 07:10:00.651189 2020] [proxy_fcgi:error] [pid 16376:tid 139803603420928] [client 109.86.190.92:57622] AH01071: Got error 'Primary script unknown\n', referer: http://www.saratogahistory.com/index.php
[Thu Oct 22 07:10:02.761154 2020] [proxy_fcgi:error] [pid 3951:tid 139803909662464] [client 183.89.37.119:57872] AH01071: Got error 'Primary script unknown\n', referer: http://www.saratogahistory.com/index.php
[Thu Oct 22 07:14:15.073090 2020] [core:crit] [pid 16376:tid 139803760768768] (13)Permission denied: [client 185.25.35.11:36864] AH00529: /var/www/vhosts/saratogahistory.com/httpdocs/phpBB/.htaccess pcfg_openfile: unable to check htaccess file, ensure it is readable and that '/var/www/vhosts/saratogahistory.com/httpdocs/phpBB/' is executable
[Thu Oct 22 07:40:42.901383 2020] [core:crit] [pid 16376:tid 139803739789056] (13)Permission denied: [client 95.31.5.29:53268] AH00529: /var/www/vhosts/saratogahistory.com/httpdocs/phpBB/.htaccess pcfg_openfile: unable to check htaccess file, ensure it is readable and that '/var/www/vhosts/saratogahistory.com/httpdocs/phpBB/' is executable, referer: http://www.saratogahistory.com/phpBB/profile.php?mode=register&agreed=true
[Thu Oct 22 07:41:14.852262 2020] [proxy_fcgi:error] [pid 16376:tid 139803603420928] [client 1.0.211.140:53968] AH01071: Got error 'Primary script unknown\n', referer: http://www.saratogahistory.com/index.php
[Thu Oct 22 07:41:15.875622 2020] [proxy_fcgi:error] [pid 16376:tid 139803920152320] [client 1.0.211.140:53986] AH01071: Got error 'Primary script unknown\n', referer: http://www.saratogahistory.com/index.php
[Thu Oct 22 08:12:06.241610 2020] [core:crit] [pid 16376:tid 139803792238336] (13)Permission denied: [client 196.244.192.56:49542] AH00529: /var/www/vhosts/saratogahistory.com/httpdocs/phpBB/.htaccess pcfg_openfile: unable to check htaccess file, ensure it is readable and that '/var/www/vhosts/saratogahistory.com/httpdocs/phpBB/' is executable, referer: http://www.saratogahistory.com/phpBB/index.php
[Thu Oct 22 08:31:19.417743 2020] [core:crit] [pid 16376:tid 139803634890496] (13)Permission denied: [client 115.226.20.195:56758] AH00529: /var/www/vhosts/saratogahistory.com/httpdocs/phpBB/.htaccess pcfg_openfile: unable to check htaccess file, ensure it is readable and that '/var/www/vhosts/saratogahistory.com/httpdocs/phpBB/' is executable, referer: http://www.saratogahistory.com/phpBB/profile.php?mode=register&agreed=true
[Thu Oct 22 08:31:47.094715 2020] [proxy_fcgi:error] [pid 16376:tid 139803739789056] [client 115.226.20.195:57404] AH01071: Got error 'Primary script unknown\n', referer: http://www.saratogahistory.com/index.php
[Thu Oct 22 08:31:54.078396 2020] [proxy_fcgi:error] [pid 16376:tid 139803750278912] [client 115.226.20.195:57548] AH01071: Got error 'Primary script unknown\n', referer: http://www.saratogahistory.com/index.php
[Thu Oct 22 08:38:32.847025 2020] [core:crit] [pid 3950:tid 139803613910784] (13)Permission denied: [client 103.73.182.156:41046] AH00529: /var/www/vhosts/saratogahistory.com/httpdocs/phpBB/.htaccess pcfg_openfile: unable to check htaccess file, ensure it is readable and that '/var/www/vhosts/saratogahistory.com/httpdocs/phpBB/' is executable, referer: http://www.saratogahistory.com/phpBB/profile.php?mode=register&agreed=true
[Thu Oct 22 08:38:44.793993 2020] [proxy_fcgi:error] [pid 16376:tid 139803760768768] [client 103.73.182.156:41234] AH01071: Got error 'Primary script unknown\n', referer: http://www.saratogahistory.com/index.php
[Thu Oct 22 08:38:45.930820 2020] [proxy_fcgi:error] [pid 16376:tid 139803708319488] [client 103.73.182.156:41252] AH01071: Got error 'Primary script unknown\n', referer: http://www.saratogahistory.com/index.php
[Thu Oct 22 09:21:41.127505 2020] [core:crit] [pid 16376:tid 139803718809344] (13)Permission denied: [client 110.90.175.214:56036] AH00529: /var/www/vhosts/saratogahistory.com/httpdocs/phpBB/.htaccess pcfg_openfile: unable to check htaccess file, ensure it is readable and that '/var/www/vhosts/saratogahistory.com/httpdocs/phpBB/' is executable, referer: http://www.saratogahistory.com/phpBB/profile.php?mode=register&agreed=true
[Thu Oct 22 09:21:45.494600 2020] [proxy_fcgi:error] [pid 3951:tid 139803687339776] [client 110.90.175.214:56156] AH01071: Got error 'Primary script unknown\n', referer: http://www.saratogahistory.com/index.php
[Thu Oct 22 09:21:47.650301 2020] [proxy_fcgi:error] [pid 16376:tid 139803697829632] [client 110.90.175.214:56184] AH01071: Got error 'Primary script unknown\n', referer: http://www.saratogahistory.com/index.php
[Thu Oct 22 09:34:43.227314 2020] [core:crit] [pid 16376:tid 139803888682752] (13)Permission denied: [client 92.124.162.19:49650] AH00529: /var/www/vhosts/saratogahistory.com/httpdocs/phpBB/.htaccess pcfg_openfile: unable to check htaccess file, ensure it is readable and that '/var/www/vhosts/saratogahistory.com/httpdocs/phpBB/' is executable, referer: http://www.saratogahistory.com/phpBB/index.php
[Thu Oct 22 09:39:02.482717 2020] [core:crit] [pid 16376:tid 139803750278912] (13)Permission denied: [client 103.57.80.55:56462] AH00529: /var/www/vhosts/saratogahistory.com/httpdocs/phpBB/.htaccess pcfg_openfile: unable to check htaccess file, ensure it is readable and that '/var/www/vhosts/saratogahistory.com/httpdocs/phpBB/' is executable, referer: http://www.saratogahistory.com/phpBB/profile.php?mode=register&agreed=true
[Thu Oct 22 09:39:32.400799 2020] [proxy_fcgi:error] [pid 16376:tid 139803687339776] [client 192.252.211.198:57144] AH01071: Got error 'Primary script unknown\n', referer: http://www.saratogahistory.com/index.php
[Thu Oct 22 09:39:33.443782 2020] [proxy_fcgi:error] [pid 3951:tid 139803645380352] [client 192.252.211.198:57150] AH01071: Got error 'Primary script unknown\n', referer: http://www.saratogahistory.com/index.php
[Thu Oct 22 09:40:32.536045 2020] [core:crit] [pid 3951:tid 139803888682752] (13)Permission denied: [client 89.236.112.100:58562] AH00529: /var/www/vhosts/saratogahistory.com/httpdocs/phpBB/.htaccess pcfg_openfile: unable to check htaccess file, ensure it is readable and that '/var/www/vhosts/saratogahistory.com/httpdocs/phpBB/' is executable, referer: http://www.saratogahistory.com/phpBB/index.php
[Thu Oct 22 09:41:03.153164 2020] [core:crit] [pid 16376:tid 139803760768768] (13)Permission denied: [client 101.255.72.202:59270] AH00529: /var/www/vhosts/saratogahistory.com/httpdocs/phpBB/.htaccess pcfg_openfile: unable to check htaccess file, ensure it is readable and that '/var/www/vhosts/saratogahistory.com/httpdocs/phpBB/' is executable, referer: http://www.saratogahistory.com/phpBB/profile.php?mode=register&agreed=true
[Thu Oct 22 09:41:09.708531 2020] [proxy_fcgi:error] [pid 3951:tid 139803920152320] [client 101.255.72.202:59370] AH01071: Got error 'Primary script unknown\n', referer: http://www.saratogahistory.com/index.php
[Thu Oct 22 09:41:11.359774 2020] [proxy_fcgi:error] [pid 16376:tid 139803708319488] [client 101.255.72.202:59396] AH01071: Got error 'Primary script unknown\n', referer: http://www.saratogahistory.com/index.php
[Thu Oct 22 09:44:21.030765 2020] [core:crit] [pid 16376:tid 139803909662464] (13)Permission denied: [client 171.5.26.66:35486] AH00529: /var/www/vhosts/saratogahistory.com/httpdocs/phpBB/.htaccess pcfg_openfile: unable to check htaccess file, ensure it is readable and that '/var/www/vhosts/saratogahistory.com/httpdocs/phpBB/' is executable, referer: http://www.saratogahistory.com/phpBB/profile.php?mode=register&agreed=true
[Thu Oct 22 09:44:25.915079 2020] [proxy_fcgi:error] [pid 16376:tid 139803676849920] [client 171.5.26.66:35652] AH01071: Got error 'Primary script unknown\n', referer: http://www.saratogahistory.com/index.php
[Thu Oct 22 09:44:27.106306 2020] [proxy_fcgi:error] [pid 16376:tid 139803697829632] [client 171.5.26.66:35680] AH01071: Got error 'Primary script unknown\n', referer: http://www.saratogahistory.com/index.php
[Thu Oct 22 09:47:28.548366 2020] [core:crit] [pid 3951:tid 139803718809344] (13)Permission denied: [client 192.42.116.28:40086] AH00529: /var/www/vhosts/saratogahistory.com/httpdocs/phpBB/.htaccess pcfg_openfile: unable to check htaccess file, ensure it is readable and that '/var/www/vhosts/saratogahistory.com/httpdocs/phpBB/' is executable, referer: http://www.saratogahistory.com/phpBB/index.php
[Thu Oct 22 09:51:06.921893 2020] [core:crit] [pid 3951:tid 139803909662464] (13)Permission denied: [client 5.183.92.67:45638] AH00529: /var/www/vhosts/saratogahistory.com/httpdocs/phpBB/.htaccess pcfg_openfile: unable to check htaccess file, ensure it is readable and that '/var/www/vhosts/saratogahistory.com/httpdocs/phpBB/' is executable, referer: http://www.saratogahistory.com/phpBB/index.php
[Thu Oct 22 10:26:01.897406 2020] [core:crit] [pid 16376:tid 139803760768768] (13)Permission denied: [client 134.122.109.67:52070] AH00529: /var/www/vhosts/saratogahistory.com/httpdocs/phpBB/.htaccess pcfg_openfile: unable to check htaccess file, ensure it is readable and that '/var/www/vhosts/saratogahistory.com/httpdocs/phpBB/' is executable, referer: http://www.saratogahistory.com/phpBB/profile.php?mode=register&agreed=true
[Thu Oct 22 10:26:02.746811 2020] [proxy_fcgi:error] [pid 16376:tid 139803909662464] [client 134.122.109.67:52120] AH01071: Got error 'Primary script unknown\n', referer: http://www.saratogahistory.com/index.php
[Thu Oct 22 10:26:02.981243 2020] [proxy_fcgi:error] [pid 3951:tid 139803708319488] [client 134.122.109.67:52130] AH01071: Got error 'Primary script unknown\n', referer: http://www.saratogahistory.com/index.php
[Thu Oct 22 10:38:45.797870 2020] [core:crit] [pid 16376:tid 139803645380352] (13)Permission denied: [client 117.60.238.90:43756] AH00529: /var/www/vhosts/saratogahistory.com/httpdocs/phpBB/.htaccess pcfg_openfile: unable to check htaccess file, ensure it is readable and that '/var/www/vhosts/saratogahistory.com/httpdocs/phpBB/' is executable, referer: http://www.saratogahistory.com/phpBB/profile.php?mode=register&agreed=true
[Thu Oct 22 10:39:11.159881 2020] [core:crit] [pid 16376:tid 139803592931072] (13)Permission denied: [client 121.233.178.175:44576] AH00529: /var/www/vhosts/saratogahistory.com/httpdocs/phpBB/.htaccess pcfg_openfile: unable to check htaccess file, ensure it is readable and that '/var/www/vhosts/saratogahistory.com/httpdocs/phpBB/' is executable, referer: http://www.saratogahistory.com/phpBB/profile.php?mode=register&agreed=true
[Thu Oct 22 10:39:39.546696 2020] [proxy_fcgi:error] [pid 3951:tid 139803687339776] [client 121.233.178.175:45184] AH01071: Got error 'Primary script unknown\n', referer: http://www.saratogahistory.com/index.php
[Thu Oct 22 10:39:44.050478 2020] [proxy_fcgi:error] [pid 16376:tid 139803781748480] [client 121.233.178.175:45322] AH01071: Got error 'Primary script unknown\n', referer: http://www.saratogahistory.com/index.php
[Thu Oct 22 10:40:27.230751 2020] [core:crit] [pid 16376:tid 139803899172608] (13)Permission denied: [client 103.68.35.162:46772] AH00529: /var/www/vhosts/saratogahistory.com/httpdocs/phpBB/.htaccess pcfg_openfile: unable to check htaccess file, ensure it is readable and that '/var/www/vhosts/saratogahistory.com/httpdocs/phpBB/' is executable, referer: http://www.saratogahistory.com/phpBB/profile.php?mode=register&agreed=true
[Thu Oct 22 10:40:45.017829 2020] [proxy_fcgi:error] [pid 16376:tid 139803771258624] [client 103.68.35.162:47100] AH01071: Got error 'Primary script unknown\n', referer: http://www.saratogahistory.com/index.php
[Thu Oct 22 10:40:49.099947 2020] [proxy_fcgi:error] [pid 3951:tid 139803613910784] [client 103.68.35.162:47154] AH01071: Got error 'Primary script unknown\n', referer: http://www.saratogahistory.com/index.php
[Thu Oct 22 11:03:42.652261 2020] [core:crit] [pid 16376:tid 139803655870208] (13)Permission denied: [client 185.220.102.240:55378] AH00529: /var/www/vhosts/saratogahistory.com/httpdocs/phpBB/.htaccess pcfg_openfile: unable to check htaccess file, ensure it is readable and that '/var/www/vhosts/saratogahistory.com/httpdocs/phpBB/' is executable, referer: http://www.saratogahistory.com/phpBB/index.php
[Thu Oct 22 11:11:42.560568 2020] [core:crit] [pid 3951:tid 139803750278912] (13)Permission denied: [client 176.226.184.88:40752] AH00529: /var/www/vhosts/saratogahistory.com/httpdocs/phpBB/.htaccess pcfg_openfile: unable to check htaccess file, ensure it is readable and that '/var/www/vhosts/saratogahistory.com/httpdocs/phpBB/' is executable, referer: http://www.saratogahistory.com/phpBB/index.php
[Thu Oct 22 11:30:39.662284 2020] [core:crit] [pid 16376:tid 139803634890496] (13)Permission denied: [client 51.195.91.161:45352] AH00529: /var/www/vhosts/saratogahistory.com/httpdocs/phpBB/.htaccess pcfg_openfile: unable to check htaccess file, ensure it is readable and that '/var/www/vhosts/saratogahistory.com/httpdocs/phpBB/' is executable, referer: http://www.saratogahistory.com/phpBB/index.php
[Thu Oct 22 11:39:12.337801 2020] [core:crit] [pid 16376:tid 139803603420928] (13)Permission denied: [client 185.25.35.14:58606] AH00529: /var/www/vhosts/saratogahistory.com/httpdocs/phpBB/.htaccess pcfg_openfile: unable to check htaccess file, ensure it is readable and that '/var/www/vhosts/saratogahistory.com/httpdocs/phpBB/' is executable
[Thu Oct 22 11:44:57.844487 2020] [core:crit] [pid 3951:tid 139803729299200] (13)Permission denied: [client 117.254.60.146:39468] AH00529: /var/www/vhosts/saratogahistory.com/httpdocs/phpBB/.htaccess pcfg_openfile: unable to check htaccess file, ensure it is readable and that '/var/www/vhosts/saratogahistory.com/httpdocs/phpBB/' is executable, referer: http://www.saratogahistory.com/phpBB/profile.php?mode=register&agreed=true
[Thu Oct 22 11:45:04.146375 2020] [proxy_fcgi:error] [pid 3951:tid 139803634890496] [client 117.254.60.146:39898] AH01071: Got error 'Primary script unknown\n', referer: http://www.saratogahistory.com/index.php
[Thu Oct 22 11:45:05.352230 2020] [proxy_fcgi:error] [pid 16376:tid 139803697829632] [client 117.254.60.146:39936] AH01071: Got error 'Primary script unknown\n', referer: http://www.saratogahistory.com/index.php
[Thu Oct 22 11:47:50.731776 2020] [core:crit] [pid 3951:tid 139803697829632] (13)Permission denied: [client 111.230.145.171:44074] AH00529: /var/www/vhosts/saratogahistory.com/httpdocs/phpBB/.htaccess pcfg_openfile: unable to check htaccess file, ensure it is readable and that '/var/www/vhosts/saratogahistory.com/httpdocs/phpBB/' is executable, referer: http://www.saratogahistory.com/phpBB/profile.php?mode=register&agreed=true
[Thu Oct 22 11:49:07.865267 2020] [proxy_fcgi:error] [pid 3951:tid 139803613910784] [client 111.230.145.171:46800] AH01071: Got error 'Primary script unknown\n', referer: http://www.saratogahistory.com/index.php
[Thu Oct 22 11:49:09.773436 2020] [proxy_fcgi:error] [pid 16376:tid 139803592931072] [client 111.230.145.171:46844] AH01071: Got error 'Primary script unknown\n', referer: http://www.saratogahistory.com/index.php
[Thu Oct 22 12:02:00.680433 2020] [core:crit] [pid 16376:tid 139803676849920] (13)Permission denied: [client 213.59.158.2:38826] AH00529: /var/www/vhosts/saratogahistory.com/httpdocs/phpBB/.htaccess pcfg_openfile: unable to check htaccess file, ensure it is readable and that '/var/www/vhosts/saratogahistory.com/httpdocs/phpBB/' is executable, referer: http://www.saratogahistory.com/phpBB/index.php
[Thu Oct 22 12:29:23.243902 2020] [core:crit] [pid 16376:tid 139803802728192] (13)Permission denied: [client 122.4.48.111:56522] AH00529: /var/www/vhosts/saratogahistory.com/httpdocs/phpBB/.htaccess pcfg_openfile: unable to check htaccess file, ensure it is readable and that '/var/www/vhosts/saratogahistory.com/httpdocs/phpBB/' is executable, referer: http://www.saratogahistory.com/phpBB/profile.php?mode=register&agreed=true
[Thu Oct 22 12:29:32.783307 2020] [proxy_fcgi:error] [pid 3951:tid 139803760768768] [client 122.4.48.111:56794] AH01071: Got error 'Primary script unknown\n', referer: http://www.saratogahistory.com/index.php
[Thu Oct 22 12:29:34.032137 2020] [proxy_fcgi:error] [pid 16376:tid 139803750278912] [client 122.4.48.111:56814] AH01071: Got error 'Primary script unknown\n', referer: http://www.saratogahistory.com/index.php
[Thu Oct 22 12:35:41.668684 2020] [core:crit] [pid 16376:tid 139803920152320] (13)Permission denied: [client 92.52.186.123:38178] AH00529: /var/www/vhosts/saratogahistory.com/httpdocs/phpBB/.htaccess pcfg_openfile: unable to check htaccess file, ensure it is readable and that '/var/www/vhosts/saratogahistory.com/httpdocs/phpBB/' is executable, referer: http://www.saratogahistory.com/phpBB/profile.php?mode=register&agreed=true
[Thu Oct 22 12:36:57.834015 2020] [proxy_fcgi:error] [pid 16376:tid 139803708319488] [client 192.252.208.70:39832] AH01071: Got error 'Primary script unknown\n', referer: http://www.saratogahistory.com/index.php
[Thu Oct 22 12:40:19.390838 2020] [core:crit] [pid 3951:tid 139803697829632] (13)Permission denied: [client 185.25.35.10:45428] AH00529: /var/www/vhosts/saratogahistory.com/httpdocs/phpBB/.htaccess pcfg_openfile: unable to check htaccess file, ensure it is readable and that '/var/www/vhosts/saratogahistory.com/httpdocs/phpBB/' is executable
[Thu Oct 22 12:41:12.725406 2020] [core:crit] [pid 3952:tid 139803802728192] (13)Permission denied: [client 158.58.131.27:46990] AH00529: /var/www/vhosts/saratogahistory.com/httpdocs/phpBB/.htaccess pcfg_openfile: unable to check htaccess file, ensure it is readable and that '/var/www/vhosts/saratogahistory.com/httpdocs/phpBB/' is executable, referer: http://www.saratogahistory.com/phpBB/profile.php?mode=register&agreed=true
[Thu Oct 22 12:41:54.832795 2020] [proxy_fcgi:error] [pid 3951:tid 139803613910784] [client 190.152.221.82:47968] AH01071: Got error 'Primary script unknown\n', referer: http://www.saratogahistory.com/index.php
[Thu Oct 22 12:42:00.665340 2020] [proxy_fcgi:error] [pid 3951:tid 139803592931072] [client 190.152.221.82:48152] AH01071: Got error 'Primary script unknown\n', referer: http://www.saratogahistory.com/index.php
[Thu Oct 22 12:43:56.326710 2020] [core:crit] [pid 16376:tid 139803697829632] (13)Permission denied: [client 118.173.96.112:51398] AH00529: /var/www/vhosts/saratogahistory.com/httpdocs/phpBB/.htaccess pcfg_openfile: unable to check htaccess file, ensure it is readable and that '/var/www/vhosts/saratogahistory.com/httpdocs/phpBB/' is executable, referer: http://www.saratogahistory.com/phpBB/profile.php?mode=register&agreed=true
[Thu Oct 22 12:43:59.909958 2020] [proxy_fcgi:error] [pid 16376:tid 139803645380352] [client 118.173.96.112:51452] AH01071: Got error 'Primary script unknown\n', referer: http://www.saratogahistory.com/index.php
[Thu Oct 22 12:44:01.006062 2020] [proxy_fcgi:error] [pid 3951:tid 139803603420928] [client 118.173.96.112:51480] AH01071: Got error 'Primary script unknown\n', referer: http://www.saratogahistory.com/index.php
[Thu Oct 22 13:03:32.026157 2020] [core:crit] [pid 16376:tid 139803888682752] (13)Permission denied: [client 37.113.167.193:55862] AH00529: /var/www/vhosts/saratogahistory.com/httpdocs/phpBB/.htaccess pcfg_openfile: unable to check htaccess file, ensure it is readable and that '/var/www/vhosts/saratogahistory.com/httpdocs/phpBB/' is executable, referer: http://www.saratogahistory.com/phpBB/index.php
[Thu Oct 22 13:09:35.372459 2020] [core:crit] [pid 16376:tid 139803909662464] (13)Permission denied: [client 191.54.132.101:38864] AH00529: /var/www/vhosts/saratogahistory.com/httpdocs/phpBB/.htaccess pcfg_openfile: unable to check htaccess file, ensure it is readable and that '/var/www/vhosts/saratogahistory.com/httpdocs/phpBB/' is executable, referer: http://www.saratogahistory.com/phpBB/profile.php?mode=register&agreed=true
[Thu Oct 22 13:09:39.279066 2020] [proxy_fcgi:error] [pid 16376:tid 139803760768768] [client 191.54.132.101:38984] AH01071: Got error 'Primary script unknown\n', referer: http://www.saratogahistory.com/index.php
[Thu Oct 22 13:09:40.399795 2020] [proxy_fcgi:error] [pid 16376:tid 139803718809344] [client 191.54.132.101:38998] AH01071: Got error 'Primary script unknown\n', referer: http://www.saratogahistory.com/index.php
[Thu Oct 22 13:11:13.741024 2020] [core:crit] [pid 16376:tid 139803697829632] (13)Permission denied: [client 180.183.0.226:41774] AH00529: /var/www/vhosts/saratogahistory.com/httpdocs/phpBB/.htaccess pcfg_openfile: unable to check htaccess file, ensure it is readable and that '/var/www/vhosts/saratogahistory.com/httpdocs/phpBB/' is executable, referer: http://www.saratogahistory.com/phpBB/profile.php?mode=register&agreed=true
[Thu Oct 22 13:11:23.301683 2020] [proxy_fcgi:error] [pid 16376:tid 139803729299200] [client 180.183.0.226:42078] AH01071: Got error 'Primary script unknown\n', referer: http://www.saratogahistory.com/index.php
[Thu Oct 22 13:11:24.490401 2020] [proxy_fcgi:error] [pid 16376:tid 139803592931072] [client 180.183.0.226:42108] AH01071: Got error 'Primary script unknown\n', referer: http://www.saratogahistory.com/index.php
[Thu Oct 22 13:14:13.430495 2020] [core:crit] [pid 16376:tid 139803781748480] (13)Permission denied: [client 103.221.254.12:46712] AH00529: /var/www/vhosts/saratogahistory.com/httpdocs/phpBB/.htaccess pcfg_openfile: unable to check htaccess file, ensure it is readable and that '/var/www/vhosts/saratogahistory.com/httpdocs/phpBB/' is executable, referer: http://www.saratogahistory.com/phpBB/profile.php?mode=register&agreed=true
[Thu Oct 22 13:14:35.911304 2020] [proxy_fcgi:error] [pid 16376:tid 139803771258624] [client 103.221.254.12:47608] AH01071: Got error 'Primary script unknown\n', referer: http://www.saratogahistory.com/index.php
[Thu Oct 22 13:15:00.231417 2020] [proxy_fcgi:error] [pid 3951:tid 139803771258624] [client 190.214.50.158:48464] AH01071: Got error 'Primary script unknown\n', referer: http://www.saratogahistory.com/index.php
[Thu Oct 22 13:21:06.244134 2020] [core:crit] [pid 16376:tid 139803655870208] (13)Permission denied: [client 185.25.35.10:60060] AH00529: /var/www/vhosts/saratogahistory.com/httpdocs/phpBB/.htaccess pcfg_openfile: unable to check htaccess file, ensure it is readable and that '/var/www/vhosts/saratogahistory.com/httpdocs/phpBB/' is executable
[Thu Oct 22 13:43:25.249711 2020] [core:crit] [pid 16376:tid 139803909662464] (13)Permission denied: [client 200.73.130.151:42868] AH00529: /var/www/vhosts/saratogahistory.com/httpdocs/phpBB/.htaccess pcfg_openfile: unable to check htaccess file, ensure it is readable and that '/var/www/vhosts/saratogahistory.com/httpdocs/phpBB/' is executable, referer: http://www.saratogahistory.com/phpBB/profile.php?mode=register&agreed=true
[Thu Oct 22 13:45:02.831655 2020] [core:crit] [pid 3951:tid 139803899172608] (13)Permission denied: [client 185.25.35.9:48356] AH00529: /var/www/vhosts/saratogahistory.com/httpdocs/phpBB/.htaccess pcfg_openfile: unable to check htaccess file, ensure it is readable and that '/var/www/vhosts/saratogahistory.com/httpdocs/phpBB/' is executable
[Thu Oct 22 13:45:41.450099 2020] [core:crit] [pid 3952:tid 139803603420928] (13)Permission denied: [client 43.229.73.240:49188] AH00529: /var/www/vhosts/saratogahistory.com/httpdocs/phpBB/.htaccess pcfg_openfile: unable to check htaccess file, ensure it is readable and that '/var/www/vhosts/saratogahistory.com/httpdocs/phpBB/' is executable, referer: http://www.saratogahistory.com/phpBB/profile.php?mode=register&agreed=true
[Thu Oct 22 13:45:45.874604 2020] [proxy_fcgi:error] [pid 16376:tid 139803697829632] [client 43.229.73.240:49282] AH01071: Got error 'Primary script unknown\n', referer: http://www.saratogahistory.com/index.php
[Thu Oct 22 13:45:47.234848 2020] [proxy_fcgi:error] [pid 3952:tid 139803697829632] [client 43.229.73.240:49332] AH01071: Got error 'Primary script unknown\n', referer: http://www.saratogahistory.com/index.php
[Thu Oct 22 13:58:21.037958 2020] [proxy_fcgi:error] [pid 3951:tid 139803750278912] [client 93.99.138.151:42104] AH01071: Got error 'Primary script unknown\n', referer: http://saratogahistory.com/wp-login.php
[Thu Oct 22 14:10:11.424951 2020] [core:crit] [pid 16376:tid 139803781748480] (13)Permission denied: [client 23.106.58.153:36184] AH00529: /var/www/vhosts/saratogahistory.com/httpdocs/phpBB/.htaccess pcfg_openfile: unable to check htaccess file, ensure it is readable and that '/var/www/vhosts/saratogahistory.com/httpdocs/phpBB/' is executable, referer: http://www.saratogahistory.com/phpBB/index.php
[Thu Oct 22 14:19:19.593916 2020] [core:crit] [pid 3951:tid 139803909662464] (13)Permission denied: [client 185.220.101.199:52018] AH00529: /var/www/vhosts/saratogahistory.com/httpdocs/phpBB/.htaccess pcfg_openfile: unable to check htaccess file, ensure it is readable and that '/var/www/vhosts/saratogahistory.com/httpdocs/phpBB/' is executable, referer: http://www.saratogahistory.com/phpBB/index.php
[Thu Oct 22 14:36:48.867785 2020] [core:crit] [pid 16376:tid 139803645380352] (13)Permission denied: [client 184.82.141.85:53410] AH00529: /var/www/vhosts/saratogahistory.com/httpdocs/phpBB/.htaccess pcfg_openfile: unable to check htaccess file, ensure it is readable and that '/var/www/vhosts/saratogahistory.com/httpdocs/phpBB/' is executable, referer: http://www.saratogahistory.com/phpBB/profile.php?mode=register&agreed=true
[Thu Oct 22 14:36:52.649991 2020] [proxy_fcgi:error] [pid 3951:tid 139803687339776] [client 184.82.141.85:53554] AH01071: Got error 'Primary script unknown\n', referer: http://www.saratogahistory.com/index.php
[Thu Oct 22 14:36:53.954640 2020] [proxy_fcgi:error] [pid 16376:tid 139803613910784] [client 184.82.141.85:53598] AH01071: Got error 'Primary script unknown\n', referer: http://www.saratogahistory.com/index.php
[Thu Oct 22 14:41:06.728551 2020] [core:crit] [pid 3951:tid 139803802728192] (13)Permission denied: [client 192.252.211.197:60372] AH00529: /var/www/vhosts/saratogahistory.com/httpdocs/phpBB/.htaccess pcfg_openfile: unable to check htaccess file, ensure it is readable and that '/var/www/vhosts/saratogahistory.com/httpdocs/phpBB/' is executable, referer: http://www.saratogahistory.com/phpBB/profile.php?mode=register&agreed=true
[Thu Oct 22 14:41:31.643735 2020] [proxy_fcgi:error] [pid 16376:tid 139803634890496] [client 192.252.211.197:60888] AH01071: Got error 'Primary script unknown\n', referer: http://www.saratogahistory.com/index.php
[Thu Oct 22 14:41:40.229381 2020] [proxy_fcgi:error] [pid 16376:tid 139803655870208] [client 192.252.211.197:32810] AH01071: Got error 'Primary script unknown\n', referer: http://www.saratogahistory.com/index.php
[Thu Oct 22 14:54:50.555887 2020] [proxy_fcgi:error] [pid 16376:tid 139803676849920] [client 52.35.103.171:53632] AH01071: Got error 'Primary script unknown\n'
[Thu Oct 22 15:09:46.227912 2020] [core:crit] [pid 16376:tid 139803676849920] (13)Permission denied: [client 77.247.181.162:53382] AH00529: /var/www/vhosts/saratogahistory.com/httpdocs/phpBB/.htaccess pcfg_openfile: unable to check htaccess file, ensure it is readable and that '/var/www/vhosts/saratogahistory.com/httpdocs/phpBB/' is executable, referer: http://www.saratogahistory.com/phpBB/index.php
[Thu Oct 22 15:14:36.885138 2020] [proxy_fcgi:error] [pid 3951:tid 139803697829632] [client 89.248.168.232:33140] AH01071: Got error 'Primary script unknown\n'
[Thu Oct 22 17:15:36.419205 2020] [core:crit] [pid 3951:tid 139803781748480] (13)Permission denied: [client 176.226.184.88:40488] AH00529: /var/www/vhosts/saratogahistory.com/httpdocs/phpBB/.htaccess pcfg_openfile: unable to check htaccess file, ensure it is readable and that '/var/www/vhosts/saratogahistory.com/httpdocs/phpBB/' is executable, referer: http://www.saratogahistory.com/phpBB/index.php
[Thu Oct 22 17:26:52.191630 2020] [core:crit] [pid 3951:tid 139803655870208] (13)Permission denied: [client 217.197.244.241:60354] AH00529: /var/www/vhosts/saratogahistory.com/httpdocs/phpBB/.htaccess pcfg_openfile: unable to check htaccess file, ensure it is readable and that '/var/www/vhosts/saratogahistory.com/httpdocs/phpBB/' is executable, referer: http://www.saratogahistory.com/phpBB/profile.php?mode=register&agreed=true
[Thu Oct 22 17:26:53.818798 2020] [proxy_fcgi:error] [pid 3951:tid 139803624400640] [client 217.197.244.241:60416] AH01071: Got error 'Primary script unknown\n', referer: http://www.saratogahistory.com/index.php
[Thu Oct 22 17:26:54.274932 2020] [proxy_fcgi:error] [pid 3952:tid 139803613910784] [client 217.197.244.241:60430] AH01071: Got error 'Primary script unknown\n', referer: http://www.saratogahistory.com/index.php
[Thu Oct 22 17:55:03.602881 2020] [core:crit] [pid 3951:tid 139803739789056] (13)Permission denied: [client 45.10.232.69:49752] AH00529: /var/www/vhosts/saratogahistory.com/httpdocs/phpBB/.htaccess pcfg_openfile: unable to check htaccess file, ensure it is readable and that '/var/www/vhosts/saratogahistory.com/httpdocs/phpBB/' is executable, referer: http://vgoloveboli.net/kakie-tabletki-ot-golovnoj-boli-mozhno-pit-pri-grudnom-vskarmlivanii.html
[Thu Oct 22 18:07:40.255013 2020] [core:crit] [pid 16376:tid 139803592931072] (13)Permission denied: [client 185.25.35.8:41998] AH00529: /var/www/vhosts/saratogahistory.com/httpdocs/phpBB/.htaccess pcfg_openfile: unable to check htaccess file, ensure it is readable and that '/var/www/vhosts/saratogahistory.com/httpdocs/phpBB/' is executable
[Thu Oct 22 18:34:19.356969 2020] [core:crit] [pid 16376:tid 139803909662464] (13)Permission denied: [client 23.106.58.177:55772] AH00529: /var/www/vhosts/saratogahistory.com/httpdocs/phpBB/.htaccess pcfg_openfile: unable to check htaccess file, ensure it is readable and that '/var/www/vhosts/saratogahistory.com/httpdocs/phpBB/' is executable, referer: http://www.saratogahistory.com/phpBB/index.php
[Thu Oct 22 18:46:25.058752 2020] [core:crit] [pid 16376:tid 139803592931072] (13)Permission denied: [client 92.38.136.69:46598] AH00529: /var/www/vhosts/saratogahistory.com/httpdocs/phpBB/.htaccess pcfg_openfile: unable to check htaccess file, ensure it is readable and that '/var/www/vhosts/saratogahistory.com/httpdocs/phpBB/' is executable, referer: http://www.saratogahistory.com/phpBB/index.php
[Thu Oct 22 19:14:31.598108 2020] [core:crit] [pid 16376:tid 139803603420928] (13)Permission denied: [client 185.25.35.14:37804] AH00529: /var/www/vhosts/saratogahistory.com/httpdocs/phpBB/.htaccess pcfg_openfile: unable to check htaccess file, ensure it is readable and that '/var/www/vhosts/saratogahistory.com/httpdocs/phpBB/' is executable
[Thu Oct 22 19:42:33.646564 2020] [proxy_fcgi:error] [pid 16376:tid 139803781748480] [client 119.45.150.6:52110] AH01071: Got error 'Primary script unknown\n', referer: http://www.saratogahistory.com/index.php?m=formguide&c=index&a=show&formid=666&siteid=1
[Thu Oct 22 19:42:33.853230 2020] [proxy_fcgi:error] [pid 3951:tid 139803687339776] [client 119.45.150.6:52114] AH01071: Got error 'Primary script unknown\n', referer: http://www.saratogahistory.com/index.php?m=formguide&c=index&a=show&formid=666&siteid=1
[Thu Oct 22 19:42:34.059053 2020] [proxy_fcgi:error] [pid 3950:tid 139803676849920] [client 119.45.150.6:52118] AH01071: Got error 'Primary script unknown\n', referer: http://www.saratogahistory.com/index.php?m=formguide&c=index&a=show&formid=666&siteid=1
[Thu Oct 22 19:42:37.158883 2020] [proxy_fcgi:error] [pid 3951:tid 139803592931072] [client 119.45.150.6:52170] AH01071: Got error 'Primary script unknown\n', referer: http://www.saratogahistory.com/admin_login.php
[Thu Oct 22 19:42:46.616458 2020] [proxy_fcgi:error] [pid 3951:tid 139803909662464] [client 119.45.150.6:52438] AH01071: Got error 'Primary script unknown\n', referer: http://www.saratogahistory.com/xiaolei.php
[Thu Oct 22 19:42:49.704138 2020] [proxy_fcgi:error] [pid 3951:tid 139803760768768] [client 119.45.150.6:52516] AH01071: Got error 'Primary script unknown\n', referer: http://www.saratogahistory.com/weki.php
[Thu Oct 22 19:51:52.552629 2020] [core:crit] [pid 16376:tid 139803920152320] (13)Permission denied: [client 92.38.136.69:37388] AH00529: /var/www/vhosts/saratogahistory.com/httpdocs/phpBB/.htaccess pcfg_openfile: unable to check htaccess file, ensure it is readable and that '/var/www/vhosts/saratogahistory.com/httpdocs/phpBB/' is executable, referer: http://www.saratogahistory.com/phpBB/index.php
[Thu Oct 22 19:56:36.944456 2020] [core:crit] [pid 3951:tid 139803645380352] (13)Permission denied: [client 185.25.35.10:43782] AH00529: /var/www/vhosts/saratogahistory.com/httpdocs/phpBB/.htaccess pcfg_openfile: unable to check htaccess file, ensure it is readable and that '/var/www/vhosts/saratogahistory.com/httpdocs/phpBB/' is executable
[Thu Oct 22 20:19:52.667038 2020] [core:crit] [pid 3951:tid 139803603420928] (13)Permission denied: [client 185.25.35.12:49584] AH00529: /var/www/vhosts/saratogahistory.com/httpdocs/phpBB/.htaccess pcfg_openfile: unable to check htaccess file, ensure it is readable and that '/var/www/vhosts/saratogahistory.com/httpdocs/phpBB/' is executable
[Thu Oct 22 20:27:38.372948 2020] [proxy_fcgi:error] [pid 16376:tid 139803920152320] [client 62.210.91.20:34258] AH01071: Got error 'Primary script unknown\n'
[Thu Oct 22 21:31:58.855852 2020] [core:crit] [pid 16376:tid 139803920152320] (13)Permission denied: [client 45.10.232.69:45682] AH00529: /var/www/vhosts/saratogahistory.com/httpdocs/phpBB/.htaccess pcfg_openfile: unable to check htaccess file, ensure it is readable and that '/var/www/vhosts/saratogahistory.com/httpdocs/phpBB/' is executable, referer: https://collectinviolity.com/listing-category/bonistics/
[Thu Oct 22 21:55:11.086344 2020] [proxy_fcgi:error] [pid 16376:tid 139803687339776] [client 54.188.226.93:49298] AH01071: Got error 'Primary script unknown\n'
[Thu Oct 22 21:59:02.045603 2020] [core:crit] [pid 16376:tid 139803920152320] (13)Permission denied: [client 185.220.100.255:54424] AH00529: /var/www/vhosts/saratogahistory.com/httpdocs/phpBB/.htaccess pcfg_openfile: unable to check htaccess file, ensure it is readable and that '/var/www/vhosts/saratogahistory.com/httpdocs/phpBB/' is executable, referer: http://www.saratogahistory.com/phpBB/index.php
[Thu Oct 22 22:03:00.453362 2020] [core:crit] [pid 16376:tid 139803718809344] (13)Permission denied: [client 196.244.192.56:60124] AH00529: /var/www/vhosts/saratogahistory.com/httpdocs/phpBB/.htaccess pcfg_openfile: unable to check htaccess file, ensure it is readable and that '/var/www/vhosts/saratogahistory.com/httpdocs/phpBB/' is executable, referer: http://www.saratogahistory.com/phpBB/index.php
[Thu Oct 22 22:21:04.227814 2020] [core:crit] [pid 16376:tid 139803624400640] (13)Permission denied: [client 188.122.82.146:37370] AH00529: /var/www/vhosts/saratogahistory.com/httpdocs/phpBB/.htaccess pcfg_openfile: unable to check htaccess file, ensure it is readable and that '/var/www/vhosts/saratogahistory.com/httpdocs/phpBB/' is executable, referer: http://www.saratogahistory.com/phpBB/index.php
[Thu Oct 22 22:29:15.277503 2020] [core:crit] [pid 3952:tid 139803687339776] (13)Permission denied: [client 107.175.81.166:48290] AH00529: /var/www/vhosts/saratogahistory.com/httpdocs/phpBB/.htaccess pcfg_openfile: unable to check htaccess file, ensure it is readable and that '/var/www/vhosts/saratogahistory.com/httpdocs/phpBB/' is executable, referer: http://www.saratogahistory.com/
[Thu Oct 22 22:55:39.342666 2020] [core:crit] [pid 16376:tid 139803603420928] (13)Permission denied: [client 45.10.232.69:53858] AH00529: /var/www/vhosts/saratogahistory.com/httpdocs/phpBB/.htaccess pcfg_openfile: unable to check htaccess file, ensure it is readable and that '/var/www/vhosts/saratogahistory.com/httpdocs/phpBB/' is executable, referer: https://aviabiilet.com/
[Thu Oct 22 23:00:56.679870 2020] [core:crit] [pid 16376:tid 139803613910784] (13)Permission denied: [client 176.226.184.88:32886] AH00529: /var/www/vhosts/saratogahistory.com/httpdocs/phpBB/.htaccess pcfg_openfile: unable to check htaccess file, ensure it is readable and that '/var/www/vhosts/saratogahistory.com/httpdocs/phpBB/' is executable, referer: http://www.saratogahistory.com/phpBB/index.php
[Thu Oct 22 23:10:03.152798 2020] [core:crit] [pid 3951:tid 139803708319488] (13)Permission denied: [client 45.125.65.31:46914] AH00529: /var/www/vhosts/saratogahistory.com/httpdocs/phpBB/.htaccess pcfg_openfile: unable to check htaccess file, ensure it is readable and that '/var/www/vhosts/saratogahistory.com/httpdocs/phpBB/' is executable, referer: http://www.saratogahistory.com/phpBB/index.php
[Thu Oct 22 23:26:19.265348 2020] [core:crit] [pid 16376:tid 139803655870208] (13)Permission denied: [client 62.173.149.24:44300] AH00529: /var/www/vhosts/saratogahistory.com/httpdocs/phpBB/.htaccess pcfg_openfile: unable to check htaccess file, ensure it is readable and that '/var/www/vhosts/saratogahistory.com/httpdocs/phpBB/' is executable, referer: http://www.saratogahistory.com/phpBB/index.php
[Thu Oct 22 23:26:20.273839 2020] [proxy_fcgi:error] [pid 3951:tid 139803729299200] [client 62.173.149.24:44348] AH01071: Got error 'Primary script unknown\n', referer: http://www.saratogahistory.com/index.php
[Thu Oct 22 23:26:20.563005 2020] [proxy_fcgi:error] [pid 16376:tid 139803687339776] [client 62.173.149.24:44360] AH01071: Got error 'Primary script unknown\n', referer: http://www.saratogahistory.com/index.php
[Thu Oct 22 23:26:20.850797 2020] [proxy_fcgi:error] [pid 16376:tid 139803603420928] [client 62.173.149.24:44374] AH01071: Got error 'Primary script unknown\n', referer: http://www.saratogahistory.com/index.php
[Thu Oct 22 23:40:45.198738 2020] [core:crit] [pid 16376:tid 139803676849920] (13)Permission denied: [client 5.188.84.230:43196] AH00529: /var/www/vhosts/saratogahistory.com/httpdocs/phpBB/.htaccess pcfg_openfile: unable to check htaccess file, ensure it is readable and that '/var/www/vhosts/saratogahistory.com/httpdocs/phpBB/' is executable, referer: http://www.saratogahistory.com/phpBB/index.php
[Thu Oct 22 23:44:54.267099 2020] [core:crit] [pid 16376:tid 139803624400640] (13)Permission denied: [client 62.173.149.24:48960] AH00529: /var/www/vhosts/saratogahistory.com/httpdocs/phpBB/.htaccess pcfg_openfile: unable to check htaccess file, ensure it is readable and that '/var/www/vhosts/saratogahistory.com/httpdocs/phpBB/' is executable, referer: http://www.saratogahistory.com/phpBB/index.php
[Thu Oct 22 23:44:55.477527 2020] [proxy_fcgi:error] [pid 16376:tid 139803781748480] [client 62.173.149.24:48990] AH01071: Got error 'Primary script unknown\n', referer: http://www.saratogahistory.com/index.php
[Thu Oct 22 23:44:55.792583 2020] [proxy_fcgi:error] [pid 16376:tid 139803592931072] [client 62.173.149.24:49002] AH01071: Got error 'Primary script unknown\n', referer: http://www.saratogahistory.com/index.php
[Thu Oct 22 23:44:56.076111 2020] [proxy_fcgi:error] [pid 16376:tid 139803899172608] [client 62.173.149.24:49014] AH01071: Got error 'Primary script unknown\n', referer: http://www.saratogahistory.com/index.php
[Fri Oct 23 00:10:36.467449 2020] [core:crit] [pid 16376:tid 139803697829632] (13)Permission denied: [client 69.181.219.169:33182] AH00529: /var/www/vhosts/saratogahistory.com/httpdocs/phpBB/.htaccess pcfg_openfile: unable to check htaccess file, ensure it is readable and that '/var/www/vhosts/saratogahistory.com/httpdocs/phpBB/' is executable, referer: http://www.saratogahistory.com/History/called_saratoga.htm
[Fri Oct 23 00:39:37.515177 2020] [core:crit] [pid 16376:tid 139803718809344] (13)Permission denied: [client 180.175.226.225:51954] AH00529: /var/www/vhosts/saratogahistory.com/httpdocs/phpBB/.htaccess pcfg_openfile: unable to check htaccess file, ensure it is readable and that '/var/www/vhosts/saratogahistory.com/httpdocs/phpBB/' is executable, referer: http://www.saratogahistory.com/phpBB/profile.php?mode=register&agreed=true
[Fri Oct 23 00:39:43.496345 2020] [proxy_fcgi:error] [pid 3952:tid 139803802728192] [client 180.175.226.225:52138] AH01071: Got error 'Primary script unknown\n', referer: http://www.saratogahistory.com/index.php
[Fri Oct 23 00:39:44.551350 2020] [proxy_fcgi:error] [pid 16376:tid 139803708319488] [client 180.175.226.225:52158] AH01071: Got error 'Primary script unknown\n', referer: http://www.saratogahistory.com/index.php
[Fri Oct 23 00:54:48.754709 2020] [core:crit] [pid 16376:tid 139803613910784] (13)Permission denied: [client 185.25.35.11:47226] AH00529: /var/www/vhosts/saratogahistory.com/httpdocs/phpBB/.htaccess pcfg_openfile: unable to check htaccess file, ensure it is readable and that '/var/www/vhosts/saratogahistory.com/httpdocs/phpBB/' is executable
[Fri Oct 23 01:31:47.793666 2020] [core:crit] [pid 3950:tid 139803899172608] (13)Permission denied: [client 104.244.73.43:53920] AH00529: /var/www/vhosts/saratogahistory.com/httpdocs/phpBB/.htaccess pcfg_openfile: unable to check htaccess file, ensure it is readable and that '/var/www/vhosts/saratogahistory.com/httpdocs/phpBB/' is executable, referer: http://www.saratogahistory.com/phpBB/index.php
[Fri Oct 23 01:48:55.672488 2020] [core:crit] [pid 16376:tid 139803718809344] (13)Permission denied: [client 123.16.15.201:57776] AH00529: /var/www/vhosts/saratogahistory.com/httpdocs/phpBB/.htaccess pcfg_openfile: unable to check htaccess file, ensure it is readable and that '/var/www/vhosts/saratogahistory.com/httpdocs/phpBB/' is executable, referer: http://www.saratogahistory.com/phpBB/profile.php?mode=register&agreed=true
[Fri Oct 23 01:48:59.239380 2020] [proxy_fcgi:error] [pid 3952:tid 139803613910784] [client 123.16.15.201:57856] AH01071: Got error 'Primary script unknown\n', referer: http://www.saratogahistory.com/index.php
[Fri Oct 23 01:49:00.354022 2020] [proxy_fcgi:error] [pid 16376:tid 139803676849920] [client 123.16.15.201:57888] AH01071: Got error 'Primary script unknown\n', referer: http://www.saratogahistory.com/index.php
[Fri Oct 23 01:56:09.476275 2020] [core:crit] [pid 3952:tid 139803899172608] (13)Permission denied: [client 5.188.84.251:41086] AH00529: /var/www/vhosts/saratogahistory.com/httpdocs/phpBB/.htaccess pcfg_openfile: unable to check htaccess file, ensure it is readable and that '/var/www/vhosts/saratogahistory.com/httpdocs/phpBB/' is executable, referer: http://www.saratogahistory.com/phpBB/index.php
[Fri Oct 23 01:56:23.122975 2020] [core:crit] [pid 3951:tid 139803771258624] (13)Permission denied: [client 185.25.35.11:41498] AH00529: /var/www/vhosts/saratogahistory.com/httpdocs/phpBB/.htaccess pcfg_openfile: unable to check htaccess file, ensure it is readable and that '/var/www/vhosts/saratogahistory.com/httpdocs/phpBB/' is executable
[Fri Oct 23 02:10:34.132903 2020] [core:crit] [pid 16376:tid 139803802728192] (13)Permission denied: [client 185.220.102.7:35568] AH00529: /var/www/vhosts/saratogahistory.com/httpdocs/phpBB/.htaccess pcfg_openfile: unable to check htaccess file, ensure it is readable and that '/var/www/vhosts/saratogahistory.com/httpdocs/phpBB/' is executable, referer: http://www.saratogahistory.com/phpBB/index.php
[Fri Oct 23 02:27:28.153714 2020] [core:crit] [pid 16376:tid 139803760768768] (13)Permission denied: [client 104.244.72.38:34282] AH00529: /var/www/vhosts/saratogahistory.com/httpdocs/phpBB/.htaccess pcfg_openfile: unable to check htaccess file, ensure it is readable and that '/var/www/vhosts/saratogahistory.com/httpdocs/phpBB/' is executable, referer: http://www.saratogahistory.com/phpBB/index.php
[Fri Oct 23 02:31:13.105772 2020] [core:crit] [pid 16376:tid 139803781748480] (13)Permission denied: [client 185.25.35.15:39950] AH00529: /var/www/vhosts/saratogahistory.com/httpdocs/phpBB/.htaccess pcfg_openfile: unable to check htaccess file, ensure it is readable and that '/var/www/vhosts/saratogahistory.com/httpdocs/phpBB/' is executable
[Fri Oct 23 02:35:13.989816 2020] [core:crit] [pid 3951:tid 139803771258624] (13)Permission denied: [client 198.144.149.254:46064] AH00529: /var/www/vhosts/saratogahistory.com/httpdocs/phpBB/.htaccess pcfg_openfile: unable to check htaccess file, ensure it is readable and that '/var/www/vhosts/saratogahistory.com/httpdocs/phpBB/' is executable, referer: http://www.saratogahistory.com/phpBB/profile.php?mode=register&agreed=true
[Fri Oct 23 02:48:40.175760 2020] [core:crit] [pid 16376:tid 139803760768768] (13)Permission denied: [client 185.25.35.9:36856] AH00529: /var/www/vhosts/saratogahistory.com/httpdocs/phpBB/.htaccess pcfg_openfile: unable to check htaccess file, ensure it is readable and that '/var/www/vhosts/saratogahistory.com/httpdocs/phpBB/' is executable
[Fri Oct 23 02:52:44.154859 2020] [proxy_fcgi:error] [pid 16376:tid 139803888682752] [client 188.166.69.139:43442] AH01071: Got error 'Primary script unknown\n'
[Fri Oct 23 03:05:49.162425 2020] [core:crit] [pid 16376:tid 139803909662464] (13)Permission denied: [client 92.118.13.90:34948] AH00529: /var/www/vhosts/saratogahistory.com/httpdocs/phpBB/.htaccess pcfg_openfile: unable to check htaccess file, ensure it is readable and that '/var/www/vhosts/saratogahistory.com/httpdocs/phpBB/' is executable, referer: http://www.saratogahistory.com/phpBB/index.php
[Fri Oct 23 03:05:50.852891 2020] [proxy_fcgi:error] [pid 16376:tid 139803718809344] [client 92.118.13.90:35066] AH01071: Got error 'Primary script unknown\n', referer: http://www.saratogahistory.com/index.php
[Fri Oct 23 03:05:51.351154 2020] [proxy_fcgi:error] [pid 16376:tid 139803708319488] [client 92.118.13.90:35140] AH01071: Got error 'Primary script unknown\n', referer: http://www.saratogahistory.com/index.php
[Fri Oct 23 03:05:51.985652 2020] [proxy_fcgi:error] [pid 16376:tid 139803760768768] [client 92.118.13.90:35210] AH01071: Got error 'Primary script unknown\n', referer: http://www.saratogahistory.com/index.php
[Fri Oct 23 03:14:04.718774 2020] [core:crit] [pid 16376:tid 139803613910784] (13)Permission denied: [client 104.244.78.231:49296] AH00529: /var/www/vhosts/saratogahistory.com/httpdocs/phpBB/.htaccess pcfg_openfile: unable to check htaccess file, ensure it is readable and that '/var/www/vhosts/saratogahistory.com/httpdocs/phpBB/' is executable, referer: http://www.saratogahistory.com/phpBB/index.php
[Fri Oct 23 03:57:54.743696 2020] [core:crit] [pid 16376:tid 139803718809344] (13)Permission denied: [client 176.226.184.88:35322] AH00529: /var/www/vhosts/saratogahistory.com/httpdocs/phpBB/.htaccess pcfg_openfile: unable to check htaccess file, ensure it is readable and that '/var/www/vhosts/saratogahistory.com/httpdocs/phpBB/' is executable, referer: http://www.saratogahistory.com/phpBB/index.php
[Fri Oct 23 04:05:22.832705 2020] [core:crit] [pid 16376:tid 139803687339776] (13)Permission denied: [client 176.67.86.140:48122] AH00529: /var/www/vhosts/saratogahistory.com/httpdocs/phpBB/.htaccess pcfg_openfile: unable to check htaccess file, ensure it is readable and that '/var/www/vhosts/saratogahistory.com/httpdocs/phpBB/' is executable, referer: http://www.saratogahistory.com/phpBB/index.php
[Fri Oct 23 04:14:11.315534 2020] [core:crit] [pid 16376:tid 139803613910784] (13)Permission denied: [client 1.0.147.35:33788] AH00529: /var/www/vhosts/saratogahistory.com/httpdocs/phpBB/.htaccess pcfg_openfile: unable to check htaccess file, ensure it is readable and that '/var/www/vhosts/saratogahistory.com/httpdocs/phpBB/' is executable, referer: http://www.saratogahistory.com/phpBB/profile.php?mode=register&agreed=true
[Fri Oct 23 04:14:24.349816 2020] [proxy_fcgi:error] [pid 3951:tid 139803624400640] [client 1.0.147.35:34156] AH01071: Got error 'Primary script unknown\n', referer: http://www.saratogahistory.com/index.php
[Fri Oct 23 04:14:32.055133 2020] [proxy_fcgi:error] [pid 16376:tid 139803888682752] [client 84.51.91.232:34312] AH01071: Got error 'Primary script unknown\n', referer: http://www.saratogahistory.com/index.php
[Fri Oct 23 04:39:11.555344 2020] [core:crit] [pid 3951:tid 139803624400640] (13)Permission denied: [client 178.214.250.188:49050] AH00529: /var/www/vhosts/saratogahistory.com/httpdocs/phpBB/.htaccess pcfg_openfile: unable to check htaccess file, ensure it is readable and that '/var/www/vhosts/saratogahistory.com/httpdocs/phpBB/' is executable, referer: http://www.saratogahistory.com/phpBB/index.php
[Fri Oct 23 04:50:55.369986 2020] [core:crit] [pid 16376:tid 139803718809344] (13)Permission denied: [client 104.238.59.125:37450] AH00529: /var/www/vhosts/saratogahistory.com/httpdocs/phpBB/.htaccess pcfg_openfile: unable to check htaccess file, ensure it is readable and that '/var/www/vhosts/saratogahistory.com/httpdocs/phpBB/' is executable, referer: http://www.saratogahistory.com/phpBB/index.php
[Fri Oct 23 04:55:36.261094 2020] [core:crit] [pid 3952:tid 139803645380352] (13)Permission denied: [client 198.251.83.73:45194] AH00529: /var/www/vhosts/saratogahistory.com/httpdocs/phpBB/.htaccess pcfg_openfile: unable to check htaccess file, ensure it is readable and that '/var/www/vhosts/saratogahistory.com/httpdocs/phpBB/' is executable, referer: http://www.saratogahistory.com/phpBB/index.php
[Fri Oct 23 05:51:25.408954 2020] [core:crit] [pid 16376:tid 139803645380352] (13)Permission denied: [client 78.29.72.195:50814] AH00529: /var/www/vhosts/saratogahistory.com/httpdocs/phpBB/.htaccess pcfg_openfile: unable to check htaccess file, ensure it is readable and that '/var/www/vhosts/saratogahistory.com/httpdocs/phpBB/' is executable, referer: http://www.saratogahistory.com/phpBB/index.php
[Fri Oct 23 05:51:26.855139 2020] [proxy_fcgi:error] [pid 3951:tid 139803792238336] [client 78.29.72.195:50870] AH01071: Got error 'Primary script unknown\n', referer: http://www.saratogahistory.com/index.php
[Fri Oct 23 05:51:27.183705 2020] [proxy_fcgi:error] [pid 16376:tid 139803899172608] [client 78.29.72.195:50886] AH01071: Got error 'Primary script unknown\n', referer: http://www.saratogahistory.com/index.php
[Fri Oct 23 05:51:27.514675 2020] [proxy_fcgi:error] [pid 16376:tid 139803592931072] [client 78.29.72.195:50906] AH01071: Got error 'Primary script unknown\n', referer: http://www.saratogahistory.com/index.php
[Fri Oct 23 05:52:18.937138 2020] [core:crit] [pid 16376:tid 139803666360064] (13)Permission denied: [client 113.22.61.239:52068] AH00529: /var/www/vhosts/saratogahistory.com/httpdocs/phpBB/.htaccess pcfg_openfile: unable to check htaccess file, ensure it is readable and that '/var/www/vhosts/saratogahistory.com/httpdocs/phpBB/' is executable, referer: http://www.saratogahistory.com/phpBB
[Fri Oct 23 05:52:19.344551 2020] [core:crit] [pid 16376:tid 139803613910784] (13)Permission denied: [client 113.22.61.239:52078] AH00529: /var/www/vhosts/saratogahistory.com/httpdocs/phpBB/.htaccess pcfg_openfile: unable to check htaccess file, ensure it is readable and that '/var/www/vhosts/saratogahistory.com/httpdocs/phpBB/' is executable, referer: http://www.saratogahistory.com/phpBB
[Fri Oct 23 07:12:18.471026 2020] [core:crit] [pid 3952:tid 139803634890496] (13)Permission denied: [client 185.25.35.14:47888] AH00529: /var/www/vhosts/saratogahistory.com/httpdocs/phpBB/.htaccess pcfg_openfile: unable to check htaccess file, ensure it is readable and that '/var/www/vhosts/saratogahistory.com/httpdocs/phpBB/' is executable
[Fri Oct 23 07:33:06.533374 2020] [core:crit] [pid 3951:tid 139803909662464] (13)Permission denied: [client 5.202.47.200:55588] AH00529: /var/www/vhosts/saratogahistory.com/httpdocs/phpBB/.htaccess pcfg_openfile: unable to check htaccess file, ensure it is readable and that '/var/www/vhosts/saratogahistory.com/httpdocs/phpBB/' is executable, referer: http://www.saratogahistory.com/phpBB/profile.php?mode=register&agreed=true
[Fri Oct 23 07:33:20.283178 2020] [proxy_fcgi:error] [pid 16376:tid 139803592931072] [client 5.202.47.200:56050] AH01071: Got error 'Primary script unknown\n', referer: http://www.saratogahistory.com/index.php
[Fri Oct 23 07:33:25.618824 2020] [proxy_fcgi:error] [pid 16376:tid 139803666360064] [client 5.202.47.200:56184] AH01071: Got error 'Primary script unknown\n', referer: http://www.saratogahistory.com/index.php
[Fri Oct 23 08:13:05.038425 2020] [core:crit] [pid 3952:tid 139803676849920] (13)Permission denied: [client 185.220.100.253:34726] AH00529: /var/www/vhosts/saratogahistory.com/httpdocs/phpBB/.htaccess pcfg_openfile: unable to check htaccess file, ensure it is readable and that '/var/www/vhosts/saratogahistory.com/httpdocs/phpBB/' is executable, referer: http://www.saratogahistory.com/phpBB/index.php
[Fri Oct 23 08:14:33.306886 2020] [core:crit] [pid 16376:tid 139803697829632] (13)Permission denied: [client 185.25.35.11:37292] AH00529: /var/www/vhosts/saratogahistory.com/httpdocs/phpBB/.htaccess pcfg_openfile: unable to check htaccess file, ensure it is readable and that '/var/www/vhosts/saratogahistory.com/httpdocs/phpBB/' is executable
[Fri Oct 23 08:24:12.683812 2020] [core:crit] [pid 16376:tid 139803634890496] (13)Permission denied: [client 51.195.149.193:53762] AH00529: /var/www/vhosts/saratogahistory.com/httpdocs/phpBB/.htaccess pcfg_openfile: unable to check htaccess file, ensure it is readable and that '/var/www/vhosts/saratogahistory.com/httpdocs/phpBB/' is executable, referer: http://www.saratogahistory.com/phpBB/index.php
[Fri Oct 23 08:29:51.446465 2020] [core:crit] [pid 16376:tid 139803603420928] (13)Permission denied: [client 77.121.5.131:37200] AH00529: /var/www/vhosts/saratogahistory.com/httpdocs/phpBB/.htaccess pcfg_openfile: unable to check htaccess file, ensure it is readable and that '/var/www/vhosts/saratogahistory.com/httpdocs/phpBB/' is executable, referer: http://www.saratogahistory.com/phpBB/profile.php?mode=register&agreed=true
[Fri Oct 23 08:30:03.009451 2020] [proxy_fcgi:error] [pid 3951:tid 139803697829632] [client 77.121.5.131:37606] AH01071: Got error 'Primary script unknown\n', referer: http://www.saratogahistory.com/index.php
[Fri Oct 23 08:53:25.327543 2020] [core:crit] [pid 16376:tid 139803888682752] (13)Permission denied: [client 185.25.35.13:49332] AH00529: /var/www/vhosts/saratogahistory.com/httpdocs/phpBB/.htaccess pcfg_openfile: unable to check htaccess file, ensure it is readable and that '/var/www/vhosts/saratogahistory.com/httpdocs/phpBB/' is executable
[Fri Oct 23 08:54:40.211295 2020] [core:crit] [pid 3951:tid 139803645380352] (13)Permission denied: [client 176.226.184.88:51154] AH00529: /var/www/vhosts/saratogahistory.com/httpdocs/phpBB/.htaccess pcfg_openfile: unable to check htaccess file, ensure it is readable and that '/var/www/vhosts/saratogahistory.com/httpdocs/phpBB/' is executable, referer: http://www.saratogahistory.com/phpBB/index.php
[Fri Oct 23 09:00:36.326469 2020] [core:crit] [pid 16376:tid 139803760768768] (13)Permission denied: [client 177.22.111.229:60290] AH00529: /var/www/vhosts/saratogahistory.com/httpdocs/phpBB/.htaccess pcfg_openfile: unable to check htaccess file, ensure it is readable and that '/var/www/vhosts/saratogahistory.com/httpdocs/phpBB/' is executable, referer: http://www.saratogahistory.com/phpBB/profile.php?mode=register&agreed=true
[Fri Oct 23 09:00:42.873134 2020] [proxy_fcgi:error] [pid 16376:tid 139803676849920] [client 177.22.111.229:60410] AH01071: Got error 'Primary script unknown\n', referer: http://www.saratogahistory.com/index.php
[Fri Oct 23 09:00:54.160517 2020] [proxy_fcgi:error] [pid 16376:tid 139803697829632] [client 177.22.111.229:60760] AH01071: Got error 'Primary script unknown\n', referer: http://www.saratogahistory.com/index.php
[Fri Oct 23 09:15:51.588071 2020] [core:crit] [pid 16376:tid 139803645380352] (13)Permission denied: [client 185.25.35.10:56464] AH00529: /var/www/vhosts/saratogahistory.com/httpdocs/phpBB/.htaccess pcfg_openfile: unable to check htaccess file, ensure it is readable and that '/var/www/vhosts/saratogahistory.com/httpdocs/phpBB/' is executable
[Fri Oct 23 10:32:30.335230 2020] [core:crit] [pid 16376:tid 139803781748480] (13)Permission denied: [client 188.163.109.153:43166] AH00529: /var/www/vhosts/saratogahistory.com/httpdocs/phpBB/.htaccess pcfg_openfile: unable to check htaccess file, ensure it is readable and that '/var/www/vhosts/saratogahistory.com/httpdocs/phpBB/' is executable, referer: http://www.saratogahistory.com/phpBB/index.php
[Fri Oct 23 10:35:13.923453 2020] [core:crit] [pid 3951:tid 139803603420928] (13)Permission denied: [client 196.244.192.56:47212] AH00529: /var/www/vhosts/saratogahistory.com/httpdocs/phpBB/.htaccess pcfg_openfile: unable to check htaccess file, ensure it is readable and that '/var/www/vhosts/saratogahistory.com/httpdocs/phpBB/' is executable, referer: http://www.saratogahistory.com/phpBB/index.php
[Fri Oct 23 11:48:13.827798 2020] [core:crit] [pid 16376:tid 139803920152320] (13)Permission denied: [client 51.91.102.100:43598] AH00529: /var/www/vhosts/saratogahistory.com/httpdocs/phpBB/.htaccess pcfg_openfile: unable to check htaccess file, ensure it is readable and that '/var/www/vhosts/saratogahistory.com/httpdocs/phpBB/' is executable, referer: http://www.saratogahistory.com/phpBB/index.php
[Fri Oct 23 12:20:52.581572 2020] [core:crit] [pid 3951:tid 139803729299200] (13)Permission denied: [client 31.220.2.223:46038] AH00529: /var/www/vhosts/saratogahistory.com/httpdocs/phpBB/.htaccess pcfg_openfile: unable to check htaccess file, ensure it is readable and that '/var/www/vhosts/saratogahistory.com/httpdocs/phpBB/' is executable, referer: http://www.saratogahistory.com/phpBB/index.php
[Fri Oct 23 12:29:38.940038 2020] [core:crit] [pid 16376:tid 139803592931072] (13)Permission denied: [client 45.10.232.69:58836] AH00529: /var/www/vhosts/saratogahistory.com/httpdocs/phpBB/.htaccess pcfg_openfile: unable to check htaccess file, ensure it is readable and that '/var/www/vhosts/saratogahistory.com/httpdocs/phpBB/' is executable, referer: https://midnight.im/
[Fri Oct 23 12:34:11.445137 2020] [core:crit] [pid 3951:tid 139803603420928] (13)Permission denied: [client 91.239.85.130:37798] AH00529: /var/www/vhosts/saratogahistory.com/httpdocs/phpBB/.htaccess pcfg_openfile: unable to check htaccess file, ensure it is readable and that '/var/www/vhosts/saratogahistory.com/httpdocs/phpBB/' is executable, referer: http://www.saratogahistory.com/phpBB/index.php
[Fri Oct 23 12:34:11.815646 2020] [core:crit] [pid 16376:tid 139803634890496] (13)Permission denied: [client 45.138.147.17:37818] AH00529: /var/www/vhosts/saratogahistory.com/httpdocs/phpBB/.htaccess pcfg_openfile: unable to check htaccess file, ensure it is readable and that '/var/www/vhosts/saratogahistory.com/httpdocs/phpBB/' is executable, referer: http://www.saratogahistory.com/phpBB/index.php
[Fri Oct 23 12:34:12.185479 2020] [core:crit] [pid 16376:tid 139803739789056] (13)Permission denied: [client 91.188.231.56:37828] AH00529: /var/www/vhosts/saratogahistory.com/httpdocs/phpBB/.htaccess pcfg_openfile: unable to check htaccess file, ensure it is readable and that '/var/www/vhosts/saratogahistory.com/httpdocs/phpBB/' is executable, referer: http://www.saratogahistory.com/phpBB/index.php
[Fri Oct 23 12:34:12.564213 2020] [core:crit] [pid 16376:tid 139803802728192] (13)Permission denied: [client 45.130.144.226:37832] AH00529: /var/www/vhosts/saratogahistory.com/httpdocs/phpBB/.htaccess pcfg_openfile: unable to check htaccess file, ensure it is readable and that '/var/www/vhosts/saratogahistory.com/httpdocs/phpBB/' is executable, referer: http://www.saratogahistory.com/phpBB/index.php
[Fri Oct 23 12:34:14.273949 2020] [proxy_fcgi:error] [pid 3951:tid 139803802728192] [client 45.130.144.226:37890] AH01071: Got error 'Primary script unknown\n', referer: http://www.saratogahistory.com/index.php
[Fri Oct 23 12:34:14.654454 2020] [proxy_fcgi:error] [pid 16376:tid 139803920152320] [client 45.130.144.226:37902] AH01071: Got error 'Primary script unknown\n', referer: http://www.saratogahistory.com/index.php
[Fri Oct 23 12:34:15.025581 2020] [proxy_fcgi:error] [pid 16376:tid 139803909662464] [client 45.130.144.226:37912] AH01071: Got error 'Primary script unknown\n', referer: http://www.saratogahistory.com/index.php
[Fri Oct 23 12:49:21.232406 2020] [core:crit] [pid 16376:tid 139803729299200] (13)Permission denied: [client 178.214.250.188:34358] AH00529: /var/www/vhosts/saratogahistory.com/httpdocs/phpBB/.htaccess pcfg_openfile: unable to check htaccess file, ensure it is readable and that '/var/www/vhosts/saratogahistory.com/httpdocs/phpBB/' is executable, referer: http://www.saratogahistory.com/phpBB/index.php
[Fri Oct 23 13:08:32.816574 2020] [core:crit] [pid 16376:tid 139803676849920] (13)Permission denied: [client 178.17.170.23:38248] AH00529: /var/www/vhosts/saratogahistory.com/httpdocs/phpBB/.htaccess pcfg_openfile: unable to check htaccess file, ensure it is readable and that '/var/www/vhosts/saratogahistory.com/httpdocs/phpBB/' is executable, referer: http://www.saratogahistory.com/phpBB/index.php
[Fri Oct 23 13:32:46.769986 2020] [proxy_fcgi:error] [pid 16376:tid 139803771258624] [client 23.102.160.204:50672] AH01071: Got error 'Primary script unknown\n'
[Fri Oct 23 13:44:22.438053 2020] [core:crit] [pid 3952:tid 139803781748480] (13)Permission denied: [client 176.226.184.88:40482] AH00529: /var/www/vhosts/saratogahistory.com/httpdocs/phpBB/.htaccess pcfg_openfile: unable to check htaccess file, ensure it is readable and that '/var/www/vhosts/saratogahistory.com/httpdocs/phpBB/' is executable, referer: http://www.saratogahistory.com/phpBB/index.php
[Fri Oct 23 13:59:21.161427 2020] [core:crit] [pid 3951:tid 139803750278912] (13)Permission denied: [client 185.25.35.10:34016] AH00529: /var/www/vhosts/saratogahistory.com/httpdocs/phpBB/.htaccess pcfg_openfile: unable to check htaccess file, ensure it is readable and that '/var/www/vhosts/saratogahistory.com/httpdocs/phpBB/' is executable
[Fri Oct 23 14:23:39.136902 2020] [core:crit] [pid 16376:tid 139803592931072] (13)Permission denied: [client 190.109.160.73:44736] AH00529: /var/www/vhosts/saratogahistory.com/httpdocs/phpBB/.htaccess pcfg_openfile: unable to check htaccess file, ensure it is readable and that '/var/www/vhosts/saratogahistory.com/httpdocs/phpBB/' is executable, referer: http://www.saratogahistory.com/phpBB/profile.php?mode=register&agreed=true
[Fri Oct 23 14:23:57.405799 2020] [proxy_fcgi:error] [pid 3951:tid 139803708319488] [client 177.69.19.49:45204] AH01071: Got error 'Primary script unknown\n', referer: http://www.saratogahistory.com/index.php
[Fri Oct 23 14:23:58.967612 2020] [proxy_fcgi:error] [pid 16376:tid 139803771258624] [client 177.69.19.49:45240] AH01071: Got error 'Primary script unknown\n', referer: http://www.saratogahistory.com/index.php
[Fri Oct 23 14:31:13.697898 2020] [core:crit] [pid 3951:tid 139803909662464] (13)Permission denied: [client 125.160.166.170:57226] AH00529: /var/www/vhosts/saratogahistory.com/httpdocs/phpBB/.htaccess pcfg_openfile: unable to check htaccess file, ensure it is readable and that '/var/www/vhosts/saratogahistory.com/httpdocs/phpBB/' is executable, referer: http://www.saratogahistory.com/phpBB/profile.php?mode=register&agreed=true
[Fri Oct 23 14:31:19.224952 2020] [proxy_fcgi:error] [pid 16376:tid 139803739789056] [client 125.160.166.170:57366] AH01071: Got error 'Primary script unknown\n', referer: http://www.saratogahistory.com/index.php
[Fri Oct 23 14:31:22.349349 2020] [proxy_fcgi:error] [pid 16376:tid 139803802728192] [client 125.160.166.170:57468] AH01071: Got error 'Primary script unknown\n', referer: http://www.saratogahistory.com/index.php
[Fri Oct 23 15:01:09.727848 2020] [core:crit] [pid 3952:tid 139803697829632] (13)Permission denied: [client 185.25.35.13:50034] AH00529: /var/www/vhosts/saratogahistory.com/httpdocs/phpBB/.htaccess pcfg_openfile: unable to check htaccess file, ensure it is readable and that '/var/www/vhosts/saratogahistory.com/httpdocs/phpBB/' is executable
[Fri Oct 23 15:12:01.695185 2020] [core:crit] [pid 16376:tid 139803603420928] (13)Permission denied: [client 51.91.110.235:41450] AH00529: /var/www/vhosts/saratogahistory.com/httpdocs/phpBB/.htaccess pcfg_openfile: unable to check htaccess file, ensure it is readable and that '/var/www/vhosts/saratogahistory.com/httpdocs/phpBB/' is executable, referer: http://www.saratogahistory.com/phpBB/index.php
[Fri Oct 23 15:42:00.957172 2020] [core:crit] [pid 16376:tid 139803718809344] (13)Permission denied: [client 185.25.35.15:38184] AH00529: /var/www/vhosts/saratogahistory.com/httpdocs/phpBB/.htaccess pcfg_openfile: unable to check htaccess file, ensure it is readable and that '/var/www/vhosts/saratogahistory.com/httpdocs/phpBB/' is executable
[Fri Oct 23 15:46:15.220729 2020] [core:crit] [pid 16376:tid 139803708319488] (13)Permission denied: [client 185.200.117.173:46492] AH00529: /var/www/vhosts/saratogahistory.com/httpdocs/phpBB/.htaccess pcfg_openfile: unable to check htaccess file, ensure it is readable and that '/var/www/vhosts/saratogahistory.com/httpdocs/phpBB/' is executable, referer: http://www.saratogahistory.com/
[Fri Oct 23 15:46:35.549059 2020] [core:crit] [pid 16376:tid 139803676849920] (13)Permission denied: [client 178.159.37.139:47112] AH00529: /var/www/vhosts/saratogahistory.com/httpdocs/phpBB/.htaccess pcfg_openfile: unable to check htaccess file, ensure it is readable and that '/var/www/vhosts/saratogahistory.com/httpdocs/phpBB/' is executable, referer: http://www.saratogahistory.com/phpBB/index.php
[Fri Oct 23 15:46:36.554462 2020] [proxy_fcgi:error] [pid 3951:tid 139803771258624] [client 178.159.37.139:47142] AH01071: Got error 'Primary script unknown\n', referer: http://www.saratogahistory.com/index.php
[Fri Oct 23 15:46:36.841741 2020] [proxy_fcgi:error] [pid 16376:tid 139803729299200] [client 178.159.37.139:47156] AH01071: Got error 'Primary script unknown\n', referer: http://www.saratogahistory.com/index.php
[Fri Oct 23 15:46:37.126395 2020] [proxy_fcgi:error] [pid 16376:tid 139803645380352] [client 178.159.37.139:47162] AH01071: Got error 'Primary script unknown\n', referer: http://www.saratogahistory.com/index.php
[Fri Oct 23 15:56:52.022756 2020] [proxy_fcgi:error] [pid 16376:tid 139803920152320] [client 178.62.65.141:35352] AH01071: Got error 'Primary script unknown\n', referer: http://saratogahistory.com/wp-login.php
[Fri Oct 23 16:04:27.904571 2020] [core:crit] [pid 16376:tid 139803708319488] (13)Permission denied: [client 185.25.35.14:47690] AH00529: /var/www/vhosts/saratogahistory.com/httpdocs/phpBB/.htaccess pcfg_openfile: unable to check htaccess file, ensure it is readable and that '/var/www/vhosts/saratogahistory.com/httpdocs/phpBB/' is executable
[Fri Oct 23 17:16:17.530195 2020] [core:crit] [pid 3951:tid 139803771258624] (13)Permission denied: [client 188.130.142.250:57946] AH00529: /var/www/vhosts/saratogahistory.com/httpdocs/phpBB/.htaccess pcfg_openfile: unable to check htaccess file, ensure it is readable and that '/var/www/vhosts/saratogahistory.com/httpdocs/phpBB/' is executable, referer: http://saratogahistory.com/phpBB/index.php
[Fri Oct 23 17:16:18.147264 2020] [core:crit] [pid 3952:tid 139803645380352] (13)Permission denied: [client 46.8.222.147:57964] AH00529: /var/www/vhosts/saratogahistory.com/httpdocs/phpBB/.htaccess pcfg_openfile: unable to check htaccess file, ensure it is readable and that '/var/www/vhosts/saratogahistory.com/httpdocs/phpBB/' is executable, referer: http://www.saratogahistory.com/
[Fri Oct 23 17:16:18.746213 2020] [core:crit] [pid 3951:tid 139803645380352] (13)Permission denied: [client 185.181.247.180:57982] AH00529: /var/www/vhosts/saratogahistory.com/httpdocs/phpBB/.htaccess pcfg_openfile: unable to check htaccess file, ensure it is readable and that '/var/www/vhosts/saratogahistory.com/httpdocs/phpBB/' is executable, referer: http://www.saratogahistory.com/
[Fri Oct 23 17:16:19.360990 2020] [core:crit] [pid 3951:tid 139803888682752] (13)Permission denied: [client 188.130.219.173:57998] AH00529: /var/www/vhosts/saratogahistory.com/httpdocs/phpBB/.htaccess pcfg_openfile: unable to check htaccess file, ensure it is readable and that '/var/www/vhosts/saratogahistory.com/httpdocs/phpBB/' is executable, referer: http://www.saratogahistory.com/
[Fri Oct 23 17:26:48.835048 2020] [core:crit] [pid 16376:tid 139803634890496] (13)Permission denied: [client 109.234.37.227:46338] AH00529: /var/www/vhosts/saratogahistory.com/httpdocs/phpBB/.htaccess pcfg_openfile: unable to check htaccess file, ensure it is readable and that '/var/www/vhosts/saratogahistory.com/httpdocs/phpBB/' is executable, referer: http://www.saratogahistory.com/phpBB/index.php
[Fri Oct 23 17:44:20.325902 2020] [core:crit] [pid 16376:tid 139803760768768] (13)Permission denied: [client 178.159.37.58:44692] AH00529: /var/www/vhosts/saratogahistory.com/httpdocs/phpBB/.htaccess pcfg_openfile: unable to check htaccess file, ensure it is readable and that '/var/www/vhosts/saratogahistory.com/httpdocs/phpBB/' is executable, referer: http://www.saratogahistory.com/phpBB/index.php
[Fri Oct 23 18:19:26.377133 2020] [core:crit] [pid 16376:tid 139803739789056] (13)Permission denied: [client 66.249.66.215:46368] AH00529: /var/www/vhosts/saratogahistory.com/httpdocs/phpBB/.htaccess pcfg_openfile: unable to check htaccess file, ensure it is readable and that '/var/www/vhosts/saratogahistory.com/httpdocs/phpBB/' is executable
[Fri Oct 23 18:19:41.392203 2020] [core:crit] [pid 3951:tid 139803708319488] (13)Permission denied: [client 66.249.66.213:46738] AH00529: /var/www/vhosts/saratogahistory.com/httpdocs/phpBB/.htaccess pcfg_openfile: unable to check htaccess file, ensure it is readable and that '/var/www/vhosts/saratogahistory.com/httpdocs/phpBB/' is executable
[Fri Oct 23 18:19:59.002792 2020] [core:crit] [pid 16376:tid 139803802728192] (13)Permission denied: [client 66.249.66.215:47184] AH00529: /var/www/vhosts/saratogahistory.com/httpdocs/phpBB/.htaccess pcfg_openfile: unable to check htaccess file, ensure it is readable and that '/var/www/vhosts/saratogahistory.com/httpdocs/phpBB/' is executable
[Fri Oct 23 18:20:28.946153 2020] [core:crit] [pid 16376:tid 139803687339776] (13)Permission denied: [client 66.249.66.215:48482] AH00529: /var/www/vhosts/saratogahistory.com/httpdocs/phpBB/.htaccess pcfg_openfile: unable to check htaccess file, ensure it is readable and that '/var/www/vhosts/saratogahistory.com/httpdocs/phpBB/' is executable
[Fri Oct 23 18:21:03.608746 2020] [core:crit] [pid 3952:tid 139803645380352] (13)Permission denied: [client 66.249.66.215:49228] AH00529: /var/www/vhosts/saratogahistory.com/httpdocs/phpBB/.htaccess pcfg_openfile: unable to check htaccess file, ensure it is readable and that '/var/www/vhosts/saratogahistory.com/httpdocs/phpBB/' is executable
[Fri Oct 23 18:21:37.939521 2020] [core:crit] [pid 3952:tid 139803613910784] (13)Permission denied: [client 66.249.66.215:50078] AH00529: /var/www/vhosts/saratogahistory.com/httpdocs/phpBB/.htaccess pcfg_openfile: unable to check htaccess file, ensure it is readable and that '/var/www/vhosts/saratogahistory.com/httpdocs/phpBB/' is executable
[Fri Oct 23 18:22:18.128359 2020] [core:crit] [pid 3951:tid 139803645380352] (13)Permission denied: [client 66.249.66.217:51004] AH00529: /var/www/vhosts/saratogahistory.com/httpdocs/phpBB/.htaccess pcfg_openfile: unable to check htaccess file, ensure it is readable and that '/var/www/vhosts/saratogahistory.com/httpdocs/phpBB/' is executable
[Fri Oct 23 18:39:03.384626 2020] [core:crit] [pid 16376:tid 139803613910784] (13)Permission denied: [client 109.70.100.35:47896] AH00529: /var/www/vhosts/saratogahistory.com/httpdocs/phpBB/.htaccess pcfg_openfile: unable to check htaccess file, ensure it is readable and that '/var/www/vhosts/saratogahistory.com/httpdocs/phpBB/' is executable, referer: http://www.saratogahistory.com/phpBB/index.php
[Fri Oct 23 20:09:11.470175 2020] [core:crit] [pid 16376:tid 139803676849920] (13)Permission denied: [client 37.115.187.172:40638] AH00529: /var/www/vhosts/saratogahistory.com/httpdocs/phpBB/.htaccess pcfg_openfile: unable to check htaccess file, ensure it is readable and that '/var/www/vhosts/saratogahistory.com/httpdocs/phpBB/' is executable, referer: http://www.saratogahistory.com/phpBB/index.php
[Fri Oct 23 20:09:15.647923 2020] [proxy_fcgi:error] [pid 16376:tid 139803729299200] [client 37.115.187.172:40776] AH01071: Got error 'Primary script unknown\n', referer: http://www.saratogahistory.com/index.php
[Fri Oct 23 20:09:16.199345 2020] [proxy_fcgi:error] [pid 3950:tid 139803760768768] [client 37.115.187.172:40806] AH01071: Got error 'Primary script unknown\n', referer: http://www.saratogahistory.com/index.php
[Fri Oct 23 20:09:16.629673 2020] [proxy_fcgi:error] [pid 3951:tid 139803613910784] [client 37.115.187.172:40818] AH01071: Got error 'Primary script unknown\n', referer: http://www.saratogahistory.com/index.php
[Fri Oct 23 20:34:28.171029 2020] [core:crit] [pid 3951:tid 139803888682752] (13)Permission denied: [client 185.25.35.8:49808] AH00529: /var/www/vhosts/saratogahistory.com/httpdocs/phpBB/.htaccess pcfg_openfile: unable to check htaccess file, ensure it is readable and that '/var/www/vhosts/saratogahistory.com/httpdocs/phpBB/' is executable
[Fri Oct 23 21:02:10.182746 2020] [core:crit] [pid 16376:tid 139803771258624] (13)Permission denied: [client 185.220.102.244:59078] AH00529: /var/www/vhosts/saratogahistory.com/httpdocs/phpBB/.htaccess pcfg_openfile: unable to check htaccess file, ensure it is readable and that '/var/www/vhosts/saratogahistory.com/httpdocs/phpBB/' is executable, referer: http://www.saratogahistory.com/phpBB/index.php
[Fri Oct 23 21:31:22.169062 2020] [core:crit] [pid 16376:tid 139803802728192] (13)Permission denied: [client 185.25.35.12:48268] AH00529: /var/www/vhosts/saratogahistory.com/httpdocs/phpBB/.htaccess pcfg_openfile: unable to check htaccess file, ensure it is readable and that '/var/www/vhosts/saratogahistory.com/httpdocs/phpBB/' is executable
[Fri Oct 23 21:47:49.199213 2020] [core:crit] [pid 16376:tid 139803708319488] (13)Permission denied: [client 196.244.192.56:43344] AH00529: /var/www/vhosts/saratogahistory.com/httpdocs/phpBB/.htaccess pcfg_openfile: unable to check htaccess file, ensure it is readable and that '/var/www/vhosts/saratogahistory.com/httpdocs/phpBB/' is executable, referer: http://www.saratogahistory.com/phpBB/index.php
[Fri Oct 23 21:47:52.983998 2020] [core:crit] [pid 3951:tid 139803603420928] (13)Permission denied: [client 94.242.62.76:43476] AH00529: /var/www/vhosts/saratogahistory.com/httpdocs/phpBB/.htaccess pcfg_openfile: unable to check htaccess file, ensure it is readable and that '/var/www/vhosts/saratogahistory.com/httpdocs/phpBB/' is executable, referer: http://www.saratogahistory.com/phpBB/
[Fri Oct 23 22:11:28.467323 2020] [core:crit] [pid 16376:tid 139803613910784] (13)Permission denied: [client 185.25.35.14:48304] AH00529: /var/www/vhosts/saratogahistory.com/httpdocs/phpBB/.htaccess pcfg_openfile: unable to check htaccess file, ensure it is readable and that '/var/www/vhosts/saratogahistory.com/httpdocs/phpBB/' is executable
[Fri Oct 23 22:22:49.226258 2020] [core:crit] [pid 16376:tid 139803645380352] (13)Permission denied: [client 185.220.101.197:42362] AH00529: /var/www/vhosts/saratogahistory.com/httpdocs/phpBB/.htaccess pcfg_openfile: unable to check htaccess file, ensure it is readable and that '/var/www/vhosts/saratogahistory.com/httpdocs/phpBB/' is executable, referer: http://www.saratogahistory.com/phpBB/index.php
[Fri Oct 23 22:35:39.186957 2020] [core:crit] [pid 3951:tid 139803771258624] (13)Permission denied: [client 185.25.35.8:60866] AH00529: /var/www/vhosts/saratogahistory.com/httpdocs/phpBB/.htaccess pcfg_openfile: unable to check htaccess file, ensure it is readable and that '/var/www/vhosts/saratogahistory.com/httpdocs/phpBB/' is executable
[Fri Oct 23 22:49:26.062332 2020] [core:crit] [pid 16376:tid 139803750278912] (13)Permission denied: [client 51.68.196.236:51848] AH00529: /var/www/vhosts/saratogahistory.com/httpdocs/phpBB/.htaccess pcfg_openfile: unable to check htaccess file, ensure it is readable and that '/var/www/vhosts/saratogahistory.com/httpdocs/phpBB/' is executable, referer: http://www.saratogahistory.com/phpBB/index.php
[Fri Oct 23 23:19:20.542752 2020] [core:crit] [pid 16376:tid 139803771258624] (13)Permission denied: [client 72.221.164.35:42002] AH00529: /var/www/vhosts/saratogahistory.com/httpdocs/phpBB/.htaccess pcfg_openfile: unable to check htaccess file, ensure it is readable and that '/var/www/vhosts/saratogahistory.com/httpdocs/phpBB/' is executable, referer: http://www.saratogahistory.com/phpBB/index.php
[Fri Oct 23 23:19:56.511091 2020] [proxy_fcgi:error] [pid 16376:tid 139803888682752] [client 24.249.199.14:42970] AH01071: Got error 'Primary script unknown\n', referer: http://www.saratogahistory.com/index.php
[Fri Oct 23 23:20:04.078088 2020] [proxy_fcgi:error] [pid 16376:tid 139803687339776] [client 24.249.199.14:43292] AH01071: Got error 'Primary script unknown\n', referer: http://www.saratogahistory.com/index.php
[Fri Oct 23 23:20:07.010908 2020] [proxy_fcgi:error] [pid 16376:tid 139803802728192] [client 24.249.199.14:43364] AH01071: Got error 'Primary script unknown\n', referer: http://www.saratogahistory.com/index.php
[Sat Oct 24 00:30:01.727310 2020] [proxy_fcgi:error] [pid 3952:tid 139803729299200] [client 27.186.10.3:42006] AH01071: Got error 'Primary script unknown\n'
[Sat Oct 24 01:01:13.027097 2020] [core:crit] [pid 3952:tid 139803687339776] (13)Permission denied: [client 185.220.102.246:34480] AH00529: /var/www/vhosts/saratogahistory.com/httpdocs/phpBB/.htaccess pcfg_openfile: unable to check htaccess file, ensure it is readable and that '/var/www/vhosts/saratogahistory.com/httpdocs/phpBB/' is executable, referer: http://www.saratogahistory.com/phpBB/index.php
[Sat Oct 24 01:48:35.442739 2020] [core:crit] [pid 16376:tid 139803655870208] (13)Permission denied: [client 46.8.56.59:33456] AH00529: /var/www/vhosts/saratogahistory.com/httpdocs/phpBB/.htaccess pcfg_openfile: unable to check htaccess file, ensure it is readable and that '/var/www/vhosts/saratogahistory.com/httpdocs/phpBB/' is executable, referer: http://www.saratogahistory.com/phpBB/index.php
[Sat Oct 24 02:01:06.578434 2020] [core:crit] [pid 3951:tid 139803792238336] (13)Permission denied: [client 51.68.196.236:54290] AH00529: /var/www/vhosts/saratogahistory.com/httpdocs/phpBB/.htaccess pcfg_openfile: unable to check htaccess file, ensure it is readable and that '/var/www/vhosts/saratogahistory.com/httpdocs/phpBB/' is executable, referer: http://www.saratogahistory.com/phpBB/index.php
[Sat Oct 24 02:16:35.356268 2020] [core:crit] [pid 16376:tid 139803603420928] (13)Permission denied: [client 192.41.13.71:58450] AH00529: /var/www/vhosts/saratogahistory.com/httpdocs/phpBB/.htaccess pcfg_openfile: unable to check htaccess file, ensure it is readable and that '/var/www/vhosts/saratogahistory.com/httpdocs/phpBB/' is executable, referer: http://www.saratogahistory.com/phpBB/index.php
[Sat Oct 24 02:16:38.036856 2020] [proxy_fcgi:error] [pid 3950:tid 139803655870208] [client 91.243.100.112:58586] AH01071: Got error 'Primary script unknown\n', referer: http://www.saratogahistory.com/index.php
[Sat Oct 24 02:16:38.387479 2020] [proxy_fcgi:error] [pid 3952:tid 139803781748480] [client 91.243.100.112:58594] AH01071: Got error 'Primary script unknown\n', referer: http://www.saratogahistory.com/index.php
[Sat Oct 24 02:16:38.750342 2020] [proxy_fcgi:error] [pid 3951:tid 139803655870208] [client 91.243.100.112:58608] AH01071: Got error 'Primary script unknown\n', referer: http://www.saratogahistory.com/index.php
[Sat Oct 24 03:06:16.002114 2020] [core:crit] [pid 3950:tid 139803792238336] (13)Permission denied: [client 185.25.35.8:58156] AH00529: /var/www/vhosts/saratogahistory.com/httpdocs/phpBB/.htaccess pcfg_openfile: unable to check htaccess file, ensure it is readable and that '/var/www/vhosts/saratogahistory.com/httpdocs/phpBB/' is executable
[Sat Oct 24 03:06:53.458812 2020] [core:crit] [pid 3951:tid 139803771258624] (13)Permission denied: [client 179.43.157.77:59566] AH00529: /var/www/vhosts/saratogahistory.com/httpdocs/phpBB/.htaccess pcfg_openfile: unable to check htaccess file, ensure it is readable and that '/var/www/vhosts/saratogahistory.com/httpdocs/phpBB/' is executable, referer: http://www.saratogahistory.com/phpBB/index.php
[Sat Oct 24 04:08:13.493260 2020] [core:crit] [pid 3951:tid 139803603420928] (13)Permission denied: [client 185.25.35.11:53058] AH00529: /var/www/vhosts/saratogahistory.com/httpdocs/phpBB/.htaccess pcfg_openfile: unable to check htaccess file, ensure it is readable and that '/var/www/vhosts/saratogahistory.com/httpdocs/phpBB/' is executable
[Sat Oct 24 04:10:17.019113 2020] [core:crit] [pid 16376:tid 139803613910784] (13)Permission denied: [client 199.167.138.22:56454] AH00529: /var/www/vhosts/saratogahistory.com/httpdocs/phpBB/.htaccess pcfg_openfile: unable to check htaccess file, ensure it is readable and that '/var/www/vhosts/saratogahistory.com/httpdocs/phpBB/' is executable, referer: http://www.saratogahistory.com/phpBB/viewtopic.php?p=1038
[Sat Oct 24 04:18:48.951494 2020] [core:crit] [pid 16376:tid 139803624400640] (13)Permission denied: [client 185.130.184.209:49940] AH00529: /var/www/vhosts/saratogahistory.com/httpdocs/phpBB/.htaccess pcfg_openfile: unable to check htaccess file, ensure it is readable and that '/var/www/vhosts/saratogahistory.com/httpdocs/phpBB/' is executable, referer: http://www.saratogahistory.com/phpBB/index.php
[Sat Oct 24 04:18:50.192608 2020] [proxy_fcgi:error] [pid 16376:tid 139803645380352] [client 185.130.184.209:49980] AH01071: Got error 'Primary script unknown\n', referer: http://www.saratogahistory.com/index.php
[Sat Oct 24 04:18:50.580745 2020] [proxy_fcgi:error] [pid 16376:tid 139803899172608] [client 185.130.184.209:49994] AH01071: Got error 'Primary script unknown\n', referer: http://www.saratogahistory.com/index.php
[Sat Oct 24 04:18:50.980949 2020] [proxy_fcgi:error] [pid 16376:tid 139803592931072] [client 185.130.184.209:50006] AH01071: Got error 'Primary script unknown\n', referer: http://www.saratogahistory.com/index.php
[Sat Oct 24 04:50:42.525890 2020] [core:crit] [pid 16376:tid 139803708319488] (13)Permission denied: [client 185.25.35.12:45190] AH00529: /var/www/vhosts/saratogahistory.com/httpdocs/phpBB/.htaccess pcfg_openfile: unable to check htaccess file, ensure it is readable and that '/var/www/vhosts/saratogahistory.com/httpdocs/phpBB/' is executable
[Sat Oct 24 05:13:08.719872 2020] [core:crit] [pid 16376:tid 139803920152320] (13)Permission denied: [client 185.25.35.12:53650] AH00529: /var/www/vhosts/saratogahistory.com/httpdocs/phpBB/.htaccess pcfg_openfile: unable to check htaccess file, ensure it is readable and that '/var/www/vhosts/saratogahistory.com/httpdocs/phpBB/' is executable
[Sat Oct 24 05:30:10.105119 2020] [core:crit] [pid 16376:tid 139803708319488] (13)Permission denied: [client 23.106.34.44:54700] AH00529: /var/www/vhosts/saratogahistory.com/httpdocs/phpBB/.htaccess pcfg_openfile: unable to check htaccess file, ensure it is readable and that '/var/www/vhosts/saratogahistory.com/httpdocs/phpBB/' is executable, referer: http://www.saratogahistory.com/phpBB/index.php
[Sat Oct 24 05:37:21.807037 2020] [core:crit] [pid 3951:tid 139803802728192] (13)Permission denied: [client 185.100.87.243:37718] AH00529: /var/www/vhosts/saratogahistory.com/httpdocs/phpBB/.htaccess pcfg_openfile: unable to check htaccess file, ensure it is readable and that '/var/www/vhosts/saratogahistory.com/httpdocs/phpBB/' is executable, referer: http://www.saratogahistory.com/phpBB/index.php
[Sat Oct 24 05:40:45.629726 2020] [core:crit] [pid 16376:tid 139803592931072] (13)Permission denied: [client 185.220.102.244:42510] AH00529: /var/www/vhosts/saratogahistory.com/httpdocs/phpBB/.htaccess pcfg_openfile: unable to check htaccess file, ensure it is readable and that '/var/www/vhosts/saratogahistory.com/httpdocs/phpBB/' is executable, referer: http://www.saratogahistory.com/phpBB/index.php
[Sat Oct 24 06:23:24.087447 2020] [core:crit] [pid 16376:tid 139803792238336] (13)Permission denied: [client 172.245.27.140:57540] AH00529: /var/www/vhosts/saratogahistory.com/httpdocs/phpBB/.htaccess pcfg_openfile: unable to check htaccess file, ensure it is readable and that '/var/www/vhosts/saratogahistory.com/httpdocs/phpBB/' is executable, referer: http://www.saratogahistory.com/
[Sat Oct 24 06:23:24.216462 2020] [core:crit] [pid 3951:tid 139803760768768] (13)Permission denied: [client 192.210.185.193:57544] AH00529: /var/www/vhosts/saratogahistory.com/httpdocs/phpBB/.htaccess pcfg_openfile: unable to check htaccess file, ensure it is readable and that '/var/www/vhosts/saratogahistory.com/httpdocs/phpBB/' is executable, referer: http://www.saratogahistory.com/
[Sat Oct 24 06:23:24.372965 2020] [core:crit] [pid 3951:tid 139803697829632] (13)Permission denied: [client 198.20.168.242:57558] AH00529: /var/www/vhosts/saratogahistory.com/httpdocs/phpBB/.htaccess pcfg_openfile: unable to check htaccess file, ensure it is readable and that '/var/www/vhosts/saratogahistory.com/httpdocs/phpBB/' is executable, referer: http://www.saratogahistory.com/
[Sat Oct 24 06:23:24.521424 2020] [core:crit] [pid 16376:tid 139803676849920] (13)Permission denied: [client 206.217.128.106:57560] AH00529: /var/www/vhosts/saratogahistory.com/httpdocs/phpBB/.htaccess pcfg_openfile: unable to check htaccess file, ensure it is readable and that '/var/www/vhosts/saratogahistory.com/httpdocs/phpBB/' is executable, referer: http://www.saratogahistory.com/
[Sat Oct 24 06:43:59.077793 2020] [core:crit] [pid 16376:tid 139803888682752] (13)Permission denied: [client 78.138.157.42:40068] AH00529: /var/www/vhosts/saratogahistory.com/httpdocs/phpBB/.htaccess pcfg_openfile: unable to check htaccess file, ensure it is readable and that '/var/www/vhosts/saratogahistory.com/httpdocs/phpBB/' is executable, referer: http://www.saratogahistory.com/phpBB/index.php
[Sat Oct 24 06:44:00.202452 2020] [proxy_fcgi:error] [pid 16376:tid 139803603420928] [client 78.138.157.42:40110] AH01071: Got error 'Primary script unknown\n', referer: http://www.saratogahistory.com/index.php
[Sat Oct 24 06:44:00.513845 2020] [proxy_fcgi:error] [pid 3950:tid 139803708319488] [client 78.138.157.42:40120] AH01071: Got error 'Primary script unknown\n', referer: http://www.saratogahistory.com/index.php
[Sat Oct 24 06:44:00.816085 2020] [proxy_fcgi:error] [pid 16376:tid 139803750278912] [client 78.138.157.42:40130] AH01071: Got error 'Primary script unknown\n', referer: http://www.saratogahistory.com/index.php
[Sat Oct 24 06:53:01.036196 2020] [core:crit] [pid 3951:tid 139803676849920] (13)Permission denied: [client 137.74.169.241:55628] AH00529: /var/www/vhosts/saratogahistory.com/httpdocs/phpBB/.htaccess pcfg_openfile: unable to check htaccess file, ensure it is readable and that '/var/www/vhosts/saratogahistory.com/httpdocs/phpBB/' is executable, referer: http://www.saratogahistory.com/phpBB/index.php
[Sat Oct 24 07:16:31.000260 2020] [core:crit] [pid 16376:tid 139803760768768] (13)Permission denied: [client 178.159.37.58:41142] AH00529: /var/www/vhosts/saratogahistory.com/httpdocs/phpBB/.htaccess pcfg_openfile: unable to check htaccess file, ensure it is readable and that '/var/www/vhosts/saratogahistory.com/httpdocs/phpBB/' is executable, referer: http://www.saratogahistory.com/phpBB/index.php
[Sat Oct 24 07:20:35.260607 2020] [core:crit] [pid 16376:tid 139803645380352] (13)Permission denied: [client 178.184.77.179:48666] AH00529: /var/www/vhosts/saratogahistory.com/httpdocs/phpBB/.htaccess pcfg_openfile: unable to check htaccess file, ensure it is readable and that '/var/www/vhosts/saratogahistory.com/httpdocs/phpBB/' is executable, referer: http://www.saratogahistory.com/phpBB/index.php
[Sat Oct 24 07:21:48.163554 2020] [core:crit] [pid 16376:tid 139803739789056] (13)Permission denied: [client 46.8.142.246:50700] AH00529: /var/www/vhosts/saratogahistory.com/httpdocs/phpBB/.htaccess pcfg_openfile: unable to check htaccess file, ensure it is readable and that '/var/www/vhosts/saratogahistory.com/httpdocs/phpBB/' is executable, referer: http://www.saratogahistory.com/phpBB/index.php
[Sat Oct 24 08:19:44.062450 2020] [core:crit] [pid 3951:tid 139803624400640] (13)Permission denied: [client 178.159.37.58:37354] AH00529: /var/www/vhosts/saratogahistory.com/httpdocs/phpBB/.htaccess pcfg_openfile: unable to check htaccess file, ensure it is readable and that '/var/www/vhosts/saratogahistory.com/httpdocs/phpBB/' is executable, referer: http://www.saratogahistory.com/phpBB/index.php
[Sat Oct 24 08:47:17.975101 2020] [core:crit] [pid 16376:tid 139803739789056] (13)Permission denied: [client 185.220.101.132:59794] AH00529: /var/www/vhosts/saratogahistory.com/httpdocs/phpBB/.htaccess pcfg_openfile: unable to check htaccess file, ensure it is readable and that '/var/www/vhosts/saratogahistory.com/httpdocs/phpBB/' is executable, referer: http://www.saratogahistory.com/phpBB/index.php
[Sat Oct 24 09:28:58.094644 2020] [core:crit] [pid 16376:tid 139803613910784] (13)Permission denied: [client 85.248.227.165:47930] AH00529: /var/www/vhosts/saratogahistory.com/httpdocs/phpBB/.htaccess pcfg_openfile: unable to check htaccess file, ensure it is readable and that '/var/www/vhosts/saratogahistory.com/httpdocs/phpBB/' is executable, referer: http://www.saratogahistory.com/phpBB/index.php
[Sat Oct 24 09:38:27.636106 2020] [core:crit] [pid 16376:tid 139803888682752] (13)Permission denied: [client 185.25.35.8:34998] AH00529: /var/www/vhosts/saratogahistory.com/httpdocs/phpBB/.htaccess pcfg_openfile: unable to check htaccess file, ensure it is readable and that '/var/www/vhosts/saratogahistory.com/httpdocs/phpBB/' is executable
[Sat Oct 24 10:40:25.617280 2020] [core:crit] [pid 3951:tid 139803750278912] (13)Permission denied: [client 185.25.35.11:57246] AH00529: /var/www/vhosts/saratogahistory.com/httpdocs/phpBB/.htaccess pcfg_openfile: unable to check htaccess file, ensure it is readable and that '/var/www/vhosts/saratogahistory.com/httpdocs/phpBB/' is executable
[Sat Oct 24 10:44:58.862684 2020] [core:crit] [pid 3952:tid 139803718809344] (13)Permission denied: [client 178.172.147.77:36128] AH00529: /var/www/vhosts/saratogahistory.com/httpdocs/phpBB/.htaccess pcfg_openfile: unable to check htaccess file, ensure it is readable and that '/var/www/vhosts/saratogahistory.com/httpdocs/phpBB/' is executable, referer: http://www.saratogahistory.com/phpBB/index.php
[Sat Oct 24 11:21:05.025086 2020] [core:crit] [pid 16376:tid 139803750278912] (13)Permission denied: [client 92.124.162.48:39956] AH00529: /var/www/vhosts/saratogahistory.com/httpdocs/phpBB/.htaccess pcfg_openfile: unable to check htaccess file, ensure it is readable and that '/var/www/vhosts/saratogahistory.com/httpdocs/phpBB/' is executable, referer: http://www.saratogahistory.com/phpBB/index.php
[Sat Oct 24 11:21:05.348439 2020] [core:crit] [pid 16376:tid 139803909662464] (13)Permission denied: [client 92.124.162.48:39962] AH00529: /var/www/vhosts/saratogahistory.com/httpdocs/phpBB/.htaccess pcfg_openfile: unable to check htaccess file, ensure it is readable and that '/var/www/vhosts/saratogahistory.com/httpdocs/phpBB/' is executable, referer: http://www.saratogahistory.com/phpBB/index.php
[Sat Oct 24 11:22:18.020366 2020] [core:crit] [pid 16376:tid 139803697829632] (13)Permission denied: [client 185.25.35.9:41942] AH00529: /var/www/vhosts/saratogahistory.com/httpdocs/phpBB/.htaccess pcfg_openfile: unable to check htaccess file, ensure it is readable and that '/var/www/vhosts/saratogahistory.com/httpdocs/phpBB/' is executable
[Sat Oct 24 11:42:19.819296 2020] [core:crit] [pid 16376:tid 139803603420928] (13)Permission denied: [client 185.25.35.13:44374] AH00529: /var/www/vhosts/saratogahistory.com/httpdocs/phpBB/.htaccess pcfg_openfile: unable to check htaccess file, ensure it is readable and that '/var/www/vhosts/saratogahistory.com/httpdocs/phpBB/' is executable
[Sat Oct 24 12:08:52.995579 2020] [core:crit] [pid 3951:tid 139803760768768] (13)Permission denied: [client 51.68.196.236:58166] AH00529: /var/www/vhosts/saratogahistory.com/httpdocs/phpBB/.htaccess pcfg_openfile: unable to check htaccess file, ensure it is readable and that '/var/www/vhosts/saratogahistory.com/httpdocs/phpBB/' is executable, referer: http://www.saratogahistory.com/phpBB/index.php
[Sat Oct 24 13:21:49.372267 2020] [proxy_fcgi:error] [pid 16376:tid 139803624400640] [client 64.227.109.115:35064] AH01071: Got error 'Primary script unknown\n'
[Sat Oct 24 13:38:39.028736 2020] [core:crit] [pid 3951:tid 139803781748480] (13)Permission denied: [client 196.244.192.56:59530] AH00529: /var/www/vhosts/saratogahistory.com/httpdocs/phpBB/.htaccess pcfg_openfile: unable to check htaccess file, ensure it is readable and that '/var/www/vhosts/saratogahistory.com/httpdocs/phpBB/' is executable, referer: http://www.saratogahistory.com/phpBB/index.php
[Sat Oct 24 13:46:00.489396 2020] [core:crit] [pid 16376:tid 139803687339776] (13)Permission denied: [client 62.102.148.68:42646] AH00529: /var/www/vhosts/saratogahistory.com/httpdocs/phpBB/.htaccess pcfg_openfile: unable to check htaccess file, ensure it is readable and that '/var/www/vhosts/saratogahistory.com/httpdocs/phpBB/' is executable, referer: http://www.saratogahistory.com/phpBB/index.php
[Sat Oct 24 14:00:43.048045 2020] [proxy_fcgi:error] [pid 3951:tid 139803729299200] [client 222.87.198.63:33020] AH01071: Got error 'Primary script unknown\n'
[Sat Oct 24 14:17:55.198054 2020] [core:crit] [pid 16376:tid 139803655870208] (13)Permission denied: [client 1.0.133.84:57378] AH00529: /var/www/vhosts/saratogahistory.com/httpdocs/phpBB/.htaccess pcfg_openfile: unable to check htaccess file, ensure it is readable and that '/var/www/vhosts/saratogahistory.com/httpdocs/phpBB/' is executable, referer: http://www.saratogahistory.com/phpBB/profile.php?mode=register&agreed=true
[Sat Oct 24 14:18:18.859697 2020] [proxy_fcgi:error] [pid 16376:tid 139803888682752] [client 106.54.225.5:57888] AH01071: Got error 'Primary script unknown\n', referer: http://www.saratogahistory.com/index.php
[Sat Oct 24 14:18:20.013149 2020] [proxy_fcgi:error] [pid 16376:tid 139803687339776] [client 106.54.225.5:57914] AH01071: Got error 'Primary script unknown\n', referer: http://www.saratogahistory.com/index.php
[Sat Oct 24 14:29:07.376689 2020] [core:crit] [pid 16376:tid 139803666360064] (13)Permission denied: [client 37.115.121.13:44162] AH00529: /var/www/vhosts/saratogahistory.com/httpdocs/phpBB/.htaccess pcfg_openfile: unable to check htaccess file, ensure it is readable and that '/var/www/vhosts/saratogahistory.com/httpdocs/phpBB/' is executable, referer: http://www.saratogahistory.com/phpBB/index.php
[Sat Oct 24 15:00:34.576468 2020] [core:crit] [pid 3951:tid 139803920152320] (13)Permission denied: [client 185.130.184.209:59444] AH00529: /var/www/vhosts/saratogahistory.com/httpdocs/phpBB/.htaccess pcfg_openfile: unable to check htaccess file, ensure it is readable and that '/var/www/vhosts/saratogahistory.com/httpdocs/phpBB/' is executable, referer: http://www.saratogahistory.com/phpBB/index.php
[Sat Oct 24 15:00:35.687556 2020] [proxy_fcgi:error] [pid 3951:tid 139803781748480] [client 185.130.184.209:59488] AH01071: Got error 'Primary script unknown\n', referer: http://www.saratogahistory.com/index.php
[Sat Oct 24 15:00:36.015345 2020] [proxy_fcgi:error] [pid 3951:tid 139803750278912] [client 185.130.184.209:59500] AH01071: Got error 'Primary script unknown\n', referer: http://www.saratogahistory.com/index.php
[Sat Oct 24 15:00:36.314050 2020] [proxy_fcgi:error] [pid 3951:tid 139803666360064] [client 185.130.184.209:59512] AH01071: Got error 'Primary script unknown\n', referer: http://www.saratogahistory.com/index.php
[Sat Oct 24 15:45:26.930628 2020] [core:crit] [pid 3951:tid 139803708319488] (13)Permission denied: [client 185.220.102.245:35822] AH00529: /var/www/vhosts/saratogahistory.com/httpdocs/phpBB/.htaccess pcfg_openfile: unable to check htaccess file, ensure it is readable and that '/var/www/vhosts/saratogahistory.com/httpdocs/phpBB/' is executable, referer: http://www.saratogahistory.com/phpBB/index.php
[Sat Oct 24 16:19:42.277237 2020] [core:crit] [pid 16376:tid 139803920152320] (13)Permission denied: [client 46.242.13.230:60216] AH00529: /var/www/vhosts/saratogahistory.com/httpdocs/phpBB/.htaccess pcfg_openfile: unable to check htaccess file, ensure it is readable and that '/var/www/vhosts/saratogahistory.com/httpdocs/phpBB/' is executable, referer: http://www.saratogahistory.com/phpBB/index.php
[Sat Oct 24 16:20:42.451899 2020] [core:crit] [pid 3951:tid 139803655870208] (13)Permission denied: [client 185.25.35.11:33418] AH00529: /var/www/vhosts/saratogahistory.com/httpdocs/phpBB/.htaccess pcfg_openfile: unable to check htaccess file, ensure it is readable and that '/var/www/vhosts/saratogahistory.com/httpdocs/phpBB/' is executable
[Sat Oct 24 17:21:00.716835 2020] [core:crit] [pid 3951:tid 139803771258624] (13)Permission denied: [client 185.25.35.12:52558] AH00529: /var/www/vhosts/saratogahistory.com/httpdocs/phpBB/.htaccess pcfg_openfile: unable to check htaccess file, ensure it is readable and that '/var/www/vhosts/saratogahistory.com/httpdocs/phpBB/' is executable
[Sat Oct 24 17:46:38.451058 2020] [core:crit] [pid 3952:tid 139803792238336] (13)Permission denied: [client 95.214.8.86:55976] AH00529: /var/www/vhosts/saratogahistory.com/httpdocs/phpBB/.htaccess pcfg_openfile: unable to check htaccess file, ensure it is readable and that '/var/www/vhosts/saratogahistory.com/httpdocs/phpBB/' is executable, referer: http://www.saratogahistory.com/phpBB/
[Sat Oct 24 18:00:49.901051 2020] [core:crit] [pid 16376:tid 139803771258624] (13)Permission denied: [client 185.25.35.15:45698] AH00529: /var/www/vhosts/saratogahistory.com/httpdocs/phpBB/.htaccess pcfg_openfile: unable to check htaccess file, ensure it is readable and that '/var/www/vhosts/saratogahistory.com/httpdocs/phpBB/' is executable
[Sat Oct 24 18:21:48.907597 2020] [core:crit] [pid 16376:tid 139803888682752] (13)Permission denied: [client 51.195.91.158:42116] AH00529: /var/www/vhosts/saratogahistory.com/httpdocs/phpBB/.htaccess pcfg_openfile: unable to check htaccess file, ensure it is readable and that '/var/www/vhosts/saratogahistory.com/httpdocs/phpBB/' is executable, referer: http://www.saratogahistory.com/phpBB/index.php
[Sat Oct 24 18:22:38.988894 2020] [core:crit] [pid 16376:tid 139803909662464] (13)Permission denied: [client 185.25.35.14:42892] AH00529: /var/www/vhosts/saratogahistory.com/httpdocs/phpBB/.htaccess pcfg_openfile: unable to check htaccess file, ensure it is readable and that '/var/www/vhosts/saratogahistory.com/httpdocs/phpBB/' is executable
[Sat Oct 24 19:19:04.041676 2020] [core:crit] [pid 3952:tid 139803899172608] (13)Permission denied: [client 46.165.230.5:33070] AH00529: /var/www/vhosts/saratogahistory.com/httpdocs/phpBB/.htaccess pcfg_openfile: unable to check htaccess file, ensure it is readable and that '/var/www/vhosts/saratogahistory.com/httpdocs/phpBB/' is executable, referer: http://www.saratogahistory.com/phpBB/index.php
[Sat Oct 24 21:42:15.481689 2020] [core:crit] [pid 16376:tid 139803909662464] (13)Permission denied: [client 185.220.100.250:36378] AH00529: /var/www/vhosts/saratogahistory.com/httpdocs/phpBB/.htaccess pcfg_openfile: unable to check htaccess file, ensure it is readable and that '/var/www/vhosts/saratogahistory.com/httpdocs/phpBB/' is executable, referer: http://www.saratogahistory.com/phpBB/index.php
[Sat Oct 24 22:40:15.821420 2020] [core:crit] [pid 16376:tid 139803750278912] (13)Permission denied: [client 18.27.197.252:50788] AH00529: /var/www/vhosts/saratogahistory.com/httpdocs/phpBB/.htaccess pcfg_openfile: unable to check htaccess file, ensure it is readable and that '/var/www/vhosts/saratogahistory.com/httpdocs/phpBB/' is executable, referer: http://www.saratogahistory.com/phpBB/index.php
[Sat Oct 24 22:49:57.230316 2020] [core:crit] [pid 16376:tid 139803899172608] (13)Permission denied: [client 185.25.35.11:60992] AH00529: /var/www/vhosts/saratogahistory.com/httpdocs/phpBB/.htaccess pcfg_openfile: unable to check htaccess file, ensure it is readable and that '/var/www/vhosts/saratogahistory.com/httpdocs/phpBB/' is executable
[Sat Oct 24 22:56:38.953629 2020] [proxy_fcgi:error] [pid 3952:tid 139803739789056] [client 110.229.217.39:40300] AH01071: Got error 'Primary script unknown\n'
[Sat Oct 24 22:56:39.928671 2020] [proxy_fcgi:error] [pid 16376:tid 139803739789056] [client 110.229.217.39:40320] AH01071: Got error 'Primary script unknown\n'
[Sat Oct 24 23:27:42.220509 2020] [core:crit] [pid 16376:tid 139803802728192] (13)Permission denied: [client 198.251.89.29:52674] AH00529: /var/www/vhosts/saratogahistory.com/httpdocs/phpBB/.htaccess pcfg_openfile: unable to check htaccess file, ensure it is readable and that '/var/www/vhosts/saratogahistory.com/httpdocs/phpBB/' is executable, referer: http://www.saratogahistory.com/phpBB/index.php
[Sat Oct 24 23:38:28.887521 2020] [core:crit] [pid 3951:tid 139803718809344] (13)Permission denied: [client 77.83.175.161:36514] AH00529: /var/www/vhosts/saratogahistory.com/httpdocs/phpBB/.htaccess pcfg_openfile: unable to check htaccess file, ensure it is readable and that '/var/www/vhosts/saratogahistory.com/httpdocs/phpBB/' is executable, referer: http://www.saratogahistory.com/phpBB/index.php
[Sat Oct 24 23:43:06.635181 2020] [proxy_fcgi:error] [pid 16376:tid 139803592931072] [client 73.93.49.159:42032] AH01071: Got error 'Primary script unknown\n', referer: http://www.saratogahistory.com/new_membership.htm
[Sat Oct 24 23:43:46.931202 2020] [proxy_fcgi:error] [pid 16376:tid 139803739789056] [client 73.93.49.159:42516] AH01071: Got error 'PHP message: PHP Warning:  count() expects at least 1 parameter, 0 given in /var/www/vhosts/saratogahistory.com/httpdocs/createmembershipform.php on line 174\nPHP message: PHP Warning:  count() expects at least 1 parameter, 0 given in /var/www/vhosts/saratogahistory.com/httpdocs/createmembershipform.php on line 174\nPHP message: PHP Warning:  count() expects at least 1 parameter, 0 given in /var/www/vhosts/saratogahistory.com/httpdocs/createmembershipform.php on line 174\nPHP message: PHP Warning:  count() expects at least 1 parameter, 0 given in /var/www/vhosts/saratogahistory.com/httpdocs/createmembershipform.php on line 174\nPHP message: PHP Warning:  count() expects at least 1 parameter, 0 given in /var/www/vhosts/saratogahistory.com/httpdocs/createmembershipform.php on line 174\nPHP message: PHP Warning:  count() expects at least 1 parameter, 0 given in /var/www/vhosts/saratogahistory.com/httpdocs/createmembershipform.php on line 174\nPHP message: PHP Warning:  count() expects at least 1 parameter, 0 given in /var/www/vhosts/saratogahistory.com/httpdocs/createmembershipform.php on line 174\nPHP message: PHP Warning:  count() expects at least 1 parameter, 0 given in /var/www/vhosts/saratogahistory.com/httpdocs/createmembershipform.php on line 174\nPHP message: PHP Warning:  count() expects at least 1 parameter, 0 given in /var/www/vhosts/saratogahistory.com/httpdocs/createmembershipform.php on line 174\nPHP message: PHP Warning:  count() expects at least 1 parameter, 0 given in /var/www/vhosts/saratogahistory.com/httpdocs/createmembershipform.php on line 174\n', referer: http://www.saratogahistory.com/new_membership.htm
[Sat Oct 24 23:44:20.343383 2020] [proxy_fcgi:error] [pid 16376:tid 139803771258624] [client 73.93.49.159:43160] AH01071: Got error 'PHP message: PHP Warning:  count() expects at least 1 parameter, 0 given in /var/www/vhosts/saratogahistory.com/httpdocs/createmembershipform.php on line 174\nPHP message: PHP Warning:  count() expects at least 1 parameter, 0 given in /var/www/vhosts/saratogahistory.com/httpdocs/createmembershipform.php on line 174\nPHP message: PHP Warning:  count() expects at least 1 parameter, 0 given in /var/www/vhosts/saratogahistory.com/httpdocs/createmembershipform.php on line 174\nPHP message: PHP Warning:  count() expects at least 1 parameter, 0 given in /var/www/vhosts/saratogahistory.com/httpdocs/createmembershipform.php on line 174\nPHP message: PHP Warning:  count() expects at least 1 parameter, 0 given in /var/www/vhosts/saratogahistory.com/httpdocs/createmembershipform.php on line 174\nPHP message: PHP Warning:  count() expects at least 1 parameter, 0 given in /var/www/vhosts/saratogahistory.com/httpdocs/createmembershipform.php on line 174\nPHP message: PHP Warning:  count() expects at least 1 parameter, 0 given in /var/www/vhosts/saratogahistory.com/httpdocs/createmembershipform.php on line 174\nPHP message: PHP Warning:  count() expects at least 1 parameter, 0 given in /var/www/vhosts/saratogahistory.com/httpdocs/createmembershipform.php on line 174\nPHP message: PHP Warning:  count() expects at least 1 parameter, 0 given in /var/www/vhosts/saratogahistory.com/httpdocs/createmembershipform.php on line 174\nPHP message: PHP Warning:  count() expects at least 1 parameter, 0 given in /var/www/vhosts/saratogahistory.com/httpdocs/createmembershipform.php on line 174\n', referer: http://www.saratogahistory.com/new_membership.htm
[Sat Oct 24 23:49:12.392336 2020] [core:crit] [pid 16376:tid 139803634890496] (13)Permission denied: [client 185.25.35.13:48766] AH00529: /var/www/vhosts/saratogahistory.com/httpdocs/phpBB/.htaccess pcfg_openfile: unable to check htaccess file, ensure it is readable and that '/var/www/vhosts/saratogahistory.com/httpdocs/phpBB/' is executable
[Sun Oct 25 00:30:56.154609 2020] [core:crit] [pid 16376:tid 139803634890496] (13)Permission denied: [client 185.25.35.10:43500] AH00529: /var/www/vhosts/saratogahistory.com/httpdocs/phpBB/.htaccess pcfg_openfile: unable to check htaccess file, ensure it is readable and that '/var/www/vhosts/saratogahistory.com/httpdocs/phpBB/' is executable
[Sun Oct 25 00:48:08.823054 2020] [core:crit] [pid 16376:tid 139803592931072] (13)Permission denied: [client 185.25.35.8:37246] AH00529: /var/www/vhosts/saratogahistory.com/httpdocs/phpBB/.htaccess pcfg_openfile: unable to check htaccess file, ensure it is readable and that '/var/www/vhosts/saratogahistory.com/httpdocs/phpBB/' is executable
[Sun Oct 25 00:58:57.371776 2020] [core:crit] [pid 16376:tid 139803920152320] (13)Permission denied: [client 5.188.84.251:51314] AH00529: /var/www/vhosts/saratogahistory.com/httpdocs/phpBB/.htaccess pcfg_openfile: unable to check htaccess file, ensure it is readable and that '/var/www/vhosts/saratogahistory.com/httpdocs/phpBB/' is executable, referer: http://www.saratogahistory.com/phpBB/index.php
[Sun Oct 25 01:03:06.656618 2020] [core:crit] [pid 3952:tid 139803687339776] (13)Permission denied: [client 88.147.153.82:57030] AH00529: /var/www/vhosts/saratogahistory.com/httpdocs/phpBB/.htaccess pcfg_openfile: unable to check htaccess file, ensure it is readable and that '/var/www/vhosts/saratogahistory.com/httpdocs/phpBB/' is executable, referer: http://www.saratogahistory.com/phpBB/index.php
[Sun Oct 25 01:03:07.807058 2020] [proxy_fcgi:error] [pid 16376:tid 139803781748480] [client 88.147.153.82:57044] AH01071: Got error 'Primary script unknown\n', referer: http://www.saratogahistory.com/index.php
[Sun Oct 25 01:03:08.126770 2020] [proxy_fcgi:error] [pid 3952:tid 139803697829632] [client 88.147.153.82:57050] AH01071: Got error 'Primary script unknown\n', referer: http://www.saratogahistory.com/index.php
[Sun Oct 25 01:03:08.448825 2020] [proxy_fcgi:error] [pid 3952:tid 139803655870208] [client 88.147.153.82:57054] AH01071: Got error 'Primary script unknown\n', referer: http://www.saratogahistory.com/index.php
[Sun Oct 25 01:04:03.205092 2020] [core:crit] [pid 16376:tid 139803729299200] (13)Permission denied: [client 5.188.84.251:57838] AH00529: /var/www/vhosts/saratogahistory.com/httpdocs/phpBB/.htaccess pcfg_openfile: unable to check htaccess file, ensure it is readable and that '/var/www/vhosts/saratogahistory.com/httpdocs/phpBB/' is executable, referer: http://www.saratogahistory.com/phpBB/index.php
[Sun Oct 25 01:11:22.839075 2020] [core:crit] [pid 16376:tid 139803687339776] (13)Permission denied: [client 185.130.184.209:40082] AH00529: /var/www/vhosts/saratogahistory.com/httpdocs/phpBB/.htaccess pcfg_openfile: unable to check htaccess file, ensure it is readable and that '/var/www/vhosts/saratogahistory.com/httpdocs/phpBB/' is executable, referer: http://www.saratogahistory.com/phpBB/index.php
[Sun Oct 25 01:11:23.909222 2020] [proxy_fcgi:error] [pid 3950:tid 139803687339776] [client 185.130.184.209:40118] AH01071: Got error 'Primary script unknown\n', referer: http://www.saratogahistory.com/index.php
[Sun Oct 25 01:11:24.216788 2020] [proxy_fcgi:error] [pid 16376:tid 139803750278912] [client 185.130.184.209:40126] AH01071: Got error 'Primary script unknown\n', referer: http://www.saratogahistory.com/index.php
[Sun Oct 25 01:11:24.508646 2020] [proxy_fcgi:error] [pid 3951:tid 139803899172608] [client 185.130.184.209:40134] AH01071: Got error 'Primary script unknown\n', referer: http://www.saratogahistory.com/index.php
[Sun Oct 25 01:25:45.397396 2020] [proxy_fcgi:error] [pid 16376:tid 139803645380352] [client 73.93.49.159:60074] AH01071: Got error 'PHP message: PHP Warning:  count() expects at least 1 parameter, 0 given in /var/www/vhosts/saratogahistory.com/httpdocs/createmembershipform.php on line 174\nPHP message: PHP Warning:  count() expects at least 1 parameter, 0 given in /var/www/vhosts/saratogahistory.com/httpdocs/createmembershipform.php on line 174\nPHP message: PHP Warning:  count() expects at least 1 parameter, 0 given in /var/www/vhosts/saratogahistory.com/httpdocs/createmembershipform.php on line 174\nPHP message: PHP Warning:  count() expects at least 1 parameter, 0 given in /var/www/vhosts/saratogahistory.com/httpdocs/createmembershipform.php on line 174\nPHP message: PHP Warning:  count() expects at least 1 parameter, 0 given in /var/www/vhosts/saratogahistory.com/httpdocs/createmembershipform.php on line 174\nPHP message: PHP Warning:  count() expects at least 1 parameter, 0 given in /var/www/vhosts/saratogahistory.com/httpdocs/createmembershipform.php on line 174\nPHP message: PHP Warning:  count() expects at least 1 parameter, 0 given in /var/www/vhosts/saratogahistory.com/httpdocs/createmembershipform.php on line 174\nPHP message: PHP Warning:  count() expects at least 1 parameter, 0 given in /var/www/vhosts/saratogahistory.com/httpdocs/createmembershipform.php on line 174\nPHP message: PHP Warning:  count() expects at least 1 parameter, 0 given in /var/www/vhosts/saratogahistory.com/httpdocs/createmembershipform.php on line 174\nPHP message: PHP Warning:  count() expects at least 1 parameter, 0 given in /var/www/vhosts/saratogahistory.com/httpdocs/createmembershipform.php on line 174\n', referer: http://www.saratogahistory.com/new_membership.htm
[Sun Oct 25 01:25:50.000306 2020] [proxy_fcgi:error] [pid 16376:tid 139803899172608] [client 73.93.49.159:60188] AH01071: Got error 'PHP message: PHP Warning:  count() expects at least 1 parameter, 0 given in /var/www/vhosts/saratogahistory.com/httpdocs/createmembershipform.php on line 174\nPHP message: PHP Warning:  count() expects at least 1 parameter, 0 given in /var/www/vhosts/saratogahistory.com/httpdocs/createmembershipform.php on line 174\nPHP message: PHP Warning:  count() expects at least 1 parameter, 0 given in /var/www/vhosts/saratogahistory.com/httpdocs/createmembershipform.php on line 174\nPHP message: PHP Warning:  count() expects at least 1 parameter, 0 given in /var/www/vhosts/saratogahistory.com/httpdocs/createmembershipform.php on line 174\nPHP message: PHP Warning:  count() expects at least 1 parameter, 0 given in /var/www/vhosts/saratogahistory.com/httpdocs/createmembershipform.php on line 174\nPHP message: PHP Warning:  count() expects at least 1 parameter, 0 given in /var/www/vhosts/saratogahistory.com/httpdocs/createmembershipform.php on line 174\nPHP message: PHP Warning:  count() expects at least 1 parameter, 0 given in /var/www/vhosts/saratogahistory.com/httpdocs/createmembershipform.php on line 174\nPHP message: PHP Warning:  count() expects at least 1 parameter, 0 given in /var/www/vhosts/saratogahistory.com/httpdocs/createmembershipform.php on line 174\nPHP message: PHP Warning:  count() expects at least 1 parameter, 0 given in /var/www/vhosts/saratogahistory.com/httpdocs/createmembershipform.php on line 174\nPHP message: PHP Warning:  count() expects at least 1 parameter, 0 given in /var/www/vhosts/saratogahistory.com/httpdocs/createmembershipform.php on line 174\n', referer: http://www.saratogahistory.com/new_membership.htm
[Sun Oct 25 01:31:43.749645 2020] [proxy_fcgi:error] [pid 3951:tid 139803687339776] [client 73.93.49.159:39766] AH01071: Got error 'Primary script unknown\n', referer: http://www.saratogahistory.com/new_membership.htm
[Sun Oct 25 02:13:08.839073 2020] [core:crit] [pid 16376:tid 139803802728192] (13)Permission denied: [client 185.100.86.182:41758] AH00529: /var/www/vhosts/saratogahistory.com/httpdocs/phpBB/.htaccess pcfg_openfile: unable to check htaccess file, ensure it is readable and that '/var/www/vhosts/saratogahistory.com/httpdocs/phpBB/' is executable, referer: http://www.saratogahistory.com/phpBB/index.php
[Sun Oct 25 02:40:59.020371 2020] [core:crit] [pid 3952:tid 139803634890496] (13)Permission denied: [client 185.220.101.201:55344] AH00529: /var/www/vhosts/saratogahistory.com/httpdocs/phpBB/.htaccess pcfg_openfile: unable to check htaccess file, ensure it is readable and that '/var/www/vhosts/saratogahistory.com/httpdocs/phpBB/' is executable, referer: http://www.saratogahistory.com/phpBB/index.php
[Sun Oct 25 02:43:44.434127 2020] [core:crit] [pid 16376:tid 139803750278912] (13)Permission denied: [client 178.214.250.188:59554] AH00529: /var/www/vhosts/saratogahistory.com/httpdocs/phpBB/.htaccess pcfg_openfile: unable to check htaccess file, ensure it is readable and that '/var/www/vhosts/saratogahistory.com/httpdocs/phpBB/' is executable, referer: http://www.saratogahistory.com/phpBB/index.php
[Sun Oct 25 03:05:04.938635 2020] [core:crit] [pid 3950:tid 139803750278912] (13)Permission denied: [client 62.173.154.183:34072] AH00529: /var/www/vhosts/saratogahistory.com/httpdocs/phpBB/.htaccess pcfg_openfile: unable to check htaccess file, ensure it is readable and that '/var/www/vhosts/saratogahistory.com/httpdocs/phpBB/' is executable, referer: http://www.saratogahistory.com/phpBB/index.php
[Sun Oct 25 03:05:06.512153 2020] [proxy_fcgi:error] [pid 16376:tid 139803697829632] [client 62.173.154.183:34164] AH01071: Got error 'Primary script unknown\n', referer: http://www.saratogahistory.com/index.php
[Sun Oct 25 03:05:07.086980 2020] [core:crit] [pid 3951:tid 139803666360064] (13)Permission denied: [client 62.173.154.183:34198] AH00529: /var/www/vhosts/saratogahistory.com/httpdocs/phpBB/.htaccess pcfg_openfile: unable to check htaccess file, ensure it is readable and that '/var/www/vhosts/saratogahistory.com/httpdocs/phpBB/' is executable, referer: http://www.saratogahistory.com/phpBB/index.php
[Sun Oct 25 03:05:07.100616 2020] [proxy_fcgi:error] [pid 3951:tid 139803655870208] [client 62.173.154.183:34200] AH01071: Got error 'Primary script unknown\n', referer: http://www.saratogahistory.com/index.php
[Sun Oct 25 03:05:07.414392 2020] [proxy_fcgi:error] [pid 3951:tid 139803708319488] [client 62.173.154.183:34220] AH01071: Got error 'Primary script unknown\n', referer: http://www.saratogahistory.com/index.php
[Sun Oct 25 03:05:08.214213 2020] [proxy_fcgi:error] [pid 3951:tid 139803624400640] [client 62.173.154.183:34278] AH01071: Got error 'Primary script unknown\n', referer: http://www.saratogahistory.com/index.php
[Sun Oct 25 03:05:08.527404 2020] [proxy_fcgi:error] [pid 16376:tid 139803729299200] [client 62.173.154.183:34292] AH01071: Got error 'Primary script unknown\n', referer: http://www.saratogahistory.com/index.php
[Sun Oct 25 03:05:08.848664 2020] [proxy_fcgi:error] [pid 16376:tid 139803666360064] [client 62.173.154.183:34306] AH01071: Got error 'Primary script unknown\n', referer: http://www.saratogahistory.com/index.php
[Sun Oct 25 03:05:18.788498 2020] [core:crit] [pid 16376:tid 139803899172608] (13)Permission denied: [client 62.173.154.183:34548] AH00529: /var/www/vhosts/saratogahistory.com/httpdocs/phpBB/.htaccess pcfg_openfile: unable to check htaccess file, ensure it is readable and that '/var/www/vhosts/saratogahistory.com/httpdocs/phpBB/' is executable, referer: http://www.saratogahistory.com/phpBB/index.php
[Sun Oct 25 03:05:20.471506 2020] [proxy_fcgi:error] [pid 16376:tid 139803739789056] [client 62.173.154.183:34614] AH01071: Got error 'Primary script unknown\n', referer: http://www.saratogahistory.com/index.php
[Sun Oct 25 03:05:20.963847 2020] [proxy_fcgi:error] [pid 3951:tid 139803909662464] [client 62.173.154.183:34628] AH01071: Got error 'Primary script unknown\n', referer: http://www.saratogahistory.com/index.php
[Sun Oct 25 03:05:21.541796 2020] [proxy_fcgi:error] [pid 16376:tid 139803771258624] [client 62.173.154.183:34644] AH01071: Got error 'Primary script unknown\n', referer: http://www.saratogahistory.com/index.php
[Sun Oct 25 03:05:29.866400 2020] [core:crit] [pid 3952:tid 139803899172608] (13)Permission denied: [client 54.39.16.73:36234] AH00529: /var/www/vhosts/saratogahistory.com/httpdocs/phpBB/.htaccess pcfg_openfile: unable to check htaccess file, ensure it is readable and that '/var/www/vhosts/saratogahistory.com/httpdocs/phpBB/' is executable, referer: http://www.saratogahistory.com/phpBB/index.php
[Sun Oct 25 03:45:31.872617 2020] [core:crit] [pid 16376:tid 139803666360064] (13)Permission denied: [client 188.165.211.208:36800] AH00529: /var/www/vhosts/saratogahistory.com/httpdocs/phpBB/.htaccess pcfg_openfile: unable to check htaccess file, ensure it is readable and that '/var/www/vhosts/saratogahistory.com/httpdocs/phpBB/' is executable, referer: http://www.saratogahistory.com/phpBB/index.php
[Sun Oct 25 03:45:40.286137 2020] [core:crit] [pid 16376:tid 139803613910784] (13)Permission denied: [client 5.188.84.230:37022] AH00529: /var/www/vhosts/saratogahistory.com/httpdocs/phpBB/.htaccess pcfg_openfile: unable to check htaccess file, ensure it is readable and that '/var/www/vhosts/saratogahistory.com/httpdocs/phpBB/' is executable, referer: http://www.saratogahistory.com/phpBB/index.php
[Sun Oct 25 05:04:02.363332 2020] [core:crit] [pid 16376:tid 139803592931072] (13)Permission denied: [client 51.195.166.160:33346] AH00529: /var/www/vhosts/saratogahistory.com/httpdocs/phpBB/.htaccess pcfg_openfile: unable to check htaccess file, ensure it is readable and that '/var/www/vhosts/saratogahistory.com/httpdocs/phpBB/' is executable, referer: http://www.saratogahistory.com/phpBB/index.php
[Sun Oct 25 05:05:49.510247 2020] [core:crit] [pid 3951:tid 139803687339776] (13)Permission denied: [client 185.25.35.14:36488] AH00529: /var/www/vhosts/saratogahistory.com/httpdocs/phpBB/.htaccess pcfg_openfile: unable to check htaccess file, ensure it is readable and that '/var/www/vhosts/saratogahistory.com/httpdocs/phpBB/' is executable
[Sun Oct 25 05:32:59.721745 2020] [core:crit] [pid 3952:tid 139803666360064] (13)Permission denied: [client 5.187.70.110:44820] AH00529: /var/www/vhosts/saratogahistory.com/httpdocs/phpBB/.htaccess pcfg_openfile: unable to check htaccess file, ensure it is readable and that '/var/www/vhosts/saratogahistory.com/httpdocs/phpBB/' is executable, referer: http://www.saratogahistory.com/phpBB/index.php
[Sun Oct 25 05:42:49.742498 2020] [core:crit] [pid 3950:tid 139803888682752] (13)Permission denied: [client 192.42.116.23:55510] AH00529: /var/www/vhosts/saratogahistory.com/httpdocs/phpBB/.htaccess pcfg_openfile: unable to check htaccess file, ensure it is readable and that '/var/www/vhosts/saratogahistory.com/httpdocs/phpBB/' is executable, referer: http://www.saratogahistory.com/phpBB/index.php
[Sun Oct 25 05:45:24.208852 2020] [core:crit] [pid 16376:tid 139803899172608] (13)Permission denied: [client 185.220.102.244:58390] AH00529: /var/www/vhosts/saratogahistory.com/httpdocs/phpBB/.htaccess pcfg_openfile: unable to check htaccess file, ensure it is readable and that '/var/www/vhosts/saratogahistory.com/httpdocs/phpBB/' is executable, referer: http://www.saratogahistory.com/phpBB/index.php
[Sun Oct 25 06:03:22.907639 2020] [core:crit] [pid 16376:tid 139803729299200] (13)Permission denied: [client 212.21.66.6:49572] AH00529: /var/www/vhosts/saratogahistory.com/httpdocs/phpBB/.htaccess pcfg_openfile: unable to check htaccess file, ensure it is readable and that '/var/www/vhosts/saratogahistory.com/httpdocs/phpBB/' is executable, referer: http://www.saratogahistory.com/phpBB/index.php
[Sun Oct 25 06:04:40.198190 2020] [core:crit] [pid 3951:tid 139803634890496] (13)Permission denied: [client 185.25.35.14:50812] AH00529: /var/www/vhosts/saratogahistory.com/httpdocs/phpBB/.htaccess pcfg_openfile: unable to check htaccess file, ensure it is readable and that '/var/www/vhosts/saratogahistory.com/httpdocs/phpBB/' is executable
[Sun Oct 25 06:19:24.832678 2020] [proxy_fcgi:error] [pid 3952:tid 139803781748480] [client 139.59.147.218:42354] AH01071: Got error 'Primary script unknown\n', referer: http://saratogahistory.com/wp-login.php
[Sun Oct 25 06:45:09.184967 2020] [core:crit] [pid 16376:tid 139803603420928] (13)Permission denied: [client 185.25.35.13:51494] AH00529: /var/www/vhosts/saratogahistory.com/httpdocs/phpBB/.htaccess pcfg_openfile: unable to check htaccess file, ensure it is readable and that '/var/www/vhosts/saratogahistory.com/httpdocs/phpBB/' is executable
[Sun Oct 25 07:05:52.293805 2020] [core:crit] [pid 3951:tid 139803655870208] (13)Permission denied: [client 185.25.35.12:48328] AH00529: /var/www/vhosts/saratogahistory.com/httpdocs/phpBB/.htaccess pcfg_openfile: unable to check htaccess file, ensure it is readable and that '/var/www/vhosts/saratogahistory.com/httpdocs/phpBB/' is executable
[Sun Oct 25 07:08:48.529140 2020] [core:crit] [pid 16376:tid 139803666360064] (13)Permission denied: [client 91.191.184.124:52280] AH00529: /var/www/vhosts/saratogahistory.com/httpdocs/phpBB/.htaccess pcfg_openfile: unable to check htaccess file, ensure it is readable and that '/var/www/vhosts/saratogahistory.com/httpdocs/phpBB/' is executable, referer: http://www.saratogahistory.com/phpBB/index.php
[Sun Oct 25 07:08:48.892494 2020] [core:crit] [pid 16376:tid 139803899172608] (13)Permission denied: [client 91.188.231.56:52296] AH00529: /var/www/vhosts/saratogahistory.com/httpdocs/phpBB/.htaccess pcfg_openfile: unable to check htaccess file, ensure it is readable and that '/var/www/vhosts/saratogahistory.com/httpdocs/phpBB/' is executable, referer: http://www.saratogahistory.com/phpBB/index.php
[Sun Oct 25 07:08:49.253639 2020] [core:crit] [pid 16376:tid 139803592931072] (13)Permission denied: [client 45.131.47.212:52308] AH00529: /var/www/vhosts/saratogahistory.com/httpdocs/phpBB/.htaccess pcfg_openfile: unable to check htaccess file, ensure it is readable and that '/var/www/vhosts/saratogahistory.com/httpdocs/phpBB/' is executable, referer: http://www.saratogahistory.com/phpBB/index.php
[Sun Oct 25 07:08:49.621076 2020] [core:crit] [pid 3951:tid 139803676849920] (13)Permission denied: [client 45.134.24.9:52314] AH00529: /var/www/vhosts/saratogahistory.com/httpdocs/phpBB/.htaccess pcfg_openfile: unable to check htaccess file, ensure it is readable and that '/var/www/vhosts/saratogahistory.com/httpdocs/phpBB/' is executable, referer: http://www.saratogahistory.com/phpBB/index.php
[Sun Oct 25 07:08:51.288119 2020] [proxy_fcgi:error] [pid 16376:tid 139803771258624] [client 45.134.24.9:52366] AH01071: Got error 'Primary script unknown\n', referer: http://www.saratogahistory.com/index.php
[Sun Oct 25 07:08:51.653218 2020] [proxy_fcgi:error] [pid 16376:tid 139803655870208] [client 45.134.24.9:52370] AH01071: Got error 'Primary script unknown\n', referer: http://www.saratogahistory.com/index.php
[Sun Oct 25 07:08:52.021733 2020] [proxy_fcgi:error] [pid 16376:tid 139803634890496] [client 45.134.24.9:52378] AH01071: Got error 'Primary script unknown\n', referer: http://www.saratogahistory.com/index.php
[Sun Oct 25 07:28:35.678093 2020] [core:crit] [pid 3951:tid 139803634890496] (13)Permission denied: [client 104.244.74.97:51214] AH00529: /var/www/vhosts/saratogahistory.com/httpdocs/phpBB/.htaccess pcfg_openfile: unable to check htaccess file, ensure it is readable and that '/var/www/vhosts/saratogahistory.com/httpdocs/phpBB/' is executable, referer: http://www.saratogahistory.com/phpBB/index.php
[Sun Oct 25 08:07:07.751056 2020] [core:crit] [pid 16376:tid 139803697829632] (13)Permission denied: [client 188.163.109.153:43142] AH00529: /var/www/vhosts/saratogahistory.com/httpdocs/phpBB/.htaccess pcfg_openfile: unable to check htaccess file, ensure it is readable and that '/var/www/vhosts/saratogahistory.com/httpdocs/phpBB/' is executable, referer: http://www.saratogahistory.com/phpBB/index.php
[Sun Oct 25 08:36:27.445998 2020] [core:crit] [pid 3951:tid 139803613910784] (13)Permission denied: [client 196.244.192.56:56668] AH00529: /var/www/vhosts/saratogahistory.com/httpdocs/phpBB/.htaccess pcfg_openfile: unable to check htaccess file, ensure it is readable and that '/var/www/vhosts/saratogahistory.com/httpdocs/phpBB/' is executable, referer: http://www.saratogahistory.com/phpBB/index.php
[Sun Oct 25 09:10:07.446698 2020] [core:crit] [pid 3951:tid 139803655870208] (13)Permission denied: [client 23.106.58.183:43018] AH00529: /var/www/vhosts/saratogahistory.com/httpdocs/phpBB/.htaccess pcfg_openfile: unable to check htaccess file, ensure it is readable and that '/var/www/vhosts/saratogahistory.com/httpdocs/phpBB/' is executable, referer: http://www.saratogahistory.com/phpBB/index.php
[Sun Oct 25 09:56:44.720867 2020] [core:crit] [pid 16376:tid 139803687339776] (13)Permission denied: [client 51.195.151.208:44412] AH00529: /var/www/vhosts/saratogahistory.com/httpdocs/phpBB/.htaccess pcfg_openfile: unable to check htaccess file, ensure it is readable and that '/var/www/vhosts/saratogahistory.com/httpdocs/phpBB/' is executable, referer: http://www.saratogahistory.com/phpBB/index.php
[Sun Oct 25 11:37:19.183060 2020] [core:crit] [pid 3951:tid 139803634890496] (13)Permission denied: [client 185.25.35.8:38680] AH00529: /var/www/vhosts/saratogahistory.com/httpdocs/phpBB/.htaccess pcfg_openfile: unable to check htaccess file, ensure it is readable and that '/var/www/vhosts/saratogahistory.com/httpdocs/phpBB/' is executable
[Sun Oct 25 12:14:47.636792 2020] [core:crit] [pid 3951:tid 139803739789056] (13)Permission denied: [client 178.214.250.188:59680] AH00529: /var/www/vhosts/saratogahistory.com/httpdocs/phpBB/.htaccess pcfg_openfile: unable to check htaccess file, ensure it is readable and that '/var/www/vhosts/saratogahistory.com/httpdocs/phpBB/' is executable, referer: http://www.saratogahistory.com/phpBB/index.php
[Sun Oct 25 12:27:14.808186 2020] [core:crit] [pid 16376:tid 139803708319488] (13)Permission denied: [client 51.77.58.144:48178] AH00529: /var/www/vhosts/saratogahistory.com/httpdocs/phpBB/.htaccess pcfg_openfile: unable to check htaccess file, ensure it is readable and that '/var/www/vhosts/saratogahistory.com/httpdocs/phpBB/' is executable, referer: http://www.saratogahistory.com/phpBB/index.php
[Sun Oct 25 12:36:38.577699 2020] [core:crit] [pid 3951:tid 139803666360064] (13)Permission denied: [client 185.25.35.14:60122] AH00529: /var/www/vhosts/saratogahistory.com/httpdocs/phpBB/.htaccess pcfg_openfile: unable to check htaccess file, ensure it is readable and that '/var/www/vhosts/saratogahistory.com/httpdocs/phpBB/' is executable
[Sun Oct 25 12:43:13.265140 2020] [core:crit] [pid 16376:tid 139803792238336] (13)Permission denied: [client 51.68.196.79:40862] AH00529: /var/www/vhosts/saratogahistory.com/httpdocs/phpBB/.htaccess pcfg_openfile: unable to check htaccess file, ensure it is readable and that '/var/www/vhosts/saratogahistory.com/httpdocs/phpBB/' is executable, referer: http://www.saratogahistory.com/phpBB/index.php
[Sun Oct 25 13:18:18.476006 2020] [core:crit] [pid 3951:tid 139803739789056] (13)Permission denied: [client 185.25.35.13:36514] AH00529: /var/www/vhosts/saratogahistory.com/httpdocs/phpBB/.htaccess pcfg_openfile: unable to check htaccess file, ensure it is readable and that '/var/www/vhosts/saratogahistory.com/httpdocs/phpBB/' is executable
[Sun Oct 25 13:40:00.994177 2020] [core:crit] [pid 16376:tid 139803750278912] (13)Permission denied: [client 185.25.35.11:45528] AH00529: /var/www/vhosts/saratogahistory.com/httpdocs/phpBB/.htaccess pcfg_openfile: unable to check htaccess file, ensure it is readable and that '/var/www/vhosts/saratogahistory.com/httpdocs/phpBB/' is executable
[Sun Oct 25 13:49:23.486417 2020] [core:crit] [pid 16376:tid 139803708319488] (13)Permission denied: [client 195.181.170.73:60694] AH00529: /var/www/vhosts/saratogahistory.com/httpdocs/phpBB/.htaccess pcfg_openfile: unable to check htaccess file, ensure it is readable and that '/var/www/vhosts/saratogahistory.com/httpdocs/phpBB/' is executable, referer: http://www.saratogahistory.com/phpBB/index.php
[Sun Oct 25 13:49:24.532294 2020] [proxy_fcgi:error] [pid 3952:tid 139803729299200] [client 195.181.170.73:60748] AH01071: Got error 'Primary script unknown\n', referer: http://www.saratogahistory.com/index.php
[Sun Oct 25 13:49:24.825596 2020] [proxy_fcgi:error] [pid 3952:tid 139803760768768] [client 195.181.170.73:60768] AH01071: Got error 'Primary script unknown\n', referer: http://www.saratogahistory.com/index.php
[Sun Oct 25 13:49:25.116356 2020] [proxy_fcgi:error] [pid 16376:tid 139803781748480] [client 195.181.170.73:60776] AH01071: Got error 'Primary script unknown\n', referer: http://www.saratogahistory.com/index.php
[Sun Oct 25 14:03:08.500787 2020] [core:crit] [pid 3952:tid 139803708319488] (13)Permission denied: [client 88.147.153.82:52910] AH00529: /var/www/vhosts/saratogahistory.com/httpdocs/phpBB/.htaccess pcfg_openfile: unable to check htaccess file, ensure it is readable and that '/var/www/vhosts/saratogahistory.com/httpdocs/phpBB/' is executable, referer: http://www.saratogahistory.com/phpBB/index.php
[Sun Oct 25 14:03:11.111232 2020] [proxy_fcgi:error] [pid 16376:tid 139803920152320] [client 88.147.153.82:52946] AH01071: Got error 'Primary script unknown\n', referer: http://www.saratogahistory.com/index.php
[Sun Oct 25 14:03:11.458318 2020] [proxy_fcgi:error] [pid 16376:tid 139803718809344] [client 88.147.153.82:52954] AH01071: Got error 'Primary script unknown\n', referer: http://www.saratogahistory.com/index.php
[Sun Oct 25 14:03:11.776637 2020] [proxy_fcgi:error] [pid 3952:tid 139803750278912] [client 88.147.153.82:52958] AH01071: Got error 'Primary script unknown\n', referer: http://www.saratogahistory.com/index.php
[Sun Oct 25 14:33:18.904555 2020] [core:crit] [pid 16376:tid 139803750278912] (13)Permission denied: [client 178.214.250.188:43744] AH00529: /var/www/vhosts/saratogahistory.com/httpdocs/phpBB/.htaccess pcfg_openfile: unable to check htaccess file, ensure it is readable and that '/var/www/vhosts/saratogahistory.com/httpdocs/phpBB/' is executable, referer: http://www.saratogahistory.com/phpBB/index.php
[Sun Oct 25 15:10:38.950042 2020] [core:crit] [pid 16376:tid 139803697829632] (13)Permission denied: [client 188.32.129.82:54434] AH00529: /var/www/vhosts/saratogahistory.com/httpdocs/phpBB/.htaccess pcfg_openfile: unable to check htaccess file, ensure it is readable and that '/var/www/vhosts/saratogahistory.com/httpdocs/phpBB/' is executable, referer: http://www.saratogahistory.com/phpBB/index.php
[Sun Oct 25 15:11:18.160315 2020] [core:crit] [pid 16376:tid 139803666360064] (13)Permission denied: [client 185.220.101.142:55156] AH00529: /var/www/vhosts/saratogahistory.com/httpdocs/phpBB/.htaccess pcfg_openfile: unable to check htaccess file, ensure it is readable and that '/var/www/vhosts/saratogahistory.com/httpdocs/phpBB/' is executable, referer: http://www.saratogahistory.com/phpBB/index.php
[Sun Oct 25 16:05:38.097231 2020] [core:crit] [pid 16376:tid 139803645380352] (13)Permission denied: [client 95.72.144.215:49722] AH00529: /var/www/vhosts/saratogahistory.com/httpdocs/phpBB/.htaccess pcfg_openfile: unable to check htaccess file, ensure it is readable and that '/var/www/vhosts/saratogahistory.com/httpdocs/phpBB/' is executable, referer: http://www.saratogahistory.com/phpBB/index.php
[Sun Oct 25 16:07:54.130857 2020] [core:crit] [pid 16376:tid 139803592931072] (13)Permission denied: [client 198.251.89.29:52450] AH00529: /var/www/vhosts/saratogahistory.com/httpdocs/phpBB/.htaccess pcfg_openfile: unable to check htaccess file, ensure it is readable and that '/var/www/vhosts/saratogahistory.com/httpdocs/phpBB/' is executable, referer: http://www.saratogahistory.com/phpBB/index.php
[Sun Oct 25 17:17:02.069220 2020] [core:crit] [pid 16376:tid 139803592931072] (13)Permission denied: [client 217.182.192.217:39304] AH00529: /var/www/vhosts/saratogahistory.com/httpdocs/phpBB/.htaccess pcfg_openfile: unable to check htaccess file, ensure it is readable and that '/var/www/vhosts/saratogahistory.com/httpdocs/phpBB/' is executable, referer: http://www.saratogahistory.com/phpBB/index.php
[Sun Oct 25 17:51:08.041025 2020] [core:crit] [pid 16376:tid 139803781748480] (13)Permission denied: [client 104.244.75.153:57376] AH00529: /var/www/vhosts/saratogahistory.com/httpdocs/phpBB/.htaccess pcfg_openfile: unable to check htaccess file, ensure it is readable and that '/var/www/vhosts/saratogahistory.com/httpdocs/phpBB/' is executable, referer: http://www.saratogahistory.com/phpBB/index.php
[Sun Oct 25 18:16:23.067001 2020] [core:crit] [pid 16376:tid 139803603420928] (13)Permission denied: [client 185.25.35.15:37162] AH00529: /var/www/vhosts/saratogahistory.com/httpdocs/phpBB/.htaccess pcfg_openfile: unable to check htaccess file, ensure it is readable and that '/var/www/vhosts/saratogahistory.com/httpdocs/phpBB/' is executable
[Sun Oct 25 19:23:50.850904 2020] [core:crit] [pid 16376:tid 139803739789056] (13)Permission denied: [client 185.25.35.9:39694] AH00529: /var/www/vhosts/saratogahistory.com/httpdocs/phpBB/.htaccess pcfg_openfile: unable to check htaccess file, ensure it is readable and that '/var/www/vhosts/saratogahistory.com/httpdocs/phpBB/' is executable
[Sun Oct 25 19:27:55.285841 2020] [core:crit] [pid 16376:tid 139803655870208] (13)Permission denied: [client 185.34.33.2:44792] AH00529: /var/www/vhosts/saratogahistory.com/httpdocs/phpBB/.htaccess pcfg_openfile: unable to check htaccess file, ensure it is readable and that '/var/www/vhosts/saratogahistory.com/httpdocs/phpBB/' is executable, referer: http://www.saratogahistory.com/phpBB/index.php
[Sun Oct 25 19:47:53.264628 2020] [core:crit] [pid 16376:tid 139803718809344] (13)Permission denied: [client 104.244.72.38:40390] AH00529: /var/www/vhosts/saratogahistory.com/httpdocs/phpBB/.htaccess pcfg_openfile: unable to check htaccess file, ensure it is readable and that '/var/www/vhosts/saratogahistory.com/httpdocs/phpBB/' is executable, referer: http://www.saratogahistory.com/phpBB/index.php
[Sun Oct 25 19:56:59.681421 2020] [core:crit] [pid 16376:tid 139803676849920] (13)Permission denied: [client 185.25.35.12:51904] AH00529: /var/www/vhosts/saratogahistory.com/httpdocs/phpBB/.htaccess pcfg_openfile: unable to check htaccess file, ensure it is readable and that '/var/www/vhosts/saratogahistory.com/httpdocs/phpBB/' is executable
[Sun Oct 25 20:15:05.924259 2020] [core:crit] [pid 16376:tid 139803697829632] (13)Permission denied: [client 51.195.149.69:47044] AH00529: /var/www/vhosts/saratogahistory.com/httpdocs/phpBB/.htaccess pcfg_openfile: unable to check htaccess file, ensure it is readable and that '/var/www/vhosts/saratogahistory.com/httpdocs/phpBB/' is executable, referer: http://www.saratogahistory.com/phpBB/index.php
[Sun Oct 25 20:18:01.682045 2020] [core:crit] [pid 16376:tid 139803802728192] (13)Permission denied: [client 185.25.35.14:50768] AH00529: /var/www/vhosts/saratogahistory.com/httpdocs/phpBB/.htaccess pcfg_openfile: unable to check htaccess file, ensure it is readable and that '/var/www/vhosts/saratogahistory.com/httpdocs/phpBB/' is executable
[Sun Oct 25 20:27:43.564673 2020] [core:crit] [pid 16376:tid 139803760768768] (13)Permission denied: [client 89.31.57.5:37408] AH00529: /var/www/vhosts/saratogahistory.com/httpdocs/phpBB/.htaccess pcfg_openfile: unable to check htaccess file, ensure it is readable and that '/var/www/vhosts/saratogahistory.com/httpdocs/phpBB/' is executable, referer: http://www.saratogahistory.com/phpBB/index.php
[Sun Oct 25 22:00:24.902102 2020] [core:crit] [pid 3951:tid 139803655870208] (13)Permission denied: [client 88.147.153.82:42538] AH00529: /var/www/vhosts/saratogahistory.com/httpdocs/phpBB/.htaccess pcfg_openfile: unable to check htaccess file, ensure it is readable and that '/var/www/vhosts/saratogahistory.com/httpdocs/phpBB/' is executable, referer: http://www.saratogahistory.com/phpBB/index.php
[Sun Oct 25 22:00:28.509405 2020] [proxy_fcgi:error] [pid 16376:tid 139803771258624] [client 88.147.153.82:42624] AH01071: Got error 'Primary script unknown\n', referer: http://www.saratogahistory.com/index.php
[Sun Oct 25 22:00:29.083119 2020] [proxy_fcgi:error] [pid 3952:tid 139803771258624] [client 88.147.153.82:42644] AH01071: Got error 'Primary script unknown\n', referer: http://www.saratogahistory.com/index.php
[Sun Oct 25 22:00:29.393656 2020] [proxy_fcgi:error] [pid 16376:tid 139803655870208] [client 88.147.153.82:42656] AH01071: Got error 'Primary script unknown\n', referer: http://www.saratogahistory.com/index.php
[Sun Oct 25 22:00:44.227224 2020] [proxy_fcgi:error] [pid 16376:tid 139803687339776] [client 167.99.12.47:43052] AH01071: Got error 'Primary script unknown\n', referer: http://saratogahistory.com/wp-login.php
[Sun Oct 25 22:43:33.267325 2020] [core:crit] [pid 3951:tid 139803739789056] (13)Permission denied: [client 199.195.250.42:46416] AH00529: /var/www/vhosts/saratogahistory.com/httpdocs/phpBB/.htaccess pcfg_openfile: unable to check htaccess file, ensure it is readable and that '/var/www/vhosts/saratogahistory.com/httpdocs/phpBB/' is executable, referer: http://www.saratogahistory.com/phpBB/index.php
[Sun Oct 25 23:03:47.239695 2020] [core:crit] [pid 16376:tid 139803676849920] (13)Permission denied: [client 185.220.102.4:46872] AH00529: /var/www/vhosts/saratogahistory.com/httpdocs/phpBB/.htaccess pcfg_openfile: unable to check htaccess file, ensure it is readable and that '/var/www/vhosts/saratogahistory.com/httpdocs/phpBB/' is executable, referer: http://www.saratogahistory.com/phpBB/index.php
[Sun Oct 25 23:13:56.634497 2020] [proxy_fcgi:error] [pid 16376:tid 139803687339776] [client 139.155.73.2:60522] AH01071: Got error 'Primary script unknown\n'
[Sun Oct 25 23:24:54.058185 2020] [core:crit] [pid 16376:tid 139803792238336] (13)Permission denied: [client 183.89.113.194:46762] AH00529: /var/www/vhosts/saratogahistory.com/httpdocs/phpBB/.htaccess pcfg_openfile: unable to check htaccess file, ensure it is readable and that '/var/www/vhosts/saratogahistory.com/httpdocs/phpBB/' is executable, referer: http://www.saratogahistory.com/phpBB/profile.php?mode=register&agreed=true
[Sun Oct 25 23:25:37.852946 2020] [proxy_fcgi:error] [pid 16376:tid 139803666360064] [client 36.67.246.50:48044] AH01071: Got error 'Primary script unknown\n', referer: http://www.saratogahistory.com/index.php
[Mon Oct 26 00:48:00.118645 2020] [core:crit] [pid 16376:tid 139803645380352] (13)Permission denied: [client 178.214.250.188:43406] AH00529: /var/www/vhosts/saratogahistory.com/httpdocs/phpBB/.htaccess pcfg_openfile: unable to check htaccess file, ensure it is readable and that '/var/www/vhosts/saratogahistory.com/httpdocs/phpBB/' is executable, referer: http://www.saratogahistory.com/phpBB/index.php
[Mon Oct 26 00:49:31.272271 2020] [proxy_fcgi:error] [pid 3951:tid 139803750278912] [client 123.56.83.239:44790] AH01071: Got error 'Primary script unknown\n'
[Mon Oct 26 00:49:50.522926 2020] [core:crit] [pid 16376:tid 139803676849920] (13)Permission denied: [client 185.25.35.14:45376] AH00529: /var/www/vhosts/saratogahistory.com/httpdocs/phpBB/.htaccess pcfg_openfile: unable to check htaccess file, ensure it is readable and that '/var/www/vhosts/saratogahistory.com/httpdocs/phpBB/' is executable
[Mon Oct 26 01:51:19.119147 2020] [core:crit] [pid 16376:tid 139803708319488] (13)Permission denied: [client 104.244.74.28:49644] AH00529: /var/www/vhosts/saratogahistory.com/httpdocs/phpBB/.htaccess pcfg_openfile: unable to check htaccess file, ensure it is readable and that '/var/www/vhosts/saratogahistory.com/httpdocs/phpBB/' is executable, referer: http://www.saratogahistory.com/phpBB/index.php
[Mon Oct 26 01:58:21.029367 2020] [core:crit] [pid 3951:tid 139803771258624] (13)Permission denied: [client 185.25.35.13:58890] AH00529: /var/www/vhosts/saratogahistory.com/httpdocs/phpBB/.htaccess pcfg_openfile: unable to check htaccess file, ensure it is readable and that '/var/www/vhosts/saratogahistory.com/httpdocs/phpBB/' is executable
[Mon Oct 26 02:07:12.772413 2020] [core:crit] [pid 16376:tid 139803624400640] (13)Permission denied: [client 5.188.84.230:44250] AH00529: /var/www/vhosts/saratogahistory.com/httpdocs/phpBB/.htaccess pcfg_openfile: unable to check htaccess file, ensure it is readable and that '/var/www/vhosts/saratogahistory.com/httpdocs/phpBB/' is executable, referer: http://www.saratogahistory.com/phpBB/
[Mon Oct 26 02:07:39.266322 2020] [core:crit] [pid 3952:tid 139803899172608] (13)Permission denied: [client 46.19.141.85:44922] AH00529: /var/www/vhosts/saratogahistory.com/httpdocs/phpBB/.htaccess pcfg_openfile: unable to check htaccess file, ensure it is readable and that '/var/www/vhosts/saratogahistory.com/httpdocs/phpBB/' is executable, referer: http://www.saratogahistory.com/phpBB/index.php
[Mon Oct 26 02:19:19.234675 2020] [core:crit] [pid 3952:tid 139803781748480] (13)Permission denied: [client 195.181.170.73:60198] AH00529: /var/www/vhosts/saratogahistory.com/httpdocs/phpBB/.htaccess pcfg_openfile: unable to check htaccess file, ensure it is readable and that '/var/www/vhosts/saratogahistory.com/httpdocs/phpBB/' is executable, referer: http://www.saratogahistory.com/phpBB/index.php
[Mon Oct 26 02:19:20.285511 2020] [proxy_fcgi:error] [pid 16376:tid 139803718809344] [client 195.181.170.73:60234] AH01071: Got error 'Primary script unknown\n', referer: http://www.saratogahistory.com/index.php
[Mon Oct 26 02:19:20.574326 2020] [proxy_fcgi:error] [pid 16376:tid 139803920152320] [client 195.181.170.73:60236] AH01071: Got error 'Primary script unknown\n', referer: http://www.saratogahistory.com/index.php
[Mon Oct 26 02:19:20.866045 2020] [proxy_fcgi:error] [pid 16376:tid 139803750278912] [client 195.181.170.73:60248] AH01071: Got error 'Primary script unknown\n', referer: http://www.saratogahistory.com/index.php
[Mon Oct 26 02:29:08.919168 2020] [core:crit] [pid 16376:tid 139803645380352] (13)Permission denied: [client 185.25.35.11:46404] AH00529: /var/www/vhosts/saratogahistory.com/httpdocs/phpBB/.htaccess pcfg_openfile: unable to check htaccess file, ensure it is readable and that '/var/www/vhosts/saratogahistory.com/httpdocs/phpBB/' is executable
[Mon Oct 26 02:47:28.725559 2020] [core:crit] [pid 3951:tid 139803676849920] (13)Permission denied: [client 185.25.35.8:43884] AH00529: /var/www/vhosts/saratogahistory.com/httpdocs/phpBB/.htaccess pcfg_openfile: unable to check htaccess file, ensure it is readable and that '/var/www/vhosts/saratogahistory.com/httpdocs/phpBB/' is executable
[Mon Oct 26 04:24:36.345855 2020] [core:crit] [pid 16376:tid 139803708319488] (13)Permission denied: [client 185.220.100.243:40290] AH00529: /var/www/vhosts/saratogahistory.com/httpdocs/phpBB/.htaccess pcfg_openfile: unable to check htaccess file, ensure it is readable and that '/var/www/vhosts/saratogahistory.com/httpdocs/phpBB/' is executable, referer: http://www.saratogahistory.com/phpBB/index.php
[Mon Oct 26 04:25:02.172865 2020] [core:crit] [pid 16376:tid 139803676849920] (13)Permission denied: [client 64.113.32.29:40828] AH00529: /var/www/vhosts/saratogahistory.com/httpdocs/phpBB/.htaccess pcfg_openfile: unable to check htaccess file, ensure it is readable and that '/var/www/vhosts/saratogahistory.com/httpdocs/phpBB/' is executable, referer: http://www.saratogahistory.com/phpBB/index.php
[Mon Oct 26 05:09:20.077721 2020] [core:crit] [pid 3951:tid 139803645380352] (13)Permission denied: [client 91.207.7.124:46708] AH00529: /var/www/vhosts/saratogahistory.com/httpdocs/phpBB/.htaccess pcfg_openfile: unable to check htaccess file, ensure it is readable and that '/var/www/vhosts/saratogahistory.com/httpdocs/phpBB/' is executable, referer: http://www.saratogahistory.com/phpBB/index.php
[Mon Oct 26 05:31:56.222320 2020] [core:crit] [pid 3951:tid 139803666360064] (13)Permission denied: [client 203.160.62.180:53096] AH00529: /var/www/vhosts/saratogahistory.com/httpdocs/phpBB/.htaccess pcfg_openfile: unable to check htaccess file, ensure it is readable and that '/var/www/vhosts/saratogahistory.com/httpdocs/phpBB/' is executable, referer: http://www.saratogahistory.com/phpBB/profile.php?mode=register&agreed=true
[Mon Oct 26 05:32:06.223481 2020] [proxy_fcgi:error] [pid 16376:tid 139803655870208] [client 203.160.62.180:53490] AH01071: Got error 'Primary script unknown\n', referer: http://www.saratogahistory.com/index.php
[Mon Oct 26 05:32:08.792643 2020] [proxy_fcgi:error] [pid 16376:tid 139803634890496] [client 203.160.62.180:53682] AH01071: Got error 'Primary script unknown\n', referer: http://www.saratogahistory.com/index.php
[Mon Oct 26 05:37:25.504723 2020] [core:crit] [pid 16376:tid 139803781748480] (13)Permission denied: [client 51.195.149.132:60854] AH00529: /var/www/vhosts/saratogahistory.com/httpdocs/phpBB/.htaccess pcfg_openfile: unable to check htaccess file, ensure it is readable and that '/var/www/vhosts/saratogahistory.com/httpdocs/phpBB/' is executable, referer: http://www.saratogahistory.com/phpBB/index.php
[Mon Oct 26 05:39:01.529484 2020] [core:crit] [pid 16376:tid 139803899172608] (13)Permission denied: [client 51.195.91.150:34384] AH00529: /var/www/vhosts/saratogahistory.com/httpdocs/phpBB/.htaccess pcfg_openfile: unable to check htaccess file, ensure it is readable and that '/var/www/vhosts/saratogahistory.com/httpdocs/phpBB/' is executable, referer: http://www.saratogahistory.com/phpBB/index.php
[Mon Oct 26 07:03:52.367202 2020] [core:crit] [pid 3951:tid 139803687339776] (13)Permission denied: [client 185.220.102.252:48670] AH00529: /var/www/vhosts/saratogahistory.com/httpdocs/phpBB/.htaccess pcfg_openfile: unable to check htaccess file, ensure it is readable and that '/var/www/vhosts/saratogahistory.com/httpdocs/phpBB/' is executable, referer: http://www.saratogahistory.com/phpBB/index.php
[Mon Oct 26 07:16:19.438066 2020] [core:crit] [pid 16376:tid 139803792238336] (13)Permission denied: [client 185.25.35.14:39624] AH00529: /var/www/vhosts/saratogahistory.com/httpdocs/phpBB/.htaccess pcfg_openfile: unable to check htaccess file, ensure it is readable and that '/var/www/vhosts/saratogahistory.com/httpdocs/phpBB/' is executable
[Mon Oct 26 07:38:16.362273 2020] [core:crit] [pid 16376:tid 139803802728192] (13)Permission denied: [client 196.244.192.56:44876] AH00529: /var/www/vhosts/saratogahistory.com/httpdocs/phpBB/.htaccess pcfg_openfile: unable to check htaccess file, ensure it is readable and that '/var/www/vhosts/saratogahistory.com/httpdocs/phpBB/' is executable, referer: http://www.saratogahistory.com/phpBB/index.php
[Mon Oct 26 08:21:09.029912 2020] [core:crit] [pid 16376:tid 139803920152320] (13)Permission denied: [client 185.25.35.9:54594] AH00529: /var/www/vhosts/saratogahistory.com/httpdocs/phpBB/.htaccess pcfg_openfile: unable to check htaccess file, ensure it is readable and that '/var/www/vhosts/saratogahistory.com/httpdocs/phpBB/' is executable
[Mon Oct 26 08:49:31.262770 2020] [core:crit] [pid 16376:tid 139803739789056] (13)Permission denied: [client 89.234.157.254:43310] AH00529: /var/www/vhosts/saratogahistory.com/httpdocs/phpBB/.htaccess pcfg_openfile: unable to check htaccess file, ensure it is readable and that '/var/www/vhosts/saratogahistory.com/httpdocs/phpBB/' is executable, referer: http://www.saratogahistory.com/phpBB/index.php
[Mon Oct 26 08:52:03.458720 2020] [core:crit] [pid 16376:tid 139803687339776] (13)Permission denied: [client 185.25.35.12:46290] AH00529: /var/www/vhosts/saratogahistory.com/httpdocs/phpBB/.htaccess pcfg_openfile: unable to check htaccess file, ensure it is readable and that '/var/www/vhosts/saratogahistory.com/httpdocs/phpBB/' is executable
[Mon Oct 26 09:01:18.611215 2020] [core:crit] [pid 16376:tid 139803750278912] (13)Permission denied: [client 23.106.58.147:58790] AH00529: /var/www/vhosts/saratogahistory.com/httpdocs/phpBB/.htaccess pcfg_openfile: unable to check htaccess file, ensure it is readable and that '/var/www/vhosts/saratogahistory.com/httpdocs/phpBB/' is executable, referer: http://www.saratogahistory.com/phpBB/index.php
[Mon Oct 26 09:03:35.539521 2020] [proxy_fcgi:error] [pid 3952:tid 139803697829632] [client 148.70.7.149:33570] AH01071: Got error 'Primary script unknown\n'
[Mon Oct 26 09:07:34.934394 2020] [core:crit] [pid 3952:tid 139803909662464] (13)Permission denied: [client 185.25.35.12:39396] AH00529: /var/www/vhosts/saratogahistory.com/httpdocs/phpBB/.htaccess pcfg_openfile: unable to check htaccess file, ensure it is readable and that '/var/www/vhosts/saratogahistory.com/httpdocs/phpBB/' is executable
[Mon Oct 26 09:39:26.780154 2020] [core:crit] [pid 3952:tid 139803781748480] (13)Permission denied: [client 51.79.53.134:57482] AH00529: /var/www/vhosts/saratogahistory.com/httpdocs/phpBB/.htaccess pcfg_openfile: unable to check htaccess file, ensure it is readable and that '/var/www/vhosts/saratogahistory.com/httpdocs/phpBB/' is executable, referer: http://www.saratogahistory.com/phpBB/index.php
[Mon Oct 26 09:53:20.749573 2020] [core:crit] [pid 16376:tid 139803920152320] (13)Permission denied: [client 174.76.48.252:47168] AH00529: /var/www/vhosts/saratogahistory.com/httpdocs/phpBB/.htaccess pcfg_openfile: unable to check htaccess file, ensure it is readable and that '/var/www/vhosts/saratogahistory.com/httpdocs/phpBB/' is executable, referer: http://www.saratogahistory.com/phpBB/index.php
[Mon Oct 26 09:53:22.458340 2020] [core:crit] [pid 16376:tid 139803718809344] (13)Permission denied: [client 174.76.48.252:47186] AH00529: /var/www/vhosts/saratogahistory.com/httpdocs/phpBB/.htaccess pcfg_openfile: unable to check htaccess file, ensure it is readable and that '/var/www/vhosts/saratogahistory.com/httpdocs/phpBB/' is executable, referer: http://www.saratogahistory.com/phpBB/index.php
[Mon Oct 26 10:36:27.227750 2020] [core:crit] [pid 3951:tid 139803920152320] (13)Permission denied: [client 95.217.207.28:56018] AH00529: /var/www/vhosts/saratogahistory.com/httpdocs/phpBB/.htaccess pcfg_openfile: unable to check htaccess file, ensure it is readable and that '/var/www/vhosts/saratogahistory.com/httpdocs/phpBB/' is executable
[Mon Oct 26 10:36:43.379719 2020] [core:crit] [pid 3951:tid 139803750278912] (13)Permission denied: [client 90.188.236.43:56418] AH00529: /var/www/vhosts/saratogahistory.com/httpdocs/phpBB/.htaccess pcfg_openfile: unable to check htaccess file, ensure it is readable and that '/var/www/vhosts/saratogahistory.com/httpdocs/phpBB/' is executable, referer: http://www.saratogahistory.com/phpBB/index.php
[Mon Oct 26 10:36:45.007006 2020] [proxy_fcgi:error] [pid 3952:tid 139803603420928] [client 90.188.236.43:56470] AH01071: Got error 'Primary script unknown\n', referer: http://www.saratogahistory.com/index.php
[Mon Oct 26 10:36:45.410283 2020] [proxy_fcgi:error] [pid 16376:tid 139803718809344] [client 90.188.236.43:56484] AH01071: Got error 'Primary script unknown\n', referer: http://www.saratogahistory.com/index.php
[Mon Oct 26 10:36:45.842721 2020] [proxy_fcgi:error] [pid 3951:tid 139803655870208] [client 90.188.236.43:56494] AH01071: Got error 'Primary script unknown\n', referer: http://www.saratogahistory.com/index.php
[Mon Oct 26 11:19:59.804047 2020] [core:crit] [pid 16376:tid 139803760768768] (13)Permission denied: [client 173.208.212.170:55924] AH00529: /var/www/vhosts/saratogahistory.com/httpdocs/phpBB/.htaccess pcfg_openfile: unable to check htaccess file, ensure it is readable and that '/var/www/vhosts/saratogahistory.com/httpdocs/phpBB/' is executable, referer: http://www.saratogahistory.com/
[Mon Oct 26 12:25:00.659479 2020] [core:crit] [pid 16376:tid 139803760768768] (13)Permission denied: [client 217.12.221.131:59260] AH00529: /var/www/vhosts/saratogahistory.com/httpdocs/phpBB/.htaccess pcfg_openfile: unable to check htaccess file, ensure it is readable and that '/var/www/vhosts/saratogahistory.com/httpdocs/phpBB/' is executable, referer: http://www.saratogahistory.com/phpBB/index.php
[Mon Oct 26 12:25:46.844548 2020] [core:crit] [pid 3951:tid 139803603420928] (13)Permission denied: [client 95.165.27.45:60532] AH00529: /var/www/vhosts/saratogahistory.com/httpdocs/phpBB/.htaccess pcfg_openfile: unable to check htaccess file, ensure it is readable and that '/var/www/vhosts/saratogahistory.com/httpdocs/phpBB/' is executable
[Mon Oct 26 12:25:47.593269 2020] [core:crit] [pid 16376:tid 139803708319488] (13)Permission denied: [client 95.165.27.45:60536] AH00529: /var/www/vhosts/saratogahistory.com/httpdocs/phpBB/.htaccess pcfg_openfile: unable to check htaccess file, ensure it is readable and that '/var/www/vhosts/saratogahistory.com/httpdocs/phpBB/' is executable
[Mon Oct 26 12:34:35.003697 2020] [core:crit] [pid 16376:tid 139803697829632] (13)Permission denied: [client 185.220.102.240:44230] AH00529: /var/www/vhosts/saratogahistory.com/httpdocs/phpBB/.htaccess pcfg_openfile: unable to check htaccess file, ensure it is readable and that '/var/www/vhosts/saratogahistory.com/httpdocs/phpBB/' is executable, referer: http://www.saratogahistory.com/phpBB/index.php
[Mon Oct 26 12:51:09.273225 2020] [core:crit] [pid 3951:tid 139803888682752] (13)Permission denied: [client 45.158.44.6:40422] AH00529: /var/www/vhosts/saratogahistory.com/httpdocs/phpBB/.htaccess pcfg_openfile: unable to check htaccess file, ensure it is readable and that '/var/www/vhosts/saratogahistory.com/httpdocs/phpBB/' is executable, referer: http://www.saratogahistory.com/phpBB/
[Mon Oct 26 12:59:05.598989 2020] [core:crit] [pid 16376:tid 139803739789056] (13)Permission denied: [client 178.159.37.85:50870] AH00529: /var/www/vhosts/saratogahistory.com/httpdocs/phpBB/.htaccess pcfg_openfile: unable to check htaccess file, ensure it is readable and that '/var/www/vhosts/saratogahistory.com/httpdocs/phpBB/' is executable, referer: http://www.saratogahistory.com/phpBB/index.php
[Mon Oct 26 13:41:57.752528 2020] [core:crit] [pid 3951:tid 139803666360064] (13)Permission denied: [client 185.25.35.9:56118] AH00529: /var/www/vhosts/saratogahistory.com/httpdocs/phpBB/.htaccess pcfg_openfile: unable to check htaccess file, ensure it is readable and that '/var/www/vhosts/saratogahistory.com/httpdocs/phpBB/' is executable
[Mon Oct 26 14:29:49.622480 2020] [core:crit] [pid 16376:tid 139803899172608] (13)Permission denied: [client 195.181.170.73:38460] AH00529: /var/www/vhosts/saratogahistory.com/httpdocs/phpBB/.htaccess pcfg_openfile: unable to check htaccess file, ensure it is readable and that '/var/www/vhosts/saratogahistory.com/httpdocs/phpBB/' is executable, referer: http://www.saratogahistory.com/phpBB/index.php
[Mon Oct 26 14:29:50.670792 2020] [proxy_fcgi:error] [pid 16376:tid 139803739789056] [client 195.181.170.73:38486] AH01071: Got error 'Primary script unknown\n', referer: http://www.saratogahistory.com/index.php
[Mon Oct 26 14:29:50.973117 2020] [proxy_fcgi:error] [pid 3952:tid 139803792238336] [client 195.181.170.73:38490] AH01071: Got error 'Primary script unknown\n', referer: http://www.saratogahistory.com/index.php
[Mon Oct 26 14:29:51.285555 2020] [proxy_fcgi:error] [pid 16376:tid 139803771258624] [client 195.181.170.73:38494] AH01071: Got error 'Primary script unknown\n', referer: http://www.saratogahistory.com/index.php
[Mon Oct 26 14:50:43.411425 2020] [core:crit] [pid 16376:tid 139803781748480] (13)Permission denied: [client 185.25.35.12:37442] AH00529: /var/www/vhosts/saratogahistory.com/httpdocs/phpBB/.htaccess pcfg_openfile: unable to check htaccess file, ensure it is readable and that '/var/www/vhosts/saratogahistory.com/httpdocs/phpBB/' is executable
[Mon Oct 26 15:10:24.633569 2020] [core:crit] [pid 3951:tid 139803792238336] (13)Permission denied: [client 51.195.151.208:39932] AH00529: /var/www/vhosts/saratogahistory.com/httpdocs/phpBB/.htaccess pcfg_openfile: unable to check htaccess file, ensure it is readable and that '/var/www/vhosts/saratogahistory.com/httpdocs/phpBB/' is executable, referer: http://www.saratogahistory.com/phpBB/index.php
[Mon Oct 26 15:25:27.105404 2020] [core:crit] [pid 16376:tid 139803603420928] (13)Permission denied: [client 185.25.35.11:34608] AH00529: /var/www/vhosts/saratogahistory.com/httpdocs/phpBB/.htaccess pcfg_openfile: unable to check htaccess file, ensure it is readable and that '/var/www/vhosts/saratogahistory.com/httpdocs/phpBB/' is executable
[Mon Oct 26 15:48:16.630733 2020] [core:crit] [pid 16376:tid 139803760768768] (13)Permission denied: [client 185.25.35.11:39394] AH00529: /var/www/vhosts/saratogahistory.com/httpdocs/phpBB/.htaccess pcfg_openfile: unable to check htaccess file, ensure it is readable and that '/var/www/vhosts/saratogahistory.com/httpdocs/phpBB/' is executable
[Mon Oct 26 16:06:17.667012 2020] [core:crit] [pid 3951:tid 139803760768768] (13)Permission denied: [client 199.249.230.157:40496] AH00529: /var/www/vhosts/saratogahistory.com/httpdocs/phpBB/.htaccess pcfg_openfile: unable to check htaccess file, ensure it is readable and that '/var/www/vhosts/saratogahistory.com/httpdocs/phpBB/' is executable, referer: http://www.saratogahistory.com/phpBB/index.php
[Mon Oct 26 17:57:26.383582 2020] [core:crit] [pid 16376:tid 139803802728192] (13)Permission denied: [client 185.220.102.8:35504] AH00529: /var/www/vhosts/saratogahistory.com/httpdocs/phpBB/.htaccess pcfg_openfile: unable to check htaccess file, ensure it is readable and that '/var/www/vhosts/saratogahistory.com/httpdocs/phpBB/' is executable, referer: http://www.saratogahistory.com/phpBB/index.php
[Mon Oct 26 18:23:51.619936 2020] [core:crit] [pid 3951:tid 139803592931072] (13)Permission denied: [client 176.104.52.46:45076] AH00529: /var/www/vhosts/saratogahistory.com/httpdocs/phpBB/.htaccess pcfg_openfile: unable to check htaccess file, ensure it is readable and that '/var/www/vhosts/saratogahistory.com/httpdocs/phpBB/' is executable, referer: http://www.saratogahistory.com/phpBB/profile.php?mode=register&agreed=true
[Mon Oct 26 18:24:03.804586 2020] [proxy_fcgi:error] [pid 3951:tid 139803645380352] [client 176.104.52.46:45446] AH01071: Got error 'Primary script unknown\n', referer: http://www.saratogahistory.com/index.php
[Mon Oct 26 18:24:04.554389 2020] [proxy_fcgi:error] [pid 16376:tid 139803666360064] [client 176.104.52.46:45486] AH01071: Got error 'Primary script unknown\n', referer: http://www.saratogahistory.com/index.php
[Mon Oct 26 18:49:32.271552 2020] [core:crit] [pid 16376:tid 139803909662464] (13)Permission denied: [client 178.175.142.134:54900] AH00529: /var/www/vhosts/saratogahistory.com/httpdocs/phpBB/.htaccess pcfg_openfile: unable to check htaccess file, ensure it is readable and that '/var/www/vhosts/saratogahistory.com/httpdocs/phpBB/' is executable, referer: http://vgoloveboli.net/golovnaya-bol-pri-mesyachnyx.html
[Mon Oct 26 19:29:41.421963 2020] [core:crit] [pid 16376:tid 139803655870208] (13)Permission denied: [client 51.38.70.155:53720] AH00529: /var/www/vhosts/saratogahistory.com/httpdocs/phpBB/.htaccess pcfg_openfile: unable to check htaccess file, ensure it is readable and that '/var/www/vhosts/saratogahistory.com/httpdocs/phpBB/' is executable, referer: http://www.saratogahistory.com/phpBB/index.php
[Mon Oct 26 20:35:02.121722 2020] [core:crit] [pid 3950:tid 139803708319488] (13)Permission denied: [client 185.25.35.15:51248] AH00529: /var/www/vhosts/saratogahistory.com/httpdocs/phpBB/.htaccess pcfg_openfile: unable to check htaccess file, ensure it is readable and that '/var/www/vhosts/saratogahistory.com/httpdocs/phpBB/' is executable
[Mon Oct 26 20:38:30.077366 2020] [core:crit] [pid 3951:tid 139803750278912] (13)Permission denied: [client 123.123.219.36:55692] AH00529: /var/www/vhosts/saratogahistory.com/httpdocs/phpBB/.htaccess pcfg_openfile: unable to check htaccess file, ensure it is readable and that '/var/www/vhosts/saratogahistory.com/httpdocs/phpBB/' is executable
[Mon Oct 26 20:39:12.079600 2020] [core:crit] [pid 16376:tid 139803603420928] (13)Permission denied: [client 64.113.32.29:56770] AH00529: /var/www/vhosts/saratogahistory.com/httpdocs/phpBB/.htaccess pcfg_openfile: unable to check htaccess file, ensure it is readable and that '/var/www/vhosts/saratogahistory.com/httpdocs/phpBB/' is executable, referer: http://www.saratogahistory.com/phpBB/index.php
[Mon Oct 26 21:29:16.241215 2020] [core:crit] [pid 3952:tid 139803750278912] (13)Permission denied: [client 170.238.239.60:60380] AH00529: /var/www/vhosts/saratogahistory.com/httpdocs/phpBB/.htaccess pcfg_openfile: unable to check htaccess file, ensure it is readable and that '/var/www/vhosts/saratogahistory.com/httpdocs/phpBB/' is executable, referer: http://www.saratogahistory.com/phpBB/profile.php?mode=register&agreed=true
[Mon Oct 26 21:29:20.451373 2020] [proxy_fcgi:error] [pid 16376:tid 139803666360064] [client 170.238.239.60:60446] AH01071: Got error 'Primary script unknown\n', referer: http://www.saratogahistory.com/index.php
[Mon Oct 26 21:29:21.688222 2020] [proxy_fcgi:error] [pid 16376:tid 139803592931072] [client 170.238.239.60:60460] AH01071: Got error 'Primary script unknown\n', referer: http://www.saratogahistory.com/index.php
[Mon Oct 26 21:48:09.285645 2020] [core:crit] [pid 16376:tid 139803792238336] (13)Permission denied: [client 185.25.35.15:54776] AH00529: /var/www/vhosts/saratogahistory.com/httpdocs/phpBB/.htaccess pcfg_openfile: unable to check htaccess file, ensure it is readable and that '/var/www/vhosts/saratogahistory.com/httpdocs/phpBB/' is executable
[Mon Oct 26 21:57:17.493895 2020] [core:crit] [pid 3951:tid 139803888682752] (13)Permission denied: [client 185.220.102.252:37834] AH00529: /var/www/vhosts/saratogahistory.com/httpdocs/phpBB/.htaccess pcfg_openfile: unable to check htaccess file, ensure it is readable and that '/var/www/vhosts/saratogahistory.com/httpdocs/phpBB/' is executable, referer: http://www.saratogahistory.com/phpBB/index.php
[Mon Oct 26 22:13:47.921210 2020] [core:crit] [pid 16376:tid 139803708319488] (13)Permission denied: [client 185.220.101.134:57094] AH00529: /var/www/vhosts/saratogahistory.com/httpdocs/phpBB/.htaccess pcfg_openfile: unable to check htaccess file, ensure it is readable and that '/var/www/vhosts/saratogahistory.com/httpdocs/phpBB/' is executable, referer: http://www.saratogahistory.com/phpBB/index.php
[Mon Oct 26 22:20:27.508833 2020] [core:crit] [pid 16376:tid 139803920152320] (13)Permission denied: [client 203.217.169.89:44038] AH00529: /var/www/vhosts/saratogahistory.com/httpdocs/phpBB/.htaccess pcfg_openfile: unable to check htaccess file, ensure it is readable and that '/var/www/vhosts/saratogahistory.com/httpdocs/phpBB/' is executable, referer: http://www.saratogahistory.com/phpBB/profile.php?mode=register&agreed=true
[Mon Oct 26 22:20:32.478415 2020] [proxy_fcgi:error] [pid 16376:tid 139803718809344] [client 203.217.169.89:44206] AH01071: Got error 'Primary script unknown\n', referer: http://www.saratogahistory.com/index.php
[Mon Oct 26 22:20:34.043902 2020] [proxy_fcgi:error] [pid 16376:tid 139803792238336] [client 203.217.169.89:44246] AH01071: Got error 'Primary script unknown\n', referer: http://www.saratogahistory.com/index.php
[Mon Oct 26 22:22:49.921623 2020] [core:crit] [pid 3952:tid 139803792238336] (13)Permission denied: [client 185.25.35.8:46554] AH00529: /var/www/vhosts/saratogahistory.com/httpdocs/phpBB/.htaccess pcfg_openfile: unable to check htaccess file, ensure it is readable and that '/var/www/vhosts/saratogahistory.com/httpdocs/phpBB/' is executable
[Mon Oct 26 22:44:32.873183 2020] [core:crit] [pid 3951:tid 139803624400640] (13)Permission denied: [client 185.25.35.10:43802] AH00529: /var/www/vhosts/saratogahistory.com/httpdocs/phpBB/.htaccess pcfg_openfile: unable to check htaccess file, ensure it is readable and that '/var/www/vhosts/saratogahistory.com/httpdocs/phpBB/' is executable
[Mon Oct 26 22:48:21.721747 2020] [core:crit] [pid 16376:tid 139803708319488] (13)Permission denied: [client 185.220.100.243:48010] AH00529: /var/www/vhosts/saratogahistory.com/httpdocs/phpBB/.htaccess pcfg_openfile: unable to check htaccess file, ensure it is readable and that '/var/www/vhosts/saratogahistory.com/httpdocs/phpBB/' is executable, referer: http://www.saratogahistory.com/phpBB/index.php
[Mon Oct 26 23:42:39.222485 2020] [core:crit] [pid 16376:tid 139803676849920] (13)Permission denied: [client 178.159.37.139:36056] AH00529: /var/www/vhosts/saratogahistory.com/httpdocs/phpBB/.htaccess pcfg_openfile: unable to check htaccess file, ensure it is readable and that '/var/www/vhosts/saratogahistory.com/httpdocs/phpBB/' is executable, referer: http://www.saratogahistory.com/phpBB/index.php
[Mon Oct 26 23:42:40.890163 2020] [proxy_fcgi:error] [pid 16376:tid 139803729299200] [client 178.159.37.139:36130] AH01071: Got error 'Primary script unknown\n', referer: http://www.saratogahistory.com/index.php
[Mon Oct 26 23:42:41.175167 2020] [proxy_fcgi:error] [pid 3951:tid 139803666360064] [client 178.159.37.139:36134] AH01071: Got error 'Primary script unknown\n', referer: http://www.saratogahistory.com/index.php
[Mon Oct 26 23:42:41.447326 2020] [proxy_fcgi:error] [pid 16376:tid 139803899172608] [client 178.159.37.139:36156] AH01071: Got error 'Primary script unknown\n', referer: http://www.saratogahistory.com/index.php
[Tue Oct 27 00:00:46.503313 2020] [core:crit] [pid 3950:tid 139803634890496] (13)Permission denied: [client 62.173.149.24:59832] AH00529: /var/www/vhosts/saratogahistory.com/httpdocs/phpBB/.htaccess pcfg_openfile: unable to check htaccess file, ensure it is readable and that '/var/www/vhosts/saratogahistory.com/httpdocs/phpBB/' is executable, referer: http://www.saratogahistory.com/phpBB/index.php
[Tue Oct 27 00:00:47.897939 2020] [proxy_fcgi:error] [pid 3951:tid 139803718809344] [client 62.173.149.24:59864] AH01071: Got error 'Primary script unknown\n', referer: http://www.saratogahistory.com/index.php
[Tue Oct 27 00:00:48.184799 2020] [proxy_fcgi:error] [pid 3951:tid 139803666360064] [client 62.173.149.24:59876] AH01071: Got error 'Primary script unknown\n', referer: http://www.saratogahistory.com/index.php
[Tue Oct 27 00:00:48.478275 2020] [proxy_fcgi:error] [pid 3951:tid 139803676849920] [client 62.173.149.24:59884] AH01071: Got error 'Primary script unknown\n', referer: http://www.saratogahistory.com/index.php
[Tue Oct 27 01:03:40.317506 2020] [core:crit] [pid 3951:tid 139803802728192] (13)Permission denied: [client 62.173.149.24:34328] AH00529: /var/www/vhosts/saratogahistory.com/httpdocs/phpBB/.htaccess pcfg_openfile: unable to check htaccess file, ensure it is readable and that '/var/www/vhosts/saratogahistory.com/httpdocs/phpBB/' is executable, referer: http://www.saratogahistory.com/phpBB/index.php
[Tue Oct 27 01:03:41.883422 2020] [proxy_fcgi:error] [pid 16376:tid 139803592931072] [client 62.173.149.24:34358] AH01071: Got error 'Primary script unknown\n', referer: http://www.saratogahistory.com/index.php
[Tue Oct 27 01:03:42.189640 2020] [proxy_fcgi:error] [pid 16376:tid 139803739789056] [client 62.173.149.24:34364] AH01071: Got error 'Primary script unknown\n', referer: http://www.saratogahistory.com/index.php
[Tue Oct 27 01:03:42.590323 2020] [proxy_fcgi:error] [pid 3950:tid 139803750278912] [client 62.173.149.24:34376] AH01071: Got error 'Primary script unknown\n', referer: http://www.saratogahistory.com/index.php
[Tue Oct 27 01:27:50.558650 2020] [core:crit] [pid 16376:tid 139803729299200] (13)Permission denied: [client 178.214.250.188:41498] AH00529: /var/www/vhosts/saratogahistory.com/httpdocs/phpBB/.htaccess pcfg_openfile: unable to check htaccess file, ensure it is readable and that '/var/www/vhosts/saratogahistory.com/httpdocs/phpBB/' is executable, referer: http://www.saratogahistory.com/phpBB/index.php
[Tue Oct 27 02:06:11.863913 2020] [core:crit] [pid 16376:tid 139803708319488] (13)Permission denied: [client 31.220.2.108:42894] AH00529: /var/www/vhosts/saratogahistory.com/httpdocs/phpBB/.htaccess pcfg_openfile: unable to check htaccess file, ensure it is readable and that '/var/www/vhosts/saratogahistory.com/httpdocs/phpBB/' is executable, referer: http://www.saratogahistory.com/phpBB/index.php
[Tue Oct 27 02:06:33.754213 2020] [core:crit] [pid 3952:tid 139803613910784] (13)Permission denied: [client 196.244.192.56:43210] AH00529: /var/www/vhosts/saratogahistory.com/httpdocs/phpBB/.htaccess pcfg_openfile: unable to check htaccess file, ensure it is readable and that '/var/www/vhosts/saratogahistory.com/httpdocs/phpBB/' is executable, referer: http://www.saratogahistory.com/phpBB/index.php
[Tue Oct 27 02:26:29.102511 2020] [core:crit] [pid 16376:tid 139803739789056] (13)Permission denied: [client 185.143.172.80:43090] AH00529: /var/www/vhosts/saratogahistory.com/httpdocs/phpBB/.htaccess pcfg_openfile: unable to check htaccess file, ensure it is readable and that '/var/www/vhosts/saratogahistory.com/httpdocs/phpBB/' is executable, referer: http://www.saratogahistory.com/phpBB/index.php
[Tue Oct 27 02:26:45.221772 2020] [proxy_fcgi:error] [pid 16376:tid 139803708319488] [client 185.143.172.80:43460] AH01071: Got error 'Primary script unknown\n', referer: http://www.saratogahistory.com/index.php
[Tue Oct 27 02:26:45.554047 2020] [proxy_fcgi:error] [pid 16376:tid 139803676849920] [client 185.143.172.80:43464] AH01071: Got error 'Primary script unknown\n', referer: http://www.saratogahistory.com/index.php
[Tue Oct 27 02:26:45.859871 2020] [proxy_fcgi:error] [pid 3952:tid 139803739789056] [client 185.143.172.80:43470] AH01071: Got error 'Primary script unknown\n', referer: http://www.saratogahistory.com/index.php
[Tue Oct 27 03:06:08.158376 2020] [core:crit] [pid 16376:tid 139803592931072] (13)Permission denied: [client 185.25.35.14:42646] AH00529: /var/www/vhosts/saratogahistory.com/httpdocs/phpBB/.htaccess pcfg_openfile: unable to check htaccess file, ensure it is readable and that '/var/www/vhosts/saratogahistory.com/httpdocs/phpBB/' is executable
[Tue Oct 27 03:28:27.009888 2020] [core:crit] [pid 3951:tid 139803687339776] (13)Permission denied: [client 5.196.23.219:51192] AH00529: /var/www/vhosts/saratogahistory.com/httpdocs/phpBB/.htaccess pcfg_openfile: unable to check htaccess file, ensure it is readable and that '/var/www/vhosts/saratogahistory.com/httpdocs/phpBB/' is executable, referer: http://www.saratogahistory.com/phpBB/index.php
[Tue Oct 27 03:29:17.296616 2020] [proxy_fcgi:error] [pid 3951:tid 139803603420928] [client 193.27.229.26:52442] AH01071: Got error 'Primary script unknown\n', referer: http://saratogahistory.com:80/index.php?s=/Index/\\think\\app/invokefunction&function=call_user_func_array&vars[0]=md5&vars[1][]=HelloThinkPHP21
[Tue Oct 27 03:46:11.375709 2020] [core:crit] [pid 16376:tid 139803771258624] (13)Permission denied: [client 1.0.243.44:49054] AH00529: /var/www/vhosts/saratogahistory.com/httpdocs/phpBB/.htaccess pcfg_openfile: unable to check htaccess file, ensure it is readable and that '/var/www/vhosts/saratogahistory.com/httpdocs/phpBB/' is executable, referer: http://www.saratogahistory.com/phpBB/profile.php?mode=register&agreed=true
[Tue Oct 27 03:46:15.187452 2020] [proxy_fcgi:error] [pid 16376:tid 139803655870208] [client 1.0.243.44:49250] AH01071: Got error 'Primary script unknown\n', referer: http://www.saratogahistory.com/index.php
[Tue Oct 27 03:46:16.331331 2020] [proxy_fcgi:error] [pid 16376:tid 139803888682752] [client 1.0.243.44:49300] AH01071: Got error 'Primary script unknown\n', referer: http://www.saratogahistory.com/index.php
[Tue Oct 27 04:16:35.579744 2020] [core:crit] [pid 16376:tid 139803920152320] (13)Permission denied: [client 185.220.101.4:39990] AH00529: /var/www/vhosts/saratogahistory.com/httpdocs/phpBB/.htaccess pcfg_openfile: unable to check htaccess file, ensure it is readable and that '/var/www/vhosts/saratogahistory.com/httpdocs/phpBB/' is executable, referer: http://www.saratogahistory.com/phpBB/index.php
[Tue Oct 27 04:17:11.999661 2020] [core:crit] [pid 3951:tid 139803750278912] (13)Permission denied: [client 185.25.35.10:41232] AH00529: /var/www/vhosts/saratogahistory.com/httpdocs/phpBB/.htaccess pcfg_openfile: unable to check htaccess file, ensure it is readable and that '/var/www/vhosts/saratogahistory.com/httpdocs/phpBB/' is executable
[Tue Oct 27 04:52:48.120117 2020] [core:crit] [pid 16376:tid 139803739789056] (13)Permission denied: [client 185.25.35.12:36206] AH00529: /var/www/vhosts/saratogahistory.com/httpdocs/phpBB/.htaccess pcfg_openfile: unable to check htaccess file, ensure it is readable and that '/var/www/vhosts/saratogahistory.com/httpdocs/phpBB/' is executable
[Tue Oct 27 04:54:52.838371 2020] [core:crit] [pid 16376:tid 139803771258624] (13)Permission denied: [client 92.252.241.202:38468] AH00529: /var/www/vhosts/saratogahistory.com/httpdocs/phpBB/.htaccess pcfg_openfile: unable to check htaccess file, ensure it is readable and that '/var/www/vhosts/saratogahistory.com/httpdocs/phpBB/' is executable, referer: http://www.saratogahistory.com/phpBB/profile.php?mode=register&agreed=true
[Tue Oct 27 04:54:56.194737 2020] [proxy_fcgi:error] [pid 16376:tid 139803888682752] [client 92.252.241.202:38516] AH01071: Got error 'Primary script unknown\n', referer: http://www.saratogahistory.com/index.php
[Tue Oct 27 04:54:56.759697 2020] [proxy_fcgi:error] [pid 16376:tid 139803687339776] [client 92.252.241.202:38538] AH01071: Got error 'Primary script unknown\n', referer: http://www.saratogahistory.com/index.php
[Tue Oct 27 05:06:00.504206 2020] [core:crit] [pid 16376:tid 139803760768768] (13)Permission denied: [client 101.51.59.50:56590] AH00529: /var/www/vhosts/saratogahistory.com/httpdocs/phpBB/.htaccess pcfg_openfile: unable to check htaccess file, ensure it is readable and that '/var/www/vhosts/saratogahistory.com/httpdocs/phpBB/' is executable, referer: http://www.saratogahistory.com/phpBB/profile.php?mode=register&agreed=true
[Tue Oct 27 05:06:04.050512 2020] [proxy_fcgi:error] [pid 3951:tid 139803655870208] [client 101.51.59.50:56686] AH01071: Got error 'Primary script unknown\n', referer: http://www.saratogahistory.com/index.php
[Tue Oct 27 05:06:05.060808 2020] [proxy_fcgi:error] [pid 16376:tid 139803708319488] [client 101.51.59.50:56718] AH01071: Got error 'Primary script unknown\n', referer: http://www.saratogahistory.com/index.php
[Tue Oct 27 05:14:51.592383 2020] [core:crit] [pid 16376:tid 139803729299200] (13)Permission denied: [client 185.25.35.14:40970] AH00529: /var/www/vhosts/saratogahistory.com/httpdocs/phpBB/.htaccess pcfg_openfile: unable to check htaccess file, ensure it is readable and that '/var/www/vhosts/saratogahistory.com/httpdocs/phpBB/' is executable
[Tue Oct 27 05:28:47.376230 2020] [proxy_fcgi:error] [pid 16376:tid 139803687339776] [client 91.229.27.40:32988] AH01071: Got error 'Primary script unknown\n', referer: http://saratogahistory.com/wp-login.php
[Tue Oct 27 05:35:41.564607 2020] [core:crit] [pid 16376:tid 139803729299200] (13)Permission denied: [client 185.220.102.247:43056] AH00529: /var/www/vhosts/saratogahistory.com/httpdocs/phpBB/.htaccess pcfg_openfile: unable to check htaccess file, ensure it is readable and that '/var/www/vhosts/saratogahistory.com/httpdocs/phpBB/' is executable, referer: http://www.saratogahistory.com/phpBB/index.php
[Tue Oct 27 05:46:59.456982 2020] [core:crit] [pid 16376:tid 139803687339776] (13)Permission denied: [client 58.22.95.235:58970] AH00529: /var/www/vhosts/saratogahistory.com/httpdocs/phpBB/.htaccess pcfg_openfile: unable to check htaccess file, ensure it is readable and that '/var/www/vhosts/saratogahistory.com/httpdocs/phpBB/' is executable, referer: http://www.saratogahistory.com/phpBB/profile.php?mode=register&agreed=true
[Tue Oct 27 05:47:15.989848 2020] [proxy_fcgi:error] [pid 16376:tid 139803802728192] [client 58.22.95.235:59394] AH01071: Got error 'Primary script unknown\n', referer: http://www.saratogahistory.com/index.php
[Tue Oct 27 05:47:18.694419 2020] [proxy_fcgi:error] [pid 16376:tid 139803603420928] [client 58.22.95.235:59468] AH01071: Got error 'Primary script unknown\n', referer: http://www.saratogahistory.com/index.php
[Tue Oct 27 05:53:10.684852 2020] [core:crit] [pid 16376:tid 139803781748480] (13)Permission denied: [client 178.255.215.98:39104] AH00529: /var/www/vhosts/saratogahistory.com/httpdocs/phpBB/.htaccess pcfg_openfile: unable to check htaccess file, ensure it is readable and that '/var/www/vhosts/saratogahistory.com/httpdocs/phpBB/' is executable
[Tue Oct 27 06:56:00.372699 2020] [core:crit] [pid 3951:tid 139803888682752] (13)Permission denied: [client 188.187.27.248:50440] AH00529: /var/www/vhosts/saratogahistory.com/httpdocs/phpBB/.htaccess pcfg_openfile: unable to check htaccess file, ensure it is readable and that '/var/www/vhosts/saratogahistory.com/httpdocs/phpBB/' is executable, referer: http://www.saratogahistory.com/phpBB/index.php
[Tue Oct 27 06:56:01.325532 2020] [proxy_fcgi:error] [pid 16376:tid 139803655870208] [client 188.187.27.248:50468] AH01071: Got error 'Primary script unknown\n', referer: http://www.saratogahistory.com/index.php
[Tue Oct 27 06:56:01.592074 2020] [proxy_fcgi:error] [pid 16376:tid 139803888682752] [client 188.187.27.248:50476] AH01071: Got error 'Primary script unknown\n', referer: http://www.saratogahistory.com/index.php
[Tue Oct 27 06:56:01.865970 2020] [proxy_fcgi:error] [pid 16376:tid 139803687339776] [client 188.187.27.248:50484] AH01071: Got error 'Primary script unknown\n', referer: http://www.saratogahistory.com/index.php
[Tue Oct 27 07:13:18.976295 2020] [core:crit] [pid 3951:tid 139803718809344] (13)Permission denied: [client 51.83.139.56:48682] AH00529: /var/www/vhosts/saratogahistory.com/httpdocs/phpBB/.htaccess pcfg_openfile: unable to check htaccess file, ensure it is readable and that '/var/www/vhosts/saratogahistory.com/httpdocs/phpBB/' is executable, referer: http://www.saratogahistory.com/phpBB/index.php
[Tue Oct 27 07:18:09.422831 2020] [core:crit] [pid 16376:tid 139803655870208] (13)Permission denied: [client 109.196.172.5:56430] AH00529: /var/www/vhosts/saratogahistory.com/httpdocs/phpBB/.htaccess pcfg_openfile: unable to check htaccess file, ensure it is readable and that '/var/www/vhosts/saratogahistory.com/httpdocs/phpBB/' is executable, referer: http://www.saratogahistory.com/phpBB/index.php
[Tue Oct 27 07:18:09.796858 2020] [core:crit] [pid 16376:tid 139803888682752] (13)Permission denied: [client 46.150.252.11:56438] AH00529: /var/www/vhosts/saratogahistory.com/httpdocs/phpBB/.htaccess pcfg_openfile: unable to check htaccess file, ensure it is readable and that '/var/www/vhosts/saratogahistory.com/httpdocs/phpBB/' is executable, referer: http://www.saratogahistory.com/phpBB/index.php
[Tue Oct 27 07:18:10.186499 2020] [core:crit] [pid 16376:tid 139803687339776] (13)Permission denied: [client 194.156.105.23:56446] AH00529: /var/www/vhosts/saratogahistory.com/httpdocs/phpBB/.htaccess pcfg_openfile: unable to check htaccess file, ensure it is readable and that '/var/www/vhosts/saratogahistory.com/httpdocs/phpBB/' is executable, referer: http://www.saratogahistory.com/phpBB/index.php
[Tue Oct 27 07:18:10.805226 2020] [core:crit] [pid 16376:tid 139803802728192] (13)Permission denied: [client 91.199.112.29:56450] AH00529: /var/www/vhosts/saratogahistory.com/httpdocs/phpBB/.htaccess pcfg_openfile: unable to check htaccess file, ensure it is readable and that '/var/www/vhosts/saratogahistory.com/httpdocs/phpBB/' is executable, referer: http://www.saratogahistory.com/phpBB/index.php
[Tue Oct 27 07:18:12.506556 2020] [proxy_fcgi:error] [pid 16376:tid 139803603420928] [client 91.199.112.29:56494] AH01071: Got error 'Primary script unknown\n', referer: http://www.saratogahistory.com/index.php
[Tue Oct 27 07:18:12.864530 2020] [proxy_fcgi:error] [pid 3951:tid 139803708319488] [client 91.199.112.29:56498] AH01071: Got error 'Primary script unknown\n', referer: http://www.saratogahistory.com/index.php
[Tue Oct 27 07:18:13.229042 2020] [proxy_fcgi:error] [pid 3952:tid 139803920152320] [client 91.199.112.29:56504] AH01071: Got error 'Primary script unknown\n', referer: http://www.saratogahistory.com/index.php
[Tue Oct 27 07:59:03.737204 2020] [core:crit] [pid 3952:tid 139803729299200] (13)Permission denied: [client 185.121.69.40:55388] AH00529: /var/www/vhosts/saratogahistory.com/httpdocs/phpBB/.htaccess pcfg_openfile: unable to check htaccess file, ensure it is readable and that '/var/www/vhosts/saratogahistory.com/httpdocs/phpBB/' is executable, referer: http://www.saratogahistory.com/phpBB/index.php
[Tue Oct 27 08:18:04.504228 2020] [proxy_fcgi:error] [pid 3951:tid 139803771258624] [client 118.24.116.20:55346] AH01071: Got error 'Primary script unknown\n'
[Tue Oct 27 08:58:51.534311 2020] [proxy_fcgi:error] [pid 16376:tid 139803718809344] [client 64.227.109.115:57972] AH01071: Got error 'Primary script unknown\n'
[Tue Oct 27 09:02:53.412729 2020] [core:crit] [pid 3951:tid 139803802728192] (13)Permission denied: [client 51.68.214.224:34696] AH00529: /var/www/vhosts/saratogahistory.com/httpdocs/phpBB/.htaccess pcfg_openfile: unable to check htaccess file, ensure it is readable and that '/var/www/vhosts/saratogahistory.com/httpdocs/phpBB/' is executable, referer: http://www.saratogahistory.com/phpBB/index.php
[Tue Oct 27 09:07:34.568226 2020] [proxy_fcgi:error] [pid 16376:tid 139803909662464] [client 39.104.207.247:41356] AH01071: Got error 'Primary script unknown\n'
[Tue Oct 27 09:21:54.951251 2020] [core:crit] [pid 3951:tid 139803645380352] (13)Permission denied: [client 51.91.102.49:36368] AH00529: /var/www/vhosts/saratogahistory.com/httpdocs/phpBB/.htaccess pcfg_openfile: unable to check htaccess file, ensure it is readable and that '/var/www/vhosts/saratogahistory.com/httpdocs/phpBB/' is executable, referer: http://www.saratogahistory.com/phpBB/index.php
[Tue Oct 27 09:23:26.006072 2020] [core:crit] [pid 16376:tid 139803792238336] (13)Permission denied: [client 31.40.254.164:38464] AH00529: /var/www/vhosts/saratogahistory.com/httpdocs/phpBB/.htaccess pcfg_openfile: unable to check htaccess file, ensure it is readable and that '/var/www/vhosts/saratogahistory.com/httpdocs/phpBB/' is executable
[Tue Oct 27 09:23:26.866802 2020] [core:crit] [pid 3951:tid 139803888682752] (13)Permission denied: [client 37.44.255.36:38474] AH00529: /var/www/vhosts/saratogahistory.com/httpdocs/phpBB/.htaccess pcfg_openfile: unable to check htaccess file, ensure it is readable and that '/var/www/vhosts/saratogahistory.com/httpdocs/phpBB/' is executable
[Tue Oct 27 09:23:27.674462 2020] [core:crit] [pid 3951:tid 139803739789056] (13)Permission denied: [client 95.181.149.128:38480] AH00529: /var/www/vhosts/saratogahistory.com/httpdocs/phpBB/.htaccess pcfg_openfile: unable to check htaccess file, ensure it is readable and that '/var/www/vhosts/saratogahistory.com/httpdocs/phpBB/' is executable
[Tue Oct 27 09:23:28.488992 2020] [core:crit] [pid 3951:tid 139803920152320] (13)Permission denied: [client 31.40.254.164:38496] AH00529: /var/www/vhosts/saratogahistory.com/httpdocs/phpBB/.htaccess pcfg_openfile: unable to check htaccess file, ensure it is readable and that '/var/www/vhosts/saratogahistory.com/httpdocs/phpBB/' is executable
[Tue Oct 27 09:42:12.097984 2020] [core:crit] [pid 16376:tid 139803624400640] (13)Permission denied: [client 185.25.35.13:35758] AH00529: /var/www/vhosts/saratogahistory.com/httpdocs/phpBB/.htaccess pcfg_openfile: unable to check htaccess file, ensure it is readable and that '/var/www/vhosts/saratogahistory.com/httpdocs/phpBB/' is executable
[Tue Oct 27 10:32:00.846484 2020] [core:crit] [pid 16376:tid 139803697829632] (13)Permission denied: [client 178.159.37.58:52470] AH00529: /var/www/vhosts/saratogahistory.com/httpdocs/phpBB/.htaccess pcfg_openfile: unable to check htaccess file, ensure it is readable and that '/var/www/vhosts/saratogahistory.com/httpdocs/phpBB/' is executable, referer: http://www.saratogahistory.com/phpBB/index.php
[Tue Oct 27 10:51:58.392525 2020] [core:crit] [pid 3952:tid 139803634890496] (13)Permission denied: [client 185.25.35.13:49126] AH00529: /var/www/vhosts/saratogahistory.com/httpdocs/phpBB/.htaccess pcfg_openfile: unable to check htaccess file, ensure it is readable and that '/var/www/vhosts/saratogahistory.com/httpdocs/phpBB/' is executable
[Tue Oct 27 11:13:55.117964 2020] [core:crit] [pid 16376:tid 139803708319488] (13)Permission denied: [client 195.181.170.76:33574] AH00529: /var/www/vhosts/saratogahistory.com/httpdocs/phpBB/.htaccess pcfg_openfile: unable to check htaccess file, ensure it is readable and that '/var/www/vhosts/saratogahistory.com/httpdocs/phpBB/' is executable, referer: http://www.saratogahistory.com/phpBB/index.php
[Tue Oct 27 11:13:56.164145 2020] [proxy_fcgi:error] [pid 16376:tid 139803697829632] [client 195.181.170.76:33612] AH01071: Got error 'Primary script unknown\n', referer: http://www.saratogahistory.com/index.php
[Tue Oct 27 11:13:56.455178 2020] [proxy_fcgi:error] [pid 3951:tid 139803729299200] [client 195.181.170.76:33628] AH01071: Got error 'Primary script unknown\n', referer: http://www.saratogahistory.com/index.php
[Tue Oct 27 11:13:56.764868 2020] [proxy_fcgi:error] [pid 16376:tid 139803729299200] [client 195.181.170.76:33630] AH01071: Got error 'Primary script unknown\n', referer: http://www.saratogahistory.com/index.php
[Tue Oct 27 11:25:29.673827 2020] [core:crit] [pid 16376:tid 139803613910784] (13)Permission denied: [client 185.25.35.8:60914] AH00529: /var/www/vhosts/saratogahistory.com/httpdocs/phpBB/.htaccess pcfg_openfile: unable to check htaccess file, ensure it is readable and that '/var/www/vhosts/saratogahistory.com/httpdocs/phpBB/' is executable
[Tue Oct 27 11:38:26.633167 2020] [core:crit] [pid 3952:tid 139803592931072] (13)Permission denied: [client 176.226.184.88:34636] AH00529: /var/www/vhosts/saratogahistory.com/httpdocs/phpBB/.htaccess pcfg_openfile: unable to check htaccess file, ensure it is readable and that '/var/www/vhosts/saratogahistory.com/httpdocs/phpBB/' is executable, referer: http://www.saratogahistory.com/phpBB/index.php
[Tue Oct 27 11:49:22.070370 2020] [core:crit] [pid 3951:tid 139803899172608] (13)Permission denied: [client 185.25.35.8:37292] AH00529: /var/www/vhosts/saratogahistory.com/httpdocs/phpBB/.htaccess pcfg_openfile: unable to check htaccess file, ensure it is readable and that '/var/www/vhosts/saratogahistory.com/httpdocs/phpBB/' is executable
[Tue Oct 27 12:30:14.116760 2020] [core:crit] [pid 16376:tid 139803687339776] (13)Permission denied: [client 45.154.255.69:51916] AH00529: /var/www/vhosts/saratogahistory.com/httpdocs/phpBB/.htaccess pcfg_openfile: unable to check htaccess file, ensure it is readable and that '/var/www/vhosts/saratogahistory.com/httpdocs/phpBB/' is executable, referer: http://www.saratogahistory.com/phpBB/index.php
[Tue Oct 27 13:16:12.390499 2020] [core:crit] [pid 3951:tid 139803655870208] (13)Permission denied: [client 194.135.75.74:54716] AH00529: /var/www/vhosts/saratogahistory.com/httpdocs/phpBB/.htaccess pcfg_openfile: unable to check htaccess file, ensure it is readable and that '/var/www/vhosts/saratogahistory.com/httpdocs/phpBB/' is executable, referer: http://www.saratogahistory.com/
[Tue Oct 27 14:15:13.297873 2020] [core:crit] [pid 16376:tid 139803781748480] (13)Permission denied: [client 185.220.102.241:41272] AH00529: /var/www/vhosts/saratogahistory.com/httpdocs/phpBB/.htaccess pcfg_openfile: unable to check htaccess file, ensure it is readable and that '/var/www/vhosts/saratogahistory.com/httpdocs/phpBB/' is executable, referer: http://www.saratogahistory.com/phpBB/index.php
[Tue Oct 27 14:44:18.892395 2020] [core:crit] [pid 16376:tid 139803613910784] (13)Permission denied: [client 178.214.250.188:37166] AH00529: /var/www/vhosts/saratogahistory.com/httpdocs/phpBB/.htaccess pcfg_openfile: unable to check htaccess file, ensure it is readable and that '/var/www/vhosts/saratogahistory.com/httpdocs/phpBB/' is executable, referer: http://www.saratogahistory.com/phpBB/index.php
[Tue Oct 27 14:51:22.592930 2020] [core:crit] [pid 16376:tid 139803676849920] (13)Permission denied: [client 77.83.175.161:58116] AH00529: /var/www/vhosts/saratogahistory.com/httpdocs/phpBB/.htaccess pcfg_openfile: unable to check htaccess file, ensure it is readable and that '/var/www/vhosts/saratogahistory.com/httpdocs/phpBB/' is executable, referer: http://www.saratogahistory.com/phpBB/index.php
[Tue Oct 27 16:01:04.957895 2020] [core:crit] [pid 16376:tid 139803729299200] (13)Permission denied: [client 107.189.11.163:43252] AH00529: /var/www/vhosts/saratogahistory.com/httpdocs/phpBB/.htaccess pcfg_openfile: unable to check htaccess file, ensure it is readable and that '/var/www/vhosts/saratogahistory.com/httpdocs/phpBB/' is executable, referer: http://www.saratogahistory.com/phpBB/index.php
[Tue Oct 27 16:14:03.171094 2020] [core:crit] [pid 16376:tid 139803888682752] (13)Permission denied: [client 185.47.184.253:44348] AH00529: /var/www/vhosts/saratogahistory.com/httpdocs/phpBB/.htaccess pcfg_openfile: unable to check htaccess file, ensure it is readable and that '/var/www/vhosts/saratogahistory.com/httpdocs/phpBB/' is executable, referer: http://www.saratogahistory.com/phpBB/profile.php?mode=register&agreed=true
[Tue Oct 27 16:14:45.673857 2020] [proxy_fcgi:error] [pid 3951:tid 139803666360064] [client 1.20.217.221:45728] AH01071: Got error 'Primary script unknown\n', referer: http://www.saratogahistory.com/index.php
[Tue Oct 27 16:14:46.888251 2020] [proxy_fcgi:error] [pid 16376:tid 139803909662464] [client 1.20.217.221:45766] AH01071: Got error 'Primary script unknown\n', referer: http://www.saratogahistory.com/index.php
[Tue Oct 27 16:38:11.641019 2020] [core:crit] [pid 16376:tid 139803634890496] (13)Permission denied: [client 185.25.35.8:49088] AH00529: /var/www/vhosts/saratogahistory.com/httpdocs/phpBB/.htaccess pcfg_openfile: unable to check htaccess file, ensure it is readable and that '/var/www/vhosts/saratogahistory.com/httpdocs/phpBB/' is executable
[Tue Oct 27 16:39:46.102867 2020] [core:crit] [pid 3951:tid 139803888682752] (13)Permission denied: [client 62.173.154.183:52766] AH00529: /var/www/vhosts/saratogahistory.com/httpdocs/phpBB/.htaccess pcfg_openfile: unable to check htaccess file, ensure it is readable and that '/var/www/vhosts/saratogahistory.com/httpdocs/phpBB/' is executable, referer: http://www.saratogahistory.com/phpBB/index.php
[Tue Oct 27 16:39:47.748116 2020] [proxy_fcgi:error] [pid 16376:tid 139803687339776] [client 62.173.154.183:52818] AH01071: Got error 'Primary script unknown\n', referer: http://www.saratogahistory.com/index.php
[Tue Oct 27 16:39:48.036027 2020] [proxy_fcgi:error] [pid 16376:tid 139803802728192] [client 62.173.154.183:52826] AH01071: Got error 'Primary script unknown\n', referer: http://www.saratogahistory.com/index.php
[Tue Oct 27 16:39:48.523820 2020] [proxy_fcgi:error] [pid 16376:tid 139803909662464] [client 62.173.154.183:52842] AH01071: Got error 'Primary script unknown\n', referer: http://www.saratogahistory.com/index.php
[Tue Oct 27 16:39:48.902272 2020] [core:crit] [pid 3952:tid 139803750278912] (13)Permission denied: [client 62.173.154.183:52860] AH00529: /var/www/vhosts/saratogahistory.com/httpdocs/phpBB/.htaccess pcfg_openfile: unable to check htaccess file, ensure it is readable and that '/var/www/vhosts/saratogahistory.com/httpdocs/phpBB/' is executable, referer: http://www.saratogahistory.com/phpBB/index.php
[Tue Oct 27 16:39:49.980643 2020] [proxy_fcgi:error] [pid 16376:tid 139803920152320] [client 62.173.154.183:52898] AH01071: Got error 'Primary script unknown\n', referer: http://www.saratogahistory.com/index.php
[Tue Oct 27 16:39:50.495183 2020] [proxy_fcgi:error] [pid 16376:tid 139803718809344] [client 62.173.154.183:52918] AH01071: Got error 'Primary script unknown\n', referer: http://www.saratogahistory.com/index.php
[Tue Oct 27 16:39:50.817623 2020] [proxy_fcgi:error] [pid 16376:tid 139803781748480] [client 62.173.154.183:52922] AH01071: Got error 'Primary script unknown\n', referer: http://www.saratogahistory.com/index.php
[Tue Oct 27 16:39:56.137435 2020] [core:crit] [pid 16376:tid 139803792238336] (13)Permission denied: [client 62.173.154.183:53080] AH00529: /var/www/vhosts/saratogahistory.com/httpdocs/phpBB/.htaccess pcfg_openfile: unable to check htaccess file, ensure it is readable and that '/var/www/vhosts/saratogahistory.com/httpdocs/phpBB/' is executable, referer: http://www.saratogahistory.com/phpBB/index.php
[Tue Oct 27 16:39:58.037602 2020] [proxy_fcgi:error] [pid 3951:tid 139803920152320] [client 62.173.154.183:53140] AH01071: Got error 'Primary script unknown\n', referer: http://www.saratogahistory.com/index.php
[Tue Oct 27 16:39:59.130984 2020] [proxy_fcgi:error] [pid 3951:tid 139803781748480] [client 62.173.154.183:53178] AH01071: Got error 'Primary script unknown\n', referer: http://www.saratogahistory.com/index.php
[Tue Oct 27 16:40:00.330742 2020] [proxy_fcgi:error] [pid 3952:tid 139803687339776] [client 62.173.154.183:53240] AH01071: Got error 'Primary script unknown\n', referer: http://www.saratogahistory.com/index.php
[Tue Oct 27 16:44:23.584974 2020] [core:crit] [pid 16376:tid 139803697829632] (13)Permission denied: [client 31.220.40.237:36164] AH00529: /var/www/vhosts/saratogahistory.com/httpdocs/phpBB/.htaccess pcfg_openfile: unable to check htaccess file, ensure it is readable and that '/var/www/vhosts/saratogahistory.com/httpdocs/phpBB/' is executable, referer: http://www.saratogahistory.com/phpBB/index.php
[Tue Oct 27 16:47:35.516387 2020] [core:crit] [pid 16376:tid 139803697829632] (13)Permission denied: [client 104.244.72.203:43398] AH00529: /var/www/vhosts/saratogahistory.com/httpdocs/phpBB/.htaccess pcfg_openfile: unable to check htaccess file, ensure it is readable and that '/var/www/vhosts/saratogahistory.com/httpdocs/phpBB/' is executable, referer: http://www.saratogahistory.com/phpBB/index.php
[Tue Oct 27 16:56:23.688334 2020] [core:crit] [pid 3952:tid 139803655870208] (13)Permission denied: [client 188.72.82.196:33690] AH00529: /var/www/vhosts/saratogahistory.com/httpdocs/phpBB/.htaccess pcfg_openfile: unable to check htaccess file, ensure it is readable and that '/var/www/vhosts/saratogahistory.com/httpdocs/phpBB/' is executable
[Tue Oct 27 16:58:35.827831 2020] [core:crit] [pid 3951:tid 139803708319488] (13)Permission denied: [client 51.91.110.235:38368] AH00529: /var/www/vhosts/saratogahistory.com/httpdocs/phpBB/.htaccess pcfg_openfile: unable to check htaccess file, ensure it is readable and that '/var/www/vhosts/saratogahistory.com/httpdocs/phpBB/' is executable, referer: http://www.saratogahistory.com/phpBB/index.php
[Tue Oct 27 17:17:13.212477 2020] [core:crit] [pid 3951:tid 139803802728192] (13)Permission denied: [client 89.229.155.198:51116] AH00529: /var/www/vhosts/saratogahistory.com/httpdocs/phpBB/.htaccess pcfg_openfile: unable to check htaccess file, ensure it is readable and that '/var/www/vhosts/saratogahistory.com/httpdocs/phpBB/' is executable, referer: http://www.saratogahistory.com/phpBB/index.php
[Tue Oct 27 17:45:31.315307 2020] [core:crit] [pid 16376:tid 139803739789056] (13)Permission denied: [client 185.25.35.11:54690] AH00529: /var/www/vhosts/saratogahistory.com/httpdocs/phpBB/.htaccess pcfg_openfile: unable to check htaccess file, ensure it is readable and that '/var/www/vhosts/saratogahistory.com/httpdocs/phpBB/' is executable
[Tue Oct 27 17:46:56.909880 2020] [core:crit] [pid 16376:tid 139803697829632] (13)Permission denied: [client 176.226.184.88:59188] AH00529: /var/www/vhosts/saratogahistory.com/httpdocs/phpBB/.htaccess pcfg_openfile: unable to check htaccess file, ensure it is readable and that '/var/www/vhosts/saratogahistory.com/httpdocs/phpBB/' is executable, referer: http://www.saratogahistory.com/phpBB/index.php
[Tue Oct 27 17:48:31.617966 2020] [core:crit] [pid 16376:tid 139803687339776] (13)Permission denied: [client 45.56.150.127:34412] AH00529: /var/www/vhosts/saratogahistory.com/httpdocs/phpBB/.htaccess pcfg_openfile: unable to check htaccess file, ensure it is readable and that '/var/www/vhosts/saratogahistory.com/httpdocs/phpBB/' is executable, referer: http://www.saratogahistory.com/phpBB/index.php
[Tue Oct 27 17:48:32.408885 2020] [proxy_fcgi:error] [pid 16376:tid 139803802728192] [client 45.56.150.127:34432] AH01071: Got error 'Primary script unknown\n', referer: http://www.saratogahistory.com/index.php
[Tue Oct 27 17:48:32.629018 2020] [proxy_fcgi:error] [pid 3951:tid 139803888682752] [client 45.56.150.127:34438] AH01071: Got error 'Primary script unknown\n', referer: http://www.saratogahistory.com/index.php
[Tue Oct 27 17:48:32.843439 2020] [proxy_fcgi:error] [pid 3951:tid 139803739789056] [client 45.56.150.127:34446] AH01071: Got error 'Primary script unknown\n', referer: http://www.saratogahistory.com/index.php
[Tue Oct 27 17:57:17.689114 2020] [core:crit] [pid 3951:tid 139803697829632] (13)Permission denied: [client 109.196.68.236:51854] AH00529: /var/www/vhosts/saratogahistory.com/httpdocs/phpBB/.htaccess pcfg_openfile: unable to check htaccess file, ensure it is readable and that '/var/www/vhosts/saratogahistory.com/httpdocs/phpBB/' is executable, referer: http://www.saratogahistory.com/phpBB/index.php
[Tue Oct 27 18:19:48.387939 2020] [core:crit] [pid 16376:tid 139803697829632] (13)Permission denied: [client 185.25.35.8:48568] AH00529: /var/www/vhosts/saratogahistory.com/httpdocs/phpBB/.htaccess pcfg_openfile: unable to check htaccess file, ensure it is readable and that '/var/www/vhosts/saratogahistory.com/httpdocs/phpBB/' is executable
[Tue Oct 27 18:29:34.508347 2020] [core:crit] [pid 3951:tid 139803624400640] (13)Permission denied: [client 185.100.86.182:42004] AH00529: /var/www/vhosts/saratogahistory.com/httpdocs/phpBB/.htaccess pcfg_openfile: unable to check htaccess file, ensure it is readable and that '/var/www/vhosts/saratogahistory.com/httpdocs/phpBB/' is executable, referer: http://www.saratogahistory.com/phpBB/index.php
[Tue Oct 27 18:42:17.875379 2020] [core:crit] [pid 16376:tid 139803718809344] (13)Permission denied: [client 185.25.35.14:38776] AH00529: /var/www/vhosts/saratogahistory.com/httpdocs/phpBB/.htaccess pcfg_openfile: unable to check htaccess file, ensure it is readable and that '/var/www/vhosts/saratogahistory.com/httpdocs/phpBB/' is executable
[Tue Oct 27 19:11:18.434064 2020] [core:crit] [pid 3951:tid 139803645380352] (13)Permission denied: [client 185.220.101.195:37688] AH00529: /var/www/vhosts/saratogahistory.com/httpdocs/phpBB/.htaccess pcfg_openfile: unable to check htaccess file, ensure it is readable and that '/var/www/vhosts/saratogahistory.com/httpdocs/phpBB/' is executable, referer: http://www.saratogahistory.com/phpBB/index.php
[Tue Oct 27 19:30:09.094112 2020] [core:crit] [pid 3951:tid 139803750278912] (13)Permission denied: [client 23.106.58.180:50972] AH00529: /var/www/vhosts/saratogahistory.com/httpdocs/phpBB/.htaccess pcfg_openfile: unable to check htaccess file, ensure it is readable and that '/var/www/vhosts/saratogahistory.com/httpdocs/phpBB/' is executable, referer: http://www.saratogahistory.com/phpBB/index.php
[Tue Oct 27 19:51:59.529512 2020] [core:crit] [pid 16376:tid 139803634890496] (13)Permission denied: [client 77.247.181.162:39138] AH00529: /var/www/vhosts/saratogahistory.com/httpdocs/phpBB/.htaccess pcfg_openfile: unable to check htaccess file, ensure it is readable and that '/var/www/vhosts/saratogahistory.com/httpdocs/phpBB/' is executable, referer: http://www.saratogahistory.com/phpBB/index.php
[Tue Oct 27 20:18:05.735467 2020] [core:crit] [pid 16376:tid 139803888682752] (13)Permission denied: [client 195.2.79.183:37246] AH00529: /var/www/vhosts/saratogahistory.com/httpdocs/phpBB/.htaccess pcfg_openfile: unable to check htaccess file, ensure it is readable and that '/var/www/vhosts/saratogahistory.com/httpdocs/phpBB/' is executable, referer: http://www.saratogahistory.com/phpBB/index.php
[Tue Oct 27 20:38:35.138445 2020] [core:crit] [pid 16376:tid 139803666360064] (13)Permission denied: [client 51.75.144.43:53012] AH00529: /var/www/vhosts/saratogahistory.com/httpdocs/phpBB/.htaccess pcfg_openfile: unable to check htaccess file, ensure it is readable and that '/var/www/vhosts/saratogahistory.com/httpdocs/phpBB/' is executable, referer: http://www.saratogahistory.com/phpBB/index.php
[Tue Oct 27 20:42:03.448128 2020] [core:crit] [pid 16376:tid 139803771258624] (13)Permission denied: [client 23.129.64.207:36774] AH00529: /var/www/vhosts/saratogahistory.com/httpdocs/phpBB/.htaccess pcfg_openfile: unable to check htaccess file, ensure it is readable and that '/var/www/vhosts/saratogahistory.com/httpdocs/phpBB/' is executable, referer: http://www.saratogahistory.com/phpBB/index.php
[Tue Oct 27 21:02:45.422297 2020] [core:crit] [pid 16376:tid 139803613910784] (13)Permission denied: [client 66.249.70.125:45360] AH00529: /var/www/vhosts/saratogahistory.com/httpdocs/phpBB/.htaccess pcfg_openfile: unable to check htaccess file, ensure it is readable and that '/var/www/vhosts/saratogahistory.com/httpdocs/phpBB/' is executable
[Tue Oct 27 21:04:22.274105 2020] [core:crit] [pid 16376:tid 139803655870208] (13)Permission denied: [client 216.151.180.39:50504] AH00529: /var/www/vhosts/saratogahistory.com/httpdocs/phpBB/.htaccess pcfg_openfile: unable to check htaccess file, ensure it is readable and that '/var/www/vhosts/saratogahistory.com/httpdocs/phpBB/' is executable, referer: http://www.saratogahistory.com/phpBB/viewtopic.php?t=340
[Tue Oct 27 21:04:22.755586 2020] [core:crit] [pid 3952:tid 139803899172608] (13)Permission denied: [client 2.58.12.193:50528] AH00529: /var/www/vhosts/saratogahistory.com/httpdocs/phpBB/.htaccess pcfg_openfile: unable to check htaccess file, ensure it is readable and that '/var/www/vhosts/saratogahistory.com/httpdocs/phpBB/' is executable, referer: http://www.saratogahistory.com/phpBB/viewtopic.php?t=340
[Tue Oct 27 21:04:23.094526 2020] [core:crit] [pid 3950:tid 139803802728192] (13)Permission denied: [client 2.58.12.193:50544] AH00529: /var/www/vhosts/saratogahistory.com/httpdocs/phpBB/.htaccess pcfg_openfile: unable to check htaccess file, ensure it is readable and that '/var/www/vhosts/saratogahistory.com/httpdocs/phpBB/' is executable, referer: http://www.saratogahistory.com/phpBB/viewtopic.php?t=340
[Tue Oct 27 21:04:23.544791 2020] [core:crit] [pid 3951:tid 139803909662464] (13)Permission denied: [client 5.180.220.112:50568] AH00529: /var/www/vhosts/saratogahistory.com/httpdocs/phpBB/.htaccess pcfg_openfile: unable to check htaccess file, ensure it is readable and that '/var/www/vhosts/saratogahistory.com/httpdocs/phpBB/' is executable, referer: http://www.saratogahistory.com/phpBB/viewtopic.php?t=340
[Tue Oct 27 21:04:24.991819 2020] [proxy_fcgi:error] [pid 16376:tid 139803687339776] [client 5.180.220.112:50638] AH01071: Got error 'Primary script unknown\n', referer: http://www.saratogahistory.com/index.php
[Tue Oct 27 21:04:25.413270 2020] [proxy_fcgi:error] [pid 16376:tid 139803802728192] [client 5.180.220.112:50662] AH01071: Got error 'Primary script unknown\n', referer: http://www.saratogahistory.com/index.php
[Tue Oct 27 21:04:25.729349 2020] [proxy_fcgi:error] [pid 16376:tid 139803909662464] [client 5.180.220.112:50684] AH01071: Got error 'Primary script unknown\n', referer: http://www.saratogahistory.com/index.php
[Tue Oct 27 22:01:17.472437 2020] [core:crit] [pid 16376:tid 139803592931072] (13)Permission denied: [client 196.244.192.56:50022] AH00529: /var/www/vhosts/saratogahistory.com/httpdocs/phpBB/.htaccess pcfg_openfile: unable to check htaccess file, ensure it is readable and that '/var/www/vhosts/saratogahistory.com/httpdocs/phpBB/' is executable, referer: http://www.saratogahistory.com/phpBB/index.php
[Tue Oct 27 22:30:11.288827 2020] [core:crit] [pid 16376:tid 139803718809344] (13)Permission denied: [client 185.220.101.12:57758] AH00529: /var/www/vhosts/saratogahistory.com/httpdocs/phpBB/.htaccess pcfg_openfile: unable to check htaccess file, ensure it is readable and that '/var/www/vhosts/saratogahistory.com/httpdocs/phpBB/' is executable, referer: http://www.saratogahistory.com/phpBB/index.php
[Tue Oct 27 22:59:17.795974 2020] [core:crit] [pid 3951:tid 139803613910784] (13)Permission denied: [client 176.226.184.88:40424] AH00529: /var/www/vhosts/saratogahistory.com/httpdocs/phpBB/.htaccess pcfg_openfile: unable to check htaccess file, ensure it is readable and that '/var/www/vhosts/saratogahistory.com/httpdocs/phpBB/' is executable, referer: http://www.saratogahistory.com/phpBB/index.php
[Tue Oct 27 23:10:19.787351 2020] [core:crit] [pid 16376:tid 139803899172608] (13)Permission denied: [client 5.183.92.67:41080] AH00529: /var/www/vhosts/saratogahistory.com/httpdocs/phpBB/.htaccess pcfg_openfile: unable to check htaccess file, ensure it is readable and that '/var/www/vhosts/saratogahistory.com/httpdocs/phpBB/' is executable, referer: https://www.affiliate-programs.biz/affiliate-marketing-incentive-traffic/
[Tue Oct 27 23:14:09.350695 2020] [core:crit] [pid 3951:tid 139803920152320] (13)Permission denied: [client 185.170.114.25:48802] AH00529: /var/www/vhosts/saratogahistory.com/httpdocs/phpBB/.htaccess pcfg_openfile: unable to check htaccess file, ensure it is readable and that '/var/www/vhosts/saratogahistory.com/httpdocs/phpBB/' is executable, referer: http://www.saratogahistory.com/phpBB/index.php
[Tue Oct 27 23:25:25.199218 2020] [core:crit] [pid 16376:tid 139803624400640] (13)Permission denied: [client 185.25.35.13:45158] AH00529: /var/www/vhosts/saratogahistory.com/httpdocs/phpBB/.htaccess pcfg_openfile: unable to check htaccess file, ensure it is readable and that '/var/www/vhosts/saratogahistory.com/httpdocs/phpBB/' is executable
[Wed Oct 28 00:00:17.313156 2020] [core:crit] [pid 16376:tid 139803697829632] (13)Permission denied: [client 66.249.70.125:56100] AH00529: /var/www/vhosts/saratogahistory.com/httpdocs/phpBB/.htaccess pcfg_openfile: unable to check htaccess file, ensure it is readable and that '/var/www/vhosts/saratogahistory.com/httpdocs/phpBB/' is executable
[Wed Oct 28 00:00:26.058566 2020] [core:crit] [pid 3952:tid 139803802728192] (13)Permission denied: [client 66.249.70.127:56526] AH00529: /var/www/vhosts/saratogahistory.com/httpdocs/phpBB/.htaccess pcfg_openfile: unable to check htaccess file, ensure it is readable and that '/var/www/vhosts/saratogahistory.com/httpdocs/phpBB/' is executable
[Wed Oct 28 00:34:40.070126 2020] [core:crit] [pid 3951:tid 139803899172608] (13)Permission denied: [client 185.25.35.15:44728] AH00529: /var/www/vhosts/saratogahistory.com/httpdocs/phpBB/.htaccess pcfg_openfile: unable to check htaccess file, ensure it is readable and that '/var/www/vhosts/saratogahistory.com/httpdocs/phpBB/' is executable
[Wed Oct 28 01:10:15.973693 2020] [core:crit] [pid 3950:tid 139803666360064] (13)Permission denied: [client 185.25.35.12:33678] AH00529: /var/www/vhosts/saratogahistory.com/httpdocs/phpBB/.htaccess pcfg_openfile: unable to check htaccess file, ensure it is readable and that '/var/www/vhosts/saratogahistory.com/httpdocs/phpBB/' is executable
[Wed Oct 28 01:32:39.538972 2020] [core:crit] [pid 16376:tid 139803687339776] (13)Permission denied: [client 185.25.35.10:59348] AH00529: /var/www/vhosts/saratogahistory.com/httpdocs/phpBB/.htaccess pcfg_openfile: unable to check htaccess file, ensure it is readable and that '/var/www/vhosts/saratogahistory.com/httpdocs/phpBB/' is executable
[Wed Oct 28 02:22:46.894544 2020] [core:crit] [pid 3951:tid 139803760768768] (13)Permission denied: [client 178.159.37.58:40284] AH00529: /var/www/vhosts/saratogahistory.com/httpdocs/phpBB/.htaccess pcfg_openfile: unable to check htaccess file, ensure it is readable and that '/var/www/vhosts/saratogahistory.com/httpdocs/phpBB/' is executable, referer: http://www.saratogahistory.com/phpBB/index.php
[Wed Oct 28 02:42:11.977737 2020] [core:crit] [pid 3951:tid 139803920152320] (13)Permission denied: [client 51.68.143.212:58406] AH00529: /var/www/vhosts/saratogahistory.com/httpdocs/phpBB/.htaccess pcfg_openfile: unable to check htaccess file, ensure it is readable and that '/var/www/vhosts/saratogahistory.com/httpdocs/phpBB/' is executable, referer: http://www.saratogahistory.com/phpBB/index.php
[Wed Oct 28 02:53:01.170982 2020] [proxy_fcgi:error] [pid 16376:tid 139803624400640] [client 51.91.127.200:51938] AH01071: Got error 'Primary script unknown\n', referer: http://saratogahistory.com/wp-login.php
[Wed Oct 28 04:06:50.531961 2020] [core:crit] [pid 3952:tid 139803899172608] (13)Permission denied: [client 123.123.219.33:47730] AH00529: /var/www/vhosts/saratogahistory.com/httpdocs/phpBB/.htaccess pcfg_openfile: unable to check htaccess file, ensure it is readable and that '/var/www/vhosts/saratogahistory.com/httpdocs/phpBB/' is executable
[Wed Oct 28 04:11:53.905273 2020] [core:crit] [pid 16376:tid 139803739789056] (13)Permission denied: [client 176.226.184.88:58918] AH00529: /var/www/vhosts/saratogahistory.com/httpdocs/phpBB/.htaccess pcfg_openfile: unable to check htaccess file, ensure it is readable and that '/var/www/vhosts/saratogahistory.com/httpdocs/phpBB/' is executable, referer: http://www.saratogahistory.com/phpBB/index.php
[Wed Oct 28 04:18:00.730465 2020] [core:crit] [pid 3952:tid 139803920152320] (13)Permission denied: [client 45.86.201.173:49604] AH00529: /var/www/vhosts/saratogahistory.com/httpdocs/phpBB/.htaccess pcfg_openfile: unable to check htaccess file, ensure it is readable and that '/var/www/vhosts/saratogahistory.com/httpdocs/phpBB/' is executable, referer: http://www.saratogahistory.com/phpBB/index.php
[Wed Oct 28 05:15:13.979071 2020] [core:crit] [pid 3951:tid 139803655870208] (13)Permission denied: [client 179.43.160.238:40476] AH00529: /var/www/vhosts/saratogahistory.com/httpdocs/phpBB/.htaccess pcfg_openfile: unable to check htaccess file, ensure it is readable and that '/var/www/vhosts/saratogahistory.com/httpdocs/phpBB/' is executable, referer: http://www.saratogahistory.com/phpBB/index.php
[Wed Oct 28 06:00:38.222594 2020] [core:crit] [pid 16376:tid 139803624400640] (13)Permission denied: [client 185.25.35.12:55998] AH00529: /var/www/vhosts/saratogahistory.com/httpdocs/phpBB/.htaccess pcfg_openfile: unable to check htaccess file, ensure it is readable and that '/var/www/vhosts/saratogahistory.com/httpdocs/phpBB/' is executable
[Wed Oct 28 06:10:38.702346 2020] [core:crit] [pid 3951:tid 139803909662464] (13)Permission denied: [client 136.169.170.81:50974] AH00529: /var/www/vhosts/saratogahistory.com/httpdocs/phpBB/.htaccess pcfg_openfile: unable to check htaccess file, ensure it is readable and that '/var/www/vhosts/saratogahistory.com/httpdocs/phpBB/' is executable, referer: http://www.saratogahistory.com/phpBB/index.php
[Wed Oct 28 06:19:57.911620 2020] [core:crit] [pid 16376:tid 139803781748480] (13)Permission denied: [client 23.106.58.156:44126] AH00529: /var/www/vhosts/saratogahistory.com/httpdocs/phpBB/.htaccess pcfg_openfile: unable to check htaccess file, ensure it is readable and that '/var/www/vhosts/saratogahistory.com/httpdocs/phpBB/' is executable, referer: http://www.saratogahistory.com/phpBB/index.php
[Wed Oct 28 06:36:50.536015 2020] [core:crit] [pid 3951:tid 139803708319488] (13)Permission denied: [client 5.183.92.67:53234] AH00529: /var/www/vhosts/saratogahistory.com/httpdocs/phpBB/.htaccess pcfg_openfile: unable to check htaccess file, ensure it is readable and that '/var/www/vhosts/saratogahistory.com/httpdocs/phpBB/' is executable, referer: https://accs-store.ru/
[Wed Oct 28 06:47:16.823276 2020] [core:crit] [pid 3951:tid 139803613910784] (13)Permission denied: [client 188.247.39.14:47006] AH00529: /var/www/vhosts/saratogahistory.com/httpdocs/phpBB/.htaccess pcfg_openfile: unable to check htaccess file, ensure it is readable and that '/var/www/vhosts/saratogahistory.com/httpdocs/phpBB/' is executable, referer: http://www.saratogahistory.com/phpBB/profile.php?mode=register&agreed=true
[Wed Oct 28 06:47:23.006782 2020] [proxy_fcgi:error] [pid 16376:tid 139803708319488] [client 188.247.39.14:47168] AH01071: Got error 'Primary script unknown\n', referer: http://www.saratogahistory.com/index.php
[Wed Oct 28 06:47:24.578149 2020] [proxy_fcgi:error] [pid 16376:tid 139803645380352] [client 188.247.39.14:47254] AH01071: Got error 'Primary script unknown\n', referer: http://www.saratogahistory.com/index.php
[Wed Oct 28 07:11:16.768767 2020] [core:crit] [pid 3951:tid 139803888682752] (13)Permission denied: [client 185.25.35.13:46440] AH00529: /var/www/vhosts/saratogahistory.com/httpdocs/phpBB/.htaccess pcfg_openfile: unable to check htaccess file, ensure it is readable and that '/var/www/vhosts/saratogahistory.com/httpdocs/phpBB/' is executable
[Wed Oct 28 07:46:23.008101 2020] [core:crit] [pid 16376:tid 139803729299200] (13)Permission denied: [client 185.25.35.14:45068] AH00529: /var/www/vhosts/saratogahistory.com/httpdocs/phpBB/.htaccess pcfg_openfile: unable to check htaccess file, ensure it is readable and that '/var/www/vhosts/saratogahistory.com/httpdocs/phpBB/' is executable
[Wed Oct 28 07:47:06.209404 2020] [core:crit] [pid 16376:tid 139803739789056] (13)Permission denied: [client 196.244.192.56:47092] AH00529: /var/www/vhosts/saratogahistory.com/httpdocs/phpBB/.htaccess pcfg_openfile: unable to check htaccess file, ensure it is readable and that '/var/www/vhosts/saratogahistory.com/httpdocs/phpBB/' is executable, referer: http://www.saratogahistory.com/phpBB/index.php
[Wed Oct 28 07:51:38.505921 2020] [core:crit] [pid 16376:tid 139803592931072] (13)Permission denied: [client 89.22.249.241:58150] AH00529: /var/www/vhosts/saratogahistory.com/httpdocs/phpBB/.htaccess pcfg_openfile: unable to check htaccess file, ensure it is readable and that '/var/www/vhosts/saratogahistory.com/httpdocs/phpBB/' is executable, referer: http://www.saratogahistory.com/phpBB/profile.php?mode=register&agreed=true
[Wed Oct 28 07:51:41.141826 2020] [proxy_fcgi:error] [pid 16376:tid 139803888682752] [client 89.22.249.241:58268] AH01071: Got error 'Primary script unknown\n', referer: http://www.saratogahistory.com/index.php
[Wed Oct 28 07:51:41.719845 2020] [proxy_fcgi:error] [pid 16376:tid 139803687339776] [client 89.22.249.241:58290] AH01071: Got error 'Primary script unknown\n', referer: http://www.saratogahistory.com/index.php
[Wed Oct 28 08:08:49.863080 2020] [core:crit] [pid 3951:tid 139803781748480] (13)Permission denied: [client 185.25.35.9:42928] AH00529: /var/www/vhosts/saratogahistory.com/httpdocs/phpBB/.htaccess pcfg_openfile: unable to check htaccess file, ensure it is readable and that '/var/www/vhosts/saratogahistory.com/httpdocs/phpBB/' is executable
[Wed Oct 28 08:42:04.266090 2020] [core:crit] [pid 16376:tid 139803792238336] (13)Permission denied: [client 51.195.91.165:39196] AH00529: /var/www/vhosts/saratogahistory.com/httpdocs/phpBB/.htaccess pcfg_openfile: unable to check htaccess file, ensure it is readable and that '/var/www/vhosts/saratogahistory.com/httpdocs/phpBB/' is executable, referer: http://www.saratogahistory.com/phpBB/index.php
[Wed Oct 28 08:47:42.000898 2020] [core:crit] [pid 16376:tid 139803676849920] (13)Permission denied: [client 124.41.240.149:50902] AH00529: /var/www/vhosts/saratogahistory.com/httpdocs/phpBB/.htaccess pcfg_openfile: unable to check htaccess file, ensure it is readable and that '/var/www/vhosts/saratogahistory.com/httpdocs/phpBB/' is executable, referer: http://www.saratogahistory.com/phpBB/profile.php?mode=register&agreed=true
[Wed Oct 28 08:47:59.812695 2020] [proxy_fcgi:error] [pid 16376:tid 139803624400640] [client 124.41.240.149:51408] AH01071: Got error 'Primary script unknown\n', referer: http://www.saratogahistory.com/index.php
[Wed Oct 28 08:48:17.337915 2020] [proxy_fcgi:error] [pid 16376:tid 139803729299200] [client 202.141.235.94:51938] AH01071: Got error 'Primary script unknown\n', referer: http://www.saratogahistory.com/index.php
[Wed Oct 28 09:34:01.843084 2020] [core:crit] [pid 3950:tid 139803634890496] (13)Permission denied: [client 176.226.184.88:51590] AH00529: /var/www/vhosts/saratogahistory.com/httpdocs/phpBB/.htaccess pcfg_openfile: unable to check htaccess file, ensure it is readable and that '/var/www/vhosts/saratogahistory.com/httpdocs/phpBB/' is executable, referer: http://www.saratogahistory.com/phpBB/index.php
[Wed Oct 28 09:52:08.074441 2020] [core:crit] [pid 16376:tid 139803613910784] (13)Permission denied: [client 209.141.45.183:41676] AH00529: /var/www/vhosts/saratogahistory.com/httpdocs/phpBB/.htaccess pcfg_openfile: unable to check htaccess file, ensure it is readable and that '/var/www/vhosts/saratogahistory.com/httpdocs/phpBB/' is executable, referer: http://www.saratogahistory.com/phpBB/index.php
[Wed Oct 28 10:04:21.300921 2020] [proxy_fcgi:error] [pid 16376:tid 139803750278912] [client 193.27.229.26:50572] AH01071: Got error 'Primary script unknown\n', referer: https://saratogahistory.com:443/index.php?s=/Index/\\think\\app/invokefunction&function=call_user_func_array&vars[0]=md5&vars[1][]=HelloThinkPHP21
[Wed Oct 28 11:32:11.413600 2020] [core:crit] [pid 16376:tid 139803750278912] (13)Permission denied: [client 142.4.24.189:37732] AH00529: /var/www/vhosts/saratogahistory.com/httpdocs/phpBB/.htaccess pcfg_openfile: unable to check htaccess file, ensure it is readable and that '/var/www/vhosts/saratogahistory.com/httpdocs/phpBB/' is executable
[Wed Oct 28 11:34:15.992198 2020] [core:crit] [pid 16376:tid 139803920152320] (13)Permission denied: [client 142.4.24.189:42246] AH00529: /var/www/vhosts/saratogahistory.com/httpdocs/phpBB/.htaccess pcfg_openfile: unable to check htaccess file, ensure it is readable and that '/var/www/vhosts/saratogahistory.com/httpdocs/phpBB/' is executable
[Wed Oct 28 11:42:09.813890 2020] [core:crit] [pid 16376:tid 139803781748480] (13)Permission denied: [client 142.4.24.189:58142] AH00529: /var/www/vhosts/saratogahistory.com/httpdocs/phpBB/.htaccess pcfg_openfile: unable to check htaccess file, ensure it is readable and that '/var/www/vhosts/saratogahistory.com/httpdocs/phpBB/' is executable, referer: http://saratogahistory.com/phpBB/profile.php?mode=viewprofile&u=266
[Wed Oct 28 11:42:54.907796 2020] [core:crit] [pid 16376:tid 139803645380352] (13)Permission denied: [client 142.4.24.189:60144] AH00529: /var/www/vhosts/saratogahistory.com/httpdocs/phpBB/.htaccess pcfg_openfile: unable to check htaccess file, ensure it is readable and that '/var/www/vhosts/saratogahistory.com/httpdocs/phpBB/' is executable, referer: http://saratogahistory.com/phpBB/memberlist.php?mode=joined&order=ASC&start=180
[Wed Oct 28 11:47:41.925105 2020] [core:crit] [pid 16376:tid 139803729299200] (13)Permission denied: [client 142.4.24.189:43262] AH00529: /var/www/vhosts/saratogahistory.com/httpdocs/phpBB/.htaccess pcfg_openfile: unable to check htaccess file, ensure it is readable and that '/var/www/vhosts/saratogahistory.com/httpdocs/phpBB/' is executable
[Wed Oct 28 12:54:28.809057 2020] [core:crit] [pid 16376:tid 139803687339776] (13)Permission denied: [client 185.25.35.10:56820] AH00529: /var/www/vhosts/saratogahistory.com/httpdocs/phpBB/.htaccess pcfg_openfile: unable to check htaccess file, ensure it is readable and that '/var/www/vhosts/saratogahistory.com/httpdocs/phpBB/' is executable
[Wed Oct 28 13:18:44.839027 2020] [core:crit] [pid 16376:tid 139803771258624] (13)Permission denied: [client 185.220.102.4:46092] AH00529: /var/www/vhosts/saratogahistory.com/httpdocs/phpBB/.htaccess pcfg_openfile: unable to check htaccess file, ensure it is readable and that '/var/www/vhosts/saratogahistory.com/httpdocs/phpBB/' is executable, referer: http://www.saratogahistory.com/phpBB/index.php
[Wed Oct 28 13:27:02.184910 2020] [core:crit] [pid 3951:tid 139803687339776] (13)Permission denied: [client 51.68.197.60:33002] AH00529: /var/www/vhosts/saratogahistory.com/httpdocs/phpBB/.htaccess pcfg_openfile: unable to check htaccess file, ensure it is readable and that '/var/www/vhosts/saratogahistory.com/httpdocs/phpBB/' is executable, referer: http://www.saratogahistory.com/phpBB/index.php
[Wed Oct 28 13:55:20.377624 2020] [autoindex:error] [pid 3952:tid 139803739789056] [client 17.58.99.5:57458] AH01276: Cannot serve directory /var/www/vhosts/saratogahistory.com/httpdocs/grandview/: No matching DirectoryIndex (index.html,index.cgi,index.pl,index.php,index.xhtml,index.htm,index.shtml) found, and server-generated directory index forbidden by Options directive
[Wed Oct 28 14:04:39.913872 2020] [core:crit] [pid 3951:tid 139803624400640] (13)Permission denied: [client 185.25.35.15:45246] AH00529: /var/www/vhosts/saratogahistory.com/httpdocs/phpBB/.htaccess pcfg_openfile: unable to check htaccess file, ensure it is readable and that '/var/www/vhosts/saratogahistory.com/httpdocs/phpBB/' is executable
[Wed Oct 28 14:36:24.620992 2020] [core:crit] [pid 16376:tid 139803750278912] (13)Permission denied: [client 185.25.35.8:43128] AH00529: /var/www/vhosts/saratogahistory.com/httpdocs/phpBB/.htaccess pcfg_openfile: unable to check htaccess file, ensure it is readable and that '/var/www/vhosts/saratogahistory.com/httpdocs/phpBB/' is executable
[Wed Oct 28 14:42:56.398158 2020] [proxy_fcgi:error] [pid 16376:tid 139803603420928] [client 162.241.87.45:56446] AH01071: Got error 'Primary script unknown\n', referer: http://saratogahistory.com/wp-login.php
[Wed Oct 28 14:56:51.569615 2020] [core:crit] [pid 16376:tid 139803697829632] (13)Permission denied: [client 185.25.35.11:50368] AH00529: /var/www/vhosts/saratogahistory.com/httpdocs/phpBB/.htaccess pcfg_openfile: unable to check htaccess file, ensure it is readable and that '/var/www/vhosts/saratogahistory.com/httpdocs/phpBB/' is executable
[Wed Oct 28 15:22:59.199807 2020] [core:crit] [pid 3951:tid 139803899172608] (13)Permission denied: [client 176.226.184.88:38736] AH00529: /var/www/vhosts/saratogahistory.com/httpdocs/phpBB/.htaccess pcfg_openfile: unable to check htaccess file, ensure it is readable and that '/var/www/vhosts/saratogahistory.com/httpdocs/phpBB/' is executable, referer: http://www.saratogahistory.com/phpBB/index.php
[Wed Oct 28 16:43:47.619077 2020] [core:crit] [pid 3951:tid 139803676849920] (13)Permission denied: [client 45.154.255.74:54162] AH00529: /var/www/vhosts/saratogahistory.com/httpdocs/phpBB/.htaccess pcfg_openfile: unable to check htaccess file, ensure it is readable and that '/var/www/vhosts/saratogahistory.com/httpdocs/phpBB/' is executable, referer: http://www.saratogahistory.com/phpBB/index.php
[Wed Oct 28 16:56:54.843333 2020] [core:crit] [pid 16376:tid 139803718809344] (13)Permission denied: [client 185.220.102.247:50288] AH00529: /var/www/vhosts/saratogahistory.com/httpdocs/phpBB/.htaccess pcfg_openfile: unable to check htaccess file, ensure it is readable and that '/var/www/vhosts/saratogahistory.com/httpdocs/phpBB/' is executable, referer: http://www.saratogahistory.com/phpBB/index.php
[Wed Oct 28 18:02:21.891481 2020] [core:crit] [pid 3951:tid 139803760768768] (13)Permission denied: [client 62.173.154.183:52286] AH00529: /var/www/vhosts/saratogahistory.com/httpdocs/phpBB/.htaccess pcfg_openfile: unable to check htaccess file, ensure it is readable and that '/var/www/vhosts/saratogahistory.com/httpdocs/phpBB/' is executable, referer: http://www.saratogahistory.com/phpBB/index.php
[Wed Oct 28 18:02:25.185176 2020] [proxy_fcgi:error] [pid 3952:tid 139803708319488] [client 62.173.154.183:52346] AH01071: Got error 'Primary script unknown\n', referer: http://www.saratogahistory.com/index.php
[Wed Oct 28 18:02:26.035677 2020] [proxy_fcgi:error] [pid 16376:tid 139803718809344] [client 62.173.154.183:52362] AH01071: Got error 'Primary script unknown\n', referer: http://www.saratogahistory.com/index.php
[Wed Oct 28 18:02:27.854625 2020] [proxy_fcgi:error] [pid 3951:tid 139803634890496] [client 62.173.154.183:52396] AH01071: Got error 'Primary script unknown\n', referer: http://www.saratogahistory.com/index.php
[Wed Oct 28 18:11:28.860134 2020] [core:crit] [pid 3951:tid 139803645380352] (13)Permission denied: [client 62.173.154.183:40254] AH00529: /var/www/vhosts/saratogahistory.com/httpdocs/phpBB/.htaccess pcfg_openfile: unable to check htaccess file, ensure it is readable and that '/var/www/vhosts/saratogahistory.com/httpdocs/phpBB/' is executable, referer: http://www.saratogahistory.com/phpBB/index.php
[Wed Oct 28 18:11:30.804710 2020] [proxy_fcgi:error] [pid 16376:tid 139803624400640] [client 62.173.154.183:40308] AH01071: Got error 'Primary script unknown\n', referer: http://www.saratogahistory.com/index.php
[Wed Oct 28 18:11:31.075242 2020] [proxy_fcgi:error] [pid 16376:tid 139803729299200] [client 62.173.154.183:40316] AH01071: Got error 'Primary script unknown\n', referer: http://www.saratogahistory.com/index.php
[Wed Oct 28 18:11:31.601613 2020] [proxy_fcgi:error] [pid 16376:tid 139803899172608] [client 62.173.154.183:40332] AH01071: Got error 'Primary script unknown\n', referer: http://www.saratogahistory.com/index.php
[Wed Oct 28 18:21:01.906266 2020] [core:crit] [pid 3951:tid 139803613910784] (13)Permission denied: [client 62.173.154.183:56196] AH00529: /var/www/vhosts/saratogahistory.com/httpdocs/phpBB/.htaccess pcfg_openfile: unable to check htaccess file, ensure it is readable and that '/var/www/vhosts/saratogahistory.com/httpdocs/phpBB/' is executable, referer: http://www.saratogahistory.com/phpBB/index.php
[Wed Oct 28 18:21:09.410175 2020] [proxy_fcgi:error] [pid 3951:tid 139803802728192] [client 62.173.154.183:56428] AH01071: Got error 'Primary script unknown\n', referer: http://www.saratogahistory.com/index.php
[Wed Oct 28 18:21:09.701554 2020] [proxy_fcgi:error] [pid 3951:tid 139803739789056] [client 62.173.154.183:56450] AH01071: Got error 'Primary script unknown\n', referer: http://www.saratogahistory.com/index.php
[Wed Oct 28 18:21:10.051968 2020] [proxy_fcgi:error] [pid 3951:tid 139803781748480] [client 62.173.154.183:56466] AH01071: Got error 'Primary script unknown\n', referer: http://www.saratogahistory.com/index.php
[Wed Oct 28 18:36:47.206818 2020] [core:crit] [pid 3951:tid 139803676849920] (13)Permission denied: [client 136.169.170.81:53802] AH00529: /var/www/vhosts/saratogahistory.com/httpdocs/phpBB/.htaccess pcfg_openfile: unable to check htaccess file, ensure it is readable and that '/var/www/vhosts/saratogahistory.com/httpdocs/phpBB/' is executable, referer: http://www.saratogahistory.com/phpBB/index.php
[Wed Oct 28 19:14:01.425958 2020] [core:crit] [pid 3951:tid 139803687339776] (13)Permission denied: [client 198.98.60.92:37032] AH00529: /var/www/vhosts/saratogahistory.com/httpdocs/phpBB/.htaccess pcfg_openfile: unable to check htaccess file, ensure it is readable and that '/var/www/vhosts/saratogahistory.com/httpdocs/phpBB/' is executable, referer: http://www.saratogahistory.com/phpBB/index.php
[Wed Oct 28 19:43:01.161476 2020] [core:crit] [pid 3951:tid 139803739789056] (13)Permission denied: [client 185.25.35.15:55228] AH00529: /var/www/vhosts/saratogahistory.com/httpdocs/phpBB/.htaccess pcfg_openfile: unable to check htaccess file, ensure it is readable and that '/var/www/vhosts/saratogahistory.com/httpdocs/phpBB/' is executable
[Wed Oct 28 19:56:34.968026 2020] [core:crit] [pid 16376:tid 139803771258624] (13)Permission denied: [client 185.152.66.233:49078] AH00529: /var/www/vhosts/saratogahistory.com/httpdocs/phpBB/.htaccess pcfg_openfile: unable to check htaccess file, ensure it is readable and that '/var/www/vhosts/saratogahistory.com/httpdocs/phpBB/' is executable, referer: http://www.saratogahistory.com/phpBB/index.php
[Wed Oct 28 20:27:25.655984 2020] [core:crit] [pid 16376:tid 139803655870208] (13)Permission denied: [client 136.169.170.81:45436] AH00529: /var/www/vhosts/saratogahistory.com/httpdocs/phpBB/.htaccess pcfg_openfile: unable to check htaccess file, ensure it is readable and that '/var/www/vhosts/saratogahistory.com/httpdocs/phpBB/' is executable, referer: http://www.saratogahistory.com/phpBB/index.php
[Wed Oct 28 20:28:09.113622 2020] [core:crit] [pid 3952:tid 139803920152320] (13)Permission denied: [client 87.118.96.154:46392] AH00529: /var/www/vhosts/saratogahistory.com/httpdocs/phpBB/.htaccess pcfg_openfile: unable to check htaccess file, ensure it is readable and that '/var/www/vhosts/saratogahistory.com/httpdocs/phpBB/' is executable, referer: http://www.saratogahistory.com/phpBB/index.php
[Wed Oct 28 20:37:09.571982 2020] [core:crit] [pid 16376:tid 139803760768768] (13)Permission denied: [client 2.94.84.193:59818] AH00529: /var/www/vhosts/saratogahistory.com/httpdocs/phpBB/.htaccess pcfg_openfile: unable to check htaccess file, ensure it is readable and that '/var/www/vhosts/saratogahistory.com/httpdocs/phpBB/' is executable, referer: http://www.saratogahistory.com/phpBB/index.php
[Wed Oct 28 20:37:10.229917 2020] [core:crit] [pid 16376:tid 139803708319488] (13)Permission denied: [client 2.94.84.193:59826] AH00529: /var/www/vhosts/saratogahistory.com/httpdocs/phpBB/.htaccess pcfg_openfile: unable to check htaccess file, ensure it is readable and that '/var/www/vhosts/saratogahistory.com/httpdocs/phpBB/' is executable, referer: http://www.saratogahistory.com/phpbb/index.php
[Wed Oct 28 20:54:53.851557 2020] [core:crit] [pid 16376:tid 139803781748480] (13)Permission denied: [client 185.25.35.8:57972] AH00529: /var/www/vhosts/saratogahistory.com/httpdocs/phpBB/.htaccess pcfg_openfile: unable to check htaccess file, ensure it is readable and that '/var/www/vhosts/saratogahistory.com/httpdocs/phpBB/' is executable
[Wed Oct 28 21:09:32.550060 2020] [core:crit] [pid 16376:tid 139803729299200] (13)Permission denied: [client 5.188.84.230:52436] AH00529: /var/www/vhosts/saratogahistory.com/httpdocs/phpBB/.htaccess pcfg_openfile: unable to check htaccess file, ensure it is readable and that '/var/www/vhosts/saratogahistory.com/httpdocs/phpBB/' is executable, referer: http://www.saratogahistory.com/phpBB/index.php
[Wed Oct 28 21:15:00.129270 2020] [core:crit] [pid 16376:tid 139803802728192] (13)Permission denied: [client 62.210.37.82:33956] AH00529: /var/www/vhosts/saratogahistory.com/httpdocs/phpBB/.htaccess pcfg_openfile: unable to check htaccess file, ensure it is readable and that '/var/www/vhosts/saratogahistory.com/httpdocs/phpBB/' is executable, referer: http://www.saratogahistory.com/phpBB/index.php
[Wed Oct 28 21:25:59.624452 2020] [core:crit] [pid 3951:tid 139803739789056] (13)Permission denied: [client 185.25.35.10:51176] AH00529: /var/www/vhosts/saratogahistory.com/httpdocs/phpBB/.htaccess pcfg_openfile: unable to check htaccess file, ensure it is readable and that '/var/www/vhosts/saratogahistory.com/httpdocs/phpBB/' is executable
[Wed Oct 28 21:32:56.252910 2020] [core:crit] [pid 16376:tid 139803676849920] (13)Permission denied: [client 84.52.66.72:34020] AH00529: /var/www/vhosts/saratogahistory.com/httpdocs/phpBB/.htaccess pcfg_openfile: unable to check htaccess file, ensure it is readable and that '/var/www/vhosts/saratogahistory.com/httpdocs/phpBB/' is executable, referer: http://www.saratogahistory.com/phpBB/index.php
[Wed Oct 28 21:38:02.619165 2020] [core:crit] [pid 3951:tid 139803676849920] (13)Permission denied: [client 176.226.184.88:42498] AH00529: /var/www/vhosts/saratogahistory.com/httpdocs/phpBB/.htaccess pcfg_openfile: unable to check htaccess file, ensure it is readable and that '/var/www/vhosts/saratogahistory.com/httpdocs/phpBB/' is executable, referer: http://www.saratogahistory.com/phpBB/index.php
[Wed Oct 28 21:47:12.973152 2020] [core:crit] [pid 3951:tid 139803909662464] (13)Permission denied: [client 185.25.35.10:55246] AH00529: /var/www/vhosts/saratogahistory.com/httpdocs/phpBB/.htaccess pcfg_openfile: unable to check htaccess file, ensure it is readable and that '/var/www/vhosts/saratogahistory.com/httpdocs/phpBB/' is executable
[Wed Oct 28 22:05:49.770085 2020] [proxy_fcgi:error] [pid 16376:tid 139803603420928] [client 39.98.74.86:55484] AH01071: Got error 'Primary script unknown\n'
[Wed Oct 28 22:22:23.435995 2020] [core:crit] [pid 16376:tid 139803655870208] (13)Permission denied: [client 176.110.134.2:59746] AH00529: /var/www/vhosts/saratogahistory.com/httpdocs/phpBB/.htaccess pcfg_openfile: unable to check htaccess file, ensure it is readable and that '/var/www/vhosts/saratogahistory.com/httpdocs/phpBB/' is executable, referer: http://www.saratogahistory.com/phpBB/index.php
[Wed Oct 28 22:22:24.711542 2020] [proxy_fcgi:error] [pid 16376:tid 139803909662464] [client 176.110.134.2:59772] AH01071: Got error 'Primary script unknown\n', referer: http://www.saratogahistory.com/index.php
[Wed Oct 28 22:22:25.084471 2020] [proxy_fcgi:error] [pid 16376:tid 139803687339776] [client 176.110.134.2:59784] AH01071: Got error 'Primary script unknown\n', referer: http://www.saratogahistory.com/index.php
[Wed Oct 28 22:22:25.454124 2020] [proxy_fcgi:error] [pid 16376:tid 139803750278912] [client 176.110.134.2:59794] AH01071: Got error 'Primary script unknown\n', referer: http://www.saratogahistory.com/index.php
[Wed Oct 28 22:44:06.801451 2020] [core:crit] [pid 3951:tid 139803899172608] (13)Permission denied: [client 207.46.13.69:35024] AH00529: /var/www/vhosts/saratogahistory.com/httpdocs/phpBB/.htaccess pcfg_openfile: unable to check htaccess file, ensure it is readable and that '/var/www/vhosts/saratogahistory.com/httpdocs/phpBB/' is executable
[Wed Oct 28 23:29:53.688238 2020] [core:crit] [pid 16376:tid 139803771258624] (13)Permission denied: [client 195.181.170.76:50416] AH00529: /var/www/vhosts/saratogahistory.com/httpdocs/phpBB/.htaccess pcfg_openfile: unable to check htaccess file, ensure it is readable and that '/var/www/vhosts/saratogahistory.com/httpdocs/phpBB/' is executable, referer: http://www.saratogahistory.com/phpBB/index.php
[Wed Oct 28 23:29:54.749807 2020] [proxy_fcgi:error] [pid 3951:tid 139803760768768] [client 195.181.170.76:50462] AH01071: Got error 'Primary script unknown\n', referer: http://www.saratogahistory.com/index.php
[Wed Oct 28 23:29:55.028764 2020] [proxy_fcgi:error] [pid 16376:tid 139803655870208] [client 195.181.170.76:50474] AH01071: Got error 'Primary script unknown\n', referer: http://www.saratogahistory.com/index.php
[Wed Oct 28 23:29:55.340716 2020] [proxy_fcgi:error] [pid 16376:tid 139803888682752] [client 195.181.170.76:50488] AH01071: Got error 'Primary script unknown\n', referer: http://www.saratogahistory.com/index.php
[Wed Oct 28 23:57:08.700563 2020] [core:crit] [pid 16376:tid 139803802728192] (13)Permission denied: [client 51.195.150.132:37372] AH00529: /var/www/vhosts/saratogahistory.com/httpdocs/phpBB/.htaccess pcfg_openfile: unable to check htaccess file, ensure it is readable and that '/var/www/vhosts/saratogahistory.com/httpdocs/phpBB/' is executable, referer: http://www.saratogahistory.com/phpBB/index.php
[Thu Oct 29 00:18:55.379953 2020] [core:crit] [pid 16376:tid 139803729299200] (13)Permission denied: [client 109.252.100.245:43910] AH00529: /var/www/vhosts/saratogahistory.com/httpdocs/phpBB/.htaccess pcfg_openfile: unable to check htaccess file, ensure it is readable and that '/var/www/vhosts/saratogahistory.com/httpdocs/phpBB/' is executable, referer: http://www.saratogahistory.com/phpBB/index.php
[Thu Oct 29 00:18:55.874904 2020] [core:crit] [pid 3951:tid 139803666360064] (13)Permission denied: [client 109.252.100.245:43942] AH00529: /var/www/vhosts/saratogahistory.com/httpdocs/phpBB/.htaccess pcfg_openfile: unable to check htaccess file, ensure it is readable and that '/var/www/vhosts/saratogahistory.com/httpdocs/phpBB/' is executable, referer: http://www.saratogahistory.com/phpbb/index.php
[Thu Oct 29 00:21:12.417795 2020] [core:crit] [pid 3951:tid 139803655870208] (13)Permission denied: [client 51.195.151.208:48454] AH00529: /var/www/vhosts/saratogahistory.com/httpdocs/phpBB/.htaccess pcfg_openfile: unable to check htaccess file, ensure it is readable and that '/var/www/vhosts/saratogahistory.com/httpdocs/phpBB/' is executable, referer: http://www.saratogahistory.com/phpBB/index.php
[Thu Oct 29 00:35:23.267091 2020] [core:crit] [pid 16376:tid 139803666360064] (13)Permission denied: [client 5.183.92.67:41336] AH00529: /var/www/vhosts/saratogahistory.com/httpdocs/phpBB/.htaccess pcfg_openfile: unable to check htaccess file, ensure it is readable and that '/var/www/vhosts/saratogahistory.com/httpdocs/phpBB/' is executable, referer: http://www.saratogahistory.com/phpBB/index.php
[Thu Oct 29 00:55:39.279727 2020] [proxy_fcgi:error] [pid 16376:tid 139803899172608] [client 196.64.117.6:41570] AH01071: Got error 'Primary script unknown\n'
[Thu Oct 29 01:08:30.623668 2020] [core:crit] [pid 16376:tid 139803603420928] (13)Permission denied: [client 196.244.192.56:38150] AH00529: /var/www/vhosts/saratogahistory.com/httpdocs/phpBB/.htaccess pcfg_openfile: unable to check htaccess file, ensure it is readable and that '/var/www/vhosts/saratogahistory.com/httpdocs/phpBB/' is executable, referer: http://www.saratogahistory.com/phpBB/index.php
[Thu Oct 29 01:29:12.181467 2020] [core:crit] [pid 3951:tid 139803760768768] (13)Permission denied: [client 185.107.47.215:46292] AH00529: /var/www/vhosts/saratogahistory.com/httpdocs/phpBB/.htaccess pcfg_openfile: unable to check htaccess file, ensure it is readable and that '/var/www/vhosts/saratogahistory.com/httpdocs/phpBB/' is executable, referer: http://www.saratogahistory.com/phpBB/index.php
[Thu Oct 29 02:10:29.250460 2020] [core:crit] [pid 16376:tid 139803802728192] (13)Permission denied: [client 185.25.35.12:40900] AH00529: /var/www/vhosts/saratogahistory.com/httpdocs/phpBB/.htaccess pcfg_openfile: unable to check htaccess file, ensure it is readable and that '/var/www/vhosts/saratogahistory.com/httpdocs/phpBB/' is executable
[Thu Oct 29 03:15:59.419459 2020] [core:crit] [pid 3951:tid 139803645380352] (13)Permission denied: [client 185.25.35.11:38214] AH00529: /var/www/vhosts/saratogahistory.com/httpdocs/phpBB/.htaccess pcfg_openfile: unable to check htaccess file, ensure it is readable and that '/var/www/vhosts/saratogahistory.com/httpdocs/phpBB/' is executable
[Thu Oct 29 03:27:25.390714 2020] [core:crit] [pid 3952:tid 139803750278912] (13)Permission denied: [client 185.220.101.8:57512] AH00529: /var/www/vhosts/saratogahistory.com/httpdocs/phpBB/.htaccess pcfg_openfile: unable to check htaccess file, ensure it is readable and that '/var/www/vhosts/saratogahistory.com/httpdocs/phpBB/' is executable, referer: http://www.saratogahistory.com/phpBB/index.php
[Thu Oct 29 03:34:25.848307 2020] [core:crit] [pid 16376:tid 139803739789056] (13)Permission denied: [client 176.226.184.88:40596] AH00529: /var/www/vhosts/saratogahistory.com/httpdocs/phpBB/.htaccess pcfg_openfile: unable to check htaccess file, ensure it is readable and that '/var/www/vhosts/saratogahistory.com/httpdocs/phpBB/' is executable, referer: http://www.saratogahistory.com/phpBB/index.php
[Thu Oct 29 03:48:20.143182 2020] [core:crit] [pid 3951:tid 139803697829632] (13)Permission denied: [client 185.25.35.8:35294] AH00529: /var/www/vhosts/saratogahistory.com/httpdocs/phpBB/.htaccess pcfg_openfile: unable to check htaccess file, ensure it is readable and that '/var/www/vhosts/saratogahistory.com/httpdocs/phpBB/' is executable
[Thu Oct 29 03:59:28.417970 2020] [core:crit] [pid 16376:tid 139803792238336] (13)Permission denied: [client 59.63.149.222:52714] AH00529: /var/www/vhosts/saratogahistory.com/httpdocs/phpBB/.htaccess pcfg_openfile: unable to check htaccess file, ensure it is readable and that '/var/www/vhosts/saratogahistory.com/httpdocs/phpBB/' is executable, referer: http://www.saratogahistory.com/phpBB/index.php
[Thu Oct 29 03:59:46.347989 2020] [proxy_fcgi:error] [pid 16376:tid 139803781748480] [client 59.63.150.182:53286] AH01071: Got error 'Primary script unknown\n', referer: http://www.saratogahistory.com/index.php
[Thu Oct 29 03:59:46.900339 2020] [proxy_fcgi:error] [pid 16376:tid 139803718809344] [client 182.85.162.136:53302] AH01071: Got error 'Primary script unknown\n', referer: http://www.saratogahistory.com/index.php
[Thu Oct 29 03:59:47.485185 2020] [proxy_fcgi:error] [pid 3951:tid 139803771258624] [client 59.63.150.177:53328] AH01071: Got error 'Primary script unknown\n', referer: http://www.saratogahistory.com/index.php
[Thu Oct 29 04:09:31.603120 2020] [core:crit] [pid 16376:tid 139803771258624] (13)Permission denied: [client 185.25.35.12:41764] AH00529: /var/www/vhosts/saratogahistory.com/httpdocs/phpBB/.htaccess pcfg_openfile: unable to check htaccess file, ensure it is readable and that '/var/www/vhosts/saratogahistory.com/httpdocs/phpBB/' is executable
[Thu Oct 29 04:25:52.711767 2020] [core:crit] [pid 3951:tid 139803697829632] (13)Permission denied: [client 178.121.238.63:46290] AH00529: /var/www/vhosts/saratogahistory.com/httpdocs/phpBB/.htaccess pcfg_openfile: unable to check htaccess file, ensure it is readable and that '/var/www/vhosts/saratogahistory.com/httpdocs/phpBB/' is executable, referer: http://www.saratogahistory.com/phpBB/index.php
[Thu Oct 29 04:25:53.768260 2020] [proxy_fcgi:error] [pid 3951:tid 139803687339776] [client 178.121.238.63:46342] AH01071: Got error 'Primary script unknown\n', referer: http://www.saratogahistory.com/index.php
[Thu Oct 29 04:25:54.059594 2020] [proxy_fcgi:error] [pid 16376:tid 139803645380352] [client 178.121.238.63:46356] AH01071: Got error 'Primary script unknown\n', referer: http://www.saratogahistory.com/index.php
[Thu Oct 29 04:25:54.345147 2020] [proxy_fcgi:error] [pid 16376:tid 139803708319488] [client 178.121.238.63:46366] AH01071: Got error 'Primary script unknown\n', referer: http://www.saratogahistory.com/index.php
[Thu Oct 29 04:32:45.804433 2020] [core:crit] [pid 16376:tid 139803624400640] (13)Permission denied: [client 95.0.206.210:57696] AH00529: /var/www/vhosts/saratogahistory.com/httpdocs/phpBB/.htaccess pcfg_openfile: unable to check htaccess file, ensure it is readable and that '/var/www/vhosts/saratogahistory.com/httpdocs/phpBB/' is executable, referer: http://www.saratogahistory.com/phpBB/profile.php?mode=register&agreed=true
[Thu Oct 29 04:32:52.065215 2020] [proxy_fcgi:error] [pid 3951:tid 139803592931072] [client 95.0.206.210:57828] AH01071: Got error 'Primary script unknown\n', referer: http://www.saratogahistory.com/index.php
[Thu Oct 29 04:32:52.679052 2020] [proxy_fcgi:error] [pid 3952:tid 139803792238336] [client 95.0.206.210:57846] AH01071: Got error 'Primary script unknown\n', referer: http://www.saratogahistory.com/index.php
[Thu Oct 29 07:03:14.062013 2020] [core:crit] [pid 3951:tid 139803676849920] (13)Permission denied: [client 198.251.83.73:57888] AH00529: /var/www/vhosts/saratogahistory.com/httpdocs/phpBB/.htaccess pcfg_openfile: unable to check htaccess file, ensure it is readable and that '/var/www/vhosts/saratogahistory.com/httpdocs/phpBB/' is executable, referer: http://www.saratogahistory.com/phpBB/index.php
[Thu Oct 29 07:03:15.880798 2020] [core:crit] [pid 3951:tid 139803624400640] (13)Permission denied: [client 107.189.11.78:57946] AH00529: /var/www/vhosts/saratogahistory.com/httpdocs/phpBB/.htaccess pcfg_openfile: unable to check htaccess file, ensure it is readable and that '/var/www/vhosts/saratogahistory.com/httpdocs/phpBB/' is executable, referer: http://www.saratogahistory.com/phpBB/index.php
[Thu Oct 29 07:30:56.709517 2020] [core:crit] [pid 16376:tid 139803645380352] (13)Permission denied: [client 180.183.229.146:59414] AH00529: /var/www/vhosts/saratogahistory.com/httpdocs/phpBB/.htaccess pcfg_openfile: unable to check htaccess file, ensure it is readable and that '/var/www/vhosts/saratogahistory.com/httpdocs/phpBB/' is executable, referer: http://www.saratogahistory.com/phpBB/profile.php?mode=register&agreed=true
[Thu Oct 29 07:31:01.673092 2020] [proxy_fcgi:error] [pid 16376:tid 139803697829632] [client 180.183.229.146:59612] AH01071: Got error 'Primary script unknown\n', referer: http://www.saratogahistory.com/index.php
[Thu Oct 29 07:31:02.907418 2020] [proxy_fcgi:error] [pid 16376:tid 139803624400640] [client 180.183.229.146:59676] AH01071: Got error 'Primary script unknown\n', referer: http://www.saratogahistory.com/index.php
[Thu Oct 29 07:43:23.654972 2020] [core:crit] [pid 3951:tid 139803655870208] (13)Permission denied: [client 91.188.231.56:56258] AH00529: /var/www/vhosts/saratogahistory.com/httpdocs/phpBB/.htaccess pcfg_openfile: unable to check htaccess file, ensure it is readable and that '/var/www/vhosts/saratogahistory.com/httpdocs/phpBB/' is executable, referer: http://www.saratogahistory.com/phpBB/index.php
[Thu Oct 29 07:43:24.030872 2020] [core:crit] [pid 3951:tid 139803624400640] (13)Permission denied: [client 45.131.47.212:56268] AH00529: /var/www/vhosts/saratogahistory.com/httpdocs/phpBB/.htaccess pcfg_openfile: unable to check htaccess file, ensure it is readable and that '/var/www/vhosts/saratogahistory.com/httpdocs/phpBB/' is executable, referer: http://www.saratogahistory.com/phpBB/index.php
[Thu Oct 29 07:43:24.395701 2020] [core:crit] [pid 3951:tid 139803909662464] (13)Permission denied: [client 194.156.104.20:56286] AH00529: /var/www/vhosts/saratogahistory.com/httpdocs/phpBB/.htaccess pcfg_openfile: unable to check htaccess file, ensure it is readable and that '/var/www/vhosts/saratogahistory.com/httpdocs/phpBB/' is executable, referer: http://www.saratogahistory.com/phpBB/index.php
[Thu Oct 29 07:43:24.773299 2020] [core:crit] [pid 16376:tid 139803920152320] (13)Permission denied: [client 194.156.105.23:56296] AH00529: /var/www/vhosts/saratogahistory.com/httpdocs/phpBB/.htaccess pcfg_openfile: unable to check htaccess file, ensure it is readable and that '/var/www/vhosts/saratogahistory.com/httpdocs/phpBB/' is executable, referer: http://www.saratogahistory.com/phpBB/index.php
[Thu Oct 29 07:43:26.451223 2020] [proxy_fcgi:error] [pid 16376:tid 139803718809344] [client 194.156.105.23:56340] AH01071: Got error 'Primary script unknown\n', referer: http://www.saratogahistory.com/index.php
[Thu Oct 29 07:43:26.841022 2020] [proxy_fcgi:error] [pid 3952:tid 139803899172608] [client 194.156.105.23:56354] AH01071: Got error 'Primary script unknown\n', referer: http://www.saratogahistory.com/index.php
[Thu Oct 29 07:43:27.220796 2020] [proxy_fcgi:error] [pid 16376:tid 139803760768768] [client 194.156.105.23:56364] AH01071: Got error 'Primary script unknown\n', referer: http://www.saratogahistory.com/index.php
[Thu Oct 29 07:47:49.231395 2020] [core:crit] [pid 3951:tid 139803729299200] (13)Permission denied: [client 109.61.199.249:37078] AH00529: /var/www/vhosts/saratogahistory.com/httpdocs/phpBB/.htaccess pcfg_openfile: unable to check htaccess file, ensure it is readable and that '/var/www/vhosts/saratogahistory.com/httpdocs/phpBB/' is executable, referer: http://www.saratogahistory.com/phpBB/index.php
[Thu Oct 29 08:37:19.279114 2020] [core:crit] [pid 16376:tid 139803645380352] (13)Permission denied: [client 176.226.184.88:54218] AH00529: /var/www/vhosts/saratogahistory.com/httpdocs/phpBB/.htaccess pcfg_openfile: unable to check htaccess file, ensure it is readable and that '/var/www/vhosts/saratogahistory.com/httpdocs/phpBB/' is executable, referer: http://www.saratogahistory.com/phpBB/index.php
[Thu Oct 29 08:43:06.769074 2020] [core:crit] [pid 3951:tid 139803802728192] (13)Permission denied: [client 185.25.35.12:38186] AH00529: /var/www/vhosts/saratogahistory.com/httpdocs/phpBB/.htaccess pcfg_openfile: unable to check htaccess file, ensure it is readable and that '/var/www/vhosts/saratogahistory.com/httpdocs/phpBB/' is executable
[Thu Oct 29 09:45:04.077720 2020] [core:crit] [pid 16376:tid 139803750278912] (13)Permission denied: [client 185.25.35.11:52650] AH00529: /var/www/vhosts/saratogahistory.com/httpdocs/phpBB/.htaccess pcfg_openfile: unable to check htaccess file, ensure it is readable and that '/var/www/vhosts/saratogahistory.com/httpdocs/phpBB/' is executable
[Thu Oct 29 10:04:15.028058 2020] [core:crit] [pid 16376:tid 139803613910784] (13)Permission denied: [client 117.212.192.168:60688] AH00529: /var/www/vhosts/saratogahistory.com/httpdocs/phpBB/.htaccess pcfg_openfile: unable to check htaccess file, ensure it is readable and that '/var/www/vhosts/saratogahistory.com/httpdocs/phpBB/' is executable, referer: http://www.saratogahistory.com/phpBB/profile.php?mode=register&agreed=true
[Thu Oct 29 10:19:10.503634 2020] [core:crit] [pid 16376:tid 139803760768768] (13)Permission denied: [client 185.25.35.15:36052] AH00529: /var/www/vhosts/saratogahistory.com/httpdocs/phpBB/.htaccess pcfg_openfile: unable to check htaccess file, ensure it is readable and that '/var/www/vhosts/saratogahistory.com/httpdocs/phpBB/' is executable
[Thu Oct 29 10:38:43.165809 2020] [core:crit] [pid 16376:tid 139803592931072] (13)Permission denied: [client 176.10.99.200:48870] AH00529: /var/www/vhosts/saratogahistory.com/httpdocs/phpBB/.htaccess pcfg_openfile: unable to check htaccess file, ensure it is readable and that '/var/www/vhosts/saratogahistory.com/httpdocs/phpBB/' is executable, referer: http://www.saratogahistory.com/phpBB/index.php
[Thu Oct 29 10:41:25.902038 2020] [core:crit] [pid 3951:tid 139803708319488] (13)Permission denied: [client 185.25.35.15:53980] AH00529: /var/www/vhosts/saratogahistory.com/httpdocs/phpBB/.htaccess pcfg_openfile: unable to check htaccess file, ensure it is readable and that '/var/www/vhosts/saratogahistory.com/httpdocs/phpBB/' is executable
[Thu Oct 29 11:17:44.258667 2020] [core:crit] [pid 3950:tid 139803666360064] (13)Permission denied: [client 23.106.58.157:37570] AH00529: /var/www/vhosts/saratogahistory.com/httpdocs/phpBB/.htaccess pcfg_openfile: unable to check htaccess file, ensure it is readable and that '/var/www/vhosts/saratogahistory.com/httpdocs/phpBB/' is executable, referer: http://www.saratogahistory.com/phpBB/index.php
[Thu Oct 29 11:29:19.499068 2020] [core:crit] [pid 16376:tid 139803750278912] (13)Permission denied: [client 185.220.101.197:58012] AH00529: /var/www/vhosts/saratogahistory.com/httpdocs/phpBB/.htaccess pcfg_openfile: unable to check htaccess file, ensure it is readable and that '/var/www/vhosts/saratogahistory.com/httpdocs/phpBB/' is executable, referer: http://www.saratogahistory.com/phpBB/index.php
[Thu Oct 29 14:03:11.078997 2020] [core:crit] [pid 3951:tid 139803760768768] (13)Permission denied: [client 185.220.100.247:55308] AH00529: /var/www/vhosts/saratogahistory.com/httpdocs/phpBB/.htaccess pcfg_openfile: unable to check htaccess file, ensure it is readable and that '/var/www/vhosts/saratogahistory.com/httpdocs/phpBB/' is executable, referer: http://www.saratogahistory.com/phpBB/index.php
[Thu Oct 29 14:12:36.142750 2020] [core:crit] [pid 16376:tid 139803802728192] (13)Permission denied: [client 182.103.25.56:43700] AH00529: /var/www/vhosts/saratogahistory.com/httpdocs/phpBB/.htaccess pcfg_openfile: unable to check htaccess file, ensure it is readable and that '/var/www/vhosts/saratogahistory.com/httpdocs/phpBB/' is executable, referer: http://www.saratogahistory.com/phpBB/index.php
[Thu Oct 29 14:16:11.215824 2020] [core:crit] [pid 16376:tid 139803687339776] (13)Permission denied: [client 185.220.101.220:50110] AH00529: /var/www/vhosts/saratogahistory.com/httpdocs/phpBB/.htaccess pcfg_openfile: unable to check htaccess file, ensure it is readable and that '/var/www/vhosts/saratogahistory.com/httpdocs/phpBB/' is executable, referer: http://www.saratogahistory.com/phpBB/index.php
[Thu Oct 29 14:53:25.402298 2020] [core:crit] [pid 16376:tid 139803718809344] (13)Permission denied: [client 104.244.74.169:60084] AH00529: /var/www/vhosts/saratogahistory.com/httpdocs/phpBB/.htaccess pcfg_openfile: unable to check htaccess file, ensure it is readable and that '/var/www/vhosts/saratogahistory.com/httpdocs/phpBB/' is executable, referer: http://www.saratogahistory.com/phpBB/index.php
[Thu Oct 29 15:17:55.566729 2020] [core:crit] [pid 16376:tid 139803645380352] (13)Permission denied: [client 185.25.35.14:51746] AH00529: /var/www/vhosts/saratogahistory.com/httpdocs/phpBB/.htaccess pcfg_openfile: unable to check htaccess file, ensure it is readable and that '/var/www/vhosts/saratogahistory.com/httpdocs/phpBB/' is executable
[Thu Oct 29 15:37:59.407059 2020] [core:crit] [pid 16376:tid 139803760768768] (13)Permission denied: [client 188.163.109.153:58416] AH00529: /var/www/vhosts/saratogahistory.com/httpdocs/phpBB/.htaccess pcfg_openfile: unable to check htaccess file, ensure it is readable and that '/var/www/vhosts/saratogahistory.com/httpdocs/phpBB/' is executable, referer: http://www.saratogahistory.com/phpBB/index.php
[Thu Oct 29 16:29:15.821806 2020] [core:crit] [pid 16376:tid 139803899172608] (13)Permission denied: [client 185.25.35.9:59452] AH00529: /var/www/vhosts/saratogahistory.com/httpdocs/phpBB/.htaccess pcfg_openfile: unable to check htaccess file, ensure it is readable and that '/var/www/vhosts/saratogahistory.com/httpdocs/phpBB/' is executable
[Thu Oct 29 16:41:48.714951 2020] [proxy_fcgi:error] [pid 16376:tid 139803909662464] [client 157.245.5.133:53680] AH01071: Got error 'Primary script unknown\n', referer: http://saratogahistory.com/wp-login.php
[Thu Oct 29 16:44:19.389206 2020] [core:crit] [pid 16376:tid 139803920152320] (13)Permission denied: [client 176.226.184.88:58384] AH00529: /var/www/vhosts/saratogahistory.com/httpdocs/phpBB/.htaccess pcfg_openfile: unable to check htaccess file, ensure it is readable and that '/var/www/vhosts/saratogahistory.com/httpdocs/phpBB/' is executable, referer: http://www.saratogahistory.com/phpBB/index.php
[Thu Oct 29 16:49:51.247217 2020] [core:crit] [pid 16376:tid 139803899172608] (13)Permission denied: [client 125.27.24.4:39634] AH00529: /var/www/vhosts/saratogahistory.com/httpdocs/phpBB/.htaccess pcfg_openfile: unable to check htaccess file, ensure it is readable and that '/var/www/vhosts/saratogahistory.com/httpdocs/phpBB/' is executable, referer: http://www.saratogahistory.com/phpBB/profile.php?mode=register&agreed=true
[Thu Oct 29 16:49:54.774789 2020] [proxy_fcgi:error] [pid 16376:tid 139803739789056] [client 125.27.24.4:39700] AH01071: Got error 'Primary script unknown\n', referer: http://www.saratogahistory.com/index.php
[Thu Oct 29 16:49:55.825228 2020] [proxy_fcgi:error] [pid 16376:tid 139803592931072] [client 125.27.24.4:39720] AH01071: Got error 'Primary script unknown\n', referer: http://www.saratogahistory.com/index.php
[Thu Oct 29 17:04:19.649471 2020] [core:crit] [pid 3951:tid 139803781748480] (13)Permission denied: [client 185.25.35.10:40106] AH00529: /var/www/vhosts/saratogahistory.com/httpdocs/phpBB/.htaccess pcfg_openfile: unable to check htaccess file, ensure it is readable and that '/var/www/vhosts/saratogahistory.com/httpdocs/phpBB/' is executable
[Thu Oct 29 17:04:34.408667 2020] [core:crit] [pid 3952:tid 139803603420928] (13)Permission denied: [client 62.173.149.24:40522] AH00529: /var/www/vhosts/saratogahistory.com/httpdocs/phpBB/.htaccess pcfg_openfile: unable to check htaccess file, ensure it is readable and that '/var/www/vhosts/saratogahistory.com/httpdocs/phpBB/' is executable, referer: http://www.saratogahistory.com/phpBB/index.php
[Thu Oct 29 17:04:40.116727 2020] [proxy_fcgi:error] [pid 3951:tid 139803920152320] [client 62.173.149.24:40720] AH01071: Got error 'Primary script unknown\n', referer: http://www.saratogahistory.com/index.php
[Thu Oct 29 17:04:40.394614 2020] [proxy_fcgi:error] [pid 16376:tid 139803613910784] [client 62.173.149.24:40758] AH01071: Got error 'Primary script unknown\n', referer: http://www.saratogahistory.com/index.php
[Thu Oct 29 17:04:41.191403 2020] [proxy_fcgi:error] [pid 16376:tid 139803729299200] [client 62.173.149.24:40778] AH01071: Got error 'Primary script unknown\n', referer: http://www.saratogahistory.com/index.php
[Thu Oct 29 17:14:27.864864 2020] [core:crit] [pid 16376:tid 139803781748480] (13)Permission denied: [client 185.220.102.254:33722] AH00529: /var/www/vhosts/saratogahistory.com/httpdocs/phpBB/.htaccess pcfg_openfile: unable to check htaccess file, ensure it is readable and that '/var/www/vhosts/saratogahistory.com/httpdocs/phpBB/' is executable, referer: http://www.saratogahistory.com/phpBB/index.php
[Thu Oct 29 17:14:35.247843 2020] [core:crit] [pid 16376:tid 139803645380352] (13)Permission denied: [client 205.144.171.60:34004] AH00529: /var/www/vhosts/saratogahistory.com/httpdocs/phpBB/.htaccess pcfg_openfile: unable to check htaccess file, ensure it is readable and that '/var/www/vhosts/saratogahistory.com/httpdocs/phpBB/' is executable
[Thu Oct 29 17:14:35.424803 2020] [core:crit] [pid 3951:tid 139803624400640] (13)Permission denied: [client 205.144.171.60:34020] AH00529: /var/www/vhosts/saratogahistory.com/httpdocs/phpBB/.htaccess pcfg_openfile: unable to check htaccess file, ensure it is readable and that '/var/www/vhosts/saratogahistory.com/httpdocs/phpBB/' is executable
[Thu Oct 29 17:14:35.604667 2020] [core:crit] [pid 16376:tid 139803708319488] (13)Permission denied: [client 205.144.171.60:34022] AH00529: /var/www/vhosts/saratogahistory.com/httpdocs/phpBB/.htaccess pcfg_openfile: unable to check htaccess file, ensure it is readable and that '/var/www/vhosts/saratogahistory.com/httpdocs/phpBB/' is executable
[Thu Oct 29 17:14:35.780028 2020] [core:crit] [pid 3952:tid 139803634890496] (13)Permission denied: [client 205.144.171.60:34026] AH00529: /var/www/vhosts/saratogahistory.com/httpdocs/phpBB/.htaccess pcfg_openfile: unable to check htaccess file, ensure it is readable and that '/var/www/vhosts/saratogahistory.com/httpdocs/phpBB/' is executable
[Thu Oct 29 17:14:35.952927 2020] [core:crit] [pid 16376:tid 139803676849920] (13)Permission denied: [client 205.144.171.60:34034] AH00529: /var/www/vhosts/saratogahistory.com/httpdocs/phpBB/.htaccess pcfg_openfile: unable to check htaccess file, ensure it is readable and that '/var/www/vhosts/saratogahistory.com/httpdocs/phpBB/' is executable
[Thu Oct 29 17:14:36.123536 2020] [core:crit] [pid 3951:tid 139803909662464] (13)Permission denied: [client 205.144.171.60:34040] AH00529: /var/www/vhosts/saratogahistory.com/httpdocs/phpBB/.htaccess pcfg_openfile: unable to check htaccess file, ensure it is readable and that '/var/www/vhosts/saratogahistory.com/httpdocs/phpBB/' is executable
[Thu Oct 29 17:14:36.288157 2020] [core:crit] [pid 16376:tid 139803697829632] (13)Permission denied: [client 205.144.171.60:34044] AH00529: /var/www/vhosts/saratogahistory.com/httpdocs/phpBB/.htaccess pcfg_openfile: unable to check htaccess file, ensure it is readable and that '/var/www/vhosts/saratogahistory.com/httpdocs/phpBB/' is executable
[Thu Oct 29 17:14:36.472143 2020] [core:crit] [pid 16376:tid 139803624400640] (13)Permission denied: [client 205.144.171.60:34046] AH00529: /var/www/vhosts/saratogahistory.com/httpdocs/phpBB/.htaccess pcfg_openfile: unable to check htaccess file, ensure it is readable and that '/var/www/vhosts/saratogahistory.com/httpdocs/phpBB/' is executable
[Thu Oct 29 17:14:36.650952 2020] [core:crit] [pid 3951:tid 139803708319488] (13)Permission denied: [client 205.144.171.60:34056] AH00529: /var/www/vhosts/saratogahistory.com/httpdocs/phpBB/.htaccess pcfg_openfile: unable to check htaccess file, ensure it is readable and that '/var/www/vhosts/saratogahistory.com/httpdocs/phpBB/' is executable
[Thu Oct 29 17:14:36.826164 2020] [core:crit] [pid 3951:tid 139803729299200] (13)Permission denied: [client 205.144.171.60:34062] AH00529: /var/www/vhosts/saratogahistory.com/httpdocs/phpBB/.htaccess pcfg_openfile: unable to check htaccess file, ensure it is readable and that '/var/www/vhosts/saratogahistory.com/httpdocs/phpBB/' is executable
[Thu Oct 29 17:14:36.990365 2020] [core:crit] [pid 16376:tid 139803666360064] (13)Permission denied: [client 205.144.171.60:34068] AH00529: /var/www/vhosts/saratogahistory.com/httpdocs/phpBB/.htaccess pcfg_openfile: unable to check htaccess file, ensure it is readable and that '/var/www/vhosts/saratogahistory.com/httpdocs/phpBB/' is executable
[Thu Oct 29 17:14:37.167708 2020] [core:crit] [pid 16376:tid 139803899172608] (13)Permission denied: [client 205.144.171.60:34074] AH00529: /var/www/vhosts/saratogahistory.com/httpdocs/phpBB/.htaccess pcfg_openfile: unable to check htaccess file, ensure it is readable and that '/var/www/vhosts/saratogahistory.com/httpdocs/phpBB/' is executable
[Thu Oct 29 17:14:37.346834 2020] [core:crit] [pid 3951:tid 139803697829632] (13)Permission denied: [client 205.144.171.60:34080] AH00529: /var/www/vhosts/saratogahistory.com/httpdocs/phpBB/.htaccess pcfg_openfile: unable to check htaccess file, ensure it is readable and that '/var/www/vhosts/saratogahistory.com/httpdocs/phpBB/' is executable
[Thu Oct 29 17:14:37.517409 2020] [core:crit] [pid 16376:tid 139803613910784] (13)Permission denied: [client 205.144.171.60:34084] AH00529: /var/www/vhosts/saratogahistory.com/httpdocs/phpBB/.htaccess pcfg_openfile: unable to check htaccess file, ensure it is readable and that '/var/www/vhosts/saratogahistory.com/httpdocs/phpBB/' is executable
[Thu Oct 29 17:14:37.683971 2020] [core:crit] [pid 16376:tid 139803729299200] (13)Permission denied: [client 205.144.171.60:34098] AH00529: /var/www/vhosts/saratogahistory.com/httpdocs/phpBB/.htaccess pcfg_openfile: unable to check htaccess file, ensure it is readable and that '/var/www/vhosts/saratogahistory.com/httpdocs/phpBB/' is executable
[Thu Oct 29 17:14:37.858396 2020] [core:crit] [pid 3951:tid 139803760768768] (13)Permission denied: [client 205.144.171.60:34104] AH00529: /var/www/vhosts/saratogahistory.com/httpdocs/phpBB/.htaccess pcfg_openfile: unable to check htaccess file, ensure it is readable and that '/var/www/vhosts/saratogahistory.com/httpdocs/phpBB/' is executable
[Thu Oct 29 17:14:38.035705 2020] [core:crit] [pid 16376:tid 139803739789056] (13)Permission denied: [client 205.144.171.60:34110] AH00529: /var/www/vhosts/saratogahistory.com/httpdocs/phpBB/.htaccess pcfg_openfile: unable to check htaccess file, ensure it is readable and that '/var/www/vhosts/saratogahistory.com/httpdocs/phpBB/' is executable
[Thu Oct 29 17:27:32.990795 2020] [core:crit] [pid 16376:tid 139803708319488] (13)Permission denied: [client 185.25.35.15:57130] AH00529: /var/www/vhosts/saratogahistory.com/httpdocs/phpBB/.htaccess pcfg_openfile: unable to check htaccess file, ensure it is readable and that '/var/www/vhosts/saratogahistory.com/httpdocs/phpBB/' is executable
[Thu Oct 29 17:35:52.700096 2020] [core:crit] [pid 3951:tid 139803750278912] (13)Permission denied: [client 178.159.37.139:44436] AH00529: /var/www/vhosts/saratogahistory.com/httpdocs/phpBB/.htaccess pcfg_openfile: unable to check htaccess file, ensure it is readable and that '/var/www/vhosts/saratogahistory.com/httpdocs/phpBB/' is executable, referer: http://www.saratogahistory.com/phpBB/index.php
[Thu Oct 29 17:35:54.593768 2020] [proxy_fcgi:error] [pid 3951:tid 139803666360064] [client 178.159.37.139:44484] AH01071: Got error 'Primary script unknown\n', referer: http://www.saratogahistory.com/index.php
[Thu Oct 29 17:35:54.875773 2020] [proxy_fcgi:error] [pid 3952:tid 139803666360064] [client 178.159.37.139:44488] AH01071: Got error 'Primary script unknown\n', referer: http://www.saratogahistory.com/index.php
[Thu Oct 29 17:35:55.151700 2020] [proxy_fcgi:error] [pid 16376:tid 139803739789056] [client 178.159.37.139:44498] AH01071: Got error 'Primary script unknown\n', referer: http://www.saratogahistory.com/index.php
[Thu Oct 29 17:42:24.264722 2020] [core:crit] [pid 16376:tid 139803634890496] (13)Permission denied: [client 51.83.129.84:55426] AH00529: /var/www/vhosts/saratogahistory.com/httpdocs/phpBB/.htaccess pcfg_openfile: unable to check htaccess file, ensure it is readable and that '/var/www/vhosts/saratogahistory.com/httpdocs/phpBB/' is executable, referer: http://www.saratogahistory.com/phpBB/index.php
[Thu Oct 29 17:43:19.350746 2020] [core:crit] [pid 16376:tid 139803687339776] (13)Permission denied: [client 212.200.236.42:57328] AH00529: /var/www/vhosts/saratogahistory.com/httpdocs/phpBB/.htaccess pcfg_openfile: unable to check htaccess file, ensure it is readable and that '/var/www/vhosts/saratogahistory.com/httpdocs/phpBB/' is executable, referer: http://www.saratogahistory.com/phpBB/profile.php?mode=register&agreed=true
[Thu Oct 29 17:43:20.943425 2020] [proxy_fcgi:error] [pid 3952:tid 139803888682752] [client 212.200.236.42:57366] AH01071: Got error 'Primary script unknown\n', referer: http://www.saratogahistory.com/index.php
[Thu Oct 29 17:43:21.651699 2020] [proxy_fcgi:error] [pid 3952:tid 139803920152320] [client 212.200.236.42:57376] AH01071: Got error 'Primary script unknown\n', referer: http://www.saratogahistory.com/index.php
[Thu Oct 29 18:53:39.944125 2020] [core:crit] [pid 3951:tid 139803655870208] (13)Permission denied: [client 136.169.170.81:48304] AH00529: /var/www/vhosts/saratogahistory.com/httpdocs/phpBB/.htaccess pcfg_openfile: unable to check htaccess file, ensure it is readable and that '/var/www/vhosts/saratogahistory.com/httpdocs/phpBB/' is executable, referer: http://www.saratogahistory.com/phpBB/index.php
[Thu Oct 29 19:08:28.960393 2020] [proxy_fcgi:error] [pid 3951:tid 139803603420928] [client 119.45.239.247:49138] AH01071: Got error 'Primary script unknown\n'
[Thu Oct 29 21:25:24.804953 2020] [core:crit] [pid 16376:tid 139803624400640] (13)Permission denied: [client 185.220.101.136:38668] AH00529: /var/www/vhosts/saratogahistory.com/httpdocs/phpBB/.htaccess pcfg_openfile: unable to check htaccess file, ensure it is readable and that '/var/www/vhosts/saratogahistory.com/httpdocs/phpBB/' is executable, referer: http://www.saratogahistory.com/phpBB/index.php
[Thu Oct 29 21:26:01.666996 2020] [core:crit] [pid 16376:tid 139803729299200] (13)Permission denied: [client 185.220.100.242:39848] AH00529: /var/www/vhosts/saratogahistory.com/httpdocs/phpBB/.htaccess pcfg_openfile: unable to check htaccess file, ensure it is readable and that '/var/www/vhosts/saratogahistory.com/httpdocs/phpBB/' is executable, referer: http://www.saratogahistory.com/phpBB/index.php
[Thu Oct 29 21:52:30.737022 2020] [core:crit] [pid 3951:tid 139803750278912] (13)Permission denied: [client 110.137.88.111:58868] AH00529: /var/www/vhosts/saratogahistory.com/httpdocs/phpBB/.htaccess pcfg_openfile: unable to check htaccess file, ensure it is readable and that '/var/www/vhosts/saratogahistory.com/httpdocs/phpBB/' is executable, referer: http://www.saratogahistory.com/phpBB/profile.php?mode=register&agreed=true
[Thu Oct 29 21:52:47.340320 2020] [proxy_fcgi:error] [pid 3951:tid 139803718809344] [client 110.137.88.111:59258] AH01071: Got error 'Primary script unknown\n', referer: http://www.saratogahistory.com/index.php
[Thu Oct 29 21:52:48.375691 2020] [proxy_fcgi:error] [pid 3951:tid 139803666360064] [client 110.137.88.111:59290] AH01071: Got error 'Primary script unknown\n', referer: http://www.saratogahistory.com/index.php
[Thu Oct 29 22:10:36.234504 2020] [core:crit] [pid 16376:tid 139803645380352] (13)Permission denied: [client 185.25.35.10:60520] AH00529: /var/www/vhosts/saratogahistory.com/httpdocs/phpBB/.htaccess pcfg_openfile: unable to check htaccess file, ensure it is readable and that '/var/www/vhosts/saratogahistory.com/httpdocs/phpBB/' is executable
[Thu Oct 29 22:26:39.004182 2020] [core:crit] [pid 3952:tid 139803792238336] (13)Permission denied: [client 5.188.84.250:35954] AH00529: /var/www/vhosts/saratogahistory.com/httpdocs/phpBB/.htaccess pcfg_openfile: unable to check htaccess file, ensure it is readable and that '/var/www/vhosts/saratogahistory.com/httpdocs/phpBB/' is executable, referer: http://www.saratogahistory.com/phpBB/index.php
[Thu Oct 29 22:29:58.717088 2020] [core:crit] [pid 16376:tid 139803592931072] (13)Permission denied: [client 176.226.184.88:41426] AH00529: /var/www/vhosts/saratogahistory.com/httpdocs/phpBB/.htaccess pcfg_openfile: unable to check htaccess file, ensure it is readable and that '/var/www/vhosts/saratogahistory.com/httpdocs/phpBB/' is executable, referer: http://www.saratogahistory.com/phpBB/index.php
[Thu Oct 29 22:40:47.649208 2020] [core:crit] [pid 16376:tid 139803920152320] (13)Permission denied: [client 109.61.199.249:59716] AH00529: /var/www/vhosts/saratogahistory.com/httpdocs/phpBB/.htaccess pcfg_openfile: unable to check htaccess file, ensure it is readable and that '/var/www/vhosts/saratogahistory.com/httpdocs/phpBB/' is executable, referer: http://www.saratogahistory.com/phpBB/index.php
[Thu Oct 29 22:49:40.536517 2020] [core:crit] [pid 16376:tid 139803676849920] (13)Permission denied: [client 23.106.58.145:45536] AH00529: /var/www/vhosts/saratogahistory.com/httpdocs/phpBB/.htaccess pcfg_openfile: unable to check htaccess file, ensure it is readable and that '/var/www/vhosts/saratogahistory.com/httpdocs/phpBB/' is executable, referer: http://www.saratogahistory.com/phpBB/index.php
[Thu Oct 29 23:11:05.465977 2020] [core:crit] [pid 16376:tid 139803739789056] (13)Permission denied: [client 5.188.84.230:54344] AH00529: /var/www/vhosts/saratogahistory.com/httpdocs/phpBB/.htaccess pcfg_openfile: unable to check htaccess file, ensure it is readable and that '/var/www/vhosts/saratogahistory.com/httpdocs/phpBB/' is executable, referer: http://www.saratogahistory.com/phpBB/index.php
[Thu Oct 29 23:18:39.674632 2020] [core:crit] [pid 3951:tid 139803920152320] (13)Permission denied: [client 136.169.170.81:39452] AH00529: /var/www/vhosts/saratogahistory.com/httpdocs/phpBB/.htaccess pcfg_openfile: unable to check htaccess file, ensure it is readable and that '/var/www/vhosts/saratogahistory.com/httpdocs/phpBB/' is executable, referer: http://www.saratogahistory.com/phpBB/index.php
[Thu Oct 29 23:20:31.814088 2020] [core:crit] [pid 16376:tid 139803655870208] (13)Permission denied: [client 185.25.35.11:42952] AH00529: /var/www/vhosts/saratogahistory.com/httpdocs/phpBB/.htaccess pcfg_openfile: unable to check htaccess file, ensure it is readable and that '/var/www/vhosts/saratogahistory.com/httpdocs/phpBB/' is executable
[Thu Oct 29 23:55:54.055305 2020] [core:crit] [pid 16376:tid 139803613910784] (13)Permission denied: [client 185.25.35.9:42442] AH00529: /var/www/vhosts/saratogahistory.com/httpdocs/phpBB/.htaccess pcfg_openfile: unable to check htaccess file, ensure it is readable and that '/var/www/vhosts/saratogahistory.com/httpdocs/phpBB/' is executable
[Fri Oct 30 00:08:17.830289 2020] [core:crit] [pid 16376:tid 139803697829632] (13)Permission denied: [client 185.220.101.11:33744] AH00529: /var/www/vhosts/saratogahistory.com/httpdocs/phpBB/.htaccess pcfg_openfile: unable to check htaccess file, ensure it is readable and that '/var/www/vhosts/saratogahistory.com/httpdocs/phpBB/' is executable, referer: http://www.saratogahistory.com/phpBB/index.php
[Fri Oct 30 00:17:34.231374 2020] [core:crit] [pid 16376:tid 139803750278912] (13)Permission denied: [client 185.25.35.11:51648] AH00529: /var/www/vhosts/saratogahistory.com/httpdocs/phpBB/.htaccess pcfg_openfile: unable to check htaccess file, ensure it is readable and that '/var/www/vhosts/saratogahistory.com/httpdocs/phpBB/' is executable
[Fri Oct 30 00:21:49.820888 2020] [core:crit] [pid 3951:tid 139803750278912] (13)Permission denied: [client 77.247.181.165:58808] AH00529: /var/www/vhosts/saratogahistory.com/httpdocs/phpBB/.htaccess pcfg_openfile: unable to check htaccess file, ensure it is readable and that '/var/www/vhosts/saratogahistory.com/httpdocs/phpBB/' is executable, referer: http://www.saratogahistory.com/phpBB/index.php
[Fri Oct 30 00:50:18.013435 2020] [core:crit] [pid 16376:tid 139803634890496] (13)Permission denied: [client 195.181.170.76:55734] AH00529: /var/www/vhosts/saratogahistory.com/httpdocs/phpBB/.htaccess pcfg_openfile: unable to check htaccess file, ensure it is readable and that '/var/www/vhosts/saratogahistory.com/httpdocs/phpBB/' is executable, referer: http://www.saratogahistory.com/phpBB/index.php
[Fri Oct 30 00:50:19.220294 2020] [proxy_fcgi:error] [pid 16376:tid 139803655870208] [client 195.181.170.76:55790] AH01071: Got error 'Primary script unknown\n', referer: http://www.saratogahistory.com/index.php
[Fri Oct 30 00:50:19.519780 2020] [proxy_fcgi:error] [pid 16376:tid 139803888682752] [client 195.181.170.76:55804] AH01071: Got error 'Primary script unknown\n', referer: http://www.saratogahistory.com/index.php
[Fri Oct 30 00:50:19.811749 2020] [proxy_fcgi:error] [pid 16376:tid 139803909662464] [client 195.181.170.76:55812] AH01071: Got error 'Primary script unknown\n', referer: http://www.saratogahistory.com/index.php
[Fri Oct 30 00:50:39.456864 2020] [core:crit] [pid 16376:tid 139803802728192] (13)Permission denied: [client 185.220.102.246:56452] AH00529: /var/www/vhosts/saratogahistory.com/httpdocs/phpBB/.htaccess pcfg_openfile: unable to check htaccess file, ensure it is readable and that '/var/www/vhosts/saratogahistory.com/httpdocs/phpBB/' is executable, referer: http://www.saratogahistory.com/phpBB/index.php
[Fri Oct 30 01:03:26.279491 2020] [core:crit] [pid 16376:tid 139803655870208] (13)Permission denied: [client 192.3.188.251:48882] AH00529: /var/www/vhosts/saratogahistory.com/httpdocs/phpBB/.htaccess pcfg_openfile: unable to check htaccess file, ensure it is readable and that '/var/www/vhosts/saratogahistory.com/httpdocs/phpBB/' is executable, referer: http://www.saratogahistory.com/
[Fri Oct 30 01:03:27.086759 2020] [core:crit] [pid 16376:tid 139803888682752] (13)Permission denied: [client 107.175.64.187:48894] AH00529: /var/www/vhosts/saratogahistory.com/httpdocs/phpBB/.htaccess pcfg_openfile: unable to check htaccess file, ensure it is readable and that '/var/www/vhosts/saratogahistory.com/httpdocs/phpBB/' is executable, referer: http://www.saratogahistory.com/
[Fri Oct 30 01:03:27.859451 2020] [core:crit] [pid 16376:tid 139803603420928] (13)Permission denied: [client 171.22.255.146:48912] AH00529: /var/www/vhosts/saratogahistory.com/httpdocs/phpBB/.htaccess pcfg_openfile: unable to check htaccess file, ensure it is readable and that '/var/www/vhosts/saratogahistory.com/httpdocs/phpBB/' is executable, referer: http://www.saratogahistory.com/
[Fri Oct 30 01:03:28.690013 2020] [core:crit] [pid 3951:tid 139803802728192] (13)Permission denied: [client 192.3.188.205:48926] AH00529: /var/www/vhosts/saratogahistory.com/httpdocs/phpBB/.htaccess pcfg_openfile: unable to check htaccess file, ensure it is readable and that '/var/www/vhosts/saratogahistory.com/httpdocs/phpBB/' is executable, referer: http://www.saratogahistory.com/
[Fri Oct 30 01:53:36.493354 2020] [core:crit] [pid 3952:tid 139803645380352] (13)Permission denied: [client 176.56.107.178:60946] AH00529: /var/www/vhosts/saratogahistory.com/httpdocs/phpBB/.htaccess pcfg_openfile: unable to check htaccess file, ensure it is readable and that '/var/www/vhosts/saratogahistory.com/httpdocs/phpBB/' is executable, referer: http://www.saratogahistory.com/phpBB/profile.php?mode=register&agreed=true
[Fri Oct 30 01:54:45.462713 2020] [proxy_fcgi:error] [pid 16376:tid 139803771258624] [client 176.56.107.178:34648] AH01071: Got error 'Primary script unknown\n', referer: http://www.saratogahistory.com/index.php
[Fri Oct 30 02:46:17.646652 2020] [core:crit] [pid 3951:tid 139803802728192] (13)Permission denied: [client 124.156.153.253:38314] AH00529: /var/www/vhosts/saratogahistory.com/httpdocs/phpBB/.htaccess pcfg_openfile: unable to check htaccess file, ensure it is readable and that '/var/www/vhosts/saratogahistory.com/httpdocs/phpBB/' is executable, referer: http://www.saratogahistory.com/phpBB/profile.php?mode=register&agreed=true
[Fri Oct 30 02:46:22.753052 2020] [proxy_fcgi:error] [pid 16376:tid 139803771258624] [client 124.156.153.253:38436] AH01071: Got error 'Primary script unknown\n', referer: http://www.saratogahistory.com/index.php
[Fri Oct 30 02:46:24.180039 2020] [proxy_fcgi:error] [pid 3951:tid 139803613910784] [client 124.156.153.253:38458] AH01071: Got error 'Primary script unknown\n', referer: http://www.saratogahistory.com/index.php
[Fri Oct 30 02:49:08.601959 2020] [core:crit] [pid 3951:tid 139803888682752] (13)Permission denied: [client 69.171.249.9:42802] AH00529: /var/www/vhosts/saratogahistory.com/httpdocs/phpBB/.htaccess pcfg_openfile: unable to check htaccess file, ensure it is readable and that '/var/www/vhosts/saratogahistory.com/httpdocs/phpBB/' is executable
[Fri Oct 30 02:49:08.613259 2020] [core:crit] [pid 16376:tid 139803909662464] (13)Permission denied: [client 69.171.249.5:42804] AH00529: /var/www/vhosts/saratogahistory.com/httpdocs/phpBB/.htaccess pcfg_openfile: unable to check htaccess file, ensure it is readable and that '/var/www/vhosts/saratogahistory.com/httpdocs/phpBB/' is executable
[Fri Oct 30 03:16:03.212370 2020] [core:crit] [pid 16376:tid 139803909662464] (13)Permission denied: [client 51.195.149.108:36440] AH00529: /var/www/vhosts/saratogahistory.com/httpdocs/phpBB/.htaccess pcfg_openfile: unable to check htaccess file, ensure it is readable and that '/var/www/vhosts/saratogahistory.com/httpdocs/phpBB/' is executable, referer: http://www.saratogahistory.com/phpBB/index.php
[Fri Oct 30 03:34:32.424039 2020] [core:crit] [pid 3951:tid 139803750278912] (13)Permission denied: [client 176.226.184.88:40364] AH00529: /var/www/vhosts/saratogahistory.com/httpdocs/phpBB/.htaccess pcfg_openfile: unable to check htaccess file, ensure it is readable and that '/var/www/vhosts/saratogahistory.com/httpdocs/phpBB/' is executable, referer: http://www.saratogahistory.com/phpBB/index.php
[Fri Oct 30 03:48:01.037356 2020] [core:crit] [pid 3952:tid 139803687339776] (13)Permission denied: [client 185.220.102.246:39546] AH00529: /var/www/vhosts/saratogahistory.com/httpdocs/phpBB/.htaccess pcfg_openfile: unable to check htaccess file, ensure it is readable and that '/var/www/vhosts/saratogahistory.com/httpdocs/phpBB/' is executable, referer: http://www.saratogahistory.com/phpBB/index.php
[Fri Oct 30 04:19:42.394754 2020] [core:crit] [pid 16376:tid 139803899172608] (13)Permission denied: [client 54.37.16.241:54616] AH00529: /var/www/vhosts/saratogahistory.com/httpdocs/phpBB/.htaccess pcfg_openfile: unable to check htaccess file, ensure it is readable and that '/var/www/vhosts/saratogahistory.com/httpdocs/phpBB/' is executable, referer: http://www.saratogahistory.com/phpBB/index.php
[Fri Oct 30 04:27:31.051251 2020] [core:crit] [pid 16376:tid 139803708319488] (13)Permission denied: [client 45.145.129.47:42772] AH00529: /var/www/vhosts/saratogahistory.com/httpdocs/phpBB/.htaccess pcfg_openfile: unable to check htaccess file, ensure it is readable and that '/var/www/vhosts/saratogahistory.com/httpdocs/phpBB/' is executable, referer: http://www.saratogahistory.com/phpBB/index.php
[Fri Oct 30 04:49:57.006776 2020] [core:crit] [pid 3951:tid 139803909662464] (13)Permission denied: [client 185.25.35.11:54428] AH00529: /var/www/vhosts/saratogahistory.com/httpdocs/phpBB/.htaccess pcfg_openfile: unable to check htaccess file, ensure it is readable and that '/var/www/vhosts/saratogahistory.com/httpdocs/phpBB/' is executable
[Fri Oct 30 05:46:03.978365 2020] [proxy_fcgi:error] [pid 16376:tid 139803613910784] [client 52.160.87.198:39870] AH01071: Got error 'Primary script unknown\n'
[Fri Oct 30 05:56:00.409283 2020] [core:crit] [pid 16376:tid 139803666360064] (13)Permission denied: [client 185.25.35.8:58730] AH00529: /var/www/vhosts/saratogahistory.com/httpdocs/phpBB/.htaccess pcfg_openfile: unable to check htaccess file, ensure it is readable and that '/var/www/vhosts/saratogahistory.com/httpdocs/phpBB/' is executable
[Fri Oct 30 06:27:59.828262 2020] [core:crit] [pid 3951:tid 139803603420928] (13)Permission denied: [client 109.61.199.249:60134] AH00529: /var/www/vhosts/saratogahistory.com/httpdocs/phpBB/.htaccess pcfg_openfile: unable to check htaccess file, ensure it is readable and that '/var/www/vhosts/saratogahistory.com/httpdocs/phpBB/' is executable, referer: http://www.saratogahistory.com/phpBB/index.php
[Fri Oct 30 06:29:17.739107 2020] [core:crit] [pid 16376:tid 139803802728192] (13)Permission denied: [client 185.25.35.14:34426] AH00529: /var/www/vhosts/saratogahistory.com/httpdocs/phpBB/.htaccess pcfg_openfile: unable to check htaccess file, ensure it is readable and that '/var/www/vhosts/saratogahistory.com/httpdocs/phpBB/' is executable
[Fri Oct 30 06:51:25.876052 2020] [core:crit] [pid 16376:tid 139803909662464] (13)Permission denied: [client 185.25.35.10:56978] AH00529: /var/www/vhosts/saratogahistory.com/httpdocs/phpBB/.htaccess pcfg_openfile: unable to check htaccess file, ensure it is readable and that '/var/www/vhosts/saratogahistory.com/httpdocs/phpBB/' is executable
[Fri Oct 30 07:16:17.093210 2020] [core:crit] [pid 3951:tid 139803655870208] (13)Permission denied: [client 98.234.33.81:50424] AH00529: /var/www/vhosts/saratogahistory.com/httpdocs/phpBB/.htaccess pcfg_openfile: unable to check htaccess file, ensure it is readable and that '/var/www/vhosts/saratogahistory.com/httpdocs/phpBB/' is executable, referer: http://m.facebook.com
[Fri Oct 30 07:16:23.367094 2020] [core:crit] [pid 16376:tid 139803697829632] (13)Permission denied: [client 98.234.33.81:50754] AH00529: /var/www/vhosts/saratogahistory.com/httpdocs/phpBB/.htaccess pcfg_openfile: unable to check htaccess file, ensure it is readable and that '/var/www/vhosts/saratogahistory.com/httpdocs/phpBB/' is executable, referer: http://m.facebook.com
[Fri Oct 30 07:16:31.252140 2020] [core:crit] [pid 3951:tid 139803624400640] (13)Permission denied: [client 98.234.33.81:51054] AH00529: /var/www/vhosts/saratogahistory.com/httpdocs/phpBB/.htaccess pcfg_openfile: unable to check htaccess file, ensure it is readable and that '/var/www/vhosts/saratogahistory.com/httpdocs/phpBB/' is executable, referer: http://m.facebook.com
[Fri Oct 30 07:16:47.753338 2020] [core:crit] [pid 3950:tid 139803708319488] (13)Permission denied: [client 98.234.33.81:51534] AH00529: /var/www/vhosts/saratogahistory.com/httpdocs/phpBB/.htaccess pcfg_openfile: unable to check htaccess file, ensure it is readable and that '/var/www/vhosts/saratogahistory.com/httpdocs/phpBB/' is executable, referer: http://m.facebook.com
[Fri Oct 30 07:50:19.658250 2020] [core:crit] [pid 3951:tid 139803592931072] (13)Permission denied: [client 66.249.65.133:55170] AH00529: /var/www/vhosts/saratogahistory.com/httpdocs/phpBB/.htaccess pcfg_openfile: unable to check htaccess file, ensure it is readable and that '/var/www/vhosts/saratogahistory.com/httpdocs/phpBB/' is executable
[Fri Oct 30 07:50:29.738050 2020] [core:crit] [pid 16376:tid 139803909662464] (13)Permission denied: [client 66.249.65.129:55524] AH00529: /var/www/vhosts/saratogahistory.com/httpdocs/phpBB/.htaccess pcfg_openfile: unable to check htaccess file, ensure it is readable and that '/var/www/vhosts/saratogahistory.com/httpdocs/phpBB/' is executable
[Fri Oct 30 07:50:46.090251 2020] [core:crit] [pid 16376:tid 139803792238336] (13)Permission denied: [client 66.249.65.129:56162] AH00529: /var/www/vhosts/saratogahistory.com/httpdocs/phpBB/.htaccess pcfg_openfile: unable to check htaccess file, ensure it is readable and that '/var/www/vhosts/saratogahistory.com/httpdocs/phpBB/' is executable
[Fri Oct 30 07:51:06.335883 2020] [core:crit] [pid 16376:tid 139803920152320] (13)Permission denied: [client 66.249.65.129:56964] AH00529: /var/www/vhosts/saratogahistory.com/httpdocs/phpBB/.htaccess pcfg_openfile: unable to check htaccess file, ensure it is readable and that '/var/www/vhosts/saratogahistory.com/httpdocs/phpBB/' is executable
[Fri Oct 30 07:51:11.121133 2020] [core:crit] [pid 16376:tid 139803781748480] (13)Permission denied: [client 51.68.197.60:57158] AH00529: /var/www/vhosts/saratogahistory.com/httpdocs/phpBB/.htaccess pcfg_openfile: unable to check htaccess file, ensure it is readable and that '/var/www/vhosts/saratogahistory.com/httpdocs/phpBB/' is executable, referer: http://www.saratogahistory.com/phpBB/index.php
[Fri Oct 30 07:51:25.995712 2020] [core:crit] [pid 16376:tid 139803718809344] (13)Permission denied: [client 66.249.65.129:57802] AH00529: /var/www/vhosts/saratogahistory.com/httpdocs/phpBB/.htaccess pcfg_openfile: unable to check htaccess file, ensure it is readable and that '/var/www/vhosts/saratogahistory.com/httpdocs/phpBB/' is executable
[Fri Oct 30 07:51:45.964836 2020] [core:crit] [pid 16376:tid 139803760768768] (13)Permission denied: [client 66.249.65.129:58526] AH00529: /var/www/vhosts/saratogahistory.com/httpdocs/phpBB/.htaccess pcfg_openfile: unable to check htaccess file, ensure it is readable and that '/var/www/vhosts/saratogahistory.com/httpdocs/phpBB/' is executable
[Fri Oct 30 07:52:06.200758 2020] [core:crit] [pid 16376:tid 139803645380352] (13)Permission denied: [client 66.249.65.133:59178] AH00529: /var/www/vhosts/saratogahistory.com/httpdocs/phpBB/.htaccess pcfg_openfile: unable to check htaccess file, ensure it is readable and that '/var/www/vhosts/saratogahistory.com/httpdocs/phpBB/' is executable
[Fri Oct 30 07:52:27.131377 2020] [core:crit] [pid 16376:tid 139803708319488] (13)Permission denied: [client 66.249.65.129:59838] AH00529: /var/www/vhosts/saratogahistory.com/httpdocs/phpBB/.htaccess pcfg_openfile: unable to check htaccess file, ensure it is readable and that '/var/www/vhosts/saratogahistory.com/httpdocs/phpBB/' is executable
[Fri Oct 30 07:54:20.215400 2020] [core:crit] [pid 3951:tid 139803899172608] (13)Permission denied: [client 45.148.242.28:35476] AH00529: /var/www/vhosts/saratogahistory.com/httpdocs/phpBB/.htaccess pcfg_openfile: unable to check htaccess file, ensure it is readable and that '/var/www/vhosts/saratogahistory.com/httpdocs/phpBB/' is executable, referer: http://www.saratogahistory.com/phpBB/index.php
[Fri Oct 30 07:54:20.577520 2020] [core:crit] [pid 16376:tid 139803666360064] (13)Permission denied: [client 176.103.91.40:35498] AH00529: /var/www/vhosts/saratogahistory.com/httpdocs/phpBB/.htaccess pcfg_openfile: unable to check htaccess file, ensure it is readable and that '/var/www/vhosts/saratogahistory.com/httpdocs/phpBB/' is executable, referer: http://www.saratogahistory.com/phpBB/index.php
[Fri Oct 30 07:54:20.951405 2020] [core:crit] [pid 16376:tid 139803899172608] (13)Permission denied: [client 91.188.231.56:35516] AH00529: /var/www/vhosts/saratogahistory.com/httpdocs/phpBB/.htaccess pcfg_openfile: unable to check htaccess file, ensure it is readable and that '/var/www/vhosts/saratogahistory.com/httpdocs/phpBB/' is executable, referer: http://www.saratogahistory.com/phpBB/index.php
[Fri Oct 30 07:54:21.318837 2020] [core:crit] [pid 16376:tid 139803613910784] (13)Permission denied: [client 193.187.106.220:35528] AH00529: /var/www/vhosts/saratogahistory.com/httpdocs/phpBB/.htaccess pcfg_openfile: unable to check htaccess file, ensure it is readable and that '/var/www/vhosts/saratogahistory.com/httpdocs/phpBB/' is executable, referer: http://www.saratogahistory.com/phpBB/index.php
[Fri Oct 30 07:54:22.984352 2020] [proxy_fcgi:error] [pid 16376:tid 139803739789056] [client 193.187.106.220:35610] AH01071: Got error 'Primary script unknown\n', referer: http://www.saratogahistory.com/index.php
[Fri Oct 30 07:54:23.372292 2020] [proxy_fcgi:error] [pid 16376:tid 139803592931072] [client 193.187.106.220:35622] AH01071: Got error 'Primary script unknown\n', referer: http://www.saratogahistory.com/index.php
[Fri Oct 30 07:54:23.757287 2020] [proxy_fcgi:error] [pid 16376:tid 139803634890496] [client 193.187.106.220:35634] AH01071: Got error 'Primary script unknown\n', referer: http://www.saratogahistory.com/index.php
[Fri Oct 30 08:22:23.177151 2020] [core:crit] [pid 16376:tid 139803624400640] (13)Permission denied: [client 178.214.246.139:39822] AH00529: /var/www/vhosts/saratogahistory.com/httpdocs/phpBB/.htaccess pcfg_openfile: unable to check htaccess file, ensure it is readable and that '/var/www/vhosts/saratogahistory.com/httpdocs/phpBB/' is executable, referer: http://www.saratogahistory.com/phpBB/index.php
[Fri Oct 30 08:36:58.798334 2020] [core:crit] [pid 16376:tid 139803760768768] (13)Permission denied: [client 176.226.184.88:40362] AH00529: /var/www/vhosts/saratogahistory.com/httpdocs/phpBB/.htaccess pcfg_openfile: unable to check htaccess file, ensure it is readable and that '/var/www/vhosts/saratogahistory.com/httpdocs/phpBB/' is executable, referer: http://www.saratogahistory.com/phpBB/index.php
[Fri Oct 30 10:47:08.359907 2020] [core:crit] [pid 3951:tid 139803909662464] (13)Permission denied: [client 51.68.212.29:54014] AH00529: /var/www/vhosts/saratogahistory.com/httpdocs/phpBB/.htaccess pcfg_openfile: unable to check htaccess file, ensure it is readable and that '/var/www/vhosts/saratogahistory.com/httpdocs/phpBB/' is executable, referer: http://www.saratogahistory.com/phpBB/index.php
[Fri Oct 30 10:57:00.264497 2020] [core:crit] [pid 3950:tid 139803920152320] (13)Permission denied: [client 217.182.78.180:43088] AH00529: /var/www/vhosts/saratogahistory.com/httpdocs/phpBB/.htaccess pcfg_openfile: unable to check htaccess file, ensure it is readable and that '/var/www/vhosts/saratogahistory.com/httpdocs/phpBB/' is executable, referer: http://www.saratogahistory.com/phpBB/index.php
[Fri Oct 30 11:19:18.228851 2020] [core:crit] [pid 16376:tid 139803624400640] (13)Permission denied: [client 185.25.35.10:58734] AH00529: /var/www/vhosts/saratogahistory.com/httpdocs/phpBB/.htaccess pcfg_openfile: unable to check htaccess file, ensure it is readable and that '/var/www/vhosts/saratogahistory.com/httpdocs/phpBB/' is executable
[Fri Oct 30 11:19:48.155802 2020] [core:crit] [pid 16376:tid 139803666360064] (13)Permission denied: [client 51.195.91.161:59626] AH00529: /var/www/vhosts/saratogahistory.com/httpdocs/phpBB/.htaccess pcfg_openfile: unable to check htaccess file, ensure it is readable and that '/var/www/vhosts/saratogahistory.com/httpdocs/phpBB/' is executable, referer: http://www.saratogahistory.com/phpBB/index.php
[Fri Oct 30 11:22:10.151947 2020] [autoindex:error] [pid 16376:tid 139803739789056] [client 116.202.237.217:36208] AH01276: Cannot serve directory /var/www/vhosts/saratogahistory.com/httpdocs/grandview/: No matching DirectoryIndex (index.html,index.cgi,index.pl,index.php,index.xhtml,index.htm,index.shtml) found, and server-generated directory index forbidden by Options directive
[Fri Oct 30 11:52:09.801056 2020] [core:crit] [pid 16376:tid 139803739789056] (13)Permission denied: [client 139.5.16.174:38772] AH00529: /var/www/vhosts/saratogahistory.com/httpdocs/phpBB/.htaccess pcfg_openfile: unable to check htaccess file, ensure it is readable and that '/var/www/vhosts/saratogahistory.com/httpdocs/phpBB/' is executable, referer: http://www.saratogahistory.com/phpBB/profile.php?mode=register&agreed=true
[Fri Oct 30 11:52:23.317271 2020] [proxy_fcgi:error] [pid 16376:tid 139803771258624] [client 139.5.16.174:39540] AH01071: Got error 'Primary script unknown\n', referer: http://www.saratogahistory.com/index.php
[Fri Oct 30 11:52:27.312939 2020] [proxy_fcgi:error] [pid 16376:tid 139803655870208] [client 139.5.16.174:39760] AH01071: Got error 'Primary script unknown\n', referer: http://www.saratogahistory.com/index.php
[Fri Oct 30 11:53:37.315248 2020] [core:crit] [pid 3951:tid 139803687339776] (13)Permission denied: [client 45.158.44.6:41968] AH00529: /var/www/vhosts/saratogahistory.com/httpdocs/phpBB/.htaccess pcfg_openfile: unable to check htaccess file, ensure it is readable and that '/var/www/vhosts/saratogahistory.com/httpdocs/phpBB/' is executable, referer: http://www.saratogahistory.com/phpBB/
[Fri Oct 30 11:54:00.609521 2020] [proxy_fcgi:error] [pid 3951:tid 139803792238336] [client 34.229.131.123:42572] AH01071: Got error 'Primary script unknown\n'
[Fri Oct 30 12:26:18.227042 2020] [core:crit] [pid 3951:tid 139803899172608] (13)Permission denied: [client 185.25.35.10:52980] AH00529: /var/www/vhosts/saratogahistory.com/httpdocs/phpBB/.htaccess pcfg_openfile: unable to check htaccess file, ensure it is readable and that '/var/www/vhosts/saratogahistory.com/httpdocs/phpBB/' is executable
[Fri Oct 30 12:59:35.802192 2020] [core:crit] [pid 16376:tid 139803687339776] (13)Permission denied: [client 185.25.35.8:33184] AH00529: /var/www/vhosts/saratogahistory.com/httpdocs/phpBB/.htaccess pcfg_openfile: unable to check htaccess file, ensure it is readable and that '/var/www/vhosts/saratogahistory.com/httpdocs/phpBB/' is executable
[Fri Oct 30 13:20:18.019282 2020] [core:crit] [pid 16376:tid 139803899172608] (13)Permission denied: [client 185.25.35.10:48004] AH00529: /var/www/vhosts/saratogahistory.com/httpdocs/phpBB/.htaccess pcfg_openfile: unable to check htaccess file, ensure it is readable and that '/var/www/vhosts/saratogahistory.com/httpdocs/phpBB/' is executable
[Fri Oct 30 13:42:59.098841 2020] [core:crit] [pid 16376:tid 139803750278912] (13)Permission denied: [client 51.15.1.221:34650] AH00529: /var/www/vhosts/saratogahistory.com/httpdocs/phpBB/.htaccess pcfg_openfile: unable to check htaccess file, ensure it is readable and that '/var/www/vhosts/saratogahistory.com/httpdocs/phpBB/' is executable, referer: http://www.saratogahistory.com/phpBB/index.php
[Fri Oct 30 14:02:37.691278 2020] [core:crit] [pid 3951:tid 139803802728192] (13)Permission denied: [client 94.231.216.188:44932] AH00529: /var/www/vhosts/saratogahistory.com/httpdocs/phpBB/.htaccess pcfg_openfile: unable to check htaccess file, ensure it is readable and that '/var/www/vhosts/saratogahistory.com/httpdocs/phpBB/' is executable, referer: http://www.saratogahistory.com/phpBB/index.php
[Fri Oct 30 14:48:46.376529 2020] [core:crit] [pid 16376:tid 139803718809344] (13)Permission denied: [client 91.192.103.15:56722] AH00529: /var/www/vhosts/saratogahistory.com/httpdocs/phpBB/.htaccess pcfg_openfile: unable to check htaccess file, ensure it is readable and that '/var/www/vhosts/saratogahistory.com/httpdocs/phpBB/' is executable, referer: http://www.saratogahistory.com/phpBB/index.php
[Fri Oct 30 15:19:58.143255 2020] [core:crit] [pid 16376:tid 139803920152320] (13)Permission denied: [client 188.163.109.153:39176] AH00529: /var/www/vhosts/saratogahistory.com/httpdocs/phpBB/.htaccess pcfg_openfile: unable to check htaccess file, ensure it is readable and that '/var/www/vhosts/saratogahistory.com/httpdocs/phpBB/' is executable, referer: http://www.saratogahistory.com/phpBB/index.php
[Fri Oct 30 16:49:45.373234 2020] [core:crit] [pid 3952:tid 139803899172608] (13)Permission denied: [client 77.88.5.246:48748] AH00529: /var/www/vhosts/saratogahistory.com/httpdocs/phpBB/.htaccess pcfg_openfile: unable to check htaccess file, ensure it is readable and that '/var/www/vhosts/saratogahistory.com/httpdocs/phpBB/' is executable
[Fri Oct 30 16:56:50.492524 2020] [core:crit] [pid 3951:tid 139803613910784] (13)Permission denied: [client 82.103.70.227:37908] AH00529: /var/www/vhosts/saratogahistory.com/httpdocs/phpBB/.htaccess pcfg_openfile: unable to check htaccess file, ensure it is readable and that '/var/www/vhosts/saratogahistory.com/httpdocs/phpBB/' is executable, referer: http://www.saratogahistory.com/phpBB/profile.php?mode=register&agreed=true
[Fri Oct 30 16:56:52.599114 2020] [proxy_fcgi:error] [pid 16376:tid 139803687339776] [client 82.103.70.227:37966] AH01071: Got error 'Primary script unknown\n', referer: http://www.saratogahistory.com/index.php
[Fri Oct 30 16:56:53.310897 2020] [proxy_fcgi:error] [pid 3951:tid 139803888682752] [client 82.103.70.227:37982] AH01071: Got error 'Primary script unknown\n', referer: http://www.saratogahistory.com/index.php
[Fri Oct 30 17:31:54.339323 2020] [core:crit] [pid 16376:tid 139803750278912] (13)Permission denied: [client 51.75.64.23:48826] AH00529: /var/www/vhosts/saratogahistory.com/httpdocs/phpBB/.htaccess pcfg_openfile: unable to check htaccess file, ensure it is readable and that '/var/www/vhosts/saratogahistory.com/httpdocs/phpBB/' is executable, referer: http://www.saratogahistory.com/phpBB/index.php
[Fri Oct 30 17:37:06.293201 2020] [core:crit] [pid 16376:tid 139803634890496] (13)Permission denied: [client 103.208.152.34:34266] AH00529: /var/www/vhosts/saratogahistory.com/httpdocs/phpBB/.htaccess pcfg_openfile: unable to check htaccess file, ensure it is readable and that '/var/www/vhosts/saratogahistory.com/httpdocs/phpBB/' is executable, referer: http://www.saratogahistory.com/phpBB/profile.php?mode=register&agreed=true
[Fri Oct 30 17:37:34.057134 2020] [proxy_fcgi:error] [pid 16376:tid 139803603420928] [client 103.208.152.34:35458] AH01071: Got error 'Primary script unknown\n', referer: http://www.saratogahistory.com/index.php
[Fri Oct 30 17:37:41.195921 2020] [proxy_fcgi:error] [pid 16376:tid 139803909662464] [client 103.208.152.34:35796] AH01071: Got error 'Primary script unknown\n', referer: http://www.saratogahistory.com/index.php
[Fri Oct 30 17:58:56.522844 2020] [core:crit] [pid 16376:tid 139803718809344] (13)Permission denied: [client 185.25.35.13:60506] AH00529: /var/www/vhosts/saratogahistory.com/httpdocs/phpBB/.htaccess pcfg_openfile: unable to check htaccess file, ensure it is readable and that '/var/www/vhosts/saratogahistory.com/httpdocs/phpBB/' is executable
[Fri Oct 30 18:16:57.138277 2020] [core:crit] [pid 16376:tid 139803792238336] (13)Permission denied: [client 51.68.143.212:54634] AH00529: /var/www/vhosts/saratogahistory.com/httpdocs/phpBB/.htaccess pcfg_openfile: unable to check htaccess file, ensure it is readable and that '/var/www/vhosts/saratogahistory.com/httpdocs/phpBB/' is executable, referer: http://www.saratogahistory.com/phpBB/index.php
[Fri Oct 30 18:42:51.543655 2020] [core:crit] [pid 3951:tid 139803603420928] (13)Permission denied: [client 5.188.84.230:54652] AH00529: /var/www/vhosts/saratogahistory.com/httpdocs/phpBB/.htaccess pcfg_openfile: unable to check htaccess file, ensure it is readable and that '/var/www/vhosts/saratogahistory.com/httpdocs/phpBB/' is executable, referer: http://www.saratogahistory.com/phpBB/
[Fri Oct 30 18:47:43.276322 2020] [core:crit] [pid 16376:tid 139803899172608] (13)Permission denied: [client 178.150.47.62:35888] AH00529: /var/www/vhosts/saratogahistory.com/httpdocs/phpBB/.htaccess pcfg_openfile: unable to check htaccess file, ensure it is readable and that '/var/www/vhosts/saratogahistory.com/httpdocs/phpBB/' is executable, referer: http://www.saratogahistory.com/phpBB/index.php
[Fri Oct 30 19:06:23.119916 2020] [core:crit] [pid 16376:tid 139803645380352] (13)Permission denied: [client 182.52.131.179:43206] AH00529: /var/www/vhosts/saratogahistory.com/httpdocs/phpBB/.htaccess pcfg_openfile: unable to check htaccess file, ensure it is readable and that '/var/www/vhosts/saratogahistory.com/httpdocs/phpBB/' is executable, referer: http://www.saratogahistory.com/phpBB/profile.php?mode=register&agreed=true
[Fri Oct 30 19:06:30.364379 2020] [proxy_fcgi:error] [pid 16376:tid 139803697829632] [client 182.52.131.179:43424] AH01071: Got error 'Primary script unknown\n', referer: http://www.saratogahistory.com/index.php
[Fri Oct 30 19:06:31.768526 2020] [proxy_fcgi:error] [pid 16376:tid 139803676849920] [client 182.52.131.179:43510] AH01071: Got error 'Primary script unknown\n', referer: http://www.saratogahistory.com/index.php
[Fri Oct 30 19:11:28.966224 2020] [core:crit] [pid 16376:tid 139803697829632] (13)Permission denied: [client 185.25.35.14:55120] AH00529: /var/www/vhosts/saratogahistory.com/httpdocs/phpBB/.htaccess pcfg_openfile: unable to check htaccess file, ensure it is readable and that '/var/www/vhosts/saratogahistory.com/httpdocs/phpBB/' is executable
[Fri Oct 30 19:46:48.323789 2020] [core:crit] [pid 16376:tid 139803655870208] (13)Permission denied: [client 185.25.35.11:50542] AH00529: /var/www/vhosts/saratogahistory.com/httpdocs/phpBB/.htaccess pcfg_openfile: unable to check htaccess file, ensure it is readable and that '/var/www/vhosts/saratogahistory.com/httpdocs/phpBB/' is executable
[Fri Oct 30 19:46:49.463009 2020] [core:crit] [pid 3951:tid 139803687339776] (13)Permission denied: [client 181.129.41.165:50586] AH00529: /var/www/vhosts/saratogahistory.com/httpdocs/phpBB/.htaccess pcfg_openfile: unable to check htaccess file, ensure it is readable and that '/var/www/vhosts/saratogahistory.com/httpdocs/phpBB/' is executable, referer: http://www.saratogahistory.com/phpBB/profile.php?mode=register&agreed=true
[Fri Oct 30 19:46:51.689885 2020] [proxy_fcgi:error] [pid 3950:tid 139803771258624] [client 181.129.41.165:50676] AH01071: Got error 'Primary script unknown\n', referer: http://www.saratogahistory.com/index.php
[Fri Oct 30 19:46:52.350478 2020] [proxy_fcgi:error] [pid 3950:tid 139803792238336] [client 181.129.41.165:50720] AH01071: Got error 'Primary script unknown\n', referer: http://www.saratogahistory.com/index.php
[Fri Oct 30 20:08:52.819451 2020] [core:crit] [pid 3951:tid 139803771258624] (13)Permission denied: [client 185.25.35.11:60378] AH00529: /var/www/vhosts/saratogahistory.com/httpdocs/phpBB/.htaccess pcfg_openfile: unable to check htaccess file, ensure it is readable and that '/var/www/vhosts/saratogahistory.com/httpdocs/phpBB/' is executable
[Fri Oct 30 20:13:45.362112 2020] [core:crit] [pid 16376:tid 139803888682752] (13)Permission denied: [client 188.163.19.0:47832] AH00529: /var/www/vhosts/saratogahistory.com/httpdocs/phpBB/.htaccess pcfg_openfile: unable to check htaccess file, ensure it is readable and that '/var/www/vhosts/saratogahistory.com/httpdocs/phpBB/' is executable, referer: http://www.saratogahistory.com/phpBB/index.php
[Fri Oct 30 20:14:54.138601 2020] [proxy_fcgi:error] [pid 16376:tid 139803802728192] [client 188.163.19.0:51506] AH01071: Got error 'Primary script unknown\n', referer: http://www.saratogahistory.com/index.php
[Fri Oct 30 20:14:55.062395 2020] [proxy_fcgi:error] [pid 3951:tid 139803613910784] [client 188.163.19.0:51542] AH01071: Got error 'Primary script unknown\n', referer: http://www.saratogahistory.com/index.php
[Fri Oct 30 20:14:55.510308 2020] [proxy_fcgi:error] [pid 16376:tid 139803687339776] [client 188.163.19.0:51566] AH01071: Got error 'Primary script unknown\n', referer: http://www.saratogahistory.com/index.php
[Fri Oct 30 21:44:48.461240 2020] [core:crit] [pid 3951:tid 139803624400640] (13)Permission denied: [client 109.70.100.38:50874] AH00529: /var/www/vhosts/saratogahistory.com/httpdocs/phpBB/.htaccess pcfg_openfile: unable to check htaccess file, ensure it is readable and that '/var/www/vhosts/saratogahistory.com/httpdocs/phpBB/' is executable, referer: http://www.saratogahistory.com/phpBB/index.php
[Fri Oct 30 21:50:58.067589 2020] [core:crit] [pid 3951:tid 139803634890496] (13)Permission denied: [client 178.214.246.139:47652] AH00529: /var/www/vhosts/saratogahistory.com/httpdocs/phpBB/.htaccess pcfg_openfile: unable to check htaccess file, ensure it is readable and that '/var/www/vhosts/saratogahistory.com/httpdocs/phpBB/' is executable, referer: http://www.saratogahistory.com/phpBB/index.php
[Fri Oct 30 22:02:07.312186 2020] [core:crit] [pid 16376:tid 139803666360064] (13)Permission denied: [client 188.163.109.153:54424] AH00529: /var/www/vhosts/saratogahistory.com/httpdocs/phpBB/.htaccess pcfg_openfile: unable to check htaccess file, ensure it is readable and that '/var/www/vhosts/saratogahistory.com/httpdocs/phpBB/' is executable, referer: http://www.saratogahistory.com/phpBB/index.php
[Fri Oct 30 23:00:01.717187 2020] [core:crit] [pid 3951:tid 139803645380352] (13)Permission denied: [client 51.68.196.236:51596] AH00529: /var/www/vhosts/saratogahistory.com/httpdocs/phpBB/.htaccess pcfg_openfile: unable to check htaccess file, ensure it is readable and that '/var/www/vhosts/saratogahistory.com/httpdocs/phpBB/' is executable, referer: http://www.saratogahistory.com/phpBB/index.php
[Fri Oct 30 23:14:37.138797 2020] [core:crit] [pid 16376:tid 139803781748480] (13)Permission denied: [client 178.175.142.133:53772] AH00529: /var/www/vhosts/saratogahistory.com/httpdocs/phpBB/.htaccess pcfg_openfile: unable to check htaccess file, ensure it is readable and that '/var/www/vhosts/saratogahistory.com/httpdocs/phpBB/' is executable, referer: https://xn-----6kcacs9ajdmhcwdcbwwcnbgd13a.xn--p1ai/index.php/uslugi/ortodontiya
[Fri Oct 30 23:32:14.683987 2020] [core:crit] [pid 3951:tid 139803739789056] (13)Permission denied: [client 191.232.211.157:39776] AH00529: /var/www/vhosts/saratogahistory.com/httpdocs/phpBB/.htaccess pcfg_openfile: unable to check htaccess file, ensure it is readable and that '/var/www/vhosts/saratogahistory.com/httpdocs/phpBB/' is executable, referer: http://www.saratogahistory.com/phpBB/profile.php?mode=register&agreed=true
[Fri Oct 30 23:32:58.577579 2020] [proxy_fcgi:error] [pid 16376:tid 139803792238336] [client 191.232.211.157:41042] AH01071: Got error 'Primary script unknown\n', referer: http://www.saratogahistory.com/index.php
[Fri Oct 30 23:33:07.045626 2020] [proxy_fcgi:error] [pid 3951:tid 139803645380352] [client 191.232.211.157:41218] AH01071: Got error 'Primary script unknown\n', referer: http://www.saratogahistory.com/index.php
[Sat Oct 31 00:11:29.514885 2020] [core:crit] [pid 16376:tid 139803718809344] (13)Permission denied: [client 51.38.68.183:48338] AH00529: /var/www/vhosts/saratogahistory.com/httpdocs/phpBB/.htaccess pcfg_openfile: unable to check htaccess file, ensure it is readable and that '/var/www/vhosts/saratogahistory.com/httpdocs/phpBB/' is executable, referer: http://www.saratogahistory.com/phpBB/index.php
[Sat Oct 31 00:42:15.101781 2020] [core:crit] [pid 3951:tid 139803718809344] (13)Permission denied: [client 185.25.35.14:41840] AH00529: /var/www/vhosts/saratogahistory.com/httpdocs/phpBB/.htaccess pcfg_openfile: unable to check htaccess file, ensure it is readable and that '/var/www/vhosts/saratogahistory.com/httpdocs/phpBB/' is executable
[Sat Oct 31 01:07:49.835923 2020] [core:crit] [pid 3951:tid 139803760768768] (13)Permission denied: [client 77.247.181.163:50518] AH00529: /var/www/vhosts/saratogahistory.com/httpdocs/phpBB/.htaccess pcfg_openfile: unable to check htaccess file, ensure it is readable and that '/var/www/vhosts/saratogahistory.com/httpdocs/phpBB/' is executable, referer: http://www.saratogahistory.com/phpBB/index.php
[Sat Oct 31 01:15:02.367382 2020] [core:crit] [pid 3950:tid 139803592931072] (13)Permission denied: [client 92.38.136.69:39524] AH00529: /var/www/vhosts/saratogahistory.com/httpdocs/phpBB/.htaccess pcfg_openfile: unable to check htaccess file, ensure it is readable and that '/var/www/vhosts/saratogahistory.com/httpdocs/phpBB/' is executable, referer: http://www.saratogahistory.com/phpBB/index.php
[Sat Oct 31 01:19:09.618917 2020] [core:crit] [pid 3951:tid 139803603420928] (13)Permission denied: [client 188.122.82.146:50090] AH00529: /var/www/vhosts/saratogahistory.com/httpdocs/phpBB/.htaccess pcfg_openfile: unable to check htaccess file, ensure it is readable and that '/var/www/vhosts/saratogahistory.com/httpdocs/phpBB/' is executable, referer: http://www.saratogahistory.com/phpBB/index.php
[Sat Oct 31 01:52:49.652119 2020] [core:crit] [pid 16376:tid 139803676849920] (13)Permission denied: [client 185.25.35.15:57394] AH00529: /var/www/vhosts/saratogahistory.com/httpdocs/phpBB/.htaccess pcfg_openfile: unable to check htaccess file, ensure it is readable and that '/var/www/vhosts/saratogahistory.com/httpdocs/phpBB/' is executable
[Sat Oct 31 02:30:37.175579 2020] [core:crit] [pid 3951:tid 139803888682752] (13)Permission denied: [client 185.25.35.10:34550] AH00529: /var/www/vhosts/saratogahistory.com/httpdocs/phpBB/.htaccess pcfg_openfile: unable to check htaccess file, ensure it is readable and that '/var/www/vhosts/saratogahistory.com/httpdocs/phpBB/' is executable
[Sat Oct 31 02:53:02.703181 2020] [core:crit] [pid 16376:tid 139803729299200] (13)Permission denied: [client 185.25.35.8:56986] AH00529: /var/www/vhosts/saratogahistory.com/httpdocs/phpBB/.htaccess pcfg_openfile: unable to check htaccess file, ensure it is readable and that '/var/www/vhosts/saratogahistory.com/httpdocs/phpBB/' is executable
[Sat Oct 31 04:01:45.985657 2020] [core:crit] [pid 16376:tid 139803613910784] (13)Permission denied: [client 104.244.78.231:55484] AH00529: /var/www/vhosts/saratogahistory.com/httpdocs/phpBB/.htaccess pcfg_openfile: unable to check htaccess file, ensure it is readable and that '/var/www/vhosts/saratogahistory.com/httpdocs/phpBB/' is executable, referer: http://www.saratogahistory.com/phpBB/index.php
[Sat Oct 31 04:16:36.760388 2020] [core:crit] [pid 16376:tid 139803718809344] (13)Permission denied: [client 195.181.170.76:43312] AH00529: /var/www/vhosts/saratogahistory.com/httpdocs/phpBB/.htaccess pcfg_openfile: unable to check htaccess file, ensure it is readable and that '/var/www/vhosts/saratogahistory.com/httpdocs/phpBB/' is executable, referer: http://www.saratogahistory.com/phpBB/index.php
[Sat Oct 31 04:16:37.798101 2020] [proxy_fcgi:error] [pid 3952:tid 139803771258624] [client 195.181.170.76:43376] AH01071: Got error 'Primary script unknown\n', referer: http://www.saratogahistory.com/index.php
[Sat Oct 31 04:16:38.081194 2020] [proxy_fcgi:error] [pid 3951:tid 139803697829632] [client 195.181.170.76:43400] AH01071: Got error 'Primary script unknown\n', referer: http://www.saratogahistory.com/index.php
[Sat Oct 31 04:16:38.374155 2020] [proxy_fcgi:error] [pid 3951:tid 139803603420928] [client 195.181.170.76:43420] AH01071: Got error 'Primary script unknown\n', referer: http://www.saratogahistory.com/index.php
[Sat Oct 31 04:33:56.069173 2020] [core:crit] [pid 3950:tid 139803687339776] (13)Permission denied: [client 206.192.226.90:55386] AH00529: /var/www/vhosts/saratogahistory.com/httpdocs/phpBB/.htaccess pcfg_openfile: unable to check htaccess file, ensure it is readable and that '/var/www/vhosts/saratogahistory.com/httpdocs/phpBB/' is executable, referer: http://www.saratogahistory.com/phpBB/profile.php?mode=register&agreed=true
[Sat Oct 31 04:34:22.572624 2020] [proxy_fcgi:error] [pid 16376:tid 139803687339776] [client 109.111.128.175:56766] AH01071: Got error 'Primary script unknown\n', referer: http://www.saratogahistory.com/index.php
[Sat Oct 31 04:34:22.996883 2020] [proxy_fcgi:error] [pid 3951:tid 139803613910784] [client 109.111.128.175:56790] AH01071: Got error 'Primary script unknown\n', referer: http://www.saratogahistory.com/index.php
[Sat Oct 31 04:36:07.569349 2020] [core:crit] [pid 16376:tid 139803920152320] (13)Permission denied: [client 109.70.100.46:60812] AH00529: /var/www/vhosts/saratogahistory.com/httpdocs/phpBB/.htaccess pcfg_openfile: unable to check htaccess file, ensure it is readable and that '/var/www/vhosts/saratogahistory.com/httpdocs/phpBB/' is executable, referer: http://www.saratogahistory.com/phpBB/index.php
[Sat Oct 31 05:12:54.367423 2020] [core:crit] [pid 3951:tid 139803888682752] (13)Permission denied: [client 188.122.82.146:44314] AH00529: /var/www/vhosts/saratogahistory.com/httpdocs/phpBB/.htaccess pcfg_openfile: unable to check htaccess file, ensure it is readable and that '/var/www/vhosts/saratogahistory.com/httpdocs/phpBB/' is executable, referer: http://www.saratogahistory.com/phpBB/index.php
[Sat Oct 31 05:46:57.281359 2020] [core:crit] [pid 3951:tid 139803792238336] (13)Permission denied: [client 176.110.134.2:57710] AH00529: /var/www/vhosts/saratogahistory.com/httpdocs/phpBB/.htaccess pcfg_openfile: unable to check htaccess file, ensure it is readable and that '/var/www/vhosts/saratogahistory.com/httpdocs/phpBB/' is executable, referer: http://www.saratogahistory.com/phpBB/index.php
[Sat Oct 31 05:46:58.554214 2020] [proxy_fcgi:error] [pid 3951:tid 139803739789056] [client 176.110.134.2:57770] AH01071: Got error 'Primary script unknown\n', referer: http://www.saratogahistory.com/index.php
[Sat Oct 31 05:46:58.892163 2020] [proxy_fcgi:error] [pid 16376:tid 139803909662464] [client 176.110.134.2:57784] AH01071: Got error 'Primary script unknown\n', referer: http://www.saratogahistory.com/index.php
[Sat Oct 31 05:46:59.223620 2020] [proxy_fcgi:error] [pid 16376:tid 139803687339776] [client 176.110.134.2:57798] AH01071: Got error 'Primary script unknown\n', referer: http://www.saratogahistory.com/index.php
[Sat Oct 31 05:54:22.197481 2020] [core:crit] [pid 16376:tid 139803645380352] (13)Permission denied: [client 45.10.232.51:47220] AH00529: /var/www/vhosts/saratogahistory.com/httpdocs/phpBB/.htaccess pcfg_openfile: unable to check htaccess file, ensure it is readable and that '/var/www/vhosts/saratogahistory.com/httpdocs/phpBB/' is executable, referer: https://adrenalinebot.ru/settings
[Sat Oct 31 07:06:00.617337 2020] [core:crit] [pid 16376:tid 139803655870208] (13)Permission denied: [client 51.68.197.174:44192] AH00529: /var/www/vhosts/saratogahistory.com/httpdocs/phpBB/.htaccess pcfg_openfile: unable to check htaccess file, ensure it is readable and that '/var/www/vhosts/saratogahistory.com/httpdocs/phpBB/' is executable, referer: http://www.saratogahistory.com/phpBB/index.php
[Sat Oct 31 07:34:01.189437 2020] [core:crit] [pid 16376:tid 139803624400640] (13)Permission denied: [client 185.25.35.9:41592] AH00529: /var/www/vhosts/saratogahistory.com/httpdocs/phpBB/.htaccess pcfg_openfile: unable to check htaccess file, ensure it is readable and that '/var/www/vhosts/saratogahistory.com/httpdocs/phpBB/' is executable
[Sat Oct 31 08:32:16.139616 2020] [core:crit] [pid 16376:tid 139803603420928] (13)Permission denied: [client 95.181.86.74:46004] AH00529: /var/www/vhosts/saratogahistory.com/httpdocs/phpBB/.htaccess pcfg_openfile: unable to check htaccess file, ensure it is readable and that '/var/www/vhosts/saratogahistory.com/httpdocs/phpBB/' is executable, referer: http://www.saratogahistory.com/phpBB/index.php
[Sat Oct 31 08:32:17.544122 2020] [proxy_fcgi:error] [pid 3951:tid 139803729299200] [client 95.181.86.74:46072] AH01071: Got error 'Primary script unknown\n', referer: http://www.saratogahistory.com/index.php
[Sat Oct 31 08:32:17.932733 2020] [proxy_fcgi:error] [pid 16376:tid 139803687339776] [client 95.181.86.74:46086] AH01071: Got error 'Primary script unknown\n', referer: http://www.saratogahistory.com/index.php
[Sat Oct 31 08:32:18.314979 2020] [proxy_fcgi:error] [pid 3952:tid 139803802728192] [client 95.181.86.74:46094] AH01071: Got error 'Primary script unknown\n', referer: http://www.saratogahistory.com/index.php
[Sat Oct 31 08:44:43.036258 2020] [core:crit] [pid 16376:tid 139803708319488] (13)Permission denied: [client 185.25.35.10:52418] AH00529: /var/www/vhosts/saratogahistory.com/httpdocs/phpBB/.htaccess pcfg_openfile: unable to check htaccess file, ensure it is readable and that '/var/www/vhosts/saratogahistory.com/httpdocs/phpBB/' is executable
[Sat Oct 31 09:16:35.196550 2020] [core:crit] [pid 3951:tid 139803676849920] (13)Permission denied: [client 146.59.155.27:32778] AH00529: /var/www/vhosts/saratogahistory.com/httpdocs/phpBB/.htaccess pcfg_openfile: unable to check htaccess file, ensure it is readable and that '/var/www/vhosts/saratogahistory.com/httpdocs/phpBB/' is executable, referer: http://www.saratogahistory.com/phpBB/index.php
[Sat Oct 31 09:22:20.528814 2020] [core:crit] [pid 16376:tid 139803687339776] (13)Permission denied: [client 185.25.35.13:51296] AH00529: /var/www/vhosts/saratogahistory.com/httpdocs/phpBB/.htaccess pcfg_openfile: unable to check htaccess file, ensure it is readable and that '/var/www/vhosts/saratogahistory.com/httpdocs/phpBB/' is executable
[Sat Oct 31 09:36:35.170274 2020] [core:crit] [pid 16376:tid 139803899172608] (13)Permission denied: [client 5.183.130.143:37094] AH00529: /var/www/vhosts/saratogahistory.com/httpdocs/phpBB/.htaccess pcfg_openfile: unable to check htaccess file, ensure it is readable and that '/var/www/vhosts/saratogahistory.com/httpdocs/phpBB/' is executable, referer: http://www.saratogahistory.com/phpBB/index.php
[Sat Oct 31 09:45:03.134131 2020] [core:crit] [pid 16376:tid 139803771258624] (13)Permission denied: [client 185.25.35.12:56770] AH00529: /var/www/vhosts/saratogahistory.com/httpdocs/phpBB/.htaccess pcfg_openfile: unable to check htaccess file, ensure it is readable and that '/var/www/vhosts/saratogahistory.com/httpdocs/phpBB/' is executable
[Sat Oct 31 10:12:20.596257 2020] [core:crit] [pid 16376:tid 139803802728192] (13)Permission denied: [client 46.165.230.5:41210] AH00529: /var/www/vhosts/saratogahistory.com/httpdocs/phpBB/.htaccess pcfg_openfile: unable to check htaccess file, ensure it is readable and that '/var/www/vhosts/saratogahistory.com/httpdocs/phpBB/' is executable, referer: http://www.saratogahistory.com/phpBB/index.php
[Sat Oct 31 11:31:10.110465 2020] [core:crit] [pid 16376:tid 139803781748480] (13)Permission denied: [client 151.80.237.96:33534] AH00529: /var/www/vhosts/saratogahistory.com/httpdocs/phpBB/.htaccess pcfg_openfile: unable to check htaccess file, ensure it is readable and that '/var/www/vhosts/saratogahistory.com/httpdocs/phpBB/' is executable, referer: http://www.saratogahistory.com/phpBB/index.php
[Sat Oct 31 11:47:05.345009 2020] [core:crit] [pid 16376:tid 139803655870208] (13)Permission denied: [client 168.119.115.45:46398] AH00529: /var/www/vhosts/saratogahistory.com/httpdocs/phpBB/.htaccess pcfg_openfile: unable to check htaccess file, ensure it is readable and that '/var/www/vhosts/saratogahistory.com/httpdocs/phpBB/' is executable, referer: http://www.saratogahistory.com/phpBB/index.php
[Sat Oct 31 13:08:29.129358 2020] [core:crit] [pid 3952:tid 139803697829632] (13)Permission denied: [client 46.33.33.81:41494] AH00529: /var/www/vhosts/saratogahistory.com/httpdocs/phpBB/.htaccess pcfg_openfile: unable to check htaccess file, ensure it is readable and that '/var/www/vhosts/saratogahistory.com/httpdocs/phpBB/' is executable, referer: http://www.saratogahistory.com/phpBB/viewtopic.php?t=340
[Sat Oct 31 13:08:30.186926 2020] [proxy_fcgi:error] [pid 16376:tid 139803624400640] [client 46.33.33.81:41548] AH01071: Got error 'Primary script unknown\n', referer: http://www.saratogahistory.com/index.php
[Sat Oct 31 13:08:30.472324 2020] [proxy_fcgi:error] [pid 16376:tid 139803899172608] [client 46.33.33.81:41560] AH01071: Got error 'Primary script unknown\n', referer: http://www.saratogahistory.com/index.php
[Sat Oct 31 13:08:30.756501 2020] [proxy_fcgi:error] [pid 3951:tid 139803920152320] [client 46.33.33.81:41568] AH01071: Got error 'Primary script unknown\n', referer: http://www.saratogahistory.com/index.php
[Sat Oct 31 13:15:18.145085 2020] [core:crit] [pid 16376:tid 139803729299200] (13)Permission denied: [client 45.138.147.17:33252] AH00529: /var/www/vhosts/saratogahistory.com/httpdocs/phpBB/.htaccess pcfg_openfile: unable to check htaccess file, ensure it is readable and that '/var/www/vhosts/saratogahistory.com/httpdocs/phpBB/' is executable, referer: http://www.saratogahistory.com/phpBB/index.php
[Sat Oct 31 13:15:18.528995 2020] [core:crit] [pid 16376:tid 139803592931072] (13)Permission denied: [client 109.196.172.5:33276] AH00529: /var/www/vhosts/saratogahistory.com/httpdocs/phpBB/.htaccess pcfg_openfile: unable to check htaccess file, ensure it is readable and that '/var/www/vhosts/saratogahistory.com/httpdocs/phpBB/' is executable, referer: http://www.saratogahistory.com/phpBB/index.php
[Sat Oct 31 13:15:18.910801 2020] [core:crit] [pid 16376:tid 139803613910784] (13)Permission denied: [client 45.146.168.71:33284] AH00529: /var/www/vhosts/saratogahistory.com/httpdocs/phpBB/.htaccess pcfg_openfile: unable to check htaccess file, ensure it is readable and that '/var/www/vhosts/saratogahistory.com/httpdocs/phpBB/' is executable, referer: http://www.saratogahistory.com/phpBB/index.php
[Sat Oct 31 13:15:19.280292 2020] [core:crit] [pid 16376:tid 139803739789056] (13)Permission denied: [client 45.134.24.9:33292] AH00529: /var/www/vhosts/saratogahistory.com/httpdocs/phpBB/.htaccess pcfg_openfile: unable to check htaccess file, ensure it is readable and that '/var/www/vhosts/saratogahistory.com/httpdocs/phpBB/' is executable, referer: http://www.saratogahistory.com/phpBB/index.php
[Sat Oct 31 13:15:20.955247 2020] [proxy_fcgi:error] [pid 16376:tid 139803603420928] [client 45.134.24.9:33376] AH01071: Got error 'Primary script unknown\n', referer: http://www.saratogahistory.com/index.php
[Sat Oct 31 13:15:21.343071 2020] [proxy_fcgi:error] [pid 16376:tid 139803888682752] [client 45.134.24.9:33388] AH01071: Got error 'Primary script unknown\n', referer: http://www.saratogahistory.com/index.php
[Sat Oct 31 13:15:21.717981 2020] [proxy_fcgi:error] [pid 3951:tid 139803666360064] [client 45.134.24.9:33406] AH01071: Got error 'Primary script unknown\n', referer: http://www.saratogahistory.com/index.php
[Sat Oct 31 13:56:23.168365 2020] [core:crit] [pid 3951:tid 139803750278912] (13)Permission denied: [client 94.230.208.147:41166] AH00529: /var/www/vhosts/saratogahistory.com/httpdocs/phpBB/.htaccess pcfg_openfile: unable to check htaccess file, ensure it is readable and that '/var/www/vhosts/saratogahistory.com/httpdocs/phpBB/' is executable, referer: http://www.saratogahistory.com/phpBB/index.php
[Sat Oct 31 14:26:05.185193 2020] [core:crit] [pid 3952:tid 139803592931072] (13)Permission denied: [client 104.207.130.24:49966] AH00529: /var/www/vhosts/saratogahistory.com/httpdocs/phpBB/.htaccess pcfg_openfile: unable to check htaccess file, ensure it is readable and that '/var/www/vhosts/saratogahistory.com/httpdocs/phpBB/' is executable, referer: http://www.saratogahistory.com/
[Sat Oct 31 14:29:58.007567 2020] [core:crit] [pid 3950:tid 139803729299200] (13)Permission denied: [client 185.25.35.14:35984] AH00529: /var/www/vhosts/saratogahistory.com/httpdocs/phpBB/.htaccess pcfg_openfile: unable to check htaccess file, ensure it is readable and that '/var/www/vhosts/saratogahistory.com/httpdocs/phpBB/' is executable
[Sat Oct 31 14:32:52.644534 2020] [core:crit] [pid 16376:tid 139803708319488] (13)Permission denied: [client 51.68.143.212:47066] AH00529: /var/www/vhosts/saratogahistory.com/httpdocs/phpBB/.htaccess pcfg_openfile: unable to check htaccess file, ensure it is readable and that '/var/www/vhosts/saratogahistory.com/httpdocs/phpBB/' is executable, referer: http://www.saratogahistory.com/phpBB/index.php
[Sat Oct 31 14:57:02.829275 2020] [core:crit] [pid 16376:tid 139803655870208] (13)Permission denied: [client 217.170.206.138:45876] AH00529: /var/www/vhosts/saratogahistory.com/httpdocs/phpBB/.htaccess pcfg_openfile: unable to check htaccess file, ensure it is readable and that '/var/www/vhosts/saratogahistory.com/httpdocs/phpBB/' is executable, referer: http://www.saratogahistory.com/phpBB/index.php
[Sat Oct 31 15:36:32.184011 2020] [core:crit] [pid 16376:tid 139803697829632] (13)Permission denied: [client 66.249.72.55:60746] AH00529: /var/www/vhosts/saratogahistory.com/httpdocs/phpBB/.htaccess pcfg_openfile: unable to check htaccess file, ensure it is readable and that '/var/www/vhosts/saratogahistory.com/httpdocs/phpBB/' is executable
[Sat Oct 31 15:41:32.282219 2020] [core:crit] [pid 16376:tid 139803592931072] (13)Permission denied: [client 66.249.72.53:48602] AH00529: /var/www/vhosts/saratogahistory.com/httpdocs/phpBB/.htaccess pcfg_openfile: unable to check htaccess file, ensure it is readable and that '/var/www/vhosts/saratogahistory.com/httpdocs/phpBB/' is executable
[Sat Oct 31 15:42:54.325173 2020] [core:crit] [pid 16376:tid 139803634890496] (13)Permission denied: [client 185.25.35.14:52986] AH00529: /var/www/vhosts/saratogahistory.com/httpdocs/phpBB/.htaccess pcfg_openfile: unable to check htaccess file, ensure it is readable and that '/var/www/vhosts/saratogahistory.com/httpdocs/phpBB/' is executable
[Sat Oct 31 16:19:12.962663 2020] [core:crit] [pid 16376:tid 139803781748480] (13)Permission denied: [client 185.25.35.14:43034] AH00529: /var/www/vhosts/saratogahistory.com/httpdocs/phpBB/.htaccess pcfg_openfile: unable to check htaccess file, ensure it is readable and that '/var/www/vhosts/saratogahistory.com/httpdocs/phpBB/' is executable
[Sat Oct 31 16:33:13.037805 2020] [proxy_fcgi:error] [pid 3951:tid 139803708319488] [client 73.93.49.159:55512] AH01071: Got error 'PHP message: PHP Fatal error:  Uncaught Error: Call to undefined function alert() in /var/www/vhosts/saratogahistory.com/httpdocs/membershipconfirmation.php:53\nStack trace:\n#0 {main}\n  thrown in /var/www/vhosts/saratogahistory.com/httpdocs/membershipconfirmation.php on line 53\n', referer: http://www.saratogahistory.com/membership_confirm.php
[Sat Oct 31 16:33:41.825927 2020] [proxy_fcgi:error] [pid 16376:tid 139803655870208] [client 73.93.49.159:56946] AH01071: Got error 'PHP message: PHP Fatal error:  Uncaught Error: Call to undefined function alert() in /var/www/vhosts/saratogahistory.com/httpdocs/membershipconfirmation.php:53\nStack trace:\n#0 {main}\n  thrown in /var/www/vhosts/saratogahistory.com/httpdocs/membershipconfirmation.php on line 53\n', referer: http://www.saratogahistory.com/membership_confirm.php
[Sat Oct 31 16:39:40.122117 2020] [core:crit] [pid 16376:tid 139803802728192] (13)Permission denied: [client 185.25.35.13:43878] AH00529: /var/www/vhosts/saratogahistory.com/httpdocs/phpBB/.htaccess pcfg_openfile: unable to check htaccess file, ensure it is readable and that '/var/www/vhosts/saratogahistory.com/httpdocs/phpBB/' is executable
[Sat Oct 31 17:33:19.174531 2020] [core:crit] [pid 16376:tid 139803592931072] (13)Permission denied: [client 178.165.72.177:57802] AH00529: /var/www/vhosts/saratogahistory.com/httpdocs/phpBB/.htaccess pcfg_openfile: unable to check htaccess file, ensure it is readable and that '/var/www/vhosts/saratogahistory.com/httpdocs/phpBB/' is executable, referer: http://www.saratogahistory.com/phpBB/index.php
[Sat Oct 31 17:49:20.636338 2020] [core:crit] [pid 3951:tid 139803888682752] (13)Permission denied: [client 89.236.112.100:44052] AH00529: /var/www/vhosts/saratogahistory.com/httpdocs/phpBB/.htaccess pcfg_openfile: unable to check htaccess file, ensure it is readable and that '/var/www/vhosts/saratogahistory.com/httpdocs/phpBB/' is executable, referer: http://www.saratogahistory.com/phpBB/index.php
[Sat Oct 31 18:00:46.163707 2020] [core:crit] [pid 3951:tid 139803909662464] (13)Permission denied: [client 45.15.237.137:49916] AH00529: /var/www/vhosts/saratogahistory.com/httpdocs/phpBB/.htaccess pcfg_openfile: unable to check htaccess file, ensure it is readable and that '/var/www/vhosts/saratogahistory.com/httpdocs/phpBB/' is executable, referer: http://www.saratogahistory.com/phpBB/index.php
[Sat Oct 31 18:00:47.468183 2020] [core:crit] [pid 3951:tid 139803729299200] (13)Permission denied: [client 194.156.123.245:49978] AH00529: /var/www/vhosts/saratogahistory.com/httpdocs/phpBB/.htaccess pcfg_openfile: unable to check htaccess file, ensure it is readable and that '/var/www/vhosts/saratogahistory.com/httpdocs/phpBB/' is executable, referer: http://www.saratogahistory.com/phpBB/index.php
[Sat Oct 31 18:19:16.701736 2020] [core:crit] [pid 16376:tid 139803739789056] (13)Permission denied: [client 104.254.93.80:47370] AH00529: /var/www/vhosts/saratogahistory.com/httpdocs/phpBB/.htaccess pcfg_openfile: unable to check htaccess file, ensure it is readable and that '/var/www/vhosts/saratogahistory.com/httpdocs/phpBB/' is executable, referer: http://www.saratogahistory.com/phpBB/
[Sat Oct 31 18:37:12.168868 2020] [core:crit] [pid 3951:tid 139803760768768] (13)Permission denied: [client 212.3.130.235:43656] AH00529: /var/www/vhosts/saratogahistory.com/httpdocs/phpBB/.htaccess pcfg_openfile: unable to check htaccess file, ensure it is readable and that '/var/www/vhosts/saratogahistory.com/httpdocs/phpBB/' is executable
[Sat Oct 31 18:56:43.799839 2020] [core:crit] [pid 16376:tid 139803687339776] (13)Permission denied: [client 207.46.13.132:42714] AH00529: /var/www/vhosts/saratogahistory.com/httpdocs/phpBB/.htaccess pcfg_openfile: unable to check htaccess file, ensure it is readable and that '/var/www/vhosts/saratogahistory.com/httpdocs/phpBB/' is executable
[Sat Oct 31 18:57:27.972830 2020] [proxy_fcgi:error] [pid 3951:tid 139803750278912] [client 13.82.169.153:44310] AH01071: Got error 'Primary script unknown\n', referer: http://saratogahistory.com/wp-login.php
[Sat Oct 31 20:04:08.979527 2020] [core:crit] [pid 16376:tid 139803802728192] (13)Permission denied: [client 207.46.13.158:37052] AH00529: /var/www/vhosts/saratogahistory.com/httpdocs/phpBB/.htaccess pcfg_openfile: unable to check htaccess file, ensure it is readable and that '/var/www/vhosts/saratogahistory.com/httpdocs/phpBB/' is executable
[Sat Oct 31 21:14:02.599041 2020] [core:crit] [pid 3952:tid 139803666360064] (13)Permission denied: [client 185.25.35.11:45896] AH00529: /var/www/vhosts/saratogahistory.com/httpdocs/phpBB/.htaccess pcfg_openfile: unable to check htaccess file, ensure it is readable and that '/var/www/vhosts/saratogahistory.com/httpdocs/phpBB/' is executable
[Sat Oct 31 21:16:23.913105 2020] [core:crit] [pid 3951:tid 139803792238336] (13)Permission denied: [client 89.144.12.17:51546] AH00529: /var/www/vhosts/saratogahistory.com/httpdocs/phpBB/.htaccess pcfg_openfile: unable to check htaccess file, ensure it is readable and that '/var/www/vhosts/saratogahistory.com/httpdocs/phpBB/' is executable, referer: http://www.saratogahistory.com/phpBB/index.php
[Sat Oct 31 21:39:43.540923 2020] [core:crit] [pid 16376:tid 139803592931072] (13)Permission denied: [client 89.144.12.17:56272] AH00529: /var/www/vhosts/saratogahistory.com/httpdocs/phpBB/.htaccess pcfg_openfile: unable to check htaccess file, ensure it is readable and that '/var/www/vhosts/saratogahistory.com/httpdocs/phpBB/' is executable, referer: http://www.saratogahistory.com/phpBB/index.php
[Sat Oct 31 21:52:40.945705 2020] [core:crit] [pid 16376:tid 139803771258624] (13)Permission denied: [client 108.62.49.207:57746] AH00529: /var/www/vhosts/saratogahistory.com/httpdocs/phpBB/.htaccess pcfg_openfile: unable to check htaccess file, ensure it is readable and that '/var/www/vhosts/saratogahistory.com/httpdocs/phpBB/' is executable, referer: http://www.saratogahistory.com/phpBB/index.php
[Sat Oct 31 21:52:41.567279 2020] [proxy_fcgi:error] [pid 3951:tid 139803603420928] [client 108.62.49.207:57764] AH01071: Got error 'Primary script unknown\n', referer: http://www.saratogahistory.com/index.php
[Sat Oct 31 21:52:41.667849 2020] [proxy_fcgi:error] [pid 16376:tid 139803603420928] [client 108.62.49.207:57766] AH01071: Got error 'Primary script unknown\n', referer: http://www.saratogahistory.com/index.php
[Sat Oct 31 21:52:41.752353 2020] [proxy_fcgi:error] [pid 3951:tid 139803634890496] [client 108.62.49.207:57772] AH01071: Got error 'Primary script unknown\n', referer: http://www.saratogahistory.com/index.php
[Sat Oct 31 22:23:38.668975 2020] [core:crit] [pid 16376:tid 139803760768768] (13)Permission denied: [client 185.25.35.9:34208] AH00529: /var/www/vhosts/saratogahistory.com/httpdocs/phpBB/.htaccess pcfg_openfile: unable to check htaccess file, ensure it is readable and that '/var/www/vhosts/saratogahistory.com/httpdocs/phpBB/' is executable
[Sat Oct 31 22:57:34.334248 2020] [core:crit] [pid 16376:tid 139803687339776] (13)Permission denied: [client 185.25.35.13:37098] AH00529: /var/www/vhosts/saratogahistory.com/httpdocs/phpBB/.htaccess pcfg_openfile: unable to check htaccess file, ensure it is readable and that '/var/www/vhosts/saratogahistory.com/httpdocs/phpBB/' is executable
[Sat Oct 31 23:19:52.996882 2020] [core:crit] [pid 3951:tid 139803739789056] (13)Permission denied: [client 185.25.35.15:44976] AH00529: /var/www/vhosts/saratogahistory.com/httpdocs/phpBB/.htaccess pcfg_openfile: unable to check htaccess file, ensure it is readable and that '/var/www/vhosts/saratogahistory.com/httpdocs/phpBB/' is executable
[Sun Nov 01 00:11:18.537618 2020] [core:crit] [pid 3951:tid 139803739789056] (13)Permission denied: [client 95.73.40.214:54690] AH00529: /var/www/vhosts/saratogahistory.com/httpdocs/phpBB/.htaccess pcfg_openfile: unable to check htaccess file, ensure it is readable and that '/var/www/vhosts/saratogahistory.com/httpdocs/phpBB/' is executable, referer: http://www.saratogahistory.com/phpBB/index.php
[Sun Nov 01 00:33:37.752950 2020] [core:crit] [pid 3951:tid 139803760768768] (13)Permission denied: [client 145.255.3.134:40138] AH00529: /var/www/vhosts/saratogahistory.com/httpdocs/phpBB/.htaccess pcfg_openfile: unable to check htaccess file, ensure it is readable and that '/var/www/vhosts/saratogahistory.com/httpdocs/phpBB/' is executable, referer: http://www.saratogahistory.com/phpBB/index.php
[Sun Nov 01 01:03:55.857354 2020] [core:crit] [pid 3951:tid 139803888682752] (13)Permission denied: [client 23.129.64.189:43496] AH00529: /var/www/vhosts/saratogahistory.com/httpdocs/phpBB/.htaccess pcfg_openfile: unable to check htaccess file, ensure it is readable and that '/var/www/vhosts/saratogahistory.com/httpdocs/phpBB/' is executable, referer: http://www.saratogahistory.com/phpBB/index.php
[Sun Nov 01 01:30:43.289989 2020] [core:crit] [pid 16376:tid 139803739789056] (13)Permission denied: [client 77.83.175.161:40620] AH00529: /var/www/vhosts/saratogahistory.com/httpdocs/phpBB/.htaccess pcfg_openfile: unable to check htaccess file, ensure it is readable and that '/var/www/vhosts/saratogahistory.com/httpdocs/phpBB/' is executable, referer: http://www.saratogahistory.com/phpBB/index.php
[Sun Nov 01 03:00:56.909402 2020] [core:crit] [pid 16376:tid 139803613910784] (13)Permission denied: [client 95.65.81.152:50536] AH00529: /var/www/vhosts/saratogahistory.com/httpdocs/phpBB/.htaccess pcfg_openfile: unable to check htaccess file, ensure it is readable and that '/var/www/vhosts/saratogahistory.com/httpdocs/phpBB/' is executable, referer: http://www.saratogahistory.com/phpBB/index.php
[Sun Nov 01 03:00:58.078211 2020] [proxy_fcgi:error] [pid 16376:tid 139803771258624] [client 95.65.81.152:50604] AH01071: Got error 'Primary script unknown\n', referer: http://www.saratogahistory.com/index.php
[Sun Nov 01 03:00:58.395971 2020] [proxy_fcgi:error] [pid 16376:tid 139803687339776] [client 95.65.81.152:50622] AH01071: Got error 'Primary script unknown\n', referer: http://www.saratogahistory.com/index.php
[Sun Nov 01 03:00:58.734996 2020] [proxy_fcgi:error] [pid 3952:tid 139803613910784] [client 95.65.81.152:50638] AH01071: Got error 'Primary script unknown\n', referer: http://www.saratogahistory.com/index.php
[Sun Nov 01 03:03:10.452958 2020] [core:crit] [pid 16376:tid 139803613910784] (13)Permission denied: [client 5.188.84.251:58004] AH00529: /var/www/vhosts/saratogahistory.com/httpdocs/phpBB/.htaccess pcfg_openfile: unable to check htaccess file, ensure it is readable and that '/var/www/vhosts/saratogahistory.com/httpdocs/phpBB/' is executable, referer: http://www.saratogahistory.com/phpBB/index.php
[Sun Nov 01 03:17:18.953722 2020] [core:crit] [pid 3951:tid 139803920152320] (13)Permission denied: [client 5.188.84.92:46098] AH00529: /var/www/vhosts/saratogahistory.com/httpdocs/phpBB/.htaccess pcfg_openfile: unable to check htaccess file, ensure it is readable and that '/var/www/vhosts/saratogahistory.com/httpdocs/phpBB/' is executable, referer: http://www.saratogahistory.com/phpBB/index.php
[Sun Nov 01 04:04:35.318332 2020] [core:crit] [pid 16376:tid 139803676849920] (13)Permission denied: [client 185.25.35.8:37732] AH00529: /var/www/vhosts/saratogahistory.com/httpdocs/phpBB/.htaccess pcfg_openfile: unable to check htaccess file, ensure it is readable and that '/var/www/vhosts/saratogahistory.com/httpdocs/phpBB/' is executable
[Sun Nov 01 04:20:07.391200 2020] [core:crit] [pid 3952:tid 139803708319488] (13)Permission denied: [client 185.220.102.244:60000] AH00529: /var/www/vhosts/saratogahistory.com/httpdocs/phpBB/.htaccess pcfg_openfile: unable to check htaccess file, ensure it is readable and that '/var/www/vhosts/saratogahistory.com/httpdocs/phpBB/' is executable, referer: http://www.saratogahistory.com/phpBB/index.php
[Sun Nov 01 04:36:27.620254 2020] [core:crit] [pid 16376:tid 139803718809344] (13)Permission denied: [client 51.91.8.125:47796] AH00529: /var/www/vhosts/saratogahistory.com/httpdocs/phpBB/.htaccess pcfg_openfile: unable to check htaccess file, ensure it is readable and that '/var/www/vhosts/saratogahistory.com/httpdocs/phpBB/' is executable, referer: http://www.saratogahistory.com/phpBB/index.php
[Sun Nov 01 05:14:27.761523 2020] [core:crit] [pid 16376:tid 139803687339776] (13)Permission denied: [client 185.25.35.13:43524] AH00529: /var/www/vhosts/saratogahistory.com/httpdocs/phpBB/.htaccess pcfg_openfile: unable to check htaccess file, ensure it is readable and that '/var/www/vhosts/saratogahistory.com/httpdocs/phpBB/' is executable
[Sun Nov 01 05:17:15.833804 2020] [core:crit] [pid 16376:tid 139803909662464] (13)Permission denied: [client 115.223.7.110:53000] AH00529: /var/www/vhosts/saratogahistory.com/httpdocs/phpBB/.htaccess pcfg_openfile: unable to check htaccess file, ensure it is readable and that '/var/www/vhosts/saratogahistory.com/httpdocs/phpBB/' is executable, referer: http://www.saratogahistory.com/phpBB/index.php
[Sun Nov 01 05:17:23.534820 2020] [proxy_fcgi:error] [pid 3952:tid 139803729299200] [client 178.158.251.152:53452] AH01071: Got error 'Primary script unknown\n', referer: http://www.saratogahistory.com/index.php
[Sun Nov 01 05:17:23.807279 2020] [proxy_fcgi:error] [pid 3952:tid 139803771258624] [client 178.158.251.152:53470] AH01071: Got error 'Primary script unknown\n', referer: http://www.saratogahistory.com/index.php
[Sun Nov 01 05:17:24.088073 2020] [proxy_fcgi:error] [pid 16376:tid 139803920152320] [client 178.158.251.152:53504] AH01071: Got error 'Primary script unknown\n', referer: http://www.saratogahistory.com/index.php
[Sun Nov 01 05:49:25.815913 2020] [core:crit] [pid 16376:tid 139803771258624] (13)Permission denied: [client 185.25.35.8:37042] AH00529: /var/www/vhosts/saratogahistory.com/httpdocs/phpBB/.htaccess pcfg_openfile: unable to check htaccess file, ensure it is readable and that '/var/www/vhosts/saratogahistory.com/httpdocs/phpBB/' is executable
[Sun Nov 01 06:08:47.658300 2020] [core:crit] [pid 3950:tid 139803781748480] (13)Permission denied: [client 95.61.52.47:35162] AH00529: /var/www/vhosts/saratogahistory.com/httpdocs/phpBB/.htaccess pcfg_openfile: unable to check htaccess file, ensure it is readable and that '/var/www/vhosts/saratogahistory.com/httpdocs/phpBB/' is executable, referer: http://www.saratogahistory.com/phpBB/profile.php?mode=register&agreed=true
[Sun Nov 01 06:08:49.286360 2020] [proxy_fcgi:error] [pid 16376:tid 139803760768768] [client 95.61.52.47:35226] AH01071: Got error 'Primary script unknown\n', referer: http://www.saratogahistory.com/index.php
[Sun Nov 01 06:08:49.760713 2020] [proxy_fcgi:error] [pid 3950:tid 139803802728192] [client 95.61.52.47:35254] AH01071: Got error 'Primary script unknown\n', referer: http://www.saratogahistory.com/index.php
[Sun Nov 01 06:11:41.291256 2020] [core:crit] [pid 16376:tid 139803708319488] (13)Permission denied: [client 185.25.35.10:41302] AH00529: /var/www/vhosts/saratogahistory.com/httpdocs/phpBB/.htaccess pcfg_openfile: unable to check htaccess file, ensure it is readable and that '/var/www/vhosts/saratogahistory.com/httpdocs/phpBB/' is executable
[Sun Nov 01 06:45:19.982491 2020] [proxy_fcgi:error] [pid 16376:tid 139803666360064] [client 129.28.39.234:46136] AH01071: Got error 'Primary script unknown\n'
[Sun Nov 01 08:07:19.172757 2020] [core:crit] [pid 16376:tid 139803888682752] (13)Permission denied: [client 185.220.100.244:46354] AH00529: /var/www/vhosts/saratogahistory.com/httpdocs/phpBB/.htaccess pcfg_openfile: unable to check htaccess file, ensure it is readable and that '/var/www/vhosts/saratogahistory.com/httpdocs/phpBB/' is executable, referer: http://www.saratogahistory.com/phpBB/index.php
[Sun Nov 01 08:18:50.452050 2020] [proxy_fcgi:error] [pid 16376:tid 139803771258624] [client 188.172.108.103:52488] AH01071: Got error 'Primary script unknown\n'
[Sun Nov 01 09:17:44.202524 2020] [core:crit] [pid 16376:tid 139803909662464] (13)Permission denied: [client 104.244.72.115:39824] AH00529: /var/www/vhosts/saratogahistory.com/httpdocs/phpBB/.htaccess pcfg_openfile: unable to check htaccess file, ensure it is readable and that '/var/www/vhosts/saratogahistory.com/httpdocs/phpBB/' is executable, referer: http://www.saratogahistory.com/phpBB/index.php
[Sun Nov 01 09:49:06.094893 2020] [core:crit] [pid 16376:tid 139803718809344] (13)Permission denied: [client 87.228.38.147:57450] AH00529: /var/www/vhosts/saratogahistory.com/httpdocs/phpBB/.htaccess pcfg_openfile: unable to check htaccess file, ensure it is readable and that '/var/www/vhosts/saratogahistory.com/httpdocs/phpBB/' is executable, referer: http://www.saratogahistory.com/phpBB/index.php
[Sun Nov 01 09:49:07.099971 2020] [proxy_fcgi:error] [pid 3951:tid 139803739789056] [client 87.228.38.147:57524] AH01071: Got error 'Primary script unknown\n', referer: http://www.saratogahistory.com/index.php
[Sun Nov 01 09:49:07.372345 2020] [proxy_fcgi:error] [pid 16376:tid 139803781748480] [client 87.228.38.147:57552] AH01071: Got error 'Primary script unknown\n', referer: http://www.saratogahistory.com/index.php
[Sun Nov 01 09:49:07.654151 2020] [proxy_fcgi:error] [pid 16376:tid 139803708319488] [client 87.228.38.147:57576] AH01071: Got error 'Primary script unknown\n', referer: http://www.saratogahistory.com/index.php
[Sun Nov 01 09:54:43.641729 2020] [core:crit] [pid 3951:tid 139803613910784] (13)Permission denied: [client 78.29.72.195:49164] AH00529: /var/www/vhosts/saratogahistory.com/httpdocs/phpBB/.htaccess pcfg_openfile: unable to check htaccess file, ensure it is readable and that '/var/www/vhosts/saratogahistory.com/httpdocs/phpBB/' is executable, referer: http://www.saratogahistory.com/phpBB/index.php
[Sun Nov 01 10:44:23.333675 2020] [core:crit] [pid 16376:tid 139803792238336] (13)Permission denied: [client 185.25.35.8:48060] AH00529: /var/www/vhosts/saratogahistory.com/httpdocs/phpBB/.htaccess pcfg_openfile: unable to check htaccess file, ensure it is readable and that '/var/www/vhosts/saratogahistory.com/httpdocs/phpBB/' is executable
[Sun Nov 01 11:14:39.006285 2020] [core:crit] [pid 3951:tid 139803687339776] (13)Permission denied: [client 94.230.208.148:35306] AH00529: /var/www/vhosts/saratogahistory.com/httpdocs/phpBB/.htaccess pcfg_openfile: unable to check htaccess file, ensure it is readable and that '/var/www/vhosts/saratogahistory.com/httpdocs/phpBB/' is executable, referer: http://www.saratogahistory.com/phpBB/index.php
[Sun Nov 01 11:37:02.044796 2020] [core:crit] [pid 16376:tid 139803792238336] (13)Permission denied: [client 185.220.100.247:42012] AH00529: /var/www/vhosts/saratogahistory.com/httpdocs/phpBB/.htaccess pcfg_openfile: unable to check htaccess file, ensure it is readable and that '/var/www/vhosts/saratogahistory.com/httpdocs/phpBB/' is executable, referer: http://www.saratogahistory.com/phpBB/index.php
[Sun Nov 01 11:58:02.159231 2020] [core:crit] [pid 3951:tid 139803792238336] (13)Permission denied: [client 185.25.35.13:41706] AH00529: /var/www/vhosts/saratogahistory.com/httpdocs/phpBB/.htaccess pcfg_openfile: unable to check htaccess file, ensure it is readable and that '/var/www/vhosts/saratogahistory.com/httpdocs/phpBB/' is executable
[Sun Nov 01 12:33:57.333157 2020] [core:crit] [pid 3952:tid 139803676849920] (13)Permission denied: [client 185.25.35.9:52698] AH00529: /var/www/vhosts/saratogahistory.com/httpdocs/phpBB/.htaccess pcfg_openfile: unable to check htaccess file, ensure it is readable and that '/var/www/vhosts/saratogahistory.com/httpdocs/phpBB/' is executable
[Sun Nov 01 12:55:57.884697 2020] [core:crit] [pid 3951:tid 139803781748480] (13)Permission denied: [client 185.25.35.10:41232] AH00529: /var/www/vhosts/saratogahistory.com/httpdocs/phpBB/.htaccess pcfg_openfile: unable to check htaccess file, ensure it is readable and that '/var/www/vhosts/saratogahistory.com/httpdocs/phpBB/' is executable
[Sun Nov 01 14:02:44.402461 2020] [core:crit] [pid 3951:tid 139803603420928] (13)Permission denied: [client 118.99.114.225:53416] AH00529: /var/www/vhosts/saratogahistory.com/httpdocs/phpBB/.htaccess pcfg_openfile: unable to check htaccess file, ensure it is readable and that '/var/www/vhosts/saratogahistory.com/httpdocs/phpBB/' is executable, referer: http://www.saratogahistory.com/phpBB/profile.php?mode=register&agreed=true
[Sun Nov 01 14:02:47.667352 2020] [proxy_fcgi:error] [pid 3952:tid 139803729299200] [client 118.99.114.225:53642] AH01071: Got error 'Primary script unknown\n', referer: http://www.saratogahistory.com/index.php
[Sun Nov 01 14:02:48.655776 2020] [proxy_fcgi:error] [pid 3951:tid 139803687339776] [client 118.99.114.225:53728] AH01071: Got error 'Primary script unknown\n', referer: http://www.saratogahistory.com/index.php
[Sun Nov 01 14:17:09.322495 2020] [core:crit] [pid 16376:tid 139803613910784] (13)Permission denied: [client 185.220.101.138:59678] AH00529: /var/www/vhosts/saratogahistory.com/httpdocs/phpBB/.htaccess pcfg_openfile: unable to check htaccess file, ensure it is readable and that '/var/www/vhosts/saratogahistory.com/httpdocs/phpBB/' is executable, referer: http://www.saratogahistory.com/phpBB/index.php
[Sun Nov 01 14:58:35.428604 2020] [proxy_fcgi:error] [pid 3952:tid 139803697829632] [client 73.93.49.159:39600] AH01071: Got error 'PHP message: PHP Fatal error:  Uncaught Error: Call to undefined function alert() in /var/www/vhosts/saratogahistory.com/httpdocs/membershipconfirmation.php:184\nStack trace:\n#0 {main}\n  thrown in /var/www/vhosts/saratogahistory.com/httpdocs/membershipconfirmation.php on line 184\n', referer: http://www.saratogahistory.com/membership_confirm.php
